.cairn/backlog/audit-remaining-typescript-and-modern-c-header-abi-drift.md
.cairn/backlog/bound-live-clipboard-subprocess-operations.md
.cairn/backlog/investigate-concurrent-component-performance-test-stall.md
.cairn/backlog/repair-legacy-signal-handle-ownership-and-keep-signal-families-distinct.md
.cairn/backlog/repair-remaining-baseline-and-deferred-capabilities.md
.cairn/backlog/reproduce-counter-input-remaining-at-zero-in-the-developer-host.md
.cairn/backlog/reuse-wezterm-components-during-framework-cleanup.md
.cairn/backlog/separate-component-name-caches-by-registry-identity.md
.cairn/escalations/emb-002.md
.cairn/evidence/ABI-001/20260908T201841418Z-140874.err
.cairn/evidence/ABI-001/20260908T201841418Z-140874.inputs.json
.cairn/evidence/ABI-001/20260908T201841418Z-140874.out
.cairn/evidence/ABI-001/20260908T201846770Z
.cairn/evidence/ABI-001/20260908T202652607Z-274484.err
.cairn/evidence/ABI-001/20260908T202652607Z-274484.inputs.json
.cairn/evidence/ABI-001/20260908T202652607Z-274484.out
.cairn/evidence/ABI-001/20260908T202653064Z
.cairn/evidence/ABI-001/20260908T221341558Z-2081778.err
.cairn/evidence/ABI-001/20260908T221341558Z-2081778.inputs.json
.cairn/evidence/ABI-001/20260908T221341558Z-2081778.out
.cairn/evidence/ABI-001/20260908T221344392Z
.cairn/evidence/ABI-001/20260908T221812168Z-2179205.err
.cairn/evidence/ABI-001/20260908T221812168Z-2179205.inputs.json
.cairn/evidence/ABI-001/20260908T221812168Z-2179205.out
.cairn/evidence/ABI-001/20260908T221816507Z
.cairn/evidence/ABI-001/20260908T222133639Z-2248064.err
.cairn/evidence/ABI-001/20260908T222133639Z-2248064.inputs.json
.cairn/evidence/ABI-001/20260908T222133639Z-2248064.out
.cairn/evidence/ABI-001/20260908T222139088Z
.cairn/evidence/ABI-001/20260908T222611469Z-2351269.err
.cairn/evidence/ABI-001/20260908T222611469Z-2351269.inputs.json
.cairn/evidence/ABI-001/20260908T222611469Z-2351269.out
.cairn/evidence/ABI-001/20260908T222617026Z
.cairn/evidence/ABI-002/20260908T221406068Z-2091160.err
.cairn/evidence/ABI-002/20260908T221406068Z-2091160.inputs.json
.cairn/evidence/ABI-002/20260908T221406068Z-2091160.out
.cairn/evidence/ABI-002/20260908T221408149Z
.cairn/evidence/ABI-002/20260908T221817034Z-2180907.err
.cairn/evidence/ABI-002/20260908T221817034Z-2180907.inputs.json
.cairn/evidence/ABI-002/20260908T221817034Z-2180907.out
.cairn/evidence/ABI-002/20260908T221818944Z
.cairn/evidence/ABI-002/20260908T222139696Z-2250066.err
.cairn/evidence/ABI-002/20260908T222139696Z-2250066.inputs.json
.cairn/evidence/ABI-002/20260908T222139696Z-2250066.out
.cairn/evidence/ABI-002/20260908T222141837Z
.cairn/evidence/ABI-002/20260908T222617645Z-2353093.err
.cairn/evidence/ABI-002/20260908T222617645Z-2353093.inputs.json
.cairn/evidence/ABI-002/20260908T222617645Z-2353093.out
.cairn/evidence/ABI-002/20260908T222619664Z
.cairn/evidence/ABI-003/20260908T221438420Z-2098536.err
.cairn/evidence/ABI-003/20260908T221438420Z-2098536.inputs.json
.cairn/evidence/ABI-003/20260908T221438420Z-2098536.out
.cairn/evidence/ABI-003/20260908T221443645Z
.cairn/evidence/ABI-003/20260908T222142480Z-2250968.err
.cairn/evidence/ABI-003/20260908T222142480Z-2250968.inputs.json
.cairn/evidence/ABI-003/20260908T222142480Z-2250968.out
.cairn/evidence/ABI-003/20260908T222147731Z
.cairn/evidence/ABI-003/20260908T222620287Z-2353868.err
.cairn/evidence/ABI-003/20260908T222620287Z-2353868.inputs.json
.cairn/evidence/ABI-003/20260908T222620287Z-2353868.out
.cairn/evidence/ABI-003/20260908T222624724Z
.cairn/evidence/ABI-004/20260908T222148320Z-2252332.err
.cairn/evidence/ABI-004/20260908T222148320Z-2252332.inputs.json
.cairn/evidence/ABI-004/20260908T222148320Z-2252332.out
.cairn/evidence/ABI-004/20260908T222242108Z
.cairn/evidence/CCH-001/20260908T123404783Z-2460900.err
.cairn/evidence/CCH-001/20260908T123404783Z-2460900.inputs.json
.cairn/evidence/CCH-001/20260908T123404783Z-2460900.out
.cairn/evidence/CCH-001/20260908T123407654Z
.cairn/evidence/CCH-001/20260908T124251079Z-2614495.err
.cairn/evidence/CCH-001/20260908T124251079Z-2614495.inputs.json
.cairn/evidence/CCH-001/20260908T124251079Z-2614495.out
.cairn/evidence/CCH-001/20260908T124254585Z
.cairn/evidence/CCH-001/20260908T141841467Z-3858569.err
.cairn/evidence/CCH-001/20260908T141841467Z-3858569.inputs.json
.cairn/evidence/CCH-001/20260908T141841467Z-3858569.out
.cairn/evidence/CCH-001/20260908T141842279Z
.cairn/evidence/CCH-001/20260908T155242056Z-992255.err
.cairn/evidence/CCH-001/20260908T155242056Z-992255.inputs.json
.cairn/evidence/CCH-001/20260908T155242056Z-992255.out
.cairn/evidence/CCH-001/20260908T155243004Z
.cairn/evidence/CCH-001/20260908T221613861Z-2134779.err
.cairn/evidence/CCH-001/20260908T221613861Z-2134779.inputs.json
.cairn/evidence/CCH-001/20260908T221613861Z-2134779.out
.cairn/evidence/CCH-001/20260908T221614943Z
.cairn/evidence/CCH-001/20260908T222315675Z-2297750.err
.cairn/evidence/CCH-001/20260908T222315675Z-2297750.inputs.json
.cairn/evidence/CCH-001/20260908T222315675Z-2297750.out
.cairn/evidence/CCH-001/20260908T222316680Z
.cairn/evidence/CCH-002/20260908T123407654Z
.cairn/evidence/CCH-002/20260908T124254586Z
.cairn/evidence/CCH-002/20260908T141842280Z
.cairn/evidence/CCH-002/20260908T155243004Z
.cairn/evidence/CCH-002/20260908T221614943Z
.cairn/evidence/CCH-002/20260908T222316680Z
.cairn/evidence/DFT-001/20260908T140732029Z-3710668.err
.cairn/evidence/DFT-001/20260908T140732029Z-3710668.out
.cairn/evidence/DFT-001/20260908T141623654Z-3822673.err
.cairn/evidence/DFT-001/20260908T141623654Z-3822673.out
.cairn/evidence/DFT-001/20260908T141817425Z-3851140.err
.cairn/evidence/DFT-001/20260908T141817425Z-3851140.inputs.json
.cairn/evidence/DFT-001/20260908T141817425Z-3851140.out
.cairn/evidence/DFT-001/20260908T141823028Z
.cairn/evidence/DFT-001/20260908T154047356Z-815020.err
.cairn/evidence/DFT-001/20260908T154047356Z-815020.inputs.json
.cairn/evidence/DFT-001/20260908T154047356Z-815020.out
.cairn/evidence/DFT-001/20260908T154547487Z
.cairn/evidence/DFT-001/20260908T155213814Z-980661.err
.cairn/evidence/DFT-001/20260908T155213814Z-980661.inputs.json
.cairn/evidence/DFT-001/20260908T155213814Z-980661.out
.cairn/evidence/DFT-001/20260908T155226801Z
.cairn/evidence/DFT-001/20260908T221559382Z-2124260.err
.cairn/evidence/DFT-001/20260908T221559382Z-2124260.inputs.json
.cairn/evidence/DFT-001/20260908T221559382Z-2124260.out
.cairn/evidence/DFT-001/20260908T221613242Z
.cairn/evidence/DFT-001/20260908T222301778Z-2289151.err
.cairn/evidence/DFT-001/20260908T222301778Z-2289151.inputs.json
.cairn/evidence/DFT-001/20260908T222301778Z-2289151.out
.cairn/evidence/DFT-001/20260908T222315063Z
.cairn/evidence/DFT-002/20260908T141823028Z
.cairn/evidence/DFT-002/20260908T154547488Z
.cairn/evidence/DFT-002/20260908T155226802Z
.cairn/evidence/DFT-002/20260908T221613243Z
.cairn/evidence/DFT-002/20260908T222315064Z
.cairn/evidence/DFT-003/20260908T141823029Z
.cairn/evidence/DFT-003/20260908T154547488Z
.cairn/evidence/DFT-003/20260908T155226802Z
.cairn/evidence/DFT-003/20260908T221613243Z
.cairn/evidence/DFT-003/20260908T222315064Z
.cairn/evidence/DFT-004/20260908T141823029Z
.cairn/evidence/DFT-004/20260908T154547488Z
.cairn/evidence/DFT-004/20260908T155226802Z
.cairn/evidence/DFT-004/20260908T221613243Z
.cairn/evidence/DFT-004/20260908T222315064Z
.cairn/evidence/EMB-001/20260907T233634335Z-1156792.err
.cairn/evidence/EMB-001/20260907T233634335Z-1156792.inputs.json
.cairn/evidence/EMB-001/20260907T233634335Z-1156792.out
.cairn/evidence/EMB-001/20260907T233648753Z
.cairn/evidence/EMB-001/20260908T002036745Z-1886310.err
.cairn/evidence/EMB-001/20260908T002036745Z-1886310.inputs.json
.cairn/evidence/EMB-001/20260908T002036745Z-1886310.out
.cairn/evidence/EMB-001/20260908T002044753Z
.cairn/evidence/EMB-001/20260908T032859234Z-24886.err
.cairn/evidence/EMB-001/20260908T032859234Z-24886.inputs.json
.cairn/evidence/EMB-001/20260908T032859234Z-24886.out
.cairn/evidence/EMB-001/20260908T032906907Z
.cairn/evidence/EMB-001/20260908T124515019Z-2647082.err
.cairn/evidence/EMB-001/20260908T124515019Z-2647082.inputs.json
.cairn/evidence/EMB-001/20260908T124515019Z-2647082.out
.cairn/evidence/EMB-001/20260908T124523519Z
.cairn/evidence/EMB-001/20260908T141953774Z-3876319.err
.cairn/evidence/EMB-001/20260908T141953774Z-3876319.inputs.json
.cairn/evidence/EMB-001/20260908T141953774Z-3876319.out
.cairn/evidence/EMB-001/20260908T142001630Z
.cairn/evidence/EMB-001/20260908T155400268Z-1012533.err
.cairn/evidence/EMB-001/20260908T155400268Z-1012533.inputs.json
.cairn/evidence/EMB-001/20260908T155400268Z-1012533.out
.cairn/evidence/EMB-001/20260908T155408388Z
.cairn/evidence/EMB-001/20260908T221831868Z-2186089.err
.cairn/evidence/EMB-001/20260908T221831868Z-2186089.inputs.json
.cairn/evidence/EMB-001/20260908T221831868Z-2186089.out
.cairn/evidence/EMB-001/20260908T221839814Z
.cairn/evidence/EMB-001/20260908T222330254Z-2304598.err
.cairn/evidence/EMB-001/20260908T222330254Z-2304598.inputs.json
.cairn/evidence/EMB-001/20260908T222330254Z-2304598.out
.cairn/evidence/EMB-001/20260908T222338511Z
.cairn/evidence/EMB-002/20260907T233648754Z
.cairn/evidence/EMB-002/20260908T002044753Z
.cairn/evidence/EMB-002/20260908T032906907Z
.cairn/evidence/EMB-002/20260908T124523520Z
.cairn/evidence/EMB-002/20260908T142001631Z
.cairn/evidence/EMB-002/20260908T155408388Z
.cairn/evidence/EMB-002/20260908T221839814Z
.cairn/evidence/EMB-002/20260908T222338511Z
.cairn/evidence/EMB-003/20260907T233648754Z
.cairn/evidence/EMB-003/20260908T002044753Z
.cairn/evidence/EMB-003/20260908T032906907Z
.cairn/evidence/EMB-003/20260908T124523520Z
.cairn/evidence/EMB-003/20260908T142001631Z
.cairn/evidence/EMB-003/20260908T155408388Z
.cairn/evidence/EMB-003/20260908T221839814Z
.cairn/evidence/EMB-003/20260908T222338511Z
.cairn/evidence/EMB-004/20260907T233648754Z
.cairn/evidence/EMB-004/20260908T002044753Z
.cairn/evidence/EMB-004/20260908T032906907Z
.cairn/evidence/EMB-004/20260908T124523520Z
.cairn/evidence/EMB-004/20260908T142001631Z
.cairn/evidence/EMB-004/20260908T155408388Z
.cairn/evidence/EMB-004/20260908T221839815Z
.cairn/evidence/EMB-004/20260908T222338511Z
.cairn/evidence/EMB-005/20260907T233648754Z
.cairn/evidence/EMB-005/20260908T002044753Z
.cairn/evidence/EMB-005/20260908T032906907Z
.cairn/evidence/EMB-005/20260908T124523520Z
.cairn/evidence/EMB-005/20260908T142001631Z
.cairn/evidence/EMB-005/20260908T155408388Z
.cairn/evidence/EMB-005/20260908T221839815Z
.cairn/evidence/EMB-005/20260908T222338511Z
.cairn/evidence/EMB-006/20260907T233648754Z
.cairn/evidence/EMB-006/20260908T002044753Z
.cairn/evidence/EMB-006/20260908T032906907Z
.cairn/evidence/EMB-006/20260908T124523520Z
.cairn/evidence/EMB-006/20260908T142001631Z
.cairn/evidence/EMB-006/20260908T155408388Z
.cairn/evidence/EMB-006/20260908T221839815Z
.cairn/evidence/EMB-006/20260908T222338511Z
.cairn/evidence/MNT-001/20260908T150539285Z-230601.err
.cairn/evidence/MNT-001/20260908T150539285Z-230601.inputs.json
.cairn/evidence/MNT-001/20260908T150539285Z-230601.out
.cairn/evidence/MNT-001/20260908T150540219Z
.cairn/evidence/MNT-001/20260908T150649076Z-253211.err
.cairn/evidence/MNT-001/20260908T150649076Z-253211.inputs.json
.cairn/evidence/MNT-001/20260908T150649076Z-253211.out
.cairn/evidence/MNT-001/20260908T150650279Z
.cairn/evidence/MNT-001/20260908T151619679Z-429683.err
.cairn/evidence/MNT-001/20260908T151619679Z-429683.inputs.json
.cairn/evidence/MNT-001/20260908T151619679Z-429683.out
.cairn/evidence/MNT-001/20260908T151620535Z
.cairn/evidence/MNT-001/20260908T153849246Z-786003.err
.cairn/evidence/MNT-001/20260908T153849246Z-786003.inputs.json
.cairn/evidence/MNT-001/20260908T153849246Z-786003.out
.cairn/evidence/MNT-001/20260908T153849964Z
.cairn/evidence/MNT-001/20260908T155114081Z-962864.err
.cairn/evidence/MNT-001/20260908T155114081Z-962864.inputs.json
.cairn/evidence/MNT-001/20260908T155114081Z-962864.out
.cairn/evidence/MNT-001/20260908T155114857Z
.cairn/evidence/MNT-001/20260908T221507483Z-2105587.err
.cairn/evidence/MNT-001/20260908T221507483Z-2105587.inputs.json
.cairn/evidence/MNT-001/20260908T221507483Z-2105587.out
.cairn/evidence/MNT-001/20260908T221508270Z
.cairn/evidence/MNT-001/20260908T222242771Z-2280646.err
.cairn/evidence/MNT-001/20260908T222242771Z-2280646.inputs.json
.cairn/evidence/MNT-001/20260908T222242771Z-2280646.out
.cairn/evidence/MNT-001/20260908T222243557Z
.cairn/evidence/MNT-002/20260908T150657831Z-258906.err
.cairn/evidence/MNT-002/20260908T150657831Z-258906.inputs.json
.cairn/evidence/MNT-002/20260908T150657831Z-258906.out
.cairn/evidence/MNT-002/20260908T150704473Z
.cairn/evidence/MNT-002/20260908T151636700Z-434132.err
.cairn/evidence/MNT-002/20260908T151636700Z-434132.inputs.json
.cairn/evidence/MNT-002/20260908T151636700Z-434132.out
.cairn/evidence/MNT-002/20260908T151642022Z
.cairn/evidence/MNT-002/20260908T153912323Z-790350.err
.cairn/evidence/MNT-002/20260908T153912323Z-790350.inputs.json
.cairn/evidence/MNT-002/20260908T153912323Z-790350.out
.cairn/evidence/MNT-002/20260908T153913048Z
.cairn/evidence/MNT-002/20260908T155126166Z-966081.err
.cairn/evidence/MNT-002/20260908T155126166Z-966081.inputs.json
.cairn/evidence/MNT-002/20260908T155126166Z-966081.out
.cairn/evidence/MNT-002/20260908T155129846Z
.cairn/evidence/MNT-002/20260908T221536415Z-2113485.err
.cairn/evidence/MNT-002/20260908T221536415Z-2113485.inputs.json
.cairn/evidence/MNT-002/20260908T221536415Z-2113485.out
.cairn/evidence/MNT-002/20260908T221536957Z
.cairn/evidence/MNT-002/20260908T222244183Z-2281222.err
.cairn/evidence/MNT-002/20260908T222244183Z-2281222.inputs.json
.cairn/evidence/MNT-002/20260908T222244183Z-2281222.out
.cairn/evidence/MNT-002/20260908T222244615Z
.cairn/evidence/MNT-003/20260908T151652275Z-439114.err
.cairn/evidence/MNT-003/20260908T151652275Z-439114.inputs.json
.cairn/evidence/MNT-003/20260908T151652275Z-439114.out
.cairn/evidence/MNT-003/20260908T151706536Z
.cairn/evidence/MNT-003/20260908T153934359Z-794685.err
.cairn/evidence/MNT-003/20260908T153934359Z-794685.inputs.json
.cairn/evidence/MNT-003/20260908T153934359Z-794685.out
.cairn/evidence/MNT-003/20260908T153948442Z
.cairn/evidence/MNT-003/20260908T155137107Z-969040.err
.cairn/evidence/MNT-003/20260908T155137107Z-969040.inputs.json
.cairn/evidence/MNT-003/20260908T155137107Z-969040.out
.cairn/evidence/MNT-003/20260908T155154347Z
.cairn/evidence/MNT-003/20260908T221537582Z-2114330.err
.cairn/evidence/MNT-003/20260908T221537582Z-2114330.inputs.json
.cairn/evidence/MNT-003/20260908T221537582Z-2114330.out
.cairn/evidence/MNT-003/20260908T221558774Z
.cairn/evidence/MNT-003/20260908T222245213Z-2281584.err
.cairn/evidence/MNT-003/20260908T222245213Z-2281584.inputs.json
.cairn/evidence/MNT-003/20260908T222245213Z-2281584.out
.cairn/evidence/MNT-003/20260908T222301162Z
.cairn/evidence/MNT-004/20260908T151706537Z
.cairn/evidence/MNT-004/20260908T153948442Z
.cairn/evidence/MNT-004/20260908T155154348Z
.cairn/evidence/MNT-004/20260908T221558775Z
.cairn/evidence/MNT-004/20260908T222301163Z
.cairn/evidence/REG-001/20260908T031439298Z-4022489.err
.cairn/evidence/REG-001/20260908T031439298Z-4022489.inputs.json
.cairn/evidence/REG-001/20260908T031439298Z-4022489.out
.cairn/evidence/REG-001/20260908T031439720Z
.cairn/evidence/REG-001/20260908T032334793Z-4146418.err
.cairn/evidence/REG-001/20260908T032334793Z-4146418.inputs.json
.cairn/evidence/REG-001/20260908T032334793Z-4146418.out
.cairn/evidence/REG-001/20260908T032335442Z
.cairn/evidence/REG-001/20260908T032818118Z-13446.err
.cairn/evidence/REG-001/20260908T032818118Z-13446.inputs.json
.cairn/evidence/REG-001/20260908T032818118Z-13446.out
.cairn/evidence/REG-001/20260908T032819712Z
.cairn/evidence/REG-001/20260908T124346822Z-2627796.err
.cairn/evidence/REG-001/20260908T124346822Z-2627796.inputs.json
.cairn/evidence/REG-001/20260908T124346822Z-2627796.out
.cairn/evidence/REG-001/20260908T124347530Z
.cairn/evidence/REG-001/20260908T141905162Z-3863785.err
.cairn/evidence/REG-001/20260908T141905162Z-3863785.inputs.json
.cairn/evidence/REG-001/20260908T141905162Z-3863785.out
.cairn/evidence/REG-001/20260908T141905850Z
.cairn/evidence/REG-001/20260908T155310010Z-998730.err
.cairn/evidence/REG-001/20260908T155310010Z-998730.inputs.json
.cairn/evidence/REG-001/20260908T155310010Z-998730.out
.cairn/evidence/REG-001/20260908T155310725Z
.cairn/evidence/REG-001/20260908T221615500Z-2136484.err
.cairn/evidence/REG-001/20260908T221615500Z-2136484.inputs.json
.cairn/evidence/REG-001/20260908T221615500Z-2136484.out
.cairn/evidence/REG-001/20260908T221616238Z
.cairn/evidence/REG-001/20260908T222317238Z-2299086.err
.cairn/evidence/REG-001/20260908T222317238Z-2299086.inputs.json
.cairn/evidence/REG-001/20260908T222317238Z-2299086.out
.cairn/evidence/REG-001/20260908T222317991Z
.cairn/evidence/REG-002/20260908T031439720Z
.cairn/evidence/REG-002/20260908T032335442Z
.cairn/evidence/REG-002/20260908T032819712Z
.cairn/evidence/REG-002/20260908T124347531Z
.cairn/evidence/REG-002/20260908T141905850Z
.cairn/evidence/REG-002/20260908T155310725Z
.cairn/evidence/REG-002/20260908T221616238Z
.cairn/evidence/REG-002/20260908T222317992Z
.cairn/evidence/REG-003/20260908T031439720Z
.cairn/evidence/REG-003/20260908T032335442Z
.cairn/evidence/REG-003/20260908T032819712Z
.cairn/evidence/REG-003/20260908T124347531Z
.cairn/evidence/REG-003/20260908T141905850Z
.cairn/evidence/REG-003/20260908T155310725Z
.cairn/evidence/REG-003/20260908T221616239Z
.cairn/evidence/REG-003/20260908T222317992Z
.cairn/evidence/RND-001/20260907T221056379Z-4176746.err
.cairn/evidence/RND-001/20260907T221056379Z-4176746.inputs.json
.cairn/evidence/RND-001/20260907T221056379Z-4176746.out
.cairn/evidence/RND-001/20260907T221056909Z
.cairn/evidence/RND-001/20260907T222543751Z-153317.err
.cairn/evidence/RND-001/20260907T222543751Z-153317.inputs.json
.cairn/evidence/RND-001/20260907T222543751Z-153317.out
.cairn/evidence/RND-001/20260907T222544190Z
.cairn/evidence/RND-001/20260907T233713930Z-1170491.err
.cairn/evidence/RND-001/20260907T233713930Z-1170491.inputs.json
.cairn/evidence/RND-001/20260907T233713930Z-1170491.out
.cairn/evidence/RND-001/20260907T233715390Z
.cairn/evidence/RND-001/20260908T002147605Z-1902345.err
.cairn/evidence/RND-001/20260908T002147605Z-1902345.inputs.json
.cairn/evidence/RND-001/20260908T002147605Z-1902345.out
.cairn/evidence/RND-001/20260908T002148866Z
.cairn/evidence/RND-001/20260908T032932170Z-33246.err
.cairn/evidence/RND-001/20260908T032932170Z-33246.inputs.json
.cairn/evidence/RND-001/20260908T032932170Z-33246.out
.cairn/evidence/RND-001/20260908T032933380Z
.cairn/evidence/RND-001/20260908T124531375Z-2651956.err
.cairn/evidence/RND-001/20260908T124531375Z-2651956.inputs.json
.cairn/evidence/RND-001/20260908T124531375Z-2651956.out
.cairn/evidence/RND-001/20260908T124532595Z
.cairn/evidence/RND-001/20260908T142020609Z-3883148.err
.cairn/evidence/RND-001/20260908T142020609Z-3883148.inputs.json
.cairn/evidence/RND-001/20260908T142020609Z-3883148.out
.cairn/evidence/RND-001/20260908T142021942Z
.cairn/evidence/RND-001/20260908T155436699Z-1023613.err
.cairn/evidence/RND-001/20260908T155436699Z-1023613.inputs.json
.cairn/evidence/RND-001/20260908T155436699Z-1023613.out
.cairn/evidence/RND-001/20260908T155437917Z
.cairn/evidence/RND-001/20260908T221840351Z-2189592.err
.cairn/evidence/RND-001/20260908T221840351Z-2189592.inputs.json
.cairn/evidence/RND-001/20260908T221840351Z-2189592.out
.cairn/evidence/RND-001/20260908T221841633Z
.cairn/evidence/RND-001/20260908T222339166Z-2308044.err
.cairn/evidence/RND-001/20260908T222339166Z-2308044.inputs.json
.cairn/evidence/RND-001/20260908T222339166Z-2308044.out
.cairn/evidence/RND-001/20260908T222340497Z
.cairn/evidence/RND-002/20260907T221056909Z
.cairn/evidence/RND-002/20260907T222544191Z
.cairn/evidence/RND-002/20260907T233715391Z
.cairn/evidence/RND-002/20260908T002148867Z
.cairn/evidence/RND-002/20260908T032933380Z
.cairn/evidence/RND-002/20260908T124532595Z
.cairn/evidence/RND-002/20260908T142021943Z
.cairn/evidence/RND-002/20260908T155437918Z
.cairn/evidence/RND-002/20260908T221841634Z
.cairn/evidence/RND-002/20260908T222340497Z
.cairn/evidence/RND-003/20260907T221056909Z
.cairn/evidence/RND-003/20260907T222544191Z
.cairn/evidence/RND-003/20260907T233715391Z
.cairn/evidence/RND-003/20260908T002148867Z
.cairn/evidence/RND-003/20260908T032933380Z
.cairn/evidence/RND-003/20260908T124532595Z
.cairn/evidence/RND-003/20260908T142021943Z
.cairn/evidence/RND-003/20260908T155437918Z
.cairn/evidence/RND-003/20260908T221841634Z
.cairn/evidence/RND-003/20260908T222340497Z
.cairn/evidence/RND-004/20260907T221056909Z
.cairn/evidence/RND-004/20260907T222544191Z
.cairn/evidence/RND-004/20260907T233715391Z
.cairn/evidence/RND-004/20260908T002148867Z
.cairn/evidence/RND-004/20260908T032933380Z
.cairn/evidence/RND-004/20260908T124532595Z
.cairn/evidence/RND-004/20260908T142021943Z
.cairn/evidence/RND-004/20260908T155437918Z
.cairn/evidence/RND-004/20260908T221841634Z
.cairn/evidence/RND-004/20260908T222340497Z
.cairn/evidence/RND-005/20260907T221056909Z
.cairn/evidence/RND-005/20260907T222544191Z
.cairn/evidence/RND-005/20260907T233715391Z
.cairn/evidence/RND-005/20260908T002148867Z
.cairn/evidence/RND-005/20260908T032933381Z
.cairn/evidence/RND-005/20260908T124532596Z
.cairn/evidence/RND-005/20260908T142021943Z
.cairn/evidence/RND-005/20260908T155437918Z
.cairn/evidence/RND-005/20260908T221841634Z
.cairn/evidence/RND-005/20260908T222340497Z
.cairn/evidence/RND-006/20260907T221056909Z
.cairn/evidence/RND-006/20260907T222544191Z
.cairn/evidence/RND-006/20260907T233715391Z
.cairn/evidence/RND-006/20260908T002148867Z
.cairn/evidence/RND-006/20260908T032933381Z
.cairn/evidence/RND-006/20260908T124532596Z
.cairn/evidence/RND-006/20260908T142021943Z
.cairn/evidence/RND-006/20260908T155437918Z
.cairn/evidence/RND-006/20260908T221841634Z
.cairn/evidence/RND-006/20260908T222340498Z
.cairn/evidence/WAK-001/20260907T235212585Z-1447680.err
.cairn/evidence/WAK-001/20260907T235212585Z-1447680.inputs.json
.cairn/evidence/WAK-001/20260907T235212585Z-1447680.out
.cairn/evidence/WAK-001/20260907T235221678Z
.cairn/evidence/WAK-001/20260908T001954404Z-1874353.err
.cairn/evidence/WAK-001/20260908T001954404Z-1874353.inputs.json
.cairn/evidence/WAK-001/20260908T001954404Z-1874353.out
.cairn/evidence/WAK-001/20260908T002004037Z
.cairn/evidence/WAK-001/20260908T032356711Z-4151470.err
.cairn/evidence/WAK-001/20260908T032356711Z-4151470.inputs.json
.cairn/evidence/WAK-001/20260908T032356711Z-4151470.out
.cairn/evidence/WAK-001/20260908T032418541Z
.cairn/evidence/WAK-001/20260908T032838224Z-19118.err
.cairn/evidence/WAK-001/20260908T032838224Z-19118.inputs.json
.cairn/evidence/WAK-001/20260908T032838224Z-19118.out
.cairn/evidence/WAK-001/20260908T032847942Z
.cairn/evidence/WAK-001/20260908T124435561Z-2637392.err
.cairn/evidence/WAK-001/20260908T124435561Z-2637392.inputs.json
.cairn/evidence/WAK-001/20260908T124435561Z-2637392.out
.cairn/evidence/WAK-001/20260908T124446219Z
.cairn/evidence/WAK-001/20260908T141914878Z-3866692.err
.cairn/evidence/WAK-001/20260908T141914878Z-3866692.inputs.json
.cairn/evidence/WAK-001/20260908T141914878Z-3866692.out
.cairn/evidence/WAK-001/20260908T141933828Z
.cairn/evidence/WAK-001/20260908T155321336Z-1002067.err
.cairn/evidence/WAK-001/20260908T155321336Z-1002067.inputs.json
.cairn/evidence/WAK-001/20260908T155321336Z-1002067.out
.cairn/evidence/WAK-001/20260908T155346069Z
.cairn/evidence/WAK-001/20260908T221616773Z-2137915.err
.cairn/evidence/WAK-001/20260908T221616773Z-2137915.inputs.json
.cairn/evidence/WAK-001/20260908T221616773Z-2137915.out
.cairn/evidence/WAK-001/20260908T221630699Z
.cairn/evidence/WAK-001/20260908T221819450Z-2181481.err
.cairn/evidence/WAK-001/20260908T221819450Z-2181481.inputs.json
.cairn/evidence/WAK-001/20260908T221819450Z-2181481.out
.cairn/evidence/WAK-001/20260908T221831323Z
.cairn/evidence/WAK-001/20260908T222318576Z-2300601.err
.cairn/evidence/WAK-001/20260908T222318576Z-2300601.inputs.json
.cairn/evidence/WAK-001/20260908T222318576Z-2300601.out
.cairn/evidence/WAK-001/20260908T222329688Z
.cairn/evidence/WAK-002/20260907T235221678Z
.cairn/evidence/WAK-002/20260908T002004037Z
.cairn/evidence/WAK-002/20260908T032418542Z
.cairn/evidence/WAK-002/20260908T032847942Z
.cairn/evidence/WAK-002/20260908T124446219Z
.cairn/evidence/WAK-002/20260908T141933828Z
.cairn/evidence/WAK-002/20260908T155346069Z
.cairn/evidence/WAK-002/20260908T221630699Z
.cairn/evidence/WAK-002/20260908T221831323Z
.cairn/evidence/WAK-002/20260908T222329689Z
.cairn/evidence/WAK-003/20260907T235221678Z
.cairn/evidence/WAK-003/20260908T002004037Z
.cairn/evidence/WAK-003/20260908T032418542Z
.cairn/evidence/WAK-003/20260908T032847943Z
.cairn/evidence/WAK-003/20260908T124446219Z
.cairn/evidence/WAK-003/20260908T141933828Z
.cairn/evidence/WAK-003/20260908T155346070Z
.cairn/evidence/WAK-003/20260908T221630699Z
.cairn/evidence/WAK-003/20260908T221831323Z
.cairn/evidence/WAK-003/20260908T222329689Z
.cairn/evidence/WAK-004/20260907T235221678Z
.cairn/evidence/WAK-004/20260908T002004037Z
.cairn/evidence/WAK-004/20260908T032418542Z
.cairn/evidence/WAK-004/20260908T032847943Z
.cairn/evidence/WAK-004/20260908T124446219Z
.cairn/evidence/WAK-004/20260908T141933828Z
.cairn/evidence/WAK-004/20260908T155346070Z
.cairn/evidence/WAK-004/20260908T221630699Z
.cairn/evidence/WAK-004/20260908T221831323Z
.cairn/evidence/WAK-004/20260908T222329689Z
.cairn/evidence/WAK-005/20260907T235221678Z
.cairn/evidence/WAK-005/20260908T002004038Z
.cairn/evidence/WAK-005/20260908T032418542Z
.cairn/evidence/WAK-005/20260908T032847943Z
.cairn/evidence/WAK-005/20260908T124446219Z
.cairn/evidence/WAK-005/20260908T141933828Z
.cairn/evidence/WAK-005/20260908T155346070Z
.cairn/evidence/WAK-005/20260908T221630699Z
.cairn/evidence/WAK-005/20260908T221831323Z
.cairn/evidence/WAK-005/20260908T222329689Z
.cairn/mechanisms/app-wakeups.md
.cairn/mechanisms/binding-abi-inventory.md
.cairn/mechanisms/binding-c-consumer.md
.cairn/mechanisms/binding-inherited.md
.cairn/mechanisms/binding-typescript-consumer.md
.cairn/mechanisms/default-suite-repair.md
.cairn/mechanisms/embedded-terminal.md
.cairn/mechanisms/maintenance-ffi.md
.cairn/mechanisms/maintenance-format.md
.cairn/mechanisms/maintenance-lint.md
.cairn/mechanisms/registry-cache-isolation.md
.cairn/mechanisms/registry-concurrency.md
.cairn/mechanisms/suprtui-renderer.md
.cairn/reviews/app-wakeups.md
.cairn/reviews/binding-abi-compatibility.md
.cairn/reviews/default-suite-repair.md
.cairn/reviews/embedded-terminal.md
.cairn/reviews/ffi-lint-format-repair.md
.cairn/reviews/registry-cache-isolation.md
.cairn/reviews/registry-concurrency.md
.cairn/reviews/suprtui-renderer.md
.cargo_vcs_info.json
.gitignore
AGENTS.md
CHANGELOG.md
CONTRIBUTING.md
Cargo.lock
Cargo.toml
Cargo.toml.orig
LICENSE
README.md
benches/diff_benchmark.rs
benches/event_router_comparison.rs
bindings/typescript/.eslintrc.cjs
bindings/typescript/MIGRATION.md
bindings/typescript/README.md
bindings/typescript/examples/component-demo.ts
bindings/typescript/examples/hello-world.ts
bindings/typescript/package-lock.json
bindings/typescript/package.json
bindings/typescript/scripts/build.cjs
bindings/typescript/src/builder.ts
bindings/typescript/src/component.ts
bindings/typescript/src/error.ts
bindings/typescript/src/events.ts
bindings/typescript/src/ffi.ts
bindings/typescript/src/index.ts
bindings/typescript/src/layout.ts
bindings/typescript/src/native-api.json
bindings/typescript/src/native-types.ts
bindings/typescript/src/renderer.ts
bindings/typescript/src/surface.ts
bindings/typescript/src/terminal.ts
bindings/typescript/src/theme.ts
bindings/typescript/src/types.ts
bindings/typescript/tests/consumer-types.ts
bindings/typescript/tests/native-consumer.cjs
bindings/typescript/tsconfig.examples.json
bindings/typescript/tsconfig.json
docs/ADAPTIVE_PERFORMANCE.md
docs/ANIMATION_INTEGRATION.md
docs/FFI_ABI_POLICY.md
docs/app-wakeups.md
docs/binding-abi-audit.md
docs/binding-abi-baseline.json
docs/binding-abi-demonstrations/README.md
docs/binding-abi-demonstrations/builder-alias.log
docs/binding-abi-demonstrations/c-signature.log
docs/binding-abi-demonstrations/capabilities-layout.log
docs/binding-abi-demonstrations/corrected-c-final.log
docs/binding-abi-demonstrations/corrected-c.log
docs/binding-abi-demonstrations/corrected-typescript-final.log
docs/binding-abi-demonstrations/corrected-typescript.log
docs/binding-abi-demonstrations/koffi-layout.log
docs/binding-abi-demonstrations/migration-omission.log
docs/binding-abi-demonstrations/missing-symbol.log
docs/binding-abi-demonstrations/npm-ci.log
docs/binding-abi-demonstrations/package.json
docs/binding-abi-demonstrations/ripwire-quality.xml
docs/binding-abi-demonstrations/ripwire-test-gate.xml
docs/binding-abi-demonstrations/string-release.log
docs/binding-abi-demonstrations/tool-versions.json
docs/binding-abi-demonstrations/typescript-lint.log
docs/binding-abi-demonstrations/typescript-signature.log
docs/binding-abi-demonstrations/typescript-value.log
docs/binding-abi-migration.json
docs/binding-abi-migration.md
docs/binding-native-baseline.json
docs/binding-typescript-migration.json
docs/binding-typescript-migration.md
docs/binding-typescript-native-baseline.json
docs/binding-typescript-public-api.json
docs/commitments/app-wakeups.md
docs/commitments/binding-abi-compatibility.md
docs/commitments/default-suite-repair.md
docs/commitments/embedded-terminal.md
docs/commitments/ffi-lint-format-repair.md
docs/commitments/registry-cache-isolation.md
docs/commitments/registry-concurrency.md
docs/commitments/suprtui-renderer.md
docs/decisions/connect-app-producers-with-coalesced-wake-notifications.md
docs/decisions/isolate-clipboard-unit-tests-from-the-live-desktop.md
docs/decisions/keep-ffi-app-builder-allocations-alive-during-configuration.md
docs/decisions/own-the-renderer-inside-reactive-tui.md
docs/decisions/preserve-menutheme-construction-while-repairing-strict-clippy-checks.md
docs/decisions/release-registry-locks-before-component-callbacks.md
docs/decisions/restore-declared-terminal-entry-points-and-retain-ffi-handle-ownership.md
docs/decisions/separate-inset-offsets-from-positioning-and-retain-css-jump-start-semantics.md
docs/decisions/suprtui-frames-with-an-owned-renderer-worker.md
docs/decisions/use-implemented-rust-exports-as-the-binding-compatibility-baseline.md
docs/decisions/use-koffi-for-the-audited-typescript-native-boundary.md
docs/decisions/use-libghostty-with-an-owned-pty-session-and-complete-cell-frames.md
docs/decisions/use-the-shared-registry-name-map-directly.md
docs/embedded-terminal.md
docs/ffi-maintenance.md
docs/recon-evidence/baseline.txt
docs/recon-evidence/cache-isolation/assessment.md
docs/recon-evidence/cache-isolation/clippy.txt
docs/recon-evidence/cache-isolation/default-tests-local-tmp.txt
docs/recon-evidence/cache-isolation/default-tests.txt
docs/recon-evidence/cache-isolation/ffi-api-compile.txt
docs/recon-evidence/cache-isolation/ffi-compile.txt
docs/recon-evidence/cache-isolation/format.txt
docs/recon-evidence/cache-isolation/inherited-build-ice.txt
docs/recon-evidence/cache-isolation/runs.json
docs/recon-evidence/clippy.log
docs/recon-evidence/default-tests.txt
docs/recon-evidence/ffi-check.txt
docs/recon-evidence/ffi-tests.txt
docs/recon-evidence/history.txt
docs/recon-evidence/inventory.txt
docs/recon.md
docs/renderer-foundation.md
docs/spec/app-wakeups.md
docs/spec/binding-abi-compatibility.md
docs/spec/default-suite-repair.md
docs/spec/embedded-terminal.md
docs/spec/ffi-lint-format-repair.md
docs/spec/glossary.md
docs/spec/legacy-rendering.md
docs/spec/overview.md
docs/spec/registry-cache-isolation.md
docs/spec/registry-concurrency.md
docs/spec/rendering.md
docs/spec/roadmap.md
docs/suprtui-renderer.md
examples/animated_patterns.rs
examples/embedded_shell.rs
examples/gradient_blocks.rs
examples/suprtui_counter.rs
examples/visual_effects.rs
examples/wake_counter.rs
include/README.md
include/reactive_tui/animation.h
include/reactive_tui/app.h
include/reactive_tui/builder.h
include/reactive_tui/compat.h
include/reactive_tui/core.h
include/reactive_tui/dialogs.h
include/reactive_tui/events.h
include/reactive_tui/integration.h
include/reactive_tui/layout.h
include/reactive_tui/native.h
include/reactive_tui/render.h
include/reactive_tui/stats.h
include/reactive_tui/surface.h
include/reactive_tui/terminal.h
include/reactive_tui/text.h
include/reactive_tui.h
scripts/abi/cbindgen.toml
scripts/abi/compatibility.json
scripts/abi/compiler_probe.py
scripts/abi/inspect-loader.cjs
scripts/abi/loader_probe.py
scripts/abi/typescript-public-api.cjs
scripts/abi/typescript_schema.py
scripts/check-app-wakeups-pty.py
scripts/check-app-wakeups.sh
scripts/check-binding-abi.py
scripts/check-c-binding-abi.py
scripts/check-default-suite.py
scripts/check-embedded-terminal-pty.py
scripts/check-embedded-terminal.sh
scripts/check-ffi-runtime.py
scripts/check-inherited-abi.py
scripts/check-maintenance.py
scripts/check-registry-cache-isolation.sh
scripts/check-registry-concurrency.py
scripts/check-registry-concurrency.sh
scripts/check-renderer-pty.py
scripts/check-renderer.sh
scripts/check-typescript-abi.py
scripts/generate-native-header.py
scripts/pty_screen.py
scripts/spec-lint.mjs
scripts/spec-parser.mjs
scripts/test-renderer-pty.py
src/animation/api.rs
src/animation/core.rs
src/animation/debug.rs
src/animation/easing.rs
src/animation/keyframes.rs
src/animation/lock_free.rs
src/animation/mod.rs
src/animation/performance.rs
src/animation/properties.rs
src/animation/spring.rs
src/animation/stagger.rs
src/animation/state.rs
src/app/focus_manager.rs
src/app.rs
src/backend/cell_frame.rs
src/backend/direct_tty.rs
src/backend/mod.rs
src/backend/suprtui/input.rs
src/backend/suprtui/output.rs
src/backend/suprtui.rs
src/builder/core.rs
src/builder/dialog_builders.rs
src/builder/layout.rs
src/builder/macros.rs
src/builder/mixed.rs
src/builder/mod.rs
src/builder/specialized.rs
src/builder/test_specialized.rs
src/builder/widgets/accordion.rs
src/builder/widgets/breadcrumb.rs
src/builder/widgets/chart.rs
src/builder/widgets/dialog.rs
src/builder/widgets/display.rs
src/builder/widgets/file_explorer.rs
src/builder/widgets/input.rs
src/builder/widgets/layout.rs
src/builder/widgets/menu.rs
src/builder/widgets/mod.rs
src/builder/widgets/table.rs
src/component/bridge.rs
src/component/cache.rs
src/component/change.rs
src/component/element.rs
src/component/focus.rs
src/component/instance.rs
src/component/lifecycle.rs
src/component/mod.rs
src/component/props.rs
src/component/registry.rs
src/component/state_flags.rs
src/component/tracked_instance.rs
src/core/capabilities.rs
src/core/geometry.rs
src/core/grapheme_cell.rs
src/core/mod.rs
src/core/mouse_tracker.rs
src/core/render_ops.rs
src/core/render_stats.rs
src/core/renderer.rs
src/core/renderer_test.rs
src/core/span_diff.rs
src/core/styled_text.rs
src/core/surface.rs
src/core/terminal.rs
src/core/window.rs
src/core/writer.rs
src/display/adaptive.rs
src/display/capabilities.rs
src/display/mod.rs
src/display/monitor.rs
src/editor/cursor.rs
src/editor/gap_buffer.rs
src/editor/mod.rs
src/editor/syntax_editor.rs
src/editor/text_editor.rs
src/embedded/keyboard.rs
src/embedded/mod.rs
src/embedded/pty.rs
src/embedded/snapshot.rs
src/embedded/worker.rs
src/error.rs
src/escape/csi.rs
src/escape/esc.rs
src/escape/mod.rs
src/escape/osc.rs
src/escape/parser/mod.rs
src/event/cache.rs
src/event/focus.rs
src/event/hit.rs
src/event/mod.rs
src/event/router.rs
src/event/types.rs
src/ffi/animation.rs
src/ffi/app.rs
src/ffi/builder.rs
src/ffi/component.rs
src/ffi/dialog.rs
src/ffi/editor.rs
src/ffi/error.rs
src/ffi/layout.rs
src/ffi/lib.rs
src/ffi/markdown.rs
src/ffi/mod.rs
src/ffi/platform.rs
src/ffi/pointer.rs
src/ffi/reactive.rs
src/ffi/render.rs
src/ffi/stats.rs
src/ffi/surface.rs
src/ffi/syntax.rs
src/ffi/terminal.rs
src/ffi/terminal_legacy.rs
src/ffi/tests/integration.rs
src/ffi/text.rs
src/ffi/theme.rs
src/ffi/types.rs
src/ffi/widgets.rs
src/hooks/animation.rs
src/hooks/clipboard.rs
src/hooks/fps.rs
src/hooks/mod.rs
src/hooks/mouse.rs
src/hooks/perf_context.rs
src/hooks/processor.rs
src/hooks/refs.rs
src/hooks/timer.rs
src/layout/colors.rs
src/layout/css/accessibility.rs
src/layout/css/animations.rs
src/layout/css/cache.rs
src/layout/css/colors.rs
src/layout/css/containers.rs
src/layout/css/css_in_rust.rs
src/layout/css/effects.rs
src/layout/css/focus.rs
src/layout/css/gradients.rs
src/layout/css/interactions.rs
src/layout/css/layout.rs
src/layout/css/manager.rs
src/layout/css/mod.rs
src/layout/css/optimizer.rs
src/layout/css/parsers.rs
src/layout/css/sizing.rs
src/layout/css/spacing.rs
src/layout/css/typography.rs
src/layout/css/variants.rs
src/layout/css/visual_style.rs
src/layout/grid.rs
src/layout/manager.rs
src/layout/mod.rs
src/layout/paint_tree/suprtui.rs
src/layout/paint_tree.rs
src/layout/renderer.rs
src/layout/style.rs
src/lib.rs
src/markdown/ast_walker.rs
src/markdown/converter.rs
src/markdown/mod.rs
src/markdown/renderer.rs
src/markdown/tests.rs
src/platform/capabilities.rs
src/platform/ctlseqs.rs
src/platform/image.rs
src/platform/loop.rs
src/platform/mod.rs
src/platform/parser.rs
src/platform/tests.rs
src/platform/unicode.rs
src/platform/unix.rs
src/platform/windows.rs
src/reactive/effect.rs
src/reactive/hooks.rs
src/reactive/mod.rs
src/reactive/runtime.rs
src/reactive/scheduler.rs
src/reactive/signal.rs
src/reactive/wake.rs
src/render/mod.rs
src/render/optimize.rs
src/render/reconcile.rs
src/render/scheduler.rs
src/render/tree.rs
src/screen/manager.rs
src/screen/mod.rs
src/screen/transitions.rs
src/syntax/cache.rs
src/syntax/highlighter.rs
src/syntax/mod.rs
src/syntax/resources.rs
src/syntax/theme.rs
src/terminal/ansi.rs
src/terminal/cell.rs
src/terminal/cursor.rs
src/terminal/mod.rs
src/terminal/parser.rs
src/terminal/pty.rs
src/terminal/screen.rs
src/terminal/terminal_impl.rs
src/theme/ansi.rs
src/theme/colors.rs
src/theme/mod.rs
src/theme/presets.rs
src/theme/variables.rs
src/ui/hitgrid.rs
src/ui/mod.rs
src/ui/paint.rs
src/vdom/bridge.rs
src/vdom/diff.rs
src/vdom/menu.rs
src/vdom/mod.rs
src/vdom/node.rs
src/vdom/patch.rs
src/widgets/dialog/autocomplete.rs
src/widgets/dialog/confirmation.rs
src/widgets/dialog/dialog_buffer.rs
src/widgets/dialog/dialog_component.rs
src/widgets/dialog/dialog_types.rs
src/widgets/dialog/input.rs
src/widgets/dialog/mod.rs
src/widgets/dialog/progress.rs
src/widgets/dialog/toast.rs
src/widgets/dialog/wizard.rs
src/widgets/display/charts.rs
src/widgets/display/data_table.rs
src/widgets/display/file_explorer.rs
src/widgets/display/image/external_renderer.rs
src/widgets/display/image/image_processor.rs
src/widgets/display/image/mod.rs
src/widgets/display/image/protocol_renderer.rs
src/widgets/display/image/sixel_renderer.rs
src/widgets/display/mod.rs
src/widgets/display/modal.rs
src/widgets/display/popover.rs
src/widgets/display/progress_bar.rs
src/widgets/display/table.rs
src/widgets/display/tree.rs
src/widgets/input/checkbox.rs
src/widgets/input/mod.rs
src/widgets/input/radio_button.rs
src/widgets/input/select.rs
src/widgets/input/slider.rs
src/widgets/input/text_input.rs
src/widgets/layout/accordion.rs
src/widgets/layout/breadcrumb.rs
src/widgets/layout/mod.rs
src/widgets/layout/scroll_view.rs
src/widgets/layout/stack.rs
src/widgets/layout/tabs.rs
src/widgets/menu/README.md
src/widgets/menu/context.rs
src/widgets/menu/dialog.rs
src/widgets/menu/item.rs
src/widgets/menu/menubar.rs
src/widgets/menu/mod.rs
src/widgets/menu/popup.rs
src/widgets/menu/style.rs
src/widgets/mod.rs
src/widgets/terminal.rs
tests/advanced_table_test.rs
tests/alignment_strict_tests.rs
tests/alignment_utility_tests.rs
tests/animations_integration.rs
tests/app_wakeups.rs
tests/automatic_memory_management_tests.rs
tests/binding_abi_consumer.c
tests/charts_test.rs
tests/color_more_shades_tests.rs
tests/color_shades_tests.rs
tests/color_utility_tests.rs
tests/component_macro_integration.rs
tests/component_macro_test.rs
tests/component_tests.rs
tests/css_animation_integration_test.rs
tests/css_in_rust_simple_test.rs
tests/debug_animate_none.rs
tests/element_bridge_tests.rs
tests/embedded_terminal.rs
tests/ffi_basic_test.rs
tests/ffi_terminal_smoke.c
tests/ffi_tests.rs
tests/full_pipeline_integration.rs
tests/integration/animation_integration_demo.rs
tests/integration/backend_comparison.rs
tests/integration/clean_grid_test.rs
tests/integration/color_optimization_demo.rs
tests/integration/debug_grid.rs
tests/integration/direct_tty_test.rs
tests/integration/enhanced_diff_demo.rs
tests/integration/enhanced_performance_demo.rs
tests/integration/full_direct_tty_test.rs
tests/integration/image_widget_demo.rs
tests/integration/improved_builder_demo.rs
tests/integration/mouse_tracking_demo.rs
tests/integration/multi_screen_demo.rs
tests/integration/patch_aware_rendering.rs
tests/integration/performance_demo.rs
tests/integration/real_capability_detection.rs
tests/integration/resize_test.rs
tests/integration/standalone_terminal.rs
tests/integration/stats_demo.rs
tests/integration/terminal_env_debug.rs
tests/integration/test_direct_tty.rs
tests/layout_paint_tests.rs
tests/mouse_hooks_test.rs
tests/opacity_tests.rs
tests/performance_monitoring_test.rs
tests/production_readiness_test.rs
tests/property_tests.rs
tests/props_derive_test.rs
tests/registry_cache_isolation.rs
tests/registry_concurrency.rs
tests/render_ops_snapshots.rs
tests/screen_system_tests.rs
tests/simple_css_animation_test.rs
tests/simple_performance_test.rs
tests/simple_props_test.rs
tests/suprtui_renderer.rs
tests/surface_integration.rs
tests/syntax_highlighting_integration.rs
tests/test_absolute_debug.rs
tests/test_absolute_paint.rs
tests/test_absolute_positioning.rs.broken
tests/test_animation_api.rs
tests/test_app_layout.rs
tests/test_ffi_builder.c
tests/test_ffi_core_only.rs
tests/test_ffi_integration.rs
tests/test_ffi_reactive_seamless.rs
tests/test_flex_layout.rs
tests/test_minimal_ffi.rs
tests/utility_paint_tests.rs
tests/z_index_tests.rs
