{"started": "raw-receiver-idle", "pid": 712125}
{"case": "raw-receiver-idle", "pid": 712125, "exit": 0, "timeout": false, "reaped": true}
{"started": "parsed-receiver-idle", "pid": 712127}
{"case": "parsed-receiver-idle", "pid": 712127, "exit": 0, "timeout": false, "reaped": true}
{"started": "reused-descriptor", "pid": 712281}
{"case": "reused-descriptor", "pid": 712281, "exit": 0, "timeout": false, "reaped": true}
{"started": "raw-receiver-active", "pid": 712283}
{"case": "raw-receiver-active", "pid": 712283, "exit": 0, "timeout": false, "reaped": true}
{"started": "raw-receiver-full", "pid": 712285}
{"case": "raw-receiver-full", "pid": 712285, "exit": 0, "timeout": false, "reaped": true}
{"started": "raw-session-full", "pid": 712391}
{"case": "raw-session-full", "pid": 712391, "exit": 0, "timeout": false, "reaped": true}
{"started": "raw-session-idle", "pid": 712496}
{"case": "raw-session-idle", "pid": 712496, "exit": 0, "timeout": false, "reaped": true}
{"started": "parsed-receiver-full", "pid": 712498}
{"case": "parsed-receiver-full", "pid": 712498, "exit": 0, "timeout": false, "reaped": true}
{"started": "parsed-session-full", "pid": 712654}
{"case": "parsed-session-full", "pid": 712654, "exit": 0, "timeout": false, "reaped": true}
{"started": "parsed-session-idle", "pid": 712883}
{"case": "parsed-session-idle", "pid": 712883, "exit": 0, "timeout": false, "reaped": true}
{"started": "clone-owner", "pid": 712996}
{"case": "clone-owner", "pid": 712996, "exit": 0, "timeout": false, "reaped": true}
{"started": "independent-streams", "pid": 712998}
{"case": "independent-streams", "pid": 712998, "exit": 0, "timeout": false, "reaped": true}
{"started": "owned-iterator", "pid": 713001}
{"case": "owned-iterator", "pid": 713001, "exit": 0, "timeout": false, "reaped": true}
{"started": "concurrent-drop", "pid": 713003}
{"case": "concurrent-drop", "pid": 713003, "exit": 0, "timeout": false, "reaped": true}
