       Fresh unicode-ident v1.0.18
       Fresh cfg-if v1.0.3
       Fresh autocfg v1.5.0
       Fresh bitflags v2.11.0
       Fresh proc-macro2 v1.0.101
       Fresh memchr v2.7.5
       Fresh equivalent v1.0.2
       Fresh quote v1.0.40
       Fresh libc v0.2.189
       Fresh linux-raw-sys v0.12.1
       Fresh pin-project-lite v0.2.16
       Fresh once_cell v1.21.3
       Fresh syn v2.0.106
       Fresh crossbeam-utils v0.8.21
       Fresh rustix v1.1.4
       Fresh winnow v1.0.4
       Fresh futures-core v0.3.31
       Fresh serde_derive v1.0.229
       Fresh toml_parser v1.1.3+spec-1.1.0
       Fresh toml_datetime v1.1.1+spec-1.1.0
       Fresh enumflags2_derive v0.7.12
       Fresh serde_core v1.0.229
       Fresh parking v2.2.1
       Fresh futures-io v0.3.31
       Fresh serde v1.0.229
       Fresh toml_edit v0.25.13+spec-1.1.0
       Fresh getrandom v0.3.3
       Fresh endi v1.1.1
       Fresh slab v0.4.11
       Fresh arrayvec v0.7.6
       Fresh simd-adler32 v0.3.7
       Fresh proc-macro-crate v3.5.0
       Fresh num-traits v0.2.19
       Fresh event-listener v5.4.2
       Fresh crossbeam-epoch v0.9.18
       Fresh concurrent-queue v2.5.0
       Fresh zvariant_derive v5.15.0
       Fresh log v0.4.27
       Fresh either v1.15.0
       Fresh crossbeam-deque v0.8.6
       Fresh event-listener-strategy v0.5.4
       Fresh futures-lite v2.6.1
       Fresh syn v3.0.5
       Fresh signal-hook-registry v1.4.6
       Fresh smallvec v1.15.1
       Fresh fnv v1.0.7
       Fresh adler2 v2.0.1
       Fresh strsim v0.11.1
       Fresh miniz_oxide v0.8.9
       Fresh rayon-core v1.13.0
       Fresh zvariant_utils v4.2.0
       Fresh zcheapstr v1.1.0
       Fresh enumflags2 v0.7.12
       Fresh equator-macro v0.4.2
       Fresh itoa v1.0.15
       Fresh equator v0.4.2
       Fresh zvariant v5.15.0
       Fresh crc32fast v1.5.0
       Fresh num-integer v0.1.46
       Fresh thiserror-impl v1.0.69
       Fresh polling v3.11.0
       Fresh async-task v4.7.1
       Fresh siphasher v1.0.1
       Fresh regex-syntax v0.8.6
       Fresh shlex v1.3.0
       Fresh async-io v2.6.0
       Fresh thiserror v1.0.69
       Fresh cc v1.2.34
       Fresh zbus_names v4.3.4
       Fresh flate2 v1.1.2
       Fresh num-bigint v0.4.6
       Fresh aligned-vec v0.6.4
       Fresh rayon v1.11.0
       Fresh async-channel v2.5.0
       Fresh uuid v1.18.1
       Fresh aho-corasick v1.1.3
       Fresh half v2.6.0
       Fresh utf8parse v0.2.2
       Fresh ident_case v1.0.1
       Fresh built v0.7.7
       Fresh foldhash v0.2.0
       Fresh minimal-lexical v0.2.1
       Fresh pkg-config v0.3.32
       Fresh version_check v0.9.5
       Fresh atomic-waker v1.1.2
       Fresh hashbrown v0.17.1
       Fresh darling_core v0.21.3
       Fresh piper v0.2.5
       Fresh nom v7.1.3
       Fresh regex-automata v0.4.10
       Fresh anstyle-parse v0.2.7
       Fresh anyhow v1.0.99
       Fresh v_frame v0.3.9
       Fresh async-signal v0.2.14
       Fresh num-rational v0.4.2
       Fresh async-lock v3.4.2
       Fresh profiling-procmacros v1.0.17
       Fresh tracing-attributes v0.1.31
       Fresh tracing-core v0.1.36
       Fresh unicode-segmentation v1.13.3
       Fresh bitflags v1.3.2
       Fresh ryu v1.0.20
       Fresh anstyle-query v1.1.4
       Fresh powerfmt v0.2.0
       Fresh scopeguard v1.2.0
       Fresh is_terminal_polyfill v1.70.1
       Fresh futures-sink v0.3.31
       Fresh new_debug_unreachable v1.0.6
       Fresh anstyle v1.0.11
       Fresh colorchoice v1.0.4
       Fresh futures-channel v0.3.31
       Fresh deranged v0.4.0
       Fresh lock_api v0.4.13
       Fresh serde_json v1.0.143
       Fresh anstream v0.6.20
       Fresh tracing v0.1.44
       Fresh profiling v1.0.17
       Fresh async-process v2.5.0
       Fresh av1-grain v0.2.4
       Fresh regex v1.11.2
       Fresh blocking v1.7.0
       Fresh io-lifetimes v3.0.1
       Fresh parking_lot_core v0.9.11
       Fresh paste v1.0.15
       Fresh darling_macro v0.21.3
       Fresh io-lifetimes v2.0.4
       Fresh maybe-rayon v0.1.1
       Fresh zbus_xml v5.2.1
       Fresh async-executor v1.14.0
       Fresh zbus_macros v5.19.0
       Fresh async-broadcast v0.7.2
       Fresh itertools v0.12.1
       Fresh async-recursion v1.1.1
       Fresh async-trait v0.1.92
       Fresh ordered-stream v0.2.0
       Fresh serde_repr v0.1.21
       Fresh terminal_size v0.4.3
       Fresh futures-macro v0.3.31
       Fresh num-derive v0.4.2
       Fresh arg_enum_proc_macro v0.3.4
       Fresh simd_helpers v0.1.0
       Fresh heck v0.5.0
       Fresh weezl v0.1.10
       Fresh hex v0.4.3
       Fresh time-core v0.1.4
       Fresh futures-task v0.3.31
       Fresh tinyvec_macros v0.1.1
       Fresh noop_proc_macro v0.3.0
       Fresh pin-utils v0.1.0
       Fresh bit-vec v0.6.3
       Fresh quick-error v2.0.1
       Fresh clap_lex v0.7.5
       Fresh imgref v1.11.0
       Fresh bitstream-io v2.6.0
       Fresh num-conv v0.1.0
       Fresh same-file v1.0.6
       Fresh clap_builder v4.5.46
       Fresh futures-util v0.3.31
       Fresh walkdir v2.5.0
       Fresh loop9 v0.1.5
       Fresh bit-set v0.5.3
       Fresh time v0.3.41
       Fresh rav1e v0.7.1
       Fresh tinyvec v1.10.0
       Fresh zbus v5.19.0
       Fresh clap_derive v4.5.45
       Fresh zbus-lockstep v0.5.2
       Fresh parking_lot v0.12.4
       Fresh darling v0.21.3
       Fresh io-extras v0.19.0
       Fresh fs-set-times v0.20.3
       Fresh onig_sys v69.9.1
       Fresh slotmap v1.0.7
       Fresh zbus-lockstep-macros v0.5.2
       Fresh rustversion v1.0.22
       Fresh prettyplease v0.2.37
       Fresh convert_case v0.7.1
       Fresh indexmap v2.14.2
       Fresh mio v1.0.4
       Fresh avif-serialize v0.8.6
       Fresh zune-inflate v0.2.54
       Fresh fdeflate v0.3.7
       Fresh rand_core v0.9.3
       Fresh rustix-linux-procfs v0.1.1
       Fresh quick-xml v0.38.3
       Fresh base64 v0.22.1
       Fresh color_quant v1.1.0
       Fresh linked-hash-map v0.5.6
       Fresh lebe v0.5.2
       Fresh ipnet v2.12.2
       Fresh bytemuck v1.23.2
       Fresh ambient-authority v0.0.2
       Fresh jpeg-decoder v0.3.2
       Fresh bit_field v0.10.3
       Fresh static_assertions v1.1.0
       Fresh zune-core v0.4.12
       Fresh byteorder-lite v0.1.0
       Fresh rgb v0.8.52
       Fresh fastrand v2.3.0
       Fresh maybe-owned v0.3.4
       Fresh exr v1.73.0
       Fresh zune-jpeg v0.4.20
       Fresh ravif v0.11.20
       Fresh tiff v0.9.1
       Fresh image-webp v0.2.4
       Fresh phf_generator v0.14.0
       Fresh cap-primitives v4.0.3
       Fresh atspi-common v0.13.0
       Fresh qoi v0.4.1
       Fresh yaml-rust v0.4.5
       Fresh plist v1.7.4
       Fresh gif v0.13.3
       Fresh derive_more-impl v2.0.1
       Fresh png v0.17.16
       Fresh onig v6.5.1
       Fresh bon-macros v3.7.1
       Fresh signal-hook v0.3.18
       Fresh zerocopy v0.8.26
       Fresh unicode-normalization v0.1.24
       Fresh clap v4.5.46
       Fresh fancy-regex v0.11.0
       Fresh tempfile v3.21.0
       Fresh bincode v1.3.3
       Fresh option-ext v0.2.0
       Fresh ciborium-io v0.2.2
       Fresh foldhash v0.1.5
       Fresh deunicode v1.6.2
       Fresh allocator-api2 v0.2.21
       Fresh plotters-backend v0.3.7
       Fresh litrs v0.4.2
       Fresh syntect v5.2.0
       Fresh ciborium-ll v0.2.2
       Fresh hashbrown v0.15.5
       Fresh slug v0.1.6
       Fresh dirs-sys v0.4.1
       Fresh plotters-svg v0.3.7
       Fresh document-features v0.2.11
       Fresh bon v3.7.1
       Fresh signal-hook-mio v0.2.4
       Fresh ppv-lite86 v0.2.21
       Fresh image v0.25.6
       Fresh caseless v0.2.2
       Fresh phf_macros v0.14.0
       Fresh derive_more v2.0.1
       Fresh atspi-proxies v0.13.0
       Fresh cap-std v4.0.3
       Fresh taffy v0.13.0
       Fresh futures-executor v0.3.31
       Fresh accesskit v0.25.0
       Fresh phf_shared v0.14.0
       Fresh phf_shared v0.11.3
       Fresh itertools v0.10.5
       Fresh vte v0.14.1
       Fresh vte v0.15.0
       Fresh tokio-macros v2.5.0
       Fresh socket2 v0.6.0
       Fresh wait-timeout v0.2.1
       Fresh unicode-properties v0.1.4
       Fresh unicode-width v0.2.1
       Fresh typed-arena v2.0.2
       Fresh xdg v2.5.2
       Fresh bit-vec v0.8.0
       Fresh precomputed-hash v0.1.1
       Fresh quick-error v1.2.3
       Fresh unicode_categories v0.1.1
       Fresh grid v0.18.0
       Fresh entities v1.0.1
       Fresh cast v0.3.0
       Fresh bytes v1.10.1
       Fresh shell-words v1.1.0
       Fresh sdd v3.0.10
       Fresh lazy_static v1.5.0
       Fresh vt100 v0.16.2
       Fresh rusty-fork v0.3.0
       Fresh criterion-plot v0.5.0
       Fresh scc v2.4.0
       Fresh comrak v0.41.0
       Fresh tokio v1.47.1
       Fresh string_cache v0.8.9
       Fresh taffy v0.9.1
       Fresh bit-set v0.8.0
       Fresh suprtui v0.1.0 (/home/shawn/workspace2/reactive-tui/src/backend/engine)
       Fresh phf v0.14.0
       Fresh futures v0.3.31
       Fresh crossterm v0.29.0
       Fresh cap-fs-ext v4.0.3
       Fresh accesskit_consumer v0.39.0
       Fresh atspi v0.29.0
       Fresh plotters v0.3.7
       Fresh rand_chacha v0.9.0
       Fresh ciborium v0.2.2
       Fresh lru v0.16.0
       Fresh dirs v5.0.1
       Fresh rand_xorshift v0.4.0
       Fresh rand v0.9.2
       Fresh tinytemplate v1.2.1
       Fresh serial_test_derive v3.2.0
       Fresh reactive-tui-macros v0.1.0 (/home/shawn/workspace2/reactive-tui/reactive-tui-macros)
       Fresh is-terminal v0.4.16
       Fresh atty v0.2.14
       Fresh unarray v0.1.4
       Fresh oorandom v11.1.5
       Fresh anes v0.1.6
       Fresh serial_test v3.2.0
       Fresh criterion v0.5.1
       Fresh proptest v1.7.0
       Dirty reactive-tui v0.0.7 (/home/shawn/workspace2/reactive-tui): the dependency `reactive-tui` was rebuilt (1789215023.991589712s, 12h 27m 37s after last build at 1789170166.416683462s)
   Compiling reactive-tui v0.0.7 (/home/shawn/workspace2/reactive-tui)
     Running `sccache /home/shawn/.rustup/toolchains/1.95-x86_64-unknown-linux-gnu/bin/rustc --crate-name production_readiness_test --edition=2021 tests/production_readiness_test.rs --error-format=json --json=diagnostic-rendered-ansi,artifacts,future-incompat --emit=dep-info,link -C embed-bitcode=no -C debuginfo=2 --test --cfg 'feature="default"' --cfg 'feature="tokio"' --check-cfg 'cfg(docsrs,test)' --check-cfg 'cfg(feature, values("async-capabilities", "debug", "debug_patches", "default", "embedded-terminal", "ffi", "simd", "tokio", "tokio-util"))' -C metadata=4300751bf4aedb8b -C extra-filename=-66110030e9fa627e --out-dir /home/shawn/workspace2/reactive-tui/target/debug/deps -L dependency=/home/shawn/workspace2/reactive-tui/target/debug/deps --extern accesskit=/home/shawn/workspace2/reactive-tui/target/debug/deps/libaccesskit-a08ffaa4b05a3e86.rlib --extern accesskit_consumer=/home/shawn/workspace2/reactive-tui/target/debug/deps/libaccesskit_consumer-f1ff84e59eac6430.rlib --extern async_channel=/home/shawn/workspace2/reactive-tui/target/debug/deps/libasync_channel-b425ad13b8fdb5c2.rlib --extern async_executor=/home/shawn/workspace2/reactive-tui/target/debug/deps/libasync_executor-d751c6d101dad61b.rlib --extern async_io=/home/shawn/workspace2/reactive-tui/target/debug/deps/libasync_io-bc7c047192d68a70.rlib --extern async_task=/home/shawn/workspace2/reactive-tui/target/debug/deps/libasync_task-558331a8532c57c0.rlib --extern atspi=/home/shawn/workspace2/reactive-tui/target/debug/deps/libatspi-0964ea193931d5ba.rlib --extern atspi_common=/home/shawn/workspace2/reactive-tui/target/debug/deps/libatspi_common-d05038291def2340.rlib --extern atty=/home/shawn/workspace2/reactive-tui/target/debug/deps/libatty-8d71f9f430148254.rlib --extern base64=/home/shawn/workspace2/reactive-tui/target/debug/deps/libbase64-a283bc3bbc85c06d.rlib --extern bitflags=/home/shawn/workspace2/reactive-tui/target/debug/deps/libbitflags-ddb49399ac116e4d.rlib --extern cap_fs_ext=/home/shawn/workspace2/reactive-tui/target/debug/deps/libcap_fs_ext-aceedd5a34f72264.rlib --extern cap_std=/home/shawn/workspace2/reactive-tui/target/debug/deps/libcap_std-cd3c8ed8cee56b32.rlib --extern comrak=/home/shawn/workspace2/reactive-tui/target/debug/deps/libcomrak-3620a584698da6b9.rlib --extern criterion=/home/shawn/workspace2/reactive-tui/target/debug/deps/libcriterion-9ac51e3a68232a81.rlib --extern crossterm=/home/shawn/workspace2/reactive-tui/target/debug/deps/libcrossterm-07b78e95e767a6b0.rlib --extern dirs=/home/shawn/workspace2/reactive-tui/target/debug/deps/libdirs-0387b8f9858d623e.rlib --extern futures_core=/home/shawn/workspace2/reactive-tui/target/debug/deps/libfutures_core-16126cd1d6a07f0c.rlib --extern futures_lite=/home/shawn/workspace2/reactive-tui/target/debug/deps/libfutures_lite-4d1ff633039c31f5.rlib --extern futures_util=/home/shawn/workspace2/reactive-tui/target/debug/deps/libfutures_util-375fe341167f6936.rlib --extern gif=/home/shawn/workspace2/reactive-tui/target/debug/deps/libgif-13d2e8a51aef3446.rlib --extern image=/home/shawn/workspace2/reactive-tui/target/debug/deps/libimage-b494afafc0a00a24.rlib --extern lazy_static=/home/shawn/workspace2/reactive-tui/target/debug/deps/liblazy_static-dda9e99a377d5c0e.rlib --extern libc=/home/shawn/workspace2/reactive-tui/target/debug/deps/liblibc-d59ca39310437fbe.rlib --extern log=/home/shawn/workspace2/reactive-tui/target/debug/deps/liblog-32b251c9f60de43e.rlib --extern lru=/home/shawn/workspace2/reactive-tui/target/debug/deps/liblru-2f5b991bdc8841e3.rlib --extern once_cell=/home/shawn/workspace2/reactive-tui/target/debug/deps/libonce_cell-163a1ec3ed8f6d8d.rlib --extern phf=/home/shawn/workspace2/reactive-tui/target/debug/deps/libphf-7f09757f7cd1a237.rlib --extern proptest=/home/shawn/workspace2/reactive-tui/target/debug/deps/libproptest-3d2dbbd94f4d9eb4.rlib --extern reactive_tui=/home/shawn/workspace2/reactive-tui/target/debug/deps/libreactive_tui.rlib --extern reactive_tui_macros=/home/shawn/workspace2/reactive-tui/target/debug/deps/libreactive_tui_macros-49b4b2260ad99f3d.so --extern regex=/home/shawn/workspace2/reactive-tui/target/debug/deps/libregex-8dacbc7718c4ca80.rlib --extern rustix=/home/shawn/workspace2/reactive-tui/target/debug/deps/librustix-41851a71c1449600.rlib --extern serde=/home/shawn/workspace2/reactive-tui/target/debug/deps/libserde-9d28b3292ccd40d9.rlib --extern serde_json=/home/shawn/workspace2/reactive-tui/target/debug/deps/libserde_json-5ee244a6db39bff3.rlib --extern serial_test=/home/shawn/workspace2/reactive-tui/target/debug/deps/libserial_test-79726990aafdd264.rlib --extern string_cache=/home/shawn/workspace2/reactive-tui/target/debug/deps/libstring_cache-5c746a26d5056df4.rlib --extern suprtui=/home/shawn/workspace2/reactive-tui/target/debug/deps/libsuprtui-d5055d64cbf09480.rlib --extern syntect=/home/shawn/workspace2/reactive-tui/target/debug/deps/libsyntect-b596d9853565ab68.rlib --extern taffy=/home/shawn/workspace2/reactive-tui/target/debug/deps/libtaffy-b5522d2a71523ddd.rlib --extern tempfile=/home/shawn/workspace2/reactive-tui/target/debug/deps/libtempfile-78edfa01bb028a8d.rlib --extern thiserror=/home/shawn/workspace2/reactive-tui/target/debug/deps/libthiserror-5fc2c023e485fbb3.rlib --extern time=/home/shawn/workspace2/reactive-tui/target/debug/deps/libtime-b060bcc471b48bc1.rlib --extern tokio=/home/shawn/workspace2/reactive-tui/target/debug/deps/libtokio-339736fcb36abda5.rlib --extern unicode_segmentation=/home/shawn/workspace2/reactive-tui/target/debug/deps/libunicode_segmentation-9f284445673a86e7.rlib --extern unicode_width=/home/shawn/workspace2/reactive-tui/target/debug/deps/libunicode_width-0638d1d28c69d517.rlib --extern uuid=/home/shawn/workspace2/reactive-tui/target/debug/deps/libuuid-ad3f94545281b61a.rlib --extern vt100=/home/shawn/workspace2/reactive-tui/target/debug/deps/libvt100-da219aef7cf0116f.rlib --extern zbus=/home/shawn/workspace2/reactive-tui/target/debug/deps/libzbus-941c4197167c68e1.rlib --extern zvariant=/home/shawn/workspace2/reactive-tui/target/debug/deps/libzvariant-6691e78fd877f8ad.rlib -C link-arg=-Wl,--threads=8 -L native=/home/shawn/workspace2/reactive-tui/target/debug/build/onig_sys-5d1ab1a160df4359/out`
    Finished `test` profile [unoptimized + debuginfo] target(s) in 1.22s
  Executable `/home/shawn/workspace2/reactive-tui/target/debug/deps/reactive_tui-0fe28f82db83e8df`
  Executable `/home/shawn/workspace2/reactive-tui/target/debug/deps/advanced_table_test-4bb15b34617a3b5c`
  Executable `/home/shawn/workspace2/reactive-tui/target/debug/deps/alignment_strict_tests-b7694f47804a55b5`
  Executable `/home/shawn/workspace2/reactive-tui/target/debug/deps/alignment_utility_tests-20c0260a04fa0531`
  Executable `/home/shawn/workspace2/reactive-tui/target/debug/deps/animations_integration-8534c4446f766a76`
  Executable `/home/shawn/workspace2/reactive-tui/target/debug/deps/api_animation_screens-00f751b862ca4b6a`
  Executable `/home/shawn/workspace2/reactive-tui/target/debug/deps/api_clipboard-de9b76bbe8232a6e`
  Executable `/home/shawn/workspace2/reactive-tui/target/debug/deps/api_component_expansion-c5c3407a5bdab583`
  Executable `/home/shawn/workspace2/reactive-tui/target/debug/deps/api_dialog_lifecycle-d368492673b8b582`
  Executable `/home/shawn/workspace2/reactive-tui/target/debug/deps/api_editor_unicode-13766c895357dfdb`
  Executable `/home/shawn/workspace2/reactive-tui/target/debug/deps/api_event_routing-4f839b4b21869615`
  Executable `/home/shawn/workspace2/reactive-tui/target/debug/deps/api_feature_configurations-c04f814a33d200f1`
  Executable `/home/shawn/workspace2/reactive-tui/target/debug/deps/api_focus-5c00976239e499b5`
  Executable `/home/shawn/workspace2/reactive-tui/target/debug/deps/api_hook_lifecycle-c90f22e45e1909e7`
  Executable `/home/shawn/workspace2/reactive-tui/target/debug/deps/api_hook_state-495bfb464b16fdcd`
  Executable `/home/shawn/workspace2/reactive-tui/target/debug/deps/api_paint_properties-e8c44bea26aacd86`
  Executable `/home/shawn/workspace2/reactive-tui/target/debug/deps/api_signal_ownership-ae95fe95ebcd7099`
  Executable `/home/shawn/workspace2/reactive-tui/target/debug/deps/api_styling-986a17e63be11957`
  Executable `/home/shawn/workspace2/reactive-tui/target/debug/deps/api_widget_behavior-b44de95d3adf5336`
  Executable `/home/shawn/workspace2/reactive-tui/target/debug/deps/app_wakeups-680f3a2d0ac4c776`
  Executable `/home/shawn/workspace2/reactive-tui/target/debug/deps/automatic_memory_management_tests-ca023a150363715a`
  Executable `/home/shawn/workspace2/reactive-tui/target/debug/deps/charts_test-6f36cdf49d79eadc`
  Executable `/home/shawn/workspace2/reactive-tui/target/debug/deps/clipboard_platform-298c382542f3ffc9`
  Executable `/home/shawn/workspace2/reactive-tui/target/debug/deps/color_more_shades_tests-830ff526f42cf148`
  Executable `/home/shawn/workspace2/reactive-tui/target/debug/deps/color_shades_tests-447fb760d01eb3fe`
  Executable `/home/shawn/workspace2/reactive-tui/target/debug/deps/color_utility_tests-bfdb57ed3e348394`
  Executable `/home/shawn/workspace2/reactive-tui/target/debug/deps/component_macro_integration-781eb31e163ddf85`
  Executable `/home/shawn/workspace2/reactive-tui/target/debug/deps/component_macro_test-74bd183df2ffc733`
  Executable `/home/shawn/workspace2/reactive-tui/target/debug/deps/component_tests-41482dd572afa8ae`
  Executable `/home/shawn/workspace2/reactive-tui/target/debug/deps/css_animation_integration_test-1557c2a3ab25fdac`
  Executable `/home/shawn/workspace2/reactive-tui/target/debug/deps/css_in_rust_simple_test-330fde16b19c0312`
  Executable `/home/shawn/workspace2/reactive-tui/target/debug/deps/debug_animate_none-c65fa227064de16a`
  Executable `/home/shawn/workspace2/reactive-tui/target/debug/deps/element_bridge_tests-2e2bf415e4c933df`
  Executable `/home/shawn/workspace2/reactive-tui/target/debug/deps/embedded_terminal-8f5f58249a975f1e`
  Executable `/home/shawn/workspace2/reactive-tui/target/debug/deps/ffi_basic_test-f6cc118d896d2fa8`
  Executable `/home/shawn/workspace2/reactive-tui/target/debug/deps/ffi_tests-1eaf88ca587d2979`
  Executable `/home/shawn/workspace2/reactive-tui/target/debug/deps/full_pipeline_integration-1bcc900ba4bf8324`
  Executable `/home/shawn/workspace2/reactive-tui/target/debug/deps/layout_paint_tests-15546e9e25bb863e`
  Executable `/home/shawn/workspace2/reactive-tui/target/debug/deps/mouse_hooks_test-da76d71b350f8a0c`
  Executable `/home/shawn/workspace2/reactive-tui/target/debug/deps/opacity_tests-cd13ccf5744c057b`
  Executable `/home/shawn/workspace2/reactive-tui/target/debug/deps/performance_monitoring_test-9f86f84a32431ebf`
  Executable `/home/shawn/workspace2/reactive-tui/target/debug/deps/production_readiness_test-66110030e9fa627e`
  Executable `/home/shawn/workspace2/reactive-tui/target/debug/deps/property_tests-9b73b6ce67991b26`
  Executable `/home/shawn/workspace2/reactive-tui/target/debug/deps/props_derive_test-055014356fcf41ce`
  Executable `/home/shawn/workspace2/reactive-tui/target/debug/deps/registry_cache_isolation-650827b2330ad169`
  Executable `/home/shawn/workspace2/reactive-tui/target/debug/deps/registry_concurrency-e286fa02d0636265`
  Executable `/home/shawn/workspace2/reactive-tui/target/debug/deps/render_ops_snapshots-5a83920fecad185c`
  Executable `/home/shawn/workspace2/reactive-tui/target/debug/deps/screen_system_tests-c82f05d73ea5b3f5`
  Executable `/home/shawn/workspace2/reactive-tui/target/debug/deps/simple_css_animation_test-7377ebc4ab37ca6e`
  Executable `/home/shawn/workspace2/reactive-tui/target/debug/deps/simple_performance_test-e640142b1b449e00`
  Executable `/home/shawn/workspace2/reactive-tui/target/debug/deps/simple_props_test-ff07769a3c52a531`
  Executable `/home/shawn/workspace2/reactive-tui/target/debug/deps/suprtui_renderer-2419599ab9d0badf`
  Executable `/home/shawn/workspace2/reactive-tui/target/debug/deps/surface_integration-05d7a126279fe3e2`
  Executable `/home/shawn/workspace2/reactive-tui/target/debug/deps/syntax_highlighting_integration-22c915661510d31c`
  Executable `/home/shawn/workspace2/reactive-tui/target/debug/deps/test_absolute_debug-ffb283cb9f9d2b37`
  Executable `/home/shawn/workspace2/reactive-tui/target/debug/deps/test_absolute_paint-c7dce57c5b8a9895`
  Executable `/home/shawn/workspace2/reactive-tui/target/debug/deps/test_animation_api-caed3e7a928b7af4`
  Executable `/home/shawn/workspace2/reactive-tui/target/debug/deps/test_app_layout-f0b95c825a73ca40`
  Executable `/home/shawn/workspace2/reactive-tui/target/debug/deps/test_ffi_core_only-3f1b4cb5f3a735a7`
  Executable `/home/shawn/workspace2/reactive-tui/target/debug/deps/test_ffi_integration-82f583324965e432`
  Executable `/home/shawn/workspace2/reactive-tui/target/debug/deps/test_ffi_reactive_seamless-56549fafccf13522`
  Executable `/home/shawn/workspace2/reactive-tui/target/debug/deps/test_flex_layout-7a59f9495cb54f08`
  Executable `/home/shawn/workspace2/reactive-tui/target/debug/deps/test_minimal_ffi-8521a439dc878fe9`
  Executable `/home/shawn/workspace2/reactive-tui/target/debug/deps/utility_paint_tests-a85a8bc282e92f1c`
  Executable `/home/shawn/workspace2/reactive-tui/target/debug/deps/windows_platform-1651df7ecf66eee1`
  Executable `/home/shawn/workspace2/reactive-tui/target/debug/deps/z_index_tests-d5a8125823381ae8`
