warning: unused import: `std::os::windows::io::AsRawHandle`
  --> src\core\capabilities.rs:12:5
   |
12 | use std::os::windows::io::AsRawHandle;
   |     ^^^^^^^^^^^^^^^^^^^^^^^^^^^^^^^^^
   |
   = note: `#[warn(unused_imports)]` (part of `#[warn(unused)]`) on by default

warning: unused import: `crate::terminal::TerminalConfig`
 --> src\terminal\pty\tests.rs:2:5
  |
2 | use crate::terminal::TerminalConfig;
  |     ^^^^^^^^^^^^^^^^^^^^^^^^^^^^^^^

warning: unused import: `std::time::Duration`
 --> src\terminal\pty\tests.rs:3:5
  |
3 | use std::time::Duration;
  |     ^^^^^^^^^^^^^^^^^^^

warning: variable does not need to be mutable
    --> src\platform\mod.rs:1205:13
     |
1205 |         let mut buffer = [0u8; 8192];
     |             ----^^^^^^
     |             |
     |             help: remove this `mut`
     |
     = note: `#[warn(unused_mut)]` (part of `#[warn(unused)]`) on by default

warning: variable does not need to be mutable
    --> src\platform\mod.rs:1206:13
     |
1206 |         let mut total_read = 0;
     |             ----^^^^^^^^^^
     |             |
     |             help: remove this `mut`

warning: struct `SignalComponent` is never constructed
    --> src\app.rs:1015:12
     |
1015 |     struct SignalComponent;
     |            ^^^^^^^^^^^^^^^
     |
     = note: `#[warn(dead_code)]` (part of `#[warn(unused)]`) on by default

warning: variant `Panic` is never constructed
  --> src\backend\suprtui.rs:93:5
   |
83 | enum Command {
   |      ------- variant in this enum
...
93 |     Panic(&'static str),
   |     ^^^^^

warning: method `serial` is never used
  --> src\event\router.rs:84:19
   |
83 | impl NodeId {
   | ----------- method in this implementation
84 |     pub(crate) fn serial(self) -> usize {
   |                   ^^^^^^

warning: field `parser` is never read
   --> src\platform\mod.rs:492:5
    |
489 | pub struct DirectTty {
    |            --------- field in this struct
...
492 |     parser: parser::EscapeSequenceParser,
    |     ^^^^^^

warning: field `parser` is never read
   --> src\platform\loop.rs:342:5
    |
328 | pub struct ThreadedEventLoop {
    |            ----------------- field in this struct
...
342 |     parser: Arc<Mutex<EscapeSequenceParser>>,
    |     ^^^^^^

warning: `reactive-tui` (lib test) generated 10 warnings (run `cargo fix --lib -p reactive-tui --tests` to apply 5 suggestions)
    Finished `test` profile [unoptimized + debuginfo] target(s) in 0.19s
     Running unittests src\lib.rs (target\debug\deps\reactive_tui-71e5c1ac3a027292.exe)

running 17 tests
test core::surface::image_output::tests::api_surface_image_fallback_uses_source_regions_and_removes_pixels ... ok
test core::surface::image_output::tests::api_surface_image_foreground_fallback_clears_a_whole_wide_grapheme ... ok
test core::surface::image_output::tests::api_surface_image_projection_layer_alpha_and_checked_errors ... ok
test core::surface::image_output::tests::api_surface_image_protocol_retry_and_removal_are_owned ... ok
test core::surface::tests::api_surface_image_small_source_and_removal ... ok
test core::surface::tests::api_surface_image_validation_and_clipped_work ... ok
test core::surface::tests::diffwriter_counts_increase_on_changes ... ok
test core::surface::tests::surface_reinit_reuses_capacity ... ok
test core::surface::tests::test_border_chars ... ok
test core::surface::tests::test_cell_image_placement ... ok
test core::surface::tests::test_clear_all_image_placements ... ok
test core::surface::tests::test_enhanced_surface_features ... ok
test core::surface::tests::test_image_region_placement ... ok
test core::surface::tests::test_image_registry_basic_operations ... ok
test core::surface::tests::test_surface_copy_preserves_images ... ok
test core::surface::tests::test_surface_image_operations ... ok
test core::surface::tests::test_text_style ... ok

test result: ok. 17 passed; 0 failed; 0 ignored; 0 measured; 988 filtered out; finished in 0.01s

