    Updating crates.io index
    Updating git repository `https://github.com/Uzaaft/libghostty-rs`
 Downloading crates ...
  Downloaded futures-io v0.3.31
  Downloaded itoa v1.0.15
  Downloaded criterion-plot v0.5.0
  Downloaded sdd v3.0.10
  Downloaded signal-hook-mio v0.2.4
  Downloaded bitstream-io v2.6.0
  Downloaded ciborium v0.2.2
  Downloaded terminal_size v0.4.3
  Downloaded time-core v0.1.4
  Downloaded atty v0.2.14
  Downloaded avif-serialize v0.8.6
  Downloaded slug v0.1.6
  Downloaded siphasher v1.0.1
  Downloaded wasm-bindgen-shared v0.2.100
  Downloaded tokio-macros v2.5.0
  Downloaded fastrand v2.3.0
  Downloaded anstyle-query v1.1.4
  Downloaded serial_test_derive v3.2.0
  Downloaded simd-adler32 v0.3.7
  Downloaded typed-arena v2.0.2
  Downloaded xdg v2.5.2
  Downloaded serial_test v3.2.0
  Downloaded clap_lex v0.7.5
  Downloaded darling_macro v0.21.3
  Downloaded futures-core v0.3.31
  Downloaded wasm-bindgen-macro v0.2.100
  Downloaded shell-words v1.1.0
  Downloaded plotters-backend v0.3.7
  Downloaded vt100 v0.16.2
  Downloaded anstyle v1.0.11
  Downloaded colorchoice v1.0.4
  Downloaded is-terminal v0.4.16
  Downloaded wasm-bindgen-backend v0.2.100
  Downloaded time-macros v0.2.22
  Downloaded cfg-if v1.0.3
  Downloaded wasm-bindgen-macro-support v0.2.100
  Downloaded slab v0.4.11
  Downloaded rusty-fork v0.3.0
  Downloaded socket2 v0.6.0
  Downloaded futures-sink v0.3.31
  Downloaded signal-hook-registry v1.4.6
  Downloaded lebe v0.5.2
  Downloaded ciborium-ll v0.2.2
  Downloaded zune-core v0.4.12
  Downloaded wasm-bindgen v0.2.100
  Downloaded ryu v1.0.20
  Downloaded rgb v0.8.52
  Downloaded plotters-svg v0.3.7
  Downloaded yaml-rust v0.4.5
  Downloaded tempfile v3.21.0
  Downloaded weezl v0.1.10
  Downloaded serde_derive v1.0.229
  Downloaded is_terminal_polyfill v1.70.1
  Downloaded signal-hook v0.3.18
  Downloaded slotmap v1.0.7
  Downloaded ciborium-io v0.2.2
  Downloaded vte v0.15.0
  Downloaded num-conv v0.1.0
  Downloaded unicode-ident v1.0.18
  Downloaded tinyvec v1.10.0
  Downloaded uuid v1.18.1
  Downloaded vte v0.14.1
  Downloaded zune-jpeg v0.4.20
  Downloaded serde v1.0.229
  Downloaded serde_core v1.0.229
  Downloaded unicode-normalization v0.1.24
  Downloaded time v0.3.41
  Downloaded taffy v0.9.1
  Downloaded scc v2.4.0
  Downloaded futures-task v0.3.31
  Downloaded serde_json v1.0.143
  Downloaded rayon v1.11.0
  Downloaded document-features v0.2.11
  Downloaded zerocopy v0.8.26
  Downloaded syn v2.0.106
  Downloaded unicode-width v0.2.1
  Downloaded regex-syntax v0.8.6
  Downloaded syn v3.0.5
  Downloaded regex-automata v0.4.10
  Downloaded syntect v5.2.0
  Downloaded tokio v1.47.1
  Downloaded errno v0.3.13
  Downloaded tiff v0.9.1
  Downloaded anstyle-parse v0.2.7
  Downloaded futures-macro v0.3.31
  Downloaded convert_case v0.7.1
  Downloaded entities v1.0.1
  Downloaded deranged v0.4.0
  Downloaded cap-fs-ext v4.0.3
  Downloaded built v0.7.7
  Downloaded pin-project-lite v0.2.16
  Downloaded ravif v0.11.20
  Downloaded ipnet v2.12.2
  Downloaded anstream v0.6.20
  Downloaded pkg-config v0.3.32
  Downloaded lru v0.16.0
  Downloaded rand_core v0.9.3
  Downloaded futures-executor v0.3.31
  Downloaded bitflags v2.11.0
  Downloaded caseless v0.2.2
  Downloaded anes v0.1.6
  Downloaded lock_api v0.4.13
  Downloaded futures-channel v0.3.31
  Downloaded quote v1.0.40
  Downloaded clap_derive v4.5.45
  Downloaded darling v0.21.3
  Downloaded accesskit v0.25.0
  Downloaded log v0.4.27
  Downloaded grid v0.18.0
  Downloaded onig v6.5.1
  Downloaded gif v0.13.3
  Downloaded once_cell v1.21.3
  Downloaded parking_lot_core v0.9.11
  Downloaded av1-grain v0.2.4
  Downloaded parking_lot v0.12.4
  Downloaded bytemuck v1.23.2
  Downloaded getrandom v0.3.3
  Downloaded futures v0.3.31
  Downloaded proc-macro2 v1.0.101
  Downloaded clap v4.5.46
  Downloaded litrs v0.4.2
  Downloaded anyhow v1.0.99
  Downloaded bon v3.7.1
  Downloaded half v2.6.0
  Downloaded imgref v1.11.0
  Downloaded darling_core v0.21.3
  Downloaded derive_more v2.0.1
  Downloaded bytes v1.10.1
  Downloaded derive_more-impl v2.0.1
  Downloaded flate2 v1.1.2
  Downloaded fancy-regex v0.11.0
  Downloaded indexmap v2.14.2
  Downloaded cc v1.2.34
  Downloaded mio v1.0.4
  Downloaded plist v1.7.4
  Downloaded bumpalo v3.19.0
  Downloaded rand v0.9.2
  Downloaded memchr v2.7.5
  Downloaded bon-macros v3.7.1
  Downloaded itertools v0.10.5
  Downloaded criterion v0.5.1
  Downloaded itertools v0.12.1
  Downloaded plotters v0.3.7
  Downloaded crossterm v0.29.0
  Downloaded futures-util v0.3.31
  Downloaded clap_builder v4.5.46
  Downloaded regex v1.11.2
  Downloaded aho-corasick v1.1.3
  Downloaded comrak v0.41.0
  Downloaded quick-xml v0.38.3
  Downloaded proptest v1.7.0
  Downloaded image v0.25.6
  Downloaded exr v1.73.0
  Downloaded onig_sys v69.9.1
  Downloaded jpeg-decoder v0.3.2
  Downloaded libc v0.2.189
  Downloaded rav1e v0.7.1
   Compiling proc-macro2 v1.0.101
   Compiling unicode-ident v1.0.18
   Compiling libc v0.2.189
   Compiling cfg-if v1.0.3
   Compiling memchr v2.7.5
   Compiling autocfg v1.5.0
   Compiling bitflags v2.11.0
   Compiling rustix v1.1.4
   Compiling crossbeam-utils v0.8.21
   Compiling serde_core v1.0.229
   Compiling once_cell v1.21.3
   Compiling num-traits v0.2.19
   Compiling serde v1.0.229
   Compiling arrayvec v0.7.6
   Compiling getrandom v0.3.3
   Compiling simd-adler32 v0.3.7
   Compiling crossbeam-epoch v0.9.18
   Compiling rayon-core v1.13.0
   Compiling either v1.15.0
   Compiling quote v1.0.40
   Compiling log v0.4.27
   Compiling syn v2.0.106
   Compiling syn v3.0.5
   Compiling errno v0.3.13
   Compiling crossbeam-deque v0.8.6
   Compiling adler2 v2.0.1
   Compiling fnv v1.0.7
   Compiling smallvec v1.15.1
   Compiling crc32fast v1.5.0
   Compiling strsim v0.11.1
   Compiling miniz_oxide v0.8.9
   Compiling itoa v1.0.15
   Compiling thiserror v1.0.69
   Compiling num-integer v0.1.46
   Compiling serde_derive v1.0.229
   Compiling regex-syntax v0.8.6
   Compiling anyhow v1.0.99
   Compiling shlex v1.3.0
   Compiling flate2 v1.1.2
   Compiling cc v1.2.34
   Compiling num-bigint v0.4.6
   Compiling rayon v1.11.0
   Compiling lock_api v0.4.13
   Compiling aho-corasick v1.1.3
   Compiling half v2.6.0
   Compiling built v0.7.7
   Compiling futures-core v0.3.31
   Compiling parking_lot_core v0.9.11
   Compiling paste v1.0.15
   Compiling io-lifetimes v2.0.4
   Compiling serde_json v1.0.143
   Compiling equivalent v1.0.2
   Compiling pkg-config v0.3.32
   Compiling io-lifetimes v3.0.1
   Compiling utf8parse v0.2.2
   Compiling minimal-lexical v0.2.1
   Compiling ident_case v1.0.1
   Compiling version_check v0.9.5
   Compiling nom v7.1.3
   Compiling equator-macro v0.4.2
   Compiling thiserror-impl v1.0.69
   Compiling onig_sys v69.9.1
   Compiling slotmap v1.0.7
   Compiling darling_core v0.21.3
   Compiling profiling-procmacros v1.0.17
   Compiling equator v0.4.2
   Compiling anstyle-parse v0.2.7
   Compiling regex-automata v0.4.10
   Compiling aligned-vec v0.6.4
   Compiling v_frame v0.3.9
   Compiling rav1e v0.7.1
   Compiling num-rational v0.4.2
   Compiling ryu v1.0.20
   Compiling new_debug_unreachable v1.0.6
   Compiling is_terminal_polyfill v1.70.1
   Compiling prettyplease v0.2.37
   Compiling rustversion v1.0.22
   Compiling unicode-segmentation v1.13.3
   Compiling bitflags v1.3.2
   Compiling io-extras v0.19.0
   Compiling anstyle v1.0.11
   Compiling powerfmt v0.2.0
   Compiling pin-project-lite v0.2.16
   Compiling anstyle-query v1.1.4
   Compiling scopeguard v1.2.0
   Compiling colorchoice v1.0.4
   Compiling deranged v0.4.0
   Compiling anstream v0.6.20
   Compiling darling_macro v0.21.3
   Compiling regex v1.11.2
   Compiling av1-grain v0.2.4
   Compiling profiling v1.0.17
   Compiling arg_enum_proc_macro v0.3.4
   Compiling num-derive v0.4.2
   Compiling maybe-rayon v0.1.1
   Compiling terminal_size v0.4.3
   Compiling simd_helpers v0.1.0
   Compiling itertools v0.12.1
   Compiling imgref v1.11.0
   Compiling time-core v0.1.4
   Compiling hashbrown v0.17.1
   Compiling cap-primitives v4.0.3
   Compiling same-file v1.0.6
   Compiling quick-error v2.0.1
   Compiling num-conv v0.1.0
   Compiling weezl v0.1.10
   Compiling bitstream-io v2.6.0
   Compiling clap_lex v0.7.5
   Compiling heck v0.5.0
   Compiling noop_proc_macro v0.3.0
   Compiling tinyvec_macros v0.1.1
   Compiling bit-vec v0.6.3
   Compiling zerocopy v0.8.26
   Compiling signal-hook v0.3.18
   Compiling futures-sink v0.3.31
   Compiling bit-set v0.5.3
   Compiling futures-channel v0.3.31
   Compiling clap_derive v4.5.45
   Compiling tinyvec v1.10.0
   Compiling clap_builder v4.5.46
   Compiling indexmap v2.14.2
   Compiling time v0.3.41
   Compiling walkdir v2.5.0
   Compiling loop9 v0.1.5
   Compiling fs-set-times v0.20.3
   Compiling parking_lot v0.12.4
   Compiling darling v0.21.3
   Compiling convert_case v0.7.1
   Compiling rand_core v0.9.3
   Compiling signal-hook-registry v1.4.6
   Compiling mio v1.0.4
   Compiling fdeflate v0.3.7
   Compiling zune-inflate v0.2.54
   Compiling avif-serialize v0.8.6
   Compiling quick-xml v0.38.3
   Compiling ipnet v2.12.2
   Compiling linked-hash-map v0.5.6
   Compiling slab v0.4.11
   Compiling bit_field v0.10.3
   Compiling color_quant v1.1.0
   Compiling base64 v0.22.1
   Compiling lebe v0.5.2
   Compiling futures-task v0.3.31
   Compiling pin-utils v0.1.0
   Compiling jpeg-decoder v0.3.2
   Compiling cap-std v4.0.3
   Compiling maybe-owned v0.3.4
   Compiling fastrand v2.3.0
   Compiling byteorder-lite v0.1.0
   Compiling zune-core v0.4.12
   Compiling ambient-authority v0.0.2
   Compiling bytemuck v1.23.2
   Compiling futures-io v0.3.31
   Compiling rgb v0.8.52
   Compiling futures-util v0.3.31
   Compiling zune-jpeg v0.4.20
   Compiling tiff v0.9.1
   Compiling qoi v0.4.1
   Compiling image-webp v0.2.4
   Compiling tempfile v3.21.0
   Compiling plist v1.7.4
   Compiling onig v6.5.1
   Compiling exr v1.73.0
   Compiling gif v0.13.3
   Compiling yaml-rust v0.4.5
   Compiling png v0.17.16
   Compiling bon-macros v3.7.1
   Compiling derive_more-impl v2.0.1
   Compiling clap v4.5.46
   Compiling unicode-normalization v0.1.24
   Compiling fancy-regex v0.11.0
   Compiling bincode v1.3.3
   Compiling option-ext v0.2.0
   Compiling ravif v0.11.20
   Compiling ciborium-io v0.2.2
   Compiling deunicode v1.6.2
   Compiling siphasher v1.0.1
   Compiling litrs v0.4.2
   Compiling cap-fs-ext v4.0.3
   Compiling foldhash v0.1.5
   Compiling allocator-api2 v0.2.21
   Compiling plotters-backend v0.3.7
   Compiling document-features v0.2.11
   Compiling ppv-lite86 v0.2.21
   Compiling plotters-svg v0.3.7
   Compiling hashbrown v0.15.5
   Compiling image v0.25.6
   Compiling slug v0.1.6
   Compiling phf_shared v0.11.3
   Compiling syntect v5.2.0
   Compiling ciborium-ll v0.2.2
   Compiling dirs-sys v0.4.1
   Compiling caseless v0.2.2
   Compiling derive_more v2.0.1
   Compiling futures-executor v0.3.31
   Compiling signal-hook-mio v0.2.4
   Compiling taffy v0.13.0
   Compiling tokio-macros v2.5.0
   Compiling uuid v1.18.1
   Compiling socket2 v0.6.0
   Compiling wait-timeout v0.2.1
   Compiling itertools v0.10.5
   Compiling vte v0.14.1
   Compiling vte v0.15.0
   Compiling entities v1.0.1
   Compiling sdd v3.0.10
   Compiling unicode-width v0.2.1
   Compiling grid v0.18.0
   Compiling shell-words v1.1.0
   Compiling bon v3.7.1
   Compiling unicode-properties v0.1.4
   Compiling unicode_categories v0.1.1
   Compiling reactive-tui v0.0.7 (/private/tmp/reactive-api011-981f8c77cb15)
   Compiling lazy_static v1.5.0
   Compiling bit-vec v0.8.0
   Compiling typed-arena v2.0.2
   Compiling precomputed-hash v0.1.1
   Compiling cast v0.3.0
   Compiling quick-error v1.2.3
   Compiling bytes v1.10.1
   Compiling xdg v2.5.2
   Compiling rusty-fork v0.3.0
   Compiling string_cache v0.8.9
   Compiling criterion-plot v0.5.0
   Compiling comrak v0.41.0
   Compiling suprtui v0.1.0 (/private/tmp/reactive-api011-981f8c77cb15/src/backend/engine)
   Compiling bit-set v0.8.0
   Compiling tokio v1.47.1
   Compiling taffy v0.9.1
   Compiling vt100 v0.16.2
   Compiling scc v2.4.0
   Compiling accesskit v0.25.0
   Compiling crossterm v0.29.0
   Compiling futures v0.3.31
   Compiling ciborium v0.2.2
   Compiling dirs v5.0.1
   Compiling lru v0.16.0
   Compiling rand_chacha v0.9.0
   Compiling plotters v0.3.7
   Compiling rand v0.9.2
   Compiling rand_xorshift v0.4.0
   Compiling tinytemplate v1.2.1
   Compiling serial_test_derive v3.2.0
   Compiling reactive-tui-macros v0.1.0 (/private/tmp/reactive-api011-981f8c77cb15/reactive-tui-macros)
   Compiling is-terminal v0.4.16
   Compiling atty v0.2.14
   Compiling oorandom v11.1.5
   Compiling unarray v0.1.4
   Compiling anes v0.1.6
   Compiling proptest v1.7.0
   Compiling serial_test v3.2.0
   Compiling criterion v0.5.1
warning: falling back to `f32` as the trait bound `f32: From<f64>` is not satisfied
    --> src/layout/style.rs:1507:83
     |
1507 |                 .map(|_| GridTemplateComponent::from(TrackSizingFunction::from_fr(1.0)))
     |                                                                                   ^^^ help: explicitly specify the type as `f32`: `1.0_f32`
     |
     = warning: this was previously accepted by the compiler but is being phased out; it will become a hard error in a future release!
     = note: for more information, see issue #154024 <https://github.com/rust-lang/rust/issues/154024>
     = note: `#[warn(float_literal_f32_fallback)]` (part of `#[warn(future_incompatible)]`) on by default

warning: falling back to `f32` as the trait bound `f32: From<f64>` is not satisfied
    --> src/layout/style.rs:1513:83
     |
1513 |                 .map(|_| GridTemplateComponent::from(TrackSizingFunction::from_fr(1.0)))
     |                                                                                   ^^^ help: explicitly specify the type as `f32`: `1.0_f32`
     |
     = warning: this was previously accepted by the compiler but is being phased out; it will become a hard error in a future release!
     = note: for more information, see issue #154024 <https://github.com/rust-lang/rust/issues/154024>

warning: method `serial` is never used
  --> src/event/router.rs:84:19
   |
83 | impl NodeId {
   | ----------- method in this implementation
84 |     pub(crate) fn serial(self) -> usize {
   |                   ^^^^^^
   |
   = note: `#[warn(dead_code)]` (part of `#[warn(unused)]`) on by default

warning: `reactive-tui` (lib) generated 3 warnings (run `cargo fix --lib -p reactive-tui` to apply 2 suggestions)
warning: `reactive-tui` (lib test) generated 3 warnings (3 duplicates)
warning: struct `ChangingTerminal` is never constructed
   --> tests/api_widget_behavior/terminal.rs:267:8
    |
267 | struct ChangingTerminal {
    |        ^^^^^^^^^^^^^^^^
    |
    = note: `#[warn(dead_code)]` (part of `#[warn(unused)]`) on by default

warning: function `change` is never used
   --> tests/api_widget_behavior/terminal.rs:306:4
    |
306 | fn change(name: &str) -> Option<Event> {
    |    ^^^^^^

warning: `reactive-tui` (test "api_widget_behavior") generated 2 warnings
    Finished `test` profile [unoptimized + debuginfo] target(s) in 57.03s
  Executable unittests src/lib.rs (target/debug/deps/reactive_tui-ff47d22c9b99b7bb)
  Executable tests/api_widget_behavior.rs (target/debug/deps/api_widget_behavior-634e7a04075d8d44)
