warning: falling back to `f32` as the trait bound `f32: From<f64>` is not satisfied
    --> src/layout/style.rs:1507:83
     |
1507 |                 .map(|_| GridTemplateComponent::from(TrackSizingFunction::from_fr(1.0)))
     |                                                                                   ^^^ help: explicitly specify the type as `f32`: `1.0_f32`
     |
     = warning: this was previously accepted by the compiler but is being phased out; it will become a hard error in a future release!
     = note: for more information, see issue #154024 <https://github.com/rust-lang/rust/issues/154024>
     = note: `#[warn(float_literal_f32_fallback)]` (part of `#[warn(future_incompatible)]`) on by default

warning: falling back to `f32` as the trait bound `f32: From<f64>` is not satisfied
    --> src/layout/style.rs:1513:83
     |
1513 |                 .map(|_| GridTemplateComponent::from(TrackSizingFunction::from_fr(1.0)))
     |                                                                                   ^^^ help: explicitly specify the type as `f32`: `1.0_f32`
     |
     = warning: this was previously accepted by the compiler but is being phased out; it will become a hard error in a future release!
     = note: for more information, see issue #154024 <https://github.com/rust-lang/rust/issues/154024>

warning: method `serial` is never used
  --> src/event/router.rs:84:19
   |
83 | impl NodeId {
   | ----------- method in this implementation
84 |     pub(crate) fn serial(self) -> usize {
   |                   ^^^^^^
   |
   = note: `#[warn(dead_code)]` (part of `#[warn(unused)]`) on by default

warning: `reactive-tui` (lib test) generated 3 warnings (run `cargo fix --lib -p reactive-tui --tests` to apply 2 suggestions)
    Finished `test` profile [unoptimized + debuginfo] target(s) in 0.13s
     Running unittests src/lib.rs (target/debug/deps/reactive_tui-ff47d22c9b99b7bb)

running 7 tests
test widgets::dialog::http::tests::a_silent_endpoint_hits_the_owned_deadline ... ok
test widgets::dialog::http::tests::cancellation_joins_worker_and_closes_the_actual_connection ... ok
test widgets::dialog::http::tests::chunked_response_cannot_bypass_the_size_limit ... ok
test widgets::dialog::http::tests::missing_curl_is_an_explicit_error_in_an_isolated_process ... ok
test widgets::dialog::http::tests::request_preserves_json_escaping_and_custom_headers ... ok
test widgets::dialog::http::tests::tls_certificate_probe ... ignored, invoked with a trusted/untrusted HTTPS fixture by scripts/check-dialog-http.py
test widgets::dialog::http::tests::unsafe_configuration_and_oversized_requests_fail_before_spawn ... ok

test result: ok. 6 passed; 0 failed; 1 ignored; 0 measured; 938 filtered out; finished in 0.38s

