warning: falling back to `f32` as the trait bound `f32: From<f64>` is not satisfied
    --> src/layout/style.rs:1507:83
     |
1507 |                 .map(|_| GridTemplateComponent::from(TrackSizingFunction::from_fr(1.0)))
     |                                                                                   ^^^ help: explicitly specify the type as `f32`: `1.0_f32`
     |
     = warning: this was previously accepted by the compiler but is being phased out; it will become a hard error in a future release!
     = note: for more information, see issue #154024 <https://github.com/rust-lang/rust/issues/154024>
     = note: `#[warn(float_literal_f32_fallback)]` (part of `#[warn(future_incompatible)]`) on by default

warning: falling back to `f32` as the trait bound `f32: From<f64>` is not satisfied
    --> src/layout/style.rs:1513:83
     |
1513 |                 .map(|_| GridTemplateComponent::from(TrackSizingFunction::from_fr(1.0)))
     |                                                                                   ^^^ help: explicitly specify the type as `f32`: `1.0_f32`
     |
     = warning: this was previously accepted by the compiler but is being phased out; it will become a hard error in a future release!
     = note: for more information, see issue #154024 <https://github.com/rust-lang/rust/issues/154024>

warning: method `serial` is never used
  --> src/event/router.rs:84:19
   |
83 | impl NodeId {
   | ----------- method in this implementation
84 |     pub(crate) fn serial(self) -> usize {
   |                   ^^^^^^
   |
   = note: `#[warn(dead_code)]` (part of `#[warn(unused)]`) on by default

warning: `reactive-tui` (lib) generated 3 warnings (run `cargo fix --lib -p reactive-tui` to apply 2 suggestions)
warning: struct `ChangingTerminal` is never constructed
   --> tests/api_widget_behavior/terminal.rs:267:8
    |
267 | struct ChangingTerminal {
    |        ^^^^^^^^^^^^^^^^
    |
    = note: `#[warn(dead_code)]` (part of `#[warn(unused)]`) on by default

warning: function `change` is never used
   --> tests/api_widget_behavior/terminal.rs:306:4
    |
306 | fn change(name: &str) -> Option<Event> {
    |    ^^^^^^

warning: `reactive-tui` (test "api_widget_behavior") generated 2 warnings
    Finished `test` profile [unoptimized + debuginfo] target(s) in 0.14s
     Running tests/api_widget_behavior.rs (target/debug/deps/api_widget_behavior-634e7a04075d8d44)

running 12 tests
test image_acceptance::image_animated_gif_advances_without_input_and_repeats_through_app ... ok
test image_acceptance::image_builder_clips_to_its_parent_and_keeps_other_images_independent ... ok
test image_acceptance::image_builder_loads_encoded_file_contents ... ok
test image_acceptance::image_builder_paints_decoded_pixels_with_authored_bounds ... ok
test image_acceptance::image_builder_presents_decoded_kitty_pixels_and_releases_updated_and_removed_resources ... ok
test image_acceptance::image_builder_presents_sixel_and_inline_updates_and_removal ... ok
test image_acceptance::image_builder_reports_invalid_sources_and_empty_state ... ok
test image_acceptance::image_builder_resizes_to_its_presented_content_area ... ok
test image_acceptance::image_builder_retains_base64_data_url_and_format_hint ... ok
test image_acceptance::image_builder_updates_a_keyed_source_and_clears_on_removal ... ok
test image_acceptance::image_file_and_encoded_memory_share_kitty_payloads_in_app ... ok
test image_acceptance::image_native_element_honors_alpha_background_quality_and_text_mode ... ok

test result: ok. 12 passed; 0 failed; 0 ignored; 0 measured; 385 filtered out; finished in 2.27s

