    Finished `test` profile [unoptimized + debuginfo] target(s) in 0.14s
     Running unittests src/lib.rs (/home/shawn/workspace2/scratchpads/suprnova-target/debug/deps/reactive_tui-d6b4176a64f59b0a)

running 9 tests
test widgets::dialog::http::tests::a_silent_endpoint_hits_the_owned_deadline ... ok
test widgets::dialog::http::tests::cancellation_joins_worker_and_closes_the_actual_connection ... ok
test widgets::dialog::http::tests::chunked_response_cannot_bypass_the_size_limit ... ok
test widgets::dialog::http::tests::missing_curl_is_an_explicit_error_in_an_isolated_process ... ok
test widgets::dialog::http::tests::request_preserves_json_escaping_and_custom_headers ... ok
test widgets::dialog::http::tests::tls_certificate_probe ... ignored, invoked with a trusted/untrusted HTTPS fixture by scripts/check-dialog-http.py
test widgets::dialog::http::tests::unsafe_configuration_and_oversized_requests_fail_before_spawn ... ok
test widgets::dialog::http::tests::xis_001_capture_validator_rejects_unsafe_observations ... ok
test widgets::dialog::http::tests::xis_001_request_process_receives_only_documented_environment ... ok

test result: ok. 8 passed; 0 failed; 1 ignored; 0 measured; 1044 filtered out; finished in 0.33s

    Finished `test` profile [unoptimized + debuginfo] target(s) in 0.11s
     Running unittests src/lib.rs (/home/shawn/workspace2/scratchpads/suprnova-target/debug/deps/reactive_tui-d6b4176a64f59b0a)

running 1 test
test widgets::dialog::http::tests::tls_certificate_probe ... ok

test result: ok. 1 passed; 0 failed; 0 ignored; 0 measured; 1052 filtered out; finished in 0.02s

Dialog HTTPS trusted: passed
    Finished `test` profile [unoptimized + debuginfo] target(s) in 0.10s
     Running unittests src/lib.rs (/home/shawn/workspace2/scratchpads/suprnova-target/debug/deps/reactive_tui-d6b4176a64f59b0a)

running 1 test
test widgets::dialog::http::tests::tls_certificate_probe ... ok

test result: ok. 1 passed; 0 failed; 0 ignored; 0 measured; 1052 filtered out; finished in 0.02s

Dialog HTTPS untrusted: passed
    Finished `test` profile [unoptimized + debuginfo] target(s) in 0.10s
     Running tests/api_widget_behavior.rs (/home/shawn/workspace2/scratchpads/suprnova-target/debug/deps/api_widget_behavior-7fcee43da8fe5861)

running 17 tests
test dialog_http_acceptance::autocomplete_http_debounces_edits_into_one_current_query ... ok
test dialog_http_acceptance::autocomplete_http_rejects_malformed_suggestions_and_can_cancel ... ok
test dialog_http_acceptance::autocomplete_http_replacement_discards_the_previous_query ... ok
test dialog_http_acceptance::autocomplete_http_sends_query_headers_and_renders_suggestion_objects ... ok
test dialog_http_acceptance::autocomplete_removal_cancels_a_live_http_request ... ok
test dialog_http_acceptance::dialog_engine_http_close_cancels_a_live_request_and_does_not_submit ... ok
test dialog_http_acceptance::dialog_engine_http_validation_delivers_an_awaitable_result ... ok
test dialog_http_acceptance::input_dialog_edit_cancels_pending_remote_submission ... ok
test dialog_http_acceptance::input_dialog_inline_validators_do_not_cancel_a_matching_http_request_on_redraw ... ok
test dialog_http_acceptance::input_dialog_remote_change_validation_keeps_warnings_and_reuses_the_matching_result ... ok
test dialog_http_acceptance::input_dialog_remote_completion_preserves_the_submit_veto_and_revalidates_on_retry ... ok
test dialog_http_acceptance::input_dialog_remote_completion_rechecks_current_local_validation ... ok
test dialog_http_acceptance::input_dialog_remote_http_and_json_failures_remain_open ... ok
test dialog_http_acceptance::input_dialog_remote_rejection_can_be_corrected_and_resubmitted ... ok
test dialog_http_acceptance::input_dialog_remote_validation_posts_json_and_completes_pending_submission ... ok
test dialog_http_acceptance::input_dialog_removal_cancels_a_live_request_without_waiting_for_the_server ... ok
test dialog_http_acceptance::xis_001_disabled_dialog_configuration_never_spawns_curl ... ok

test result: ok. 17 passed; 0 failed; 0 ignored; 0 measured; 385 filtered out; finished in 14.02s

XIS-001 dialog network safety passed
