    Finished `test` profile [unoptimized + debuginfo] target(s) in 0.18s
     Running unittests src/lib.rs (/home/shawn/workspace2/scratchpads/suprnova-target/debug/deps/reactive_tui-d6b4176a64f59b0a)

running 9 tests
test widgets::dialog::http::tests::a_silent_endpoint_hits_the_owned_deadline ... ok
test widgets::dialog::http::tests::cancellation_joins_worker_and_closes_the_actual_connection ... ok
test widgets::dialog::http::tests::chunked_response_cannot_bypass_the_size_limit ... ok
test widgets::dialog::http::tests::missing_curl_is_an_explicit_error_in_an_isolated_process ... ok
test widgets::dialog::http::tests::request_preserves_json_escaping_and_custom_headers ... ok
test widgets::dialog::http::tests::tls_certificate_probe ... ignored, invoked with a trusted/untrusted HTTPS fixture by scripts/check-dialog-http.py
test widgets::dialog::http::tests::unsafe_configuration_and_oversized_requests_fail_before_spawn ... ok
test widgets::dialog::http::tests::xis_001_capture_validator_rejects_unsafe_observations ... ok
test widgets::dialog::http::tests::xis_001_request_process_receives_only_documented_environment ... FAILED

failures:

---- widgets::dialog::http::tests::xis_001_request_process_receives_only_documented_environment stdout ----

thread 'widgets::dialog::http::tests::xis_001_request_process_receives_only_documented_environment' (3840560) panicked at src/widgets/dialog/http/tests.rs:357:5:

running 1 test
test widgets::dialog::http::tests::xis_001_request_process_receives_only_documented_environment ... FAILED

failures:

failures:
    widgets::dialog::http::tests::xis_001_request_process_receives_only_documented_environment

test result: FAILED. 0 passed; 1 failed; 0 ignored; 0 measured; 1052 filtered out; finished in 0.06s



thread 'widgets::dialog::http::tests::xis_001_request_process_receives_only_documented_environment' (3840562) panicked at src/widgets/dialog/http/tests.rs:312:51:
called `Result::unwrap()` on an `Err` value: "curl inherited unrelated environment value HOME"
note: run with `RUST_BACKTRACE=1` environment variable to display a backtrace

note: run with `RUST_BACKTRACE=1` environment variable to display a backtrace


failures:
    widgets::dialog::http::tests::xis_001_request_process_receives_only_documented_environment

test result: FAILED. 7 passed; 1 failed; 1 ignored; 0 measured; 1044 filtered out; finished in 0.40s

error: test failed, to rerun pass `--lib`
