{"started": "raw-receiver-idle", "pid": 101339}
{"case": "raw-receiver-idle", "pid": 101339, "exit": 0, "timeout": false, "reaped": true}
{"started": "parsed-receiver-idle", "pid": 101344}
{"case": "parsed-receiver-idle", "pid": 101344, "exit": 0, "timeout": false, "reaped": true}
{"started": "reused-descriptor", "pid": 101559}
{"case": "reused-descriptor", "pid": 101559, "exit": 0, "timeout": false, "reaped": true}
{"started": "raw-receiver-active", "pid": 101562}
{"case": "raw-receiver-active", "pid": 101562, "exit": 0, "timeout": false, "reaped": true}
{"started": "raw-receiver-full", "pid": 101567}
{"case": "raw-receiver-full", "pid": 101567, "exit": 0, "timeout": false, "reaped": true}
{"started": "raw-session-full", "pid": 101731}
{"case": "raw-session-full", "pid": 101731, "exit": 0, "timeout": false, "reaped": true}
{"started": "raw-session-idle", "pid": 101890}
{"case": "raw-session-idle", "pid": 101890, "exit": 0, "timeout": false, "reaped": true}
{"started": "parsed-receiver-full", "pid": 101895}
{"case": "parsed-receiver-full", "pid": 101895, "exit": 0, "timeout": false, "reaped": true}
{"started": "parsed-session-full", "pid": 102111}
{"case": "parsed-session-full", "pid": 102111, "exit": 0, "timeout": false, "reaped": true}
{"started": "parsed-session-idle", "pid": 102331}
{"case": "parsed-session-idle", "pid": 102331, "exit": 0, "timeout": false, "reaped": true}
{"started": "clone-owner", "pid": 102466}
{"case": "clone-owner", "pid": 102466, "exit": 0, "timeout": false, "reaped": true}
{"started": "independent-streams", "pid": 102470}
{"case": "independent-streams", "pid": 102470, "exit": 0, "timeout": false, "reaped": true}
{"started": "owned-iterator", "pid": 102479}
{"case": "owned-iterator", "pid": 102479, "exit": 0, "timeout": false, "reaped": true}
{"started": "concurrent-drop", "pid": 102487}
{"case": "concurrent-drop", "pid": 102487, "exit": 0, "timeout": false, "reaped": true}
