warning: value assigned to `current_width` is never read
   --> src/markdown/converter.rs:249:21
    |
249 |                     current_width = 0;
    |                     ^^^^^^^^^^^^^^^^^
    |
    = help: maybe it is overwritten before being read?
    = note: `#[warn(unused_assignments)]` (part of `#[warn(unused)]`) on by default

warning: `reactive-tui` (lib) generated 1 warning
   Compiling reactive-tui v0.0.7 (/home/shawn/workspace2/reactive-tui)
    Finished `test` profile [unoptimized + debuginfo] target(s) in 2.73s
     Running tests/registry_cache_isolation.rs (target/debug/deps/registry_cache_isolation-d9aa7922619d63fd)

running 7 tests
test clear_and_reregister_through_clone_removes_old_aliases ... FAILED
test dropped_registry_does_not_seed_the_next_registry ... FAILED
test clone_before_registration_observes_shared_names ... FAILED
test independent_registries_do_not_share_names ... FAILED
test warmed_lookup_observes_registration_through_another_clone ... FAILED
test completed_cross_thread_mutations_reach_a_warmed_reader ... FAILED
test independent_registries_resolve_their_own_types_at_equal_versions ... FAILED

failures:

---- clear_and_reregister_through_clone_removes_old_aliases stdout ----

thread 'clear_and_reregister_through_clone_removes_old_aliases' (2461848) panicked at tests/registry_cache_isolation.rs:37:5:
stale name "old"
note: run with `RUST_BACKTRACE=1` environment variable to display a backtrace

---- dropped_registry_does_not_seed_the_next_registry stdout ----

thread 'dropped_registry_does_not_seed_the_next_registry' (2461851) panicked at tests/registry_cache_isolation.rs:29:28:
registered name "registry-1" was missing

---- clone_before_registration_observes_shared_names stdout ----

thread 'clone_before_registration_observes_shared_names' (2461849) panicked at tests/registry_cache_isolation.rs:29:28:
registered name "alpha" was missing

---- independent_registries_do_not_share_names stdout ----

thread 'independent_registries_do_not_share_names' (2461852) panicked at tests/registry_cache_isolation.rs:37:5:
stale name "left"

---- warmed_lookup_observes_registration_through_another_clone stdout ----

thread 'warmed_lookup_observes_registration_through_another_clone' (2461855) panicked at tests/registry_cache_isolation.rs:29:28:
registered name "beta" was missing

---- completed_cross_thread_mutations_reach_a_warmed_reader stdout ----

thread '<unnamed>' (2461853) panicked at tests/registry_cache_isolation.rs:29:28:
registered name "new" was missing

thread 'completed_cross_thread_mutations_reach_a_warmed_reader' (2461850) panicked at tests/registry_cache_isolation.rs:141:19:
called `Result::unwrap()` on an `Err` value: Any { .. }

---- independent_registries_resolve_their_own_types_at_equal_versions stdout ----

thread 'independent_registries_resolve_their_own_types_at_equal_versions' (2461854) panicked at tests/registry_cache_isolation.rs:30:5:
assertion `left == right` failed: wrong component for "shared"
  left: TypeId(0x42d04325f67e766205f30d17afbbe717)
 right: TypeId(0xbc83a722995b45be3c037c61442eb933)


failures:
    clear_and_reregister_through_clone_removes_old_aliases
    clone_before_registration_observes_shared_names
    completed_cross_thread_mutations_reach_a_warmed_reader
    dropped_registry_does_not_seed_the_next_registry
    independent_registries_do_not_share_names
    independent_registries_resolve_their_own_types_at_equal_versions
    warmed_lookup_observes_registration_through_another_clone

test result: FAILED. 0 passed; 7 failed; 0 ignored; 0 measured; 0 filtered out; finished in 0.00s

error: test failed, to rerun pass `--test registry_cache_isolation`
