    Finished `test` profile [unoptimized + debuginfo] target(s) in 0.07s
     Running tests/registry_cache_isolation.rs (target/debug/deps/registry_cache_isolation-6428099a4e7c3b75)

running 7 tests
test clone_before_registration_observes_shared_names ... ok
test clear_and_reregister_through_clone_removes_old_aliases ... ok
test independent_registries_do_not_share_names ... ok
test independent_registries_resolve_their_own_types_at_equal_versions ... ok
test warmed_lookup_observes_registration_through_another_clone ... ok
test dropped_registry_does_not_seed_the_next_registry ... ok
test completed_cross_thread_mutations_reach_a_warmed_reader ... ok

test result: ok. 7 passed; 0 failed; 0 ignored; 0 measured; 0 filtered out; finished in 0.00s

    Finished `test` profile [unoptimized + debuginfo] target(s) in 0.07s
     Running unittests src/lib.rs (target/debug/deps/reactive_tui-12f44458daa3f67c)

running 1 test
test component::registry::tests::test_registry ... ok

test result: ok. 1 passed; 0 failed; 0 ignored; 0 measured; 761 filtered out; finished in 0.00s

    Finished `test` profile [unoptimized + debuginfo] target(s) in 0.09s
PASS simple_performance_test: 25 concurrent-harness runs
PASS registry_concurrency: 25 concurrent-harness runs
    Finished `test` profile [unoptimized + debuginfo] target(s) in 0.08s
     Running tests/component_macro_integration.rs (target/debug/deps/component_macro_integration-8b17c792f94eae02)

running 1 test
test tests::test_component_macro_integration ... ok

test result: ok. 1 passed; 0 failed; 0 ignored; 0 measured; 0 filtered out; finished in 0.00s

     Running tests/component_macro_test.rs (target/debug/deps/component_macro_test-2c7cae9496382a04)

running 7 tests
test tests::test_component_instantiation ... ok
test tests::test_component_with_complex_props ... ok
test tests::test_component_with_props ... ok
test tests::test_component_with_state ... ok
test tests::test_macro_integration_with_existing_system ... ok
test tests::test_no_props_component ... ok
test tests::test_props_struct_generation ... ok

test result: ok. 7 passed; 0 failed; 0 ignored; 0 measured; 0 filtered out; finished in 0.00s

     Running tests/component_tests.rs (target/debug/deps/component_tests-982f7fce7691e5c1)

running 7 tests
test test_element_builder_pattern ... ok
test test_element_clone ... ok
test test_element_creation ... ok
test test_component_needs_update ... ok
test test_element_equality ... ok
test test_lifecycle_phases ... ok
test test_component_lifecycle ... ok

test result: ok. 7 passed; 0 failed; 0 ignored; 0 measured; 0 filtered out; finished in 0.00s

