A11Y # GNOME Terminal 3.58.0 using VTE 0.84.0 +BIDI +GNUTLS +ICU +SYSTEMD
dbus-daemon[1047650]: [session uid=1000 pid=1047650 pidfd=5] Activating service name='org.a11y.Bus' requested by ':1.0' (uid=1000 pid=1047678 comm="/usr/bin/python3 /usr/bin/orca --version" label="unconfined")
dbus-daemon[1047650]: [session uid=1000 pid=1047650 pidfd=5] Successfully activated service 'org.a11y.Bus'
dbus-daemon[1047650]: [session uid=1000 pid=1047650 pidfd=5] Activating service name='org.gtk.vfs.Daemon' requested by ':1.3' (uid=1000 pid=1047722 comm="/usr/lib/x86_64-linux-gnu/../../lib/x86_64-linux-g" label="unconfined")
dbus-daemon[1047650]: [session uid=1000 pid=1047650 pidfd=5] Successfully activated service 'org.gtk.vfs.Daemon'
dbus-daemon[1047704]: Activating service name='org.a11y.atspi.Registry' requested by ':1.0' (uid=1000 pid=1047678 comm="/usr/bin/python3 /usr/bin/orca --version" label="unconfined")
dbus-daemon[1047704]: Successfully activated service 'org.a11y.atspi.Registry'
SpiRegistry daemon is running with well-known name - org.a11y.atspi.Registry
A11Y Orca version 50.1.2, AT-SPI2 version: 2.60.0, Session: x11 gnome
A11Y isolated X11/Xvfb viewport 32x10
dbus-daemon[1047650]: [session uid=1000 pid=1047650 pidfd=5] Activating service name='ca.desrt.dconf' requested by ':1.7' (uid=1000 pid=1048579 comm="/usr/bin/python3 /usr/bin/orca --debug-file /tmp/r" label="unconfined")
dbus-daemon[1047650]: [session uid=1000 pid=1047650 pidfd=5] Successfully activated service 'ca.desrt.dconf'
dbus-daemon[1047650]: [session uid=1000 pid=1047650 pidfd=5] Activating service name='org.gnome.Terminal' requested by ':1.9' (uid=1000 pid=1048654 comm="gnome-terminal --display=:1 --geometry=32x10 --wai" label="unconfined")
dbus-daemon[1047650]: [session uid=1000 pid=1047650 pidfd=5] Activating service name='org.freedesktop.portal.Desktop' requested by ':1.10' (uid=1000 pid=1048662 comm="/usr/libexec/gnome-terminal-server" label="unconfined")
dbus-daemon[1047650]: [session uid=1000 pid=1047650 pidfd=5] Activating service name='org.freedesktop.impl.portal.PermissionStore' requested by ':1.11' (uid=1000 pid=1048673 comm="/usr/libexec/xdg-desktop-portal" label="unconfined")
dbus-daemon[1047650]: [session uid=1000 pid=1047650 pidfd=5] Successfully activated service 'org.freedesktop.impl.portal.PermissionStore'
dbus-daemon[1047650]: [session uid=1000 pid=1047650 pidfd=5] Activating service name='org.freedesktop.portal.Documents' requested by ':1.11' (uid=1000 pid=1048673 comm="/usr/libexec/xdg-desktop-portal" label="unconfined")
dbus-daemon[1047650]: [session uid=1000 pid=1047650 pidfd=5] Successfully activated service 'org.freedesktop.portal.Documents'

(/usr/libexec/xdg-desktop-portal:1048673): xdg-desktop-portal-WARNING **: 12:38:29.785: Choosing gnome.portal for org.freedesktop.impl.portal.Lockdown via the deprecated UseIn key

(/usr/libexec/xdg-desktop-portal:1048673): xdg-desktop-portal-WARNING **: 12:38:29.785: The preferred method to match portal implementations to desktop environments is to use the portals.conf(5) configuration file
dbus-daemon[1047650]: [session uid=1000 pid=1047650 pidfd=5] Activating service name='org.freedesktop.impl.portal.desktop.gnome' requested by ':1.11' (uid=1000 pid=1048673 comm="/usr/libexec/xdg-desktop-portal" label="unconfined")
libEGL warning: DRI3 error: Could not get DRI3 device
libEGL warning: Ensure your X server supports DRI3 to get accelerated rendering
dbus-daemon[1047650]: [session uid=1000 pid=1047650 pidfd=5] Successfully activated service 'org.freedesktop.impl.portal.desktop.gnome'

(/usr/libexec/xdg-desktop-portal:1048673): xdg-desktop-portal-WARNING **: 12:38:29.957: Choosing gnome.portal for org.freedesktop.impl.portal.Access via the deprecated UseIn key

(/usr/libexec/xdg-desktop-portal:1048673): xdg-desktop-portal-WARNING **: 12:38:29.968: Choosing gnome.portal for org.freedesktop.impl.portal.Settings via the deprecated UseIn key

(/usr/libexec/xdg-desktop-portal:1048673): xdg-desktop-portal-WARNING **: 12:38:29.968: Choosing gtk.portal for org.freedesktop.impl.portal.Settings via the deprecated UseIn key
dbus-daemon[1047650]: [session uid=1000 pid=1047650 pidfd=5] Activating service name='org.freedesktop.impl.portal.desktop.gtk' requested by ':1.11' (uid=1000 pid=1048673 comm="/usr/libexec/xdg-desktop-portal" label="unconfined")
dbus-daemon[1047650]: [session uid=1000 pid=1047650 pidfd=5] Successfully activated service 'org.freedesktop.impl.portal.desktop.gtk'

(/usr/libexec/xdg-desktop-portal:1048673): xdg-desktop-portal-WARNING **: 12:38:29.987: Choosing gnome.portal for org.freedesktop.impl.portal.FileChooser via the deprecated UseIn key

(/usr/libexec/xdg-desktop-portal:1048673): xdg-desktop-portal-WARNING **: 12:38:29.988: Choosing gnome.portal for org.freedesktop.impl.portal.AppChooser via the deprecated UseIn key

(/usr/libexec/xdg-desktop-portal:1048673): xdg-desktop-portal-WARNING **: 12:38:29.988: Choosing gnome.portal for org.freedesktop.impl.portal.Print via the deprecated UseIn key

(/usr/libexec/xdg-desktop-portal:1048673): xdg-desktop-portal-WARNING **: 12:38:29.989: Choosing gnome.portal for org.freedesktop.impl.portal.Notification via the deprecated UseIn key

(/usr/libexec/xdg-desktop-portal:1048673): xdg-desktop-portal-WARNING **: 12:38:29.989: Choosing gtk.portal for org.freedesktop.impl.portal.Inhibit via the deprecated UseIn key

(/usr/libexec/xdg-desktop-portal:1048673): xdg-desktop-portal-WARNING **: 12:38:29.993: Failed to connect to PipeWire: Couldn't connect to PipeWire

(/usr/libexec/xdg-desktop-portal:1048673): xdg-desktop-portal-WARNING **: 12:38:29.993: Choosing gnome.portal for org.freedesktop.impl.portal.Screenshot via the deprecated UseIn key

(/usr/libexec/xdg-desktop-portal:1048673): xdg-desktop-portal-WARNING **: 12:38:29.993: Choosing gnome.portal for org.freedesktop.impl.portal.Background via the deprecated UseIn key

(/usr/libexec/xdg-desktop-portal:1048673): xdg-desktop-portal-WARNING **: 12:38:29.994: Choosing gnome.portal for org.freedesktop.impl.portal.Wallpaper via the deprecated UseIn key

(/usr/libexec/xdg-desktop-portal:1048673): xdg-desktop-portal-WARNING **: 12:38:29.994: Choosing gnome.portal for org.freedesktop.impl.portal.Account via the deprecated UseIn key

(/usr/libexec/xdg-desktop-portal:1048673): xdg-desktop-portal-WARNING **: 12:38:29.994: Choosing gtk.portal for org.freedesktop.impl.portal.Email via the deprecated UseIn key

(/usr/libexec/xdg-desktop-portal:1048673): xdg-desktop-portal-WARNING **: 12:38:29.995: Choosing gnome-keyring.portal for org.freedesktop.impl.portal.Secret via the deprecated UseIn key

(/usr/libexec/xdg-desktop-portal:1048673): xdg-desktop-portal-WARNING **: 12:38:29.995: Choosing gnome.portal for org.freedesktop.impl.portal.GlobalShortcuts via the deprecated UseIn key
dbus-daemon[1047650]: [session uid=1000 pid=1047650 pidfd=5] Activating service name='org.freedesktop.secrets' requested by ':1.11' (uid=1000 pid=1048673 comm="/usr/libexec/xdg-desktop-portal" label="unconfined")

(/usr/libexec/xdg-desktop-portal:1048673): xdg-desktop-portal-WARNING **: 12:38:29.996: Choosing gnome.portal for org.freedesktop.impl.portal.DynamicLauncher via the deprecated UseIn key

(/usr/libexec/xdg-desktop-portal:1048673): xdg-desktop-portal-WARNING **: 12:38:29.996: Choosing gnome.portal for org.freedesktop.impl.portal.ScreenCast via the deprecated UseIn key

(/usr/libexec/xdg-desktop-portal:1048673): xdg-desktop-portal-WARNING **: 12:38:29.996: Choosing gnome.portal for org.freedesktop.impl.portal.RemoteDesktop via the deprecated UseIn key

(/usr/libexec/xdg-desktop-portal:1048673): xdg-desktop-portal-WARNING **: 12:38:29.997: Choosing gnome.portal for org.freedesktop.impl.portal.Clipboard via the deprecated UseIn key

(/usr/libexec/xdg-desktop-portal:1048673): xdg-desktop-portal-WARNING **: 12:38:29.997: Choosing gnome.portal for org.freedesktop.impl.portal.InputCapture via the deprecated UseIn key

(/usr/libexec/xdg-desktop-portal:1048673): xdg-desktop-portal-WARNING **: 12:38:29.997: Choosing gnome.portal for org.freedesktop.impl.portal.Usb via the deprecated UseIn key
** Message: 12:38:30.001: couldn't access control socket: /tmp/rtui-orca-nap5qwav/runtime/keyring/control: No such file or directory
discover_other_daemon: 0dbus-daemon[1047650]: [session uid=1000 pid=1047650 pidfd=5] Successfully activated service 'org.freedesktop.secrets'
dbus-daemon[1047650]: [session uid=1000 pid=1047650 pidfd=5] Successfully activated service 'org.freedesktop.portal.Desktop'
dbus-daemon[1047650]: [session uid=1000 pid=1047650 pidfd=5] Successfully activated service 'org.gnome.Terminal'
dbus-daemon[1047650]: [session uid=1000 pid=1047650 pidfd=5] Activating service name='org.gtk.vfs.Metadata' requested by ':1.10' (uid=1000 pid=1048662 comm="/usr/libexec/gnome-terminal-server" label="unconfined")
dbus-daemon[1047650]: [session uid=1000 pid=1047650 pidfd=5] Successfully activated service 'org.gtk.vfs.Metadata'

(process:1047654): dbind-WARNING **: 12:38:30.328: AT-SPI: AddAccessible with unknown signature (so)(so)(so)iiassusau


(process:1047654): dbind-WARNING **: 12:38:30.328: AT-SPI: AddAccessible with unknown signature (so)(so)(so)iiassusau


(process:1047654): dbind-WARNING **: 12:38:30.328: AT-SPI: AddAccessible with unknown signature (so)(so)(so)iiassusau


(process:1047654): dbind-WARNING **: 12:38:30.328: AT-SPI: AddAccessible with unknown signature (so)(so)(so)iiassusau


(process:1047654): dbind-WARNING **: 12:38:30.328: AT-SPI: AddAccessible with unknown signature (so)(so)(so)iiassusau


(process:1047654): dbind-WARNING **: 12:38:30.328: AT-SPI: AddAccessible with unknown signature (so)(so)(so)iiassusau


(process:1047654): dbind-WARNING **: 12:38:30.328: AT-SPI: AddAccessible with unknown signature (so)(so)(so)iiassusau


(process:1047654): dbind-WARNING **: 12:38:30.328: AT-SPI: AddAccessible with unknown signature (so)(so)(so)iiassusau


(process:1047654): dbind-WARNING **: 12:38:30.328: AT-SPI: AddAccessible with unknown signature (so)(so)(so)iiassusau


(process:1047654): dbind-WARNING **: 12:38:30.328: AT-SPI: AddAccessible with unknown signature (so)(so)(so)iiassusau

/home/shawn/workspace2/reactive-tui/tests/api_widget_behavior/orca.py:241: DeprecationWarning: Atspi.Action.get_action_name is deprecated
  assert action.get_action_name(0) == "click"

(process:1047654): dbind-WARNING **: 12:38:30.640: AT-SPI: AddAccessible with unknown signature (so)(so)(so)iiassusau


(process:1047654): dbind-WARNING **: 12:38:30.640: AT-SPI: AddAccessible with unknown signature (so)(so)(so)iiassusau


(process:1047654): dbind-WARNING **: 12:38:31.097: AT-SPI: AddAccessible with unknown signature (so)(so)(so)iiassusau


(process:1047654): dbind-WARNING **: 12:38:31.097: AT-SPI: Unknown signature so for RemoveAccessible

(process:1047654): dbind-WARNING **: 12:38:31.097: AT-SPI: Unknown signature so for RemoveAccessible

(process:1047654): dbind-WARNING **: 12:38:31.143: AT-SPI: Unknown signature so for RemoveAccessible

(process:1047654): dbind-WARNING **: 12:38:31.206: AT-SPI: AddAccessible with unknown signature (so)(so)(so)iiassusau


(process:1047654): dbind-WARNING **: 12:38:31.206: AT-SPI: AddAccessible with unknown signature (so)(so)(so)iiassusau


(process:1047654): dbind-WARNING **: 12:38:31.241: AT-SPI: AddAccessible with unknown signature (so)(so)(so)iiassusau


(process:1047654): dbind-WARNING **: 12:38:31.241: AT-SPI: AddAccessible with unknown signature (so)(so)(so)iiassusau


(process:1047654): dbind-WARNING **: 12:38:31.241: AT-SPI: AddAccessible with unknown signature (so)(so)(so)iiassusau


(process:1047654): dbind-WARNING **: 12:38:31.241: AT-SPI: AddAccessible with unknown signature (so)(so)(so)iiassusau


(process:1047654): dbind-WARNING **: 12:38:31.241: AT-SPI: AddAccessible with unknown signature (so)(so)(so)iiassusau


(process:1047654): dbind-WARNING **: 12:38:31.241: AT-SPI: Unknown signature so for RemoveAccessible

(process:1047654): dbind-WARNING **: 12:38:31.241: AT-SPI: Unknown signature so for RemoveAccessible

(process:1047654): dbind-WARNING **: 12:38:31.241: AT-SPI: Unknown signature so for RemoveAccessible

(process:1047654): dbind-WARNING **: 12:38:31.241: AT-SPI: Unknown signature so for RemoveAccessible

(process:1047654): dbind-WARNING **: 12:38:31.241: AT-SPI: Unknown signature so for RemoveAccessible
A11Y round 1: labels, roles, focus, disabled actions, expansion, nested input and removal passed

(process:1047654): dbind-WARNING **: 12:38:31.609: AT-SPI: AddAccessible with unknown signature (so)(so)(so)iiassusau


(process:1047654): dbind-WARNING **: 12:38:31.609: AT-SPI: Unknown signature so for RemoveAccessible

(process:1047654): dbind-WARNING **: 12:38:31.609: AT-SPI: Unknown signature so for RemoveAccessible

(process:1047654): dbind-WARNING **: 12:38:31.609: AT-SPI: Unknown signature so for RemoveAccessible

(process:1047654): dbind-WARNING **: 12:38:31.609: AT-SPI: Unknown signature so for RemoveAccessible

(process:1047654): dbind-WARNING **: 12:38:31.609: AT-SPI: Unknown signature so for RemoveAccessible
A11Y breadcrumb: labels, link roles, current page announcement, inert actions, assistive and keyboard focus, activation and removal passed

(process:1047654): dbind-WARNING **: 12:38:31.644: AT-SPI: AddAccessible with unknown signature (so)(so)(so)iiassusau


(process:1047654): dbind-WARNING **: 12:38:31.644: AT-SPI: AddAccessible with unknown signature (so)(so)(so)iiassusau


(process:1047654): dbind-WARNING **: 12:38:31.644: AT-SPI: AddAccessible with unknown signature (so)(so)(so)iiassusau


(process:1047654): dbind-WARNING **: 12:38:31.644: AT-SPI: AddAccessible with unknown signature (so)(so)(so)iiassusau


(process:1047654): dbind-WARNING **: 12:38:31.644: AT-SPI: AddAccessible with unknown signature (so)(so)(so)iiassusau


(process:1047654): dbind-WARNING **: 12:38:31.644: AT-SPI: AddAccessible with unknown signature (so)(so)(so)iiassusau


(process:1047654): dbind-WARNING **: 12:38:31.644: AT-SPI: AddAccessible with unknown signature (so)(so)(so)iiassusau


(process:1047654): dbind-WARNING **: 12:38:31.644: AT-SPI: Unknown signature so for RemoveAccessible
A11Y CSS: reference labels, description, role, focus, pressed update, live announcement and hidden state passed

(process:1047654): dbind-WARNING **: 12:38:31.970: AT-SPI: AddAccessible with unknown signature (so)(so)(so)iiassusau


(process:1047654): dbind-WARNING **: 12:38:31.970: AT-SPI: AddAccessible with unknown signature (so)(so)(so)iiassusau


(process:1047654): dbind-WARNING **: 12:38:31.970: AT-SPI: AddAccessible with unknown signature (so)(so)(so)iiassusau


(process:1047654): dbind-WARNING **: 12:38:31.970: AT-SPI: Unknown signature so for RemoveAccessible

(process:1047654): dbind-WARNING **: 12:38:31.970: AT-SPI: Unknown signature so for RemoveAccessible

(process:1047654): dbind-WARNING **: 12:38:31.970: AT-SPI: Unknown signature so for RemoveAccessible

(process:1047654): dbind-WARNING **: 12:38:31.970: AT-SPI: Unknown signature so for RemoveAccessible

(process:1047654): dbind-WARNING **: 12:38:31.970: AT-SPI: Unknown signature so for RemoveAccessible

(process:1047654): dbind-WARNING **: 12:38:31.970: AT-SPI: Unknown signature so for RemoveAccessible

(process:1047654): dbind-WARNING **: 12:38:31.970: AT-SPI: Unknown signature so for RemoveAccessible
A11Y checkbox: role, distinct label, mixed/checked/unchecked speech, focus, assistive/keyboard toggles and disabled actions passed
A11Y slider: label, role, focus, numeric bounds, keyboard step and changed value speech passed

(process:1047654): dbind-WARNING **: 12:38:32.288: AT-SPI: AddAccessible with unknown signature (so)(so)(so)iiassusau


(process:1047654): dbind-WARNING **: 12:38:32.288: AT-SPI: AddAccessible with unknown signature (so)(so)(so)iiassusau


(process:1047654): dbind-WARNING **: 12:38:32.288: AT-SPI: AddAccessible with unknown signature (so)(so)(so)iiassusau


(process:1047654): dbind-WARNING **: 12:38:32.288: AT-SPI: AddAccessible with unknown signature (so)(so)(so)iiassusau


(process:1047654): dbind-WARNING **: 12:38:32.288: AT-SPI: Unknown signature so for RemoveAccessible

(process:1047654): dbind-WARNING **: 12:38:32.288: AT-SPI: Unknown signature so for RemoveAccessible

(process:1047654): dbind-WARNING **: 12:38:32.288: AT-SPI: Unknown signature so for RemoveAccessible
A11Y radio: group/option roles, labels, focus, disabled skipping, exclusive keyboard and assistive selection passed

(process:1047654): dbind-WARNING **: 12:38:32.594: AT-SPI: AddAccessible with unknown signature (so)(so)(so)iiassusau


(process:1047654): dbind-WARNING **: 12:38:32.594: AT-SPI: AddAccessible with unknown signature (so)(so)(so)iiassusau


(process:1047654): dbind-WARNING **: 12:38:32.594: AT-SPI: Unknown signature so for RemoveAccessible

(process:1047654): dbind-WARNING **: 12:38:32.594: AT-SPI: Unknown signature so for RemoveAccessible

(process:1047654): dbind-WARNING **: 12:38:32.594: AT-SPI: Unknown signature so for RemoveAccessible

(process:1047654): dbind-WARNING **: 12:38:32.594: AT-SPI: Unknown signature so for RemoveAccessible
A11Y named radios: roles, labels, focus and exclusive group selection passed

(process:1047654): dbind-WARNING **: 12:38:32.735: AT-SPI: AddAccessible with unknown signature (so)(so)(so)iiassusau


(process:1047654): dbind-WARNING **: 12:38:32.735: AT-SPI: Unknown signature so for RemoveAccessible

(process:1047654): dbind-WARNING **: 12:38:32.735: AT-SPI: Unknown signature so for RemoveAccessible

(process:1047654): dbind-WARNING **: 12:38:32.769: AT-SPI: AddAccessible with unknown signature (so)(so)(so)iiassusau


(process:1047654): dbind-WARNING **: 12:38:32.769: AT-SPI: AddAccessible with unknown signature (so)(so)(so)iiassusau


(process:1047654): dbind-WARNING **: 12:38:32.769: AT-SPI: AddAccessible with unknown signature (so)(so)(so)iiassusau


(process:1047654): dbind-WARNING **: 12:38:32.769: AT-SPI: AddAccessible with unknown signature (so)(so)(so)iiassusau


(process:1047654): dbind-WARNING **: 12:38:32.802: AT-SPI: Unknown signature so for RemoveAccessible

(process:1047654): dbind-WARNING **: 12:38:32.802: AT-SPI: Unknown signature so for RemoveAccessible

(process:1047654): dbind-WARNING **: 12:38:32.802: AT-SPI: Unknown signature so for RemoveAccessible

(process:1047654): dbind-WARNING **: 12:38:32.802: AT-SPI: Unknown signature so for RemoveAccessible

(process:1047654): dbind-WARNING **: 12:38:32.835: AT-SPI: AddAccessible with unknown signature (so)(so)(so)iiassusau


(process:1047654): dbind-WARNING **: 12:38:32.835: AT-SPI: AddAccessible with unknown signature (so)(so)(so)iiassusau


(process:1047654): dbind-WARNING **: 12:38:32.835: AT-SPI: AddAccessible with unknown signature (so)(so)(so)iiassusau


(process:1047654): dbind-WARNING **: 12:38:32.835: AT-SPI: AddAccessible with unknown signature (so)(so)(so)iiassusau


(process:1047654): dbind-WARNING **: 12:38:33.048: AT-SPI: Unknown signature so for RemoveAccessible

(process:1047654): dbind-WARNING **: 12:38:33.048: AT-SPI: Unknown signature so for RemoveAccessible

(process:1047654): dbind-WARNING **: 12:38:33.048: AT-SPI: Unknown signature so for RemoveAccessible

(process:1047654): dbind-WARNING **: 12:38:33.048: AT-SPI: Unknown signature so for RemoveAccessible

(process:1047654): dbind-WARNING **: 12:38:33.051: AT-SPI: AddAccessible with unknown signature (so)(so)(so)iiassusau


(process:1047654): dbind-WARNING **: 12:38:33.051: AT-SPI: AddAccessible with unknown signature (so)(so)(so)iiassusau


(process:1047654): dbind-WARNING **: 12:38:33.051: AT-SPI: AddAccessible with unknown signature (so)(so)(so)iiassusau


(process:1047654): dbind-WARNING **: 12:38:33.051: AT-SPI: AddAccessible with unknown signature (so)(so)(so)iiassusau


(process:1047654): dbind-WARNING **: 12:38:33.248: AT-SPI: Unknown signature so for RemoveAccessible

(process:1047654): dbind-WARNING **: 12:38:33.248: AT-SPI: Unknown signature so for RemoveAccessible

(process:1047654): dbind-WARNING **: 12:38:33.248: AT-SPI: Unknown signature so for RemoveAccessible

(process:1047654): dbind-WARNING **: 12:38:33.248: AT-SPI: Unknown signature so for RemoveAccessible

(process:1047654): dbind-WARNING **: 12:38:33.251: AT-SPI: AddAccessible with unknown signature (so)(so)(so)iiassusau


(process:1047654): dbind-WARNING **: 12:38:33.251: AT-SPI: Unknown signature so for RemoveAccessible

(process:1047654): dbind-WARNING **: 12:38:33.288: AT-SPI: AddAccessible with unknown signature (so)(so)(so)iiassusau


(process:1047654): dbind-WARNING **: 12:38:33.288: AT-SPI: AddAccessible with unknown signature (so)(so)(so)iiassusau


(process:1047654): dbind-WARNING **: 12:38:33.288: AT-SPI: AddAccessible with unknown signature (so)(so)(so)iiassusau


(process:1047654): dbind-WARNING **: 12:38:33.793: AT-SPI: Unknown signature so for RemoveAccessible

(process:1047654): dbind-WARNING **: 12:38:33.793: AT-SPI: Unknown signature so for RemoveAccessible

(process:1047654): dbind-WARNING **: 12:38:33.793: AT-SPI: Unknown signature so for RemoveAccessible
A11Y select: combo/list/option roles, labels, expansion, focus, disabled skipping, single/multiple assistive and keyboard selection with selection speech passed

(process:1047654): dbind-WARNING **: 12:38:33.828: AT-SPI: AddAccessible with unknown signature (so)(so)(so)iiassusau


(process:1047654): dbind-WARNING **: 12:38:33.828: AT-SPI: AddAccessible with unknown signature (so)(so)(so)iiassusau


(process:1047654): dbind-WARNING **: 12:38:33.828: AT-SPI: AddAccessible with unknown signature (so)(so)(so)iiassusau


(process:1047654): dbind-WARNING **: 12:38:33.828: AT-SPI: AddAccessible with unknown signature (so)(so)(so)iiassusau


(process:1047654): dbind-WARNING **: 12:38:33.828: AT-SPI: Unknown signature so for RemoveAccessible

(process:1047654): dbind-WARNING **: 12:38:33.868: AT-SPI: AddAccessible with unknown signature (so)(so)(so)iiassusau


(process:1047654): dbind-WARNING **: 12:38:33.868: AT-SPI: AddAccessible with unknown signature (so)(so)(so)iiassusau


(process:1047654): dbind-WARNING **: 12:38:33.868: AT-SPI: AddAccessible with unknown signature (so)(so)(so)iiassusau


(process:1047654): dbind-WARNING **: 12:38:33.868: AT-SPI: AddAccessible with unknown signature (so)(so)(so)iiassusau


(process:1047654): dbind-WARNING **: 12:38:33.868: AT-SPI: AddAccessible with unknown signature (so)(so)(so)iiassusau


(process:1047654): dbind-WARNING **: 12:38:33.868: AT-SPI: AddAccessible with unknown signature (so)(so)(so)iiassusau


(process:1047654): dbind-WARNING **: 12:38:33.868: AT-SPI: AddAccessible with unknown signature (so)(so)(so)iiassusau


(process:1047654): dbind-WARNING **: 12:38:33.868: AT-SPI: AddAccessible with unknown signature (so)(so)(so)iiassusau


(process:1047654): dbind-WARNING **: 12:38:34.083: AT-SPI: Unknown signature so for RemoveAccessible

(process:1047654): dbind-WARNING **: 12:38:34.083: AT-SPI: Unknown signature so for RemoveAccessible

(process:1047654): dbind-WARNING **: 12:38:34.083: AT-SPI: Unknown signature so for RemoveAccessible

(process:1047654): dbind-WARNING **: 12:38:34.083: AT-SPI: Unknown signature so for RemoveAccessible

(process:1047654): dbind-WARNING **: 12:38:34.083: AT-SPI: Unknown signature so for RemoveAccessible

(process:1047654): dbind-WARNING **: 12:38:34.083: AT-SPI: Unknown signature so for RemoveAccessible

(process:1047654): dbind-WARNING **: 12:38:34.083: AT-SPI: Unknown signature so for RemoveAccessible

(process:1047654): dbind-WARNING **: 12:38:34.083: AT-SPI: Unknown signature so for RemoveAccessible

(process:1047654): dbind-WARNING **: 12:38:34.115: AT-SPI: AddAccessible with unknown signature (so)(so)(so)iiassusau


(process:1047654): dbind-WARNING **: 12:38:34.115: AT-SPI: AddAccessible with unknown signature (so)(so)(so)iiassusau


(process:1047654): dbind-WARNING **: 12:38:34.115: AT-SPI: AddAccessible with unknown signature (so)(so)(so)iiassusau


(process:1047654): dbind-WARNING **: 12:38:34.115: AT-SPI: AddAccessible with unknown signature (so)(so)(so)iiassusau


(process:1047654): dbind-WARNING **: 12:38:34.115: AT-SPI: AddAccessible with unknown signature (so)(so)(so)iiassusau


(process:1047654): dbind-WARNING **: 12:38:34.115: AT-SPI: AddAccessible with unknown signature (so)(so)(so)iiassusau


(process:1047654): dbind-WARNING **: 12:38:34.115: AT-SPI: AddAccessible with unknown signature (so)(so)(so)iiassusau


(process:1047654): dbind-WARNING **: 12:38:34.115: AT-SPI: AddAccessible with unknown signature (so)(so)(so)iiassusau


(process:1047654): dbind-WARNING **: 12:38:34.336: AT-SPI: AddAccessible with unknown signature (so)(so)(so)iiassusau


(process:1047654): dbind-WARNING **: 12:38:34.373: AT-SPI: AddAccessible with unknown signature (so)(so)(so)iiassusau


(process:1047654): dbind-WARNING **: 12:38:34.373: AT-SPI: AddAccessible with unknown signature (so)(so)(so)iiassusau


(process:1047654): dbind-WARNING **: 12:38:34.540: AT-SPI: Unknown signature so for RemoveAccessible

(process:1047654): dbind-WARNING **: 12:38:34.540: AT-SPI: Unknown signature so for RemoveAccessible

(process:1047654): dbind-WARNING **: 12:38:34.540: AT-SPI: Unknown signature so for RemoveAccessible

(process:1047654): dbind-WARNING **: 12:38:34.540: AT-SPI: Unknown signature so for RemoveAccessible

(process:1047654): dbind-WARNING **: 12:38:34.540: AT-SPI: Unknown signature so for RemoveAccessible

(process:1047654): dbind-WARNING **: 12:38:34.540: AT-SPI: Unknown signature so for RemoveAccessible

(process:1047654): dbind-WARNING **: 12:38:34.540: AT-SPI: Unknown signature so for RemoveAccessible

(process:1047654): dbind-WARNING **: 12:38:34.540: AT-SPI: Unknown signature so for RemoveAccessible

(process:1047654): dbind-WARNING **: 12:38:34.540: AT-SPI: Unknown signature so for RemoveAccessible

(process:1047654): dbind-WARNING **: 12:38:34.540: AT-SPI: Unknown signature so for RemoveAccessible

(process:1047654): dbind-WARNING **: 12:38:34.540: AT-SPI: Unknown signature so for RemoveAccessible
A11Y menu family 1: roles, disabled actions, assistive/keyboard focus, nested activation and removal passed

(process:1047654): dbind-WARNING **: 12:38:34.576: AT-SPI: Unknown signature so for RemoveAccessible

(process:1047654): dbind-WARNING **: 12:38:34.576: AT-SPI: Unknown signature so for RemoveAccessible

(process:1047654): dbind-WARNING **: 12:38:34.576: AT-SPI: Unknown signature so for RemoveAccessible

(process:1047654): dbind-WARNING **: 12:38:34.581: AT-SPI: AddAccessible with unknown signature (so)(so)(so)iiassusau


(process:1047654): dbind-WARNING **: 12:38:34.581: AT-SPI: AddAccessible with unknown signature (so)(so)(so)iiassusau


(process:1047654): dbind-WARNING **: 12:38:34.581: AT-SPI: AddAccessible with unknown signature (so)(so)(so)iiassusau


(process:1047654): dbind-WARNING **: 12:38:34.581: AT-SPI: AddAccessible with unknown signature (so)(so)(so)iiassusau


(process:1047654): dbind-WARNING **: 12:38:34.581: AT-SPI: AddAccessible with unknown signature (so)(so)(so)iiassusau


(process:1047654): dbind-WARNING **: 12:38:34.581: AT-SPI: AddAccessible with unknown signature (so)(so)(so)iiassusau


(process:1047654): dbind-WARNING **: 12:38:34.581: AT-SPI: AddAccessible with unknown signature (so)(so)(so)iiassusau


(process:1047654): dbind-WARNING **: 12:38:34.581: AT-SPI: AddAccessible with unknown signature (so)(so)(so)iiassusau


(process:1047654): dbind-WARNING **: 12:38:34.581: AT-SPI: AddAccessible with unknown signature (so)(so)(so)iiassusau


(process:1047654): dbind-WARNING **: 12:38:35.111: AT-SPI: AddAccessible with unknown signature (so)(so)(so)iiassusau


(process:1047654): dbind-WARNING **: 12:38:35.111: AT-SPI: AddAccessible with unknown signature (so)(so)(so)iiassusau


(process:1047654): dbind-WARNING **: 12:38:35.111: AT-SPI: AddAccessible with unknown signature (so)(so)(so)iiassusau


(process:1047654): dbind-WARNING **: 12:38:35.344: AT-SPI: Unknown signature so for RemoveAccessible

(process:1047654): dbind-WARNING **: 12:38:35.344: AT-SPI: Unknown signature so for RemoveAccessible

(process:1047654): dbind-WARNING **: 12:38:35.344: AT-SPI: Unknown signature so for RemoveAccessible

(process:1047654): dbind-WARNING **: 12:38:35.370: AT-SPI: Unknown signature so for RemoveAccessible

(process:1047654): dbind-WARNING **: 12:38:35.370: AT-SPI: Unknown signature so for RemoveAccessible

(process:1047654): dbind-WARNING **: 12:38:35.370: AT-SPI: Unknown signature so for RemoveAccessible

(process:1047654): dbind-WARNING **: 12:38:35.370: AT-SPI: Unknown signature so for RemoveAccessible

(process:1047654): dbind-WARNING **: 12:38:35.370: AT-SPI: Unknown signature so for RemoveAccessible

(process:1047654): dbind-WARNING **: 12:38:35.370: AT-SPI: Unknown signature so for RemoveAccessible

(process:1047654): dbind-WARNING **: 12:38:35.370: AT-SPI: Unknown signature so for RemoveAccessible

(process:1047654): dbind-WARNING **: 12:38:35.370: AT-SPI: Unknown signature so for RemoveAccessible

(process:1047654): dbind-WARNING **: 12:38:35.370: AT-SPI: Unknown signature so for RemoveAccessible
A11Y menu family 2: roles, disabled actions, assistive/keyboard focus, nested activation and removal passed

(process:1047654): dbind-WARNING **: 12:38:35.413: AT-SPI: AddAccessible with unknown signature (so)(so)(so)iiassusau


(process:1047654): dbind-WARNING **: 12:38:35.413: AT-SPI: AddAccessible with unknown signature (so)(so)(so)iiassusau


(process:1047654): dbind-WARNING **: 12:38:35.413: AT-SPI: AddAccessible with unknown signature (so)(so)(so)iiassusau


(process:1047654): dbind-WARNING **: 12:38:35.413: AT-SPI: AddAccessible with unknown signature (so)(so)(so)iiassusau


(process:1047654): dbind-WARNING **: 12:38:35.413: AT-SPI: AddAccessible with unknown signature (so)(so)(so)iiassusau


(process:1047654): dbind-WARNING **: 12:38:35.413: AT-SPI: AddAccessible with unknown signature (so)(so)(so)iiassusau


(process:1047654): dbind-WARNING **: 12:38:35.413: AT-SPI: AddAccessible with unknown signature (so)(so)(so)iiassusau


(process:1047654): dbind-WARNING **: 12:38:35.413: AT-SPI: AddAccessible with unknown signature (so)(so)(so)iiassusau


(process:1047654): dbind-WARNING **: 12:38:35.413: AT-SPI: AddAccessible with unknown signature (so)(so)(so)iiassusau


(process:1047654): dbind-WARNING **: 12:38:35.672: AT-SPI: AddAccessible with unknown signature (so)(so)(so)iiassusau


(process:1047654): dbind-WARNING **: 12:38:35.672: AT-SPI: AddAccessible with unknown signature (so)(so)(so)iiassusau


(process:1047654): dbind-WARNING **: 12:38:35.672: AT-SPI: AddAccessible with unknown signature (so)(so)(so)iiassusau


(process:1047654): dbind-WARNING **: 12:38:35.824: AT-SPI: Unknown signature so for RemoveAccessible

(process:1047654): dbind-WARNING **: 12:38:35.824: AT-SPI: Unknown signature so for RemoveAccessible

(process:1047654): dbind-WARNING **: 12:38:35.824: AT-SPI: Unknown signature so for RemoveAccessible

(process:1047654): dbind-WARNING **: 12:38:35.824: AT-SPI: Unknown signature so for RemoveAccessible

(process:1047654): dbind-WARNING **: 12:38:35.824: AT-SPI: Unknown signature so for RemoveAccessible

(process:1047654): dbind-WARNING **: 12:38:35.824: AT-SPI: Unknown signature so for RemoveAccessible

(process:1047654): dbind-WARNING **: 12:38:35.824: AT-SPI: Unknown signature so for RemoveAccessible

(process:1047654): dbind-WARNING **: 12:38:35.824: AT-SPI: Unknown signature so for RemoveAccessible

(process:1047654): dbind-WARNING **: 12:38:35.824: AT-SPI: Unknown signature so for RemoveAccessible

(process:1047654): dbind-WARNING **: 12:38:35.824: AT-SPI: Unknown signature so for RemoveAccessible

(process:1047654): dbind-WARNING **: 12:38:35.824: AT-SPI: Unknown signature so for RemoveAccessible

(process:1047654): dbind-WARNING **: 12:38:35.824: AT-SPI: Unknown signature so for RemoveAccessible
A11Y menu family 3: roles, disabled actions, assistive/keyboard focus, nested activation and removal passed

(process:1047654): dbind-WARNING **: 12:38:35.889: AT-SPI: AddAccessible with unknown signature (so)(so)(so)iiassusau


(process:1047654): dbind-WARNING **: 12:38:35.889: AT-SPI: AddAccessible with unknown signature (so)(so)(so)iiassusau


(process:1047654): dbind-WARNING **: 12:38:35.889: AT-SPI: AddAccessible with unknown signature (so)(so)(so)iiassusau


(process:1047654): dbind-WARNING **: 12:38:35.889: AT-SPI: AddAccessible with unknown signature (so)(so)(so)iiassusau


(process:1047654): dbind-WARNING **: 12:38:35.889: AT-SPI: AddAccessible with unknown signature (so)(so)(so)iiassusau


(process:1047654): dbind-WARNING **: 12:38:35.889: AT-SPI: AddAccessible with unknown signature (so)(so)(so)iiassusau


(process:1047654): dbind-WARNING **: 12:38:35.889: AT-SPI: AddAccessible with unknown signature (so)(so)(so)iiassusau


(process:1047654): dbind-WARNING **: 12:38:35.889: AT-SPI: AddAccessible with unknown signature (so)(so)(so)iiassusau


(process:1047654): dbind-WARNING **: 12:38:35.889: AT-SPI: AddAccessible with unknown signature (so)(so)(so)iiassusau


(process:1047654): dbind-WARNING **: 12:38:35.889: AT-SPI: AddAccessible with unknown signature (so)(so)(so)iiassusau


(process:1047654): dbind-WARNING **: 12:38:36.188: AT-SPI: AddAccessible with unknown signature (so)(so)(so)iiassusau


(process:1047654): dbind-WARNING **: 12:38:36.188: AT-SPI: AddAccessible with unknown signature (so)(so)(so)iiassusau


(process:1047654): dbind-WARNING **: 12:38:36.188: AT-SPI: AddAccessible with unknown signature (so)(so)(so)iiassusau


(process:1047654): dbind-WARNING **: 12:38:36.376: AT-SPI: Unknown signature so for RemoveAccessible

(process:1047654): dbind-WARNING **: 12:38:36.376: AT-SPI: Unknown signature so for RemoveAccessible

(process:1047654): dbind-WARNING **: 12:38:36.376: AT-SPI: Unknown signature so for RemoveAccessible

(process:1047654): dbind-WARNING **: 12:38:36.376: AT-SPI: Unknown signature so for RemoveAccessible

(process:1047654): dbind-WARNING **: 12:38:36.376: AT-SPI: Unknown signature so for RemoveAccessible

(process:1047654): dbind-WARNING **: 12:38:36.376: AT-SPI: Unknown signature so for RemoveAccessible

(process:1047654): dbind-WARNING **: 12:38:36.376: AT-SPI: Unknown signature so for RemoveAccessible

(process:1047654): dbind-WARNING **: 12:38:36.376: AT-SPI: Unknown signature so for RemoveAccessible

(process:1047654): dbind-WARNING **: 12:38:36.376: AT-SPI: Unknown signature so for RemoveAccessible

(process:1047654): dbind-WARNING **: 12:38:36.376: AT-SPI: Unknown signature so for RemoveAccessible

(process:1047654): dbind-WARNING **: 12:38:36.376: AT-SPI: Unknown signature so for RemoveAccessible

(process:1047654): dbind-WARNING **: 12:38:36.376: AT-SPI: Unknown signature so for RemoveAccessible

(process:1047654): dbind-WARNING **: 12:38:36.376: AT-SPI: Unknown signature so for RemoveAccessible
A11Y menu family 4: roles, disabled actions, assistive/keyboard focus, nested activation and removal passed

(process:1047654): dbind-WARNING **: 12:38:36.410: AT-SPI: AddAccessible with unknown signature (so)(so)(so)iiassusau


(process:1047654): dbind-WARNING **: 12:38:36.410: AT-SPI: AddAccessible with unknown signature (so)(so)(so)iiassusau


(process:1047654): dbind-WARNING **: 12:38:36.410: AT-SPI: AddAccessible with unknown signature (so)(so)(so)iiassusau


(process:1047654): dbind-WARNING **: 12:38:36.410: AT-SPI: AddAccessible with unknown signature (so)(so)(so)iiassusau


(process:1047654): dbind-WARNING **: 12:38:36.410: AT-SPI: AddAccessible with unknown signature (so)(so)(so)iiassusau


(process:1047654): dbind-WARNING **: 12:38:36.410: AT-SPI: AddAccessible with unknown signature (so)(so)(so)iiassusau


(process:1047654): dbind-WARNING **: 12:38:36.524: AT-SPI: AddAccessible with unknown signature (so)(so)(so)iiassusau


(process:1047654): dbind-WARNING **: 12:38:36.524: AT-SPI: AddAccessible with unknown signature (so)(so)(so)iiassusau


(process:1047654): dbind-WARNING **: 12:38:36.524: AT-SPI: AddAccessible with unknown signature (so)(so)(so)iiassusau


(process:1047654): dbind-WARNING **: 12:38:36.741: AT-SPI: AddAccessible with unknown signature (so)(so)(so)iiassusau


(process:1047654): dbind-WARNING **: 12:38:36.741: AT-SPI: AddAccessible with unknown signature (so)(so)(so)iiassusau

A11Y round 2: simultaneous and successive App isolation, action delivery, exactly-once callbacks and adapter cleanup passed
A11Y 12:38:30.560246 - SPEECH OUTPUT: 'Account preferences accessible label' {'established': False, 'family': {'name': '', 'gender': None, 'lang': 'C', 'dialect': '', 'variant': None}}
A11Y 12:38:30.561940 - SPEECH OUTPUT: 'collapsed button.' {'established': False}
A11Y 12:38:30.786009 - SPEECH OUTPUT: 'Account preferences accessible label' {'established': False, 'family': {'name': '', 'gender': None, 'lang': 'C', 'dialect': '', 'variant': None}}
A11Y 12:38:30.861233 - SPEECH OUTPUT: 'expanded' {'established': False}
A11Y 12:38:30.934848 - SPEECH OUTPUT: 'Nested account entry' {'established': False, 'family': {'name': '', 'gender': None, 'lang': 'C', 'dialect': '', 'variant': None}}
A11Y 12:38:31.041898 - SPEECH OUTPUT: 'Privacy preferences accessible label' {'established': False, 'family': {'name': '', 'gender': None, 'lang': 'C', 'dialect': '', 'variant': None}}
A11Y 12:38:31.042344 - SPEECH OUTPUT: 'collapsed button.' {'established': False}
A11Y 12:38:31.350459 - SPEECH OUTPUT: 'Breadcrumb docs accessible label' {'established': False, 'family': {'name': '', 'gender': None, 'lang': 'C', 'dialect': '', 'variant': None}}
A11Y 12:38:31.425576 - SPEECH OUTPUT: 'Breadcrumb home accessible label' {'established': False, 'family': {'name': '', 'gender': None, 'lang': 'C', 'dialect': '', 'variant': None}}
A11Y 12:38:31.519506 - SPEECH OUTPUT: 'Breadcrumb docs accessible label' {'established': False, 'family': {'name': '', 'gender': None, 'lang': 'C', 'dialect': '', 'variant': None}}
A11Y 12:38:31.590893 - SPEECH OUTPUT: 'Breadcrumb current accessible label' {'established': False, 'family': {'name': '', 'gender': None, 'lang': 'C', 'dialect': '', 'variant': None}}
A11Y 12:38:31.592453 - SPEECH OUTPUT: 'static (Current page)' {'established': False}
A11Y 12:38:31.760946 - SPEECH OUTPUT: 'Independent App action' {'established': False, 'family': {'name': '', 'gender': None, 'lang': 'C', 'dialect': '', 'variant': None}}
A11Y 12:38:31.936699 - SPEECH OUTPUT: 'Background calls 1' {'established': False}
A11Y 12:38:31.954130 - SPEECH OUTPUT: 'pressed' {'established': False}
A11Y 12:38:32.038273 - SPEECH OUTPUT: 'Notification preference' {'established': False, 'family': {'name': '', 'gender': None, 'lang': 'C', 'dialect': '', 'variant': None}}
A11Y 12:38:32.038739 - SPEECH OUTPUT: 'check box partially checked.' {'established': False}
A11Y 12:38:32.099052 - SPEECH OUTPUT: 'checked' {'established': False}
A11Y 12:38:32.167910 - SPEECH OUTPUT: 'not checked' {'established': False}
A11Y 12:38:32.211656 - SPEECH OUTPUT: 'Playback volume' {'established': False, 'family': {'name': '', 'gender': None, 'lang': 'C', 'dialect': '', 'variant': None}}
A11Y 12:38:32.375881 - SPEECH OUTPUT: 'Standard delivery' {'established': False, 'family': {'name': '', 'gender': None, 'lang': 'C', 'dialect': '', 'variant': None}}
A11Y 12:38:32.378541 - SPEECH OUTPUT: 'selected radio button.' {'established': False}
A11Y 12:38:32.460737 - SPEECH OUTPUT: 'Express delivery' {'established': False, 'family': {'name': '', 'gender': None, 'lang': 'C', 'dialect': '', 'variant': None}}
A11Y 12:38:32.462642 - SPEECH OUTPUT: 'not selected radio button.' {'established': False}
A11Y 12:38:32.515430 - SPEECH OUTPUT: 'selected' {'established': False}
A11Y 12:38:32.576651 - SPEECH OUTPUT: 'Standard delivery' {'established': False, 'family': {'name': '', 'gender': None, 'lang': 'C', 'dialect': '', 'variant': None}}
A11Y 12:38:32.579299 - SPEECH OUTPUT: 'selected radio button.' {'established': False}
A11Y 12:38:32.657605 - SPEECH OUTPUT: 'Named beta' {'established': False, 'family': {'name': '', 'gender': None, 'lang': 'C', 'dialect': '', 'variant': None}}
A11Y 12:38:32.658191 - SPEECH OUTPUT: 'not selected radio button.' {'established': False}
A11Y 12:38:33.679847 - SPEECH OUTPUT: 'selected' {'established': False}
A11Y 12:38:34.045806 - SPEECH OUTPUT: 'Enable notifications' {'established': False, 'family': {'name': '', 'gender': None, 'lang': 'C', 'dialect': '', 'variant': None}}
A11Y 12:38:34.049123 - SPEECH OUTPUT: 'check menu item not checked.' {'established': False}
A11Y 12:38:34.150327 - SPEECH OUTPUT: 'Menu file' {'established': False, 'family': {'name': '', 'gender': None, 'lang': 'C', 'dialect': '', 'variant': None}}
A11Y 12:38:34.253633 - SPEECH OUTPUT: 'Enable notifications' {'established': False, 'family': {'name': '', 'gender': None, 'lang': 'C', 'dialect': '', 'variant': None}}
A11Y 12:38:34.258356 - SPEECH OUTPUT: 'check menu item checked.' {'established': False}
A11Y 12:38:34.381852 - SPEECH OUTPUT: 'Recent menu' {'established': False, 'family': {'name': '', 'gender': None, 'lang': 'C', 'dialect': '', 'variant': None}}
A11Y 12:38:34.515776 - SPEECH OUTPUT: 'Recent document.' {'established': False, 'family': {'name': '', 'gender': None, 'lang': 'C', 'dialect': '', 'variant': None}}
A11Y 12:38:34.723069 - SPEECH OUTPUT: 'Recent menu' {'established': False, 'family': {'name': '', 'gender': None, 'lang': 'C', 'dialect': '', 'variant': None}}
A11Y 12:38:34.812728 - SPEECH OUTPUT: 'Enable notifications' {'established': False, 'family': {'name': '', 'gender': None, 'lang': 'C', 'dialect': '', 'variant': None}}
A11Y 12:38:34.813214 - SPEECH OUTPUT: 'check menu item not checked.' {'established': False}
A11Y 12:38:35.030063 - SPEECH OUTPUT: 'checked' {'established': False}
A11Y 12:38:35.133972 - SPEECH OUTPUT: 'Recent menu' {'established': False, 'family': {'name': '', 'gender': None, 'lang': 'C', 'dialect': '', 'variant': None}}
A11Y 12:38:35.261438 - SPEECH OUTPUT: 'Recent document.' {'established': False, 'family': {'name': '', 'gender': None, 'lang': 'C', 'dialect': '', 'variant': None}}
A11Y 12:38:35.296025 - SPEECH OUTPUT: 'expanded' {'established': False}
A11Y 12:38:35.415344 - SPEECH OUTPUT: 'Recent menu' {'established': False, 'family': {'name': '', 'gender': None, 'lang': 'C', 'dialect': '', 'variant': None}}
A11Y 12:38:35.568430 - SPEECH OUTPUT: 'Enable notifications' {'established': False, 'family': {'name': '', 'gender': None, 'lang': 'C', 'dialect': '', 'variant': None}}
A11Y 12:38:35.572139 - SPEECH OUTPUT: 'check menu item not checked.' {'established': False}
A11Y 12:38:35.675150 - SPEECH OUTPUT: 'Recent menu' {'established': False, 'family': {'name': '', 'gender': None, 'lang': 'C', 'dialect': '', 'variant': None}}
A11Y 12:38:35.770954 - SPEECH OUTPUT: 'Recent document.' {'established': False, 'family': {'name': '', 'gender': None, 'lang': 'C', 'dialect': '', 'variant': None}}
A11Y 12:38:35.827244 - SPEECH OUTPUT: 'expanded' {'established': False}
A11Y 12:38:35.971766 - SPEECH OUTPUT: 'Enable notifications' {'established': False, 'family': {'name': '', 'gender': None, 'lang': 'C', 'dialect': '', 'variant': None}}
A11Y 12:38:35.972204 - SPEECH OUTPUT: 'check menu item not checked.' {'established': False}
A11Y 12:38:36.062381 - SPEECH OUTPUT: 'checked' {'established': False}
A11Y 12:38:36.199273 - SPEECH OUTPUT: 'Recent menu' {'established': False, 'family': {'name': '', 'gender': None, 'lang': 'C', 'dialect': '', 'variant': None}}
A11Y 12:38:36.283029 - SPEECH OUTPUT: 'Recent document' {'established': False, 'family': {'name': '', 'gender': None, 'lang': 'C', 'dialect': '', 'variant': None}}
A11Y 12:38:36.285490 - SPEECH OUTPUT: 'check menu item not checked.' {'established': False}
A11Y 12:38:36.318530 - SPEECH OUTPUT: 'expanded' {'established': False}
A11Y 12:38:36.352331 - SPEECH OUTPUT: 'checked' {'established': False}
A11Y 12:38:36.446328 - SPEECH OUTPUT: 'Background calls 1' {'established': False}
A11Y 12:38:36.476932 - SPEECH OUTPUT: 'Background calls 1' {'established': False}
A11Y 12:38:36.635497 - SPEECH OUTPUT: 'Account preferences accessible label' {'established': False, 'family': {'name': '', 'gender': None, 'lang': 'C', 'dialect': '', 'variant': None}}
A11Y 12:38:36.635815 - SPEECH OUTPUT: 'collapsed button.' {'established': False}
A11Y 12:38:36.739283 - SPEECH OUTPUT: 'expanded' {'established': False}
A connection to the bus can't be made
