   Compiling reactive-tui v0.1.0 (/home/shawn/workspace2/reactive-tui)
    Finished `test` profile [unoptimized] target(s) in 0.45s
     Running tests/api_props_contract.rs (/tmp/reactive-tui-wgpu.waMUcc/dqc004/default/debug/deps/api_props_contract-532b7d1d2be48fc3)

running 3 tests
test explicit_validation_enforces_each_field_and_preserves_construction ... ok
test no_rules_adds_no_constraints_and_optional_builders_keep_option_types ... ok
test optional_fields_preserve_explicit_default_precedence ... ok

test result: ok. 3 passed; 0 failed; 0 ignored; 0 measured; 0 filtered out; finished in 0.00s

     Running tests/props_derive_test.rs (/tmp/reactive-tui-wgpu.waMUcc/dqc004/default/debug/deps/props_derive_test-ba98a76433747713)

running 13 tests
test tests::test_basic_props_builder ... ok
test tests::test_basic_props_defaults ... ok
test tests::test_button_props_defaults ... ok
test tests::test_button_props_builder ... ok
test tests::test_clone_and_partial_eq ... ok
test tests::test_complex_props_defaults ... ok
test tests::test_complex_props_builder ... ok
test tests::test_debug_implementation ... ok
test tests::test_fluent_api_chaining ... ok
test tests::test_integration_with_component_macro ... ok
test tests::test_props_trait_implementation ... ok
test tests::test_user_profile_props ... ok
test tests::test_validation ... ok

test result: ok. 13 passed; 0 failed; 0 ignored; 0 measured; 0 filtered out; finished in 0.00s

     Running tests/simple_props_test.rs (/tmp/reactive-tui-wgpu.waMUcc/dqc004/default/debug/deps/simple_props_test-881fb488c79b2e66)

running 1 test
test tests::test_simple_props ... ok

test result: ok. 1 passed; 0 failed; 0 ignored; 0 measured; 0 filtered out; finished in 0.00s

