A11Y # GNOME Terminal 3.58.0 using VTE 0.84.0 +BIDI +GNUTLS +ICU +SYSTEMD
dbus-daemon[2627590]: [session uid=1000 pid=2627590 pidfd=5] Activating service name='org.a11y.Bus' requested by ':1.0' (uid=1000 pid=2627675 comm="/usr/bin/python3 /usr/bin/orca --version" label="unconfined")
dbus-daemon[2627590]: [session uid=1000 pid=2627590 pidfd=5] Successfully activated service 'org.a11y.Bus'
Traceback (most recent call last):
  File "/home/shawn/workspace2/reactive-tui/tests/api_widget_behavior/orca.py", line 614, in <module>
    inside(arguments)
    ~~~~~~^^^^^^^^^^^
  File "/home/shawn/workspace2/reactive-tui/tests/api_widget_behavior/orca.py", line 254, in inside
    version = subprocess.run(command, capture_output=True, text=True, check=True, timeout=10)
  File "/usr/lib/python3.14/subprocess.py", line 557, in run
    stdout, stderr = process.communicate(input, timeout=timeout)
                     ~~~~~~~~~~~~~~~~~~~^^^^^^^^^^^^^^^^^^^^^^^^
  File "/usr/lib/python3.14/subprocess.py", line 1221, in communicate
    stdout, stderr = self._communicate(input, endtime, timeout)
                     ~~~~~~~~~~~~~~~~~^^^^^^^^^^^^^^^^^^^^^^^^^
  File "/usr/lib/python3.14/subprocess.py", line 2154, in _communicate
    self._check_timeout(endtime, orig_timeout, stdout, stderr)
    ~~~~~~~~~~~~~~~~~~~^^^^^^^^^^^^^^^^^^^^^^^^^^^^^^^^^^^^^^^
  File "/usr/lib/python3.14/subprocess.py", line 1268, in _check_timeout
    raise TimeoutExpired(
    ...<2 lines>...
            stderr=b''.join(stderr_seq) if stderr_seq else None)
subprocess.TimeoutExpired: Command '['orca', '--version']' timed out after 10 seconds
