A11Y # GNOME Terminal 3.58.0 using VTE 0.84.0 +BIDI +GNUTLS +ICU +SYSTEMD
dbus-daemon[2892892]: [session uid=1000 pid=2892892 pidfd=5] Activating service name='org.a11y.Bus' requested by ':1.0' (uid=1000 pid=2892926 comm="/usr/bin/python3 /usr/bin/orca --version" label="unconfined")
dbus-daemon[2892892]: [session uid=1000 pid=2892892 pidfd=5] Successfully activated service 'org.a11y.Bus'
dbus-daemon[2892892]: [session uid=1000 pid=2892892 pidfd=5] Activating service name='org.gtk.vfs.Daemon' requested by ':1.3' (uid=1000 pid=2892955 comm="/usr/lib/x86_64-linux-gnu/../../lib/x86_64-linux-g" label="unconfined")
dbus-daemon[2892892]: [session uid=1000 pid=2892892 pidfd=5] Successfully activated service 'org.gtk.vfs.Daemon'
dbus-daemon[2892943]: Activating service name='org.a11y.atspi.Registry' requested by ':1.0' (uid=1000 pid=2892926 comm="/usr/bin/python3 /usr/bin/orca --version" label="unconfined")
dbus-daemon[2892943]: Successfully activated service 'org.a11y.atspi.Registry'
SpiRegistry daemon is running with well-known name - org.a11y.atspi.Registry
A11Y Orca version 50.1.2, AT-SPI2 version: 2.60.0, Session: x11 gnome
A11Y isolated X11/Xvfb viewport 32x10
dbus-daemon[2892892]: [session uid=1000 pid=2892892 pidfd=5] Activating service name='ca.desrt.dconf' requested by ':1.7' (uid=1000 pid=2893611 comm="/usr/bin/python3 /usr/bin/orca --debug-file /tmp/r" label="unconfined")
dbus-daemon[2892892]: [session uid=1000 pid=2892892 pidfd=5] Successfully activated service 'ca.desrt.dconf'
dbus-daemon[2892892]: [session uid=1000 pid=2892892 pidfd=5] Activating service name='org.gnome.Terminal' requested by ':1.9' (uid=1000 pid=2893825 comm="gnome-terminal --display=:1 --geometry=32x10 --wai" label="unconfined")
dbus-daemon[2892892]: [session uid=1000 pid=2892892 pidfd=5] Activating service name='org.freedesktop.portal.Desktop' requested by ':1.10' (uid=1000 pid=2893835 comm="/usr/libexec/gnome-terminal-server" label="unconfined")
dbus-daemon[2892892]: [session uid=1000 pid=2892892 pidfd=5] Activating service name='org.freedesktop.impl.portal.PermissionStore' requested by ':1.11' (uid=1000 pid=2893859 comm="/usr/libexec/xdg-desktop-portal" label="unconfined")
dbus-daemon[2892892]: [session uid=1000 pid=2892892 pidfd=5] Successfully activated service 'org.freedesktop.impl.portal.PermissionStore'
dbus-daemon[2892892]: [session uid=1000 pid=2892892 pidfd=5] Activating service name='org.freedesktop.portal.Documents' requested by ':1.11' (uid=1000 pid=2893859 comm="/usr/libexec/xdg-desktop-portal" label="unconfined")
dbus-daemon[2892892]: [session uid=1000 pid=2892892 pidfd=5] Successfully activated service 'org.freedesktop.portal.Documents'

(/usr/libexec/xdg-desktop-portal:2893859): xdg-desktop-portal-WARNING **: 09:30:18.701: Choosing gnome.portal for org.freedesktop.impl.portal.Lockdown via the deprecated UseIn key

(/usr/libexec/xdg-desktop-portal:2893859): xdg-desktop-portal-WARNING **: 09:30:18.701: The preferred method to match portal implementations to desktop environments is to use the portals.conf(5) configuration file
dbus-daemon[2892892]: [session uid=1000 pid=2892892 pidfd=5] Activating service name='org.freedesktop.impl.portal.desktop.gnome' requested by ':1.11' (uid=1000 pid=2893859 comm="/usr/libexec/xdg-desktop-portal" label="unconfined")
libEGL warning: DRI3 error: Could not get DRI3 device
libEGL warning: Ensure your X server supports DRI3 to get accelerated rendering
dbus-daemon[2892892]: [session uid=1000 pid=2892892 pidfd=5] Successfully activated service 'org.freedesktop.impl.portal.desktop.gnome'

(/usr/libexec/xdg-desktop-portal:2893859): xdg-desktop-portal-WARNING **: 09:30:18.895: Choosing gnome.portal for org.freedesktop.impl.portal.Access via the deprecated UseIn key

(/usr/libexec/xdg-desktop-portal:2893859): xdg-desktop-portal-WARNING **: 09:30:18.906: Choosing gnome.portal for org.freedesktop.impl.portal.Settings via the deprecated UseIn key

(/usr/libexec/xdg-desktop-portal:2893859): xdg-desktop-portal-WARNING **: 09:30:18.906: Choosing gtk.portal for org.freedesktop.impl.portal.Settings via the deprecated UseIn key
dbus-daemon[2892892]: [session uid=1000 pid=2892892 pidfd=5] Activating service name='org.freedesktop.impl.portal.desktop.gtk' requested by ':1.11' (uid=1000 pid=2893859 comm="/usr/libexec/xdg-desktop-portal" label="unconfined")
dbus-daemon[2892892]: [session uid=1000 pid=2892892 pidfd=5] Successfully activated service 'org.freedesktop.impl.portal.desktop.gtk'

(/usr/libexec/xdg-desktop-portal:2893859): xdg-desktop-portal-WARNING **: 09:30:18.930: Choosing gnome.portal for org.freedesktop.impl.portal.FileChooser via the deprecated UseIn key

(/usr/libexec/xdg-desktop-portal:2893859): xdg-desktop-portal-WARNING **: 09:30:18.932: Choosing gnome.portal for org.freedesktop.impl.portal.AppChooser via the deprecated UseIn key

(/usr/libexec/xdg-desktop-portal:2893859): xdg-desktop-portal-WARNING **: 09:30:18.932: Choosing gnome.portal for org.freedesktop.impl.portal.Print via the deprecated UseIn key

(/usr/libexec/xdg-desktop-portal:2893859): xdg-desktop-portal-WARNING **: 09:30:18.932: Choosing gnome.portal for org.freedesktop.impl.portal.Notification via the deprecated UseIn key

(/usr/libexec/xdg-desktop-portal:2893859): xdg-desktop-portal-WARNING **: 09:30:18.933: Choosing gtk.portal for org.freedesktop.impl.portal.Inhibit via the deprecated UseIn key

(/usr/libexec/xdg-desktop-portal:2893859): xdg-desktop-portal-WARNING **: 09:30:18.935: Failed to connect to PipeWire: Couldn't connect to PipeWire

(/usr/libexec/xdg-desktop-portal:2893859): xdg-desktop-portal-WARNING **: 09:30:18.935: Choosing gnome.portal for org.freedesktop.impl.portal.Screenshot via the deprecated UseIn key

(/usr/libexec/xdg-desktop-portal:2893859): xdg-desktop-portal-WARNING **: 09:30:18.936: Choosing gnome.portal for org.freedesktop.impl.portal.Background via the deprecated UseIn key

(/usr/libexec/xdg-desktop-portal:2893859): xdg-desktop-portal-WARNING **: 09:30:18.937: Choosing gnome.portal for org.freedesktop.impl.portal.Wallpaper via the deprecated UseIn key

(/usr/libexec/xdg-desktop-portal:2893859): xdg-desktop-portal-WARNING **: 09:30:18.937: Choosing gnome.portal for org.freedesktop.impl.portal.Account via the deprecated UseIn key

(/usr/libexec/xdg-desktop-portal:2893859): xdg-desktop-portal-WARNING **: 09:30:18.937: Choosing gtk.portal for org.freedesktop.impl.portal.Email via the deprecated UseIn key

(/usr/libexec/xdg-desktop-portal:2893859): xdg-desktop-portal-WARNING **: 09:30:18.938: Choosing gnome-keyring.portal for org.freedesktop.impl.portal.Secret via the deprecated UseIn key

(/usr/libexec/xdg-desktop-portal:2893859): xdg-desktop-portal-WARNING **: 09:30:18.938: Choosing gnome.portal for org.freedesktop.impl.portal.GlobalShortcuts via the deprecated UseIn key
dbus-daemon[2892892]: [session uid=1000 pid=2892892 pidfd=5] Activating service name='org.freedesktop.secrets' requested by ':1.11' (uid=1000 pid=2893859 comm="/usr/libexec/xdg-desktop-portal" label="unconfined")

(/usr/libexec/xdg-desktop-portal:2893859): xdg-desktop-portal-WARNING **: 09:30:18.939: Choosing gnome.portal for org.freedesktop.impl.portal.DynamicLauncher via the deprecated UseIn key

(/usr/libexec/xdg-desktop-portal:2893859): xdg-desktop-portal-WARNING **: 09:30:18.939: Choosing gnome.portal for org.freedesktop.impl.portal.ScreenCast via the deprecated UseIn key

(/usr/libexec/xdg-desktop-portal:2893859): xdg-desktop-portal-WARNING **: 09:30:18.940: Choosing gnome.portal for org.freedesktop.impl.portal.RemoteDesktop via the deprecated UseIn key

(/usr/libexec/xdg-desktop-portal:2893859): xdg-desktop-portal-WARNING **: 09:30:18.940: Choosing gnome.portal for org.freedesktop.impl.portal.Clipboard via the deprecated UseIn key

(/usr/libexec/xdg-desktop-portal:2893859): xdg-desktop-portal-WARNING **: 09:30:18.941: Choosing gnome.portal for org.freedesktop.impl.portal.InputCapture via the deprecated UseIn key

(/usr/libexec/xdg-desktop-portal:2893859): xdg-desktop-portal-WARNING **: 09:30:18.941: Choosing gnome.portal for org.freedesktop.impl.portal.Usb via the deprecated UseIn key
** Message: 09:30:18.945: couldn't access control socket: /tmp/rtui-orca-j4chyk9h/runtime/keyring/control: No such file or directory
discover_other_daemon: 0dbus-daemon[2892892]: [session uid=1000 pid=2892892 pidfd=5] Successfully activated service 'org.freedesktop.secrets'
dbus-daemon[2892892]: [session uid=1000 pid=2892892 pidfd=5] Successfully activated service 'org.freedesktop.portal.Desktop'
dbus-daemon[2892892]: [session uid=1000 pid=2892892 pidfd=5] Successfully activated service 'org.gnome.Terminal'
dbus-daemon[2892892]: [session uid=1000 pid=2892892 pidfd=5] Activating service name='org.gtk.vfs.Metadata' requested by ':1.10' (uid=1000 pid=2893835 comm="/usr/libexec/gnome-terminal-server" label="unconfined")
dbus-daemon[2892892]: [session uid=1000 pid=2892892 pidfd=5] Successfully activated service 'org.gtk.vfs.Metadata'

(process:2892897): dbind-WARNING **: 09:30:19.300: AT-SPI: AddAccessible with unknown signature (so)(so)(so)iiassusau


(process:2892897): dbind-WARNING **: 09:30:19.300: AT-SPI: AddAccessible with unknown signature (so)(so)(so)iiassusau


(process:2892897): dbind-WARNING **: 09:30:19.300: AT-SPI: AddAccessible with unknown signature (so)(so)(so)iiassusau


(process:2892897): dbind-WARNING **: 09:30:19.300: AT-SPI: AddAccessible with unknown signature (so)(so)(so)iiassusau


(process:2892897): dbind-WARNING **: 09:30:19.300: AT-SPI: AddAccessible with unknown signature (so)(so)(so)iiassusau


(process:2892897): dbind-WARNING **: 09:30:19.300: AT-SPI: AddAccessible with unknown signature (so)(so)(so)iiassusau


(process:2892897): dbind-WARNING **: 09:30:19.300: AT-SPI: AddAccessible with unknown signature (so)(so)(so)iiassusau

Traceback (most recent call last):
  File "/home/shawn/workspace2/reactive-tui/tests/api_widget_behavior/orca.py", line 619, in <module>
    inside(arguments)
    ~~~~~~^^^^^^^^^^^
  File "/home/shawn/workspace2/reactive-tui/tests/api_widget_behavior/orca.py", line 298, in inside
    exercise(root, keyboard, wait, named, state, click, speech, Atspi,
    ~~~~~~~~^^^^^^^^^^^^^^^^^^^^^^^^^^^^^^^^^^^^^^^^^^^^^^^^^^^^^^^^^^
             lambda: len((run / "orca.log").read_text().splitlines()))
             ^^^^^^^^^^^^^^^^^^^^^^^^^^^^^^^^^^^^^^^^^^^^^^^^^^^^^^^^^
  File "/home/shawn/workspace2/reactive-tui/tests/api_widget_behavior/orca_tabs.py", line 14, in exercise
    wait("Settings tab selection absent", lambda: state(settings, Atspi.StateType.SELECTED))
    ~~~~^^^^^^^^^^^^^^^^^^^^^^^^^^^^^^^^^^^^^^^^^^^^^^^^^^^^^^^^^^^^^^^^^^^^^^^^^^^^^^^^^^^^
  File "/home/shawn/workspace2/reactive-tui/tests/api_widget_behavior/orca.py", line 196, in wait
    raise AssertionError(reason)
AssertionError: Settings tab selection absent
A connection to the bus can't be made
