{"started": "raw-receiver-idle", "pid": 3812271}
{"case": "raw-receiver-idle", "pid": 3812271, "exit": 0, "timeout": false, "reaped": true}
{"started": "parsed-receiver-idle", "pid": 3812273}
{"case": "parsed-receiver-idle", "pid": 3812273, "exit": 0, "timeout": false, "reaped": true}
{"started": "reused-descriptor", "pid": 3812357}
{"case": "reused-descriptor", "pid": 3812357, "exit": 0, "timeout": false, "reaped": true}
{"started": "raw-receiver-active", "pid": 3812359}
{"case": "raw-receiver-active", "pid": 3812359, "exit": 0, "timeout": false, "reaped": true}
{"started": "raw-receiver-full", "pid": 3812361}
{"case": "raw-receiver-full", "pid": 3812361, "exit": 0, "timeout": false, "reaped": true}
{"started": "raw-session-full", "pid": 3812484}
{"case": "raw-session-full", "pid": 3812484, "exit": 0, "timeout": false, "reaped": true}
{"started": "raw-session-idle", "pid": 3812551}
{"case": "raw-session-idle", "pid": 3812551, "exit": 0, "timeout": false, "reaped": true}
{"started": "parsed-receiver-full", "pid": 3812553}
{"case": "parsed-receiver-full", "pid": 3812553, "exit": 0, "timeout": false, "reaped": true}
{"started": "parsed-session-full", "pid": 3812704}
{"case": "parsed-session-full", "pid": 3812704, "exit": 0, "timeout": false, "reaped": true}
{"started": "parsed-session-idle", "pid": 3812920}
{"case": "parsed-session-idle", "pid": 3812920, "exit": 0, "timeout": false, "reaped": true}
{"started": "clone-owner", "pid": 3813013}
{"case": "clone-owner", "pid": 3813013, "exit": 0, "timeout": false, "reaped": true}
{"started": "independent-streams", "pid": 3813015}
{"case": "independent-streams", "pid": 3813015, "exit": 0, "timeout": false, "reaped": true}
{"started": "owned-iterator", "pid": 3813018}
{"case": "owned-iterator", "pid": 3813018, "exit": 0, "timeout": false, "reaped": true}
{"started": "concurrent-drop", "pid": 3813020}
{"case": "concurrent-drop", "pid": 3813020, "exit": 0, "timeout": false, "reaped": true}
