error[E0597]: `out` does not live long enough
  --> verification/api-residual/performance-owner.rs:42:5
   |
29 |     let out = Arc::new(Mutex::new(None));
   |         --- binding `out` declared here
...
42 |     out.lock().unwrap().take().unwrap()
   |     ^^^----------------
   |     |
   |     borrowed value does not live long enough
   |     a temporary with access to the borrow is created here ...
43 | }
   | -
   | |
   | `out` dropped here while still borrowed
   | ... and the borrow might be used here, when that temporary is dropped and runs the `Drop` code for type `std::sync::MutexGuard`
   |
   = note: the temporary is part of an expression at the end of a block;
           consider forcing this temporary to be dropped sooner, before the block's local variables are dropped
help: for example, you could save the expression's value in a new local variable `x` and then make `x` be the expression at the end of the block
   |
42 |     let x = out.lock().unwrap().take().unwrap(); x
   |     +++++++                                    +++

error: aborting due to 1 previous error

For more information about this error, try `rustc --explain E0597`.
