PASS checker-controls
PASS documentation-macro-behavior
PASS documentation-screen-behavior
PASS css-unit-behavior
PASS css-consumer-behavior
PASS props-behavior
PASS props-diagnostics
PASS consumer-library
PASS props-defaults-compile
PASS props-defaults-run
PASS props
PASS rustdoc-default
PASS markdown-visible-default
PASS rustdoc-minimal
PASS markdown-visible-minimal
PASS rustdoc-all-features
PASS markdown-visible-all-features
PASS crate-doctests-default
FAIL crate-doctests-minimal Native widget command failed (101): /home/shawn/workspace2/reactive-tui/.cairn/reviews/api-documentation/20260913T132414878262Z/crate-doctests-minimal.out
PASS crate-doctests-all-features
PASS cargo-examples
FAIL rustdoc A required nested check failed; see the retained outputs
PASS consumer-library
PASS rust-examples-0
PASS rust-examples-1
PASS rust-examples-2
PASS rust-examples-3
PASS rust-examples-4
PASS rust-examples-5
PASS rust-examples-6
PASS rust-examples-7
PASS rust-examples-8
PASS rust-examples-9
PASS rust-examples-10
PASS rust-examples-11
PASS rust-examples-12
PASS rust-examples-13
PASS rust-examples-14
PASS rust-examples-15
PASS rust-examples-16
PASS rust-examples-17
PASS rust-examples-18
PASS ffi-library
PASS c-example-0
PASS c-example-1
PASS c-example-2
PASS c-example-3
PASS c-example-4
PASS typescript-dependencies
PASS typescript-examples
PASS python-example-0
PASS examples
PASS inventory
Documentation outputs: .cairn/reviews/api-documentation/20260913T132414878262Z
API-018 failed: crate-doctests-minimal, rustdoc
