warning: method `serial` is never used
  --> src/event/router.rs:84:19
   |
83 | impl NodeId {
   | ----------- method in this implementation
84 |     pub(crate) fn serial(self) -> usize {
   |                   ^^^^^^
   |
   = note: `#[warn(dead_code)]` (part of `#[warn(unused)]`) on by default

warning: `reactive-tui` (lib test) generated 1 warning
    Finished `test` profile [unoptimized + debuginfo] target(s) in 0.09s
     Running unittests src/lib.rs (/tmp/reactive-tui-fable.r6I4LP/repo/target/debug/deps/reactive_tui-c4813ac1fcc4c60b)

running 1 test
test widgets::dialog::http::tests::tls_certificate_probe ... ok

test result: ok. 1 passed; 0 failed; 0 ignored; 0 measured; 1035 filtered out; finished in 0.03s

Dialog HTTPS trusted: passed
warning: method `serial` is never used
  --> src/event/router.rs:84:19
   |
83 | impl NodeId {
   | ----------- method in this implementation
84 |     pub(crate) fn serial(self) -> usize {
   |                   ^^^^^^
   |
   = note: `#[warn(dead_code)]` (part of `#[warn(unused)]`) on by default

warning: `reactive-tui` (lib test) generated 1 warning
    Finished `test` profile [unoptimized + debuginfo] target(s) in 0.10s
     Running unittests src/lib.rs (/tmp/reactive-tui-fable.r6I4LP/repo/target/debug/deps/reactive_tui-c4813ac1fcc4c60b)

running 1 test
test widgets::dialog::http::tests::tls_certificate_probe ... ok

test result: ok. 1 passed; 0 failed; 0 ignored; 0 measured; 1035 filtered out; finished in 0.06s

Dialog HTTPS untrusted: passed
