   Compiling proc-macro2 v1.0.101
   Compiling unicode-ident v1.0.18
   Compiling cfg-if v1.0.3
   Compiling memchr v2.7.5
   Compiling quote v1.0.40
   Compiling windows_x86_64_gnu v0.53.0
   Compiling syn v2.0.106
   Compiling autocfg v1.5.0
   Compiling windows-targets v0.53.3
   Compiling windows-sys v0.60.2
   Compiling windows_x86_64_gnu v0.52.6
   Compiling windows-targets v0.52.6
   Compiling crossbeam-utils v0.8.21
   Compiling num-traits v0.2.19
   Compiling version_check v0.9.5
   Compiling serde_core v1.0.229
   Compiling syn v3.0.5
   Compiling once_cell v1.21.3
   Compiling serde v1.0.229
   Compiling serde_derive v1.0.229
   Compiling getrandom v0.3.3
   Compiling simd-adler32 v0.3.7
   Compiling arrayvec v0.7.6
   Compiling crossbeam-epoch v0.9.18
   Compiling windows-sys v0.59.0
   Compiling rayon-core v1.13.0
   Compiling either v1.15.0
   Compiling crossbeam-deque v0.8.6
   Compiling fnv v1.0.7
   Compiling bitflags v2.11.0
   Compiling smallvec v1.15.1
   Compiling libc v0.2.189
   Compiling adler2 v2.0.1
   Compiling strsim v0.11.1
   Compiling crc32fast v1.5.0
   Compiling pin-project-lite v0.2.16
   Compiling miniz_oxide v0.8.9
   Compiling equator-macro v0.4.2
   Compiling thiserror v1.0.69
   Compiling itoa v1.0.15
   Compiling futures-core v0.3.31
   Compiling equator v0.4.2
   Compiling thiserror-impl v1.0.69
   Compiling num-integer v0.1.46
   Compiling shlex v1.3.0
   Compiling anyhow v1.0.99
   Compiling regex-syntax v0.8.6
   Compiling cc v1.2.34
   Compiling num-bigint v0.4.6
   Compiling flate2 v1.1.2
   Compiling aligned-vec v0.6.4
   Compiling rayon v1.11.0
   Compiling generic-array v0.14.7
   Compiling lock_api v0.4.13
   Compiling aho-corasick v1.1.3
   Compiling half v2.6.0
   Compiling serde_json v1.0.143
   Compiling once_cell_polyfill v1.70.1
   Compiling anstyle v1.0.11
   Compiling equivalent v1.0.2
   Compiling winapi-x86_64-pc-windows-gnu v0.4.0
   Compiling io-lifetimes v3.0.1
   Compiling paste v1.0.15
   Compiling log v0.4.27
   Compiling ident_case v1.0.1
   Compiling io-lifetimes v2.0.4
   Compiling parking_lot_core v0.9.11
   Compiling pkg-config v0.3.32
   Compiling minimal-lexical v0.2.1
   Compiling utf8parse v0.2.2
   Compiling windows_x86_64_gnu v0.48.5
   Compiling built v0.7.7
   Compiling onig_sys v69.9.1
   Compiling anstyle-parse v0.2.7
   Compiling rav1e v0.7.1
   Compiling nom v7.1.3
   Compiling darling_core v0.21.3
   Compiling anstyle-wincon v3.0.10
   Compiling regex-automata v0.4.10
   Compiling v_frame v0.3.9
   Compiling num-rational v0.4.2
   Compiling profiling-procmacros v1.0.17
   Compiling slotmap v1.0.7
   Compiling anstyle-query v1.1.4
   Compiling winapi-util v0.1.10
   Compiling is_terminal_polyfill v1.70.1
   Compiling scopeguard v1.2.0
   Compiling ryu v1.0.20
   Compiling prettyplease v0.2.37
   Compiling rustversion v1.0.22
   Compiling futures-sink v0.3.31
   Compiling typenum v1.20.1
   Compiling io-extras v0.19.0
   Compiling new_debug_unreachable v1.0.6
   Compiling colorchoice v1.0.4
   Compiling winapi v0.3.9
   Compiling unicode-segmentation v1.13.3
   Compiling futures-io v0.3.31
   Compiling windows-link v0.2.1
   Compiling bitflags v1.3.2
   Compiling powerfmt v0.2.0
   Compiling deranged v0.4.0
   Compiling anstream v0.6.20
   Compiling futures-channel v0.3.31
   Compiling same-file v1.0.6
   Compiling profiling v1.0.17
   Compiling av1-grain v0.2.4
   Compiling regex v1.11.2
   Compiling darling_macro v0.21.3
   Compiling maybe-rayon v0.1.1
   Compiling itertools v0.12.1
   Compiling arg_enum_proc_macro v0.3.4
   Compiling num-derive v0.4.2
   Compiling futures-macro v0.3.31
   Compiling terminal_size v0.4.3
   Compiling simd_helpers v0.1.0
   Compiling parking v2.2.1
   Compiling bitstream-io v2.6.0
   Compiling fastrand v2.3.0
   Compiling slab v0.4.11
   Compiling noop_proc_macro v0.3.0
   Compiling pin-utils v0.1.0
   Compiling imgref v1.11.0
   Compiling zerocopy v0.8.26
   Compiling quick-error v2.0.1
   Compiling cap-primitives v4.0.3
   Compiling futures-task v0.3.31
   Compiling heck v0.5.0
   Compiling time-core v0.1.4
   Compiling clap_lex v0.7.5
   Compiling bit-vec v0.6.3
   Compiling weezl v0.1.10
   Compiling num-conv v0.1.0
   Compiling hashbrown v0.17.1
   Compiling tinyvec_macros v0.1.1
   Compiling tinyvec v1.10.0
   Compiling indexmap v2.14.2
   Compiling time v0.3.41
   Compiling bit-set v0.5.3
   Compiling clap_builder v4.5.46
   Compiling clap_derive v4.5.45
   Compiling futures-util v0.3.31
   Compiling loop9 v0.1.5
   Compiling windows-targets v0.48.5
   Compiling parking_lot v0.12.4
   Compiling fs-set-times v0.20.3
   Compiling darling v0.21.3
   Compiling walkdir v2.5.0
   Compiling windows-sys v0.61.2
   Compiling convert_case v0.7.1
   Compiling winx v0.36.4
   Compiling rand_core v0.9.3
   Compiling avif-serialize v0.8.6
   Compiling fdeflate v0.3.7
   Compiling zune-inflate v0.2.54
   Compiling quick-xml v0.38.3
   Compiling zune-core v0.4.12
   Compiling rgb v0.8.52
   Compiling cap-std v4.0.3
   Compiling base64 v0.22.1
   Compiling linked-hash-map v0.5.6
   Compiling bit_field v0.10.3
   Compiling lebe v0.5.2
   Compiling color_quant v1.1.0
   Compiling byteorder-lite v0.1.0
   Compiling ambient-authority v0.0.2
   Compiling maybe-owned v0.3.4
   Compiling ipnet v2.12.2
   Compiling bytemuck v1.23.2
   Compiling jpeg-decoder v0.3.2
   Compiling qoi v0.4.1
   Compiling tiff v0.9.1
   Compiling image-webp v0.2.4
   Compiling gif v0.13.3
   Compiling exr v1.73.0
   Compiling yaml-rust v0.4.5
   Compiling plist v1.7.4
   Compiling ravif v0.11.20
   Compiling zune-jpeg v0.4.20
   Compiling png v0.17.16
   Compiling derive_more-impl v2.0.1
   Compiling bon-macros v3.7.1
   Compiling windows-sys v0.48.0
   Compiling onig v6.5.1
   Compiling clap v4.5.46
   Compiling fancy-regex v0.11.0
   Compiling unicode-normalization v0.1.24
   Compiling tempfile v3.21.0
   Compiling event-listener v5.4.2
   Compiling crypto-common v0.1.7
   Compiling block-buffer v0.10.4
   Compiling bincode v1.3.3
   Compiling deunicode v1.6.2
   Compiling litrs v0.4.2
   Compiling plotters-backend v0.3.7
   Compiling cap-fs-ext v4.0.3
   Compiling allocator-api2 v0.2.21
   Compiling option-ext v0.2.0
   Compiling foldhash v0.1.5
   Compiling siphasher v1.0.1
   Compiling ciborium-io v0.2.2
   Compiling ciborium-ll v0.2.2
   Compiling phf_shared v0.11.3
   Compiling hashbrown v0.15.5
   Compiling dirs-sys v0.4.1
   Compiling document-features v0.2.11
   Compiling plotters-svg v0.3.7
   Compiling syntect v5.2.0
   Compiling slug v0.1.6
   Compiling digest v0.10.7
   Compiling event-listener-strategy v0.5.4
   Compiling caseless v0.2.2
   Compiling ppv-lite86 v0.2.21
   Compiling bon v3.7.1
   Compiling derive_more v2.0.1
   Compiling image v0.25.6
   Compiling taffy v0.13.0
   Compiling crossterm_winapi v0.9.1
   Compiling futures-executor v0.3.31
   Compiling socket2 v0.6.0
   Compiling mio v1.0.4
   Compiling uuid v1.18.1
   Compiling itertools v0.10.5
   Compiling vte v0.14.1
   Compiling vte v0.15.0
   Compiling tokio-macros v2.5.0
   Compiling concurrent-queue v2.5.0
   Compiling unicode-properties v0.1.4
   Compiling reactive-tui v0.0.7 (C:\Users\RUNNER~1\AppData\Local\Temp\conpty-violation-ceahng33)
   Compiling wait-timeout v0.2.1
   Compiling sdd v3.0.10
   Compiling bytes v1.10.1
   Compiling bit-vec v0.8.0
   Compiling cpufeatures v0.2.17
   Compiling unicode_categories v0.1.1
   Compiling lazy_static v1.5.0
   Compiling cast v0.3.0
   Compiling unicode-width v0.2.1
   Compiling shell-words v1.1.0
   Compiling entities v1.0.1
   Compiling quick-error v1.2.3
   Compiling precomputed-hash v0.1.1
   Compiling typed-arena v2.0.2
   Compiling grid v0.18.0
   Compiling comrak v0.41.0
   Compiling taffy v0.9.1
   Compiling string_cache v0.8.9
   Compiling rusty-fork v0.3.0
   Compiling vt100 v0.16.2
   Compiling criterion-plot v0.5.0
   Compiling tokio v1.47.1
   Compiling sha2 v0.10.9
   Compiling bit-set v0.8.0
   Compiling scc v2.4.0
   Compiling suprtui v0.1.0 (C:\Users\RUNNER~1\AppData\Local\Temp\conpty-violation-ceahng33\src\backend\engine)
   Compiling async-channel v2.5.0
   Compiling accesskit v0.25.0
   Compiling futures v0.3.31
   Compiling crossterm v0.29.0
   Compiling rand_chacha v0.9.0
   Compiling plotters v0.3.7
   Compiling lru v0.16.0
   Compiling dirs v5.0.1
   Compiling ciborium v0.2.2
   Compiling rand_xorshift v0.4.0
   Compiling rand v0.9.2
   Compiling atty v0.2.14
   Compiling tinytemplate v1.2.1
   Compiling libloading v0.8.9
   Compiling is-terminal v0.4.16
   Compiling serial_test_derive v3.2.0
   Compiling reactive-tui-macros v0.1.0 (C:\Users\RUNNER~1\AppData\Local\Temp\conpty-violation-ceahng33\reactive-tui-macros)
   Compiling anes v0.1.6
   Compiling unarray v0.1.4
   Compiling oorandom v11.1.5
   Compiling criterion v0.5.1
   Compiling proptest v1.7.0
   Compiling serial_test v3.2.0
warning: unused import: `std::os::windows::io::AsRawHandle`
  --> src\core\capabilities.rs:12:5
   |
12 | use std::os::windows::io::AsRawHandle;
   |     ^^^^^^^^^^^^^^^^^^^^^^^^^^^^^^^^^
   |
   = note: `#[warn(unused_imports)]` (part of `#[warn(unused)]`) on by default

   Compiling futures-lite v2.6.1
warning: variable does not need to be mutable
    --> src\platform\mod.rs:1199:13
     |
1199 |         let mut buffer = [0u8; 8192];
     |             ----^^^^^^
     |             |
     |             help: remove this `mut`
     |
     = note: `#[warn(unused_mut)]` (part of `#[warn(unused)]`) on by default

warning: variable does not need to be mutable
    --> src\platform\mod.rs:1200:13
     |
1200 |         let mut total_read = 0;
     |             ----^^^^^^^^^^
     |             |
     |             help: remove this `mut`

warning: unused variable: `console`
   --> src\terminal\pty\windows\native.rs:240:13
    |
240 |         let console = self.console.ok_or_else(|| error("ConPTY is closed"))?;
    |             ^^^^^^^ help: if this is intentional, prefix it with an underscore: `_console`
    |
    = note: `#[warn(unused_variables)]` (part of `#[warn(unused)]`) on by default

warning: method `serial` is never used
  --> src\event\router.rs:84:19
   |
83 | impl NodeId {
   | ----------- method in this implementation
84 |     pub(crate) fn serial(self) -> usize {
   |                   ^^^^^^
   |
   = note: `#[warn(dead_code)]` (part of `#[warn(unused)]`) on by default

warning: field `parser` is never read
   --> src\platform\mod.rs:474:5
    |
471 | pub struct DirectTty {
    |            --------- field in this struct
...
474 |     parser: parser::EscapeSequenceParser,
    |     ^^^^^^

warning: field `resize` is never read
  --> src\terminal\pty\windows\runtime.rs:34:16
   |
29 | pub(super) struct Runtime {
   |                   ------- field in this struct
...
34 |     pub(super) resize: Resize,
   |                ^^^^^^

warning: `reactive-tui` (lib) generated 7 warnings (run `cargo fix --lib -p reactive-tui` to apply 4 suggestions)
    Finished `dev` profile [unoptimized + debuginfo] target(s) in 4m 53s
