warning: unnecessary parentheses around closure body
  --> src/backend/crossterm/src/terminal/sys/unix.rs:87:50
   |
87 |     let file = File::open("/dev/tty").map(|file| (FileDesc::Owned(file.into())));
   |                                                  ^                            ^
   |
   = note: `#[warn(unused_parens)]` (part of `#[warn(unused)]`) on by default
help: remove these parentheses
   |
87 -     let file = File::open("/dev/tty").map(|file| (FileDesc::Owned(file.into())));
87 +     let file = File::open("/dev/tty").map(|file| FileDesc::Owned(file.into()));
   |

warning: `crossterm` (lib) generated 1 warning (run `cargo fix --lib -p crossterm` to apply 1 suggestion)
    Finished `test` profile [unoptimized + debuginfo] target(s) in 0.10s
     Running unittests src/lib.rs (target/debug/deps/reactive_tui-232fdb479c0bdc67)

running 4 tests
test layout::css::variants::tests::test_responsive_variants ... ok
test layout::grid::tests::test_responsive_by_default ... ok
test screen::manager::tests::responsive_snapshot_rejects_nonfinite_values_even_in_inactive_profiles ... ok
test screen::manager::tests::responsive_screen_styles_follow_resize_without_replacing_content ... ok

test result: ok. 4 passed; 0 failed; 0 ignored; 0 measured; 1011 filtered out; finished in 0.01s

