
running 3 tests
test /home/shawn/workspace2/reactive-tui/.cairn/reviews/api-documentation/20260913T071026448749Z/rust-8.md - (line 14) - compile ... FAILED
test /home/shawn/workspace2/reactive-tui/.cairn/reviews/api-documentation/20260913T071026448749Z/rust-8.md - (line 22) - compile ... FAILED
test /home/shawn/workspace2/reactive-tui/.cairn/reviews/api-documentation/20260913T071026448749Z/rust-8.md - (line 3) - compile ... FAILED

failures:

---- /home/shawn/workspace2/reactive-tui/.cairn/reviews/api-documentation/20260913T071026448749Z/rust-8.md - (line 14) stdout ----
error[E0433]: cannot find module or crate `crossterm` in this scope
  --> /home/shawn/workspace2/reactive-tui/.cairn/reviews/api-documentation/20260913T071026448749Z/rust-8.md:16:5
   |
16 | use crossterm::clipboard::CopyToClipboard;
   |     ^^^^^^^^^ use of unresolved module or unlinked crate `crossterm`
   |
   = help: you might be missing a crate named `crossterm`

error[E0432]: unresolved import `crossterm`
  --> /home/shawn/workspace2/reactive-tui/.cairn/reviews/api-documentation/20260913T071026448749Z/rust-8.md:15:5
   |
15 | use crossterm::{execute, Command};
   |     ^^^^^^^^^ use of unresolved module or unlinked crate `crossterm`
   |
   = help: you might be missing a crate named `crossterm`

error: aborting due to 2 previous errors

Some errors have detailed explanations: E0432, E0433.
For more information about an error, try `rustc --explain E0432`.
Couldn't compile the test.
---- /home/shawn/workspace2/reactive-tui/.cairn/reviews/api-documentation/20260913T071026448749Z/rust-8.md - (line 22) stdout ----
error[E0433]: cannot find module or crate `crossterm` in this scope
  --> /home/shawn/workspace2/reactive-tui/.cairn/reviews/api-documentation/20260913T071026448749Z/rust-8.md:24:5
   |
24 | use crossterm::clipboard::CopyToClipboard;
   |     ^^^^^^^^^ use of unresolved module or unlinked crate `crossterm`
   |
   = help: you might be missing a crate named `crossterm`

error[E0432]: unresolved import `crossterm`
  --> /home/shawn/workspace2/reactive-tui/.cairn/reviews/api-documentation/20260913T071026448749Z/rust-8.md:23:5
   |
23 | use crossterm::execute;
   |     ^^^^^^^^^ use of unresolved module or unlinked crate `crossterm`
   |
   = help: you might be missing a crate named `crossterm`

error: aborting due to 2 previous errors

Some errors have detailed explanations: E0432, E0433.
For more information about an error, try `rustc --explain E0432`.
Couldn't compile the test.
---- /home/shawn/workspace2/reactive-tui/.cairn/reviews/api-documentation/20260913T071026448749Z/rust-8.md - (line 3) stdout ----
error[E0433]: cannot find module or crate `crossterm` in this scope
 --> /home/shawn/workspace2/reactive-tui/.cairn/reviews/api-documentation/20260913T071026448749Z/rust-8.md:5:5
  |
5 | use crossterm::clipboard::CopyToClipboard;
  |     ^^^^^^^^^ use of unresolved module or unlinked crate `crossterm`
  |
  = help: you might be missing a crate named `crossterm`

error[E0432]: unresolved import `crossterm`
 --> /home/shawn/workspace2/reactive-tui/.cairn/reviews/api-documentation/20260913T071026448749Z/rust-8.md:4:5
  |
4 | use crossterm::execute;
  |     ^^^^^^^^^ use of unresolved module or unlinked crate `crossterm`
  |
  = help: you might be missing a crate named `crossterm`

error: aborting due to 2 previous errors

Some errors have detailed explanations: E0432, E0433.
For more information about an error, try `rustc --explain E0432`.
Couldn't compile the test.

failures:
    /home/shawn/workspace2/reactive-tui/.cairn/reviews/api-documentation/20260913T071026448749Z/rust-8.md - (line 14)
    /home/shawn/workspace2/reactive-tui/.cairn/reviews/api-documentation/20260913T071026448749Z/rust-8.md - (line 22)
    /home/shawn/workspace2/reactive-tui/.cairn/reviews/api-documentation/20260913T071026448749Z/rust-8.md - (line 3)

test result: FAILED. 0 passed; 3 failed; 0 ignored; 0 measured; 0 filtered out; finished in 0.05s

