
running 1 test
test /home/shawn/workspace2/reactive-tui/.cairn/reviews/api-documentation/20260913T071026448749Z/rust-9.md - (line 3) - compile ... FAILED

failures:

---- /home/shawn/workspace2/reactive-tui/.cairn/reviews/api-documentation/20260913T071026448749Z/rust-9.md - (line 3) stdout ----
error[E0433]: cannot find module or crate `crossterm` in this scope
 --> /home/shawn/workspace2/reactive-tui/.cairn/reviews/api-documentation/20260913T071026448749Z/rust-9.md:6:5
  |
6 | use crossterm::{
  |     ^^^^^^^^^ use of unresolved module or unlinked crate `crossterm`
  |
  = help: you might be missing a crate named `crossterm`

error[E0432]: unresolved import `crossterm`
 --> /home/shawn/workspace2/reactive-tui/.cairn/reviews/api-documentation/20260913T071026448749Z/rust-9.md:6:5
  |
6 | use crossterm::{
  |     ^^^^^^^^^ use of unresolved module or unlinked crate `crossterm`
  |
  = help: you might be missing a crate named `crossterm`

error[E0599]: no method named `execute` found for struct `Stdout` in the current scope
  --> /home/shawn/workspace2/reactive-tui/.cairn/reviews/api-documentation/20260913T071026448749Z/rust-9.md:24:6
   |
23 | /   io::stdout()
24 | |     .execute(MoveTo(11,11))?
   | |     -^^^^^^^ method not found in `Stdout`
   | |_____|
   |
   |
  ::: src/backend/crossterm/src/command.rs:66:8
   |
66 |       fn execute(&mut self, command: impl Command) -> io::Result<&mut Self>;
   |          ------- the method is available for `Stdout` here
   |
   = help: items from traits can only be used if the trait is in scope
help: trait `ExecutableCommand` which provides `execute` is implemented but not in scope; perhaps you want to import it
   |
 4 + use crossterm::ExecutableCommand;
   |

error: aborting due to 3 previous errors

Some errors have detailed explanations: E0432, E0433, E0599.
For more information about an error, try `rustc --explain E0432`.
Couldn't compile the test.

failures:
    /home/shawn/workspace2/reactive-tui/.cairn/reviews/api-documentation/20260913T071026448749Z/rust-9.md - (line 3)

test result: FAILED. 0 passed; 1 failed; 0 ignored; 0 measured; 0 filtered out; finished in 0.46s

