
running 6 tests
test /home/shawn/workspace2/reactive-tui/.cairn/reviews/api-documentation/20260913T071026448749Z/rust-11.md - (line 81) - compile ... FAILED
test /home/shawn/workspace2/reactive-tui/.cairn/reviews/api-documentation/20260913T071026448749Z/rust-11.md - (line 17) - compile ... FAILED
test /home/shawn/workspace2/reactive-tui/.cairn/reviews/api-documentation/20260913T071026448749Z/rust-11.md - (line 42) - compile ... FAILED
test /home/shawn/workspace2/reactive-tui/.cairn/reviews/api-documentation/20260913T071026448749Z/rust-11.md - (line 3) - compile ... FAILED
test /home/shawn/workspace2/reactive-tui/.cairn/reviews/api-documentation/20260913T071026448749Z/rust-11.md - (line 32) - compile ... FAILED
test /home/shawn/workspace2/reactive-tui/.cairn/reviews/api-documentation/20260913T071026448749Z/rust-11.md - (line 52) - compile ... FAILED

failures:

---- /home/shawn/workspace2/reactive-tui/.cairn/reviews/api-documentation/20260913T071026448749Z/rust-11.md - (line 81) stdout ----
error[E0433]: cannot find module or crate `crossterm` in this scope
  --> /home/shawn/workspace2/reactive-tui/.cairn/reviews/api-documentation/20260913T071026448749Z/rust-11.md:83:5
   |
83 | use crossterm::{
   |     ^^^^^^^^^ use of unresolved module or unlinked crate `crossterm`
   |
   = help: you might be missing a crate named `crossterm`

error[E0432]: unresolved import `crossterm`
  --> /home/shawn/workspace2/reactive-tui/.cairn/reviews/api-documentation/20260913T071026448749Z/rust-11.md:83:5
   |
83 | use crossterm::{
   |     ^^^^^^^^^ use of unresolved module or unlinked crate `crossterm`
   |
   = help: you might be missing a crate named `crossterm`

error: aborting due to 2 previous errors

Some errors have detailed explanations: E0432, E0433.
For more information about an error, try `rustc --explain E0432`.
Couldn't compile the test.
---- /home/shawn/workspace2/reactive-tui/.cairn/reviews/api-documentation/20260913T071026448749Z/rust-11.md - (line 17) stdout ----
error[E0432]: unresolved import `crossterm`
  --> /home/shawn/workspace2/reactive-tui/.cairn/reviews/api-documentation/20260913T071026448749Z/rust-11.md:19:5
   |
19 | use crossterm::{queue, QueueableCommand, cursor};
   |     ^^^^^^^^^ use of unresolved module or unlinked crate `crossterm`
   |
   = help: you might be missing a crate named `crossterm`

error: aborting due to 1 previous error

For more information about this error, try `rustc --explain E0432`.
Couldn't compile the test.
---- /home/shawn/workspace2/reactive-tui/.cairn/reviews/api-documentation/20260913T071026448749Z/rust-11.md - (line 42) stdout ----
error[E0432]: unresolved import `crossterm`
  --> /home/shawn/workspace2/reactive-tui/.cairn/reviews/api-documentation/20260913T071026448749Z/rust-11.md:44:5
   |
44 | use crossterm::{execute, ExecutableCommand, cursor};
   |     ^^^^^^^^^ use of unresolved module or unlinked crate `crossterm`
   |
   = help: you might be missing a crate named `crossterm`

error: aborting due to 1 previous error

For more information about this error, try `rustc --explain E0432`.
Couldn't compile the test.
---- /home/shawn/workspace2/reactive-tui/.cairn/reviews/api-documentation/20260913T071026448749Z/rust-11.md - (line 3) stdout ----
error[E0432]: unresolved import `crossterm`
 --> /home/shawn/workspace2/reactive-tui/.cairn/reviews/api-documentation/20260913T071026448749Z/rust-11.md:5:5
  |
5 | use crossterm::{QueueableCommand, cursor};
  |     ^^^^^^^^^ use of unresolved module or unlinked crate `crossterm`
  |
  = help: you might be missing a crate named `crossterm`

error[E0599]: no method named `queue` found for struct `Stdout` in the current scope
  --> /home/shawn/workspace2/reactive-tui/.cairn/reviews/api-documentation/20260913T071026448749Z/rust-11.md:8:8
   |
 8 | stdout.queue(cursor::MoveTo(5,5));
   |        ^^^^^ method not found in `Stdout`
   |
  ::: src/backend/crossterm/src/command.rs:60:8
   |
60 |     fn queue(&mut self, command: impl Command) -> io::Result<&mut Self>;
   |        ----- the method is available for `Stdout` here
   |
   = help: items from traits can only be used if the trait is in scope
help: trait `QueueableCommand` which provides `queue` is implemented but not in scope; perhaps you want to import it
   |
 3 + use crossterm::QueueableCommand;
   |

error: aborting due to 2 previous errors

Some errors have detailed explanations: E0432, E0599.
For more information about an error, try `rustc --explain E0432`.
Couldn't compile the test.
---- /home/shawn/workspace2/reactive-tui/.cairn/reviews/api-documentation/20260913T071026448749Z/rust-11.md - (line 32) stdout ----
error[E0432]: unresolved import `crossterm`
  --> /home/shawn/workspace2/reactive-tui/.cairn/reviews/api-documentation/20260913T071026448749Z/rust-11.md:34:5
   |
34 | use crossterm::{ExecutableCommand, cursor};
   |     ^^^^^^^^^ use of unresolved module or unlinked crate `crossterm`
   |
   = help: you might be missing a crate named `crossterm`

error[E0599]: no method named `execute` found for struct `Stdout` in the current scope
  --> /home/shawn/workspace2/reactive-tui/.cairn/reviews/api-documentation/20260913T071026448749Z/rust-11.md:37:8
   |
37 | stdout.execute(cursor::MoveTo(5,5));
   |        ^^^^^^^ method not found in `Stdout`
   |
  ::: src/backend/crossterm/src/command.rs:66:8
   |
66 |     fn execute(&mut self, command: impl Command) -> io::Result<&mut Self>;
   |        ------- the method is available for `Stdout` here
   |
   = help: items from traits can only be used if the trait is in scope
help: trait `ExecutableCommand` which provides `execute` is implemented but not in scope; perhaps you want to import it
   |
32 + use crossterm::ExecutableCommand;
   |

error: aborting due to 2 previous errors

Some errors have detailed explanations: E0432, E0599.
For more information about an error, try `rustc --explain E0432`.
Couldn't compile the test.
---- /home/shawn/workspace2/reactive-tui/.cairn/reviews/api-documentation/20260913T071026448749Z/rust-11.md - (line 52) stdout ----
error[E0433]: cannot find module or crate `crossterm` in this scope
  --> /home/shawn/workspace2/reactive-tui/.cairn/reviews/api-documentation/20260913T071026448749Z/rust-11.md:54:5
   |
54 | use crossterm::{
   |     ^^^^^^^^^ use of unresolved module or unlinked crate `crossterm`
   |
   = help: you might be missing a crate named `crossterm`

error[E0432]: unresolved import `crossterm`
  --> /home/shawn/workspace2/reactive-tui/.cairn/reviews/api-documentation/20260913T071026448749Z/rust-11.md:54:5
   |
54 | use crossterm::{
   |     ^^^^^^^^^ use of unresolved module or unlinked crate `crossterm`
   |
   = help: you might be missing a crate named `crossterm`

error[E0599]: no method named `execute` found for struct `Stdout` in the current scope
  --> /home/shawn/workspace2/reactive-tui/.cairn/reviews/api-documentation/20260913T071026448749Z/rust-11.md:62:10
   |
62 |   stdout.execute(terminal::Clear(terminal::ClearType::All))?;
   |          ^^^^^^^ method not found in `Stdout`
   |
  ::: src/backend/crossterm/src/command.rs:66:8
   |
66 |     fn execute(&mut self, command: impl Command) -> io::Result<&mut Self>;
   |        ------- the method is available for `Stdout` here
   |
   = help: items from traits can only be used if the trait is in scope
help: trait `ExecutableCommand` which provides `execute` is implemented but not in scope; perhaps you want to import it
   |
53 + use crossterm::ExecutableCommand;
   |

error[E0599]: no method named `queue` found for struct `Stdout` in the current scope
  --> /home/shawn/workspace2/reactive-tui/.cairn/reviews/api-documentation/20260913T071026448749Z/rust-11.md:69:12
   |
68 | /         stdout
69 | |           .queue(cursor::MoveTo(x,y))?
   | |           -^^^^^ method not found in `Stdout`
   | |___________|
   |
   |
  ::: src/backend/crossterm/src/command.rs:60:8
   |
60 |       fn queue(&mut self, command: impl Command) -> io::Result<&mut Self>;
   |          ----- the method is available for `Stdout` here
   |
   = help: items from traits can only be used if the trait is in scope
help: trait `QueueableCommand` which provides `queue` is implemented but not in scope; perhaps you want to import it
   |
53 + use crossterm::QueueableCommand;
   |

error[E0599]: no method named `magenta` found for reference `&'static str` in the current scope
  --> /home/shawn/workspace2/reactive-tui/.cairn/reviews/api-documentation/20260913T071026448749Z/rust-11.md:70:49
   |
70 |           .queue(style::PrintStyledContent( "█".magenta()))?;
   |                                                 ^^^^^^^
   |
   = help: items from traits can only be used if the trait is in scope
help: trait `Stylize` which provides `magenta` is implemented but not in scope; perhaps you want to import it
   |
53 + use crossterm::style::Stylize;
   |
help: there is a method `on_magenta` with a similar name
   |
70 |           .queue(style::PrintStyledContent( "█".on_magenta()))?;
   |                                                 +++

error: aborting due to 5 previous errors

Some errors have detailed explanations: E0432, E0433, E0599.
For more information about an error, try `rustc --explain E0432`.
Couldn't compile the test.

failures:
    /home/shawn/workspace2/reactive-tui/.cairn/reviews/api-documentation/20260913T071026448749Z/rust-11.md - (line 17)
    /home/shawn/workspace2/reactive-tui/.cairn/reviews/api-documentation/20260913T071026448749Z/rust-11.md - (line 3)
    /home/shawn/workspace2/reactive-tui/.cairn/reviews/api-documentation/20260913T071026448749Z/rust-11.md - (line 32)
    /home/shawn/workspace2/reactive-tui/.cairn/reviews/api-documentation/20260913T071026448749Z/rust-11.md - (line 42)
    /home/shawn/workspace2/reactive-tui/.cairn/reviews/api-documentation/20260913T071026448749Z/rust-11.md - (line 52)
    /home/shawn/workspace2/reactive-tui/.cairn/reviews/api-documentation/20260913T071026448749Z/rust-11.md - (line 81)

test result: FAILED. 0 passed; 6 failed; 0 ignored; 0 measured; 0 filtered out; finished in 0.09s

