
running 5 tests
test /home/shawn/workspace2/reactive-tui/.cairn/reviews/api-documentation/20260913T071026448749Z/rust-16.md - (line 54) - compile ... FAILED
test /home/shawn/workspace2/reactive-tui/.cairn/reviews/api-documentation/20260913T071026448749Z/rust-16.md - (line 3) - compile ... FAILED
test /home/shawn/workspace2/reactive-tui/.cairn/reviews/api-documentation/20260913T071026448749Z/rust-16.md - (line 24) - compile ... FAILED
test /home/shawn/workspace2/reactive-tui/.cairn/reviews/api-documentation/20260913T071026448749Z/rust-16.md - (line 70) - compile ... FAILED
test /home/shawn/workspace2/reactive-tui/.cairn/reviews/api-documentation/20260913T071026448749Z/rust-16.md - (line 39) - compile ... FAILED

failures:

---- /home/shawn/workspace2/reactive-tui/.cairn/reviews/api-documentation/20260913T071026448749Z/rust-16.md - (line 54) stdout ----
error[E0433]: cannot find module or crate `crossterm` in this scope
  --> /home/shawn/workspace2/reactive-tui/.cairn/reviews/api-documentation/20260913T071026448749Z/rust-16.md:56:5
   |
56 | use crossterm::{execute, terminal::{BeginSynchronizedUpdate, EndSynchronizedUpdate}};
   |     ^^^^^^^^^ use of unresolved module or unlinked crate `crossterm`
   |
   = help: you might be missing a crate named `crossterm`

error[E0432]: unresolved import `crossterm`
  --> /home/shawn/workspace2/reactive-tui/.cairn/reviews/api-documentation/20260913T071026448749Z/rust-16.md:56:5
   |
56 | use crossterm::{execute, terminal::{BeginSynchronizedUpdate, EndSynchronizedUpdate}};
   |     ^^^^^^^^^ use of unresolved module or unlinked crate `crossterm`
   |
   = help: you might be missing a crate named `crossterm`

error: aborting due to 2 previous errors

Some errors have detailed explanations: E0432, E0433.
For more information about an error, try `rustc --explain E0432`.
Couldn't compile the test.
---- /home/shawn/workspace2/reactive-tui/.cairn/reviews/api-documentation/20260913T071026448749Z/rust-16.md - (line 3) stdout ----
error[E0433]: cannot find module or crate `crossterm` in this scope
 --> /home/shawn/workspace2/reactive-tui/.cairn/reviews/api-documentation/20260913T071026448749Z/rust-16.md:5:5
  |
5 | use crossterm::{execute, terminal::{ScrollUp, SetSize, size}};
  |     ^^^^^^^^^ use of unresolved module or unlinked crate `crossterm`
  |
  = help: you might be missing a crate named `crossterm`

error[E0432]: unresolved import `crossterm`
 --> /home/shawn/workspace2/reactive-tui/.cairn/reviews/api-documentation/20260913T071026448749Z/rust-16.md:5:5
  |
5 | use crossterm::{execute, terminal::{ScrollUp, SetSize, size}};
  |     ^^^^^^^^^ use of unresolved module or unlinked crate `crossterm`
  |
  = help: you might be missing a crate named `crossterm`

error: aborting due to 2 previous errors

Some errors have detailed explanations: E0432, E0433.
For more information about an error, try `rustc --explain E0432`.
Couldn't compile the test.
---- /home/shawn/workspace2/reactive-tui/.cairn/reviews/api-documentation/20260913T071026448749Z/rust-16.md - (line 24) stdout ----
error[E0433]: cannot find module or crate `crossterm` in this scope
  --> /home/shawn/workspace2/reactive-tui/.cairn/reviews/api-documentation/20260913T071026448749Z/rust-16.md:26:5
   |
26 | use crossterm::{execute, terminal::{EnterAlternateScreen, LeaveAlternateScreen}};
   |     ^^^^^^^^^ use of unresolved module or unlinked crate `crossterm`
   |
   = help: you might be missing a crate named `crossterm`

error[E0432]: unresolved import `crossterm`
  --> /home/shawn/workspace2/reactive-tui/.cairn/reviews/api-documentation/20260913T071026448749Z/rust-16.md:26:5
   |
26 | use crossterm::{execute, terminal::{EnterAlternateScreen, LeaveAlternateScreen}};
   |     ^^^^^^^^^ use of unresolved module or unlinked crate `crossterm`
   |
   = help: you might be missing a crate named `crossterm`

error: aborting due to 2 previous errors

Some errors have detailed explanations: E0432, E0433.
For more information about an error, try `rustc --explain E0432`.
Couldn't compile the test.
---- /home/shawn/workspace2/reactive-tui/.cairn/reviews/api-documentation/20260913T071026448749Z/rust-16.md - (line 70) stdout ----
error[E0433]: cannot find module or crate `crossterm` in this scope
  --> /home/shawn/workspace2/reactive-tui/.cairn/reviews/api-documentation/20260913T071026448749Z/rust-16.md:72:5
   |
72 | use crossterm::{execute, terminal::{BeginSynchronizedUpdate, EndSynchronizedUpdate}};
   |     ^^^^^^^^^ use of unresolved module or unlinked crate `crossterm`
   |
   = help: you might be missing a crate named `crossterm`

error[E0432]: unresolved import `crossterm`
  --> /home/shawn/workspace2/reactive-tui/.cairn/reviews/api-documentation/20260913T071026448749Z/rust-16.md:72:5
   |
72 | use crossterm::{execute, terminal::{BeginSynchronizedUpdate, EndSynchronizedUpdate}};
   |     ^^^^^^^^^ use of unresolved module or unlinked crate `crossterm`
   |
   = help: you might be missing a crate named `crossterm`

error: aborting due to 2 previous errors

Some errors have detailed explanations: E0432, E0433.
For more information about an error, try `rustc --explain E0432`.
Couldn't compile the test.
---- /home/shawn/workspace2/reactive-tui/.cairn/reviews/api-documentation/20260913T071026448749Z/rust-16.md - (line 39) stdout ----
error[E0433]: cannot find module or crate `crossterm` in this scope
  --> /home/shawn/workspace2/reactive-tui/.cairn/reviews/api-documentation/20260913T071026448749Z/rust-16.md:41:5
   |
41 | use crossterm::{execute, terminal::{EnterAlternateScreen, LeaveAlternateScreen}};
   |     ^^^^^^^^^ use of unresolved module or unlinked crate `crossterm`
   |
   = help: you might be missing a crate named `crossterm`

error[E0432]: unresolved import `crossterm`
  --> /home/shawn/workspace2/reactive-tui/.cairn/reviews/api-documentation/20260913T071026448749Z/rust-16.md:41:5
   |
41 | use crossterm::{execute, terminal::{EnterAlternateScreen, LeaveAlternateScreen}};
   |     ^^^^^^^^^ use of unresolved module or unlinked crate `crossterm`
   |
   = help: you might be missing a crate named `crossterm`

error: aborting due to 2 previous errors

Some errors have detailed explanations: E0432, E0433.
For more information about an error, try `rustc --explain E0432`.
Couldn't compile the test.

failures:
    /home/shawn/workspace2/reactive-tui/.cairn/reviews/api-documentation/20260913T071026448749Z/rust-16.md - (line 24)
    /home/shawn/workspace2/reactive-tui/.cairn/reviews/api-documentation/20260913T071026448749Z/rust-16.md - (line 3)
    /home/shawn/workspace2/reactive-tui/.cairn/reviews/api-documentation/20260913T071026448749Z/rust-16.md - (line 39)
    /home/shawn/workspace2/reactive-tui/.cairn/reviews/api-documentation/20260913T071026448749Z/rust-16.md - (line 54)
    /home/shawn/workspace2/reactive-tui/.cairn/reviews/api-documentation/20260913T071026448749Z/rust-16.md - (line 70)

test result: FAILED. 0 passed; 5 failed; 0 ignored; 0 measured; 0 filtered out; finished in 0.04s

