
running 2 tests
test /home/shawn/workspace2/reactive-tui/.cairn/reviews/api-documentation/20260913T071026448749Z/rust-13.md - (line 3) - compile ... FAILED
test /home/shawn/workspace2/reactive-tui/.cairn/reviews/api-documentation/20260913T071026448749Z/rust-13.md - (line 15) - compile ... FAILED

failures:

---- /home/shawn/workspace2/reactive-tui/.cairn/reviews/api-documentation/20260913T071026448749Z/rust-13.md - (line 3) stdout ----
error[E0433]: cannot find module or crate `crossterm` in this scope
 --> /home/shawn/workspace2/reactive-tui/.cairn/reviews/api-documentation/20260913T071026448749Z/rust-13.md:4:5
  |
4 | use crossterm::style::Attribute;
  |     ^^^^^^^^^ use of unresolved module or unlinked crate `crossterm`
  |
  = help: you might be missing a crate named `crossterm`

error: aborting due to 1 previous error

For more information about this error, try `rustc --explain E0433`.
Couldn't compile the test.
---- /home/shawn/workspace2/reactive-tui/.cairn/reviews/api-documentation/20260913T071026448749Z/rust-13.md - (line 15) stdout ----
error[E0433]: cannot find module or crate `crossterm` in this scope
  --> /home/shawn/workspace2/reactive-tui/.cairn/reviews/api-documentation/20260913T071026448749Z/rust-13.md:16:5
   |
16 | use crossterm::style::Stylize;
   |     ^^^^^^^^^ use of unresolved module or unlinked crate `crossterm`
   |
   = help: you might be missing a crate named `crossterm`

error[E0599]: no method named `bold` found for reference `&'static str` in the current scope
  --> /home/shawn/workspace2/reactive-tui/.cairn/reviews/api-documentation/20260913T071026448749Z/rust-13.md:18:28
   |
18 | println!("{}", "Bold text".bold());
   |                            ^^^^ method not found in `&'static str`

error[E0599]: no method named `underlined` found for reference `&'static str` in the current scope
  --> /home/shawn/workspace2/reactive-tui/.cairn/reviews/api-documentation/20260913T071026448749Z/rust-13.md:19:34
   |
19 | println!("{}", "Underlined text".underlined());
   |                                  ^^^^^^^^^^ method not found in `&'static str`

error[E0599]: no method named `negative` found for reference `&'static str` in the current scope
  --> /home/shawn/workspace2/reactive-tui/.cairn/reviews/api-documentation/20260913T071026448749Z/rust-13.md:20:32
   |
20 | println!("{}", "Negative text".negative());
   |                                ^^^^^^^^ method not found in `&'static str`

error: aborting due to 4 previous errors

Some errors have detailed explanations: E0433, E0599.
For more information about an error, try `rustc --explain E0433`.
Couldn't compile the test.

failures:
    /home/shawn/workspace2/reactive-tui/.cairn/reviews/api-documentation/20260913T071026448749Z/rust-13.md - (line 15)
    /home/shawn/workspace2/reactive-tui/.cairn/reviews/api-documentation/20260913T071026448749Z/rust-13.md - (line 3)

test result: FAILED. 0 passed; 2 failed; 0 ignored; 0 measured; 0 filtered out; finished in 0.04s

