
running 1 test
test /home/shawn/workspace2/reactive-tui/.cairn/reviews/api-documentation/20260913T071026448749Z/rust-12.md - (line 3) - compile ... FAILED

failures:

---- /home/shawn/workspace2/reactive-tui/.cairn/reviews/api-documentation/20260913T071026448749Z/rust-12.md - (line 3) stdout ----
error[E0433]: cannot find module or crate `crossterm` in this scope
 --> /home/shawn/workspace2/reactive-tui/.cairn/reviews/api-documentation/20260913T071026448749Z/rust-12.md:4:5
  |
4 | use crossterm::style::Stylize;
  |     ^^^^^^^^^ use of unresolved module or unlinked crate `crossterm`
  |
  = help: you might be missing a crate named `crossterm`

error[E0599]: no method named `bold` found for reference `&'static str` in the current scope
 --> /home/shawn/workspace2/reactive-tui/.cairn/reviews/api-documentation/20260913T071026448749Z/rust-12.md:6:28
  |
6 | println!("{}", "Bold text".bold());
  |                            ^^^^ method not found in `&'static str`

error[E0599]: no method named `underlined` found for reference `&'static str` in the current scope
 --> /home/shawn/workspace2/reactive-tui/.cairn/reviews/api-documentation/20260913T071026448749Z/rust-12.md:7:34
  |
7 | println!("{}", "Underlined text".underlined());
  |                                  ^^^^^^^^^^ method not found in `&'static str`

error[E0599]: no method named `negative` found for reference `&'static str` in the current scope
 --> /home/shawn/workspace2/reactive-tui/.cairn/reviews/api-documentation/20260913T071026448749Z/rust-12.md:8:32
  |
8 | println!("{}", "Negative text".negative());
  |                                ^^^^^^^^ method not found in `&'static str`

error[E0599]: no method named `red` found for reference `&'static str` in the current scope
 --> /home/shawn/workspace2/reactive-tui/.cairn/reviews/api-documentation/20260913T071026448749Z/rust-12.md:9:30
  |
9 | println!("{}", "Red on blue".red().on_blue());
  |                              ^^^ method not found in `&'static str`

error: aborting due to 5 previous errors

Some errors have detailed explanations: E0433, E0599.
For more information about an error, try `rustc --explain E0433`.
Couldn't compile the test.

failures:
    /home/shawn/workspace2/reactive-tui/.cairn/reviews/api-documentation/20260913T071026448749Z/rust-12.md - (line 3)

test result: FAILED. 0 passed; 1 failed; 0 ignored; 0 measured; 0 filtered out; finished in 0.03s

