EEE.....E........
======================================================================
ERROR: test_supplied_oversized_archive_is_rejected_before_reading (__main__.ITermArchiveControls.test_supplied_oversized_archive_is_rejected_before_reading)
----------------------------------------------------------------------
Traceback (most recent call last):
  File "/home/shawn/workspace2/reactive-tui/scripts/test-widget-platforms.py", line 195, in test_supplied_oversized_archive_is_rejected_before_reading
    self.check.prepare_archive(Path("unused-controlled-directory"), archive)
    ^^^^^^^^^^^^^^^^^^^^^^^^^^
AttributeError: module 'iterm_archive' has no attribute 'prepare_archive'

======================================================================
ERROR: test_supplied_pinned_archive_avoids_download_and_preserves_bytes (__main__.ITermArchiveControls.test_supplied_pinned_archive_avoids_download_and_preserves_bytes)
----------------------------------------------------------------------
Traceback (most recent call last):
  File "/home/shawn/workspace2/reactive-tui/scripts/test-widget-platforms.py", line 178, in test_supplied_pinned_archive_avoids_download_and_preserves_bytes
    self.assertEqual(self.check.prepare_archive(Path(scratch), archive), archive)
                     ^^^^^^^^^^^^^^^^^^^^^^^^^^
AttributeError: module 'iterm_archive' has no attribute 'prepare_archive'

======================================================================
ERROR: test_supplied_wrong_digest_is_rejected_before_installation (__main__.ITermArchiveControls.test_supplied_wrong_digest_is_rejected_before_installation)
----------------------------------------------------------------------
Traceback (most recent call last):
  File "/home/shawn/workspace2/reactive-tui/scripts/test-widget-platforms.py", line 187, in test_supplied_wrong_digest_is_rejected_before_installation
    self.check.prepare_archive(Path(scratch), archive)
    ^^^^^^^^^^^^^^^^^^^^^^^^^^
AttributeError: module 'iterm_archive' has no attribute 'prepare_archive'

======================================================================
ERROR: test_darwin_forwards_optional_pinned_archive (__main__.NativeWidgetControls.test_darwin_forwards_optional_pinned_archive)
----------------------------------------------------------------------
Traceback (most recent call last):
  File "/home/shawn/workspace2/reactive-tui/scripts/test-widget-platforms.py", line 131, in test_darwin_forwards_optional_pinned_archive
    CHECK.run(True, archive)
    ~~~~~~~~~^^^^^^^^^^^^^^^
TypeError: run() takes from 0 to 1 positional arguments but 2 were given

----------------------------------------------------------------------
Ran 17 tests in 0.729s

FAILED (errors=4)
