[1/40] Generating wayland-xdg-shell-client-protocol.h ...
[2/40] Generating wayland-xdg-shell-client-protocol.c ...
[3/40] Generating wayland-viewporter-client-protocol.h ...
[4/40] Generating wayland-viewporter-client-protocol.c ...
[5/40] Generating wayland-relative-pointer-unstable-v1-client-protocol.h ...
[6/40] Generating wayland-relative-pointer-unstable-v1-client-protocol.c ...
[7/40] Generating wayland-pointer-constraints-unstable-v1-client-protocol.h ...
[8/40] Generating wayland-pointer-constraints-unstable-v1-client-protocol.c ...
[9/40] Generating wayland-xdg-decoration-unstable-v1-client-protocol.h ...
[10/40] Generating wayland-xdg-decoration-unstable-v1-client-protocol.c ...
[11/40] Generating wayland-primary-selection-unstable-v1-client-protocol.h ...
[12/40] Generating wayland-primary-selection-unstable-v1-client-protocol.c ...
[13/40] Generating wayland-text-input-unstable-v3-client-protocol.h ...
[14/40] Generating wayland-text-input-unstable-v3-client-protocol.c ...
[15/40] Generating wayland-xdg-activation-v1-client-protocol.h ...
[16/40] Generating wayland-xdg-activation-v1-client-protocol.c ...
[17/40] Generating wayland-tablet-unstable-v2-client-protocol.h ...
[18/40] Generating wayland-tablet-unstable-v2-client-protocol.c ...
[19/40] Generating wayland-cursor-shape-v1-client-protocol.h ...
[20/40] Generating wayland-cursor-shape-v1-client-protocol.c ...
[21/40] Generating wayland-fractional-scale-v1-client-protocol.h ...
[22/40] Generating wayland-fractional-scale-v1-client-protocol.c ...
[23/40] Generating wayland-single-pixel-buffer-v1-client-protocol.h ...
[24/40] Generating wayland-single-pixel-buffer-v1-client-protocol.c ...
[25/40] Generating wayland-idle-inhibit-unstable-v1-client-protocol.h ...
[26/40] Generating wayland-idle-inhibit-unstable-v1-client-protocol.c ...
[27/40] Generating wayland-keyboard-shortcuts-inhibit-unstable-v1-client-protocol.h ...
[28/40] Generating wayland-keyboard-shortcuts-inhibit-unstable-v1-client-protocol.c ...
[29/40] Generating wayland-xdg-toplevel-icon-v1-client-protocol.h ...
[30/40] Generating wayland-xdg-toplevel-icon-v1-client-protocol.c ...
[31/40] Generating wayland-xdg-system-bell-v1-client-protocol.h ...
[32/40] Generating wayland-xdg-system-bell-v1-client-protocol.c ...
[33/40] Generating wayland-xdg-toplevel-tag-v1-client-protocol.h ...
[34/40] Generating wayland-xdg-toplevel-tag-v1-client-protocol.c ...
[35/40] Generating wayland-color-management-v1-client-protocol.h ...
[36/40] Generating wayland-color-management-v1-client-protocol.c ...
[37/40] Generating wayland-kwin-blur-v1-client-protocol.h ...
[38/40] Generating wayland-kwin-blur-v1-client-protocol.c ...
[39/40] Generating wayland-wlr-layer-shell-unstable-v1-client-protocol.h ...
[40/40] Generating wayland-wlr-layer-shell-unstable-v1-client-protocol.c ...
 done
[1/135] Compiling kitty/screen.c ...
[2/135] Compiling [wayland] glfw/wl_window.c ...
[3/135] Compiling kitty/glfw.c ...
[4/135] Compiling [x11] glfw/x11_window.c ...
[5/135] Compiling kitty/fonts.c ...
[6/135] Compiling kitty/graphics.c ...
[7/135] Compiling kitty/child-monitor.c ...
[8/135] Compiling kitty/decorations.c ...
[9/135] Compiling kitty/shaders.c ...
[10/135] Compiling kitty/vt-parser.c ...
[11/135] Compiling kitty/vt-parser.c ...
[12/135] Compiling kitty/state.c ...
[13/135] Compiling kitty/freetype.c ...
[14/135] Compiling kitty/mouse.c ...
[15/135] Compiling [x11] glfw/input.c ...
[16/135] Compiling [wayland] glfw/input.c ...
[17/135] Compiling [x11] glfw/xkb_glfw.c ...
[18/135] Compiling [wayland] glfw/xkb_glfw.c ...
[19/135] Compiling [wayland] glfw/wl_init.c ...
[20/135] Compiling kitty/line.c ...
[21/135] Compiling [wayland] glfw/wl_client_side_decorations.c ...
[22/135] Compiling [x11] glfw/window.c ...
[23/135] Compiling [wayland] glfw/window.c ...
[24/135] Compiling kitty/glfw-wrapper.c ...
[25/135] Compiling kittens/transfer/algorithm.c ...
[26/135] Compiling kitty/data-types.c ...
[27/135] Compiling kitty/colors.c ...
[28/135] Compiling kitty/disk-cache.c ...
[29/135] Compiling [x11] glfw/x11_init.c ...
[30/135] Compiling kitty/freetype_render_ui_text.c ...
[31/135] Compiling [x11] glfw/egl_context.c ...
[32/135] Compiling [wayland] glfw/egl_context.c ...
[33/135] Compiling kitty/history.c ...
[34/135] Compiling kitty/fontconfig.c ...
[35/135] Compiling kitty/keys.c ...
[36/135] Compiling [x11] glfw/glx_context.c ...
[37/135] Compiling kitty/line-buf.c ...
[38/135] Compiling kitty/launcher/main.c ...
[39/135] Compiling [x11] glfw/x11_monitor.c ...
[40/135] Compiling kitty/crypto.c ...
[41/135] Compiling [x11] glfw/context.c ...
[42/135] Compiling [wayland] glfw/context.c ...
[43/135] Compiling [x11] glfw/ibus_glfw.c ...
[44/135] Compiling [wayland] glfw/ibus_glfw.c ...
[45/135] Compiling kitty/font-names.c ...
[46/135] Compiling kitty/gl.c ...
[47/135] Compiling kitty/key_encoding.c ...
[48/135] Compiling kitty/resize.c ...
[49/135] Compiling [x11] glfw/monitor.c ...
[50/135] Compiling [wayland] glfw/monitor.c ...
[51/135] Compiling [x11] glfw/backend_utils.c ...
[52/135] Compiling [wayland] glfw/backend_utils.c ...
[53/135] Compiling kitty/launcher/single-instance.c ...
[54/135] Compiling [x11] glfw/init.c ...
[55/135] Compiling [wayland] glfw/init.c ...
[56/135] Compiling kitty/charsets.c ...
[57/135] Compiling [x11] glfw/dbus_glfw.c ...
[58/135] Compiling [wayland] glfw/dbus_glfw.c ...
[59/135] Compiling [x11] glfw/linux_joystick.c ...
[60/135] Compiling [wayland] glfw/linux_joystick.c ...
[61/135] Compiling kitty/cursor.c ...
[62/135] Compiling [x11] glfw/vulkan.c ...
[63/135] Compiling [wayland] glfw/vulkan.c ...
[64/135] Compiling [x11] glfw/osmesa_context.c ...
[65/135] Compiling [wayland] glfw/osmesa_context.c ...
[66/135] Compiling [x11] glfw/linux_desktop_settings.c ...
[67/135] Compiling [wayland] glfw/linux_desktop_settings.c ...
[68/135] Compiling kitty/desktop.c ...
[69/135] Compiling kitty/animation.c ...
[70/135] Compiling kitty/png-reader.c ...
[71/135] Compiling kitty/loop-utils.c ...
[72/135] Compiling 3rdparty/ringbuf/ringbuf.c ...
[73/135] Compiling kitty/simd-string.c ...
[74/135] Compiling [wayland] glfw/wayland-color-management-v1-client-protocol.c ...
[75/135] Compiling [x11] glfw/linux_notify.c ...
[76/135] Compiling [wayland] glfw/linux_notify.c ...
[77/135] Compiling kitty/child.c ...
[78/135] Compiling kitty/systemd.c ...
[79/135] Compiling [wayland] glfw/wayland-tablet-unstable-v2-client-protocol.c ...
[80/135] Compiling [wayland] glfw/wl_monitor.c ...
[81/135] Compiling [wayland] glfw/wl_text_input.c ...
[82/135] Compiling kitty/kittens.c ...
[83/135] Compiling 3rdparty/base64/lib/codec_choose.c ...
[84/135] Compiling kitty/cursor_trail.c ...
[85/135] Compiling kitty/hyperlink.c ...
[86/135] Compiling [wayland] glfw/wayland-xdg-shell-client-protocol.c ...
[87/135] Compiling kitty/glyph-cache.c ...
[88/135] Compiling kitty/rowcolumn-diacritics.c ...
[89/135] Compiling kitty/text-cache.c ...
[90/135] Compiling [wayland] glfw/wayland-primary-selection-unstable-v1-client-protocol.c ...
[91/135] Compiling kitty/window_logo.c ...
[92/135] Compiling [wayland] glfw/wayland-pointer-constraints-unstable-v1-client-protocol.c ...
[93/135] Compiling kitty/wcswidth.c ...
[94/135] Compiling kitty/fast-file-copy.c ...
[95/135] Compiling [wayland] glfw/wayland-text-input-unstable-v3-client-protocol.c ...
[96/135] Compiling [wayland] glfw/wayland-wlr-layer-shell-unstable-v1-client-protocol.c ...
[97/135] Compiling 3rdparty/base64/lib/lib.c ...
[98/135] Compiling [x11] glfw/posix_thread.c ...
[99/135] Compiling [wayland] glfw/posix_thread.c ...
[100/135] Compiling kitty/shlex.c ...
[101/135] Compiling [wayland] glfw/wayland-xdg-activation-v1-client-protocol.c ...
[102/135] Compiling [wayland] glfw/wayland-xdg-toplevel-icon-v1-client-protocol.c ...
[103/135] Compiling [wayland] glfw/wayland-keyboard-shortcuts-inhibit-unstable-v1-client-protocol.c ...
[104/135] Compiling [wayland] glfw/wayland-xdg-decoration-unstable-v1-client-protocol.c ...
[105/135] Compiling [wayland] glfw/wayland-relative-pointer-unstable-v1-client-protocol.c ...
[106/135] Compiling [wayland] glfw/wayland-cursor-shape-v1-client-protocol.c ...
[107/135] Compiling [wayland] glfw/wayland-fractional-scale-v1-client-protocol.c ...
[108/135] Compiling kitty/launcher/cmdline.c ...
[109/135] Compiling kitty/logging.c ...
[110/135] Compiling [wayland] glfw/wayland-idle-inhibit-unstable-v1-client-protocol.c ...
[111/135] Compiling [wayland] glfw/wayland-viewporter-client-protocol.c ...
[112/135] Compiling 3rdparty/base64/lib/arch/neon64/codec.c ...
[113/135] Compiling [wayland] glfw/wayland-xdg-toplevel-tag-v1-client-protocol.c ...
[114/135] Compiling [wayland] glfw/wayland-single-pixel-buffer-v1-client-protocol.c ...
[115/135] Compiling 3rdparty/base64/lib/tables/tables.c ...
[116/135] Compiling [wayland] glfw/wayland-xdg-system-bell-v1-client-protocol.c ...
[117/135] Compiling [wayland] glfw/wl_cursors.c ...
[118/135] Compiling 3rdparty/base64/lib/arch/neon32/codec.c ...
[119/135] Compiling [wayland] glfw/wayland-kwin-blur-v1-client-protocol.c ...
[120/135] Compiling kitty/char-props.c ...
[121/135] Compiling 3rdparty/base64/lib/arch/avx/codec.c ...
[122/135] Compiling 3rdparty/base64/lib/arch/ssse3/codec.c ...
[123/135] Compiling 3rdparty/base64/lib/arch/sse41/codec.c ...
[124/135] Compiling 3rdparty/base64/lib/arch/sse42/codec.c ...
[125/135] Compiling 3rdparty/base64/lib/arch/avx2/codec.c ...
[126/135] Compiling kitty/utmp.c ...
[127/135] Compiling 3rdparty/base64/lib/arch/avx512/codec.c ...
[128/135] Compiling 3rdparty/base64/lib/arch/generic/codec.c ...
[129/135] Compiling kitty/cleanup.c ...
[130/135] Compiling [x11] glfw/monotonic.c ...
[131/135] Compiling [wayland] glfw/monotonic.c ...
[132/135] Compiling kitty/monotonic.c ...
[133/135] Compiling kitty/simd-string-128.c ...
[134/135] Compiling kitty/simd-string-256.c ...
[135/135] Compiling kitty/gl-wrapper.c ...
 done
[1/5] Linking kitty/fast_data_types ...
[2/5] Linking [x11] kitty/glfw-x11 ...
[3/5] Linking [wayland] kitty/glfw-wayland ...
[4/5] Linking kittens/transfer/rsync ...
[5/5] Linking launcher ...
 done
github.com/kovidgoyal/kitty/tools/cmd
