.FFFF.FF
======================================================================
FAIL: test_darwin_forwards_exact_selected_probe (__main__.NativeWidgetControls.test_darwin_forwards_exact_selected_probe)
----------------------------------------------------------------------
Traceback (most recent call last):
  File "/home/shawn/workspace2/reactive-tui/scripts/test-widget-platforms.py", line 105, in test_darwin_forwards_exact_selected_probe
    self.assertIn("--executable", captures[0])
    ~~~~~~~~~~~~~^^^^^^^^^^^^^^^^^^^^^^^^^^^^^
AssertionError: '--executable' not found in ['/home/linuxbrew/.linuxbrew/opt/python@3.14/bin/python3.14', '-B', 'scripts/check-iterm-host.py', '--dedicated-desktop']

======================================================================
FAIL: test_digest_declares_workspace_and_runner_dependencies (__main__.NativeWidgetControls.test_digest_declares_workspace_and_runner_dependencies)
----------------------------------------------------------------------
Traceback (most recent call last):
  File "/home/shawn/workspace2/reactive-tui/scripts/test-widget-platforms.py", line 88, in test_digest_declares_workspace_and_runner_dependencies
    self.assertTrue({"crates", "tests", "scripts/check-widget-platforms.py",
    ~~~~~~~~~~~~~~~^^^^^^^^^^^^^^^^^^^^^^^^^^^^^^^^^^^^^^^^^^^^^^^^^^^^^^^^^
                     ".cairn/api-closure/check.py"}.issubset(CHECK.INPUTS))
                     ^^^^^^^^^^^^^^^^^^^^^^^^^^^^^^^^^^^^^^^^^^^^^^^^^^^^^^
AssertionError: False is not true

======================================================================
FAIL: test_iterm_capture_requires_explicit_selected_executable (__main__.NativeWidgetControls.test_iterm_capture_requires_explicit_selected_executable)
----------------------------------------------------------------------
Traceback (most recent call last):
  File "/home/shawn/workspace2/reactive-tui/scripts/test-widget-platforms.py", line 127, in test_iterm_capture_requires_explicit_selected_executable
    self.assertIn("executable", inspect.signature(module.capture).parameters)
    ~~~~~~~~~~~~~^^^^^^^^^^^^^^^^^^^^^^^^^^^^^^^^^^^^^^^^^^^^^^^^^^^^^^^^^^^^
AssertionError: 'executable' not found in mappingproxy(OrderedDict({'app': <Parameter "app">, 'directory': <Parameter "directory">, 'mode': <Parameter "mode">}))

======================================================================
FAIL: test_managed_record_directory (__main__.NativeWidgetControls.test_managed_record_directory)
----------------------------------------------------------------------
Traceback (most recent call last):
  File "/home/shawn/workspace2/reactive-tui/scripts/test-widget-platforms.py", line 85, in test_managed_record_directory
    self.assertEqual(actual.RECORDS, ROOT / ".cairn/reviews/widget-platforms")
    ~~~~~~~~~~~~~~~~^^^^^^^^^^^^^^^^^^^^^^^^^^^^^^^^^^^^^^^^^^^^^^^^^^^^^^^^^^
AssertionError: PosixPath('/home/shawn/workspace2/reactive-tui/docs/analysis/widget-platforms') != PosixPath('/home/shawn/workspace2/reactive-tui/.cairn/reviews/widget-platforms')

======================================================================
FAIL: test_windows_runtime_uses_actual_test_artifact_directory (__main__.NativeWidgetControls.test_windows_runtime_uses_actual_test_artifact_directory)
----------------------------------------------------------------------
Traceback (most recent call last):
  File "/home/shawn/workspace2/reactive-tui/scripts/test-widget-platforms.py", line 97, in test_windows_runtime_uses_actual_test_artifact_directory
    self.assertEqual(install[0][3], str(self.test_directory))
    ~~~~~~~~~~~~~~~~^^^^^^^^^^^^^^^^^^^^^^^^^^^^^^^^^^^^^^^^^
AssertionError: '/home/shawn/workspace2/scratchpads/tmp/tmp_6kwvi9t/target/debug/deps' != '/home/shawn/workspace2/scratchpads/tmp/tmp_6kwvi9t/private target/debug/deps'
- /home/shawn/workspace2/scratchpads/tmp/tmp_6kwvi9t/target/debug/deps
+ /home/shawn/workspace2/scratchpads/tmp/tmp_6kwvi9t/private target/debug/deps
?                                                    ++++++++


======================================================================
FAIL: test_zero_case_rejected_even_when_hash_matches (__main__.NativeWidgetControls.test_zero_case_rejected_even_when_hash_matches)
----------------------------------------------------------------------
Traceback (most recent call last):
  File "/home/shawn/workspace2/reactive-tui/scripts/test-widget-platforms.py", line 110, in test_zero_case_rejected_even_when_hash_matches
    with self.assertRaisesRegex(RuntimeError, "execute tests"):
         ~~~~~~~~~~~~~~~~~~~~~~^^^^^^^^^^^^^^^^^^^^^^^^^^^^^^^
AssertionError: RuntimeError not raised

----------------------------------------------------------------------
Ran 8 tests in 0.013s

FAILED (failures=6)
