warning: unnecessary parentheses around closure body
  --> src/backend/crossterm/src/terminal/sys/unix.rs:87:50
   |
87 |     let file = File::open("/dev/tty").map(|file| (FileDesc::Owned(file.into())));
   |                                                  ^                            ^
   |
   = note: `#[warn(unused_parens)]` (part of `#[warn(unused)]`) on by default
help: remove these parentheses
   |
87 -     let file = File::open("/dev/tty").map(|file| (FileDesc::Owned(file.into())));
87 +     let file = File::open("/dev/tty").map(|file| FileDesc::Owned(file.into()));
   |

warning: `crossterm` (lib) generated 1 warning (run `cargo fix --lib -p crossterm` to apply 1 suggestion)
   Compiling reactive-tui v0.0.7 (/home/shawn/workspace2/reactive-tui)
    Finished `test` profile [unoptimized + debuginfo] target(s) in 1.14s
     Running tests/api_event_routing.rs (target/debug/deps/api_event_routing-af08ec153d8c5f54)

running 9 tests
test builder_callback_receives_keyboard_activation_once ... ok
test capture_target_bubble_order_and_handled_result_are_preserved ... ok
test child_activation_runs_each_registration_once_without_activating_parent ... ok
test hit_index_uses_actual_initial_viewport_beyond_default_eighty_columns ... ok
test mouse_bounds_follow_painted_resize_and_misses_do_not_activate_focus ... ok
test overlap_and_ancestor_clipping_match_visible_cells ... ok
test redraw_replaces_callback_without_duplicate_registration ... ok
test registered_component_keeps_callers_callback_on_expanded_output ... ok
test removed_callback_releases_its_capture_and_cannot_run_again ... ok

test result: ok. 9 passed; 0 failed; 0 ignored; 0 measured; 0 filtered out; finished in 0.07s

