{"started": "raw-receiver-idle", "pid": 3806716}
{"case": "raw-receiver-idle", "pid": 3806716, "exit": 0, "timeout": false, "reaped": true}
{"started": "parsed-receiver-idle", "pid": 3806718}
{"case": "parsed-receiver-idle", "pid": 3806718, "exit": 0, "timeout": false, "reaped": true}
{"started": "reused-descriptor", "pid": 3806791}
{"case": "reused-descriptor", "pid": 3806791, "exit": 0, "timeout": false, "reaped": true}
{"started": "raw-receiver-active", "pid": 3806793}
{"case": "raw-receiver-active", "pid": 3806793, "exit": 0, "timeout": false, "reaped": true}
{"started": "raw-receiver-full", "pid": 3806795}
{"case": "raw-receiver-full", "pid": 3806795, "exit": 101, "timeout": false, "reaped": true}
{"started": "raw-session-full", "pid": 3806889}
{"case": "raw-session-full", "pid": 3806889, "exit": 101, "timeout": false, "reaped": true}
{"started": "raw-session-idle", "pid": 3807091}
{"case": "raw-session-idle", "pid": 3807091, "exit": 0, "timeout": false, "reaped": true}
{"started": "parsed-receiver-full", "pid": 3807100}
{"case": "parsed-receiver-full", "pid": 3807100, "exit": 0, "timeout": false, "reaped": true}
{"started": "parsed-session-full", "pid": 3807290}
{"case": "parsed-session-full", "pid": 3807290, "exit": 101, "timeout": false, "reaped": true}
{"started": "parsed-session-idle", "pid": 3807449}
{"case": "parsed-session-idle", "pid": 3807449, "exit": 0, "timeout": false, "reaped": true}
{"started": "clone-owner", "pid": 3807583}
{"case": "clone-owner", "pid": 3807583, "exit": 0, "timeout": false, "reaped": true}
{"started": "independent-streams", "pid": 3807585}
{"case": "independent-streams", "pid": 3807585, "exit": 0, "timeout": false, "reaped": true}
{"started": "owned-iterator", "pid": 3807588}
{"case": "owned-iterator", "pid": 3807588, "exit": 0, "timeout": false, "reaped": true}
{"started": "concurrent-drop", "pid": 3807590}
{"case": "concurrent-drop", "pid": 3807590, "exit": 0, "timeout": false, "reaped": true}
