Traceback (most recent call last):
  File "/home/shawn/workspace2/reactive-tui/scripts/check-pre-release-arithmetic-boundaries.py", line 71, in <module>
    run_tests()
    ~~~~~~~~~^^
  File "/home/shawn/workspace2/reactive-tui/scripts/check-pre-release-arithmetic-boundaries.py", line 67, in run_tests
    validate(child.returncode, output, timed_out)
    ~~~~~~~~^^^^^^^^^^^^^^^^^^^^^^^^^^^^^^^^^^^^^
  File "/home/shawn/workspace2/reactive-tui/scripts/check-pre-release-arithmetic-boundaries.py", line 16, in validate
    assert returncode == 0, output.decode(errors="replace")
           ^^^^^^^^^^^^^^^
AssertionError:    Compiling reactive-tui v0.1.0 (/home/shawn/workspace2/reactive-tui)
    Finished `test` profile [unoptimized + debuginfo] target(s) in 1.86s
     Running tests/arithmetic_boundaries.rs (/home/shawn/workspace2/scratchpads/suprnova-target/debug/deps/arithmetic_boundaries-5bc58e3d0d414ef4)

running 2 tests
test adaptive_fps_bounds_never_reach_zero_or_panic ... 
thread 'adaptive_fps_bounds_never_reach_zero_or_panic' (3702339) panicked at tests/arithmetic_boundaries.rs:28:13:
assertion failed: manager.get_target_fps() > 0
note: run with `RUST_BACKTRACE=1` environment variable to display a backtrace
FAILED
test zero_column_auto_grid_is_always_empty_and_safe ... 
thread 'zero_column_auto_grid_is_always_empty_and_safe' (3702341) panicked at src/layout/grid.rs:287:23:
attempt to divide by zero

thread 'zero_column_auto_grid_is_always_empty_and_safe' (3702341) panicked at tests/arithmetic_boundaries.rs:50:17:
zero-column grid panicked: rows=0, items=1
FAILED

failures:

failures:
    adaptive_fps_bounds_never_reach_zero_or_panic
    zero_column_auto_grid_is_always_empty_and_safe

test result: FAILED. 0 passed; 2 failed; 0 ignored; 0 measured; 0 filtered out; finished in 0.00s

error: test failed, to rerun pass `--test arithmetic_boundaries`

