   Compiling crossbeam-utils v0.8.21
   Compiling getrandom v0.3.3
   Compiling bit-vec v0.8.0
   Compiling bit-set v0.8.0
   Compiling uuid v1.18.1
   Compiling tempfile v3.21.0
   Compiling concurrent-queue v2.5.0
   Compiling fancy-regex v0.16.2
   Compiling async-channel v2.5.0
   Compiling async-io v2.6.0
   Compiling async-executor v1.14.0
   Compiling accesskit v0.25.0
   Compiling blocking v1.7.0
   Compiling syntect v5.3.0
   Compiling async-signal v0.2.14
   Compiling accesskit_consumer v0.39.0
   Compiling async-process v2.5.0
   Compiling zbus v5.19.0
   Compiling atspi-common v0.13.0
   Compiling atspi-proxies v0.13.0
   Compiling atspi v0.29.0
   Compiling reactive-tui v0.1.0 (/home/shawn/workspace2/reactive-tui)
    Finished `dev` profile [unoptimized + debuginfo] target(s) in 26.63s
