   Compiling proc-macro2 v1.0.101
   Compiling thiserror v2.0.20
   Compiling quote v1.0.40
   Compiling syn v3.0.5
   Compiling syn v2.0.106
   Compiling enumflags2_derive v0.7.12
   Compiling tracing-attributes v0.1.31
   Compiling async-recursion v1.1.1
   Compiling futures-macro v0.3.31
   Compiling derive_more-impl v2.0.1
   Compiling phf_macros v0.13.1
   Compiling serde_derive v1.0.229
   Compiling serde_repr v0.1.21
   Compiling async-trait v0.1.92
   Compiling thiserror-impl v2.0.20
   Compiling tokio-macros v2.5.0
   Compiling futures-util v0.3.31
   Compiling derive_more v2.0.1
   Compiling phf v0.13.1
   Compiling tracing v0.1.44
   Compiling tokio v1.47.1
   Compiling reactive-tui-crossterm v0.1.0 (/home/shawn/workspace2/reactive-tui/src/backend/crossterm)
   Compiling serial_test_derive v3.5.0
   Compiling comrak v0.55.0
   Compiling reactive-tui-macros v0.1.0 (/home/shawn/workspace2/reactive-tui/reactive-tui-macros)
   Compiling futures-executor v0.3.31
   Compiling serial_test v3.5.0
   Compiling serde v1.0.229
   Compiling zvariant_utils v4.2.0
   Compiling enumflags2 v0.7.12
   Compiling zcheapstr v1.1.0
   Compiling uuid v1.18.1
   Compiling serde_json v1.0.143
   Compiling bincode v1.3.3
   Compiling plist v1.10.1
   Compiling string_cache v0.8.9
   Compiling zvariant_derive v5.15.0
   Compiling taffy v0.9.2
   Compiling ciborium v0.2.2
   Compiling accesskit v0.25.0
   Compiling tinytemplate v1.2.1
   Compiling zvariant v5.15.0
   Compiling syntect v5.3.0
   Compiling accesskit_consumer v0.39.0
   Compiling criterion v0.5.1
   Compiling zbus_names v4.3.4
   Compiling zbus_xml v5.2.1
   Compiling zbus_macros v5.19.0
   Compiling zbus-lockstep v0.5.2
   Compiling zbus-lockstep-macros v0.5.2
   Compiling zbus v5.19.0
   Compiling atspi-common v0.13.0
   Compiling atspi-proxies v0.13.0
   Compiling atspi v0.29.0
   Compiling reactive-tui v0.1.0 (/home/shawn/workspace2/reactive-tui)
    Finished `test` profile [unoptimized + debuginfo] target(s) in 36.09s
     Running tests/api_documentation_contract.rs (/home/shawn/workspace2/scratchpads/suprnova-target/debug/deps/api_documentation_contract-7fd003b862c736fd)

running 4 tests
test responsive_blocks_evaluate_once_in_stable_breakpoint_order ... ok
test layout_convenience_macros_use_the_facade_and_fill_the_actual_parent ... ok
test responsive_profiles_preserve_class_precedence_and_app_isolation ... ok
test responsive_profiles_follow_viewport_boundaries_and_reverse_resize ... ok

test result: ok. 4 passed; 0 failed; 0 ignored; 0 measured; 0 filtered out; finished in 0.04s

