warning: unused import: `std::os::windows::io::AsRawHandle`
  --> src\core\capabilities.rs:12:5
   |
12 | use std::os::windows::io::AsRawHandle;
   |     ^^^^^^^^^^^^^^^^^^^^^^^^^^^^^^^^^
   |
   = note: `#[warn(unused_imports)]` (part of `#[warn(unused)]`) on by default

warning: variable does not need to be mutable
    --> src\platform\mod.rs:1192:13
     |
1192 |         let mut buffer = [0u8; 8192];
     |             ----^^^^^^
     |             |
     |             help: remove this `mut`
     |
     = note: `#[warn(unused_mut)]` (part of `#[warn(unused)]`) on by default

warning: variable does not need to be mutable
    --> src\platform\mod.rs:1193:13
     |
1193 |         let mut total_read = 0;
     |             ----^^^^^^^^^^
     |             |
     |             help: remove this `mut`

warning: method `serial` is never used
  --> src\event\router.rs:84:19
   |
83 | impl NodeId {
   | ----------- method in this implementation
84 |     pub(crate) fn serial(self) -> usize {
   |                   ^^^^^^
   |
   = note: `#[warn(dead_code)]` (part of `#[warn(unused)]`) on by default

warning: field `parser` is never read
   --> src\platform\mod.rs:479:5
    |
476 | pub struct DirectTty {
    |            --------- field in this struct
...
479 |     parser: parser::EscapeSequenceParser,
    |     ^^^^^^

warning: `reactive-tui` (lib) generated 5 warnings (run `cargo fix --lib -p reactive-tui` to apply 3 suggestions)
   Compiling reactive-tui v0.0.7 (D:\a\reactive-tui\reactive-tui)
    Finished `test` profile [unoptimized + debuginfo] target(s) in 7.63s
     Running tests\api_local_hooks.rs (target\debug\deps\api_local_hooks-35135a5efb1dd771.exe)
app_reuses_manual_scope_and_leaves_other_owners_alive: test
app_supplies_scope_for_generated_components_and_closes_on_error_and_unwind: test
cleanup_and_last_clone_drop_release_local_shares: test
cleanup_destructors_can_reenter_another_local_owner: test
foreign_owner_drop_defers_until_creator_sweep_or_exit: test
generated_local_component_can_move_before_its_first_render: test
inner_scope_cleanup_reclaims_outer_owner_without_closing_inner: test
keyed_component_removal_releases_local_values_before_scope_exit: test
local_slots_retain_without_handles_and_isolate_owners: test
local_slots_validate_kind_type_and_generated_count: test
scopes_reject_missing_wrong_thread_and_expired_owners: test
thread_safe_hooks_and_generated_state_remain_send_sync: test
unwinding_releases_scope_but_escaped_handles_keep_ownership: test

13 tests, 0 benchmarks
