    Checking reactive-tui v0.0.7 (/home/shawn/workspace2/reactive-tui)
    Finished `dev` profile [unoptimized + debuginfo] target(s) in 7.17s
   Compiling reactive-tui v0.0.7 (/home/shawn/workspace2/reactive-tui)
    Finished `dev` profile [unoptimized + debuginfo] target(s) in 6.82s
   Compiling reactive-tui v0.0.7 (/home/shawn/workspace2/reactive-tui)
    Finished `dev` profile [unoptimized + debuginfo] target(s) in 6.86s
    Checking futures-sink v0.3.31
    Checking tokio v1.47.1
   Compiling reactive-tui v0.0.7 (/home/shawn/workspace2/reactive-tui)
    Checking futures-channel v0.3.31
    Checking tokio-util v0.7.16
    Checking futures-util v0.3.31
    Checking futures-executor v0.3.31
    Checking futures v0.3.31
    Checking serial_test v3.2.0
    Finished `dev` profile [unoptimized + debuginfo] target(s) in 10.51s
   Compiling reactive-tui v0.0.7 (/home/shawn/workspace2/reactive-tui)
    Finished `dev` profile [unoptimized + debuginfo] target(s) in 6.98s
   Compiling reactive-tui v0.0.7 (/home/shawn/workspace2/reactive-tui)
    Finished `dev` profile [unoptimized + debuginfo] target(s) in 6.64s
   Compiling reactive-tui v0.0.7 (/home/shawn/workspace2/reactive-tui)
    Finished `dev` profile [unoptimized + debuginfo] target(s) in 6.75s
   Compiling reactive-tui v0.0.7 (/home/shawn/workspace2/reactive-tui)
warning: ambiguous glob re-exports
  --> src/ffi/mod.rs:94:9
   |
94 | pub use pointer::*;
   |         ^^^^^^^^^^ the name `validate_pointer` in the value namespace is first re-exported here
...
99 | pub use types::*;
   |         -------- but the name `validate_pointer` in the value namespace is also re-exported here
   |
   = note: `#[warn(ambiguous_glob_reexports)]` on by default

warning: unused variable: `width`
  --> src/ffi/lib.rs:85:14
   |
85 |         let (width, height) = renderer_box.dims();
   |              ^^^^^ help: if this is intentional, prefix it with an underscore: `_width`
   |
   = note: `#[warn(unused_variables)]` (part of `#[warn(unused)]`) on by default

warning: function `validate_pointer` is never used
   --> src/ffi/types.rs:182:15
    |
182 | pub(crate) fn validate_pointer<T>(ptr: *const T) -> bool {
    |               ^^^^^^^^^^^^^^^^
    |
    = note: `#[warn(dead_code)]` (part of `#[warn(unused)]`) on by default

warning: function `validate_mut_pointer` is never used
   --> src/ffi/types.rs:187:15
    |
187 | pub(crate) fn validate_mut_pointer<T>(ptr: *mut T) -> bool {
    |               ^^^^^^^^^^^^^^^^^^^^

warning: function `safe_cast` is never used
   --> src/ffi/types.rs:192:22
    |
192 | pub(crate) unsafe fn safe_cast<T, U>(ptr: *mut T) -> Result<*mut U, ReactiveError> {
    |                      ^^^^^^^^^

warning: function `safe_cast_const` is never used
   --> src/ffi/types.rs:206:22
    |
206 | pub(crate) unsafe fn safe_cast_const<T, U>(ptr: *const T) -> Result<*const U, ReactiveError> {
    |                      ^^^^^^^^^^^^^^^

warning: `reactive-tui` (lib) generated 6 warnings (run `cargo fix --lib -p reactive-tui` to apply 1 suggestion)
warning: unnecessary `unsafe` block
  --> tests/test_ffi_integration.rs:10:9
   |
10 |         unsafe {
   |         ^^^^^^ unnecessary `unsafe` block
   |
   = note: `#[warn(unused_unsafe)]` (part of `#[warn(unused)]`) on by default

warning: unnecessary `unsafe` block
  --> tests/test_ffi_integration.rs:60:9
   |
60 |         unsafe {
   |         ^^^^^^ unnecessary `unsafe` block

warning: unnecessary `unsafe` block
   --> tests/test_ffi_integration.rs:115:9
    |
115 |         unsafe {
    |         ^^^^^^ unnecessary `unsafe` block

warning: unnecessary `unsafe` block
   --> tests/test_ffi_integration.rs:150:9
    |
150 |         unsafe {
    |         ^^^^^^ unnecessary `unsafe` block

warning: unnecessary `unsafe` block
   --> tests/test_ffi_integration.rs:172:9
    |
172 |         unsafe {
    |         ^^^^^^ unnecessary `unsafe` block

warning: unnecessary `unsafe` block
  --> tests/test_ffi_core_only.rs:10:9
   |
10 |         unsafe {
   |         ^^^^^^ unnecessary `unsafe` block
   |
   = note: `#[warn(unused_unsafe)]` (part of `#[warn(unused)]`) on by default

warning: unnecessary `unsafe` block
  --> tests/test_ffi_core_only.rs:24:9
   |
24 |         unsafe {
   |         ^^^^^^ unnecessary `unsafe` block

warning: unnecessary `unsafe` block
  --> tests/test_ffi_core_only.rs:67:9
   |
67 |         unsafe {
   |         ^^^^^^ unnecessary `unsafe` block

warning: unnecessary `unsafe` block
  --> tests/test_ffi_core_only.rs:94:9
   |
94 |         unsafe {
   |         ^^^^^^ unnecessary `unsafe` block

warning: unnecessary `unsafe` block
   --> tests/test_ffi_core_only.rs:127:9
    |
127 |         unsafe {
    |         ^^^^^^ unnecessary `unsafe` block

warning: unnecessary `unsafe` block
   --> tests/test_ffi_core_only.rs:171:9
    |
171 |         unsafe {
    |         ^^^^^^ unnecessary `unsafe` block

warning: unnecessary `unsafe` block
   --> tests/test_ffi_core_only.rs:193:9
    |
193 |         unsafe {
    |         ^^^^^^ unnecessary `unsafe` block

warning: `reactive-tui` (test "test_ffi_integration") generated 5 warnings
warning: `reactive-tui` (test "test_ffi_core_only") generated 7 warnings
warning: `reactive-tui` (lib test) generated 6 warnings (6 duplicates)
    Finished `dev` profile [unoptimized + debuginfo] target(s) in 7.01s
   Compiling proc-macro2-diagnostics v0.10.1
   Compiling libghostty-vt-sys v0.2.1 (https://github.com/Uzaaft/libghostty-rs?rev=5988a0b78b4aa804d1c12e66bbfe662bd97d81c0#5988a0b7)
   Compiling reactive-tui v0.0.7 (/home/shawn/workspace2/reactive-tui)
   Compiling int-enum v1.2.0
    Checking libghostty-vt v0.2.1 (https://github.com/Uzaaft/libghostty-rs?rev=5988a0b78b4aa804d1c12e66bbfe662bd97d81c0#5988a0b7)
    Finished `dev` profile [unoptimized + debuginfo] target(s) in 39.41s
   Compiling reactive-tui v0.0.7 (/home/shawn/workspace2/reactive-tui)
    Checking tokio-util v0.7.16
warning: ambiguous glob re-exports
  --> src/ffi/mod.rs:94:9
   |
94 | pub use pointer::*;
   |         ^^^^^^^^^^ the name `validate_pointer` in the value namespace is first re-exported here
...
99 | pub use types::*;
   |         -------- but the name `validate_pointer` in the value namespace is also re-exported here
   |
   = note: `#[warn(ambiguous_glob_reexports)]` on by default

warning: unused variable: `width`
  --> src/ffi/lib.rs:85:14
   |
85 |         let (width, height) = renderer_box.dims();
   |              ^^^^^ help: if this is intentional, prefix it with an underscore: `_width`
   |
   = note: `#[warn(unused_variables)]` (part of `#[warn(unused)]`) on by default

warning: function `validate_pointer` is never used
   --> src/ffi/types.rs:182:15
    |
182 | pub(crate) fn validate_pointer<T>(ptr: *const T) -> bool {
    |               ^^^^^^^^^^^^^^^^
    |
    = note: `#[warn(dead_code)]` (part of `#[warn(unused)]`) on by default

warning: function `validate_mut_pointer` is never used
   --> src/ffi/types.rs:187:15
    |
187 | pub(crate) fn validate_mut_pointer<T>(ptr: *mut T) -> bool {
    |               ^^^^^^^^^^^^^^^^^^^^

warning: function `safe_cast` is never used
   --> src/ffi/types.rs:192:22
    |
192 | pub(crate) unsafe fn safe_cast<T, U>(ptr: *mut T) -> Result<*mut U, ReactiveError> {
    |                      ^^^^^^^^^

warning: function `safe_cast_const` is never used
   --> src/ffi/types.rs:206:22
    |
206 | pub(crate) unsafe fn safe_cast_const<T, U>(ptr: *const T) -> Result<*const U, ReactiveError> {
    |                      ^^^^^^^^^^^^^^^

warning: `reactive-tui` (lib) generated 6 warnings (run `cargo fix --lib -p reactive-tui` to apply 1 suggestion)
warning: unnecessary `unsafe` block
  --> tests/test_ffi_core_only.rs:10:9
   |
10 |         unsafe {
   |         ^^^^^^ unnecessary `unsafe` block
   |
   = note: `#[warn(unused_unsafe)]` (part of `#[warn(unused)]`) on by default

warning: unnecessary `unsafe` block
  --> tests/test_ffi_core_only.rs:24:9
   |
24 |         unsafe {
   |         ^^^^^^ unnecessary `unsafe` block

warning: unnecessary `unsafe` block
  --> tests/test_ffi_core_only.rs:67:9
   |
67 |         unsafe {
   |         ^^^^^^ unnecessary `unsafe` block

warning: unnecessary `unsafe` block
  --> tests/test_ffi_core_only.rs:94:9
   |
94 |         unsafe {
   |         ^^^^^^ unnecessary `unsafe` block

warning: unnecessary `unsafe` block
   --> tests/test_ffi_core_only.rs:127:9
    |
127 |         unsafe {
    |         ^^^^^^ unnecessary `unsafe` block

warning: unnecessary `unsafe` block
   --> tests/test_ffi_core_only.rs:171:9
    |
171 |         unsafe {
    |         ^^^^^^ unnecessary `unsafe` block

warning: unnecessary `unsafe` block
   --> tests/test_ffi_core_only.rs:193:9
    |
193 |         unsafe {
    |         ^^^^^^ unnecessary `unsafe` block

warning: `reactive-tui` (test "test_ffi_core_only") generated 7 warnings
warning: unnecessary `unsafe` block
  --> tests/test_ffi_integration.rs:10:9
   |
10 |         unsafe {
   |         ^^^^^^ unnecessary `unsafe` block
   |
   = note: `#[warn(unused_unsafe)]` (part of `#[warn(unused)]`) on by default

warning: unnecessary `unsafe` block
  --> tests/test_ffi_integration.rs:60:9
   |
60 |         unsafe {
   |         ^^^^^^ unnecessary `unsafe` block

warning: unnecessary `unsafe` block
   --> tests/test_ffi_integration.rs:115:9
    |
115 |         unsafe {
    |         ^^^^^^ unnecessary `unsafe` block

warning: unnecessary `unsafe` block
   --> tests/test_ffi_integration.rs:150:9
    |
150 |         unsafe {
    |         ^^^^^^ unnecessary `unsafe` block

warning: unnecessary `unsafe` block
   --> tests/test_ffi_integration.rs:172:9
    |
172 |         unsafe {
    |         ^^^^^^ unnecessary `unsafe` block

warning: `reactive-tui` (test "test_ffi_integration") generated 5 warnings
warning: `reactive-tui` (lib test) generated 6 warnings (6 duplicates)
    Finished `dev` profile [unoptimized + debuginfo] target(s) in 7.66s
   Compiling proc-macro2 v1.0.101
   Compiling unicode-ident v1.0.18
    Checking cfg-if v1.0.3
   Compiling libc v0.2.189
   Compiling autocfg v1.5.0
   Compiling serde_core v1.0.229
   Compiling serde v1.0.229
    Checking bitflags v2.11.0
   Compiling crossbeam-utils v0.8.21
   Compiling rustix v1.1.4
    Checking memchr v2.7.5
    Checking linux-raw-sys v0.12.1
    Checking once_cell v1.21.3
    Checking pin-project-lite v0.2.16
    Checking futures-core v0.3.31
   Compiling winnow v1.0.4
   Compiling equivalent v1.0.2
   Compiling hashbrown v0.17.1
   Compiling toml_datetime v1.1.1+spec-1.1.0
   Compiling getrandom v0.3.3
    Checking futures-io v0.3.31
    Checking parking v2.2.1
   Compiling num-traits v0.2.19
    Checking fastrand v2.3.0
   Compiling indexmap v2.14.2
    Checking slab v0.4.11
    Checking simd-adler32 v0.3.7
   Compiling quote v1.0.40
   Compiling toml_parser v1.1.3+spec-1.1.0
    Checking arrayvec v0.7.6
    Checking event-listener v5.4.2
    Checking concurrent-queue v2.5.0
    Checking crossbeam-epoch v0.9.18
   Compiling endi v1.1.1
    Checking either v1.15.0
   Compiling rayon-core v1.13.0
    Checking futures-lite v2.6.1
   Compiling syn v2.0.106
   Compiling syn v3.0.5
    Checking signal-hook-registry v1.4.6
    Checking event-listener-strategy v0.5.4
    Checking smallvec v1.15.1
    Checking crossbeam-deque v0.8.6
   Compiling toml_edit v0.25.13+spec-1.1.0
    Checking log v0.4.27
    Checking adler2 v2.0.1
   Compiling crc32fast v1.5.0
   Compiling async-io v2.6.0
    Checking itoa v1.0.15
   Compiling thiserror v1.0.69
    Checking polling v3.11.0
    Checking miniz_oxide v0.8.9
   Compiling proc-macro-crate v3.5.0
    Checking num-integer v0.1.46
    Checking regex-syntax v0.8.6
   Compiling shlex v1.3.0
   Compiling enumflags2_derive v0.7.12
   Compiling equator-macro v0.4.2
   Compiling thiserror-impl v1.0.69
   Compiling anyhow v1.0.99
    Checking async-task v4.7.1
    Checking rayon v1.11.0
    Checking equator v0.4.2
   Compiling serde_derive v1.0.229
    Checking flate2 v1.1.2
    Checking num-bigint v0.4.6
   Compiling cc v1.2.34
    Checking async-channel v2.5.0
    Checking aligned-vec v0.6.4
    Checking aho-corasick v1.1.3
   Compiling lock_api v0.4.13
    Checking half v2.6.0
   Compiling serde_json v1.0.143
   Compiling built v0.7.7
    Checking foldhash v0.2.0
   Compiling strsim v0.11.1
    Checking atomic-waker v1.1.2
   Compiling fnv v1.0.7
   Compiling paste v1.0.15
    Checking minimal-lexical v0.2.1
   Compiling zvariant_utils v4.2.0
   Compiling enumflags2 v0.7.12
   Compiling zcheapstr v1.1.0
    Checking uuid v1.18.1
   Compiling ident_case v1.0.1
   Compiling version_check v0.9.5
   Compiling parking_lot_core v0.9.11
   Compiling pkg-config v0.3.32
    Checking utf8parse v0.2.2
   Compiling io-lifetimes v2.0.4
   Compiling io-lifetimes v3.0.1
    Checking nom v7.1.3
    Checking piper v0.2.5
   Compiling zvariant_derive v5.15.0
   Compiling rav1e v0.7.1
    Checking regex-automata v0.4.10
   Compiling zvariant v5.15.0
   Compiling darling_core v0.21.3
    Checking v_frame v0.3.9
    Checking num-rational v0.4.2
   Compiling slotmap v1.0.7
    Checking anstyle-parse v0.2.7
   Compiling onig_sys v69.9.1
    Checking async-signal v0.2.14
   Compiling profiling-procmacros v1.0.17
   Compiling tracing-attributes v0.1.31
    Checking async-lock v3.4.2
    Checking tracing-core v0.1.36
    Checking anstyle-query v1.1.4
    Checking powerfmt v0.2.0
    Checking scopeguard v1.2.0
    Checking new_debug_unreachable v1.0.6
    Checking futures-sink v0.3.31
    Checking is_terminal_polyfill v1.70.1
    Checking zbus_names v4.3.4
    Checking bitflags v1.3.2
   Compiling prettyplease v0.2.37
   Compiling rustversion v1.0.22
   Compiling io-extras v0.19.0
    Checking colorchoice v1.0.4
    Checking anstyle v1.0.11
    Checking ryu v1.0.20
    Checking deranged v0.4.0
    Checking async-process v2.5.0
   Compiling darling_macro v0.21.3
    Checking futures-channel v0.3.31
    Checking tracing v0.1.44
    Checking regex v1.11.2
    Checking av1-grain v0.2.4
    Checking zbus_xml v5.2.1
    Checking profiling v1.0.17
    Checking anstream v0.6.20
   Compiling zbus_macros v5.19.0
    Checking blocking v1.7.0
    Checking maybe-rayon v0.1.1
    Checking async-executor v1.14.0
   Compiling async-trait v0.1.92
   Compiling serde_repr v0.1.21
   Compiling async-recursion v1.1.1
   Compiling futures-macro v0.3.31
   Compiling arg_enum_proc_macro v0.3.4
   Compiling num-derive v0.4.2
    Checking async-broadcast v0.7.2
    Checking itertools v0.12.1
    Checking terminal_size v0.4.3
   Compiling simd_helpers v0.1.0
    Checking ordered-stream v0.2.0
   Compiling zbus-lockstep v0.5.2
    Checking pin-utils v0.1.0
    Checking tinyvec_macros v0.1.1
   Compiling cap-primitives v4.0.3
    Checking imgref v1.11.0
    Checking time-core v0.1.4
   Compiling heck v0.5.0
    Checking same-file v1.0.6
    Checking quick-error v2.0.1
   Compiling noop_proc_macro v0.3.0
   Compiling unicode-segmentation v1.13.3
    Checking bitstream-io v2.6.0
    Checking bit-vec v0.6.3
   Compiling signal-hook v0.3.18
    Checking hex v0.4.3
   Compiling zerocopy v0.8.26
    Checking futures-task v0.3.31
   Compiling siphasher v1.0.1
    Checking weezl v0.1.10
    Checking clap_lex v0.7.5
    Checking num-conv v0.1.0
    Checking zbus v5.19.0
    Checking futures-util v0.3.31
   Compiling convert_case v0.7.1
   Compiling phf_shared v0.14.0
    Checking walkdir v2.5.0
    Checking bit-set v0.5.3
   Compiling clap_derive v4.5.45
    Checking clap_builder v4.5.46
    Checking tinyvec v1.10.0
    Checking loop9 v0.1.5
   Compiling zbus-lockstep-macros v0.5.2
    Checking time v0.3.41
    Checking fs-set-times v0.20.3
    Checking parking_lot v0.12.4
   Compiling darling v0.21.3
    Checking zune-inflate v0.2.54
    Checking fdeflate v0.3.7
    Checking rustix-linux-procfs v0.1.1
    Checking avif-serialize v0.8.6
    Checking rand_core v0.9.3
    Checking quick-xml v0.38.3
    Checking maybe-owned v0.3.4
    Checking linked-hash-map v0.5.6
    Checking color_quant v1.1.0
    Checking bit_field v0.10.3
    Checking rgb v0.8.52
    Checking bytemuck v1.23.2
    Checking lebe v0.5.2
    Checking jpeg-decoder v0.3.2
    Checking ipnet v2.12.2
    Checking static_assertions v1.1.0
    Checking byteorder-lite v0.1.0
    Checking ambient-authority v0.0.2
    Checking base64 v0.22.1
    Checking zune-core v0.4.12
   Compiling cap-std v4.0.3
    Checking exr v1.73.0
    Checking ravif v0.11.20
    Checking qoi v0.4.1
    Checking gif v0.13.3
    Checking image-webp v0.2.4
    Checking atspi-common v0.13.0
    Checking tiff v0.9.1
    Checking zune-jpeg v0.4.20
    Checking plist v1.7.4
   Compiling phf_generator v0.14.0
    Checking yaml-rust v0.4.5
    Checking png v0.17.16
   Compiling bon-macros v3.7.1
    Checking clap v4.5.46
    Checking unicode-normalization v0.1.24
   Compiling derive_more-impl v2.0.1
    Checking fancy-regex v0.11.0
    Checking bincode v1.3.3
    Checking mio v1.0.4
    Checking tempfile v3.21.0
    Checking plotters-backend v0.3.7
   Compiling cap-fs-ext v4.0.3
    Checking ciborium-io v0.2.2
    Checking deunicode v1.6.2
    Checking foldhash v0.1.5
    Checking option-ext v0.2.0
   Compiling litrs v0.4.2
    Checking allocator-api2 v0.2.21
    Checking atspi-proxies v0.13.0
    Checking plotters-svg v0.3.7
    Checking signal-hook-mio v0.2.4
    Checking caseless v0.2.2
    Checking ppv-lite86 v0.2.21
    Checking ciborium-ll v0.2.2
    Checking dirs-sys v0.4.1
    Checking slug v0.1.6
    Checking image v0.25.6
    Checking bon v3.7.1
    Checking hashbrown v0.15.5
   Compiling phf_macros v0.14.0
   Compiling document-features v0.2.11
    Checking derive_more v2.0.1
    Checking taffy v0.13.0
    Checking futures-executor v0.3.31
    Checking phf_shared v0.11.3
    Checking accesskit v0.25.0
    Checking itertools v0.10.5
    Checking vte v0.14.1
    Checking vte v0.15.0
    Checking wait-timeout v0.2.1
    Checking unicode_categories v0.1.1
    Checking sdd v3.0.10
    Checking cast v0.3.0
    Checking typed-arena v2.0.2
    Checking unicode-properties v0.1.4
    Checking precomputed-hash v0.1.1
    Checking bit-vec v0.8.0
    Checking entities v1.0.1
    Checking grid v0.18.0
   Compiling reactive-tui v0.0.7 (/home/shawn/workspace2/reactive-tui)
    Checking unicode-width v0.2.1
    Checking quick-error v1.2.3
    Checking shell-words v1.1.0
    Checking xdg v2.5.2
    Checking lazy_static v1.5.0
    Checking criterion-plot v0.5.0
    Checking bit-set v0.8.0
    Checking suprtui v0.1.0 (/home/shawn/workspace2/reactive-tui/src/backend/engine)
    Checking taffy v0.9.1
    Checking string_cache v0.8.9
    Checking scc v2.4.0
    Checking rusty-fork v0.3.0
    Checking vt100 v0.16.2
    Checking accesskit_consumer v0.39.0
    Checking phf v0.14.0
    Checking futures v0.3.31
    Checking lru v0.16.0
    Checking crossterm v0.29.0
    Checking rand_chacha v0.9.0
    Checking dirs v5.0.1
    Checking atspi v0.29.0
    Checking ciborium v0.2.2
    Checking plotters v0.3.7
    Checking rand_xorshift v0.4.0
    Checking rand v0.9.2
    Checking tinytemplate v1.2.1
   Compiling reactive-tui-macros v0.1.0 (/home/shawn/workspace2/reactive-tui/reactive-tui-macros)
   Compiling serial_test_derive v3.2.0
    Checking is-terminal v0.4.16
    Checking atty v0.2.14
    Checking unarray v0.1.4
    Checking oorandom v11.1.5
    Checking anes v0.1.6
    Checking serial_test v3.2.0
    Checking proptest v1.7.0
    Checking criterion v0.5.1
    Checking onig v6.5.1
    Checking syntect v5.2.0
    Checking comrak v0.41.0
warning: unused attribute
   --> src/layout/css/optimizer.rs:583:1
    |
583 | #[path = "optimizer_test.rs"]
    | ^^^^^^^^^^^^^^^^^^^^^^^^^^^^^ help: remove this attribute
    |
    = note: `#[path]` is unused on this inline module
    = note: `#[warn(unused_attributes)]` (part of `#[warn(unused)]`) on by default

warning: use of deprecated method `std::sync::atomic::Atomic::<usize>::fetch_update`: renamed to `try_update` for consistency
   --> src/hooks/animation.rs:169:14
    |
169 |             .fetch_update(Ordering::Relaxed, Ordering::Relaxed, |id| id.checked_add(1))
    |              ^^^^^^^^^^^^
    |
    = note: `#[warn(deprecated)]` on by default
help: replace the use of the deprecated method
    |
169 -             .fetch_update(Ordering::Relaxed, Ordering::Relaxed, |id| id.checked_add(1))
169 +             .try_update(Ordering::Relaxed, Ordering::Relaxed, |id| id.checked_add(1))
    |

warning: falling back to `f32` as the trait bound `f32: From<f64>` is not satisfied
    --> src/layout/style.rs:1507:83
     |
1507 |                 .map(|_| GridTemplateComponent::from(TrackSizingFunction::from_fr(1.0)))
     |                                                                                   ^^^ help: explicitly specify the type as `f32`: `1.0_f32`
     |
     = warning: this was previously accepted by the compiler but is being phased out; it will become a hard error in a future release!
     = note: for more information, see issue #154024 <https://github.com/rust-lang/rust/issues/154024>
     = note: `#[warn(float_literal_f32_fallback)]` (part of `#[warn(future_incompatible)]`) on by default

warning: falling back to `f32` as the trait bound `f32: From<f64>` is not satisfied
    --> src/layout/style.rs:1513:83
     |
1513 |                 .map(|_| GridTemplateComponent::from(TrackSizingFunction::from_fr(1.0)))
     |                                                                                   ^^^ help: explicitly specify the type as `f32`: `1.0_f32`
     |
     = warning: this was previously accepted by the compiler but is being phased out; it will become a hard error in a future release!
     = note: for more information, see issue #154024 <https://github.com/rust-lang/rust/issues/154024>

warning: use of deprecated method `std::sync::atomic::Atomic::<u32>::fetch_update`: renamed to `try_update` for consistency
   --> src/widgets/display/image/protocol_renderer.rs:238:14
    |
238 |             .fetch_update(Ordering::Relaxed, Ordering::Relaxed, |id| {
    |              ^^^^^^^^^^^^
    |
help: replace the use of the deprecated method
    |
238 -             .fetch_update(Ordering::Relaxed, Ordering::Relaxed, |id| {
238 +             .try_update(Ordering::Relaxed, Ordering::Relaxed, |id| {
    |

warning: `reactive-tui` (lib) generated 4 warnings (run `cargo fix --lib -p reactive-tui` to apply 4 suggestions)
warning: use of deprecated method `std::sync::atomic::Atomic::<usize>::fetch_update`: renamed to `try_update` for consistency
   --> tests/api_focus.rs:216:22
    |
216 |                     .fetch_update(Ordering::SeqCst, Ordering::SeqCst, |n| {
    |                      ^^^^^^^^^^^^
    |
    = note: `#[warn(deprecated)]` on by default
help: replace the use of the deprecated method
    |
216 -                     .fetch_update(Ordering::SeqCst, Ordering::SeqCst, |n| {
216 +                     .try_update(Ordering::SeqCst, Ordering::SeqCst, |n| {
    |

warning: `reactive-tui` (test "api_focus") generated 1 warning (run `cargo fix --test "api_focus" -p reactive-tui` to apply 1 suggestion)
warning: `reactive-tui` (lib test) generated 5 warnings (4 duplicates) (run `cargo fix --lib -p reactive-tui --tests` to apply 1 suggestion)
    Finished `dev` profile [unoptimized + debuginfo] target(s) in 1m 03s
    Checking futures-sink v0.3.31
   Compiling proc-macro2-diagnostics v0.10.1
   Compiling libghostty-vt-sys v0.2.1 (https://github.com/Uzaaft/libghostty-rs?rev=5988a0b78b4aa804d1c12e66bbfe662bd97d81c0#5988a0b7)
   Compiling tokio-macros v2.5.0
    Checking socket2 v0.6.0
    Checking bytes v1.10.1
   Compiling reactive-tui v0.0.7 (/home/shawn/workspace2/reactive-tui)
    Checking futures-channel v0.3.31
    Checking tokio v1.47.1
   Compiling int-enum v1.2.0
    Checking futures-util v0.3.31
    Checking tokio-util v0.7.16
    Checking futures-executor v0.3.31
    Checking futures v0.3.31
    Checking serial_test v3.2.0
    Checking libghostty-vt v0.2.1 (https://github.com/Uzaaft/libghostty-rs?rev=5988a0b78b4aa804d1c12e66bbfe662bd97d81c0#5988a0b7)
warning: ambiguous glob re-exports
  --> src/ffi/mod.rs:94:9
   |
94 | pub use pointer::*;
   |         ^^^^^^^^^^ the name `validate_pointer` in the value namespace is first re-exported here
...
99 | pub use types::*;
   |         -------- but the name `validate_pointer` in the value namespace is also re-exported here
   |
   = note: `#[warn(ambiguous_glob_reexports)]` on by default

warning: unused attribute
   --> src/layout/css/optimizer.rs:583:1
    |
583 | #[path = "optimizer_test.rs"]
    | ^^^^^^^^^^^^^^^^^^^^^^^^^^^^^ help: remove this attribute
    |
    = note: `#[path]` is unused on this inline module
    = note: `#[warn(unused_attributes)]` (part of `#[warn(unused)]`) on by default

warning: use of deprecated method `std::sync::atomic::Atomic::<usize>::fetch_update`: renamed to `try_update` for consistency
   --> src/hooks/animation.rs:169:14
    |
169 |             .fetch_update(Ordering::Relaxed, Ordering::Relaxed, |id| id.checked_add(1))
    |              ^^^^^^^^^^^^
    |
    = note: `#[warn(deprecated)]` on by default
help: replace the use of the deprecated method
    |
169 -             .fetch_update(Ordering::Relaxed, Ordering::Relaxed, |id| id.checked_add(1))
169 +             .try_update(Ordering::Relaxed, Ordering::Relaxed, |id| id.checked_add(1))
    |

warning: falling back to `f32` as the trait bound `f32: From<f64>` is not satisfied
    --> src/layout/style.rs:1507:83
     |
1507 |                 .map(|_| GridTemplateComponent::from(TrackSizingFunction::from_fr(1.0)))
     |                                                                                   ^^^ help: explicitly specify the type as `f32`: `1.0_f32`
     |
     = warning: this was previously accepted by the compiler but is being phased out; it will become a hard error in a future release!
     = note: for more information, see issue #154024 <https://github.com/rust-lang/rust/issues/154024>
     = note: `#[warn(float_literal_f32_fallback)]` (part of `#[warn(future_incompatible)]`) on by default

warning: falling back to `f32` as the trait bound `f32: From<f64>` is not satisfied
    --> src/layout/style.rs:1513:83
     |
1513 |                 .map(|_| GridTemplateComponent::from(TrackSizingFunction::from_fr(1.0)))
     |                                                                                   ^^^ help: explicitly specify the type as `f32`: `1.0_f32`
     |
     = warning: this was previously accepted by the compiler but is being phased out; it will become a hard error in a future release!
     = note: for more information, see issue #154024 <https://github.com/rust-lang/rust/issues/154024>

warning: use of deprecated method `std::sync::atomic::Atomic::<u32>::fetch_update`: renamed to `try_update` for consistency
   --> src/widgets/display/image/protocol_renderer.rs:238:14
    |
238 |             .fetch_update(Ordering::Relaxed, Ordering::Relaxed, |id| {
    |              ^^^^^^^^^^^^
    |
help: replace the use of the deprecated method
    |
238 -             .fetch_update(Ordering::Relaxed, Ordering::Relaxed, |id| {
238 +             .try_update(Ordering::Relaxed, Ordering::Relaxed, |id| {
    |

warning: unused variable: `width`
  --> src/ffi/lib.rs:85:14
   |
85 |         let (width, height) = renderer_box.dims();
   |              ^^^^^ help: if this is intentional, prefix it with an underscore: `_width`
   |
   = note: `#[warn(unused_variables)]` (part of `#[warn(unused)]`) on by default

warning: function `validate_pointer` is never used
   --> src/ffi/types.rs:182:15
    |
182 | pub(crate) fn validate_pointer<T>(ptr: *const T) -> bool {
    |               ^^^^^^^^^^^^^^^^
    |
    = note: `#[warn(dead_code)]` (part of `#[warn(unused)]`) on by default

warning: function `validate_mut_pointer` is never used
   --> src/ffi/types.rs:187:15
    |
187 | pub(crate) fn validate_mut_pointer<T>(ptr: *mut T) -> bool {
    |               ^^^^^^^^^^^^^^^^^^^^

warning: function `safe_cast` is never used
   --> src/ffi/types.rs:192:22
    |
192 | pub(crate) unsafe fn safe_cast<T, U>(ptr: *mut T) -> Result<*mut U, ReactiveError> {
    |                      ^^^^^^^^^

warning: function `safe_cast_const` is never used
   --> src/ffi/types.rs:206:22
    |
206 | pub(crate) unsafe fn safe_cast_const<T, U>(ptr: *const T) -> Result<*const U, ReactiveError> {
    |                      ^^^^^^^^^^^^^^^

warning: `reactive-tui` (lib) generated 10 warnings (run `cargo fix --lib -p reactive-tui` to apply 5 suggestions)
warning: use of deprecated method `std::sync::atomic::Atomic::<usize>::fetch_update`: renamed to `try_update` for consistency
   --> tests/api_focus.rs:216:22
    |
216 |                     .fetch_update(Ordering::SeqCst, Ordering::SeqCst, |n| {
    |                      ^^^^^^^^^^^^
    |
    = note: `#[warn(deprecated)]` on by default
help: replace the use of the deprecated method
    |
216 -                     .fetch_update(Ordering::SeqCst, Ordering::SeqCst, |n| {
216 +                     .try_update(Ordering::SeqCst, Ordering::SeqCst, |n| {
    |

warning: `reactive-tui` (test "api_focus") generated 1 warning (run `cargo fix --test "api_focus" -p reactive-tui` to apply 1 suggestion)
warning: unnecessary `unsafe` block
  --> tests/test_ffi_core_only.rs:10:9
   |
10 |         unsafe {
   |         ^^^^^^ unnecessary `unsafe` block
   |
   = note: `#[warn(unused_unsafe)]` (part of `#[warn(unused)]`) on by default

warning: unnecessary `unsafe` block
  --> tests/test_ffi_core_only.rs:24:9
   |
24 |         unsafe {
   |         ^^^^^^ unnecessary `unsafe` block

warning: unnecessary `unsafe` block
  --> tests/test_ffi_core_only.rs:67:9
   |
67 |         unsafe {
   |         ^^^^^^ unnecessary `unsafe` block

warning: unnecessary `unsafe` block
  --> tests/test_ffi_core_only.rs:94:9
   |
94 |         unsafe {
   |         ^^^^^^ unnecessary `unsafe` block

warning: unnecessary `unsafe` block
   --> tests/test_ffi_core_only.rs:127:9
    |
127 |         unsafe {
    |         ^^^^^^ unnecessary `unsafe` block

warning: unnecessary `unsafe` block
   --> tests/test_ffi_core_only.rs:171:9
    |
171 |         unsafe {
    |         ^^^^^^ unnecessary `unsafe` block

warning: unnecessary `unsafe` block
   --> tests/test_ffi_core_only.rs:193:9
    |
193 |         unsafe {
    |         ^^^^^^ unnecessary `unsafe` block

warning: `reactive-tui` (test "test_ffi_core_only") generated 7 warnings
warning: unnecessary `unsafe` block
  --> tests/test_ffi_integration.rs:10:9
   |
10 |         unsafe {
   |         ^^^^^^ unnecessary `unsafe` block
   |
   = note: `#[warn(unused_unsafe)]` (part of `#[warn(unused)]`) on by default

warning: unnecessary `unsafe` block
  --> tests/test_ffi_integration.rs:60:9
   |
60 |         unsafe {
   |         ^^^^^^ unnecessary `unsafe` block

warning: unnecessary `unsafe` block
   --> tests/test_ffi_integration.rs:115:9
    |
115 |         unsafe {
    |         ^^^^^^ unnecessary `unsafe` block

warning: unnecessary `unsafe` block
   --> tests/test_ffi_integration.rs:150:9
    |
150 |         unsafe {
    |         ^^^^^^ unnecessary `unsafe` block

warning: unnecessary `unsafe` block
   --> tests/test_ffi_integration.rs:172:9
    |
172 |         unsafe {
    |         ^^^^^^ unnecessary `unsafe` block

warning: `reactive-tui` (test "test_ffi_integration") generated 5 warnings
warning: `reactive-tui` (lib test) generated 11 warnings (10 duplicates) (run `cargo fix --lib -p reactive-tui --tests` to apply 1 suggestion)
    Finished `dev` profile [unoptimized + debuginfo] target(s) in 36.27s
   Compiling reactive-tui v0.0.7 (/home/shawn/workspace2/reactive-tui)
    Finished `test` profile [unoptimized + debuginfo] target(s) in 14.46s
     Running tests/api_component_expansion.rs (target/debug/deps/api_component_expansion-fed3c8c1e0be9b12)
   Compiling reactive-tui v0.0.7 (/home/shawn/workspace2/reactive-tui)
    Finished `test` profile [unoptimized + debuginfo] target(s) in 15.11s
     Running tests/api_component_expansion.rs (target/debug/deps/api_component_expansion-958d589ffc392d4d)
