warning: unnecessary parentheses around closure body
  --> src/backend/crossterm/src/terminal/sys/unix.rs:87:50
   |
87 |     let file = File::open("/dev/tty").map(|file| (FileDesc::Owned(file.into())));
   |                                                  ^                            ^
   |
   = note: `#[warn(unused_parens)]` (part of `#[warn(unused)]`) on by default
help: remove these parentheses
   |
87 -     let file = File::open("/dev/tty").map(|file| (FileDesc::Owned(file.into())));
87 +     let file = File::open("/dev/tty").map(|file| FileDesc::Owned(file.into()));
   |

warning: `crossterm` (lib) generated 1 warning (run `cargo fix --lib -p crossterm` to apply 1 suggestion)
   Compiling reactive-tui v0.0.7 (/home/shawn/workspace2/reactive-tui)
    Finished `test` profile [unoptimized + debuginfo] target(s) in 0.84s
     Running tests/css_in_rust_simple_test.rs (target/debug/deps/css_in_rust_simple_test-d00992e365bf04a8)

running 14 tests
test test_basic_css_macro ... ok
test test_color_properties ... ok
test test_builder_integration ... ok
test test_hybrid_styling ... ok
test test_integration_with_existing_system ... ok
test test_convenience_macros ... ok
test test_macro_edge_cases ... ok
test test_complex_layout ... ok
test test_layout_properties ... ok
test test_numeric_properties ... ok
test test_spacing_properties ... ok
test test_type_safety ... ok
test test_component_patterns ... ok
test test_performance_considerations ... ok

test result: ok. 14 passed; 0 failed; 0 ignored; 0 measured; 0 filtered out; finished in 0.01s

