A11Y # GNOME Terminal 3.58.0 using VTE 0.84.0 +BIDI +GNUTLS +ICU +SYSTEMD
dbus-daemon[1907958]: [session uid=1000 pid=1907958 pidfd=5] Activating service name='org.a11y.Bus' requested by ':1.0' (uid=1000 pid=1908036 comm="/usr/bin/python3 /usr/bin/orca --version" label="unconfined")
dbus-daemon[1907958]: [session uid=1000 pid=1907958 pidfd=5] Successfully activated service 'org.a11y.Bus'
dbus-daemon[1907958]: [session uid=1000 pid=1907958 pidfd=5] Activating service name='org.gtk.vfs.Daemon' requested by ':1.3' (uid=1000 pid=1908083 comm="/usr/lib/x86_64-linux-gnu/../../lib/x86_64-linux-g" label="unconfined")
dbus-daemon[1907958]: [session uid=1000 pid=1907958 pidfd=5] Successfully activated service 'org.gtk.vfs.Daemon'
dbus-daemon[1908062]: Activating service name='org.a11y.atspi.Registry' requested by ':1.0' (uid=1000 pid=1908036 comm="/usr/bin/python3 /usr/bin/orca --version" label="unconfined")
dbus-daemon[1908062]: Successfully activated service 'org.a11y.atspi.Registry'
SpiRegistry daemon is running with well-known name - org.a11y.atspi.Registry
A11Y Orca version 50.1.2, AT-SPI2 version: 2.60.0, Session: x11 gnome
A11Y isolated X11/Xvfb viewport 60x16
dbus-daemon[1907958]: [session uid=1000 pid=1907958 pidfd=5] Activating service name='ca.desrt.dconf' requested by ':1.7' (uid=1000 pid=1908751 comm="/usr/bin/python3 /usr/bin/orca --debug-file /home/" label="unconfined")
dbus-daemon[1907958]: [session uid=1000 pid=1907958 pidfd=5] Successfully activated service 'ca.desrt.dconf'
dbus-daemon[1907958]: [session uid=1000 pid=1907958 pidfd=5] Activating service name='org.gnome.Terminal' requested by ':1.9' (uid=1000 pid=1908904 comm="gnome-terminal --display=:1 --geometry=60x16 --wai" label="unconfined")
dbus-daemon[1907958]: [session uid=1000 pid=1907958 pidfd=5] Activating service name='org.freedesktop.portal.Desktop' requested by ':1.10' (uid=1000 pid=1908911 comm="/usr/libexec/gnome-terminal-server" label="unconfined")
dbus-daemon[1907958]: [session uid=1000 pid=1907958 pidfd=5] Activating service name='org.freedesktop.impl.portal.PermissionStore' requested by ':1.11' (uid=1000 pid=1908919 comm="/usr/libexec/xdg-desktop-portal" label="unconfined")
dbus-daemon[1907958]: [session uid=1000 pid=1907958 pidfd=5] Successfully activated service 'org.freedesktop.impl.portal.PermissionStore'
dbus-daemon[1907958]: [session uid=1000 pid=1907958 pidfd=5] Activating service name='org.freedesktop.portal.Documents' requested by ':1.11' (uid=1000 pid=1908919 comm="/usr/libexec/xdg-desktop-portal" label="unconfined")
dbus-daemon[1907958]: [session uid=1000 pid=1907958 pidfd=5] Successfully activated service 'org.freedesktop.portal.Documents'

(/usr/libexec/xdg-desktop-portal:1908919): xdg-desktop-portal-WARNING **: 20:32:00.518: Choosing gnome.portal for org.freedesktop.impl.portal.Lockdown via the deprecated UseIn key

(/usr/libexec/xdg-desktop-portal:1908919): xdg-desktop-portal-WARNING **: 20:32:00.518: The preferred method to match portal implementations to desktop environments is to use the portals.conf(5) configuration file
dbus-daemon[1907958]: [session uid=1000 pid=1907958 pidfd=5] Activating service name='org.freedesktop.impl.portal.desktop.gnome' requested by ':1.11' (uid=1000 pid=1908919 comm="/usr/libexec/xdg-desktop-portal" label="unconfined")
libEGL warning: DRI3 error: Could not get DRI3 device
libEGL warning: Ensure your X server supports DRI3 to get accelerated rendering
dbus-daemon[1907958]: [session uid=1000 pid=1907958 pidfd=5] Successfully activated service 'org.freedesktop.impl.portal.desktop.gnome'

(/usr/libexec/xdg-desktop-portal:1908919): xdg-desktop-portal-WARNING **: 20:32:00.626: Choosing gnome.portal for org.freedesktop.impl.portal.Access via the deprecated UseIn key

(/usr/libexec/xdg-desktop-portal:1908919): xdg-desktop-portal-WARNING **: 20:32:00.633: Choosing gnome.portal for org.freedesktop.impl.portal.Settings via the deprecated UseIn key

(/usr/libexec/xdg-desktop-portal:1908919): xdg-desktop-portal-WARNING **: 20:32:00.633: Choosing gtk.portal for org.freedesktop.impl.portal.Settings via the deprecated UseIn key
dbus-daemon[1907958]: [session uid=1000 pid=1907958 pidfd=5] Activating service name='org.freedesktop.impl.portal.desktop.gtk' requested by ':1.11' (uid=1000 pid=1908919 comm="/usr/libexec/xdg-desktop-portal" label="unconfined")
dbus-daemon[1907958]: [session uid=1000 pid=1907958 pidfd=5] Successfully activated service 'org.freedesktop.impl.portal.desktop.gtk'

** (xdg-desktop-portal-gtk:1909174): WARNING **: 20:32:00.654: atk-bridge: Couldn't listen on dbus server: Socket name too long


(/usr/libexec/xdg-desktop-portal:1908919): xdg-desktop-portal-WARNING **: 20:32:00.654: Choosing gnome.portal for org.freedesktop.impl.portal.FileChooser via the deprecated UseIn key

(/usr/libexec/xdg-desktop-portal:1908919): xdg-desktop-portal-WARNING **: 20:32:00.655: Choosing gnome.portal for org.freedesktop.impl.portal.AppChooser via the deprecated UseIn key

(/usr/libexec/xdg-desktop-portal:1908919): xdg-desktop-portal-WARNING **: 20:32:00.655: Choosing gnome.portal for org.freedesktop.impl.portal.Print via the deprecated UseIn key

(/usr/libexec/xdg-desktop-portal:1908919): xdg-desktop-portal-WARNING **: 20:32:00.655: Choosing gnome.portal for org.freedesktop.impl.portal.Notification via the deprecated UseIn key

(/usr/libexec/xdg-desktop-portal:1908919): xdg-desktop-portal-WARNING **: 20:32:00.656: Choosing gtk.portal for org.freedesktop.impl.portal.Inhibit via the deprecated UseIn key

(/usr/libexec/xdg-desktop-portal:1908919): xdg-desktop-portal-WARNING **: 20:32:00.657: Failed to connect to PipeWire: Couldn't connect to PipeWire

(/usr/libexec/xdg-desktop-portal:1908919): xdg-desktop-portal-WARNING **: 20:32:00.657: Choosing gnome.portal for org.freedesktop.impl.portal.Screenshot via the deprecated UseIn key

(/usr/libexec/xdg-desktop-portal:1908919): xdg-desktop-portal-WARNING **: 20:32:00.657: Choosing gnome.portal for org.freedesktop.impl.portal.Background via the deprecated UseIn key

(/usr/libexec/xdg-desktop-portal:1908919): xdg-desktop-portal-WARNING **: 20:32:00.658: Choosing gnome.portal for org.freedesktop.impl.portal.Wallpaper via the deprecated UseIn key

(/usr/libexec/xdg-desktop-portal:1908919): xdg-desktop-portal-WARNING **: 20:32:00.658: Choosing gnome.portal for org.freedesktop.impl.portal.Account via the deprecated UseIn key

(/usr/libexec/xdg-desktop-portal:1908919): xdg-desktop-portal-WARNING **: 20:32:00.659: Choosing gtk.portal for org.freedesktop.impl.portal.Email via the deprecated UseIn key

(/usr/libexec/xdg-desktop-portal:1908919): xdg-desktop-portal-WARNING **: 20:32:00.659: Choosing gnome-keyring.portal for org.freedesktop.impl.portal.Secret via the deprecated UseIn key

(/usr/libexec/xdg-desktop-portal:1908919): xdg-desktop-portal-WARNING **: 20:32:00.659: Choosing gnome.portal for org.freedesktop.impl.portal.GlobalShortcuts via the deprecated UseIn key
dbus-daemon[1907958]: [session uid=1000 pid=1907958 pidfd=5] Activating service name='org.freedesktop.secrets' requested by ':1.11' (uid=1000 pid=1908919 comm="/usr/libexec/xdg-desktop-portal" label="unconfined")

(/usr/libexec/xdg-desktop-portal:1908919): xdg-desktop-portal-WARNING **: 20:32:00.661: Choosing gnome.portal for org.freedesktop.impl.portal.DynamicLauncher via the deprecated UseIn key

(/usr/libexec/xdg-desktop-portal:1908919): xdg-desktop-portal-WARNING **: 20:32:00.661: Choosing gnome.portal for org.freedesktop.impl.portal.ScreenCast via the deprecated UseIn key

(/usr/libexec/xdg-desktop-portal:1908919): xdg-desktop-portal-WARNING **: 20:32:00.662: Choosing gnome.portal for org.freedesktop.impl.portal.RemoteDesktop via the deprecated UseIn key

(/usr/libexec/xdg-desktop-portal:1908919): xdg-desktop-portal-WARNING **: 20:32:00.662: Choosing gnome.portal for org.freedesktop.impl.portal.Clipboard via the deprecated UseIn key

(/usr/libexec/xdg-desktop-portal:1908919): xdg-desktop-portal-WARNING **: 20:32:00.662: Choosing gnome.portal for org.freedesktop.impl.portal.InputCapture via the deprecated UseIn key

(/usr/libexec/xdg-desktop-portal:1908919): xdg-desktop-portal-WARNING **: 20:32:00.663: Choosing gnome.portal for org.freedesktop.impl.portal.Usb via the deprecated UseIn key
** Message: 20:32:00.663: couldn't access control socket: /home/shawn/workspace2/reactive-tui/target/api011-check-tmp/rtui-orca-5wq8j_hf/runtime/keyring/control: No such file or directory
discover_other_daemon: 0dbus-daemon[1907958]: [session uid=1000 pid=1907958 pidfd=5] Successfully activated service 'org.freedesktop.secrets'
dbus-daemon[1907958]: [session uid=1000 pid=1907958 pidfd=5] Successfully activated service 'org.freedesktop.portal.Desktop'
dbus-daemon[1907958]: [session uid=1000 pid=1907958 pidfd=5] Successfully activated service 'org.gnome.Terminal'

** (org.gnome.Terminal:1908911): WARNING **: 20:32:00.720: atk-bridge: Couldn't listen on dbus server: Socket name too long

dbus-daemon[1907958]: [session uid=1000 pid=1907958 pidfd=5] Activating service name='org.gtk.vfs.Metadata' requested by ':1.10' (uid=1000 pid=1908911 comm="/usr/libexec/gnome-terminal-server" label="unconfined")
dbus-daemon[1907958]: [session uid=1000 pid=1907958 pidfd=5] Successfully activated service 'org.gtk.vfs.Metadata'
/home/shawn/workspace2/reactive-tui/tests/api_widget_behavior/orca.py:260: DeprecationWarning: Atspi.Action.get_action_name is deprecated
  assert action.get_action_name(0) == "click"

(process:1907964): dbind-WARNING **: 20:32:01.191: AT-SPI: AddAccessible with unknown signature (so)(so)(so)iiassusau


(process:1907964): dbind-WARNING **: 20:32:01.191: AT-SPI: AddAccessible with unknown signature (so)(so)(so)iiassusau


(process:1907964): dbind-WARNING **: 20:32:01.517: AT-SPI: AddAccessible with unknown signature (so)(so)(so)iiassusau


(process:1907964): dbind-WARNING **: 20:32:01.517: AT-SPI: Unknown signature so for RemoveAccessible

(process:1907964): dbind-WARNING **: 20:32:01.517: AT-SPI: Unknown signature so for RemoveAccessible

(process:1907964): dbind-WARNING **: 20:32:01.556: AT-SPI: Unknown signature so for RemoveAccessible

(process:1907964): dbind-WARNING **: 20:32:01.619: AT-SPI: AddAccessible with unknown signature (so)(so)(so)iiassusau


(process:1907964): dbind-WARNING **: 20:32:01.619: AT-SPI: AddAccessible with unknown signature (so)(so)(so)iiassusau


(process:1907964): dbind-WARNING **: 20:32:01.651: AT-SPI: AddAccessible with unknown signature (so)(so)(so)iiassusau


(process:1907964): dbind-WARNING **: 20:32:01.651: AT-SPI: AddAccessible with unknown signature (so)(so)(so)iiassusau


(process:1907964): dbind-WARNING **: 20:32:01.651: AT-SPI: AddAccessible with unknown signature (so)(so)(so)iiassusau


(process:1907964): dbind-WARNING **: 20:32:01.651: AT-SPI: AddAccessible with unknown signature (so)(so)(so)iiassusau


(process:1907964): dbind-WARNING **: 20:32:01.651: AT-SPI: AddAccessible with unknown signature (so)(so)(so)iiassusau


(process:1907964): dbind-WARNING **: 20:32:01.651: AT-SPI: Unknown signature so for RemoveAccessible

(process:1907964): dbind-WARNING **: 20:32:01.651: AT-SPI: Unknown signature so for RemoveAccessible

(process:1907964): dbind-WARNING **: 20:32:01.651: AT-SPI: Unknown signature so for RemoveAccessible

(process:1907964): dbind-WARNING **: 20:32:01.651: AT-SPI: Unknown signature so for RemoveAccessible

(process:1907964): dbind-WARNING **: 20:32:01.651: AT-SPI: Unknown signature so for RemoveAccessible
A11Y round 1: labels, roles, focus, disabled actions, expansion, nested input and removal passed

(process:1907964): dbind-WARNING **: 20:32:01.925: AT-SPI: AddAccessible with unknown signature (so)(so)(so)iiassusau


(process:1907964): dbind-WARNING **: 20:32:01.925: AT-SPI: Unknown signature so for RemoveAccessible

(process:1907964): dbind-WARNING **: 20:32:01.925: AT-SPI: Unknown signature so for RemoveAccessible

(process:1907964): dbind-WARNING **: 20:32:01.925: AT-SPI: Unknown signature so for RemoveAccessible

(process:1907964): dbind-WARNING **: 20:32:01.925: AT-SPI: Unknown signature so for RemoveAccessible

(process:1907964): dbind-WARNING **: 20:32:01.925: AT-SPI: Unknown signature so for RemoveAccessible
A11Y breadcrumb: labels, link roles, current page announcement, inert actions, assistive and keyboard focus, activation and removal passed

(process:1907964): dbind-WARNING **: 20:32:01.959: AT-SPI: AddAccessible with unknown signature (so)(so)(so)iiassusau


(process:1907964): dbind-WARNING **: 20:32:01.959: AT-SPI: AddAccessible with unknown signature (so)(so)(so)iiassusau


(process:1907964): dbind-WARNING **: 20:32:01.959: AT-SPI: AddAccessible with unknown signature (so)(so)(so)iiassusau


(process:1907964): dbind-WARNING **: 20:32:01.959: AT-SPI: AddAccessible with unknown signature (so)(so)(so)iiassusau


(process:1907964): dbind-WARNING **: 20:32:01.959: AT-SPI: AddAccessible with unknown signature (so)(so)(so)iiassusau


(process:1907964): dbind-WARNING **: 20:32:01.959: AT-SPI: AddAccessible with unknown signature (so)(so)(so)iiassusau


(process:1907964): dbind-WARNING **: 20:32:01.959: AT-SPI: AddAccessible with unknown signature (so)(so)(so)iiassusau


(process:1907964): dbind-WARNING **: 20:32:01.959: AT-SPI: Unknown signature so for RemoveAccessible
A11Y CSS: reference labels, description, role, focus, pressed update, live announcement and hidden state passed

(process:1907964): dbind-WARNING **: 20:32:02.290: AT-SPI: AddAccessible with unknown signature (so)(so)(so)iiassusau


(process:1907964): dbind-WARNING **: 20:32:02.290: AT-SPI: AddAccessible with unknown signature (so)(so)(so)iiassusau


(process:1907964): dbind-WARNING **: 20:32:02.290: AT-SPI: AddAccessible with unknown signature (so)(so)(so)iiassusau


(process:1907964): dbind-WARNING **: 20:32:02.290: AT-SPI: Unknown signature so for RemoveAccessible

(process:1907964): dbind-WARNING **: 20:32:02.290: AT-SPI: Unknown signature so for RemoveAccessible

(process:1907964): dbind-WARNING **: 20:32:02.290: AT-SPI: Unknown signature so for RemoveAccessible

(process:1907964): dbind-WARNING **: 20:32:02.290: AT-SPI: Unknown signature so for RemoveAccessible

(process:1907964): dbind-WARNING **: 20:32:02.290: AT-SPI: Unknown signature so for RemoveAccessible

(process:1907964): dbind-WARNING **: 20:32:02.290: AT-SPI: Unknown signature so for RemoveAccessible

(process:1907964): dbind-WARNING **: 20:32:02.290: AT-SPI: Unknown signature so for RemoveAccessible
A11Y checkbox: role, distinct label, mixed/checked/unchecked speech, focus, assistive/keyboard toggles and disabled actions passed
A11Y slider: label, role, focus, numeric bounds, keyboard step and changed value speech passed

(process:1907964): dbind-WARNING **: 20:32:02.612: AT-SPI: AddAccessible with unknown signature (so)(so)(so)iiassusau


(process:1907964): dbind-WARNING **: 20:32:02.612: AT-SPI: AddAccessible with unknown signature (so)(so)(so)iiassusau


(process:1907964): dbind-WARNING **: 20:32:02.612: AT-SPI: AddAccessible with unknown signature (so)(so)(so)iiassusau


(process:1907964): dbind-WARNING **: 20:32:02.612: AT-SPI: AddAccessible with unknown signature (so)(so)(so)iiassusau


(process:1907964): dbind-WARNING **: 20:32:02.612: AT-SPI: Unknown signature so for RemoveAccessible

(process:1907964): dbind-WARNING **: 20:32:02.612: AT-SPI: Unknown signature so for RemoveAccessible

(process:1907964): dbind-WARNING **: 20:32:02.612: AT-SPI: Unknown signature so for RemoveAccessible
A11Y radio: group/option roles, labels, focus, disabled skipping, exclusive keyboard and assistive selection passed

(process:1907964): dbind-WARNING **: 20:32:02.920: AT-SPI: AddAccessible with unknown signature (so)(so)(so)iiassusau


(process:1907964): dbind-WARNING **: 20:32:02.920: AT-SPI: AddAccessible with unknown signature (so)(so)(so)iiassusau


(process:1907964): dbind-WARNING **: 20:32:02.920: AT-SPI: Unknown signature so for RemoveAccessible

(process:1907964): dbind-WARNING **: 20:32:02.920: AT-SPI: Unknown signature so for RemoveAccessible

(process:1907964): dbind-WARNING **: 20:32:02.920: AT-SPI: Unknown signature so for RemoveAccessible

(process:1907964): dbind-WARNING **: 20:32:02.920: AT-SPI: Unknown signature so for RemoveAccessible
A11Y named radios: roles, labels, focus and exclusive group selection passed

(process:1907964): dbind-WARNING **: 20:32:03.071: AT-SPI: AddAccessible with unknown signature (so)(so)(so)iiassusau


(process:1907964): dbind-WARNING **: 20:32:03.071: AT-SPI: Unknown signature so for RemoveAccessible

(process:1907964): dbind-WARNING **: 20:32:03.071: AT-SPI: Unknown signature so for RemoveAccessible

(process:1907964): dbind-WARNING **: 20:32:03.136: AT-SPI: AddAccessible with unknown signature (so)(so)(so)iiassusau


(process:1907964): dbind-WARNING **: 20:32:03.136: AT-SPI: AddAccessible with unknown signature (so)(so)(so)iiassusau


(process:1907964): dbind-WARNING **: 20:32:03.136: AT-SPI: AddAccessible with unknown signature (so)(so)(so)iiassusau


(process:1907964): dbind-WARNING **: 20:32:03.136: AT-SPI: AddAccessible with unknown signature (so)(so)(so)iiassusau


(process:1907964): dbind-WARNING **: 20:32:03.168: AT-SPI: Unknown signature so for RemoveAccessible

(process:1907964): dbind-WARNING **: 20:32:03.168: AT-SPI: Unknown signature so for RemoveAccessible

(process:1907964): dbind-WARNING **: 20:32:03.168: AT-SPI: Unknown signature so for RemoveAccessible

(process:1907964): dbind-WARNING **: 20:32:03.168: AT-SPI: Unknown signature so for RemoveAccessible

(process:1907964): dbind-WARNING **: 20:32:03.202: AT-SPI: AddAccessible with unknown signature (so)(so)(so)iiassusau


(process:1907964): dbind-WARNING **: 20:32:03.202: AT-SPI: AddAccessible with unknown signature (so)(so)(so)iiassusau


(process:1907964): dbind-WARNING **: 20:32:03.202: AT-SPI: AddAccessible with unknown signature (so)(so)(so)iiassusau


(process:1907964): dbind-WARNING **: 20:32:03.202: AT-SPI: AddAccessible with unknown signature (so)(so)(so)iiassusau


(process:1907964): dbind-WARNING **: 20:32:03.401: AT-SPI: Unknown signature so for RemoveAccessible

(process:1907964): dbind-WARNING **: 20:32:03.401: AT-SPI: Unknown signature so for RemoveAccessible

(process:1907964): dbind-WARNING **: 20:32:03.401: AT-SPI: Unknown signature so for RemoveAccessible

(process:1907964): dbind-WARNING **: 20:32:03.401: AT-SPI: Unknown signature so for RemoveAccessible

(process:1907964): dbind-WARNING **: 20:32:03.405: AT-SPI: AddAccessible with unknown signature (so)(so)(so)iiassusau


(process:1907964): dbind-WARNING **: 20:32:03.405: AT-SPI: AddAccessible with unknown signature (so)(so)(so)iiassusau


(process:1907964): dbind-WARNING **: 20:32:03.405: AT-SPI: AddAccessible with unknown signature (so)(so)(so)iiassusau


(process:1907964): dbind-WARNING **: 20:32:03.405: AT-SPI: AddAccessible with unknown signature (so)(so)(so)iiassusau


(process:1907964): dbind-WARNING **: 20:32:03.612: AT-SPI: Unknown signature so for RemoveAccessible

(process:1907964): dbind-WARNING **: 20:32:03.612: AT-SPI: Unknown signature so for RemoveAccessible

(process:1907964): dbind-WARNING **: 20:32:03.612: AT-SPI: Unknown signature so for RemoveAccessible

(process:1907964): dbind-WARNING **: 20:32:03.612: AT-SPI: Unknown signature so for RemoveAccessible

(process:1907964): dbind-WARNING **: 20:32:03.617: AT-SPI: AddAccessible with unknown signature (so)(so)(so)iiassusau


(process:1907964): dbind-WARNING **: 20:32:03.617: AT-SPI: Unknown signature so for RemoveAccessible

(process:1907964): dbind-WARNING **: 20:32:03.651: AT-SPI: AddAccessible with unknown signature (so)(so)(so)iiassusau


(process:1907964): dbind-WARNING **: 20:32:03.651: AT-SPI: AddAccessible with unknown signature (so)(so)(so)iiassusau


(process:1907964): dbind-WARNING **: 20:32:03.651: AT-SPI: AddAccessible with unknown signature (so)(so)(so)iiassusau


(process:1907964): dbind-WARNING **: 20:32:04.078: AT-SPI: Unknown signature so for RemoveAccessible

(process:1907964): dbind-WARNING **: 20:32:04.078: AT-SPI: Unknown signature so for RemoveAccessible

(process:1907964): dbind-WARNING **: 20:32:04.078: AT-SPI: Unknown signature so for RemoveAccessible
A11Y select: combo/list/option roles, labels, expansion, focus, disabled skipping, single/multiple assistive and keyboard selection with selection speech passed

(process:1907964): dbind-WARNING **: 20:32:04.112: AT-SPI: AddAccessible with unknown signature (so)(so)(so)iiassusau


(process:1907964): dbind-WARNING **: 20:32:04.112: AT-SPI: AddAccessible with unknown signature (so)(so)(so)iiassusau


(process:1907964): dbind-WARNING **: 20:32:04.112: AT-SPI: AddAccessible with unknown signature (so)(so)(so)iiassusau


(process:1907964): dbind-WARNING **: 20:32:04.112: AT-SPI: AddAccessible with unknown signature (so)(so)(so)iiassusau


(process:1907964): dbind-WARNING **: 20:32:04.112: AT-SPI: Unknown signature so for RemoveAccessible

(process:1907964): dbind-WARNING **: 20:32:04.155: AT-SPI: AddAccessible with unknown signature (so)(so)(so)iiassusau


(process:1907964): dbind-WARNING **: 20:32:04.155: AT-SPI: AddAccessible with unknown signature (so)(so)(so)iiassusau


(process:1907964): dbind-WARNING **: 20:32:04.155: AT-SPI: AddAccessible with unknown signature (so)(so)(so)iiassusau


(process:1907964): dbind-WARNING **: 20:32:04.155: AT-SPI: AddAccessible with unknown signature (so)(so)(so)iiassusau


(process:1907964): dbind-WARNING **: 20:32:04.155: AT-SPI: AddAccessible with unknown signature (so)(so)(so)iiassusau


(process:1907964): dbind-WARNING **: 20:32:04.155: AT-SPI: AddAccessible with unknown signature (so)(so)(so)iiassusau


(process:1907964): dbind-WARNING **: 20:32:04.155: AT-SPI: AddAccessible with unknown signature (so)(so)(so)iiassusau


(process:1907964): dbind-WARNING **: 20:32:04.155: AT-SPI: AddAccessible with unknown signature (so)(so)(so)iiassusau


(process:1907964): dbind-WARNING **: 20:32:04.277: AT-SPI: Unknown signature so for RemoveAccessible

(process:1907964): dbind-WARNING **: 20:32:04.277: AT-SPI: Unknown signature so for RemoveAccessible

(process:1907964): dbind-WARNING **: 20:32:04.277: AT-SPI: Unknown signature so for RemoveAccessible

(process:1907964): dbind-WARNING **: 20:32:04.277: AT-SPI: Unknown signature so for RemoveAccessible

(process:1907964): dbind-WARNING **: 20:32:04.277: AT-SPI: Unknown signature so for RemoveAccessible

(process:1907964): dbind-WARNING **: 20:32:04.277: AT-SPI: Unknown signature so for RemoveAccessible

(process:1907964): dbind-WARNING **: 20:32:04.277: AT-SPI: Unknown signature so for RemoveAccessible

(process:1907964): dbind-WARNING **: 20:32:04.277: AT-SPI: Unknown signature so for RemoveAccessible

(process:1907964): dbind-WARNING **: 20:32:04.313: AT-SPI: AddAccessible with unknown signature (so)(so)(so)iiassusau


(process:1907964): dbind-WARNING **: 20:32:04.313: AT-SPI: AddAccessible with unknown signature (so)(so)(so)iiassusau


(process:1907964): dbind-WARNING **: 20:32:04.313: AT-SPI: AddAccessible with unknown signature (so)(so)(so)iiassusau


(process:1907964): dbind-WARNING **: 20:32:04.313: AT-SPI: AddAccessible with unknown signature (so)(so)(so)iiassusau


(process:1907964): dbind-WARNING **: 20:32:04.313: AT-SPI: AddAccessible with unknown signature (so)(so)(so)iiassusau


(process:1907964): dbind-WARNING **: 20:32:04.313: AT-SPI: AddAccessible with unknown signature (so)(so)(so)iiassusau


(process:1907964): dbind-WARNING **: 20:32:04.313: AT-SPI: AddAccessible with unknown signature (so)(so)(so)iiassusau


(process:1907964): dbind-WARNING **: 20:32:04.313: AT-SPI: AddAccessible with unknown signature (so)(so)(so)iiassusau


(process:1907964): dbind-WARNING **: 20:32:04.487: AT-SPI: AddAccessible with unknown signature (so)(so)(so)iiassusau


(process:1907964): dbind-WARNING **: 20:32:04.487: AT-SPI: AddAccessible with unknown signature (so)(so)(so)iiassusau


(process:1907964): dbind-WARNING **: 20:32:04.487: AT-SPI: AddAccessible with unknown signature (so)(so)(so)iiassusau


(process:1907964): dbind-WARNING **: 20:32:04.628: AT-SPI: Unknown signature so for RemoveAccessible

(process:1907964): dbind-WARNING **: 20:32:04.628: AT-SPI: Unknown signature so for RemoveAccessible

(process:1907964): dbind-WARNING **: 20:32:04.628: AT-SPI: Unknown signature so for RemoveAccessible

(process:1907964): dbind-WARNING **: 20:32:04.628: AT-SPI: Unknown signature so for RemoveAccessible

(process:1907964): dbind-WARNING **: 20:32:04.629: AT-SPI: Unknown signature so for RemoveAccessible

(process:1907964): dbind-WARNING **: 20:32:04.629: AT-SPI: Unknown signature so for RemoveAccessible

(process:1907964): dbind-WARNING **: 20:32:04.629: AT-SPI: Unknown signature so for RemoveAccessible

(process:1907964): dbind-WARNING **: 20:32:04.629: AT-SPI: Unknown signature so for RemoveAccessible

(process:1907964): dbind-WARNING **: 20:32:04.629: AT-SPI: Unknown signature so for RemoveAccessible

(process:1907964): dbind-WARNING **: 20:32:04.629: AT-SPI: Unknown signature so for RemoveAccessible

(process:1907964): dbind-WARNING **: 20:32:04.629: AT-SPI: Unknown signature so for RemoveAccessible
A11Y menu family 1: roles, disabled actions, assistive/keyboard focus, nested activation and removal passed

(process:1907964): dbind-WARNING **: 20:32:04.665: AT-SPI: Unknown signature so for RemoveAccessible

(process:1907964): dbind-WARNING **: 20:32:04.665: AT-SPI: Unknown signature so for RemoveAccessible

(process:1907964): dbind-WARNING **: 20:32:04.665: AT-SPI: Unknown signature so for RemoveAccessible

(process:1907964): dbind-WARNING **: 20:32:04.667: AT-SPI: AddAccessible with unknown signature (so)(so)(so)iiassusau


(process:1907964): dbind-WARNING **: 20:32:04.667: AT-SPI: AddAccessible with unknown signature (so)(so)(so)iiassusau


(process:1907964): dbind-WARNING **: 20:32:04.667: AT-SPI: AddAccessible with unknown signature (so)(so)(so)iiassusau


(process:1907964): dbind-WARNING **: 20:32:04.667: AT-SPI: AddAccessible with unknown signature (so)(so)(so)iiassusau


(process:1907964): dbind-WARNING **: 20:32:04.667: AT-SPI: AddAccessible with unknown signature (so)(so)(so)iiassusau


(process:1907964): dbind-WARNING **: 20:32:04.667: AT-SPI: AddAccessible with unknown signature (so)(so)(so)iiassusau


(process:1907964): dbind-WARNING **: 20:32:04.667: AT-SPI: AddAccessible with unknown signature (so)(so)(so)iiassusau


(process:1907964): dbind-WARNING **: 20:32:04.667: AT-SPI: AddAccessible with unknown signature (so)(so)(so)iiassusau


(process:1907964): dbind-WARNING **: 20:32:04.667: AT-SPI: AddAccessible with unknown signature (so)(so)(so)iiassusau


(process:1907964): dbind-WARNING **: 20:32:05.092: AT-SPI: AddAccessible with unknown signature (so)(so)(so)iiassusau


(process:1907964): dbind-WARNING **: 20:32:05.092: AT-SPI: AddAccessible with unknown signature (so)(so)(so)iiassusau


(process:1907964): dbind-WARNING **: 20:32:05.092: AT-SPI: AddAccessible with unknown signature (so)(so)(so)iiassusau


(process:1907964): dbind-WARNING **: 20:32:05.275: AT-SPI: Unknown signature so for RemoveAccessible

(process:1907964): dbind-WARNING **: 20:32:05.275: AT-SPI: Unknown signature so for RemoveAccessible

(process:1907964): dbind-WARNING **: 20:32:05.275: AT-SPI: Unknown signature so for RemoveAccessible

(process:1907964): dbind-WARNING **: 20:32:05.285: AT-SPI: Unknown signature so for RemoveAccessible

(process:1907964): dbind-WARNING **: 20:32:05.285: AT-SPI: Unknown signature so for RemoveAccessible

(process:1907964): dbind-WARNING **: 20:32:05.285: AT-SPI: Unknown signature so for RemoveAccessible

(process:1907964): dbind-WARNING **: 20:32:05.285: AT-SPI: Unknown signature so for RemoveAccessible

(process:1907964): dbind-WARNING **: 20:32:05.285: AT-SPI: Unknown signature so for RemoveAccessible

(process:1907964): dbind-WARNING **: 20:32:05.285: AT-SPI: Unknown signature so for RemoveAccessible

(process:1907964): dbind-WARNING **: 20:32:05.285: AT-SPI: Unknown signature so for RemoveAccessible

(process:1907964): dbind-WARNING **: 20:32:05.285: AT-SPI: Unknown signature so for RemoveAccessible

(process:1907964): dbind-WARNING **: 20:32:05.285: AT-SPI: Unknown signature so for RemoveAccessible
A11Y menu family 2: roles, disabled actions, assistive/keyboard focus, nested activation and removal passed

(process:1907964): dbind-WARNING **: 20:32:05.351: AT-SPI: AddAccessible with unknown signature (so)(so)(so)iiassusau


(process:1907964): dbind-WARNING **: 20:32:05.351: AT-SPI: AddAccessible with unknown signature (so)(so)(so)iiassusau


(process:1907964): dbind-WARNING **: 20:32:05.351: AT-SPI: AddAccessible with unknown signature (so)(so)(so)iiassusau


(process:1907964): dbind-WARNING **: 20:32:05.351: AT-SPI: AddAccessible with unknown signature (so)(so)(so)iiassusau


(process:1907964): dbind-WARNING **: 20:32:05.351: AT-SPI: AddAccessible with unknown signature (so)(so)(so)iiassusau


(process:1907964): dbind-WARNING **: 20:32:05.351: AT-SPI: AddAccessible with unknown signature (so)(so)(so)iiassusau


(process:1907964): dbind-WARNING **: 20:32:05.351: AT-SPI: AddAccessible with unknown signature (so)(so)(so)iiassusau


(process:1907964): dbind-WARNING **: 20:32:05.351: AT-SPI: AddAccessible with unknown signature (so)(so)(so)iiassusau


(process:1907964): dbind-WARNING **: 20:32:05.351: AT-SPI: AddAccessible with unknown signature (so)(so)(so)iiassusau


(process:1907964): dbind-WARNING **: 20:32:05.485: AT-SPI: AddAccessible with unknown signature (so)(so)(so)iiassusau


(process:1907964): dbind-WARNING **: 20:32:05.485: AT-SPI: AddAccessible with unknown signature (so)(so)(so)iiassusau


(process:1907964): dbind-WARNING **: 20:32:05.485: AT-SPI: AddAccessible with unknown signature (so)(so)(so)iiassusau

A11Y menu family 3: roles, disabled actions, assistive/keyboard focus, nested activation and removal passed

(process:1907964): dbind-WARNING **: 20:32:05.589: AT-SPI: Unknown signature so for RemoveAccessible

(process:1907964): dbind-WARNING **: 20:32:05.589: AT-SPI: Unknown signature so for RemoveAccessible

(process:1907964): dbind-WARNING **: 20:32:05.589: AT-SPI: Unknown signature so for RemoveAccessible

(process:1907964): dbind-WARNING **: 20:32:05.589: AT-SPI: Unknown signature so for RemoveAccessible

(process:1907964): dbind-WARNING **: 20:32:05.589: AT-SPI: Unknown signature so for RemoveAccessible

(process:1907964): dbind-WARNING **: 20:32:05.589: AT-SPI: Unknown signature so for RemoveAccessible

(process:1907964): dbind-WARNING **: 20:32:05.589: AT-SPI: Unknown signature so for RemoveAccessible

(process:1907964): dbind-WARNING **: 20:32:05.589: AT-SPI: Unknown signature so for RemoveAccessible

(process:1907964): dbind-WARNING **: 20:32:05.589: AT-SPI: Unknown signature so for RemoveAccessible

(process:1907964): dbind-WARNING **: 20:32:05.589: AT-SPI: Unknown signature so for RemoveAccessible

(process:1907964): dbind-WARNING **: 20:32:05.589: AT-SPI: Unknown signature so for RemoveAccessible

(process:1907964): dbind-WARNING **: 20:32:05.589: AT-SPI: Unknown signature so for RemoveAccessible

(process:1907964): dbind-WARNING **: 20:32:05.654: AT-SPI: AddAccessible with unknown signature (so)(so)(so)iiassusau


(process:1907964): dbind-WARNING **: 20:32:05.654: AT-SPI: AddAccessible with unknown signature (so)(so)(so)iiassusau


(process:1907964): dbind-WARNING **: 20:32:05.654: AT-SPI: AddAccessible with unknown signature (so)(so)(so)iiassusau


(process:1907964): dbind-WARNING **: 20:32:05.654: AT-SPI: AddAccessible with unknown signature (so)(so)(so)iiassusau


(process:1907964): dbind-WARNING **: 20:32:05.654: AT-SPI: AddAccessible with unknown signature (so)(so)(so)iiassusau


(process:1907964): dbind-WARNING **: 20:32:05.654: AT-SPI: AddAccessible with unknown signature (so)(so)(so)iiassusau


(process:1907964): dbind-WARNING **: 20:32:05.654: AT-SPI: AddAccessible with unknown signature (so)(so)(so)iiassusau


(process:1907964): dbind-WARNING **: 20:32:05.654: AT-SPI: AddAccessible with unknown signature (so)(so)(so)iiassusau


(process:1907964): dbind-WARNING **: 20:32:05.654: AT-SPI: AddAccessible with unknown signature (so)(so)(so)iiassusau


(process:1907964): dbind-WARNING **: 20:32:05.654: AT-SPI: AddAccessible with unknown signature (so)(so)(so)iiassusau


(process:1907964): dbind-WARNING **: 20:32:05.903: AT-SPI: AddAccessible with unknown signature (so)(so)(so)iiassusau


(process:1907964): dbind-WARNING **: 20:32:05.903: AT-SPI: AddAccessible with unknown signature (so)(so)(so)iiassusau


(process:1907964): dbind-WARNING **: 20:32:05.903: AT-SPI: AddAccessible with unknown signature (so)(so)(so)iiassusau


(process:1907964): dbind-WARNING **: 20:32:06.110: AT-SPI: Unknown signature so for RemoveAccessible

(process:1907964): dbind-WARNING **: 20:32:06.110: AT-SPI: Unknown signature so for RemoveAccessible

(process:1907964): dbind-WARNING **: 20:32:06.110: AT-SPI: Unknown signature so for RemoveAccessible

(process:1907964): dbind-WARNING **: 20:32:06.110: AT-SPI: Unknown signature so for RemoveAccessible

(process:1907964): dbind-WARNING **: 20:32:06.110: AT-SPI: Unknown signature so for RemoveAccessible

(process:1907964): dbind-WARNING **: 20:32:06.110: AT-SPI: Unknown signature so for RemoveAccessible

(process:1907964): dbind-WARNING **: 20:32:06.110: AT-SPI: Unknown signature so for RemoveAccessible

(process:1907964): dbind-WARNING **: 20:32:06.110: AT-SPI: Unknown signature so for RemoveAccessible

(process:1907964): dbind-WARNING **: 20:32:06.110: AT-SPI: Unknown signature so for RemoveAccessible

(process:1907964): dbind-WARNING **: 20:32:06.110: AT-SPI: Unknown signature so for RemoveAccessible

(process:1907964): dbind-WARNING **: 20:32:06.110: AT-SPI: Unknown signature so for RemoveAccessible

(process:1907964): dbind-WARNING **: 20:32:06.110: AT-SPI: Unknown signature so for RemoveAccessible

(process:1907964): dbind-WARNING **: 20:32:06.110: AT-SPI: Unknown signature so for RemoveAccessible
A11Y menu family 4: roles, disabled actions, assistive/keyboard focus, nested activation and removal passed

(process:1907964): dbind-WARNING **: 20:32:06.146: AT-SPI: AddAccessible with unknown signature (so)(so)(so)iiassusau


(process:1907964): dbind-WARNING **: 20:32:06.146: AT-SPI: AddAccessible with unknown signature (so)(so)(so)iiassusau


(process:1907964): dbind-WARNING **: 20:32:06.146: AT-SPI: AddAccessible with unknown signature (so)(so)(so)iiassusau


(process:1907964): dbind-WARNING **: 20:32:06.146: AT-SPI: AddAccessible with unknown signature (so)(so)(so)iiassusau


(process:1907964): dbind-WARNING **: 20:32:06.146: AT-SPI: AddAccessible with unknown signature (so)(so)(so)iiassusau


(process:1907964): dbind-WARNING **: 20:32:06.146: AT-SPI: AddAccessible with unknown signature (so)(so)(so)iiassusau


(process:1907964): dbind-WARNING **: 20:32:06.215: AT-SPI: AddAccessible with unknown signature (so)(so)(so)iiassusau


(process:1907964): dbind-WARNING **: 20:32:06.215: AT-SPI: AddAccessible with unknown signature (so)(so)(so)iiassusau


(process:1907964): dbind-WARNING **: 20:32:06.215: AT-SPI: AddAccessible with unknown signature (so)(so)(so)iiassusau


(process:1907964): dbind-WARNING **: 20:32:06.425: AT-SPI: AddAccessible with unknown signature (so)(so)(so)iiassusau


(process:1907964): dbind-WARNING **: 20:32:06.425: AT-SPI: AddAccessible with unknown signature (so)(so)(so)iiassusau

A11Y round 2: simultaneous and successive App isolation, action delivery, exactly-once callbacks and adapter cleanup passed
A11Y 20:32:01.111797 - SPEECH OUTPUT: 'Account preferences accessible label' {'established': False, 'family': {'name': '', 'gender': None, 'lang': 'C', 'dialect': '', 'variant': None}}
A11Y 20:32:01.111826 - SPEECH OUTPUT: 'collapsed button.' {'established': False}
A11Y 20:32:01.284513 - SPEECH OUTPUT: 'Account preferences accessible label' {'established': False, 'family': {'name': '', 'gender': None, 'lang': 'C', 'dialect': '', 'variant': None}}
A11Y 20:32:01.323487 - SPEECH OUTPUT: 'expanded' {'established': False}
A11Y 20:32:01.402985 - SPEECH OUTPUT: 'Nested account entry' {'established': False, 'family': {'name': '', 'gender': None, 'lang': 'C', 'dialect': '', 'variant': None}}
A11Y 20:32:01.462261 - SPEECH OUTPUT: 'Privacy preferences accessible label' {'established': False, 'family': {'name': '', 'gender': None, 'lang': 'C', 'dialect': '', 'variant': None}}
A11Y 20:32:01.462305 - SPEECH OUTPUT: 'collapsed button.' {'established': False}
A11Y 20:32:01.508560 - SPEECH OUTPUT: 'expanded' {'established': False}
A11Y 20:32:01.599452 - SPEECH OUTPUT: 'Account preferences accessible label' {'established': False, 'family': {'name': '', 'gender': None, 'lang': 'C', 'dialect': '', 'variant': None}}
A11Y 20:32:01.599522 - SPEECH OUTPUT: 'collapsed button.' {'established': False}
A11Y 20:32:01.696931 - SPEECH OUTPUT: 'Breadcrumb docs accessible label' {'established': False, 'family': {'name': '', 'gender': None, 'lang': 'C', 'dialect': '', 'variant': None}}
A11Y 20:32:01.746781 - SPEECH OUTPUT: 'Breadcrumb home accessible label' {'established': False, 'family': {'name': '', 'gender': None, 'lang': 'C', 'dialect': '', 'variant': None}}
A11Y 20:32:01.847979 - SPEECH OUTPUT: 'Breadcrumb docs accessible label' {'established': False, 'family': {'name': '', 'gender': None, 'lang': 'C', 'dialect': '', 'variant': None}}
A11Y 20:32:01.906846 - SPEECH OUTPUT: 'Breadcrumb current accessible label' {'established': False, 'family': {'name': '', 'gender': None, 'lang': 'C', 'dialect': '', 'variant': None}}
A11Y 20:32:01.906890 - SPEECH OUTPUT: 'static (Current page)' {'established': False}
A11Y 20:32:02.070910 - SPEECH OUTPUT: 'Independent App action' {'established': False, 'family': {'name': '', 'gender': None, 'lang': 'C', 'dialect': '', 'variant': None}}
A11Y 20:32:02.249214 - SPEECH OUTPUT: 'Background calls 1' {'established': False}
A11Y 20:32:02.263060 - SPEECH OUTPUT: 'pressed' {'established': False}
A11Y 20:32:02.329627 - SPEECH OUTPUT: 'Notification preference' {'established': False, 'family': {'name': '', 'gender': None, 'lang': 'C', 'dialect': '', 'variant': None}}
A11Y 20:32:02.329670 - SPEECH OUTPUT: 'check box partially checked.' {'established': False}
A11Y 20:32:02.380870 - SPEECH OUTPUT: 'checked' {'established': False}
A11Y 20:32:02.441235 - SPEECH OUTPUT: 'not checked' {'established': False}
A11Y 20:32:02.504409 - SPEECH OUTPUT: 'Playback volume' {'established': False, 'family': {'name': '', 'gender': None, 'lang': 'C', 'dialect': '', 'variant': None}}
A11Y 20:32:02.709044 - SPEECH OUTPUT: 'Standard delivery' {'established': False, 'family': {'name': '', 'gender': None, 'lang': 'C', 'dialect': '', 'variant': None}}
A11Y 20:32:02.709073 - SPEECH OUTPUT: 'selected radio button.' {'established': False}
A11Y 20:32:02.787931 - SPEECH OUTPUT: 'Express delivery' {'established': False, 'family': {'name': '', 'gender': None, 'lang': 'C', 'dialect': '', 'variant': None}}
A11Y 20:32:02.787954 - SPEECH OUTPUT: 'not selected radio button.' {'established': False}
A11Y 20:32:02.857304 - SPEECH OUTPUT: 'selected' {'established': False}
A11Y 20:32:03.017402 - SPEECH OUTPUT: 'Named beta' {'established': False, 'family': {'name': '', 'gender': None, 'lang': 'C', 'dialect': '', 'variant': None}}
A11Y 20:32:03.017427 - SPEECH OUTPUT: 'not selected radio button.' {'established': False}
A11Y 20:32:03.945582 - SPEECH OUTPUT: 'selected' {'established': False}
A11Y 20:32:04.185041 - SPEECH OUTPUT: 'Menu file' {'established': False, 'family': {'name': '', 'gender': None, 'lang': 'C', 'dialect': '', 'variant': None}}
A11Y 20:32:04.254328 - SPEECH OUTPUT: 'Enable notifications' {'established': False, 'family': {'name': '', 'gender': None, 'lang': 'C', 'dialect': '', 'variant': None}}
A11Y 20:32:04.254356 - SPEECH OUTPUT: 'check menu item not checked.' {'established': False}
A11Y 20:32:04.342073 - SPEECH OUTPUT: 'Menu file' {'established': False, 'family': {'name': '', 'gender': None, 'lang': 'C', 'dialect': '', 'variant': None}}
A11Y 20:32:04.409300 - SPEECH OUTPUT: 'Enable notifications' {'established': False, 'family': {'name': '', 'gender': None, 'lang': 'C', 'dialect': '', 'variant': None}}
A11Y 20:32:04.409327 - SPEECH OUTPUT: 'check menu item checked.' {'established': False}
A11Y 20:32:04.485728 - SPEECH OUTPUT: 'Recent menu' {'established': False, 'family': {'name': '', 'gender': None, 'lang': 'C', 'dialect': '', 'variant': None}}
A11Y 20:32:04.584670 - SPEECH OUTPUT: 'Recent document.' {'established': False, 'family': {'name': '', 'gender': None, 'lang': 'C', 'dialect': '', 'variant': None}}
A11Y 20:32:04.782044 - SPEECH OUTPUT: 'Enable notifications' {'established': False, 'family': {'name': '', 'gender': None, 'lang': 'C', 'dialect': '', 'variant': None}}
A11Y 20:32:04.782076 - SPEECH OUTPUT: 'check menu item not checked.' {'established': False}
A11Y 20:32:04.988499 - SPEECH OUTPUT: 'checked' {'established': False}
A11Y 20:32:05.092653 - SPEECH OUTPUT: 'Recent menu' {'established': False, 'family': {'name': '', 'gender': None, 'lang': 'C', 'dialect': '', 'variant': None}}
A11Y 20:32:05.198683 - SPEECH OUTPUT: 'Recent document.' {'established': False, 'family': {'name': '', 'gender': None, 'lang': 'C', 'dialect': '', 'variant': None}}
A11Y 20:32:05.227206 - SPEECH OUTPUT: 'expanded' {'established': False}
A11Y 20:32:05.307050 - SPEECH OUTPUT: 'Recent menu' {'established': False, 'family': {'name': '', 'gender': None, 'lang': 'C', 'dialect': '', 'variant': None}}
A11Y 20:32:05.410000 - SPEECH OUTPUT: 'Enable notifications' {'established': False, 'family': {'name': '', 'gender': None, 'lang': 'C', 'dialect': '', 'variant': None}}
A11Y 20:32:05.410032 - SPEECH OUTPUT: 'check menu item not checked.' {'established': False}
A11Y 20:32:05.470222 - SPEECH OUTPUT: 'Recent menu' {'established': False, 'family': {'name': '', 'gender': None, 'lang': 'C', 'dialect': '', 'variant': None}}
A11Y 20:32:05.565440 - SPEECH OUTPUT: 'Recent document.' {'established': False, 'family': {'name': '', 'gender': None, 'lang': 'C', 'dialect': '', 'variant': None}}
A11Y 20:32:05.700487 - SPEECH OUTPUT: 'Enable notifications' {'established': False, 'family': {'name': '', 'gender': None, 'lang': 'C', 'dialect': '', 'variant': None}}
A11Y 20:32:05.700516 - SPEECH OUTPUT: 'check menu item not checked.' {'established': False}
A11Y 20:32:05.810135 - SPEECH OUTPUT: 'checked' {'established': False}
A11Y 20:32:05.901073 - SPEECH OUTPUT: 'Recent menu' {'established': False, 'family': {'name': '', 'gender': None, 'lang': 'C', 'dialect': '', 'variant': None}}
A11Y 20:32:06.016662 - SPEECH OUTPUT: 'Recent document' {'established': False, 'family': {'name': '', 'gender': None, 'lang': 'C', 'dialect': '', 'variant': None}}
A11Y 20:32:06.016700 - SPEECH OUTPUT: 'check menu item not checked.' {'established': False}
A11Y 20:32:06.049874 - SPEECH OUTPUT: 'expanded' {'established': False}
A11Y 20:32:06.140087 - SPEECH OUTPUT: 'Background calls 1' {'established': False}
A11Y 20:32:06.233557 - SPEECH OUTPUT: 'Background calls 1' {'established': False}
A11Y 20:32:06.320391 - SPEECH OUTPUT: 'Account preferences accessible label' {'established': False, 'family': {'name': '', 'gender': None, 'lang': 'C', 'dialect': '', 'variant': None}}
A11Y 20:32:06.320439 - SPEECH OUTPUT: 'collapsed button.' {'established': False}
A11Y 20:32:06.420228 - SPEECH OUTPUT: 'expanded' {'established': False}
A connection to the bus can't be made
