    Finished `test` profile [unoptimized + debuginfo] target(s) in 0.09s
     Running tests/api_residual_refs.rs (target/debug/deps/api_residual_refs-16547e250586f56d)

running 6 tests
test callback_reference_allows_read_and_write_reentry ... 
running 1 test
FAILED
test callback_reference_retains_current_value_across_renders ... FAILED
test forwarded_reference_follows_the_current_parent ... ok
test local_reference_retains_non_send_value_across_renders ... FAILED
test multi_reference_retains_members_across_renders ... FAILED
test shared_reference_retains_value_and_identity_across_renders ... FAILED

failures:

---- callback_reference_allows_read_and_write_reentry stdout ----

thread 'callback_reference_allows_read_and_write_reentry' (1538400) panicked at tests/api_residual_refs.rs:116:13:
callback reference deadlocked during read/write reentry
note: run with `RUST_BACKTRACE=1` environment variable to display a backtrace

---- callback_reference_retains_current_value_across_renders stdout ----

thread 'callback_reference_retains_current_value_across_renders' (1538862) panicked at tests/api_residual_refs.rs:41:5:
assertion `left == right` failed
  left: None
 right: Some("selected")

---- local_reference_retains_non_send_value_across_renders stdout ----

thread 'local_reference_retains_non_send_value_across_renders' (1538864) panicked at tests/api_residual_refs.rs:28:5:
assertion failed: std::rc::Rc::ptr_eq(&value, &second.current())

---- multi_reference_retains_members_across_renders stdout ----

thread 'multi_reference_retains_members_across_renders' (1538865) panicked at tests/api_residual_refs.rs:53:5:
assertion `left == right` failed
  left: 0
 right: 1

---- shared_reference_retains_value_and_identity_across_renders stdout ----

thread 'shared_reference_retains_value_and_identity_across_renders' (1538866) panicked at tests/api_residual_refs.rs:15:5:
assertion `left == right` failed
  left: "replacement initializer"
 right: "retained"


failures:
    callback_reference_allows_read_and_write_reentry
    callback_reference_retains_current_value_across_renders
    local_reference_retains_non_send_value_across_renders
    multi_reference_retains_members_across_renders
    shared_reference_retains_value_and_identity_across_renders

test result: FAILED. 1 passed; 5 failed; 0 ignored; 0 measured; 0 filtered out; finished in 3.00s

error: test failed, to rerun pass `--test api_residual_refs`
