info: ghostty version=1.3.1
info: ghostty build optimize=ReleaseFast
info: runtime=.gtk
info: font_backend=.fontconfig_freetype
info: dependency harfbuzz=12.3.2
info: dependency fontconfig=21701
info: renderer=renderer.generic.Renderer(renderer.OpenGL)
info: libxev default backend=io_uring
info(os_locale): setlocale from env result=C.UTF-8
info(gtk): GTK version build=4.22.1 runtime=4.22.2
info(gtk): libadwaita version build=1.9.0 runtime=1.9.0
info(config): creating template config file: path=/tmp/rtui-image-host-mej8zbb8/config/ghostty/config.ghostty
info(config): config-default-files unset, discarding configuration from default files
info(config): default shell source=env value=/bin/bash
warning(gtk_ghostty_application): setting GDK_DEBUG=
warning(gtk_ghostty_application): setting GDK_DISABLE=gles-api,vulkan
warning(glib): WARNING: Adwaita: The resource style-dark.css is deprecated and shouldn't be used anymore. Use style.css with media queries instead.
warning(glib): WARNING: Adwaita: The resource style-hc.css is deprecated and shouldn't be used anymore. Use style.css with media queries instead.
warning(glib): WARNING: Adwaita: The resource style-hc-dark.css is deprecated and shouldn't be used anymore. Use style.css with media queries instead.
error(glib): CRITICAL: Gtk: Unable to connect to the accessibility bus at 'unix:path=/run/user/1000/at-spi/bus_0,guid=26d384852ec8a90b15ba66bf6a916e0b': Could not connect: No such file or directory
info(opengl): loaded OpenGL 4.5
info(io_exec): found Ghostty resources dir: /usr/share/ghostty
warning(io_exec): shell could not be detected, no automatic shell integration will be injected
warning(gtk_ghostty_application): unimplemented action=.cell_size
info(io_exec): started subcommand path=/home/shawn/workspace2/reactive-tui/target/debug/examples/image_host_probe pid=2047657
LLVM ERROR: Cannot select: 0x5cc41e4f0a20: v4i32,ch = X86ISD::MGATHER<(load unknown-size, align 1)> 0x5cc418725c50, 0x5cc41e4f2ab0, Constant:i32<4>, 0x5cc41e4eef40, 0x5cc41e4f2ce0, TargetConstant:i64<4>
  0x5cc41e4f2ab0: v4i32 = X86ISD::ANDNP 0x5cc41e4bc820, 0x5cc41e4c1a70
    0x5cc41e4bc820: v4i32 = X86ISD::PCMPEQ 0x5cc41e4f2ce0, 0x5cc41e4dcd50
      0x5cc41e4f2ce0: v4i32 = X86ISD::VSRAI 0x5cc41e4f6560, TargetConstant:i8<2>
        0x5cc41e4f6560: v4i32 = X86ISD::VSHLI 0x5cc41e4f2ea0, TargetConstant:i8<2>
          0x5cc41e4f2ea0: v4i32 = add 0x5cc41e4bdf80, 0x5cc41e4ef330
            0x5cc41e4bdf80: v4i32 = mul 0x5cc41e4f3140, 0x5cc41e4f2c70
              0x5cc41e4f3140: v4i32,ch = CopyFromReg 0x5cc418725c50, Register:v4i32 %76
              0x5cc41e4f2c70: v4i32 = AssertZext 0x5cc41e4f1120, ValueType:ch:i16
                0x5cc41e4f1120: v4i32,ch = CopyFromReg 0x5cc418725c50, Register:v4i32 %18
            0x5cc41e4ef330: v4i32,ch = CopyFromReg 0x5cc418725c50, Register:v4i32 %56
      0x5cc41e4dcd50: v4i32 = umax 0x5cc41e4f2ce0, 0x5cc41e4f2dc0
        0x5cc41e4f2ce0: v4i32 = X86ISD::VSRAI 0x5cc41e4f6560, TargetConstant:i8<2>
          0x5cc41e4f6560: v4i32 = X86ISD::VSHLI 0x5cc41e4f2ea0, TargetConstant:i8<2>
            0x5cc41e4f2ea0: v4i32 = add 0x5cc41e4bdf80, 0x5cc41e4ef330
              0x5cc41e4bdf80: v4i32 = mul 0x5cc41e4f3140, 0x5cc41e4f2c70
                0x5cc41e4f3140: v4i32,ch = CopyFromReg 0x5cc418725c50, Register:v4i32 %76
                0x5cc41e4f2c70: v4i32 = AssertZext 0x5cc41e4f1120, ValueType:ch:i16
                  0x5cc41e4f1120: v4i32,ch = CopyFromReg 0x5cc418725c50, Register:v4i32 %18
              0x5cc41e4ef330: v4i32,ch = CopyFromReg 0x5cc418725c50, Register:v4i32 %56
        0x5cc41e4f2dc0: v4i32 = X86ISD::VBROADCAST 0x5cc41e4ecc80
          0x5cc41e4ecc80: i32 = sra 0x5cc41e4dd680, Constant:i8<2>
            0x5cc41e4dd680: i32,ch = load<(load (s32) from %ir.236)> 0x5cc418725c50, 0x5cc41e4f3060, undef:i64
              0x5cc41e4f3060: i64 = add 0x5cc41e4ecba0, Constant:i64<264>
                0x5cc41e4ecba0: i64,ch = CopyFromReg 0x5cc418725c50, Register:i64 %109
    0x5cc41e4c1a70: v4i32 = sign_extend_vector_inreg 0x5cc41e4c0320
      0x5cc41e4c0320: v16i8 = X86ISD::PCMPEQ 0x5cc41e4d5070, 0x5cc41e4f34c0
        0x5cc41e4d5070: v16i8,ch = CopyFromReg 0x5cc418725c50, Register:v16i8 %78
        0x5cc41e4f34c0: v16i8 = BUILD_VECTOR Constant:i8<0>, Constant:i8<0>, Constant:i8<0>, Constant:i8<0>, undef:i8, undef:i8, undef:i8, undef:i8, undef:i8, undef:i8, undef:i8, undef:i8, undef:i8, undef:i8, undef:i8, undef:i8
  0x5cc41e4eef40: i64,ch = load<(load (s64) from %ir.sunkaddr281)> 0x5cc418725c50, 0x5cc41e4f4fa0, undef:i64
    0x5cc41e4f4fa0: i64 = add 0x5cc41e4ecba0, Constant:i64<256>
      0x5cc41e4ecba0: i64,ch = CopyFromReg 0x5cc418725c50, Register:i64 %109
  0x5cc41e4f2ce0: v4i32 = X86ISD::VSRAI 0x5cc41e4f6560, TargetConstant:i8<2>
    0x5cc41e4f6560: v4i32 = X86ISD::VSHLI 0x5cc41e4f2ea0, TargetConstant:i8<2>
      0x5cc41e4f2ea0: v4i32 = add 0x5cc41e4bdf80, 0x5cc41e4ef330
        0x5cc41e4bdf80: v4i32 = mul 0x5cc41e4f3140, 0x5cc41e4f2c70
          0x5cc41e4f3140: v4i32,ch = CopyFromReg 0x5cc418725c50, Register:v4i32 %76
          0x5cc41e4f2c70: v4i32 = AssertZext 0x5cc41e4f1120, ValueType:ch:i16
            0x5cc41e4f1120: v4i32,ch = CopyFromReg 0x5cc418725c50, Register:v4i32 %18
        0x5cc41e4ef330: v4i32,ch = CopyFromReg 0x5cc418725c50, Register:v4i32 %56
In function: fs_variant_partial
