    Finished `test` profile [unoptimized + debuginfo] target(s) in 0.10s
     Running unittests src/lib.rs (target/debug/deps/reactive_tui-1efd57254d425675)
   Compiling reactive-tui v0.0.7 (/home/shawn/workspace2/reactive-tui)
    Finished `test` profile [unoptimized + debuginfo] target(s) in 4.12s
     Running tests/embedded_terminal.rs (target/debug/deps/embedded_terminal-c341eea32e9d3d13)
   Compiling reactive-tui v0.0.7 (/home/shawn/workspace2/reactive-tui)
    Finished `dev` profile [unoptimized + debuginfo] target(s) in 0.84s
Traceback (most recent call last):
  File "/home/shawn/workspace2/reactive-tui/scripts/check-embedded-terminal-pty.py", line 109, in <module>
    probe(binary)
    ~~~~~^^^^^^^^
  File "/home/shawn/workspace2/reactive-tui/scripts/check-embedded-terminal-pty.py", line 77, in probe
    command(b'set -- $(stty size); printf "SIZE_%s_%s" "$1" "$2"', f"SIZE_{rows}_{columns}".encode())
    ~~~~~~~^^^^^^^^^^^^^^^^^^^^^^^^^^^^^^^^^^^^^^^^^^^^^^^^^^^^^^^^^^^^^^^^^^^^^^^^^^^^^^^^^^^^^^^^^^
  File "/home/shawn/workspace2/reactive-tui/scripts/check-embedded-terminal-pty.py", line 63, in command
    expect(marker, offset)
    ~~~~~~^^^^^^^^^^^^^^^^
  File "/home/shawn/workspace2/reactive-tui/scripts/check-embedded-terminal-pty.py", line 57, in expect
    helpers.read_until(master, process, output,
    ~~~~~~~~~~~~~~~~~~^^^^^^^^^^^^^^^^^^^^^^^^^
        lambda data: len(data) > offset and marker.decode() in screen_text(data),
        ^^^^^^^^^^^^^^^^^^^^^^^^^^^^^^^^^^^^^^^^^^^^^^^^^^^^^^^^^^^^^^^^^^^^^^^^^
        f"embedded shell did not produce {marker!r}")
        ^^^^^^^^^^^^^^^^^^^^^^^^^^^^^^^^^^^^^^^^^^^^^
  File "/home/shawn/workspace2/reactive-tui/scripts/check-renderer-pty.py", line 49, in read_until
    assert predicate(output), f"{description}; exit={process.poll()}, tail={bytes(output[-500:])!r}"
           ~~~~~~~~~^^^^^^^^
AssertionError: embedded shell did not produce b'SIZE_12_52'; exit=None, tail=b';0m \x1b[12;43H\x1b[0m\x1b[38;2;255;255;255m\x1b[48;2;0;0;0m \x1b[12;44H\x1b[0m\x1b[38;2;255;255;255m\x1b[48;2;0;0;0m \x1b[12;45H\x1b[0m\x1b[38;2;255;255;255m\x1b[48;2;0;0;0m \x1b[12;46H\x1b[0m\x1b[38;2;255;255;255m\x1b[48;2;0;0;0m \x1b[12;47H\x1b[0m\x1b[38;2;255;255;255m\x1b[48;2;0;0;0m \x1b[12;48H\x1b[0m\x1b[38;2;255;255;255m\x1b[48;2;0;0;0m \x1b[12;49H\x1b[0m\x1b[38;2;255;255;255m\x1b[48;2;0;0;0m \x1b[12;50H\x1b[0m\x1b[38;2;255;255;255m\x1b[48;2;0;0;0m \x1b[12;51H\x1b[0m\x1b[38;2;255;255;255m\x1b[48;2;0;0;0m \x1b[12;52H\x1b[0m\x1b[38;2;255;255;255m\x1b[48;2;0;0;0m \x1b[0m\x1b]12;#ffffff\x07\x1b[0 q\x1b[8;7H\x1b[0m\x1b[?25h\x1b[?2026l'
