    Finished `test` profile [unoptimized + debuginfo] target(s) in 0.10s
     Running unittests src/lib.rs (target/debug/deps/reactive_tui-e9e38f93cee1f718)

running 11 tests
test app::motion::tests::color_transition_has_exact_midpoint_and_stops ... ok
test app::motion::tests::equal_keys_in_separate_apps_have_independent_clocks ... ok
test app::motion::tests::incompatible_css_units_keep_endpoints_and_unknown_styles_report_errors ... ok
test app::motion::tests::interrupted_transition_uses_old_curve_then_new_duration ... ok
test app::motion::tests::keyed_reorder_preserves_animation_phase ... ok
test app::motion::tests::property_sets_keep_names_offsets_and_easing ... ok
test app::motion::tests::rainbow_clock_is_keyed_owned_and_removed ... ok
test app::motion::tests::reduced_motion_releases_clocks_and_applies_static_values_immediately ... ok
test app::motion::tests::removing_a_node_drops_its_clock_and_readding_starts_again ... ok
test app::motion::tests::static_and_zero_duration_borders_do_not_start_a_clock ... ok
test app::motion::tests::style_snapshots_reject_nonfinite_layout_and_paint_numbers ... ok

test result: ok. 11 passed; 0 failed; 0 ignored; 0 measured; 983 filtered out; finished in 0.02s

   Compiling reactive-tui v0.0.7 (/home/shawn/workspace2/reactive-tui)
    Finished `test` profile [unoptimized + debuginfo] target(s) in 1.02s
     Running tests/api_paint_properties.rs (target/debug/deps/api_paint_properties-f669aac5084c4120)

running 28 tests
test a_border_does_not_paint_over_its_transparent_interior ... ok
test builder_gradient_paints_both_endpoints_and_midpoint ... ok
test css_gradient_keeps_the_via_stop ... ok
test css_pulse_schedules_intermediate_frames_without_input ... ok
test empty_and_single_cell_borders_have_defined_sampling ... ok
test explicit_style_properties_reach_layout_and_paint ... ok
test gradient_border_has_visible_edge_colors ... ok
test keyframes_keep_all_named_properties_and_color_alpha ... ok
test matrix_skew_and_separate_scale_axes_reach_the_painter ... ok
test named_size_color_and_unit_properties_reach_layout_and_painting ... ok
test offscreen_translation_clips_whole_wide_graphemes ... ok
test one_cell_gradient_samples_the_midpoint ... ok
test opacity_without_a_background_keeps_the_parent_color ... ok
test partial_stops_extend_the_nearest_color ... ok
test percentage_translation_uses_the_laid_out_box ... ok
test rainbow_borders_cycle_without_input_and_explicit_borders_stay_static ... ok
test registered_component_output_retains_gradient ... ok
test rotated_single_axis_overflow_clips_in_local_coordinates ... ok
test rotation_moves_upright_glyphs_on_the_cell_grid ... ok
test rotation_radians_agree_across_direct_wrapped_and_painted_paths ... ok
test scale_changes_the_painted_box_extent ... ok
test solid_color_control_reaches_the_terminal ... ok
test spin_moves_an_asymmetric_shape_between_scheduled_frames ... ok
test transformed_callbacks_follow_visible_and_clipped_bounds ... ok
test translate_changes_visible_text_position ... ok
test translucent_background_preserves_underlying_wide_graphemes ... ok
test vertical_gradient_uses_rows ... ok
test zero_scale_hides_the_complete_node ... ok

test result: ok. 28 passed; 0 failed; 0 ignored; 0 measured; 0 filtered out; finished in 0.45s

