warning: unused import: `std::os::windows::io::AsRawHandle`
  --> src\core\capabilities.rs:12:5
   |
12 | use std::os::windows::io::AsRawHandle;
   |     ^^^^^^^^^^^^^^^^^^^^^^^^^^^^^^^^^
   |
   = note: `#[warn(unused_imports)]` (part of `#[warn(unused)]`) on by default

warning: variable does not need to be mutable
    --> src\platform\mod.rs:1192:13
     |
1192 |         let mut buffer = [0u8; 8192];
     |             ----^^^^^^
     |             |
     |             help: remove this `mut`
     |
     = note: `#[warn(unused_mut)]` (part of `#[warn(unused)]`) on by default

warning: variable does not need to be mutable
    --> src\platform\mod.rs:1193:13
     |
1193 |         let mut total_read = 0;
     |             ----^^^^^^^^^^
     |             |
     |             help: remove this `mut`

warning: method `serial` is never used
  --> src\event\router.rs:84:19
   |
83 | impl NodeId {
   | ----------- method in this implementation
84 |     pub(crate) fn serial(self) -> usize {
   |                   ^^^^^^
   |
   = note: `#[warn(dead_code)]` (part of `#[warn(unused)]`) on by default

warning: field `parser` is never read
   --> src\platform\mod.rs:479:5
    |
476 | pub struct DirectTty {
    |            --------- field in this struct
...
479 |     parser: parser::EscapeSequenceParser,
    |     ^^^^^^

warning: `reactive-tui` (lib) generated 5 warnings (run `cargo fix --lib -p reactive-tui` to apply 3 suggestions)
    Finished `test` profile [unoptimized + debuginfo] target(s) in 0.35s
     Running tests\api_performance_context.rs (target\debug\deps\api_performance_context-2626175d533a2972.exe)

running 10 tests
test actual_fps_tracks_presentation_cadence_instead_of_render_throughput ... ok
test concurrent_apps_route_worker_mode_requests_only_to_their_owner ... ok
test descendant_provider_overrides_app_performance_context ... ok
test errors_unwinds_and_unrun_drop_close_escaped_mode_setters ... ok
test mode_bursts_keep_latest_request_and_metrics_do_not_redraw_idle_apps ... ok
test nested_app_run_restores_outer_performance_context ... ok
test performance_hooks_keep_slots_when_context_appears_and_owner_closes ... ok
test repeated_mode_effects_and_cleanup_requests_return_to_idle ... ok
test sequential_apps_keep_snapshots_and_closed_setters_isolated ... ok
test standalone_globals_are_not_read_or_written_by_apps ... 
running 1 test
test standalone_globals_are_not_read_or_written_by_apps ... ok

test result: ok. 1 passed; 0 failed; 0 ignored; 0 measured; 9 filtered out; finished in 0.00s

ok

test result: ok. 10 passed; 0 failed; 0 ignored; 0 measured; 0 filtered out; finished in 0.74s

