warning: unused import: `std::os::windows::io::AsRawHandle`
  --> src\core\capabilities.rs:12:5
   |
12 | use std::os::windows::io::AsRawHandle;
   |     ^^^^^^^^^^^^^^^^^^^^^^^^^^^^^^^^^
   |
   = note: `#[warn(unused_imports)]` (part of `#[warn(unused)]`) on by default

warning: variable does not need to be mutable
    --> src\platform\mod.rs:1192:13
     |
1192 |         let mut buffer = [0u8; 8192];
     |             ----^^^^^^
     |             |
     |             help: remove this `mut`
     |
     = note: `#[warn(unused_mut)]` (part of `#[warn(unused)]`) on by default

warning: variable does not need to be mutable
    --> src\platform\mod.rs:1193:13
     |
1193 |         let mut total_read = 0;
     |             ----^^^^^^^^^^
     |             |
     |             help: remove this `mut`

warning: method `serial` is never used
  --> src\event\router.rs:84:19
   |
83 | impl NodeId {
   | ----------- method in this implementation
84 |     pub(crate) fn serial(self) -> usize {
   |                   ^^^^^^
   |
   = note: `#[warn(dead_code)]` (part of `#[warn(unused)]`) on by default

warning: field `parser` is never read
   --> src\platform\mod.rs:479:5
    |
476 | pub struct DirectTty {
    |            --------- field in this struct
...
479 |     parser: parser::EscapeSequenceParser,
    |     ^^^^^^

warning: `reactive-tui` (lib) generated 5 warnings (run `cargo fix --lib -p reactive-tui` to apply 3 suggestions)
    Finished `test` profile [unoptimized + debuginfo] target(s) in 0.37s
     Running tests\api_local_hooks.rs (target\debug\deps\api_local_hooks-35135a5efb1dd771.exe)

running 13 tests
test app_reuses_manual_scope_and_leaves_other_owners_alive ... ok
test app_supplies_scope_for_generated_components_and_closes_on_error_and_unwind ... ok
test cleanup_and_last_clone_drop_release_local_shares ... ok
test cleanup_destructors_can_reenter_another_local_owner ... ok
test foreign_owner_drop_defers_until_creator_sweep_or_exit ... ok
test generated_local_component_can_move_before_its_first_render ... ok
test inner_scope_cleanup_reclaims_outer_owner_without_closing_inner ... ok
test keyed_component_removal_releases_local_values_before_scope_exit ... ok
test local_slots_retain_without_handles_and_isolate_owners ... ok
test local_slots_validate_kind_type_and_generated_count ... ok
test scopes_reject_missing_wrong_thread_and_expired_owners ... ok
test thread_safe_hooks_and_generated_state_remain_send_sync ... ok
test unwinding_releases_scope_but_escaped_handles_keep_ownership ... ok

test result: ok. 13 passed; 0 failed; 0 ignored; 0 measured; 0 filtered out; finished in 0.13s

