test_corrected_fixture (__main__.ValidatorTests.test_corrected_fixture) ... ok
test_every_missing_field_fails (__main__.ValidatorTests.test_every_missing_field_fails) ... ok
test_nonfinite_hidden_cost_and_false_fps_fail (__main__.ValidatorTests.test_nonfinite_hidden_cost_and_false_fps_fail) ... ok
test_software_and_mislabeled_fallback_fail (__main__.ValidatorTests.test_software_and_mislabeled_fallback_fail) ... ok

----------------------------------------------------------------------
Ran 4 tests in 0.000s

OK
RUN python3 -B scripts/test-wgpu-host.py
test_incomplete_frame_after_capture_is_rejected (__main__.FrameSynchronizationTests.test_incomplete_frame_after_capture_is_rejected) ... ok
test_stale_valid_frame_before_resize_loading_cannot_pass (__main__.FrameSynchronizationTests.test_stale_valid_frame_before_resize_loading_cannot_pass) ... ok

----------------------------------------------------------------------
Ran 2 tests in 0.001s

OK
RUN cargo +1.91.0 test --locked -p reactive-tui --features wgpu-graphics --test wgpu_measurement
   Compiling reactive-tui v0.1.0 (/home/shawn/workspace2/reactive-tui)
    Finished `test` profile [unoptimized + debuginfo] target(s) in 0.78s
     Running tests/wgpu_measurement.rs (/tmp/reactive-tui-wgpu.waMUcc/debug/deps/wgpu_measurement-6b3c7588a557109f)

running 1 test
WARNING: radv is not a conformant Vulkan implementation, testing use only.
WARNING: radv is not a conformant Vulkan implementation, testing use only.
test stage_timings_include_gpu_completion_and_cpu_has_no_readback ... ok

test result: ok. 1 passed; 0 failed; 0 ignored; 0 measured; 0 filtered out; finished in 0.07s

RUN cargo +1.91.0 build --locked -p reactive-tui --features wgpu-graphics --example wgpu_benchmark --example widget_catalog
   Compiling reactive-tui v0.1.0 (/home/shawn/workspace2/reactive-tui)
    Finished `dev` profile [unoptimized + debuginfo] target(s) in 0.82s
HOST CAPTURE 60x24 {"path": ".cairn/evidence/captures/wgpu/20260916T203400240389Z-695153/kitty-gpu-60x24.png", "sha256": "44851c2a0de3a9981d215c8dd40b153d8c55e51beca61301e776d79d5e0917b5"}
HOST CAPTURE 144x50 {"path": ".cairn/evidence/captures/wgpu/20260916T203400240389Z-695153/kitty-gpu-144x50.png", "sha256": "6c90b9a9add3c4666e794d955586a652ff49c70d0728e1875866ca91a516e84f"}
HOST CAPTURE 200x60 {"path": ".cairn/evidence/captures/wgpu/20260916T203400240389Z-695153/kitty-gpu-200x60.png", "sha256": "e49190fd7db305eddbb25dc7074dcc3488ca1e4bf52cfcfe21f6581efa784d18"}
HOST CAPTURE 60x24 {"path": ".cairn/evidence/captures/wgpu/20260916T203400240389Z-695153/kitty-gpu-60x24-return.png", "sha256": "e808a1def21a1c651cc9ed3f8c694db8414d733413a872f04dc676fe4e5d446c"}
HOST BENCHMARK 60x24 GPU {"achieved_fps": 33.61382860570586, "adapter": "AMD Radeon AI PRO R9700 (RADV GFX1201)", "comparison_adapter": {"backend": "Vulkan", "hardware": true, "name": "AMD Radeon AI PRO R9700 (RADV GFX1201)"}, "frames": 34, "initialization_and_quality_ms": 67.514252, "mean_ms": {"conversion": 6.259313882352941, "presentation": 21.201129205882353, "readback": 1.3220654411764705, "render": 0.8649382058823532, "total": 29.67977067647059}, "mode": "GPU", "quality": {"description": "Same shaded ray-box and sRGB output; measured floating-point/quantization differences, no CPU wireframe substitute.", "differing_pixels": 2418, "elapsed_seconds": 1, "max_channel_error": 1, "mean_absolute_rgb_error": 0.27997685185185184, "pixels": 2880}, "requested_seconds": 1.0, "sampled_seconds": 1.011488468, "schema": 1, "terminal": {"kitty_pid_present": true, "term": "xterm-kitty", "term_program": ""}, "timing_scope": "Unpaced native backend: allocations and GPU completion; readback copy/map/depadding; styled Elements; layout/paint/ANSI writes. Excludes initialization, App reconciliation, terminal display scanout, and host acknowledgement. In-flight last frame may extend sampling past the requested duration. Demo requests are separately capped at 20 Hz.", "viewport": {"columns": 60, "rows": 24}}
HOST BENCHMARK 60x24 CPU {"achieved_fps": 34.45251172537343, "adapter": "CPU (explicit selection)", "comparison_adapter": {"backend": "Vulkan", "hardware": true, "name": "AMD Radeon AI PRO R9700 (RADV GFX1201)"}, "frames": 35, "initialization_and_quality_ms": 37.178725, "mean_ms": {"conversion": 6.257213142857141, "presentation": 21.654757571428576, "readback": 0.0, "render": 1.050791, "total": 28.968727542857142}, "mode": "CPU", "quality": {"description": "Same shaded ray-box and sRGB output; measured floating-point/quantization differences, no CPU wireframe substitute.", "differing_pixels": 2418, "elapsed_seconds": 1, "max_channel_error": 1, "mean_absolute_rgb_error": 0.27997685185185184, "pixels": 2880}, "requested_seconds": 1.0, "sampled_seconds": 1.015891099, "schema": 1, "terminal": {"kitty_pid_present": true, "term": "xterm-kitty", "term_program": ""}, "timing_scope": "Unpaced native backend: allocations and GPU completion; readback copy/map/depadding; styled Elements; layout/paint/ANSI writes. Excludes initialization, App reconciliation, terminal display scanout, and host acknowledgement. In-flight last frame may extend sampling past the requested duration. Demo requests are separately capped at 20 Hz.", "viewport": {"columns": 60, "rows": 24}}
HOST BENCHMARK 144x50 GPU {"achieved_fps": 10.8772344738145, "adapter": "AMD Radeon AI PRO R9700 (RADV GFX1201)", "comparison_adapter": {"backend": "Vulkan", "hardware": true, "name": "AMD Radeon AI PRO R9700 (RADV GFX1201)"}, "frames": 11, "initialization_and_quality_ms": 64.12129399999999, "mean_ms": {"conversion": 19.185526363636363, "presentation": 70.33349245454545, "readback": 1.4090744545454543, "render": 0.8483464545454545, "total": 91.80777927272727}, "mode": "GPU", "quality": {"description": "Same shaded ray-box and sRGB output; measured floating-point/quantization differences, no CPU wireframe substitute.", "differing_pixels": 12397, "elapsed_seconds": 1, "max_channel_error": 1, "mean_absolute_rgb_error": 0.28703703703703703, "pixels": 14400}, "requested_seconds": 1.0, "sampled_seconds": 1.011286465, "schema": 1, "terminal": {"kitty_pid_present": true, "term": "xterm-kitty", "term_program": ""}, "timing_scope": "Unpaced native backend: allocations and GPU completion; readback copy/map/depadding; styled Elements; layout/paint/ANSI writes. Excludes initialization, App reconciliation, terminal display scanout, and host acknowledgement. In-flight last frame may extend sampling past the requested duration. Demo requests are separately capped at 20 Hz.", "viewport": {"columns": 144, "rows": 50}}
HOST BENCHMARK 144x50 CPU {"achieved_fps": 9.975708670553187, "adapter": "CPU (explicit selection)", "comparison_adapter": {"backend": "Vulkan", "hardware": true, "name": "AMD Radeon AI PRO R9700 (RADV GFX1201)"}, "frames": 10, "initialization_and_quality_ms": 47.916791, "mean_ms": {"conversion": 21.367550100000003, "presentation": 73.9504817, "readback": 0.0, "render": 4.7681281, "total": 100.0933635}, "mode": "CPU", "quality": {"description": "Same shaded ray-box and sRGB output; measured floating-point/quantization differences, no CPU wireframe substitute.", "differing_pixels": 12397, "elapsed_seconds": 1, "max_channel_error": 1, "mean_absolute_rgb_error": 0.28703703703703703, "pixels": 14400}, "requested_seconds": 1.0, "sampled_seconds": 1.002435048, "schema": 1, "terminal": {"kitty_pid_present": true, "term": "xterm-kitty", "term_program": ""}, "timing_scope": "Unpaced native backend: allocations and GPU completion; readback copy/map/depadding; styled Elements; layout/paint/ANSI writes. Excludes initialization, App reconciliation, terminal display scanout, and host acknowledgement. In-flight last frame may extend sampling past the requested duration. Demo requests are separately capped at 20 Hz.", "viewport": {"columns": 144, "rows": 50}}
HOST BENCHMARK 200x60 GPU {"achieved_fps": 7.669310512553424, "adapter": "AMD Radeon AI PRO R9700 (RADV GFX1201)", "comparison_adapter": {"backend": "Vulkan", "hardware": true, "name": "AMD Radeon AI PRO R9700 (RADV GFX1201)"}, "frames": 8, "initialization_and_quality_ms": 66.60134, "mean_ms": {"conversion": 27.705788625, "presentation": 99.833610125, "readback": 1.78337075, "render": 0.86725775, "total": 130.22528}, "mode": "GPU", "quality": {"description": "Same shaded ray-box and sRGB output; measured floating-point/quantization differences, no CPU wireframe substitute.", "differing_pixels": 21123, "elapsed_seconds": 1, "max_channel_error": 1, "mean_absolute_rgb_error": 0.29341666666666666, "pixels": 24000}, "requested_seconds": 1.0, "sampled_seconds": 1.043118542, "schema": 1, "terminal": {"kitty_pid_present": true, "term": "xterm-kitty", "term_program": ""}, "timing_scope": "Unpaced native backend: allocations and GPU completion; readback copy/map/depadding; styled Elements; layout/paint/ANSI writes. Excludes initialization, App reconciliation, terminal display scanout, and host acknowledgement. In-flight last frame may extend sampling past the requested duration. Demo requests are separately capped at 20 Hz.", "viewport": {"columns": 200, "rows": 60}}
HOST BENCHMARK 200x60 CPU {"achieved_fps": 7.553698865187141, "adapter": "CPU (explicit selection)", "comparison_adapter": {"backend": "Vulkan", "hardware": true, "name": "AMD Radeon AI PRO R9700 (RADV GFX1201)"}, "frames": 8, "initialization_and_quality_ms": 53.464769000000004, "mean_ms": {"conversion": 26.259369624999998, "presentation": 98.708190125, "readback": 0.0, "render": 7.241173375, "total": 132.21515250000002}, "mode": "CPU", "quality": {"description": "Same shaded ray-box and sRGB output; measured floating-point/quantization differences, no CPU wireframe substitute.", "differing_pixels": 21123, "elapsed_seconds": 1, "max_channel_error": 1, "mean_absolute_rgb_error": 0.29341666666666666, "pixels": 24000}, "requested_seconds": 1.0, "sampled_seconds": 1.059083787, "schema": 1, "terminal": {"kitty_pid_present": true, "term": "xterm-kitty", "term_program": ""}, "timing_scope": "Unpaced native backend: allocations and GPU completion; readback copy/map/depadding; styled Elements; layout/paint/ANSI writes. Excludes initialization, App reconciliation, terminal display scanout, and host acknowledgement. In-flight last frame may extend sampling past the requested duration. Demo requests are separately capped at 20 Hz.", "viewport": {"columns": 200, "rows": 60}}
HOST MANIFEST {"path": ".cairn/evidence/captures/wgpu/20260916T203400240389Z-695153/host.json", "sha256": "b6c6b8a61e6d9ac56cbc691c3c1137ab865af5942f798b17a20d4eb800d679fe"}
PASS GPU-005: six hardware/CPU reports, separate costs, quality differences, three resized Kitty captures
REVIEW: inspect these host captures before claiming GPU-002 visual acceptance
