DQC-004 compiled test targets:
- advanced_table_test
- alignment_strict_tests
- alignment_utility_tests
- animations_integration
- api_animation_screens
- api_clipboard
- api_component_expansion
- api_dialog_lifecycle
- api_documentation_contract
- api_editor_unicode
- api_event_routing
- api_feature_configurations
- api_focus
- api_gesture_coordinates
- api_hook_lifecycle
- api_hook_state
- api_local_hooks
- api_mouse_hook_routing
- api_paint_properties
- api_performance_context
- api_props_contract
- api_residual_refs
- api_signal_ownership
- api_styling
- api_updater
- api_widget_behavior
- app_wakeups
- arithmetic_boundaries
- automatic_memory_management_tests
- charts_test
- clipboard_platform
- color_more_shades_tests
- color_shades_tests
- color_utility_tests
- component_macro_integration
- component_macro_test
- component_tests
- css_animation_integration_test
- css_in_rust_simple_test
- debug_animate_none
- dqc_003_captured_diagnostics
- element_bridge_tests
- embedded_terminal
- ffi_app_representation
- ffi_basic_test
- ffi_export_inventory
- ffi_tests
- full_pipeline_integration
- layout_paint_tests
- mouse_hooks_test
- opacity_tests
- performance_monitoring_test
- pre_release_terminal_helper_lifecycle
- pre_release_terminal_input_safety
- production_readiness_test
- property_tests
- props_derive_test
- registry_cache_isolation
- registry_concurrency
- render_ops_snapshots
- screen_system_tests
- simple_css_animation_test
- simple_performance_test
- simple_props_test
- suprtui_renderer
- surface_integration
- syntax_highlighting_integration
- test_absolute_debug
- test_absolute_paint
- test_animation_api
- test_app_layout
- test_ffi_core_only
- test_ffi_integration
- test_ffi_reactive_seamless
- test_flex_layout
- test_minimal_ffi
- tokio_event_loop_lifecycle
- utility_paint_tests
- wgpu_animation
- wgpu_graphics
- wgpu_lifecycle
- wgpu_measurement
- widget_catalog_behavior
- windows_platform
- z_index_tests
DQC-004 reachable FFI modules and exports:
- src/ffi/animation.rs
- src/ffi/app.rs
- src/ffi/builder.rs
- src/ffi/component.rs
- src/ffi/controller.rs
- src/ffi/dialog.rs
- src/ffi/dialog/options.rs
- src/ffi/editor.rs
- src/ffi/error.rs
- src/ffi/foreign.rs
- src/ffi/foreign/input.rs
- src/ffi/layout.rs
- src/ffi/lib.rs
- src/ffi/mod.rs
- src/ffi/pointer.rs
- src/ffi/reactive.rs
- src/ffi/render.rs
- src/ffi/stats.rs
- src/ffi/surface.rs
- src/ffi/terminal.rs
- src/ffi/terminal_legacy.rs
- src/ffi/text.rs
- src/ffi/types.rs
- src/ffi/widgets.rs
- src/ffi/animation.rs:113 rtui_animation_manager_create
- src/ffi/animation.rs:132 rtui_animation_manager_destroy
- src/ffi/animation.rs:142 rtui_animation_manager_update
- src/ffi/animation.rs:162 rtui_animation_create
- src/ffi/animation.rs:223 rtui_animation_destroy
- src/ffi/animation.rs:236 rtui_animation_set_property
- src/ffi/animation.rs:283 rtui_animation_manager_add
- src/ffi/animation.rs:316 rtui_animation_manager_remove
- src/ffi/animation.rs:341 rtui_animation_play
- src/ffi/animation.rs:359 rtui_animation_pause
- src/ffi/animation.rs:377 rtui_animation_stop
- src/ffi/animation.rs:395 rtui_animation_is_playing
- src/ffi/animation.rs:416 rtui_animation_get_progress
- src/ffi/animation.rs:441 rtui_animation_create_spring
- src/ffi/app.rs:150 rtui_app_builder_root_element
- src/ffi/app.rs:189 rtui_app_builder_create
- src/ffi/app.rs:211 rtui_app_builder_destroy
- src/ffi/app.rs:224 rtui_app_builder_debug
- src/ffi/app.rs:245 rtui_app_builder_performance_mode
- src/ffi/app.rs:266 rtui_app_builder_backend_debug
- src/ffi/app.rs:293 rtui_app_builder_backend_suprtui
- src/ffi/app.rs:299 rtui_app_builder_backend_crossterm
- src/ffi/app.rs:307 rtui_app_builder_root_component
- src/ffi/app.rs:333 rtui_app_builder_build
- src/ffi/app.rs:360 rtui_app_destroy
- src/ffi/app.rs:372 rtui_app_run
- src/ffi/app.rs:392 rtui_app_quit
- src/ffi/app.rs:406 rtui_app_get_size
- src/ffi/app.rs:426 rtui_app_set_performance_mode
- src/ffi/app.rs:445 rtui_app_get_current_fps
- src/ffi/app.rs:464 rtui_app_get_performance_metrics
- src/ffi/builder.rs:80 rtui_element_builder_div
- src/ffi/builder.rs:96 rtui_element_builder_span
- src/ffi/builder.rs:113 rtui_element_builder_button
- src/ffi/builder.rs:135 rtui_element_builder_add_class
- src/ffi/builder.rs:163 rtui_element_builder_set_text
- src/ffi/builder.rs:188 rtui_element_builder_set_key
- src/ffi/builder.rs:213 rtui_element_builder_add_child
- src/ffi/builder.rs:237 rtui_element_builder_build
- src/ffi/builder.rs:260 rtui_element_builder_destroy
- src/ffi/builder.rs:270 rtui_element_destroy
- src/ffi/builder.rs:282 rtui_div
- src/ffi/builder.rs:288 rtui_span
- src/ffi/builder.rs:294 rtui_button
- src/ffi/builder.rs:324 rtui_p
- src/ffi/builder.rs:330 rtui_h1
- src/ffi/builder.rs:336 rtui_h2
- src/ffi/builder.rs:342 rtui_h3
- src/ffi/builder.rs:348 rtui_element_builder_class
- src/ffi/builder.rs:357 rtui_element_builder_text
- src/ffi/builder.rs:366 rtui_element_builder_key
- src/ffi/builder.rs:375 rtui_element_builder_child
- src/ffi/builder.rs:415 rtui_element_builder_children
- src/ffi/builder.rs:434 rtui_element_text
- src/ffi/builder.rs:443 rtui_element_empty
- src/ffi/builder.rs:449 rtui_card
- src/ffi/builder.rs:470 rtui_free_string
- src/ffi/component.rs:44 rtui_element_create_component
- src/ffi/component.rs:66 rtui_element_create_text
- src/ffi/component.rs:88 rtui_element_create_layout
- src/ffi/component.rs:115 rtui_element_create_fragment
- src/ffi/component.rs:134 rtui_element_create_empty
- src/ffi/component.rs:153 rtui_element_set_key
- src/ffi/component.rs:178 rtui_element_set_class
- src/ffi/component.rs:203 rtui_element_add_child
- src/ffi/component.rs:232 rtui_element_get_type
- src/ffi/component.rs:260 rtui_element_get_key
- src/ffi/component.rs:287 rtui_element_get_class
- src/ffi/component.rs:314 rtui_element_get_child_count
- src/ffi/component.rs:335 rtui_element_get_child
- src/ffi/component.rs:364 rtui_element_get_component_name
- src/ffi/component.rs:391 rtui_element_get_text_content
- src/ffi/dialog.rs:30 rtui_dialog_engine_create
- src/ffi/dialog.rs:42 rtui_dialog_engine_destroy
- src/ffi/dialog.rs:54 rtui_dialog_engine_element
- src/ffi/dialog.rs:68 rtui_dialog_engine_open
- src/ffi/dialog.rs:89 rtui_dialog_engine_update
- src/ffi/dialog.rs:104 rtui_dialog_engine_close
- src/ffi/dialog.rs:123 rtui_dialog_engine_take_event
- src/ffi/editor.rs:25 rtui_text_editor_create
- src/ffi/editor.rs:40 rtui_text_editor_destroy
- src/ffi/editor.rs:48 rtui_text_editor_set_content
- src/ffi/editor.rs:61 rtui_text_editor_get_content_owned
- src/ffi/editor.rs:73 rtui_text_editor_insert_text
- src/ffi/editor.rs:86 rtui_text_editor_delete
- src/ffi/editor.rs:104 rtui_text_editor_move
- src/ffi/editor.rs:132 rtui_text_editor_set_size
- src/ffi/editor.rs:154 rtui_text_editor_set_show_line_numbers
- src/ffi/editor.rs:168 rtui_text_editor_element
- src/ffi/foreign.rs:203 rtui_foreign_component_create
- src/ffi/foreign.rs:236 rtui_foreign_component_destroy
- src/ffi/foreign.rs:253 rtui_foreign_component_element
- src/ffi/foreign.rs:267 rtui_foreign_component_render
- src/ffi/foreign.rs:281 rtui_foreign_component_dispatch
- src/ffi/foreign.rs:331 rtui_foreign_component_get_props
- src/ffi/foreign.rs:341 rtui_foreign_component_get_state
- src/ffi/foreign.rs:351 rtui_foreign_component_set_props
- src/ffi/foreign.rs:361 rtui_foreign_component_set_state
- src/ffi/foreign.rs:372 rtui_element_set_focus
- src/ffi/foreign.rs:393 rtui_foreign_component_last_error
- src/ffi/layout.rs:18 rtui_native_style_create
- src/ffi/layout.rs:38 rtui_native_style_apply
- src/ffi/layout.rs:54 rtui_native_style_destroy
- src/ffi/lib.rs:77 createRenderer
- src/ffi/lib.rs:99 destroyRenderer
- src/ffi/lib.rs:141 setBackgroundColor
- src/ffi/lib.rs:155 render
- src/ffi/lib.rs:170 resizeRenderer
- src/ffi/lib.rs:185 createOptimizedBuffer
- src/ffi/lib.rs:211 destroyOptimizedBuffer
- src/ffi/lib.rs:226 getBufferWidth
- src/ffi/lib.rs:237 getBufferHeight
- src/ffi/lib.rs:248 bufferClear
- src/ffi/lib.rs:260 bufferDrawText
- src/ffi/lib.rs:306 bufferSetCellWithAlphaBlending
- src/ffi/lib.rs:339 bufferFillRect
- src/ffi/lib.rs:384 bufferGetCharPtr
- src/ffi/lib.rs:402 bufferReleaseCharPtr
- src/ffi/lib.rs:420 bufferGetFgPtr
- src/ffi/lib.rs:444 bufferReleaseFgPtr
- src/ffi/lib.rs:462 bufferGetBgPtr
- src/ffi/lib.rs:486 bufferReleaseBgPtr
- src/ffi/lib.rs:504 bufferGetAttributesPtr
- src/ffi/lib.rs:526 bufferReleaseAttrPtr
- src/ffi/lib.rs:536 bufferGetRespectAlpha
- src/ffi/lib.rs:551 bufferSetRespectAlpha
- src/ffi/lib.rs:573 bufferResize
- src/ffi/lib.rs:620 renderSurfaceToTerminal
- src/ffi/lib.rs:673 renderTextToTerminal
- src/ffi/lib.rs:719 renderWithStats
- src/ffi/mod.rs:183 rtui_version
- src/ffi/mod.rs:206 rtui_init
- src/ffi/mod.rs:213 rtui_cleanup
- src/ffi/reactive.rs:349 rtui_signal_string_create
- src/ffi/reactive.rs:375 rtui_signal_int_create
- src/ffi/reactive.rs:394 rtui_signal_float_create
- src/ffi/reactive.rs:413 rtui_signal_bool_create
- src/ffi/reactive.rs:432 rtui_signal_destroy
- src/ffi/reactive.rs:438 rtui_signal_string_get
- src/ffi/reactive.rs:464 rtui_signal_string_set
- src/ffi/reactive.rs:486 rtui_signal_int_get
- src/ffi/reactive.rs:503 rtui_signal_int_set
- src/ffi/reactive.rs:517 rtui_signal_float_get
- src/ffi/reactive.rs:534 rtui_signal_float_set
- src/ffi/reactive.rs:548 rtui_signal_bool_get
- src/ffi/reactive.rs:565 rtui_signal_bool_set
- src/ffi/reactive.rs:579 rtui_thread_safe_signal_string_create
- src/ffi/reactive.rs:605 rtui_thread_safe_signal_destroy
- src/ffi/reactive.rs:615 rtui_thread_safe_signal_string_get
- src/ffi/reactive.rs:641 rtui_thread_safe_signal_string_set
- src/ffi/reactive.rs:663 rtui_effect_create
- src/ffi/reactive.rs:686 rtui_effect_destroy
- src/ffi/reactive.rs:706 rtui_effect_run
- src/ffi/reactive.rs:729 rtui_signal_new_int
- src/ffi/reactive.rs:742 rtui_signal_new_string
- src/ffi/reactive.rs:762 rtui_signal_new_bool
- src/ffi/reactive.rs:775 rtui_signal_new_float
- src/ffi/reactive.rs:788 rtui_signal_get_int
- src/ffi/reactive.rs:804 rtui_signal_set_int
- src/ffi/reactive.rs:818 rtui_signal_get_string_owned
- src/ffi/reactive.rs:836 rtui_signal_set_string_new
- src/ffi/reactive.rs:855 rtui_signal_get_bool_new
- src/ffi/reactive.rs:871 rtui_signal_set_bool_new
- src/ffi/reactive.rs:885 rtui_signal_get_float_new
- src/ffi/reactive.rs:901 rtui_signal_set_float_new
- src/ffi/reactive.rs:915 rtui_signal_destroy_new
- src/ffi/reactive.rs:925 rtui_string_free
- src/ffi/reactive.rs:981 rtui_hooks_new
- src/ffi/reactive.rs:994 rtui_hooks_destroy
- src/ffi/reactive.rs:1004 rtui_use_signal_int
- src/ffi/reactive.rs:1030 rtui_use_signal_string
- src/ffi/reactive.rs:1063 rtui_use_signal_bool
- src/ffi/render.rs:10 rtui_renderer_create
- src/ffi/render.rs:45 rtui_renderer_destroy
- src/ffi/render.rs:59 rtui_renderer_resize
- src/ffi/render.rs:84 rtui_renderer_clear
- src/ffi/render.rs:114 rtui_renderer_frame
- src/ffi/render.rs:141 rtui_renderer_get_surface
- src/ffi/render.rs:165 rtui_renderer_shutdown
- src/ffi/stats.rs:15 updateStats
- src/ffi/stats.rs:38 updateMemoryStats
- src/ffi/stats.rs:59 setRenderOffset
- src/ffi/stats.rs:98 setDebugOverlay
- src/ffi/stats.rs:120 addToHitGrid
- src/ffi/stats.rs:144 checkHit
- src/ffi/stats.rs:167 dumpHitGrid
- src/ffi/stats.rs:196 dumpBuffers
- src/ffi/stats.rs:222 dumpStdoutBuffer
- src/ffi/stats.rs:260 setLogCallback
- src/ffi/stats.rs:348 startProfiling
- src/ffi/stats.rs:367 stopProfiling
- src/ffi/stats.rs:401 getFrameStats
- src/ffi/stats.rs:436 resetPerformanceCounters
- src/ffi/surface.rs:11 rtui_surface_create
- src/ffi/surface.rs:47 rtui_surface_destroy
- src/ffi/surface.rs:66 rtui_surface_get_dimensions
- src/ffi/surface.rs:94 rtui_surface_clear
- src/ffi/surface.rs:126 rtui_surface_set_cell
- src/ffi/surface.rs:188 rtui_surface_get_cell
- src/ffi/surface.rs:237 rtui_surface_draw_text
- src/ffi/surface.rs:309 rtui_surface_fill_rect
- src/ffi/terminal.rs:58 createTerminal
- src/ffi/terminal.rs:80 destroyTerminal
- src/ffi/terminal.rs:97 setupTerminal
- src/ffi/terminal.rs:119 clearTerminal
- src/ffi/terminal.rs:131 getTerminalCapabilities
- src/ffi/terminal.rs:160 processCapabilityResponse
- src/ffi/terminal.rs:192 setCursorPosition
- src/ffi/terminal.rs:216 setCursorStyle
- src/ffi/terminal.rs:272 setCursorColor
- src/ffi/terminal.rs:292 setTerminalTitle
- src/ffi/terminal.rs:320 enableMouse
- src/ffi/terminal.rs:337 disableMouse
- src/ffi/terminal.rs:352 enableKittyKeyboard
- src/ffi/terminal.rs:366 disableKittyKeyboard
- src/ffi/terminal_legacy.rs:12 rtui_terminal_create
- src/ffi/terminal_legacy.rs:37 rtui_terminal_destroy
- src/ffi/terminal_legacy.rs:43 rtui_terminal_get_dimensions
- src/ffi/terminal_legacy.rs:67 rtui_terminal_sync
- src/ffi/terminal_legacy.rs:166 rtui_terminal_poll_event
- src/ffi/text.rs:84 createTextBuffer
- src/ffi/text.rs:102 destroyTextBuffer
- src/ffi/text.rs:117 textBufferGetCharPtr
- src/ffi/text.rs:128 textBufferGetLength
- src/ffi/text.rs:139 textBufferGetCapacity
- src/ffi/text.rs:150 textBufferResize
- src/ffi/text.rs:179 textBufferReset
- src/ffi/text.rs:201 textBufferWriteChunk
- src/ffi/text.rs:267 textBufferSetSelection
- src/ffi/text.rs:297 renderTextBufferToSurface
- src/ffi/text.rs:378 renderTextBufferToRenderer
- src/ffi/text.rs:465 renderTextBufferDirect
- src/ffi/text.rs:483 textBufferResetSelection
- src/ffi/text.rs:497 textBufferGetSelectionInfo
- src/ffi/text.rs:516 textBufferSetDefaultFg
- src/ffi/text.rs:532 textBufferSetDefaultBg
- src/ffi/text.rs:548 textBufferSetDefaultAttributes
- src/ffi/text.rs:564 textBufferResetDefaults
- src/ffi/widgets.rs:15 rtui_text_input_create
- src/ffi/widgets.rs:51 rtui_checkbox_create
- src/ffi/widgets.rs:88 rtui_progress_bar_create
- src/ffi/widgets.rs:131 rtui_button_create
- src/ffi/widgets.rs:159 rtui_text_element_create
DQC-004 audited hooks: none unsafe in shipped code
DQC-004 mutation results:
- utility_paint_tests::parse_px_accepts_px_suffix_and_raw: original passed; assertion mutant failed
- production_readiness_test::test_effect_cleanup: original passed; assertion mutant failed
DQC-004 passed: test targets, FFI reachability, hooks, and observable assertions are sound.
