   Compiling syn v2.0.106
   Compiling phf_shared v0.13.1
    Checking num-traits v0.2.19
    Checking hashbrown v0.17.1
    Checking arrayvec v0.7.6
    Checking regex-automata v0.4.10
    Checking deranged v0.5.8
    Checking crossbeam-epoch v0.9.20
    Checking quick-xml v0.42.0
   Compiling thiserror-impl v2.0.20
    Checking half v2.6.0
    Checking clap_builder v4.5.46
    Checking vte v0.15.0
    Checking crossbeam-deque v0.8.6
    Checking taffy v0.13.0
   Compiling phf_generator v0.13.1
    Checking ciborium-ll v0.2.2
    Checking indexmap v2.14.2
    Checking image v0.25.6
    Checking thiserror v2.0.20
    Checking rayon-core v1.13.0
    Checking rustc-hash v2.1.3
   Compiling reactive-tui v0.1.0 (/home/shawn/workspace2/reactive-tui)
    Checking vt100 v0.16.2
   Compiling phf_codegen v0.13.1
    Checking taffy v0.9.2
    Checking time v0.3.47
    Checking fancy-regex v0.16.2
    Checking regex v1.11.2
    Checking clap v4.5.46
    Checking ciborium v0.2.2
    Checking accesskit_consumer v0.39.0
   Compiling comrak v0.55.0
    Checking plotters v0.3.7
    Checking lru v0.18.4
    Checking rayon v1.11.0
    Checking rand v0.9.3
    Checking reactive-tui-suprtui v0.1.0 (/home/shawn/workspace2/reactive-tui/src/backend/engine)
    Checking plist v1.10.1
   Compiling enumflags2_derive v0.7.12
   Compiling tracing-attributes v0.1.31
   Compiling async-recursion v1.1.1
   Compiling futures-macro v0.3.31
   Compiling derive_more-impl v2.0.1
   Compiling phf_macros v0.13.1
   Compiling tokio-macros v2.5.0
   Compiling serial_test_derive v3.5.0
   Compiling reactive-tui-macros v0.1.0 (/home/shawn/workspace2/reactive-tui/reactive-tui-macros)
   Compiling enumflags2 v0.7.12
    Checking futures-util v0.3.31
    Checking derive_more v2.0.1
    Checking phf v0.13.1
    Checking tokio v1.47.1
    Checking tracing v0.1.44
    Checking proptest v1.7.0
    Checking criterion v0.5.1
    Checking reactive-tui-crossterm v0.1.0 (/home/shawn/workspace2/reactive-tui/src/backend/crossterm)
   Compiling zvariant v5.15.0
    Checking syntect v5.3.0
    Checking futures-executor v0.3.31
    Checking zbus_names v4.3.4
    Checking serial_test v3.5.0
    Checking zbus_xml v5.2.1
   Compiling zbus_macros v5.19.0
    Checking zbus-lockstep v0.5.2
    Checking zbus v5.19.0
   Compiling zbus-lockstep-macros v0.5.2
    Checking atspi-common v0.13.0
    Checking atspi-proxies v0.13.0
    Checking atspi v0.29.0
    Finished `dev` profile [unoptimized + debuginfo] target(s) in 31.79s
