............
----------------------------------------------------------------------
Ran 12 tests in 0.010s

OK
    Finished `test` profile [unoptimized] target(s) in 0.13s
     Running tests/api_clipboard.rs (/tmp/reactive-tui-wgpu.waMUcc/dqc004/default/debug/deps/api_clipboard-b0c9637e99af5b8f)

running 13 tests
test cleanup_cancels_owned_child ... ok
test copy_has_deadline ... ok
test copy_nonzero_is_error ... ok
test detection_does_not_spawn_which ... ok
test dropping_hook_owner_prevents_new_commands ... ok
test failed_copy_retains_last_successful_cache ... ok
test inherited_output_handles_do_not_block ... ok
test invalid_utf8_is_error ... ok
test missing_backend_is_error ... ok
test oversized_output_is_error ... ok
test paste_has_deadline ... ok
test paste_nonzero_is_error ... ok
test unicode_roundtrip_retains_newlines ... ok

test result: ok. 13 passed; 0 failed; 0 ignored; 0 measured; 0 filtered out; finished in 4.31s

    Finished `test` profile [unoptimized] target(s) in 0.18s
     Running unittests src/lib.rs (/tmp/reactive-tui-wgpu.waMUcc/dqc004/default/debug/deps/reactive_tui-ee3dccb78368cb88)

running 3 tests
test hooks::clipboard_process::tests::cancellation_kills_and_reaps_child ... ok
test hooks::clipboard_process::tests::deadline_kills_and_reaps_child ... ok
test hooks::clipboard_process::tests::sleeping_child_fixture ... ignored, child fixture invoked only by the process lifecycle tests

test result: ok. 2 passed; 0 failed; 1 ignored; 0 measured; 1061 filtered out; finished in 2.01s

All five clipboard backends have current native platform evidence
