...........
----------------------------------------------------------------------
Ran 11 tests in 0.000s

OK
    Finished `test` profile [unoptimized + debuginfo] target(s) in 0.08s
     Running tests/widget_catalog_behavior.rs (/tmp/reactive-tui-wgpu.waMUcc/debug/deps/widget_catalog_behavior-64fe297e0385f367)

running 14 tests
test catalog_exposes_the_complete_page_order ... ok
test advertised_quit_keys_request_normal_app_exit ... ok
test number_keys_jump_to_the_displayed_page ... ok
test animation_waits_for_its_deadline_and_skips_missed_frames ... ok
test page_navigation_wraps_in_both_directions ... ok
test navigation_changes_at_the_eighty_column_breakpoint ... ok
test released_quit_keys_and_plain_letters_do_not_exit ... ok
test dialogs_are_live_and_separately_reachable ... ok
test every_page_renders_a_focused_stage ... ok
test cube_frames_are_distinct_and_bounded ... ok
test compact_and_wide_navigation_paint_every_shortcut_after_resize ... ok
test table_has_representative_rows_and_logo_is_decodable ... ok
test context_and_popup_menus_are_visible_when_selected ... ok
test live_dialogs_switch_through_real_app_input ... ok

test result: ok. 14 passed; 0 failed; 0 ignored; 0 measured; 0 filtered out; finished in 0.42s

    Finished `dev` profile [unoptimized + debuginfo] target(s) in 0.08s
   Compiling reactive-tui v0.1.0 (/home/shawn/workspace2/reactive-tui)
    Finished `dev` profile [unoptimized + debuginfo] target(s) in 0.74s
CATALOG FRAME d9a98e97bde7924eea0255fe07e85ffd3bae135011a6af4083d6399c28806a4c
CATALOG FRAME e85a1803516ca3938a8ecc3856f8be10ac2b8be86f51dbced0852cacab513cce
CTRL_Q EXIT 0
CATALOG FRAME d9a98e97bde7924eea0255fe07e85ffd3bae135011a6af4083d6399c28806a4c
CATALOG FRAME e85a1803516ca3938a8ecc3856f8be10ac2b8be86f51dbced0852cacab513cce
CTRL_C EXIT 0
CATALOG FRAME 7d65d87c475595f6f3dddf9f6827f37a475df5431a8d3501f7823d88e3a8e510
CATALOG FRAME d9a98e97bde7924eea0255fe07e85ffd3bae135011a6af4083d6399c28806a4c
ESCAPE EXIT 0
PASS CAT-002: catalog requirement checks passed
