...........
----------------------------------------------------------------------
Ran 11 tests in 0.000s

OK
..
----------------------------------------------------------------------
Ran 2 tests in 0.017s

OK
    Finished `test` profile [unoptimized + debuginfo] target(s) in 0.09s
     Running tests/widget_catalog_behavior.rs (/tmp/reactive-tui-wgpu.waMUcc/debug/deps/widget_catalog_behavior-64fe297e0385f367)

running 21 tests
test catalog_exposes_the_complete_page_order ... ok
test advertised_quit_keys_request_normal_app_exit ... ok
test animation_waits_for_its_deadline_and_skips_missed_frames ... ok
test dialogs_are_live_and_separately_reachable ... ok
test number_keys_jump_to_the_displayed_page ... ok
test navigation_changes_at_the_eighty_column_breakpoint ... ok
test layout_page_mounts_a_real_four_column_span_grid ... ok
test page_navigation_wraps_in_both_directions ... ok
test released_quit_keys_and_plain_letters_do_not_exit ... ok
test page_scroll_view_uses_the_terminal_stage_not_default_dimensions ... ok
test every_page_renders_a_focused_stage ... ok
test cube_frames_are_distinct_and_bounded ... ok
test sized_cube_frames_are_bounded_and_change_only_with_time ... ok
test compact_and_wide_navigation_paint_every_shortcut_after_resize ... ok
test table_has_representative_rows_and_logo_is_decodable ... ok
test overview_coverage_wraps_and_navigation_entries_do_not_stretch ... ok
test both_layout_example_columns_are_visible_and_compact ... ok
test default_motion_canvas_tracks_the_terminal_and_uses_subcell_strokes ... ok
test colored_column_spans_have_native_cell_geometry_at_each_viewport ... ok
test context_and_popup_menus_are_visible_when_selected ... ok
test live_dialogs_switch_through_real_app_input ... ok

test result: ok. 21 passed; 0 failed; 0 ignored; 0 measured; 0 filtered out; finished in 0.43s

   Compiling reactive-tui v0.1.0 (/home/shawn/workspace2/reactive-tui)
    Finished `dev` profile [unoptimized + debuginfo] target(s) in 0.77s
CATALOG HOST CAPTURE {"path": ".cairn/evidence/captures/catalog/20260916T210952821244Z-990798/kitty-overview-60x24.png", "sha256": "9f93aeb7e9d75fda2760a4735a312655f5bb62ecebd0dde5c4d8a9d0003ad2ba"}
CATALOG HOST CAPTURE {"path": ".cairn/evidence/captures/catalog/20260916T210952821244Z-990798/kitty-layout-60x24.png", "sha256": "d5e7c00ba3fac4124c27d54e63929c043b7296902b492f96a5452f2940e91573"}
CATALOG HOST CAPTURE {"path": ".cairn/evidence/captures/catalog/20260916T210952821244Z-990798/kitty-overview-144x50.png", "sha256": "e8c3b64014f5e0cd842716cd7a0837b12bc3bafb6dda676de62fa8f20f27a83d"}
CATALOG HOST CAPTURE {"path": ".cairn/evidence/captures/catalog/20260916T210952821244Z-990798/kitty-layout-144x50.png", "sha256": "def869e5bb278c55076a119b465cd3c5f0f91839dc2aea2535c613f28504c197"}
CATALOG HOST CAPTURE {"path": ".cairn/evidence/captures/catalog/20260916T210952821244Z-990798/kitty-overview-200x60.png", "sha256": "3dbc98467bc12ee4ca7912bba07a3cc515d657541591335e73dcbf0384d181fb"}
CATALOG HOST CAPTURE {"path": ".cairn/evidence/captures/catalog/20260916T210952821244Z-990798/kitty-layout-200x60.png", "sha256": "2ff754d8fb919c2aec7b731e115d8788320d6123cf8bf0a493904da0f4f705fa"}
CATALOG HOST CAPTURE {"path": ".cairn/evidence/captures/catalog/20260916T210952821244Z-990798/kitty-overview-60x24-return.png", "sha256": "241f5829728657a0bf4f22df652a9a6d79d994979bf03ac9b894a8e39833e90c"}
CATALOG HOST CAPTURE {"path": ".cairn/evidence/captures/catalog/20260916T210952821244Z-990798/kitty-layout-60x24-return.png", "sha256": "b3fbea38b72328fa8112c4ccccdce283dbc34691ac541f988dd7a955bd4fe728"}
CATALOG HOST MANIFEST {"path": ".cairn/evidence/captures/catalog/20260916T210952821244Z-990798/host.json", "sha256": "ecd949f7b5972baec53ccd8a18c45e912e0adcd7ebbc9d58bb48b3a92a83ced0"}
REVIEW: inspect actual PNGs; text readiness does not prove visual quality
PASS CAT-001: catalog requirement checks passed
