+ /home/linuxbrew/.linuxbrew/opt/python@3.14/bin/python3.14 -B /home/shawn/workspace2/reactive-tui/verification/api-entry-points/check-harness.py
PASS terminal harness pty-raw-leak
PASS terminal harness eof
PASS terminal harness raw-leak
PASS terminal harness never-drained
PASS terminal harness pty
Terminal harness captures: /home/shawn/workspace2/reactive-tui/.cairn/reviews/api-entry-points/harness-20260918T174713998217Z
TERMINAL_HARNESS_OK
+ cargo test --locked --manifest-path src/backend/crossterm/Cargo.toml --lib --features event-stream readiness_tests -- --test-threads=1
   Compiling pin-project-lite v0.2.16
   Compiling proc-macro2 v1.0.101
   Compiling futures-core v0.3.31
   Compiling unicode-ident v1.0.18
   Compiling libc v0.2.189
   Compiling autocfg v1.5.0
   Compiling futures-io v0.3.31
   Compiling parking v2.2.1
   Compiling crossbeam-utils v0.8.21
   Compiling cfg-if v1.0.3
   Compiling slab v0.4.11
   Compiling value-bag v1.14.1
   Compiling fastrand v2.3.0
   Compiling log v0.4.34
   Compiling parking_lot_core v0.9.11
   Compiling memchr v2.7.5
   Compiling rustix v1.1.4
   Compiling linux-raw-sys v0.12.1
   Compiling bitflags v2.11.0
   Compiling concurrent-queue v2.5.0
   Compiling event-listener v5.4.2
   Compiling lock_api v0.4.13
   Compiling smallvec v1.15.1
   Compiling scopeguard v1.2.0
   Compiling futures-lite v2.6.1
   Compiling pin-utils v0.1.0
   Compiling futures-sink v0.3.31
   Compiling event-listener-strategy v0.5.4
   Compiling async-io v2.6.0
   Compiling futures-task v0.3.31
   Compiling futures-channel v0.3.31
   Compiling serde_core v1.0.229
   Compiling async-task v4.7.1
   Compiling atomic-waker v1.1.2
   Compiling async-channel v2.5.0
   Compiling signal-hook-registry v1.4.6
   Compiling unicode-segmentation v1.13.3
   Compiling once_cell v1.21.3
   Compiling signal-hook v0.3.18
   Compiling piper v0.2.5
   Compiling serde v1.0.229
   Compiling async-executor v1.14.0
   Compiling async-lock v3.4.2
   Compiling mio v1.0.4
   Compiling quote v1.0.40
   Compiling parking_lot v0.12.4
   Compiling event-listener v2.5.3
   Compiling serde_json v1.0.143
   Compiling socket2 v0.6.0
   Compiling async-channel v1.9.0
   Compiling kv-log-macro v1.0.7
   Compiling blocking v1.7.0
   Compiling litrs v0.4.2
   Compiling convert_case v0.7.1
   Compiling ryu v1.0.20
   Compiling polling v3.11.0
   Compiling bytes v1.11.1
   Compiling itoa v1.0.15
   Compiling syn v2.0.106
   Compiling temp-env v0.3.6
   Compiling futures-timer v3.0.4
   Compiling document-features v0.2.11
   Compiling signal-hook-mio v0.2.4
   Compiling futures-macro v0.3.31
   Compiling tokio-macros v2.5.0
   Compiling derive_more-impl v2.0.1
   Compiling serial_test_derive v3.5.0
   Compiling async-global-executor v2.4.1
   Compiling derive_more v2.0.1
   Compiling tokio v1.47.1
   Compiling futures-util v0.3.31
   Compiling async-std v1.13.2
   Compiling futures-executor v0.3.31
   Compiling serial_test v3.5.0
   Compiling futures v0.3.31
   Compiling reactive-tui-crossterm v0.1.0 (/home/shawn/workspace2/reactive-tui/src/backend/crossterm)
    Finished `test` profile [unoptimized + debuginfo] target(s) in 7.74s
     Running unittests src/lib.rs (target/debug/deps/crossterm-56e59884e15108a7)

running 3 tests
test event::source::unix::mio::readiness_tests::new_wake_is_harvested_while_a_tty_burst_remains_readable ... ok
test event::source::unix::mio::readiness_tests::one_readiness_edge_retains_a_burst_larger_than_the_read_buffer ... ok
test event::source::unix::mio::readiness_tests::wake_return_preserves_later_readiness_without_another_input_edge ... ok

test result: ok. 3 passed; 0 failed; 0 ignored; 0 measured; 100 filtered out; finished in 0.00s

+ cargo test --locked --test suprtui_renderer --no-run
   Compiling proc-macro2 v1.0.101
   Compiling unicode-ident v1.0.18
   Compiling serde_core v1.0.229
   Compiling serde v1.0.229
   Compiling equivalent v1.0.2
   Compiling winnow v1.0.4
   Compiling rustix v1.1.4
   Compiling hashbrown v0.17.1
   Compiling toml_datetime v1.1.1+spec-1.1.0
   Compiling getrandom v0.3.3
   Compiling endi v1.1.1
   Compiling siphasher v1.0.1
   Compiling event-listener v5.4.2
   Compiling crc32fast v1.5.0
   Compiling simd-adler32 v0.3.7
   Compiling num-traits v0.2.19
   Compiling fastrand v2.3.0
   Compiling adler2 v2.0.1
   Compiling phf_shared v0.13.1
   Compiling indexmap v2.14.2
   Compiling event-listener-strategy v0.5.4
   Compiling io-lifetimes v2.0.4
   Compiling miniz_oxide v0.8.9
   Compiling regex-syntax v0.8.6
   Compiling phf_generator v0.13.1
   Compiling version_check v0.9.5
   Compiling toml_parser v1.1.3+spec-1.1.0
   Compiling allocator-api2 v0.2.21
   Compiling foldhash v0.2.0
   Compiling io-lifetimes v3.0.1
   Compiling async-channel v2.5.0
   Compiling async-lock v3.4.2
   Compiling quote v1.0.40
   Compiling aho-corasick v1.1.3
   Compiling flate2 v1.1.2
   Compiling slotmap v1.0.7
   Compiling tracing-core v0.1.36
   Compiling io-extras v0.19.0
   Compiling log v0.4.34
   Compiling crossbeam-epoch v0.9.20
   Compiling syn v3.0.5
   Compiling syn v2.0.106
   Compiling toml_edit v0.25.13+spec-1.1.0
   Compiling polling v3.11.0
   Compiling arrayvec v0.7.6
   Compiling unicode-segmentation v1.13.3
   Compiling blocking v1.7.0
   Compiling serde_derive v1.0.229
   Compiling enumflags2_derive v0.7.12
   Compiling tracing-attributes v0.1.31
   Compiling async-recursion v1.1.1
   Compiling async-trait v0.1.92
   Compiling serde_repr v0.1.21
   Compiling async-io v2.6.0
   Compiling proc-macro-crate v3.5.0
   Compiling tracing v0.1.44
   Compiling async-broadcast v0.7.2
   Compiling ordered-stream v0.2.0
   Compiling regex-automata v0.4.10
   Compiling weezl v0.1.10
   Compiling powerfmt v0.2.0
   Compiling cap-primitives v4.0.3
   Compiling zerocopy v0.8.26
   Compiling hex v0.4.3
   Compiling bit-vec v0.8.0
   Compiling fs-set-times v0.20.3
   Compiling async-signal v0.2.14
   Compiling convert_case v0.7.1
   Compiling zvariant_utils v4.2.0
   Compiling zcheapstr v1.1.0
   Compiling enumflags2 v0.7.12
   Compiling uuid v1.18.1
   Compiling deranged v0.5.8
   Compiling bit-set v0.8.0
   Compiling zvariant_derive v5.15.0
   Compiling serde_json v1.0.143
   Compiling async-process v2.5.0
   Compiling futures-macro v0.3.31
   Compiling mio v1.0.4
   Compiling zvariant v5.15.0
   Compiling rustix-linux-procfs v0.1.1
   Compiling phf_codegen v0.13.1
   Compiling fdeflate v0.3.7
   Compiling rand_core v0.9.3
   Compiling zbus_names v4.3.4
   Compiling tinyvec v1.13.3
   Compiling maybe-owned v0.3.4
   Compiling rayon-core v1.13.0
   Compiling bitflags v1.3.2
   Compiling jpeg-decoder v0.3.2
   Compiling ipnet v2.12.2
   Compiling entities v1.0.1
   Compiling jetscii v0.5.3
   Compiling color_quant v1.1.0
   Compiling num-conv v0.2.2
   Compiling time-core v0.1.8
   Compiling zbus_xml v5.2.1
   Compiling zbus_macros v5.19.0
   Compiling ambient-authority v0.0.2
   Compiling same-file v1.0.6
   Compiling zbus-lockstep v0.5.2
   Compiling either v1.15.0
   Compiling fnv v1.0.7
   Compiling byteorder-lite v0.1.0
   Compiling thiserror v2.0.20
   Compiling quick-error v2.0.1
   Compiling static_assertions v1.1.0
   Compiling cap-std v4.0.3
   Compiling zune-core v0.4.12
   Compiling walkdir v2.5.0
   Compiling tiff v0.9.1
   Compiling zbus v5.19.0
   Compiling futures-util v0.3.31
   Compiling time v0.3.47
   Compiling zbus-lockstep-macros v0.5.2
   Compiling image-webp v0.2.4
   Compiling gif v0.13.3
   Compiling unicode-normalization v0.1.25
   Compiling comrak v0.55.0
   Compiling zune-jpeg v0.4.20
   Compiling png v0.17.16
   Compiling crossbeam-deque v0.8.6
   Compiling derive_more-impl v2.0.1
   Compiling vte v0.15.0
   Compiling phf_macros v0.13.1
   Compiling thiserror-impl v2.0.20
   Compiling tempfile v3.21.0
   Compiling atspi-common v0.13.0
   Compiling quick-xml v0.42.0
   Compiling half v2.6.0
   Compiling plotters-backend v0.3.7
   Compiling option-ext v0.2.0
   Compiling ciborium-io v0.2.2
   Compiling linked-hash-map v0.5.6
   Compiling base64 v0.23.1
   Compiling clap_lex v0.7.5
   Compiling anstyle v1.0.11
   Compiling bytemuck v1.23.2
   Compiling cap-fs-ext v4.0.3
   Compiling ciborium-ll v0.2.2
   Compiling dirs-sys v0.4.1
   Compiling atspi-proxies v0.13.0
   Compiling yaml-rust v0.4.5
   Compiling plotters-svg v0.3.7
   Compiling phf v0.13.1
   Compiling image v0.25.6
   Compiling caseless v0.2.2
   Compiling clap_builder v4.5.46
   Compiling ppv-lite86 v0.2.21
   Compiling derive_more v2.0.1
   Compiling regex v1.11.2
   Compiling fancy-regex v0.16.2
   Compiling plist v1.10.1
   Compiling signal-hook-mio v0.2.4
   Compiling itertools v0.10.5
   Compiling taffy v0.13.0
   Compiling accesskit v0.25.0
   Compiling bincode v1.3.3
   Compiling tokio-macros v2.5.0
   Compiling phf_shared v0.11.3
   Compiling wait-timeout v0.2.1
   Compiling reactive-tui v0.1.0 (/home/shawn/workspace2/reactive-tui)
   Compiling precomputed-hash v0.1.1
   Compiling finl_unicode v1.4.0
   Compiling new_debug_unreachable v1.0.6
   Compiling cast v0.3.0
   Compiling rustc-hash v2.1.3
   Compiling grid v1.0.1
   Compiling unicode-width v0.2.1
   Compiling quick-error v1.2.3
   Compiling typed-arena v2.0.2
   Compiling unicode-properties v0.1.4
   Compiling lazy_static v1.5.0
   Compiling syntect v5.3.0
   Compiling string_cache v0.8.9
   Compiling clap v4.5.46
   Compiling tokio v1.47.1
   Compiling criterion-plot v0.5.0
   Compiling accesskit_consumer v0.39.0
   Compiling rusty-fork v0.3.0
   Compiling vt100 v0.16.2
   Compiling taffy v0.9.2
   Compiling rand_chacha v0.9.0
   Compiling reactive-tui-crossterm v0.1.0 (/home/shawn/workspace2/reactive-tui/src/backend/crossterm)
   Compiling reactive-tui-suprtui v0.1.0 (/home/shawn/workspace2/reactive-tui/src/backend/engine)
   Compiling rayon v1.11.0
   Compiling atspi v0.29.0
   Compiling plotters v0.3.7
   Compiling dirs v5.0.1
   Compiling ciborium v0.2.2
   Compiling futures-executor v0.3.31
   Compiling rand v0.9.3
   Compiling rand_xorshift v0.4.0
   Compiling tinytemplate v1.2.1
   Compiling lru v0.18.4
   Compiling serial_test_derive v3.5.0
   Compiling reactive-tui-macros v0.1.0 (/home/shawn/workspace2/reactive-tui/reactive-tui-macros)
   Compiling is-terminal v0.4.16
   Compiling anes v0.1.6
   Compiling oorandom v11.1.5
   Compiling base64 v0.22.1
   Compiling unarray v0.1.4
   Compiling serial_test v3.5.0
   Compiling proptest v1.7.0
   Compiling criterion v0.5.1
    Finished `test` profile [unoptimized + debuginfo] target(s) in 40.98s
  Executable tests/suprtui_renderer.rs (target/debug/deps/suprtui_renderer-6df15f8c75abb413)
+ cargo build --locked --features ffi --message-format=json-render-diagnostics
   Compiling crossbeam-utils v0.8.21
   Compiling getrandom v0.3.3
   Compiling bit-vec v0.8.0
   Compiling reactive-tui v0.1.0 (/home/shawn/workspace2/reactive-tui)
   Compiling bit-set v0.8.0
   Compiling uuid v1.18.1
   Compiling tempfile v3.21.0
   Compiling concurrent-queue v2.5.0
   Compiling accesskit v0.25.0
   Compiling fancy-regex v0.16.2
   Compiling accesskit_consumer v0.39.0
   Compiling async-channel v2.5.0
   Compiling async-io v2.6.0
   Compiling async-executor v1.14.0
   Compiling blocking v1.7.0
   Compiling syntect v5.3.0
   Compiling async-signal v0.2.14
   Compiling async-process v2.5.0
   Compiling zbus v5.19.0
   Compiling atspi-common v0.13.0
   Compiling atspi-proxies v0.13.0
   Compiling atspi v0.29.0
warning: ambiguous glob re-exports
   --> src/ffi/mod.rs:143:9
    |
143 | pub use pointer::*;
    |         ^^^^^^^^^^ the name `validate_pointer` in the value namespace is first re-exported here
...
148 | pub use types::*;
    |         -------- but the name `validate_pointer` in the value namespace is also re-exported here
    |
    = note: `#[warn(ambiguous_glob_reexports)]` on by default

warning: unused variable: `width`
   --> src/ffi/lib.rs:122:14
    |
122 |         let (width, height) = renderer_box.dims();
    |              ^^^^^ help: if this is intentional, prefix it with an underscore: `_width`
    |
    = note: `#[warn(unused_variables)]` (part of `#[warn(unused)]`) on by default

warning: function `validate_pointer` is never used
   --> src/ffi/types.rs:182:15
    |
182 | pub(crate) fn validate_pointer<T>(ptr: *const T) -> bool {
    |               ^^^^^^^^^^^^^^^^
    |
    = note: `#[warn(dead_code)]` (part of `#[warn(unused)]`) on by default

warning: function `validate_mut_pointer` is never used
   --> src/ffi/types.rs:187:15
    |
187 | pub(crate) fn validate_mut_pointer<T>(ptr: *mut T) -> bool {
    |               ^^^^^^^^^^^^^^^^^^^^

warning: function `safe_cast` is never used
   --> src/ffi/types.rs:192:22
    |
192 | pub(crate) unsafe fn safe_cast<T, U>(ptr: *mut T) -> Result<*mut U, ReactiveError> {
    |                      ^^^^^^^^^

warning: function `safe_cast_const` is never used
   --> src/ffi/types.rs:206:22
    |
206 | pub(crate) unsafe fn safe_cast_const<T, U>(ptr: *const T) -> Result<*const U, ReactiveError> {
    |                      ^^^^^^^^^^^^^^^

warning: `reactive-tui` (lib) generated 6 warnings (run `cargo fix --lib -p reactive-tui` to apply 1 suggestion)
    Finished `dev` profile [unoptimized + debuginfo] target(s) in 22.83s
+ rustc --edition=2021 /home/shawn/workspace2/reactive-tui/verification/api-entry-points/legacy.rs --extern reactive_tui=/home/shawn/workspace2/reactive-tui/target/debug/libreactive_tui.rlib -L dependency=/home/shawn/workspace2/reactive-tui/target/debug/deps -o /home/shawn/workspace2/reactive-tui/target/api-entry-points-jlbc4vbr/legacy --test
+ rustc --edition=2021 /home/shawn/workspace2/reactive-tui/verification/api-entry-points/host.rs --extern reactive_tui=/home/shawn/workspace2/reactive-tui/target/debug/libreactive_tui.rlib -L dependency=/home/shawn/workspace2/reactive-tui/target/debug/deps -o /home/shawn/workspace2/reactive-tui/target/api-entry-points-jlbc4vbr/host
+ rustc --edition=2021 /home/shawn/workspace2/reactive-tui/verification/api-entry-points/manual.rs --extern reactive_tui=/home/shawn/workspace2/reactive-tui/target/debug/libreactive_tui.rlib -L dependency=/home/shawn/workspace2/reactive-tui/target/debug/deps -o /home/shawn/workspace2/reactive-tui/target/api-entry-points-jlbc4vbr/manual
+ rustc --edition=2021 /home/shawn/workspace2/reactive-tui/verification/api-entry-points/screen.rs --extern vt100=/home/shawn/workspace2/reactive-tui/target/debug/deps/libvt100-6a011eddd1160140.rlib -L dependency=/home/shawn/workspace2/reactive-tui/target/debug/deps -o /home/shawn/workspace2/reactive-tui/target/api-entry-points-jlbc4vbr/screen
+ rustc --edition=2021 /home/shawn/workspace2/reactive-tui/verification/api-entry-points/input-burst.rs --extern crossterm=/home/shawn/workspace2/reactive-tui/target/debug/deps/libcrossterm-057b72899f3364f2.rlib -L dependency=/home/shawn/workspace2/reactive-tui/target/debug/deps -o /home/shawn/workspace2/reactive-tui/target/api-entry-points-jlbc4vbr/input-burst
+ /home/shawn/workspace2/reactive-tui/target/api-entry-points-jlbc4vbr/legacy --test-threads=1

running 5 tests
test debug_app_routes_input_using_its_painted_component_geometry ... ok
test debug_frames_preserve_graphemes_and_publish_geometry_only_after_present ... ok
test initial_frame_uses_the_actual_root_insertion ... ok
test patch_present_root_and_shutdown_errors_are_returned ... ok
test unchanged_update_reorder_and_removal_use_the_last_presented_tree ... ok

test result: ok. 5 passed; 0 failed; 0 ignored; 0 measured; 0 filtered out; finished in 0.11s

PASS Rust suprtui (32, 8): paint, input, Unicode, update, reorder, removal, resize, exit and restoration
PASS Rust suprtui (48, 12): paint, input, Unicode, update, reorder, removal, resize, error and restoration
PASS Rust crossterm (32, 8): paint, input, Unicode, update, reorder, removal, resize, exit and restoration
PASS Rust crossterm (48, 12): paint, input, Unicode, update, reorder, removal, resize, error and restoration
PASS Rust crossterm-surface (32, 8): paint, input, Unicode, update, reorder, removal, resize, exit and restoration
PASS Rust crossterm-surface (48, 12): paint, input, Unicode, update, reorder, removal, resize, error and restoration
PASS Rust direct (32, 8): paint, input, Unicode, update, reorder, removal, resize, exit and restoration
PASS Rust direct (48, 12): paint, input, Unicode, update, reorder, removal, resize, error and restoration
PASS manual crossterm: patches/options, input batch or clone ownership, cleanup
PASS manual direct: patches/options, input batch or clone ownership, cleanup
PASS manual unix: patches/options, input batch or clone ownership, cleanup
BURST_DELIVERY fully-queued initially_queued=2048 total_sent=2048
PASS public Crossterm: 2048 bytes, exhausted zero-timeout poll and restoration
+ cc -std=c11 -Wall -Wextra -Werror -Iinclude /home/shawn/workspace2/reactive-tui/verification/api-entry-points/native.c -L/home/shawn/workspace2/reactive-tui/target/debug -Wl,-rpath,/home/shawn/workspace2/reactive-tui/target/debug -lreactive_tui -o /home/shawn/workspace2/reactive-tui/target/api-entry-points-jlbc4vbr/native
PASS C SuprTUI (32, 8): app, callback ownership and restoration
PASS C SuprTUI (48, 12): app, callback ownership and restoration
PASS C SuprTUI (32, 8): missing-root, callback ownership and restoration
PASS C SuprTUI (32, 8): reselect, callback ownership and restoration
Terminal captures: /home/shawn/workspace2/reactive-tui/.cairn/reviews/api-entry-points/20260918T174828Z
All public entry-point workflows passed
