...........
----------------------------------------------------------------------
Ran 11 tests in 0.000s

OK
..
----------------------------------------------------------------------
Ran 2 tests in 0.017s

OK
   Compiling reactive-tui v0.1.0 (/home/shawn/workspace2/reactive-tui)
    Finished `test` profile [unoptimized + debuginfo] target(s) in 3.84s
     Running tests/widget_catalog_behavior.rs (/tmp/reactive-tui-wgpu.waMUcc/debug/deps/widget_catalog_behavior-64fe297e0385f367)

running 21 tests
test catalog_exposes_the_complete_page_order ... ok
test animation_waits_for_its_deadline_and_skips_missed_frames ... ok
test advertised_quit_keys_request_normal_app_exit ... ok
test number_keys_jump_to_the_displayed_page ... ok
test dialogs_are_live_and_separately_reachable ... ok
test navigation_changes_at_the_eighty_column_breakpoint ... ok
test page_navigation_wraps_in_both_directions ... ok
test layout_page_mounts_a_real_four_column_span_grid ... ok
test released_quit_keys_and_plain_letters_do_not_exit ... ok
test every_page_renders_a_focused_stage ... ok
test page_scroll_view_uses_the_terminal_stage_not_default_dimensions ... ok
test cube_frames_are_distinct_and_bounded ... ok
test sized_cube_frames_are_bounded_and_change_only_with_time ... ok
test compact_and_wide_navigation_paint_every_shortcut_after_resize ... ok
test table_has_representative_rows_and_logo_is_decodable ... ok
test overview_coverage_wraps_and_navigation_entries_do_not_stretch ... ok
test both_layout_example_columns_are_visible_and_compact ... ok
test colored_column_spans_have_native_cell_geometry_at_each_viewport ... ok
test default_motion_canvas_tracks_the_terminal_and_uses_subcell_strokes ... ok
test context_and_popup_menus_are_visible_when_selected ... ok
test live_dialogs_switch_through_real_app_input ... ok

test result: ok. 21 passed; 0 failed; 0 ignored; 0 measured; 0 filtered out; finished in 0.41s

   Compiling reactive-tui v0.1.0 (/home/shawn/workspace2/reactive-tui)
    Finished `dev` profile [unoptimized + debuginfo] target(s) in 0.69s
PASS CAT-003: catalog requirement checks passed
