    Checking reactive-tui-crossterm v0.1.0 (/home/shawn/workspace2/reactive-tui/src/backend/crossterm)
error: unknown lint: `clippy::clippy::unnecessary_wraps`
  --> src/backend/crossterm/src/event/sys/unix/waker/mio.rs:30:24
   |
30 |     #[allow(dead_code, clippy::clippy::unnecessary_wraps)]
   |                        ^^^^^^^^^^^^^^^^^^^^^^^^^^^^^^^^^ help: did you mean: `clippy::unnecessary_wraps`
   |
   = note: `-D unknown-lints` implied by `-D warnings`
   = help: to override `-D warnings` add `#[allow(unknown_lints)]`

error: this can be `std::io::Error::other(_)`
  --> src/backend/crossterm/src/cursor/sys/unix.rs:48:28
   |
48 |                   return Err(Error::new(
   |  ____________________________^
49 | |                     ErrorKind::Other,
50 | |                     "The cursor position could not be read within a normal duration",
51 | |                 ));
   | |_________________^
   |
   = help: for further information visit https://rust-lang.github.io/rust-clippy/rust-1.91.0/index.html#io_other_error
   = note: `-D clippy::io-other-error` implied by `-D warnings`
   = help: to override `-D warnings` add `#[allow(clippy::io_other_error)]`
help: use `std::io::Error::other`
   |
48 ~                 return Err(Error::other(
49 ~                     "The cursor position could not be read within a normal duration",
   |

error: this can be `std::io::Error::other(_)`
  --> src/backend/crossterm/src/event/read.rs:55:28
   |
55 |                   return Err(std::io::Error::new(
   |  ____________________________^
56 | |                     std::io::ErrorKind::Other,
57 | |                     "Failed to initialize input reader",
58 | |                 ))
   | |_________________^
   |
   = help: for further information visit https://rust-lang.github.io/rust-clippy/rust-1.91.0/index.html#io_other_error
help: use `std::io::Error::other`
   |
55 ~                 return Err(std::io::Error::other(
56 ~                     "Failed to initialize input reader",
   |

error: this can be `std::io::Error::other(_)`
  --> src/backend/crossterm/src/event/sys/unix/parse.rs:23:5
   |
23 |     io::Error::new(io::ErrorKind::Other, "Could not parse an event.")
   |     ^^^^^^^^^^^^^^^^^^^^^^^^^^^^^^^^^^^^^^^^^^^^^^^^^^^^^^^^^^^^^^^^^
   |
   = help: for further information visit https://rust-lang.github.io/rust-clippy/rust-1.91.0/index.html#io_other_error
help: use `std::io::Error::other`
   |
23 -     io::Error::new(io::ErrorKind::Other, "Could not parse an event.")
23 +     io::Error::other("Could not parse an event.")
   |

error: this can be `std::io::Error::other(_)`
   --> src/backend/crossterm/src/terminal/sys/unix.rs:259:28
    |
259 |                   return Err(io::Error::new(
    |  ____________________________^
260 | |                     io::ErrorKind::Other,
261 | |                     "The keyboard enhancement status could not be read within a normal duration",
262 | |                 ));
    | |_________________^
    |
    = help: for further information visit https://rust-lang.github.io/rust-clippy/rust-1.91.0/index.html#io_other_error
help: use `std::io::Error::other`
    |
259 ~                 return Err(io::Error::other(
260 ~                     "The keyboard enhancement status could not be read within a normal duration",
    |

error: could not compile `reactive-tui-crossterm` (lib) due to 5 previous errors
