    Finished `test` profile [unoptimized + debuginfo] target(s) in 0.46s
     Running unittests src/lib.rs (target/debug/deps/reactive_tui-e6259c94dd2cfe8d)

running 2 tests
test widgets::display::image::external_renderer::tests::xis_002_argument_validator_rejects_unsafe_observations ... ok
test widgets::display::image::external_renderer::tests::xis_002_external_paths_are_positional_data ... ok

test result: ok. 2 passed; 0 failed; 0 ignored; 0 measured; 1062 filtered out; finished in 0.06s

    Finished `test` profile [unoptimized + debuginfo] target(s) in 0.10s
     Running unittests src/lib.rs (target/debug/deps/reactive_tui-e6259c94dd2cfe8d)

running 1 test
test widgets::display::image::decoded::tests::xis_002_decode_rejects_combined_storage_over_budget ... ok

test result: ok. 1 passed; 0 failed; 0 ignored; 0 measured; 1063 filtered out; finished in 7.46s

    Finished `test` profile [unoptimized + debuginfo] target(s) in 0.09s
     Running unittests src/lib.rs (target/debug/deps/reactive_tui-e6259c94dd2cfe8d)

running 4 tests
test widgets::display::image::decoded::tests::api_image_decode_all_advertised_encoded_formats ... ok
test widgets::display::image::decoded::tests::api_image_decode_opaque_renderers_composite_alpha ... ok
test widgets::display::image::decoded::tests::api_image_decode_rejects_malformed_and_oversized_sources ... ok
test widgets::display::image::decoded::tests::api_image_decode_sources_preserve_pixels_and_encoded_dimensions ... ok

test result: ok. 4 passed; 0 failed; 0 ignored; 0 measured; 1060 filtered out; finished in 0.00s

XIS-002 image input safety passed
