...........
----------------------------------------------------------------------
Ran 11 tests in 0.007s

OK
error[rejected]: failed to satisfy license requirements
   ┌─ /home/shawn/.cargo/registry/src/index.crates.io-1949cf8c6b5b557f/hexf-parse-0.2.1/Cargo.toml:21:12
   │
21 │ license = "CC0-1.0"
   │            ━━━━━━━
   │            │
   │            rejected: license is not explicitly allowed
   │
   ├ CC0-1.0 - Creative Commons Zero v1.0 Universal:
   ├   - FSF Free/Libre
   ├ hexf-parse v0.2.1
     └── naga v27.0.3
         ├── wgpu-core v27.0.3
         │   └── wgpu v27.0.1
         │       └── reactive-tui v0.1.0
         └── wgpu-hal v27.0.4
             ├── wgpu v27.0.1 (*)
             ├── wgpu-core v27.0.3 (*)
             ├── wgpu-core-deps-apple v27.0.0
             │   └── wgpu-core v27.0.3 (*)
             └── wgpu-core-deps-windows-linux-android v27.0.0
                 └── wgpu-core v27.0.3 (*)

error[duplicate]: found 2 duplicate entries for crate 'foldhash'
   ┌─ /home/shawn/workspace2/reactive-tui/Cargo.lock:78:1
   │  
78 │ ╭ foldhash 0.1.5 registry+https://github.com/rust-lang/crates.io-index
79 │ │ foldhash 0.2.0 registry+https://github.com/rust-lang/crates.io-index
   │ ╰────────────────────────────────────────────────────────────────────┘ lock entries
   │  
   ├ foldhash v0.1.5
     └── hashbrown v0.15.5
         └── gpu-descriptor v0.3.2
             └── wgpu-hal v27.0.4
                 ├── wgpu v27.0.1
                 │   └── reactive-tui v0.1.0
                 ├── wgpu-core v27.0.3
                 │   └── wgpu v27.0.1 (*)
                 ├── wgpu-core-deps-apple v27.0.0
                 │   └── wgpu-core v27.0.3 (*)
                 └── wgpu-core-deps-windows-linux-android v27.0.0
                     └── wgpu-core v27.0.3 (*)
   ├ foldhash v0.2.0
     ├── hashbrown v0.16.1
     │   ├── naga v27.0.3
     │   │   ├── wgpu-core v27.0.3
     │   │   │   └── wgpu v27.0.1
     │   │   │       └── reactive-tui v0.1.0
     │   │   └── wgpu-hal v27.0.4
     │   │       ├── wgpu v27.0.1 (*)
     │   │       ├── wgpu-core v27.0.3 (*)
     │   │       ├── wgpu-core-deps-apple v27.0.0
     │   │       │   └── wgpu-core v27.0.3 (*)
     │   │       └── wgpu-core-deps-windows-linux-android v27.0.0
     │   │           └── wgpu-core v27.0.3 (*)
     │   ├── wgpu v27.0.1 (*)
     │   ├── wgpu-core v27.0.3 (*)
     │   └── wgpu-hal v27.0.4 (*)
     └── hashbrown v0.17.1
         ├── accesskit_consumer v0.39.0
         │   └── reactive-tui v0.1.0 (*)
         ├── indexmap v2.14.2
         │   ├── naga v27.0.3 (*)
         │   ├── plist v1.10.1
         │   │   └── syntect v5.3.0
         │   │       └── reactive-tui v0.1.0 (*)
         │   ├── toml_edit v0.25.13+spec-1.1.0
         │   │   └── proc-macro-crate v3.5.0
         │   │       ├── zbus_macros v5.19.0
         │   │       │   └── zbus v5.19.0
         │   │       │       ├── atspi-common v0.13.0
         │   │       │       │   ├── atspi v0.29.0
         │   │       │       │   │   └── reactive-tui v0.1.0 (*)
         │   │       │       │   ├── atspi-proxies v0.13.0
         │   │       │       │   │   └── atspi v0.29.0 (*)
         │   │       │       │   └── reactive-tui v0.1.0 (*)
         │   │       │       ├── atspi-proxies v0.13.0 (*)
         │   │       │       └── reactive-tui v0.1.0 (*)
         │   │       └── zvariant_derive v5.15.0
         │   │           └── zvariant v5.15.0
         │   │               ├── atspi-common v0.13.0 (*)
         │   │               ├── reactive-tui v0.1.0 (*)
         │   │               ├── zbus v5.19.0 (*)
         │   │               ├── zbus-lockstep v0.5.2
         │   │               │   ├── atspi-common v0.13.0 (*)
         │   │               │   └── zbus-lockstep-macros v0.5.2
         │   │               │       └── atspi-common v0.13.0 (*)
         │   │               ├── zbus-lockstep-macros v0.5.2 (*)
         │   │               ├── zbus_macros v5.19.0 (*)
         │   │               ├── zbus_names v4.3.4
         │   │               │   ├── atspi-common v0.13.0 (*)
         │   │               │   ├── zbus v5.19.0 (*)
         │   │               │   ├── zbus_macros v5.19.0 (*)
         │   │               │   └── zbus_xml v5.2.1
         │   │               │       ├── zbus-lockstep v0.5.2 (*)
         │   │               │       └── zbus-lockstep-macros v0.5.2 (*)
         │   │               └── zbus_xml v5.2.1 (*)
         │   └── wgpu-core v27.0.3 (*)
         └── lru v0.18.4
             └── reactive-tui v0.1.0 (*)

error[duplicate]: found 3 duplicate entries for crate 'hashbrown'
    ┌─ /home/shawn/workspace2/reactive-tui/Cargo.lock:101:1
    │  
101 │ ╭ hashbrown 0.15.5 registry+https://github.com/rust-lang/crates.io-index
102 │ │ hashbrown 0.16.1 registry+https://github.com/rust-lang/crates.io-index
103 │ │ hashbrown 0.17.1 registry+https://github.com/rust-lang/crates.io-index
    │ ╰──────────────────────────────────────────────────────────────────────┘ lock entries
    │  
    ├ hashbrown v0.15.5
      └── gpu-descriptor v0.3.2
          └── wgpu-hal v27.0.4
              ├── wgpu v27.0.1
              │   └── reactive-tui v0.1.0
              ├── wgpu-core v27.0.3
              │   └── wgpu v27.0.1 (*)
              ├── wgpu-core-deps-apple v27.0.0
              │   └── wgpu-core v27.0.3 (*)
              └── wgpu-core-deps-windows-linux-android v27.0.0
                  └── wgpu-core v27.0.3 (*)
    ├ hashbrown v0.16.1
      ├── naga v27.0.3
      │   ├── wgpu-core v27.0.3
      │   │   └── wgpu v27.0.1
      │   │       └── reactive-tui v0.1.0
      │   └── wgpu-hal v27.0.4
      │       ├── wgpu v27.0.1 (*)
      │       ├── wgpu-core v27.0.3 (*)
      │       ├── wgpu-core-deps-apple v27.0.0
      │       │   └── wgpu-core v27.0.3 (*)
      │       └── wgpu-core-deps-windows-linux-android v27.0.0
      │           └── wgpu-core v27.0.3 (*)
      ├── wgpu v27.0.1 (*)
      ├── wgpu-core v27.0.3 (*)
      └── wgpu-hal v27.0.4 (*)
    ├ hashbrown v0.17.1
      ├── accesskit_consumer v0.39.0
      │   └── reactive-tui v0.1.0
      ├── indexmap v2.14.2
      │   ├── naga v27.0.3
      │   │   ├── wgpu-core v27.0.3
      │   │   │   └── wgpu v27.0.1
      │   │   │       └── reactive-tui v0.1.0 (*)
      │   │   └── wgpu-hal v27.0.4
      │   │       ├── wgpu v27.0.1 (*)
      │   │       ├── wgpu-core v27.0.3 (*)
      │   │       ├── wgpu-core-deps-apple v27.0.0
      │   │       │   └── wgpu-core v27.0.3 (*)
      │   │       └── wgpu-core-deps-windows-linux-android v27.0.0
      │   │           └── wgpu-core v27.0.3 (*)
      │   ├── plist v1.10.1
      │   │   └── syntect v5.3.0
      │   │       └── reactive-tui v0.1.0 (*)
      │   ├── toml_edit v0.25.13+spec-1.1.0
      │   │   └── proc-macro-crate v3.5.0
      │   │       ├── zbus_macros v5.19.0
      │   │       │   └── zbus v5.19.0
      │   │       │       ├── atspi-common v0.13.0
      │   │       │       │   ├── atspi v0.29.0
      │   │       │       │   │   └── reactive-tui v0.1.0 (*)
      │   │       │       │   ├── atspi-proxies v0.13.0
      │   │       │       │   │   └── atspi v0.29.0 (*)
      │   │       │       │   └── reactive-tui v0.1.0 (*)
      │   │       │       ├── atspi-proxies v0.13.0 (*)
      │   │       │       └── reactive-tui v0.1.0 (*)
      │   │       └── zvariant_derive v5.15.0
      │   │           └── zvariant v5.15.0
      │   │               ├── atspi-common v0.13.0 (*)
      │   │               ├── reactive-tui v0.1.0 (*)
      │   │               ├── zbus v5.19.0 (*)
      │   │               ├── zbus-lockstep v0.5.2
      │   │               │   ├── atspi-common v0.13.0 (*)
      │   │               │   └── zbus-lockstep-macros v0.5.2
      │   │               │       └── atspi-common v0.13.0 (*)
      │   │               ├── zbus-lockstep-macros v0.5.2 (*)
      │   │               ├── zbus_macros v5.19.0 (*)
      │   │               ├── zbus_names v4.3.4
      │   │               │   ├── atspi-common v0.13.0 (*)
      │   │               │   ├── zbus v5.19.0 (*)
      │   │               │   ├── zbus_macros v5.19.0 (*)
      │   │               │   └── zbus_xml v5.2.1
      │   │               │       ├── zbus-lockstep v0.5.2 (*)
      │   │               │       └── zbus-lockstep-macros v0.5.2 (*)
      │   │               └── zbus_xml v5.2.1 (*)
      │   └── wgpu-core v27.0.3 (*)
      └── lru v0.18.4
          └── reactive-tui v0.1.0 (*)

error[duplicate]: found 2 duplicate entries for crate 'rustc-hash'
    ┌─ /home/shawn/workspace2/reactive-tui/Cargo.lock:181:1
    │  
181 │ ╭ rustc-hash 1.1.0 registry+https://github.com/rust-lang/crates.io-index
182 │ │ rustc-hash 2.1.3 registry+https://github.com/rust-lang/crates.io-index
    │ ╰──────────────────────────────────────────────────────────────────────┘ lock entries
    │  
    ├ rustc-hash v1.1.0
      ├── naga v27.0.3
      │   ├── wgpu-core v27.0.3
      │   │   └── wgpu v27.0.1
      │   │       └── reactive-tui v0.1.0
      │   └── wgpu-hal v27.0.4
      │       ├── wgpu v27.0.1 (*)
      │       ├── wgpu-core v27.0.3 (*)
      │       ├── wgpu-core-deps-apple v27.0.0
      │       │   └── wgpu-core v27.0.3 (*)
      │       └── wgpu-core-deps-windows-linux-android v27.0.0
      │           └── wgpu-core v27.0.3 (*)
      └── wgpu-core v27.0.3 (*)
    ├ rustc-hash v2.1.3
      └── comrak v0.55.0
          └── reactive-tui v0.1.0

error[duplicate]: found 2 duplicate entries for crate 'thiserror'
    ┌─ /home/shawn/workspace2/reactive-tui/Cargo.lock:212:1
    │  
212 │ ╭ thiserror 1.0.69 registry+https://github.com/rust-lang/crates.io-index
213 │ │ thiserror 2.0.20 registry+https://github.com/rust-lang/crates.io-index
    │ ╰──────────────────────────────────────────────────────────────────────┘ lock entries
    │  
    ├ thiserror v1.0.69
      └── gpu-allocator v0.27.0
          └── wgpu-hal v27.0.4
              ├── wgpu v27.0.1
              │   └── reactive-tui v0.1.0
              ├── wgpu-core v27.0.3
              │   └── wgpu v27.0.1 (*)
              ├── wgpu-core-deps-apple v27.0.0
              │   └── wgpu-core v27.0.3 (*)
              └── wgpu-core-deps-windows-linux-android v27.0.0
                  └── wgpu-core v27.0.3 (*)
    ├ thiserror v2.0.20
      ├── naga v27.0.3
      │   ├── wgpu-core v27.0.3
      │   │   └── wgpu v27.0.1
      │   │       └── reactive-tui v0.1.0
      │   └── wgpu-hal v27.0.4
      │       ├── wgpu v27.0.1 (*)
      │       ├── wgpu-core v27.0.3 (*)
      │       ├── wgpu-core-deps-apple v27.0.0
      │       │   └── wgpu-core v27.0.3 (*)
      │       └── wgpu-core-deps-windows-linux-android v27.0.0
      │           └── wgpu-core v27.0.3 (*)
      ├── reactive-tui v0.1.0 (*)
      ├── syntect v5.3.0
      │   └── reactive-tui v0.1.0 (*)
      ├── wgpu-core v27.0.3 (*)
      ├── wgpu-hal v27.0.4 (*)
      └── wgpu-types v27.0.1
          ├── wgpu v27.0.1 (*)
          ├── wgpu-core v27.0.3 (*)
          └── wgpu-hal v27.0.4 (*)

error[duplicate]: found 2 duplicate entries for crate 'thiserror-impl'
    ┌─ /home/shawn/workspace2/reactive-tui/Cargo.lock:214:1
    │  
214 │ ╭ thiserror-impl 1.0.69 registry+https://github.com/rust-lang/crates.io-index
215 │ │ thiserror-impl 2.0.20 registry+https://github.com/rust-lang/crates.io-index
    │ ╰───────────────────────────────────────────────────────────────────────────┘ lock entries
    │  
    ├ thiserror-impl v1.0.69
      └── thiserror v1.0.69
          └── gpu-allocator v0.27.0
              └── wgpu-hal v27.0.4
                  ├── wgpu v27.0.1
                  │   └── reactive-tui v0.1.0
                  ├── wgpu-core v27.0.3
                  │   └── wgpu v27.0.1 (*)
                  ├── wgpu-core-deps-apple v27.0.0
                  │   └── wgpu-core v27.0.3 (*)
                  └── wgpu-core-deps-windows-linux-android v27.0.0
                      └── wgpu-core v27.0.3 (*)
    ├ thiserror-impl v2.0.20
      └── thiserror v2.0.20
          ├── naga v27.0.3
          │   ├── wgpu-core v27.0.3
          │   │   └── wgpu v27.0.1
          │   │       └── reactive-tui v0.1.0
          │   └── wgpu-hal v27.0.4
          │       ├── wgpu v27.0.1 (*)
          │       ├── wgpu-core v27.0.3 (*)
          │       ├── wgpu-core-deps-apple v27.0.0
          │       │   └── wgpu-core v27.0.3 (*)
          │       └── wgpu-core-deps-windows-linux-android v27.0.0
          │           └── wgpu-core v27.0.3 (*)
          ├── reactive-tui v0.1.0 (*)
          ├── syntect v5.3.0
          │   └── reactive-tui v0.1.0 (*)
          ├── wgpu-core v27.0.3 (*)
          ├── wgpu-hal v27.0.4 (*)
          └── wgpu-types v27.0.1
              ├── wgpu v27.0.1 (*)
              ├── wgpu-core v27.0.3 (*)
              └── wgpu-hal v27.0.4 (*)

DQC-001 failed:
- cargo_deny_licenses failed
- cargo_deny_bans failed
