test_corrected_fixture (__main__.ValidatorTests.test_corrected_fixture) ... ok
test_each_missing_operation_fails (__main__.ValidatorTests.test_each_missing_operation_fails) ... ok
test_placeholder_fails (__main__.ValidatorTests.test_placeholder_fails) ... ok
test_shading_and_aspect_are_required (__main__.ValidatorTests.test_shading_and_aspect_are_required) ... ok
test_window_paths_fail (__main__.ValidatorTests.test_window_paths_fail) ... ok

----------------------------------------------------------------------
Ran 5 tests in 0.001s

OK
RUN cargo +1.91.0 test --locked -p reactive-tui --features wgpu-graphics --test wgpu_graphics -- --nocapture
   Compiling reactive-tui v0.1.0 (/home/shawn/workspace2/reactive-tui)
    Finished `test` profile [unoptimized + debuginfo] target(s) in 0.85s
     Running tests/wgpu_graphics.rs (/tmp/reactive-tui-wgpu.waMUcc/debug/deps/wgpu_graphics-63039dda3f3cd56c)

running 5 tests
test graphics_dimensions_are_checked_before_allocation ... ok
test identical_half_blocks_are_batched_without_changing_output ... ok
WARNING: radv is not a conformant Vulkan implementation, testing use only.
WARNING: radv is not a conformant Vulkan implementation, testing use only.
WARNING: radv is not a conformant Vulkan implementation, testing use only.
WARNING: radv is not a conformant Vulkan implementation, testing use only.
GPU ADAPTER AMD Radeon AI PRO R9700 (RADV GFX1201) · Vulkan
test half_blocks_present_through_the_existing_frame_path ... ok
test concurrent_raw_gpu_calls_keep_their_own_time_and_viewport ... ok
GPU VIEWPORT 60x24 colors=200 bounds=16,9..44,36 aspect=1.036
GPU VIEWPORT 144x50 colors=610 bounds=43,18..103,77 aspect=1.017
GPU VIEWPORT 200x60 colors=765 bounds=65,22..138,92 aspect=1.042
test gpu_cube_uses_a_real_adapter_and_resizes_to_terminal_viewports ... ok

test result: ok. 5 passed; 0 failed; 0 ignored; 0 measured; 0 filtered out; finished in 0.54s


PASS GPU-002 automated: hardware pixels, resizing, aspect, terminal composition
LIMIT: host-terminal visual capture remains separate from this automated check
