   Compiling reactive-tui v0.1.0 (/home/shawn/workspace2/reactive-tui)
warning: ambiguous glob re-exports
   --> src/ffi/mod.rs:143:9
    |
143 | pub use pointer::*;
    |         ^^^^^^^^^^ the name `validate_pointer` in the value namespace is first re-exported here
...
148 | pub use types::*;
    |         -------- but the name `validate_pointer` in the value namespace is also re-exported here
    |
    = note: `#[warn(ambiguous_glob_reexports)]` on by default

warning: unused variable: `width`
   --> src/ffi/lib.rs:122:14
    |
122 |         let (width, height) = renderer_box.dims();
    |              ^^^^^ help: if this is intentional, prefix it with an underscore: `_width`
    |
    = note: `#[warn(unused_variables)]` (part of `#[warn(unused)]`) on by default

warning: function `validate_pointer` is never used
   --> src/ffi/types.rs:182:15
    |
182 | pub(crate) fn validate_pointer<T>(ptr: *const T) -> bool {
    |               ^^^^^^^^^^^^^^^^
    |
    = note: `#[warn(dead_code)]` (part of `#[warn(unused)]`) on by default

warning: function `validate_mut_pointer` is never used
   --> src/ffi/types.rs:187:15
    |
187 | pub(crate) fn validate_mut_pointer<T>(ptr: *mut T) -> bool {
    |               ^^^^^^^^^^^^^^^^^^^^

warning: function `safe_cast` is never used
   --> src/ffi/types.rs:192:22
    |
192 | pub(crate) unsafe fn safe_cast<T, U>(ptr: *mut T) -> Result<*mut U, ReactiveError> {
    |                      ^^^^^^^^^

warning: function `safe_cast_const` is never used
   --> src/ffi/types.rs:206:22
    |
206 | pub(crate) unsafe fn safe_cast_const<T, U>(ptr: *const T) -> Result<*const U, ReactiveError> {
    |                      ^^^^^^^^^^^^^^^

warning: `reactive-tui` (lib) generated 6 warnings (run `cargo fix --lib -p reactive-tui` to apply 1 suggestion)
    Finished `test` profile [unoptimized + debuginfo] target(s) in 28.73s
     Running tests/api_signal_ownership.rs (target/debug/deps/api_signal_ownership-194b0ba8f3764c8c)
   Compiling reactive-tui v0.1.0 (/home/shawn/workspace2/reactive-tui)
warning: ambiguous glob re-exports
   --> src/ffi/mod.rs:143:9
    |
143 | pub use pointer::*;
    |         ^^^^^^^^^^ the name `validate_pointer` in the value namespace is first re-exported here
...
148 | pub use types::*;
    |         -------- but the name `validate_pointer` in the value namespace is also re-exported here
    |
    = note: `#[warn(ambiguous_glob_reexports)]` on by default

warning: unused variable: `width`
   --> src/ffi/lib.rs:122:14
    |
122 |         let (width, height) = renderer_box.dims();
    |              ^^^^^ help: if this is intentional, prefix it with an underscore: `_width`
    |
    = note: `#[warn(unused_variables)]` (part of `#[warn(unused)]`) on by default

warning: function `validate_pointer` is never used
   --> src/ffi/types.rs:182:15
    |
182 | pub(crate) fn validate_pointer<T>(ptr: *const T) -> bool {
    |               ^^^^^^^^^^^^^^^^
    |
    = note: `#[warn(dead_code)]` (part of `#[warn(unused)]`) on by default

warning: function `validate_mut_pointer` is never used
   --> src/ffi/types.rs:187:15
    |
187 | pub(crate) fn validate_mut_pointer<T>(ptr: *mut T) -> bool {
    |               ^^^^^^^^^^^^^^^^^^^^

warning: function `safe_cast` is never used
   --> src/ffi/types.rs:192:22
    |
192 | pub(crate) unsafe fn safe_cast<T, U>(ptr: *mut T) -> Result<*mut U, ReactiveError> {
    |                      ^^^^^^^^^

warning: function `safe_cast_const` is never used
   --> src/ffi/types.rs:206:22
    |
206 | pub(crate) unsafe fn safe_cast_const<T, U>(ptr: *const T) -> Result<*const U, ReactiveError> {
    |                      ^^^^^^^^^^^^^^^

warning: `reactive-tui` (lib) generated 6 warnings (run `cargo fix --lib -p reactive-tui` to apply 1 suggestion)
    Finished `dev` profile [unoptimized + debuginfo] target(s) in 22.01s
   Compiling proc-macro2 v1.0.101
   Compiling unicode-ident v1.0.18
   Compiling libc v0.2.189
   Compiling cfg-if v1.0.3
   Compiling serde_core v1.0.229
   Compiling serde v1.0.229
   Compiling autocfg v1.5.0
   Compiling pin-project-lite v0.2.16
   Compiling winnow v1.0.4
   Compiling rustix v1.1.4
   Compiling linux-raw-sys v0.12.1
   Compiling equivalent v1.0.2
   Compiling crossbeam-utils v0.8.21
   Compiling bitflags v2.11.0
   Compiling hashbrown v0.17.1
   Compiling futures-core v0.3.31
   Compiling toml_datetime v1.1.1+spec-1.1.0
   Compiling once_cell v1.21.3
   Compiling getrandom v0.3.3
   Compiling parking v2.2.1
   Compiling fastrand v2.3.0
   Compiling memchr v2.7.5
   Compiling quote v1.0.40
   Compiling futures-io v0.3.31
   Compiling slab v0.4.11
   Compiling syn v3.0.5
   Compiling syn v2.0.106
   Compiling indexmap v2.14.2
   Compiling concurrent-queue v2.5.0
   Compiling event-listener v5.4.2
   Compiling endi v1.1.1
   Compiling futures-lite v2.6.1
   Compiling toml_parser v1.1.3+spec-1.1.0
   Compiling event-listener-strategy v0.5.4
   Compiling async-io v2.6.0
   Compiling siphasher v1.0.1
   Compiling errno v0.3.13
   Compiling toml_edit v0.25.13+spec-1.1.0
   Compiling signal-hook-registry v1.4.6
   Compiling smallvec v1.15.1
   Compiling crc32fast v1.5.0
   Compiling simd-adler32 v0.3.7
   Compiling phf_shared v0.13.1
   Compiling num-traits v0.2.19
   Compiling async-task v4.7.1
   Compiling itoa v1.0.15
   Compiling adler2 v2.0.1
   Compiling phf_generator v0.13.1
   Compiling miniz_oxide v0.8.9
   Compiling async-channel v2.5.0
   Compiling lock_api v0.4.13
   Compiling proc-macro-crate v3.5.0
   Compiling foldhash v0.2.0
   Compiling atomic-waker v1.1.2
   Compiling io-lifetimes v3.0.1
   Compiling parking_lot_core v0.9.11
   Compiling regex-syntax v0.8.6
   Compiling version_check v0.9.5
   Compiling io-lifetimes v2.0.4
   Compiling allocator-api2 v0.2.21
   Compiling flate2 v1.1.2
   Compiling piper v0.2.5
   Compiling slotmap v1.0.7
   Compiling async-lock v3.4.2
   Compiling aho-corasick v1.1.3
   Compiling tracing-core v0.1.36
   Compiling scopeguard v1.2.0
   Compiling arrayvec v0.7.6
   Compiling serde_json v1.0.143
   Compiling crossbeam-epoch v0.9.20
   Compiling io-extras v0.19.0
   Compiling log v0.4.34
   Compiling blocking v1.7.0
   Compiling async-executor v1.14.0
   Compiling async-broadcast v0.7.2
   Compiling ordered-stream v0.2.0
   Compiling ryu v1.0.20
   Compiling hex v0.4.3
   Compiling zerocopy v0.8.26
   Compiling signal-hook v0.3.18
   Compiling unicode-segmentation v1.13.3
   Compiling cap-primitives v4.0.3
   Compiling powerfmt v0.2.0
   Compiling weezl v0.1.10
   Compiling bit-vec v0.8.0
   Compiling deranged v0.5.8
   Compiling bit-set v0.8.0
   Compiling parking_lot v0.12.4
   Compiling convert_case v0.7.1
   Compiling mio v1.0.4
   Compiling phf_codegen v0.13.1
   Compiling fdeflate v0.3.7
   Compiling rand_core v0.9.3
   Compiling zune-core v0.4.12
   Compiling regex-automata v0.4.10
   Compiling same-file v1.0.6
   Compiling rayon-core v1.13.0
   Compiling either v1.15.0
   Compiling cap-std v4.0.3
   Compiling futures-task v0.3.31
   Compiling jetscii v0.5.3
   Compiling num-conv v0.2.2
   Compiling pin-utils v0.1.0
   Compiling time-core v0.1.8
   Compiling maybe-owned v0.3.4
   Compiling byteorder-lite v0.1.0
   Compiling bitflags v1.3.2
   Compiling tinyvec v1.13.3
   Compiling fnv v1.0.7
   Compiling thiserror v2.0.20
   Compiling ambient-authority v0.0.2
   Compiling static_assertions v1.1.0
   Compiling color_quant v1.1.0
   Compiling ipnet v2.12.2
   Compiling entities v1.0.1
   Compiling jpeg-decoder v0.3.2
   Compiling quick-error v2.0.1
   Compiling image-webp v0.2.4
   Compiling time v0.3.47
   Compiling gif v0.13.3
   Compiling comrak v0.55.0
   Compiling unicode-normalization v0.1.25
   Compiling png v0.17.16
   Compiling walkdir v2.5.0
   Compiling zune-jpeg v0.4.20
   Compiling crossbeam-deque v0.8.6
   Compiling tiff v0.9.1
   Compiling polling v3.11.0
   Compiling rustix-linux-procfs v0.1.1
   Compiling fs-set-times v0.20.3
   Compiling tempfile v3.21.0
   Compiling vte v0.15.0
   Compiling quick-xml v0.42.0
   Compiling half v2.6.0
   Compiling cap-fs-ext v4.0.3
   Compiling base64 v0.23.1
   Compiling litrs v0.4.2
   Compiling async-signal v0.2.14
   Compiling plotters-backend v0.3.7
   Compiling anstyle v1.0.11
   Compiling option-ext v0.2.0
   Compiling linked-hash-map v0.5.6
   Compiling async-process v2.5.0
   Compiling bytemuck v1.23.2
   Compiling ciborium-io v0.2.2
   Compiling clap_lex v0.7.5
   Compiling plotters-svg v0.3.7
   Compiling ciborium-ll v0.2.2
   Compiling yaml-rust v0.4.5
   Compiling clap_builder v4.5.46
   Compiling dirs-sys v0.4.1
   Compiling serde_derive v1.0.229
   Compiling async-trait v0.1.92
   Compiling serde_repr v0.1.21
   Compiling thiserror-impl v2.0.20
   Compiling document-features v0.2.11
   Compiling image v0.25.6
   Compiling enumflags2_derive v0.7.12
   Compiling tracing-attributes v0.1.31
   Compiling async-recursion v1.1.1
   Compiling futures-macro v0.3.31
   Compiling phf_macros v0.13.1
   Compiling derive_more-impl v2.0.1
   Compiling tokio-macros v2.5.0
   Compiling ppv-lite86 v0.2.21
   Compiling fancy-regex v0.16.2
   Compiling regex v1.11.2
   Compiling signal-hook-mio v0.2.4
   Compiling futures-util v0.3.31
   Compiling phf v0.13.1
   Compiling caseless v0.2.2
   Compiling itertools v0.10.5
   Compiling derive_more v2.0.1
   Compiling taffy v0.13.0
   Compiling phf_shared v0.11.3
   Compiling socket2 v0.6.0
   Compiling wait-timeout v0.2.1
   Compiling unicode-properties v0.1.4
   Compiling cast v0.3.0
   Compiling quick-error v1.2.3
   Compiling lazy_static v1.5.0
   Compiling new_debug_unreachable v1.0.6
   Compiling unicode-width v0.2.1
   Compiling bytes v1.11.1
   Compiling grid v1.0.1
   Compiling precomputed-hash v0.1.1
   Compiling reactive-tui v0.1.0 (/home/shawn/workspace2/reactive-tui)
   Compiling rustc-hash v2.1.3
   Compiling tracing v0.1.44
   Compiling finl_unicode v1.4.0
   Compiling typed-arena v2.0.2
   Compiling vt100 v0.16.2
   Compiling rusty-fork v0.3.0
   Compiling rayon v1.11.0
   Compiling clap v4.5.46
   Compiling reactive-tui-crossterm v0.1.0 (/home/shawn/workspace2/reactive-tui/src/backend/crossterm)
   Compiling rand_chacha v0.9.0
   Compiling tokio v1.47.1
   Compiling reactive-tui-macros v0.1.0 (/home/shawn/workspace2/reactive-tui/reactive-tui-macros)
   Compiling serial_test_derive v3.5.0
   Compiling dirs v5.0.1
   Compiling plotters v0.3.7
   Compiling rand_xorshift v0.4.0
   Compiling rand v0.9.3
   Compiling criterion-plot v0.5.0
   Compiling lru v0.18.4
   Compiling is-terminal v0.4.16
   Compiling futures-executor v0.3.31
   Compiling base64 v0.22.1
   Compiling reactive-tui-suprtui v0.1.0 (/home/shawn/workspace2/reactive-tui/src/backend/engine)
   Compiling anes v0.1.6
   Compiling unarray v0.1.4
   Compiling oorandom v11.1.5
   Compiling serial_test v3.5.0
   Compiling proptest v1.7.0
   Compiling zcheapstr v1.1.0
   Compiling enumflags2 v0.7.12
   Compiling zvariant_utils v4.2.0
   Compiling uuid v1.18.1
   Compiling bincode v1.3.3
   Compiling plist v1.10.1
   Compiling ciborium v0.2.2
   Compiling string_cache v0.8.9
   Compiling accesskit v0.25.0
   Compiling taffy v0.9.2
   Compiling accesskit_consumer v0.39.0
   Compiling syntect v5.3.0
   Compiling tinytemplate v1.2.1
   Compiling zvariant_derive v5.15.0
   Compiling criterion v0.5.1
   Compiling zvariant v5.15.0
   Compiling zbus_names v4.3.4
   Compiling zbus_xml v5.2.1
   Compiling zbus_macros v5.19.0
   Compiling zbus-lockstep v0.5.2
   Compiling zbus-lockstep-macros v0.5.2
   Compiling zbus v5.19.0
   Compiling atspi-common v0.13.0
   Compiling atspi-proxies v0.13.0
   Compiling atspi v0.29.0
warning: ambiguous glob re-exports
   --> src/ffi/mod.rs:143:9
    |
143 | pub use pointer::*;
    |         ^^^^^^^^^^ the name `validate_pointer` in the value namespace is first re-exported here
...
148 | pub use types::*;
    |         -------- but the name `validate_pointer` in the value namespace is also re-exported here
    |
    = note: `#[warn(ambiguous_glob_reexports)]` on by default

warning: use of deprecated method `std::sync::atomic::Atomic::<usize>::fetch_update`: renamed to `try_update` for consistency
   --> src/hooks/animation.rs:170:14
    |
170 |             .fetch_update(Ordering::Relaxed, Ordering::Relaxed, |id| id.checked_add(1))
    |              ^^^^^^^^^^^^
    |
    = note: `#[warn(deprecated)]` on by default
help: replace the use of the deprecated method
    |
170 -             .fetch_update(Ordering::Relaxed, Ordering::Relaxed, |id| id.checked_add(1))
170 +             .try_update(Ordering::Relaxed, Ordering::Relaxed, |id| id.checked_add(1))
    |

warning: falling back to `f32` as the trait bound `f32: From<f64>` is not satisfied
    --> src/layout/style.rs:1532:83
     |
1532 |                 .map(|_| GridTemplateComponent::from(TrackSizingFunction::from_fr(1.0)))
     |                                                                                   ^^^ help: explicitly specify the type as `f32`: `1.0_f32`
     |
     = warning: this was previously accepted by the compiler but is being phased out; it will become a hard error in a future release!
     = note: for more information, see issue #154024 <https://github.com/rust-lang/rust/issues/154024>
     = note: `#[warn(float_literal_f32_fallback)]` (part of `#[warn(future_incompatible)]`) on by default

warning: falling back to `f32` as the trait bound `f32: From<f64>` is not satisfied
    --> src/layout/style.rs:1538:83
     |
1538 |                 .map(|_| GridTemplateComponent::from(TrackSizingFunction::from_fr(1.0)))
     |                                                                                   ^^^ help: explicitly specify the type as `f32`: `1.0_f32`
     |
     = warning: this was previously accepted by the compiler but is being phased out; it will become a hard error in a future release!
     = note: for more information, see issue #154024 <https://github.com/rust-lang/rust/issues/154024>

warning: use of deprecated method `std::sync::atomic::Atomic::<u32>::fetch_update`: renamed to `try_update` for consistency
   --> src/widgets/display/image/protocol_renderer.rs:238:14
    |
238 |             .fetch_update(Ordering::Relaxed, Ordering::Relaxed, |id| {
    |              ^^^^^^^^^^^^
    |
help: replace the use of the deprecated method
    |
238 -             .fetch_update(Ordering::Relaxed, Ordering::Relaxed, |id| {
238 +             .try_update(Ordering::Relaxed, Ordering::Relaxed, |id| {
    |

warning: unused variable: `width`
   --> src/ffi/lib.rs:122:14
    |
122 |         let (width, height) = renderer_box.dims();
    |              ^^^^^ help: if this is intentional, prefix it with an underscore: `_width`
    |
    = note: `#[warn(unused_variables)]` (part of `#[warn(unused)]`) on by default

warning: function `validate_pointer` is never used
   --> src/ffi/types.rs:182:15
    |
182 | pub(crate) fn validate_pointer<T>(ptr: *const T) -> bool {
    |               ^^^^^^^^^^^^^^^^
    |
    = note: `#[warn(dead_code)]` (part of `#[warn(unused)]`) on by default

warning: function `validate_mut_pointer` is never used
   --> src/ffi/types.rs:187:15
    |
187 | pub(crate) fn validate_mut_pointer<T>(ptr: *mut T) -> bool {
    |               ^^^^^^^^^^^^^^^^^^^^

warning: function `safe_cast` is never used
   --> src/ffi/types.rs:192:22
    |
192 | pub(crate) unsafe fn safe_cast<T, U>(ptr: *mut T) -> Result<*mut U, ReactiveError> {
    |                      ^^^^^^^^^

warning: function `safe_cast_const` is never used
   --> src/ffi/types.rs:206:22
    |
206 | pub(crate) unsafe fn safe_cast_const<T, U>(ptr: *const T) -> Result<*const U, ReactiveError> {
    |                      ^^^^^^^^^^^^^^^

warning: `reactive-tui` (lib) generated 10 warnings (run `cargo fix --lib -p reactive-tui` to apply 5 suggestions)
    Finished `test` profile [unoptimized + debuginfo] target(s) in 32.79s
     Running tests/api_signal_ownership.rs (target/api-signal-miri/miri/x86_64-unknown-linux-gnu/debug/build/reactive-tui/4a19172294474d9e/out/api_signal_ownership-4a19172294474d9e)
