...........
----------------------------------------------------------------------
Ran 11 tests in 0.000s

OK
   Compiling reactive-tui v0.1.0 (/home/shawn/workspace2/reactive-tui)
    Finished `test` profile [unoptimized + debuginfo] target(s) in 3.93s
     Running tests/widget_catalog_behavior.rs (/tmp/reactive-tui-wgpu.waMUcc/debug/deps/widget_catalog_behavior-64fe297e0385f367)

running 19 tests
test catalog_exposes_the_complete_page_order ... ok
test advertised_quit_keys_request_normal_app_exit ... ok
test animation_waits_for_its_deadline_and_skips_missed_frames ... ok
test dialogs_are_live_and_separately_reachable ... ok
test layout_page_mounts_a_real_four_column_span_grid ... ok
test navigation_changes_at_the_eighty_column_breakpoint ... ok
test released_quit_keys_and_plain_letters_do_not_exit ... ok
test number_keys_jump_to_the_displayed_page ... ok
test page_scroll_view_uses_the_terminal_stage_not_default_dimensions ... ok
test page_navigation_wraps_in_both_directions ... ok
test cube_frames_are_distinct_and_bounded ... ok
test every_page_renders_a_focused_stage ... ok
test compact_and_wide_navigation_paint_every_shortcut_after_resize ... ok
test table_has_representative_rows_and_logo_is_decodable ... ok
test overview_coverage_wraps_and_navigation_entries_do_not_stretch ... ok
test both_layout_example_columns_are_visible_and_compact ... ok
test colored_column_spans_have_native_cell_geometry_at_each_viewport ... ok
test context_and_popup_menus_are_visible_when_selected ... ok
test live_dialogs_switch_through_real_app_input ... ok

test result: ok. 19 passed; 0 failed; 0 ignored; 0 measured; 0 filtered out; finished in 0.45s

   Compiling reactive-tui v0.1.0 (/home/shawn/workspace2/reactive-tui)
    Finished `dev` profile [unoptimized + debuginfo] target(s) in 0.77s
CATALOG HOST CAPTURE {"path": ".cairn/evidence/captures/catalog/20260916T205959702219Z-881809/kitty-overview-60x24.png", "sha256": "9f93aeb7e9d75fda2760a4735a312655f5bb62ecebd0dde5c4d8a9d0003ad2ba"}
CATALOG HOST CAPTURE {"path": ".cairn/evidence/captures/catalog/20260916T205959702219Z-881809/kitty-layout-60x24.png", "sha256": "d5e7c00ba3fac4124c27d54e63929c043b7296902b492f96a5452f2940e91573"}
CATALOG HOST CAPTURE {"path": ".cairn/evidence/captures/catalog/20260916T205959702219Z-881809/kitty-overview-144x50.png", "sha256": "648b8eba16915e14400b01d105d38e030feef2b552e454bb65caacd54e74d4f4"}
CATALOG HOST CAPTURE {"path": ".cairn/evidence/captures/catalog/20260916T205959702219Z-881809/kitty-layout-144x50.png", "sha256": "385b2ec5b3291dfae1b1ddc44788577f64b940fd53da780783b64b06ba80c053"}
CATALOG HOST CAPTURE {"path": ".cairn/evidence/captures/catalog/20260916T205959702219Z-881809/kitty-overview-200x60.png", "sha256": "274d6d67ea92ecf7890f26f57cc28bff9928f1c3692c956afc02187a0dae965a"}
CATALOG HOST CAPTURE {"path": ".cairn/evidence/captures/catalog/20260916T205959702219Z-881809/kitty-layout-200x60.png", "sha256": "a919e69b2860301845716abe6a7daca664451f9999353a90a23eecb466db74aa"}
CATALOG HOST MANIFEST {"path": ".cairn/evidence/captures/catalog/20260916T205959702219Z-881809/host.json", "sha256": "1c7c294674a575c68a9fe32ae1c74a40b2166165c491d724a3f71fe1f2d9e96c"}
REVIEW: inspect actual PNGs; text readiness does not prove visual quality
PASS CAT-001: catalog requirement checks passed
