.............
----------------------------------------------------------------------
Ran 13 tests in 0.031s

OK
DQC-003 audited library sources:
- src/accessibility/connection.rs
- src/accessibility/mod.rs
- src/accessibility/platform/mod.rs
- src/accessibility/platform/translation/action.rs
- src/accessibility/platform/translation/adapter.rs
- src/accessibility/platform/translation/callback.rs
- src/accessibility/platform/translation/context.rs
- src/accessibility/platform/translation/error.rs
- src/accessibility/platform/translation/events.rs
- src/accessibility/platform/translation/filters.rs
- src/accessibility/platform/translation/mod.rs
- src/accessibility/platform/translation/node.rs
- src/accessibility/platform/translation/rect.rs
- src/accessibility/platform/translation/simplified.rs
- src/accessibility/platform/translation/state_tests.rs
- src/accessibility/platform/translation/text_attributes.rs
- src/accessibility/platform/translation/util.rs
- src/accessibility/platform/unix/adapter.rs
- src/accessibility/platform/unix/atspi/bus.rs
- src/accessibility/platform/unix/atspi/interfaces/accessible.rs
- src/accessibility/platform/unix/atspi/interfaces/action.rs
- src/accessibility/platform/unix/atspi/interfaces/application.rs
- src/accessibility/platform/unix/atspi/interfaces/cache.rs
- src/accessibility/platform/unix/atspi/interfaces/component.rs
- src/accessibility/platform/unix/atspi/interfaces/document.rs
- src/accessibility/platform/unix/atspi/interfaces/editable_text.rs
- src/accessibility/platform/unix/atspi/interfaces/hyperlink.rs
- src/accessibility/platform/unix/atspi/interfaces/mod.rs
- src/accessibility/platform/unix/atspi/interfaces/selection.rs
- src/accessibility/platform/unix/atspi/interfaces/text.rs
- src/accessibility/platform/unix/atspi/interfaces/value.rs
- src/accessibility/platform/unix/atspi/mod.rs
- src/accessibility/platform/unix/atspi/object_address.rs
- src/accessibility/platform/unix/atspi/object_id.rs
- src/accessibility/platform/unix/context.rs
- src/accessibility/platform/unix/executor.rs
- src/accessibility/platform/unix/mod.rs
- src/accessibility/platform/unix/transport.rs
- src/accessibility/platform/unix/util.rs
- src/accessibility/style.rs
- src/accessibility/text.rs
- src/animation/api.rs
- src/animation/binding.rs
- src/animation/core.rs
- src/animation/debug.rs
- src/animation/easing.rs
- src/animation/keyframes/typed.rs
- src/animation/keyframes.rs
- src/animation/lock_free.rs
- src/animation/mod.rs
- src/animation/performance.rs
- src/animation/properties.rs
- src/animation/spring.rs
- src/animation/stagger.rs
- src/animation/state.rs
- src/animation/targets.rs
- src/app/animation_target_tests.rs
- src/app/event_tree/accessibility.rs
- src/app/event_tree/capture_tests.rs
- src/app/event_tree.rs
- src/app/focus_manager.rs
- src/app/motion/property.rs
- src/app/motion.rs
- src/app/performance.rs
- src/app.rs
- src/backend/cell_frame.rs
- src/backend/crossterm/src/ansi_support.rs
- src/backend/crossterm/src/clipboard.rs
- src/backend/crossterm/src/command.rs
- src/backend/crossterm/src/cursor/sys/unix.rs
- src/backend/crossterm/src/cursor/sys/windows.rs
- src/backend/crossterm/src/cursor/sys.rs
- src/backend/crossterm/src/cursor.rs
- src/backend/crossterm/src/event/filter.rs
- src/backend/crossterm/src/event/read.rs
- src/backend/crossterm/src/event/source/unix/mio.rs
- src/backend/crossterm/src/event/source/unix/tty.rs
- src/backend/crossterm/src/event/source/unix.rs
- src/backend/crossterm/src/event/source/windows.rs
- src/backend/crossterm/src/event/source.rs
- src/backend/crossterm/src/event/stream.rs
- src/backend/crossterm/src/event/sys/unix/parse.rs
- src/backend/crossterm/src/event/sys/unix/waker/mio.rs
- src/backend/crossterm/src/event/sys/unix/waker/tty.rs
- src/backend/crossterm/src/event/sys/unix/waker.rs
- src/backend/crossterm/src/event/sys/unix.rs
- src/backend/crossterm/src/event/sys/windows/parse.rs
- src/backend/crossterm/src/event/sys/windows/poll.rs
- src/backend/crossterm/src/event/sys/windows/waker.rs
- src/backend/crossterm/src/event/sys/windows.rs
- src/backend/crossterm/src/event/sys.rs
- src/backend/crossterm/src/event/timeout.rs
- src/backend/crossterm/src/event.rs
- src/backend/crossterm/src/lib.rs
- src/backend/crossterm/src/macros.rs
- src/backend/crossterm/src/style/attributes.rs
- src/backend/crossterm/src/style/content_style.rs
- src/backend/crossterm/src/style/styled_content.rs
- src/backend/crossterm/src/style/stylize.rs
- src/backend/crossterm/src/style/sys/windows.rs
- src/backend/crossterm/src/style/sys.rs
- src/backend/crossterm/src/style/types/attribute.rs
- src/backend/crossterm/src/style/types/color.rs
- src/backend/crossterm/src/style/types/colored.rs
- src/backend/crossterm/src/style/types/colors.rs
- src/backend/crossterm/src/style/types.rs
- src/backend/crossterm/src/style.rs
- src/backend/crossterm/src/terminal/sys/file_descriptor.rs
- src/backend/crossterm/src/terminal/sys/unix.rs
- src/backend/crossterm/src/terminal/sys/windows.rs
- src/backend/crossterm/src/terminal/sys.rs
- src/backend/crossterm/src/terminal.rs
- src/backend/crossterm/src/tty.rs
- src/backend/debug_frame.rs
- src/backend/direct_tty.rs
- src/backend/engine/src/ansi.rs
- src/backend/engine/src/audio.rs
- src/backend/engine/src/buffer/draw.rs
- src/backend/engine/src/buffer/mod.rs
- src/backend/engine/src/clipboard.rs
- src/backend/engine/src/layout.rs
- src/backend/engine/src/lib.rs
- src/backend/engine/src/link.rs
- src/backend/engine/src/media.rs
- src/backend/engine/src/render.rs
- src/backend/engine/src/sys.rs
- src/backend/engine/src/term.rs
- src/backend/engine/src/term_embedded.rs
- src/backend/engine/src/text.rs
- src/backend/engine/src/uni/mod.rs
- src/backend/engine/src/uni/pool.rs
- src/backend/engine/src/uni/segments.rs
- src/backend/engine/src/uni_tables.rs
- src/backend/mod.rs
- src/backend/suprtui/cursor_tests.rs
- src/backend/suprtui/graphics/coverage.rs
- src/backend/suprtui/graphics.rs
- src/backend/suprtui/input.rs
- src/backend/suprtui/output.rs
- src/backend/suprtui.rs
- src/builder/core.rs
- src/builder/dialog_builders.rs
- src/builder/layout.rs
- src/builder/macros.rs
- src/builder/mixed.rs
- src/builder/mod.rs
- src/builder/specialized.rs
- src/builder/test_specialized.rs
- src/builder/widgets/accordion.rs
- src/builder/widgets/breadcrumb.rs
- src/builder/widgets/chart.rs
- src/builder/widgets/dialog.rs
- src/builder/widgets/display.rs
- src/builder/widgets/file_explorer.rs
- src/builder/widgets/input.rs
- src/builder/widgets/layout.rs
- src/builder/widgets/menu.rs
- src/builder/widgets/mod.rs
- src/builder/widgets/table.rs
- src/component/anchors.rs
- src/component/bridge.rs
- src/component/builtin.rs
- src/component/cache.rs
- src/component/change.rs
- src/component/element.rs
- src/component/focus.rs
- src/component/instance.rs
- src/component/layout_info.rs
- src/component/lifecycle.rs
- src/component/mod.rs
- src/component/props.rs
- src/component/registry.rs
- src/component/runtime.rs
- src/component/state_flags.rs
- src/component/tracked_instance.rs
- src/core/capabilities.rs
- src/core/geometry.rs
- src/core/grapheme_cell.rs
- src/core/mod.rs
- src/core/mouse_tracker.rs
- src/core/owned_process.rs
- src/core/render_ops.rs
- src/core/render_stats.rs
- src/core/renderer.rs
- src/core/renderer_test.rs
- src/core/span_diff.rs
- src/core/styled_text.rs
- src/core/surface/image_output.rs
- src/core/surface.rs
- src/core/terminal.rs
- src/core/window.rs
- src/core/writer.rs
- src/display/adaptive.rs
- src/display/capabilities.rs
- src/display/mod.rs
- src/display/monitor.rs
- src/editor/cursor.rs
- src/editor/gap_buffer.rs
- src/editor/mod.rs
- src/editor/painting.rs
- src/editor/positions.rs
- src/editor/syntax_editor.rs
- src/editor/text_editor.rs
- src/embedded/keyboard.rs
- src/embedded/mod.rs
- src/embedded/pty.rs
- src/embedded/snapshot.rs
- src/embedded/worker.rs
- src/error.rs
- src/escape/csi.rs
- src/escape/esc.rs
- src/escape/mod.rs
- src/escape/osc.rs
- src/escape/parser/mod.rs
- src/event/cache.rs
- src/event/focus.rs
- src/event/hit.rs
- src/event/mod.rs
- src/event/notifications.rs
- src/event/router.rs
- src/event/types.rs
- src/ffi/animation.rs
- src/ffi/app.rs
- src/ffi/builder.rs
- src/ffi/component.rs
- src/ffi/controller.rs
- src/ffi/dialog/options.rs
- src/ffi/dialog.rs
- src/ffi/editor.rs
- src/ffi/error.rs
- src/ffi/foreign/input.rs
- src/ffi/foreign.rs
- src/ffi/layout.rs
- src/ffi/lib.rs
- src/ffi/mod.rs
- src/ffi/pointer.rs
- src/ffi/reactive.rs
- src/ffi/render.rs
- src/ffi/stats.rs
- src/ffi/surface.rs
- src/ffi/terminal.rs
- src/ffi/terminal_legacy.rs
- src/ffi/text.rs
- src/ffi/types.rs
- src/ffi/widgets.rs
- src/graphics/animation.rs
- src/graphics/canvas.rs
- src/graphics/cpu.rs
- src/graphics/hybrid.rs
- src/graphics/mod.rs
- src/hooks/animation.rs
- src/hooks/clipboard.rs
- src/hooks/clipboard_process.rs
- src/hooks/fps.rs
- src/hooks/mod.rs
- src/hooks/mouse.rs
- src/hooks/perf_context.rs
- src/hooks/processor.rs
- src/hooks/refs.rs
- src/hooks/timer.rs
- src/layout/colors.rs
- src/layout/css/accessibility.rs
- src/layout/css/animations.rs
- src/layout/css/cache.rs
- src/layout/css/colors.rs
- src/layout/css/containers.rs
- src/layout/css/css_in_rust.rs
- src/layout/css/effects.rs
- src/layout/css/focus.rs
- src/layout/css/gradients.rs
- src/layout/css/interactions.rs
- src/layout/css/layout.rs
- src/layout/css/manager.rs
- src/layout/css/mod.rs
- src/layout/css/optimizer.rs
- src/layout/css/parsers.rs
- src/layout/css/sizing.rs
- src/layout/css/spacing.rs
- src/layout/css/typography.rs
- src/layout/css/variants.rs
- src/layout/css/visual_style.rs
- src/layout/grid.rs
- src/layout/manager.rs
- src/layout/mod.rs
- src/layout/motion.rs
- src/layout/paint_tree/suprtui/cursor.rs
- src/layout/paint_tree/suprtui/images.rs
- src/layout/paint_tree/suprtui.rs
- src/layout/paint_tree/transform.rs
- src/layout/paint_tree.rs
- src/layout/renderer.rs
- src/layout/style/inline.rs
- src/layout/style.rs
- src/layout/text.rs
- src/lib.rs
- src/markdown/ast_walker.rs
- src/markdown/converter.rs
- src/markdown/mod.rs
- src/markdown/renderer.rs
- src/platform/capabilities.rs
- src/platform/ctlseqs.rs
- src/platform/image/sixel_decode.rs
- src/platform/image.rs
- src/platform/input_receiver.rs
- src/platform/loop.rs
- src/platform/mod.rs
- src/platform/parser.rs
- src/platform/unicode.rs
- src/platform/unix.rs
- src/platform/windows.rs
- src/reactive/component_scope.rs
- src/reactive/effect.rs
- src/reactive/hook_resources.rs
- src/reactive/hooks.rs
- src/reactive/local_hooks.rs
- src/reactive/mod.rs
- src/reactive/runtime.rs
- src/reactive/scheduler.rs
- src/reactive/signal.rs
- src/reactive/wake.rs
- src/render/mod.rs
- src/render/optimize.rs
- src/render/reconcile.rs
- src/render/scheduler.rs
- src/render/tree.rs
- src/screen/composition.rs
- src/screen/manager.rs
- src/screen/mod.rs
- src/screen/runtime.rs
- src/screen/transitions.rs
- src/syntax/cache.rs
- src/syntax/highlighter.rs
- src/syntax/mod.rs
- src/syntax/resources.rs
- src/syntax/theme.rs
- src/terminal/ansi.rs
- src/terminal/cell.rs
- src/terminal/cursor.rs
- src/terminal/keyboard.rs
- src/terminal/mod.rs
- src/terminal/owned_pty.rs
- src/terminal/parser.rs
- src/terminal/pty/unix.rs
- src/terminal/pty/windows/job.rs
- src/terminal/pty/windows/native.rs
- src/terminal/pty/windows/runtime.rs
- src/terminal/pty/windows.rs
- src/terminal/pty.rs
- src/terminal/screen/edit.rs
- src/terminal/screen/modes.rs
- src/terminal/screen/reflow.rs
- src/terminal/screen/reflow_tests.rs
- src/terminal/screen/text.rs
- src/terminal/screen.rs
- src/terminal/terminal_impl.rs
- src/theme/ansi.rs
- src/theme/colors.rs
- src/theme/mod.rs
- src/theme/presets.rs
- src/theme/variables.rs
- src/ui/hitgrid.rs
- src/ui/mod.rs
- src/ui/paint.rs
- src/ui/updater.rs
- src/vdom/bridge.rs
- src/vdom/diff.rs
- src/vdom/menu.rs
- src/vdom/mod.rs
- src/vdom/node.rs
- src/vdom/patch.rs
- src/widgets/dialog/autocomplete/live.rs
- src/widgets/dialog/autocomplete.rs
- src/widgets/dialog/confirmation/live.rs
- src/widgets/dialog/confirmation.rs
- src/widgets/dialog/dialog_buffer.rs
- src/widgets/dialog/dialog_component.rs
- src/widgets/dialog/dialog_types.rs
- src/widgets/dialog/engine/content.rs
- src/widgets/dialog/engine/live.rs
- src/widgets/dialog/engine/mailbox.rs
- src/widgets/dialog/engine/motion.rs
- src/widgets/dialog/engine.rs
- src/widgets/dialog/frame.rs
- src/widgets/dialog/http.rs
- src/widgets/dialog/input/live/remote.rs
- src/widgets/dialog/input/live.rs
- src/widgets/dialog/input/validation.rs
- src/widgets/dialog/input.rs
- src/widgets/dialog/mod.rs
- src/widgets/dialog/progress/live.rs
- src/widgets/dialog/progress.rs
- src/widgets/dialog/toast/live.rs
- src/widgets/dialog/toast.rs
- src/widgets/dialog/wizard/live.rs
- src/widgets/dialog/wizard.rs
- src/widgets/display/charts/live/canvas/cartesian.rs
- src/widgets/display/charts/live/canvas/pie.rs
- src/widgets/display/charts/live/canvas.rs
- src/widgets/display/charts/live/motion.rs
- src/widgets/display/charts/live.rs
- src/widgets/display/charts.rs
- src/widgets/display/data_table/filters.rs
- src/widgets/display/data_table/live.rs
- src/widgets/display/data_table.rs
- src/widgets/display/file_explorer/live/paint.rs
- src/widgets/display/file_explorer/live.rs
- src/widgets/display/file_explorer/worker/operations/rename.rs
- src/widgets/display/file_explorer/worker/operations/symlink.rs
- src/widgets/display/file_explorer/worker/operations.rs
- src/widgets/display/file_explorer/worker.rs
- src/widgets/display/file_explorer.rs
- src/widgets/display/image/decoded.rs
- src/widgets/display/image/external_renderer.rs
- src/widgets/display/image/image_processor.rs
- src/widgets/display/image/live/animation.rs
- src/widgets/display/image/live/cells.rs
- src/widgets/display/image/live/worker.rs
- src/widgets/display/image/live.rs
- src/widgets/display/image/mod.rs
- src/widgets/display/image/paint.rs
- src/widgets/display/image/protocol_renderer.rs
- src/widgets/display/image/sixel_encode.rs
- src/widgets/display/image/sixel_renderer.rs
- src/widgets/display/mod.rs
- src/widgets/display/modal/live/events.rs
- src/widgets/display/modal/live/render.rs
- src/widgets/display/modal/live.rs
- src/widgets/display/modal.rs
- src/widgets/display/overlay.rs
- src/widgets/display/popover/live/events.rs
- src/widgets/display/popover/live/render.rs
- src/widgets/display/popover/live.rs
- src/widgets/display/popover.rs
- src/widgets/display/progress_bar/live/motion.rs
- src/widgets/display/progress_bar/live.rs
- src/widgets/display/progress_bar.rs
- src/widgets/display/table/border.rs
- src/widgets/display/table/live.rs
- src/widgets/display/table.rs
- src/widgets/display/tree/live/paint.rs
- src/widgets/display/tree/live.rs
- src/widgets/display/tree.rs
- src/widgets/input/checkbox.rs
- src/widgets/input/mod.rs
- src/widgets/input/named_radio.rs
- src/widgets/input/radio_button.rs
- src/widgets/input/select.rs
- src/widgets/input/slider.rs
- src/widgets/input/text_input/accessibility.rs
- src/widgets/input/text_input/paint.rs
- src/widgets/input/text_input.rs
- src/widgets/layout/accordion/live/motion.rs
- src/widgets/layout/accordion/live.rs
- src/widgets/layout/accordion.rs
- src/widgets/layout/breadcrumb/live.rs
- src/widgets/layout/breadcrumb/overflow.rs
- src/widgets/layout/breadcrumb.rs
- src/widgets/layout/mod.rs
- src/widgets/layout/scroll_view/motion.rs
- src/widgets/layout/scroll_view.rs
- src/widgets/layout/stack.rs
- src/widgets/layout/tabs.rs
- src/widgets/menu/context.rs
- src/widgets/menu/context_live.rs
- src/widgets/menu/dialog.rs
- src/widgets/menu/dialog_live.rs
- src/widgets/menu/invocation.rs
- src/widgets/menu/item.rs
- src/widgets/menu/menubar.rs
- src/widgets/menu/menubar_live.rs
- src/widgets/menu/mod.rs
- src/widgets/menu/model.rs
- src/widgets/menu/panels.rs
- src/widgets/menu/popup.rs
- src/widgets/menu/popup_live.rs
- src/widgets/menu/runtime.rs
- src/widgets/menu/state.rs
- src/widgets/menu/style.rs
- src/widgets/menu/view.rs
- src/widgets/mod.rs
- src/widgets/terminal/blink.rs
- src/widgets/terminal/monitor.rs
- src/widgets/terminal/paint.rs
- src/widgets/terminal.rs
DQC-003 exercised diagnostic paths: parser, terminal, reconciliation, focus, window
DQC-003 passed: library diagnostics are routed without process output.
