   Compiling syn v2.0.106
   Compiling value-bag v1.14.1
   Compiling rustix v1.1.4
   Compiling event-listener v5.4.2
   Compiling futures-sink v0.3.31
   Compiling serde v1.0.229
   Compiling event-listener v2.5.3
   Compiling temp-env v0.3.6
   Compiling futures-timer v3.0.4
   Compiling futures-channel v0.3.31
   Compiling async-channel v1.9.0
   Compiling log v0.4.34
   Compiling event-listener-strategy v0.5.4
   Compiling async-channel v2.5.0
   Compiling async-lock v3.4.2
   Compiling mio v1.0.4
   Compiling kv-log-macro v1.0.7
   Compiling blocking v1.7.0
   Compiling serde_json v1.0.143
   Compiling signal-hook-mio v0.2.4
   Compiling futures-macro v0.3.31
   Compiling tokio-macros v2.5.0
   Compiling derive_more-impl v2.0.1
   Compiling serial_test_derive v3.5.0
   Compiling tokio v1.47.1
   Compiling derive_more v2.0.1
   Compiling futures-util v0.3.31
   Compiling polling v3.11.0
   Compiling async-io v2.6.0
   Compiling async-global-executor v2.4.1
   Compiling async-std v1.13.2
   Compiling futures-executor v0.3.31
   Compiling futures v0.3.31
   Compiling serial_test v3.5.0
   Compiling reactive-tui-crossterm v0.1.0 (/home/shawn/workspace2/reactive-tui/src/backend/crossterm)
    Finished `test` profile [unoptimized] target(s) in 8.42s
     Running unittests src/lib.rs (/tmp/reactive-tui-wgpu.waMUcc/dqc004/default/debug/deps/crossterm-3edfad216acc5934)
   Compiling reactive-tui v0.1.0 (/home/shawn/workspace2/reactive-tui)
    Finished `test` profile [unoptimized] target(s) in 0.77s
  Executable tests/suprtui_renderer.rs (/tmp/reactive-tui-wgpu.waMUcc/dqc004/default/debug/deps/suprtui_renderer-768ecfef0baadbe6)
   Compiling reactive-tui v0.1.0 (/home/shawn/workspace2/reactive-tui)
warning: ambiguous glob re-exports
   --> src/ffi/mod.rs:143:9
    |
143 | pub use pointer::*;
    |         ^^^^^^^^^^ the name `validate_pointer` in the value namespace is first re-exported here
...
148 | pub use types::*;
    |         -------- but the name `validate_pointer` in the value namespace is also re-exported here
    |
    = note: `#[warn(ambiguous_glob_reexports)]` on by default

warning: unused variable: `width`
   --> src/ffi/lib.rs:122:14
    |
122 |         let (width, height) = renderer_box.dims();
    |              ^^^^^
    |
    = note: `#[warn(unused_variables)]` (part of `#[warn(unused)]`) on by default
help: if this is intentional, prefix it with an underscore
    |
122 |         let (_width, height) = renderer_box.dims();
    |              +
help: you might have meant to pattern match on the similarly named constant `MAX_SCRATCH`
    |
122 -         let (width, height) = renderer_box.dims();
122 +         let (widgets::display::image::sixel_encode::MAX_SCRATCH, height) = renderer_box.dims();
    |

warning: function `validate_pointer` is never used
   --> src/ffi/types.rs:182:15
    |
182 | pub(crate) fn validate_pointer<T>(ptr: *const T) -> bool {
    |               ^^^^^^^^^^^^^^^^
    |
    = note: `#[warn(dead_code)]` (part of `#[warn(unused)]`) on by default

warning: function `validate_mut_pointer` is never used
   --> src/ffi/types.rs:187:15
    |
187 | pub(crate) fn validate_mut_pointer<T>(ptr: *mut T) -> bool {
    |               ^^^^^^^^^^^^^^^^^^^^

warning: function `safe_cast` is never used
   --> src/ffi/types.rs:192:22
    |
192 | pub(crate) unsafe fn safe_cast<T, U>(ptr: *mut T) -> Result<*mut U, ReactiveError> {
    |                      ^^^^^^^^^

warning: function `safe_cast_const` is never used
   --> src/ffi/types.rs:206:22
    |
206 | pub(crate) unsafe fn safe_cast_const<T, U>(ptr: *const T) -> Result<*const U, ReactiveError> {
    |                      ^^^^^^^^^^^^^^^

warning: `reactive-tui` (lib) generated 6 warnings (run `cargo fix --lib -p reactive-tui` to apply 1 suggestion)
    Finished `dev` profile [unoptimized] target(s) in 13.74s
