   Compiling reactive-tui v0.1.0 (/home/shawn/workspace2/reactive-tui)
    Finished `test` profile [unoptimized + debuginfo] target(s) in 1.45s
     Running tests/api_hook_lifecycle.rs (target/debug/deps/api_hook_lifecycle-e33c6f4df0f1eed1)

running 7 tests
test app_stop_cleans_up_components_that_are_still_mounted ... ok
test app_timers_fire_and_removal_leaves_no_scheduled_work ... ok
test effect_dependencies_skip_unchanged_renders_and_cleanup_before_replacement ... ok
test effects_cleanup_on_rerender_and_removal_after_the_render_body ... ok
test keyframe_values_paint_through_app_and_removal_disables_the_escaped_handle ... ok
test providers_inherit_override_and_restore_without_leaking_to_another_app ... ok
test standalone_effect_cleanup_waits_until_explicit_cleanup ... ok

test result: ok. 7 passed; 0 failed; 0 ignored; 0 measured; 0 filtered out; finished in 0.21s

    Finished `test` profile [unoptimized + debuginfo] target(s) in 0.08s
     Running unittests src/lib.rs (target/debug/deps/reactive_tui-cf396ad3e1c2165f)

running 8 tests
test reactive::hooks::tests::aborted_render_does_not_commit_effect_dependencies ... ok
test reactive::hooks::tests::final_hook_clone_drop_runs_cleanup_once ... ok
test reactive::hooks::tests::overlapping_frames_fail_without_poisoning_state ... ok
test reactive::hooks::tests::panicking_effect_does_not_leave_its_slot_running ... ok
test reactive::hooks::tests::rac_002_thread_safe_signal_update_allows_reentrant_read_and_write ... ok
test reactive::hooks::tests::repeated_frames_keep_a_bounded_slot_count ... ok
test reactive::hooks::tests::test_thread_safe_context ... ok
test reactive::hooks::tests::test_thread_safe_signal ... ok

test result: ok. 8 passed; 0 failed; 0 ignored; 0 measured; 1056 filtered out; finished in 0.00s

    Finished `test` profile [unoptimized + debuginfo] target(s) in 0.08s
     Running unittests src/lib.rs (target/debug/deps/reactive_tui-cf396ad3e1c2165f)

running 1 test
test reactive::component_scope::tests::nested_app_scopes_isolate_context_and_cleanup_retained_hooks ... ok

test result: ok. 1 passed; 0 failed; 0 ignored; 0 measured; 1063 filtered out; finished in 0.00s

    Finished `test` profile [unoptimized + debuginfo] target(s) in 0.09s
     Running unittests src/lib.rs (target/debug/deps/reactive_tui-cf396ad3e1c2165f)

running 10 tests
test hooks::timer::tests::dropping_standalone_hooks_releases_callback_even_with_a_retained_handle ... ok
test hooks::timer::tests::interval_callback_can_cancel_its_own_handle ... ok
test hooks::timer::tests::owned_interval_preserves_deadlines_and_refreshes_callbacks ... ok
test hooks::timer::tests::rac_002_throttle_and_debounce_callbacks_are_reentrant ... ok
test hooks::timer::tests::rac_003_unscoped_hook_timer_releases_its_fallback_worker ... ok
test hooks::timer::tests::retained_debounce_cannot_schedule_after_owner_removal ... ok
test hooks::timer::tests::test_debounced_function ... ok
test hooks::timer::tests::test_throttled_function ... ok
test hooks::timer::tests::test_timer_handle ... ok
test hooks::timer::tests::timeout_completes_once_and_only_changed_duration_restarts_it ... ok

test result: ok. 10 passed; 0 failed; 0 ignored; 0 measured; 1054 filtered out; finished in 0.08s

