    Checking cfg-if v1.0.3
    Checking pin-project-lite v0.2.16
    Checking bitflags v2.11.0
    Checking linux-raw-sys v0.12.1
    Checking libc v0.2.189
    Checking serde_core v1.0.229
    Checking futures-core v0.3.31
    Checking once_cell v1.21.3
    Checking crossbeam-utils v0.8.21
    Checking parking v2.2.1
    Checking fastrand v2.3.0
    Checking unicode-ident v1.0.18
    Checking memchr v2.7.5
    Checking futures-io v0.3.31
    Checking proc-macro2 v1.0.101
    Checking slab v0.4.11
    Checking event-listener v5.4.2
    Checking winnow v1.0.4
    Checking simd-adler32 v0.3.7
    Checking endi v1.1.1
    Checking futures-lite v2.6.1
    Checking smallvec v1.15.1
    Checking event-listener-strategy v0.5.4
    Checking adler2 v2.0.1
    Checking async-task v4.7.1
    Checking itoa v1.0.15
    Checking miniz_oxide v0.8.9
    Checking crc32fast v1.5.0
    Checking quote v1.0.40
    Checking atomic-waker v1.1.2
    Checking equivalent v1.0.2
    Checking concurrent-queue v2.5.0
    Checking foldhash v0.2.0
    Checking regex-syntax v0.8.6
    Checking allocator-api2 v0.2.21
    Checking piper v0.2.5
    Checking syn v3.0.5
    Checking async-channel v2.5.0
    Checking aho-corasick v1.1.3
    Checking flate2 v1.1.2
    Checking num-traits v0.2.19
    Checking async-lock v3.4.2
    Checking hashbrown v0.17.1
    Checking tracing-core v0.1.36
    Checking siphasher v1.0.1
    Checking log v0.4.34
    Checking arrayvec v0.7.6
    Checking scopeguard v1.2.0
    Checking blocking v1.7.0
    Checking async-executor v1.14.0
    Checking io-lifetimes v2.0.4
    Checking lock_api v0.4.13
    Checking io-lifetimes v3.0.1
    Checking async-broadcast v0.7.2
    Checking ordered-stream v0.2.0
    Checking tracing v0.1.44
    Checking weezl v0.1.10
    Checking powerfmt v0.2.0
    Checking bit-vec v0.8.0
    Checking ryu v1.0.20
    Checking hex v0.4.3
    Checking getrandom v0.3.3
    Checking signal-hook-registry v1.4.6
    Checking parking_lot_core v0.9.11
    Checking bit-set v0.8.0
    Checking mio v1.0.4
    Checking deranged v0.5.8
    Checking rand_core v0.9.3
    Checking io-extras v0.19.0
    Checking slotmap v1.0.7
    Checking crossbeam-epoch v0.9.20
    Checking parking_lot v0.12.4
    Checking fdeflate v0.3.7
    Checking fnv v1.0.7
    Checking static_assertions v1.1.0
    Checking either v1.15.0
    Checking maybe-owned v0.3.4
    Checking ipnet v2.12.2
    Checking bitflags v1.3.2
    Checking num-conv v0.2.2
    Checking ambient-authority v0.0.2
    Checking pin-utils v0.1.0
    Checking same-file v1.0.6
    Checking byteorder-lite v0.1.0
    Checking futures-task v0.3.31
    Checking quick-error v2.0.1
    Checking zune-core v0.4.12
    Checking color_quant v1.1.0
    Checking tinyvec v1.13.3
    Checking jpeg-decoder v0.3.2
    Checking time-core v0.1.8
    Checking gif v0.13.3
    Checking zune-jpeg v0.4.20
    Checking rustix v1.1.4
    Checking futures-util v0.3.31
    Checking regex-automata v0.4.10
    Checking walkdir v2.5.0
    Checking image-webp v0.2.4
    Checking png v0.17.16
    Checking crossbeam-deque v0.8.6
    Checking signal-hook v0.3.18
    Checking unicode-normalization v0.1.25
    Checking time v0.3.47
    Checking tiff v0.9.1
    Checking zerocopy v0.8.26
    Checking serde v1.0.229
    Checking indexmap v2.14.2
    Checking vte v0.15.0
    Checking phf_shared v0.13.1
    Checking quick-xml v0.42.0
    Checking half v2.6.0
    Checking clap_lex v0.7.5
    Checking zcheapstr v1.1.0
    Checking enumflags2 v0.7.12
    Checking uuid v1.18.1
    Checking serde_json v1.0.143
    Checking ciborium-io v0.2.2
    Checking option-ext v0.2.0
    Checking anstyle v1.0.11
    Checking plotters-backend v0.3.7
    Checking linked-hash-map v0.5.6
    Checking bytemuck v1.23.2
    Checking base64 v0.23.1
    Checking yaml-rust v0.4.5
    Checking clap_builder v4.5.46
    Checking plotters-svg v0.3.7
    Checking accesskit v0.25.0
    Checking image v0.25.6
    Checking dirs-sys v0.4.1
    Checking ciborium-ll v0.2.2
    Checking bincode v1.3.3
    Checking thiserror v2.0.20
    Checking phf v0.13.1
    Checking caseless v0.2.2
    Checking derive_more v2.0.1
    Checking signal-hook-mio v0.2.4
    Checking rayon-core v1.13.0
    Checking jetscii v0.5.3
    Checking taffy v0.13.0
    Checking itertools v0.10.5
    Checking ppv-lite86 v0.2.21
    Checking wait-timeout v0.2.1
    Checking socket2 v0.6.0
    Checking zvariant_utils v4.2.0
    Checking phf_shared v0.11.3
    Checking plist v1.10.1
    Checking typed-arena v2.0.2
    Checking quick-error v1.2.3
    Checking unicode-width v0.2.1
    Checking bytes v1.11.1
    Checking finl_unicode v1.4.0
    Checking unicode-properties v0.1.4
    Checking rustc-hash v2.1.3
    Checking zvariant v5.15.0
    Checking new_debug_unreachable v1.0.6
    Checking unicode-segmentation v1.13.3
    Checking lazy_static v1.5.0
    Checking cast v0.3.0
    Checking grid v1.0.1
   Compiling reactive-tui v0.1.0 (/home/shawn/workspace2/reactive-tui)
    Checking polling v3.11.0
    Checking fs-set-times v0.20.3
    Checking rustix-linux-procfs v0.1.1
    Checking tempfile v3.21.0
    Checking regex v1.11.2
    Checking fancy-regex v0.16.2
    Checking precomputed-hash v0.1.1
    Checking tokio v1.47.1
    Checking async-io v2.6.0
    Checking taffy v0.9.2
    Checking cap-primitives v4.0.3
    Checking string_cache v0.8.9
    Checking rusty-fork v0.3.0
    Checking clap v4.5.46
    Checking reactive-tui-crossterm v0.1.0 (/home/shawn/workspace2/reactive-tui/src/backend/crossterm)
    Checking comrak v0.55.0
    Checking vt100 v0.16.2
    Checking cap-std v4.0.3
    Checking async-signal v0.2.14
    Checking rand_chacha v0.9.0
    Checking async-process v2.5.0
    Checking rayon v1.11.0
    Checking cap-fs-ext v4.0.3
    Checking tinytemplate v1.2.1
    Checking syntect v5.3.0
    Checking accesskit_consumer v0.39.0
    Checking criterion-plot v0.5.0
    Checking ciborium v0.2.2
    Checking dirs v5.0.1
    Checking plotters v0.3.7
    Checking reactive-tui-suprtui v0.1.0 (/home/shawn/workspace2/reactive-tui/src/backend/engine)
    Checking futures-executor v0.3.31
    Checking rand_xorshift v0.4.0
    Checking rand v0.9.3
    Checking is-terminal v0.4.16
    Checking lru v0.18.4
   Compiling reactive-tui-macros v0.1.0 (/home/shawn/workspace2/reactive-tui/reactive-tui-macros)
    Checking anes v0.1.6
    Checking oorandom v11.1.5
    Checking unarray v0.1.4
    Checking base64 v0.22.1
    Checking serial_test v3.5.0
    Checking syn v2.0.106
    Checking proptest v1.7.0
    Checking criterion v0.5.1
    Checking zbus_names v4.3.4
    Checking zbus_xml v5.2.1
    Checking zbus v5.19.0
    Checking zbus-lockstep v0.5.2
    Checking atspi-common v0.13.0
    Checking atspi-proxies v0.13.0
    Checking atspi v0.29.0
    Finished `dev` profile [unoptimized] target(s) in 19.55s
