............
----------------------------------------------------------------------
Ran 12 tests in 0.009s

OK
   Compiling proc-macro2 v1.0.101
   Compiling thiserror v2.0.20
   Compiling quote v1.0.40
   Compiling syn v3.0.5
   Compiling syn v2.0.106
   Compiling enumflags2_derive v0.7.12
   Compiling tracing-attributes v0.1.31
   Compiling async-recursion v1.1.1
   Compiling futures-macro v0.3.31
   Compiling phf_macros v0.13.1
   Compiling derive_more-impl v2.0.1
   Compiling tokio-macros v2.5.0
   Compiling reactive-tui-macros v0.1.0 (/home/shawn/workspace2/reactive-tui/reactive-tui-macros)
   Compiling serial_test_derive v3.5.0
   Compiling serde_derive v1.0.229
   Compiling serde_repr v0.1.21
   Compiling async-trait v0.1.92
   Compiling thiserror-impl v2.0.20
   Compiling derive_more v2.0.1
   Compiling tokio v1.47.1
   Compiling reactive-tui-crossterm v0.1.0 (/home/shawn/workspace2/reactive-tui/src/backend/crossterm)
   Compiling phf v0.13.1
   Compiling futures-util v0.3.31
   Compiling comrak v0.55.0
   Compiling tracing v0.1.44
   Compiling serde v1.0.229
   Compiling futures-executor v0.3.31
   Compiling serial_test v3.5.0
   Compiling zvariant_utils v4.2.0
   Compiling zcheapstr v1.1.0
   Compiling enumflags2 v0.7.12
   Compiling uuid v1.18.1
   Compiling serde_json v1.0.143
   Compiling bincode v1.3.3
   Compiling plist v1.10.1
   Compiling ciborium v0.2.2
   Compiling string_cache v0.8.9
   Compiling taffy v0.9.2
   Compiling accesskit v0.25.0
   Compiling accesskit_consumer v0.39.0
   Compiling zvariant_derive v5.15.0
   Compiling zvariant v5.15.0
   Compiling syntect v5.3.0
   Compiling tinytemplate v1.2.1
   Compiling criterion v0.5.1
   Compiling zbus_names v4.3.4
   Compiling zbus_xml v5.2.1
   Compiling zbus_macros v5.19.0
   Compiling zbus-lockstep v0.5.2
   Compiling zbus-lockstep-macros v0.5.2
   Compiling zbus v5.19.0
   Compiling atspi-common v0.13.0
   Compiling atspi-proxies v0.13.0
   Compiling atspi v0.29.0
   Compiling reactive-tui v0.1.0 (/home/shawn/workspace2/reactive-tui)
    Finished `test` profile [unoptimized] target(s) in 20.01s
     Running tests/api_clipboard.rs (/tmp/reactive-tui-wgpu.waMUcc/dqc004/default/debug/deps/api_clipboard-b0c9637e99af5b8f)
   Compiling reactive-tui v0.1.0 (/home/shawn/workspace2/reactive-tui)
    Finished `test` profile [unoptimized] target(s) in 12.43s
     Running unittests src/lib.rs (/tmp/reactive-tui-wgpu.waMUcc/dqc004/default/debug/deps/reactive_tui-ee3dccb78368cb88)
Traceback (most recent call last):
  File "/home/shawn/workspace2/reactive-tui/scripts/check-clipboard-platforms.py", line 258, in <module>
    verify()
    ~~~~~~^^
  File "/home/shawn/workspace2/reactive-tui/scripts/check-clipboard-platforms.py", line 232, in verify
    raise RuntimeError("stale or invalid platform evidence: " + backend)
RuntimeError: stale or invalid platform evidence: wayland
Traceback (most recent call last):
  File "/home/shawn/workspace2/reactive-tui/scripts/check-api-clipboard.py", line 14, in <module>
    subprocess.run(
    ~~~~~~~~~~~~~~^
        ["python3", "-B", "scripts/check-clipboard-platforms.py", "--verify"],
        ^^^^^^^^^^^^^^^^^^^^^^^^^^^^^^^^^^^^^^^^^^^^^^^^^^^^^^^^^^^^^^^^^^^^^^
        cwd=Path(__file__).resolve().parents[1], check=True, timeout=30,
        ^^^^^^^^^^^^^^^^^^^^^^^^^^^^^^^^^^^^^^^^^^^^^^^^^^^^^^^^^^^^^^^^
    )
    ^
  File "/home/linuxbrew/.linuxbrew/Cellar/python@3.14/3.14.7/lib/python3.14/subprocess.py", line 578, in run
    raise CalledProcessError(retcode, process.args,
                             output=stdout, stderr=stderr)
subprocess.CalledProcessError: Command '['python3', '-B', 'scripts/check-clipboard-platforms.py', '--verify']' returned non-zero exit status 1.
