FAIL checker-controls Native widget command failed (1): /home/shawn/workspace2/reactive-tui/.cairn/reviews/api-residual/20260918T151016280761Z/checker-controls.out
PASS refs-discovery
PASS refs-behavior
PASS local-discovery
PASS local-behavior
PASS local-consumer
PASS mapping-discovery
PASS mapping-behavior
PASS input-unit-discovery
PASS input-unit-behavior
PASS input-lifecycle
PASS input-controller-cancellation
PASS performance-discovery
PASS performance-behavior
PASS optional_provider_changes_preserve_slots_and_recompute_quality
PASS completed_metrics_notify_other_apps_and_preserve_owner_subscription
PASS performance-consumer-library
PASS performance-consumer-compile
PASS performance-consumer-behavior
PASS updater-discovery
PASS updater-behavior
PASS updater-ordering
FAIL inventory [Errno 2] No such file or directory: '/home/shawn/workspace2/reactive-tui/docs/residual-api-inventory.md'
Residual outputs: .cairn/reviews/api-residual/20260918T151016280761Z
API-019 failed: checker-controls, inventory
