    Blocking waiting for file lock on artifact directory
   Compiling proc-macro2 v1.0.101
   Compiling thiserror v2.0.20
   Compiling quote v1.0.40
   Compiling syn v3.0.5
   Compiling syn v2.0.106
   Compiling enumflags2_derive v0.7.12
   Compiling tracing-attributes v0.1.31
   Compiling async-recursion v1.1.1
   Compiling futures-macro v0.3.31
   Compiling derive_more-impl v2.0.1
   Compiling phf_macros v0.13.1
   Compiling serial_test_derive v3.5.0
   Compiling tokio-macros v2.5.0
   Compiling reactive-tui-macros v0.1.0 (/home/shawn/workspace2/reactive-tui/reactive-tui-macros)
   Compiling futures-util v0.3.31
   Compiling tokio v1.47.1
   Compiling derive_more v2.0.1
   Compiling phf v0.13.1
   Compiling tracing v0.1.44
   Compiling reactive-tui-crossterm v0.1.0 (/home/shawn/workspace2/reactive-tui/src/backend/crossterm)
   Compiling comrak v0.55.0
   Compiling futures-executor v0.3.31
   Compiling serial_test v3.5.0
   Compiling serde_derive v1.0.229
   Compiling serde_repr v0.1.21
   Compiling async-trait v0.1.92
   Compiling thiserror-impl v2.0.20
   Compiling serde v1.0.229
   Compiling zvariant_utils v4.2.0
   Compiling enumflags2 v0.7.12
   Compiling zcheapstr v1.1.0
   Compiling uuid v1.18.1
   Compiling serde_json v1.0.143
   Compiling plist v1.10.1
   Compiling ciborium v0.2.2
   Compiling bincode v1.3.3
   Compiling string_cache v0.8.9
   Compiling taffy v0.9.2
   Compiling accesskit v0.25.0
   Compiling zvariant_derive v5.15.0
   Compiling tinytemplate v1.2.1
   Compiling syntect v5.3.0
   Compiling zvariant v5.15.0
   Compiling accesskit_consumer v0.39.0
   Compiling criterion v0.5.1
   Compiling zbus_names v4.3.4
   Compiling zbus_xml v5.2.1
   Compiling zbus_macros v5.19.0
   Compiling zbus-lockstep v0.5.2
   Compiling zbus-lockstep-macros v0.5.2
   Compiling zbus v5.19.0
   Compiling atspi-common v0.13.0
   Compiling atspi-proxies v0.13.0
   Compiling atspi v0.29.0
   Compiling reactive-tui v0.1.0 (/home/shawn/workspace2/reactive-tui)
    Finished `test` profile [unoptimized + debuginfo] target(s) in 2m 40s
     Running unittests src/lib.rs (/home/shawn/workspace2/scratchpads/suprnova-target/debug/deps/reactive_tui-cf396ad3e1c2165f)
    Blocking waiting for file lock on artifact directory
    Finished `test` profile [unoptimized + debuginfo] target(s) in 0.34s
     Running unittests src/lib.rs (/home/shawn/workspace2/scratchpads/suprnova-target/debug/deps/reactive_tui-cf396ad3e1c2165f)
    Finished `test` profile [unoptimized + debuginfo] target(s) in 0.13s
     Running unittests src/lib.rs (/home/shawn/workspace2/scratchpads/suprnova-target/debug/deps/reactive_tui-cf396ad3e1c2165f)
    Blocking waiting for file lock on package cache
    Blocking waiting for file lock on package cache
    Blocking waiting for file lock on package cache
   Compiling reactive-tui v0.1.0 (/home/shawn/workspace2/reactive-tui)
    Finished `test` profile [unoptimized + debuginfo] target(s) in 7.13s
     Running tests/api_animation_screens.rs (/home/shawn/workspace2/scratchpads/suprnova-target/debug/deps/api_animation_screens-96ade6642782158d)
     Running tests/api_hook_lifecycle.rs (/home/shawn/workspace2/scratchpads/suprnova-target/debug/deps/api_hook_lifecycle-e33c6f4df0f1eed1)
