    Finished `test` profile [unoptimized + debuginfo] target(s) in 0.11s
  Executable unittests src/lib.rs (/tmp/reactive-tui-wgpu.waMUcc/debug/deps/reactive_tui-034904c07b860795)
    Finished `test` profile [unoptimized + debuginfo] target(s) in 0.11s
     Running unittests src/lib.rs (/tmp/reactive-tui-wgpu.waMUcc/debug/deps/reactive_tui-034904c07b860795)

running 1 test
test backend::suprtui::trl_001_tests::worker_panic_restores_the_owned_terminal ... [?1049h[?25l[?1004h
thread 'suprtui-renderer' (1107945) panicked at src/backend/suprtui.rs:553:39:
TRL001_WORKER_PANIC
note: run with `RUST_BACKTRACE=1` environment variable to display a backtrace
[?2026l[0m[?1004l[0 q]112[?25h[?1049lok

test result: ok. 1 passed; 0 failed; 0 ignored; 0 measured; 1058 filtered out; finished in 0.00s

Traceback (most recent call last):
  File "/home/shawn/workspace2/reactive-tui/scripts/check-pre-release-terminal-lifecycle.py", line 304, in <module>
    raise SystemExit(main())
                     ~~~~^^
  File "/home/shawn/workspace2/reactive-tui/scripts/check-pre-release-terminal-lifecycle.py", line 294, in main
    run_trl_001()
    ~~~~~~~~~~~^^
  File "/home/shawn/workspace2/reactive-tui/scripts/check-pre-release-terminal-lifecycle.py", line 235, in run_trl_001
    run_restore_probe(
    ~~~~~~~~~~~~~~~~~^
        "backend::suprtui::trl_001_tests::worker_panic_restores_the_owned_terminal",
        ^^^^^^^^^^^^^^^^^^^^^^^^^^^^^^^^^^^^^^^^^^^^^^^^^^^^^^^^^^^^^^^^^^^^^^^^^^^^
    ...<2 lines>...
        b"TRL001_WORKER_PANIC",
        ^^^^^^^^^^^^^^^^^^^^^^^
    )
    ^
  File "/home/shawn/workspace2/reactive-tui/scripts/check-pre-release-terminal-lifecycle.py", line 217, in run_restore_probe
    raise RuntimeError(f"{mode} probe: {'; '.join(errors)}")
RuntimeError: worker probe: panic marker was not printed after terminal restoration
