    Finished `test` profile [unoptimized + debuginfo] target(s) in 0.13s
     Running unittests src/lib.rs (target/debug/deps/reactive_tui-e6259c94dd2cfe8d)
    Finished `test` profile [unoptimized + debuginfo] target(s) in 0.09s
     Running unittests src/lib.rs (target/debug/deps/reactive_tui-e6259c94dd2cfe8d)
   Compiling reactive-tui v0.1.0 (/home/shawn/workspace2/reactive-tui)
    Finished `test` profile [unoptimized + debuginfo] target(s) in 0.78s
     Running tests/app_wakeups.rs (target/debug/deps/app_wakeups-480abe791b1a71fa)
   Compiling reactive-tui v0.1.0 (/home/shawn/workspace2/reactive-tui)
    Finished `dev` profile [unoptimized + debuginfo] target(s) in 0.72s
   Compiling reactive-tui-libghostty-vt-sys v0.1.0 (/home/shawn/workspace2/reactive-tui/crates/libghostty-vt-sys)
   Compiling proc-macro2-diagnostics v0.10.1
   Compiling reactive-tui v0.1.0 (/home/shawn/workspace2/reactive-tui)
   Compiling int-enum v1.2.0
   Compiling reactive-tui-libghostty-vt v0.1.0 (/home/shawn/workspace2/reactive-tui/crates/libghostty-vt)
    Finished `test` profile [unoptimized + debuginfo] target(s) in 21.82s
     Running unittests src/lib.rs (target/debug/deps/reactive_tui-cd64acba8eb90e4a)
   Compiling reactive-tui-libghostty-vt-sys v0.1.0 (/home/shawn/workspace2/reactive-tui/crates/libghostty-vt-sys)
   Compiling reactive-tui-libghostty-vt v0.1.0 (/home/shawn/workspace2/reactive-tui/crates/libghostty-vt)
   Compiling reactive-tui v0.1.0 (/home/shawn/workspace2/reactive-tui)
    Finished `test` profile [unoptimized + debuginfo] target(s) in 19.41s
     Running tests/embedded_terminal.rs (target/debug/deps/embedded_terminal-d330f6326a13f985)
   Compiling reactive-tui-libghostty-vt-sys v0.1.0 (/home/shawn/workspace2/reactive-tui/crates/libghostty-vt-sys)
   Compiling reactive-tui-libghostty-vt v0.1.0 (/home/shawn/workspace2/reactive-tui/crates/libghostty-vt)
   Compiling reactive-tui v0.1.0 (/home/shawn/workspace2/reactive-tui)
    Finished `dev` profile [unoptimized + debuginfo] target(s) in 18.65s
   Compiling reactive-tui-suprtui v0.1.0 (/home/shawn/workspace2/reactive-tui/src/backend/engine)
    Finished `test` profile [unoptimized + debuginfo] target(s) in 2.55s
     Running unittests src/lib.rs (target/renderer/debug/deps/suprtui-97c1f558f2057081)
     Running tests/buffer_core.rs (target/renderer/debug/deps/buffer_core-14ea1a21f87616d6)
     Running tests/buffer_draw.rs (target/renderer/debug/deps/buffer_draw-5f6f6877984ff0bc)
     Running tests/cell_decorations.rs (target/renderer/debug/deps/cell_decorations-c2e48ab5bb4af0a5)
     Running tests/layout_engine.rs (target/renderer/debug/deps/layout_engine-27fe8c953423a5ed)
     Running tests/link_pool.rs (target/renderer/debug/deps/link_pool-6623d2b7522c0bb3)
     Running tests/media_audio.rs (target/renderer/debug/deps/media_audio-3b736d1096768a1d)
     Running tests/media_image.rs (target/renderer/debug/deps/media_image-392beb2331b719f9)
     Running tests/render_core.rs (target/renderer/debug/deps/render_core-451b8387a61fb4a8)
     Running tests/render_stdout.rs (target/renderer/debug/deps/render_stdout-d4f450420f3512b1)
     Running tests/render_terminal.rs (target/renderer/debug/deps/render_terminal-20d34b76a8d89114)
     Running tests/sys_clipboard.rs (target/renderer/debug/deps/sys_clipboard-0de3303d3a61073e)
     Running tests/sys_clipboard_backends.rs (target/renderer/debug/deps/sys_clipboard_backends-1dc862c54789bc79)
     Running tests/sys_core.rs (target/renderer/debug/deps/sys_core-60e15cddba224b00)
     Running tests/sys_small.rs (target/renderer/debug/deps/sys_small-fd0f85f8158806f6)
     Running tests/term_core.rs (target/renderer/debug/deps/term_core-872611da2167f431)
     Running tests/term_embedded.rs (target/renderer/debug/deps/term_embedded-036abbc7511a5681)
     Running tests/text_gaps.rs (target/renderer/debug/deps/text_gaps-40b0e46df71fde52)
     Running tests/text_store.rs (target/renderer/debug/deps/text_store-e2b3a4c38946de3e)
     Running tests/text_view.rs (target/renderer/debug/deps/text_view-bc6ff8478877829b)
     Running tests/uni_pool.rs (target/renderer/debug/deps/uni_pool-ea927c8b6b937a04)
     Running tests/uni_ported.rs (target/renderer/debug/deps/uni_ported-b2e3d2211e8dc39f)
     Running tests/uni_segments.rs (target/renderer/debug/deps/uni_segments-8285d9ea29a2cfa1)
   Doc-tests suprtui
   Compiling reactive-tui v0.1.0 (/home/shawn/workspace2/reactive-tui)
    Finished `test` profile [unoptimized + debuginfo] target(s) in 16.47s
     Running tests/suprtui_renderer.rs (target/debug/deps/suprtui_renderer-ca04c8dc95d5eb4d)
   Compiling reactive-tui v0.1.0 (/home/shawn/workspace2/reactive-tui)
    Finished `dev` profile [unoptimized + debuginfo] target(s) in 0.75s
....
----------------------------------------------------------------------
Ran 4 tests in 0.009s

OK
