    Checking reactive-tui-crossterm v0.1.0 (/home/shawn/workspace2/reactive-tui/src/backend/crossterm)
   Compiling reactive-tui-macros v0.1.0 (/home/shawn/workspace2/reactive-tui/reactive-tui-macros)
    Checking reactive-tui v0.1.0 (/home/shawn/workspace2/reactive-tui)
error: internal compiler error: /rustc-dev/59807616e1fa2540724bfbac14d7976d7e4a3860/compiler/rustc_metadata/src/rmeta/decoder/cstore_impl.rs:727:32: uninterned StableCrateId: StableCrateId(0)


thread 'rustc' (945141) panicked at /rustc-dev/59807616e1fa2540724bfbac14d7976d7e4a3860/compiler/rustc_metadata/src/rmeta/decoder/cstore_impl.rs:727:32:
Box<dyn Any>
stack backtrace:
   0:     0x79bea559314b - <<std[e28293b1aa0f68bd]::sys::backtrace::BacktraceLock>::print::DisplayBacktrace as core[c1f1a4ba060b9bfa]::fmt::Display>::fmt
   1:     0x79bea5c1f408 - core[c1f1a4ba060b9bfa]::fmt::write
   2:     0x79bea71683b6 - <std[e28293b1aa0f68bd]::sys::stdio::unix::Stderr as std[e28293b1aa0f68bd]::io::Write>::write_fmt
   3:     0x79bea5569238 - std[e28293b1aa0f68bd]::panicking::default_hook::{closure#0}
   4:     0x79bea55865b3 - std[e28293b1aa0f68bd]::panicking::default_hook
   5:     0x79bea455cc30 - std[e28293b1aa0f68bd]::panicking::update_hook::<alloc[fdfd2bd8633a6659]::boxed::Box<rustc_driver_impl[e4ca9dd5dd6cf2a8]::install_ice_hook::{closure#1}>>::{closure#0}
   6:     0x79bea5586892 - std[e28293b1aa0f68bd]::panicking::panic_with_hook
   7:     0x79bea458d8b1 - std[e28293b1aa0f68bd]::panicking::begin_panic::<rustc_errors[795cd5cf46ddce51]::ExplicitBug>::{closure#0}
   8:     0x79bea45865c6 - std[e28293b1aa0f68bd]::sys::backtrace::__rust_end_short_backtrace::<std[e28293b1aa0f68bd]::panicking::begin_panic<rustc_errors[795cd5cf46ddce51]::ExplicitBug>::{closure#0}, !>
   9:     0x79bea458643b - std[e28293b1aa0f68bd]::panicking::begin_panic::<rustc_errors[795cd5cf46ddce51]::ExplicitBug>
  10:     0x79bea45985a1 - <rustc_errors[795cd5cf46ddce51]::diagnostic::BugAbort as rustc_errors[795cd5cf46ddce51]::diagnostic::EmissionGuarantee>::emit_producing_guarantee
  11:     0x79bea4b76e69 - rustc_middle[9956b31dc9b62104]::util::bug::opt_span_bug_fmt::<rustc_span[e3c9a1967c4921fd]::span_encoding::Span>::{closure#0}
  12:     0x79bea4b76ff2 - rustc_middle[9956b31dc9b62104]::ty::context::tls::with_opt::<rustc_middle[9956b31dc9b62104]::util::bug::opt_span_bug_fmt<rustc_span[e3c9a1967c4921fd]::span_encoding::Span>::{closure#0}, !>::{closure#0}
  13:     0x79bea4b67b7b - rustc_middle[9956b31dc9b62104]::ty::context::tls::with_context_opt::<rustc_middle[9956b31dc9b62104]::ty::context::tls::with_opt<rustc_middle[9956b31dc9b62104]::util::bug::opt_span_bug_fmt<rustc_span[e3c9a1967c4921fd]::span_encoding::Span>::{closure#0}, !>::{closure#0}, !>
  14:     0x79bea21eb2a4 - rustc_middle[9956b31dc9b62104]::util::bug::bug_fmt
  15:     0x79bea5dae341 - <rustc_middle[9956b31dc9b62104]::dep_graph::dep_node::DepNode>::extract_def_id
  16:     0x79bea5dad6af - <rustc_query_impl[b21371cac9e22a84]::dep_kind_vtables::make_dep_kind_vtable_for_query<rustc_query_impl[b21371cac9e22a84]::query_impl::coroutine_kind::VTableGetter>::{closure#1} as core[c1f1a4ba060b9bfa]::ops::function::FnOnce<(rustc_middle[9956b31dc9b62104]::ty::context::TyCtxt, rustc_middle[9956b31dc9b62104]::dep_graph::dep_node::DepNode)>>::call_once
  17:     0x79bea5dad94b - <rustc_middle[9956b31dc9b62104]::dep_graph::graph::DepGraph>::exec_cache_promotions
  18:     0x79bea6f8159a - <rustc_middle[9956b31dc9b62104]::query::on_disk_cache::OnDiskCache>::drop_serialized_data
  19:     0x79bea6f81781 - rustc_incremental[e35cd945d8580b99]::persist::save::save_dep_graph::{closure#0}::{closure#3}
  20:     0x79bea6e5c073 - rustc_incremental[e35cd945d8580b99]::persist::save::save_dep_graph
  21:     0x79bea6e5bccd - <rustc_incremental[e35cd945d8580b99]::provide::{closure#0} as core[c1f1a4ba060b9bfa]::ops::function::FnOnce<(rustc_middle[9956b31dc9b62104]::ty::context::TyCtxt,)>>::call_once
  22:     0x79bea6e5d26c - <rustc_middle[9956b31dc9b62104]::ty::context::TyCtxt>::finish
  23:     0x79bea6e56409 - rustc_interface[c8170c4b7b680ee8]::interface::run_compiler::<(), rustc_driver_impl[e4ca9dd5dd6cf2a8]::run_compiler::{closure#0}>::{closure#1}
  24:     0x79bea6e2663e - std[e28293b1aa0f68bd]::sys::backtrace::__rust_begin_short_backtrace::<rustc_interface[c8170c4b7b680ee8]::util::run_in_thread_with_globals<rustc_interface[c8170c4b7b680ee8]::util::run_in_thread_pool_with_globals<rustc_interface[c8170c4b7b680ee8]::interface::run_compiler<(), rustc_driver_impl[e4ca9dd5dd6cf2a8]::run_compiler::{closure#0}>::{closure#1}, ()>::{closure#0}, ()>::{closure#0}::{closure#0}, ()>
  25:     0x79bea6e26ca0 - <std[e28293b1aa0f68bd]::thread::lifecycle::spawn_unchecked<rustc_interface[c8170c4b7b680ee8]::util::run_in_thread_with_globals<rustc_interface[c8170c4b7b680ee8]::util::run_in_thread_pool_with_globals<rustc_interface[c8170c4b7b680ee8]::interface::run_compiler<(), rustc_driver_impl[e4ca9dd5dd6cf2a8]::run_compiler::{closure#0}>::{closure#1}, ()>::{closure#0}, ()>::{closure#0}::{closure#0}, ()>::{closure#1} as core[c1f1a4ba060b9bfa]::ops::function::FnOnce<()>>::call_once::{shim:vtable#0}
  26:     0x79bea6e27b2c - <std[e28293b1aa0f68bd]::sys::thread::unix::Thread>::new::thread_start
  27:     0x79bea06a3dfa - start_thread
                               at ./nptl/pthread_create.c:454:8
  28:     0x79bea07375cc - __GI___clone3
                               at ./misc/../sysdeps/unix/sysv/linux/x86_64/clone3.S:78:0
  29:                0x0 - <unknown>

note: we would appreciate a bug report: https://github.com/rust-lang/rust-clippy/issues/new?template=ice.yml

note: rustc 1.95.0 (59807616e 2026-04-14) running on x86_64-unknown-linux-gnu

note: compiler flags: --crate-type rlib --crate-type cdylib -C embed-bitcode=no -C debuginfo=2 -C incremental=[REDACTED] -C link-arg=-Wl,--threads=12

note: some of the compiler flags provided by cargo are hidden

query stack during panic:
end of query stack
note: Clippy version: clippy 0.1.95 (59807616e1 2026-04-14)

error: could not compile `reactive-tui` (lib)

Caused by:
  process didn't exit successfully: `sccache /home/shawn/.rustup/toolchains/1.95-x86_64-unknown-linux-gnu/bin/clippy-driver /home/shawn/.rustup/toolchains/1.95-x86_64-unknown-linux-gnu/bin/rustc --crate-name reactive_tui --edition=2021 src/lib.rs --error-format=json --json=diagnostic-rendered-ansi,artifacts,future-incompat --crate-type rlib --crate-type cdylib --emit=dep-info,metadata -C embed-bitcode=no -C debuginfo=2 --cfg 'feature="default"' --cfg 'feature="tokio"' --check-cfg 'cfg(docsrs,test)' --check-cfg 'cfg(feature, values("async-capabilities", "debug", "debug_patches", "default", "embedded-terminal", "ffi", "simd", "tokio", "tokio-util", "wgpu-graphics"))' -C metadata=48563dba15688018 -C extra-filename=-bd616aed0c389157 --out-dir /home/shawn/workspace2/scratchpads/suprnova-target/debug/deps -C incremental=/home/shawn/workspace2/scratchpads/suprnova-target/debug/incremental -L dependency=/home/shawn/workspace2/scratchpads/suprnova-target/debug/deps --extern accesskit=/home/shawn/workspace2/scratchpads/suprnova-target/debug/deps/libaccesskit-b802e5aea1685634.rmeta --extern accesskit_consumer=/home/shawn/workspace2/scratchpads/suprnova-target/debug/deps/libaccesskit_consumer-5174879851c59ade.rmeta --extern async_channel=/home/shawn/workspace2/scratchpads/suprnova-target/debug/deps/libasync_channel-b80d24b16de4614f.rmeta --extern async_executor=/home/shawn/workspace2/scratchpads/suprnova-target/debug/deps/libasync_executor-28e56ec673542300.rmeta --extern async_io=/home/shawn/workspace2/scratchpads/suprnova-target/debug/deps/libasync_io-839b41ef8c294538.rmeta --extern async_task=/home/shawn/workspace2/scratchpads/suprnova-target/debug/deps/libasync_task-50650b423493d52e.rmeta --extern atspi=/home/shawn/workspace2/scratchpads/suprnova-target/debug/deps/libatspi-3d5f99f7ab074079.rmeta --extern atspi_common=/home/shawn/workspace2/scratchpads/suprnova-target/debug/deps/libatspi_common-e8dabbb24cd2f3a0.rmeta --extern base64=/home/shawn/workspace2/scratchpads/suprnova-target/debug/deps/libbase64-0aa7c5d62f7a746b.rmeta --extern bitflags=/home/shawn/workspace2/scratchpads/suprnova-target/debug/deps/libbitflags-534f33f32a5a44d6.rmeta --extern cap_fs_ext=/home/shawn/workspace2/scratchpads/suprnova-target/debug/deps/libcap_fs_ext-81a0d32e90f61321.rmeta --extern cap_std=/home/shawn/workspace2/scratchpads/suprnova-target/debug/deps/libcap_std-816997aebd143b73.rmeta --extern comrak=/home/shawn/workspace2/scratchpads/suprnova-target/debug/deps/libcomrak-73069b4e8a1fe7d5.rmeta --extern dirs=/home/shawn/workspace2/scratchpads/suprnova-target/debug/deps/libdirs-36078c838a530d9f.rmeta --extern futures_core=/home/shawn/workspace2/scratchpads/suprnova-target/debug/deps/libfutures_core-2267628897c597cf.rmeta --extern futures_lite=/home/shawn/workspace2/scratchpads/suprnova-target/debug/deps/libfutures_lite-c8fd65d3da829c54.rmeta --extern futures_util=/home/shawn/workspace2/scratchpads/suprnova-target/debug/deps/libfutures_util-a6c008059ba0c41d.rmeta --extern gif=/home/shawn/workspace2/scratchpads/suprnova-target/debug/deps/libgif-f9b1667211255d67.rmeta --extern image=/home/shawn/workspace2/scratchpads/suprnova-target/debug/deps/libimage-630ea1fb3472a0ac.rmeta --extern lazy_static=/home/shawn/workspace2/scratchpads/suprnova-target/debug/deps/liblazy_static-973b4a325d1c967f.rmeta --extern libc=/home/shawn/workspace2/scratchpads/suprnova-target/debug/deps/liblibc-5df42db83a148404.rmeta --extern log=/home/shawn/workspace2/scratchpads/suprnova-target/debug/deps/liblog-b426dd8a2c54751a.rmeta --extern lru=/home/shawn/workspace2/scratchpads/suprnova-target/debug/deps/liblru-cf800b8f90c7eee2.rmeta --extern once_cell=/home/shawn/workspace2/scratchpads/suprnova-target/debug/deps/libonce_cell-70ecebf7508602ff.rmeta --extern phf=/home/shawn/workspace2/scratchpads/suprnova-target/debug/deps/libphf-fb2be5ef1e086502.rmeta --extern crossterm=/home/shawn/workspace2/scratchpads/suprnova-target/debug/deps/libcrossterm-6b9e1e4297d0a98f.rmeta --extern reactive_tui_macros=/home/shawn/workspace2/scratchpads/suprnova-target/debug/deps/libreactive_tui_macros-2c1154baa446fb62.so --extern suprtui=/home/shawn/workspace2/scratchpads/suprnova-target/debug/deps/libsuprtui-0786b1c83250334f.rmeta --extern regex=/home/shawn/workspace2/scratchpads/suprnova-target/debug/deps/libregex-1bf31b338b04e680.rmeta --extern rustix=/home/shawn/workspace2/scratchpads/suprnova-target/debug/deps/librustix-c5243fb27954d335.rmeta --extern serde=/home/shawn/workspace2/scratchpads/suprnova-target/debug/deps/libserde-571a4f7567f6cb9a.rmeta --extern serde_json=/home/shawn/workspace2/scratchpads/suprnova-target/debug/deps/libserde_json-240b6320744ef42b.rmeta --extern signal_hook=/home/shawn/workspace2/scratchpads/suprnova-target/debug/deps/libsignal_hook-73b9c946f302d5f7.rmeta --extern string_cache=/home/shawn/workspace2/scratchpads/suprnova-target/debug/deps/libstring_cache-bddc2e10b93ae577.rmeta --extern syntect=/home/shawn/workspace2/scratchpads/suprnova-target/debug/deps/libsyntect-3b44752cbec4ee5b.rmeta --extern taffy=/home/shawn/workspace2/scratchpads/suprnova-target/debug/deps/libtaffy-b74916797349e5c7.rmeta --extern tempfile=/home/shawn/workspace2/scratchpads/suprnova-target/debug/deps/libtempfile-e59d1b73fe999eed.rmeta --extern thiserror=/home/shawn/workspace2/scratchpads/suprnova-target/debug/deps/libthiserror-67e2a303658fff1a.rmeta --extern time=/home/shawn/workspace2/scratchpads/suprnova-target/debug/deps/libtime-bbb9537f661614ec.rmeta --extern tokio=/home/shawn/workspace2/scratchpads/suprnova-target/debug/deps/libtokio-8948bf96fa5a4e0d.rmeta --extern unicode_segmentation=/home/shawn/workspace2/scratchpads/suprnova-target/debug/deps/libunicode_segmentation-0e458c82ec60ac52.rmeta --extern unicode_width=/home/shawn/workspace2/scratchpads/suprnova-target/debug/deps/libunicode_width-15d4033b4550536b.rmeta --extern uuid=/home/shawn/workspace2/scratchpads/suprnova-target/debug/deps/libuuid-22b4e355050394e5.rmeta --extern vt100=/home/shawn/workspace2/scratchpads/suprnova-target/debug/deps/libvt100-8e898d9b1007f346.rmeta --extern zbus=/home/shawn/workspace2/scratchpads/suprnova-target/debug/deps/libzbus-83e4600d87d2a366.rmeta --extern zvariant=/home/shawn/workspace2/scratchpads/suprnova-target/debug/deps/libzvariant-b3923e035499f85d.rmeta -C link-arg=-Wl,--threads=12` (exit status: 101)
warning: build failed, waiting for other jobs to finish...
