+ /home/linuxbrew/.linuxbrew/opt/python@3.14/bin/python3.14 -B /home/shawn/workspace2/reactive-tui/verification/api-entry-points/check-harness.py
PASS terminal harness pty-raw-leak
PASS terminal harness eof
PASS terminal harness raw-leak
PASS terminal harness never-drained
PASS terminal harness pty
Terminal harness captures: /home/shawn/workspace2/reactive-tui/.cairn/reviews/api-entry-points/harness-20260917T144438667741Z
TERMINAL_HARNESS_OK
+ cargo test --locked --manifest-path src/backend/crossterm/Cargo.toml --lib --features event-stream readiness_tests -- --test-threads=1
   Compiling syn v2.0.106
   Compiling value-bag v1.14.1
   Compiling rustix v1.1.4
   Compiling event-listener v5.4.2
   Compiling futures-sink v0.3.31
   Compiling serde v1.0.229
   Compiling event-listener v2.5.3
   Compiling temp-env v0.3.6
   Compiling futures-timer v3.0.4
   Compiling futures-channel v0.3.31
   Compiling async-channel v1.9.0
   Compiling log v0.4.34
   Compiling event-listener-strategy v0.5.4
   Compiling async-channel v2.5.0
   Compiling async-lock v3.4.2
   Compiling mio v1.0.4
   Compiling kv-log-macro v1.0.7
   Compiling blocking v1.7.0
   Compiling serde_json v1.0.143
   Compiling signal-hook-mio v0.2.4
   Compiling futures-macro v0.3.31
   Compiling tokio-macros v2.5.0
   Compiling derive_more-impl v2.0.1
   Compiling serial_test_derive v3.5.0
   Compiling tokio v1.47.1
   Compiling derive_more v2.0.1
   Compiling futures-util v0.3.31
   Compiling polling v3.11.0
   Compiling async-io v2.6.0
   Compiling async-global-executor v2.4.1
   Compiling async-std v1.13.2
   Compiling futures-executor v0.3.31
   Compiling futures v0.3.31
   Compiling serial_test v3.5.0
   Compiling reactive-tui-crossterm v0.1.0 (/home/shawn/workspace2/reactive-tui/src/backend/crossterm)
    Finished `test` profile [unoptimized] target(s) in 8.42s
     Running unittests src/lib.rs (/tmp/reactive-tui-wgpu.waMUcc/dqc004/default/debug/deps/crossterm-3edfad216acc5934)

running 3 tests
test event::source::unix::mio::readiness_tests::new_wake_is_harvested_while_a_tty_burst_remains_readable ... ok
test event::source::unix::mio::readiness_tests::one_readiness_edge_retains_a_burst_larger_than_the_read_buffer ... ok
test event::source::unix::mio::readiness_tests::wake_return_preserves_later_readiness_without_another_input_edge ... ok

test result: ok. 3 passed; 0 failed; 0 ignored; 0 measured; 100 filtered out; finished in 0.00s

+ cargo test --locked --test suprtui_renderer --no-run
   Compiling reactive-tui v0.1.0 (/home/shawn/workspace2/reactive-tui)
    Finished `test` profile [unoptimized] target(s) in 0.77s
  Executable tests/suprtui_renderer.rs (/tmp/reactive-tui-wgpu.waMUcc/dqc004/default/debug/deps/suprtui_renderer-768ecfef0baadbe6)
+ cargo build --locked --features ffi --message-format=json-render-diagnostics
   Compiling reactive-tui v0.1.0 (/home/shawn/workspace2/reactive-tui)
warning: ambiguous glob re-exports
   --> src/ffi/mod.rs:143:9
    |
143 | pub use pointer::*;
    |         ^^^^^^^^^^ the name `validate_pointer` in the value namespace is first re-exported here
...
148 | pub use types::*;
    |         -------- but the name `validate_pointer` in the value namespace is also re-exported here
    |
    = note: `#[warn(ambiguous_glob_reexports)]` on by default

warning: unused variable: `width`
   --> src/ffi/lib.rs:122:14
    |
122 |         let (width, height) = renderer_box.dims();
    |              ^^^^^
    |
    = note: `#[warn(unused_variables)]` (part of `#[warn(unused)]`) on by default
help: if this is intentional, prefix it with an underscore
    |
122 |         let (_width, height) = renderer_box.dims();
    |              +
help: you might have meant to pattern match on the similarly named constant `MAX_SCRATCH`
    |
122 -         let (width, height) = renderer_box.dims();
122 +         let (widgets::display::image::sixel_encode::MAX_SCRATCH, height) = renderer_box.dims();
    |

warning: function `validate_pointer` is never used
   --> src/ffi/types.rs:182:15
    |
182 | pub(crate) fn validate_pointer<T>(ptr: *const T) -> bool {
    |               ^^^^^^^^^^^^^^^^
    |
    = note: `#[warn(dead_code)]` (part of `#[warn(unused)]`) on by default

warning: function `validate_mut_pointer` is never used
   --> src/ffi/types.rs:187:15
    |
187 | pub(crate) fn validate_mut_pointer<T>(ptr: *mut T) -> bool {
    |               ^^^^^^^^^^^^^^^^^^^^

warning: function `safe_cast` is never used
   --> src/ffi/types.rs:192:22
    |
192 | pub(crate) unsafe fn safe_cast<T, U>(ptr: *mut T) -> Result<*mut U, ReactiveError> {
    |                      ^^^^^^^^^

warning: function `safe_cast_const` is never used
   --> src/ffi/types.rs:206:22
    |
206 | pub(crate) unsafe fn safe_cast_const<T, U>(ptr: *const T) -> Result<*const U, ReactiveError> {
    |                      ^^^^^^^^^^^^^^^

warning: `reactive-tui` (lib) generated 6 warnings (run `cargo fix --lib -p reactive-tui` to apply 1 suggestion)
    Finished `dev` profile [unoptimized] target(s) in 13.74s
+ rustc --edition=2021 /home/shawn/workspace2/reactive-tui/verification/api-entry-points/legacy.rs --extern reactive_tui=/tmp/reactive-tui-wgpu.waMUcc/dqc004/default/debug/libreactive_tui.rlib -L dependency=/tmp/reactive-tui-wgpu.waMUcc/dqc004/default/debug/deps -o /tmp/reactive-tui-wgpu.waMUcc/dqc004/default/api-entry-points-ptwcswxz/legacy --test
+ rustc --edition=2021 /home/shawn/workspace2/reactive-tui/verification/api-entry-points/host.rs --extern reactive_tui=/tmp/reactive-tui-wgpu.waMUcc/dqc004/default/debug/libreactive_tui.rlib -L dependency=/tmp/reactive-tui-wgpu.waMUcc/dqc004/default/debug/deps -o /tmp/reactive-tui-wgpu.waMUcc/dqc004/default/api-entry-points-ptwcswxz/host
+ rustc --edition=2021 /home/shawn/workspace2/reactive-tui/verification/api-entry-points/manual.rs --extern reactive_tui=/tmp/reactive-tui-wgpu.waMUcc/dqc004/default/debug/libreactive_tui.rlib -L dependency=/tmp/reactive-tui-wgpu.waMUcc/dqc004/default/debug/deps -o /tmp/reactive-tui-wgpu.waMUcc/dqc004/default/api-entry-points-ptwcswxz/manual
+ rustc --edition=2021 /home/shawn/workspace2/reactive-tui/verification/api-entry-points/screen.rs --extern vt100=/tmp/reactive-tui-wgpu.waMUcc/dqc004/default/debug/deps/libvt100-0a6b550e9d322e48.rlib -L dependency=/tmp/reactive-tui-wgpu.waMUcc/dqc004/default/debug/deps -o /tmp/reactive-tui-wgpu.waMUcc/dqc004/default/api-entry-points-ptwcswxz/screen
+ rustc --edition=2021 /home/shawn/workspace2/reactive-tui/verification/api-entry-points/input-burst.rs --extern crossterm=/tmp/reactive-tui-wgpu.waMUcc/dqc004/default/debug/deps/libcrossterm-a1cd4efb82cc51c7.rlib -L dependency=/tmp/reactive-tui-wgpu.waMUcc/dqc004/default/debug/deps -o /tmp/reactive-tui-wgpu.waMUcc/dqc004/default/api-entry-points-ptwcswxz/input-burst
+ /tmp/reactive-tui-wgpu.waMUcc/dqc004/default/api-entry-points-ptwcswxz/legacy --test-threads=1

running 5 tests
test debug_app_routes_input_using_its_painted_component_geometry ... ok
test debug_frames_preserve_graphemes_and_publish_geometry_only_after_present ... ok
test initial_frame_uses_the_actual_root_insertion ... ok
test patch_present_root_and_shutdown_errors_are_returned ... ok
test unchanged_update_reorder_and_removal_use_the_last_presented_tree ... ok

test result: ok. 5 passed; 0 failed; 0 ignored; 0 measured; 0 filtered out; finished in 0.11s

PASS Rust suprtui (32, 8): paint, input, Unicode, update, reorder, removal, resize, exit and restoration
PASS Rust suprtui (48, 12): paint, input, Unicode, update, reorder, removal, resize, error and restoration
PASS Rust crossterm (32, 8): paint, input, Unicode, update, reorder, removal, resize, exit and restoration
PASS Rust crossterm (48, 12): paint, input, Unicode, update, reorder, removal, resize, error and restoration
PASS Rust crossterm-surface (32, 8): paint, input, Unicode, update, reorder, removal, resize, exit and restoration
PASS Rust crossterm-surface (48, 12): paint, input, Unicode, update, reorder, removal, resize, error and restoration
PASS Rust direct (32, 8): paint, input, Unicode, update, reorder, removal, resize, exit and restoration
PASS Rust direct (48, 12): paint, input, Unicode, update, reorder, removal, resize, error and restoration
PASS manual crossterm: patches/options, input batch or clone ownership, cleanup
PASS manual direct: patches/options, input batch or clone ownership, cleanup
PASS manual unix: patches/options, input batch or clone ownership, cleanup
BURST_DELIVERY fully-queued initially_queued=2048 total_sent=2048
PASS public Crossterm: 2048 bytes, exhausted zero-timeout poll and restoration
+ cc -std=c11 -Wall -Wextra -Werror -Iinclude /home/shawn/workspace2/reactive-tui/verification/api-entry-points/native.c -L/tmp/reactive-tui-wgpu.waMUcc/dqc004/default/debug -Wl,-rpath,/tmp/reactive-tui-wgpu.waMUcc/dqc004/default/debug -lreactive_tui -o /tmp/reactive-tui-wgpu.waMUcc/dqc004/default/api-entry-points-ptwcswxz/native
PASS C SuprTUI (32, 8): app, callback ownership and restoration
PASS C SuprTUI (48, 12): app, callback ownership and restoration
PASS C SuprTUI (32, 8): missing-root, callback ownership and restoration
PASS C SuprTUI (32, 8): reselect, callback ownership and restoration
Terminal captures: /home/shawn/workspace2/reactive-tui/.cairn/reviews/api-entry-points/20260917T144504Z
All public entry-point workflows passed
