Feature configuration: default
    Finished `dev` profile [unoptimized] target(s) in 0.13s

running 2 tests
test fast_color_paths_preserve_scalar_results ... ok
test async_fps_preserves_state_without_a_tokio_runtime ... ok

test result: ok. 2 passed; 0 failed; 0 ignored; 0 measured; 0 filtered out; finished in 0.00s

    Compiling reactive-tui v0.1.0 (/home/shawn/workspace2/reactive-tui)
    Finished `test` profile [unoptimized] target(s) in 11.69s
     Running tests/api_feature_configurations.rs (/tmp/reactive-tui-wgpu.waMUcc/dqc004/default/debug/deps/api_feature_configurations-1ae46c1aad53fa80)

Feature configuration: --no-default-features
    Finished `dev` profile [unoptimized] target(s) in 0.15s

running 2 tests
test fast_color_paths_preserve_scalar_results ... ok
test async_fps_preserves_state_without_a_tokio_runtime ... ok

test result: ok. 2 passed; 0 failed; 0 ignored; 0 measured; 0 filtered out; finished in 0.00s

    Compiling reactive-tui v0.1.0 (/home/shawn/workspace2/reactive-tui)
    Finished `test` profile [unoptimized] target(s) in 11.54s
     Running tests/api_feature_configurations.rs (/tmp/reactive-tui-wgpu.waMUcc/dqc004/default/debug/deps/api_feature_configurations-f9feb8dcb1cfc45d)

Feature configuration: --no-default-features --features tokio
    Finished `dev` profile [unoptimized] target(s) in 0.14s

running 2 tests
test fast_color_paths_preserve_scalar_results ... ok
test async_fps_preserves_state_without_a_tokio_runtime ... ok

test result: ok. 2 passed; 0 failed; 0 ignored; 0 measured; 0 filtered out; finished in 0.00s

    Compiling reactive-tui v0.1.0 (/home/shawn/workspace2/reactive-tui)
    Finished `test` profile [unoptimized] target(s) in 11.12s
     Running tests/api_feature_configurations.rs (/tmp/reactive-tui-wgpu.waMUcc/dqc004/default/debug/deps/api_feature_configurations-a9caabcdd9613d82)

Feature configuration: --no-default-features --features tokio-util
    Finished `dev` profile [unoptimized] target(s) in 0.14s

running 2 tests
test fast_color_paths_preserve_scalar_results ... ok
test async_fps_preserves_state_without_a_tokio_runtime ... ok

test result: ok. 2 passed; 0 failed; 0 ignored; 0 measured; 0 filtered out; finished in 0.00s

    Compiling reactive-tui v0.1.0 (/home/shawn/workspace2/reactive-tui)
    Finished `test` profile [unoptimized] target(s) in 11.14s
     Running tests/api_feature_configurations.rs (/tmp/reactive-tui-wgpu.waMUcc/dqc004/default/debug/deps/api_feature_configurations-e7dd448551110b0e)

Feature configuration: --no-default-features --features debug
    Finished `dev` profile [unoptimized] target(s) in 0.12s

running 2 tests
test fast_color_paths_preserve_scalar_results ... ok
test async_fps_preserves_state_without_a_tokio_runtime ... ok

test result: ok. 2 passed; 0 failed; 0 ignored; 0 measured; 0 filtered out; finished in 0.00s

    Compiling reactive-tui v0.1.0 (/home/shawn/workspace2/reactive-tui)
    Finished `test` profile [unoptimized] target(s) in 13.79s
     Running tests/api_feature_configurations.rs (/tmp/reactive-tui-wgpu.waMUcc/dqc004/default/debug/deps/api_feature_configurations-0e14ab784087cfac)

Feature configuration: --no-default-features --features debug_patches
    Finished `dev` profile [unoptimized] target(s) in 0.26s

running 2 tests
test fast_color_paths_preserve_scalar_results ... ok
test async_fps_preserves_state_without_a_tokio_runtime ... ok

test result: ok. 2 passed; 0 failed; 0 ignored; 0 measured; 0 filtered out; finished in 0.00s

    Compiling reactive-tui v0.1.0 (/home/shawn/workspace2/reactive-tui)
    Finished `test` profile [unoptimized] target(s) in 17.35s
     Running tests/api_feature_configurations.rs (/tmp/reactive-tui-wgpu.waMUcc/dqc004/default/debug/deps/api_feature_configurations-eb5e157878d9b5f3)

Feature configuration: --no-default-features --features async-capabilities
    Finished `dev` profile [unoptimized] target(s) in 0.15s

running 2 tests
test fast_color_paths_preserve_scalar_results ... ok
test async_fps_preserves_state_without_a_tokio_runtime ... ok

test result: ok. 2 passed; 0 failed; 0 ignored; 0 measured; 0 filtered out; finished in 0.00s

    Compiling reactive-tui v0.1.0 (/home/shawn/workspace2/reactive-tui)
    Finished `test` profile [unoptimized] target(s) in 11.11s
     Running tests/api_feature_configurations.rs (/tmp/reactive-tui-wgpu.waMUcc/dqc004/default/debug/deps/api_feature_configurations-a76edb5fb9201563)

Feature configuration: --no-default-features --features ffi
warning: ambiguous glob re-exports
   --> src/ffi/mod.rs:143:9
    |
143 | pub use pointer::*;
    |         ^^^^^^^^^^ the name `validate_pointer` in the value namespace is first re-exported here
...
148 | pub use types::*;
    |         -------- but the name `validate_pointer` in the value namespace is also re-exported here
    |
    = note: `#[warn(ambiguous_glob_reexports)]` on by default

warning: unused variable: `width`
   --> src/ffi/lib.rs:122:14
    |
122 |         let (width, height) = renderer_box.dims();
    |              ^^^^^
    |
    = note: `#[warn(unused_variables)]` (part of `#[warn(unused)]`) on by default
help: if this is intentional, prefix it with an underscore
    |
122 |         let (_width, height) = renderer_box.dims();
    |              +
help: you might have meant to pattern match on the similarly named constant `MAX_SCRATCH`
    |
122 -         let (width, height) = renderer_box.dims();
122 +         let (widgets::display::image::sixel_encode::MAX_SCRATCH, height) = renderer_box.dims();
    |

warning: function `validate_pointer` is never used
   --> src/ffi/types.rs:182:15
    |
182 | pub(crate) fn validate_pointer<T>(ptr: *const T) -> bool {
    |               ^^^^^^^^^^^^^^^^
    |
    = note: `#[warn(dead_code)]` (part of `#[warn(unused)]`) on by default

warning: function `validate_mut_pointer` is never used
   --> src/ffi/types.rs:187:15
    |
187 | pub(crate) fn validate_mut_pointer<T>(ptr: *mut T) -> bool {
    |               ^^^^^^^^^^^^^^^^^^^^

warning: function `safe_cast` is never used
   --> src/ffi/types.rs:192:22
    |
192 | pub(crate) unsafe fn safe_cast<T, U>(ptr: *mut T) -> Result<*mut U, ReactiveError> {
    |                      ^^^^^^^^^

warning: function `safe_cast_const` is never used
   --> src/ffi/types.rs:206:22
    |
206 | pub(crate) unsafe fn safe_cast_const<T, U>(ptr: *const T) -> Result<*const U, ReactiveError> {
    |                      ^^^^^^^^^^^^^^^

warning: `reactive-tui` (lib) generated 6 warnings (run `cargo fix --lib -p reactive-tui` to apply 1 suggestion)
warning: unnecessary `unsafe` block
  --> tests/test_ffi_integration.rs:10:9
   |
10 |         unsafe {
   |         ^^^^^^ unnecessary `unsafe` block
   |
   = note: `#[warn(unused_unsafe)]` (part of `#[warn(unused)]`) on by default

warning: unnecessary `unsafe` block
  --> tests/test_ffi_integration.rs:60:9
   |
60 |         unsafe {
   |         ^^^^^^ unnecessary `unsafe` block

warning: unnecessary `unsafe` block
   --> tests/test_ffi_integration.rs:115:9
    |
115 |         unsafe {
    |         ^^^^^^ unnecessary `unsafe` block

warning: unnecessary `unsafe` block
   --> tests/test_ffi_integration.rs:150:9
    |
150 |         unsafe {
    |         ^^^^^^ unnecessary `unsafe` block

warning: unnecessary `unsafe` block
   --> tests/test_ffi_integration.rs:172:9
    |
172 |         unsafe {
    |         ^^^^^^ unnecessary `unsafe` block

warning: `reactive-tui` (test "test_ffi_integration") generated 5 warnings
warning: unnecessary `unsafe` block
  --> tests/test_ffi_core_only.rs:10:9
   |
10 |         unsafe {
   |         ^^^^^^ unnecessary `unsafe` block
   |
   = note: `#[warn(unused_unsafe)]` (part of `#[warn(unused)]`) on by default

warning: unnecessary `unsafe` block
  --> tests/test_ffi_core_only.rs:24:9
   |
24 |         unsafe {
   |         ^^^^^^ unnecessary `unsafe` block

warning: unnecessary `unsafe` block
  --> tests/test_ffi_core_only.rs:67:9
   |
67 |         unsafe {
   |         ^^^^^^ unnecessary `unsafe` block

warning: unnecessary `unsafe` block
  --> tests/test_ffi_core_only.rs:94:9
   |
94 |         unsafe {
   |         ^^^^^^ unnecessary `unsafe` block

warning: unnecessary `unsafe` block
   --> tests/test_ffi_core_only.rs:127:9
    |
127 |         unsafe {
    |         ^^^^^^ unnecessary `unsafe` block

warning: unnecessary `unsafe` block
   --> tests/test_ffi_core_only.rs:171:9
    |
171 |         unsafe {
    |         ^^^^^^ unnecessary `unsafe` block

warning: unnecessary `unsafe` block
   --> tests/test_ffi_core_only.rs:193:9
    |
193 |         unsafe {
    |         ^^^^^^ unnecessary `unsafe` block

warning: `reactive-tui` (test "test_ffi_core_only") generated 7 warnings
warning: `reactive-tui` (lib test) generated 6 warnings (6 duplicates)
    Finished `dev` profile [unoptimized] target(s) in 0.13s

running 2 tests
test fast_color_paths_preserve_scalar_results ... ok
test async_fps_preserves_state_without_a_tokio_runtime ... ok

test result: ok. 2 passed; 0 failed; 0 ignored; 0 measured; 0 filtered out; finished in 0.00s

    Compiling reactive-tui v0.1.0 (/home/shawn/workspace2/reactive-tui)
warning: ambiguous glob re-exports
   --> src/ffi/mod.rs:143:9
    |
143 | pub use pointer::*;
    |         ^^^^^^^^^^ the name `validate_pointer` in the value namespace is first re-exported here
...
148 | pub use types::*;
    |         -------- but the name `validate_pointer` in the value namespace is also re-exported here
    |
    = note: `#[warn(ambiguous_glob_reexports)]` on by default

warning: unused variable: `width`
   --> src/ffi/lib.rs:122:14
    |
122 |         let (width, height) = renderer_box.dims();
    |              ^^^^^
    |
    = note: `#[warn(unused_variables)]` (part of `#[warn(unused)]`) on by default
help: if this is intentional, prefix it with an underscore
    |
122 |         let (_width, height) = renderer_box.dims();
    |              +
help: you might have meant to pattern match on the similarly named constant `MAX_SCRATCH`
    |
122 -         let (width, height) = renderer_box.dims();
122 +         let (widgets::display::image::sixel_encode::MAX_SCRATCH, height) = renderer_box.dims();
    |

warning: function `validate_pointer` is never used
   --> src/ffi/types.rs:182:15
    |
182 | pub(crate) fn validate_pointer<T>(ptr: *const T) -> bool {
    |               ^^^^^^^^^^^^^^^^
    |
    = note: `#[warn(dead_code)]` (part of `#[warn(unused)]`) on by default

warning: function `validate_mut_pointer` is never used
   --> src/ffi/types.rs:187:15
    |
187 | pub(crate) fn validate_mut_pointer<T>(ptr: *mut T) -> bool {
    |               ^^^^^^^^^^^^^^^^^^^^

warning: function `safe_cast` is never used
   --> src/ffi/types.rs:192:22
    |
192 | pub(crate) unsafe fn safe_cast<T, U>(ptr: *mut T) -> Result<*mut U, ReactiveError> {
    |                      ^^^^^^^^^

warning: function `safe_cast_const` is never used
   --> src/ffi/types.rs:206:22
    |
206 | pub(crate) unsafe fn safe_cast_const<T, U>(ptr: *const T) -> Result<*const U, ReactiveError> {
    |                      ^^^^^^^^^^^^^^^

warning: `reactive-tui` (lib) generated 6 warnings (run `cargo fix --lib -p reactive-tui` to apply 1 suggestion)
    Finished `test` profile [unoptimized] target(s) in 14.00s
     Running tests/api_feature_configurations.rs (/tmp/reactive-tui-wgpu.waMUcc/dqc004/default/debug/deps/api_feature_configurations-a6519fac95f3d66d)

Feature configuration: --no-default-features --features embedded-terminal
   Compiling reactive-tui-libghostty-vt-sys v0.1.0 (/home/shawn/workspace2/reactive-tui/crates/libghostty-vt-sys)
    Checking reactive-tui-libghostty-vt v0.1.0 (/home/shawn/workspace2/reactive-tui/crates/libghostty-vt)
    Checking reactive-tui v0.1.0 (/home/shawn/workspace2/reactive-tui)
    Finished `dev` profile [unoptimized] target(s) in 14.25s

running 2 tests
test async_fps_preserves_state_without_a_tokio_runtime ... ok
test fast_color_paths_preserve_scalar_results ... ok

test result: ok. 2 passed; 0 failed; 0 ignored; 0 measured; 0 filtered out; finished in 0.00s

    Compiling reactive-tui-libghostty-vt-sys v0.1.0 (/home/shawn/workspace2/reactive-tui/crates/libghostty-vt-sys)
   Compiling reactive-tui-libghostty-vt v0.1.0 (/home/shawn/workspace2/reactive-tui/crates/libghostty-vt)
   Compiling reactive-tui v0.1.0 (/home/shawn/workspace2/reactive-tui)
    Finished `test` profile [unoptimized] target(s) in 12.70s
     Running tests/api_feature_configurations.rs (/tmp/reactive-tui-wgpu.waMUcc/dqc004/default/debug/deps/api_feature_configurations-08712db45689aab3)

Feature configuration: --no-default-features --features wgpu-graphics
    Finished `dev` profile [unoptimized] target(s) in 0.12s

running 2 tests
test async_fps_preserves_state_without_a_tokio_runtime ... ok
test fast_color_paths_preserve_scalar_results ... ok

test result: ok. 2 passed; 0 failed; 0 ignored; 0 measured; 0 filtered out; finished in 0.00s

    Compiling reactive-tui v0.1.0 (/home/shawn/workspace2/reactive-tui)
    Finished `test` profile [unoptimized] target(s) in 10.81s
     Running tests/api_feature_configurations.rs (/tmp/reactive-tui-wgpu.waMUcc/dqc004/default/debug/deps/api_feature_configurations-0ef4c308e38aaa79)

Feature configuration: --no-default-features --features tokio,tokio-util,debug,debug_patches,async-capabilities,ffi,embedded-terminal,wgpu-graphics
   Compiling reactive-tui-libghostty-vt-sys v0.1.0 (/home/shawn/workspace2/reactive-tui/crates/libghostty-vt-sys)
    Checking reactive-tui-libghostty-vt v0.1.0 (/home/shawn/workspace2/reactive-tui/crates/libghostty-vt)
    Checking reactive-tui v0.1.0 (/home/shawn/workspace2/reactive-tui)
warning: ambiguous glob re-exports
   --> src/ffi/mod.rs:143:9
    |
143 | pub use pointer::*;
    |         ^^^^^^^^^^ the name `validate_pointer` in the value namespace is first re-exported here
...
148 | pub use types::*;
    |         -------- but the name `validate_pointer` in the value namespace is also re-exported here
    |
    = note: `#[warn(ambiguous_glob_reexports)]` on by default

warning: unused variable: `width`
   --> src/ffi/lib.rs:122:14
    |
122 |         let (width, height) = renderer_box.dims();
    |              ^^^^^
    |
    = note: `#[warn(unused_variables)]` (part of `#[warn(unused)]`) on by default
help: if this is intentional, prefix it with an underscore
    |
122 |         let (_width, height) = renderer_box.dims();
    |              +
help: you might have meant to pattern match on the similarly named constant `INPUT_LIMIT`
    |
122 -         let (width, height) = renderer_box.dims();
122 +         let (embedded::worker::INPUT_LIMIT, height) = renderer_box.dims();
    |

warning: function `validate_pointer` is never used
   --> src/ffi/types.rs:182:15
    |
182 | pub(crate) fn validate_pointer<T>(ptr: *const T) -> bool {
    |               ^^^^^^^^^^^^^^^^
    |
    = note: `#[warn(dead_code)]` (part of `#[warn(unused)]`) on by default

warning: function `validate_mut_pointer` is never used
   --> src/ffi/types.rs:187:15
    |
187 | pub(crate) fn validate_mut_pointer<T>(ptr: *mut T) -> bool {
    |               ^^^^^^^^^^^^^^^^^^^^

warning: function `safe_cast` is never used
   --> src/ffi/types.rs:192:22
    |
192 | pub(crate) unsafe fn safe_cast<T, U>(ptr: *mut T) -> Result<*mut U, ReactiveError> {
    |                      ^^^^^^^^^

warning: function `safe_cast_const` is never used
   --> src/ffi/types.rs:206:22
    |
206 | pub(crate) unsafe fn safe_cast_const<T, U>(ptr: *const T) -> Result<*const U, ReactiveError> {
    |                      ^^^^^^^^^^^^^^^

warning: `reactive-tui` (lib) generated 6 warnings (run `cargo fix --lib -p reactive-tui` to apply 1 suggestion)
warning: unnecessary `unsafe` block
  --> tests/test_ffi_core_only.rs:10:9
   |
10 |         unsafe {
   |         ^^^^^^ unnecessary `unsafe` block
   |
   = note: `#[warn(unused_unsafe)]` (part of `#[warn(unused)]`) on by default

warning: unnecessary `unsafe` block
  --> tests/test_ffi_core_only.rs:24:9
   |
24 |         unsafe {
   |         ^^^^^^ unnecessary `unsafe` block

warning: unnecessary `unsafe` block
  --> tests/test_ffi_core_only.rs:67:9
   |
67 |         unsafe {
   |         ^^^^^^ unnecessary `unsafe` block

warning: unnecessary `unsafe` block
  --> tests/test_ffi_core_only.rs:94:9
   |
94 |         unsafe {
   |         ^^^^^^ unnecessary `unsafe` block

warning: unnecessary `unsafe` block
   --> tests/test_ffi_core_only.rs:127:9
    |
127 |         unsafe {
    |         ^^^^^^ unnecessary `unsafe` block

warning: unnecessary `unsafe` block
   --> tests/test_ffi_core_only.rs:171:9
    |
171 |         unsafe {
    |         ^^^^^^ unnecessary `unsafe` block

warning: unnecessary `unsafe` block
   --> tests/test_ffi_core_only.rs:193:9
    |
193 |         unsafe {
    |         ^^^^^^ unnecessary `unsafe` block

warning: `reactive-tui` (test "test_ffi_core_only") generated 7 warnings
warning: unnecessary `unsafe` block
  --> tests/test_ffi_integration.rs:10:9
   |
10 |         unsafe {
   |         ^^^^^^ unnecessary `unsafe` block
   |
   = note: `#[warn(unused_unsafe)]` (part of `#[warn(unused)]`) on by default

warning: unnecessary `unsafe` block
  --> tests/test_ffi_integration.rs:60:9
   |
60 |         unsafe {
   |         ^^^^^^ unnecessary `unsafe` block

warning: unnecessary `unsafe` block
   --> tests/test_ffi_integration.rs:115:9
    |
115 |         unsafe {
    |         ^^^^^^ unnecessary `unsafe` block

warning: unnecessary `unsafe` block
   --> tests/test_ffi_integration.rs:150:9
    |
150 |         unsafe {
    |         ^^^^^^ unnecessary `unsafe` block

warning: unnecessary `unsafe` block
   --> tests/test_ffi_integration.rs:172:9
    |
172 |         unsafe {
    |         ^^^^^^ unnecessary `unsafe` block

warning: `reactive-tui` (test "test_ffi_integration") generated 5 warnings
warning: `reactive-tui` (lib test) generated 6 warnings (6 duplicates)
    Finished `dev` profile [unoptimized] target(s) in 9.04s

running 2 tests
test fast_color_paths_preserve_scalar_results ... ok
test async_fps_preserves_state_without_a_tokio_runtime ... ok

test result: ok. 2 passed; 0 failed; 0 ignored; 0 measured; 0 filtered out; finished in 0.00s

    Compiling reactive-tui-libghostty-vt-sys v0.1.0 (/home/shawn/workspace2/reactive-tui/crates/libghostty-vt-sys)
   Compiling reactive-tui-libghostty-vt v0.1.0 (/home/shawn/workspace2/reactive-tui/crates/libghostty-vt)
   Compiling reactive-tui v0.1.0 (/home/shawn/workspace2/reactive-tui)
warning: ambiguous glob re-exports
   --> src/ffi/mod.rs:143:9
    |
143 | pub use pointer::*;
    |         ^^^^^^^^^^ the name `validate_pointer` in the value namespace is first re-exported here
...
148 | pub use types::*;
    |         -------- but the name `validate_pointer` in the value namespace is also re-exported here
    |
    = note: `#[warn(ambiguous_glob_reexports)]` on by default

warning: unused variable: `width`
   --> src/ffi/lib.rs:122:14
    |
122 |         let (width, height) = renderer_box.dims();
    |              ^^^^^
    |
    = note: `#[warn(unused_variables)]` (part of `#[warn(unused)]`) on by default
help: if this is intentional, prefix it with an underscore
    |
122 |         let (_width, height) = renderer_box.dims();
    |              +
help: you might have meant to pattern match on the similarly named constant `INPUT_LIMIT`
    |
122 -         let (width, height) = renderer_box.dims();
122 +         let (embedded::worker::INPUT_LIMIT, height) = renderer_box.dims();
    |

warning: function `validate_pointer` is never used
   --> src/ffi/types.rs:182:15
    |
182 | pub(crate) fn validate_pointer<T>(ptr: *const T) -> bool {
    |               ^^^^^^^^^^^^^^^^
    |
    = note: `#[warn(dead_code)]` (part of `#[warn(unused)]`) on by default

warning: function `validate_mut_pointer` is never used
   --> src/ffi/types.rs:187:15
    |
187 | pub(crate) fn validate_mut_pointer<T>(ptr: *mut T) -> bool {
    |               ^^^^^^^^^^^^^^^^^^^^

warning: function `safe_cast` is never used
   --> src/ffi/types.rs:192:22
    |
192 | pub(crate) unsafe fn safe_cast<T, U>(ptr: *mut T) -> Result<*mut U, ReactiveError> {
    |                      ^^^^^^^^^

warning: function `safe_cast_const` is never used
   --> src/ffi/types.rs:206:22
    |
206 | pub(crate) unsafe fn safe_cast_const<T, U>(ptr: *const T) -> Result<*const U, ReactiveError> {
    |                      ^^^^^^^^^^^^^^^

warning: `reactive-tui` (lib) generated 6 warnings (run `cargo fix --lib -p reactive-tui` to apply 1 suggestion)
    Finished `test` profile [unoptimized] target(s) in 13.92s
     Running tests/api_feature_configurations.rs (/tmp/reactive-tui-wgpu.waMUcc/dqc004/default/debug/deps/api_feature_configurations-68da7bce43e93715)

Feature configuration: +nightly --no-default-features --features simd
warning: use of deprecated method `std::sync::atomic::Atomic::<usize>::fetch_update`: renamed to `try_update` for consistency
   --> src/hooks/animation.rs:170:14
    |
170 |             .fetch_update(Ordering::Relaxed, Ordering::Relaxed, |id| id.checked_add(1))
    |              ^^^^^^^^^^^^
    |
    = note: `#[warn(deprecated)]` on by default
help: replace the use of the deprecated method
    |
170 -             .fetch_update(Ordering::Relaxed, Ordering::Relaxed, |id| id.checked_add(1))
170 +             .try_update(Ordering::Relaxed, Ordering::Relaxed, |id| id.checked_add(1))
    |

warning: falling back to `f32` as the trait bound `f32: From<f64>` is not satisfied
    --> src/layout/style.rs:1532:83
     |
1532 |                 .map(|_| GridTemplateComponent::from(TrackSizingFunction::from_fr(1.0)))
     |                                                                                   ^^^ help: explicitly specify the type as `f32`: `1.0_f32`
     |
     = warning: this was previously accepted by the compiler but is being phased out; it will become a hard error in a future release!
     = note: for more information, see issue #154024 <https://github.com/rust-lang/rust/issues/154024>
     = note: `#[warn(float_literal_f32_fallback)]` (part of `#[warn(future_incompatible)]`) on by default

warning: falling back to `f32` as the trait bound `f32: From<f64>` is not satisfied
    --> src/layout/style.rs:1538:83
     |
1538 |                 .map(|_| GridTemplateComponent::from(TrackSizingFunction::from_fr(1.0)))
     |                                                                                   ^^^ help: explicitly specify the type as `f32`: `1.0_f32`
     |
     = warning: this was previously accepted by the compiler but is being phased out; it will become a hard error in a future release!
     = note: for more information, see issue #154024 <https://github.com/rust-lang/rust/issues/154024>

warning: use of deprecated method `std::sync::atomic::Atomic::<u32>::fetch_update`: renamed to `try_update` for consistency
   --> src/widgets/display/image/protocol_renderer.rs:238:14
    |
238 |             .fetch_update(Ordering::Relaxed, Ordering::Relaxed, |id| {
    |              ^^^^^^^^^^^^
    |
help: replace the use of the deprecated method
    |
238 -             .fetch_update(Ordering::Relaxed, Ordering::Relaxed, |id| {
238 +             .try_update(Ordering::Relaxed, Ordering::Relaxed, |id| {
    |

warning: `reactive-tui` (lib) generated 4 warnings (run `cargo fix --lib -p reactive-tui` to apply 4 suggestions)
warning: use of deprecated method `std::sync::atomic::Atomic::<usize>::fetch_update`: renamed to `try_update` for consistency
   --> tests/api_focus.rs:216:22
    |
216 |                     .fetch_update(Ordering::SeqCst, Ordering::SeqCst, |n| {
    |                      ^^^^^^^^^^^^
    |
    = note: `#[warn(deprecated)]` on by default
help: replace the use of the deprecated method
    |
216 -                     .fetch_update(Ordering::SeqCst, Ordering::SeqCst, |n| {
216 +                     .try_update(Ordering::SeqCst, Ordering::SeqCst, |n| {
    |

warning: `reactive-tui` (test "api_focus") generated 1 warning (run `cargo fix --test "api_focus" -p reactive-tui` to apply 1 suggestion)
warning: `reactive-tui` (lib test) generated 4 warnings (4 duplicates)
    Finished `dev` profile [unoptimized] target(s) in 0.12s

running 3 tests
test fast_color_paths_preserve_scalar_results ... ok
test simd_alpha_operations_preserve_channels ... ok
test async_fps_preserves_state_without_a_tokio_runtime ... ok

test result: ok. 3 passed; 0 failed; 0 ignored; 0 measured; 0 filtered out; finished in 0.00s

 warning: use of deprecated method `std::sync::atomic::Atomic::<usize>::fetch_update`: renamed to `try_update` for consistency
   --> src/hooks/animation.rs:170:14
    |
170 |             .fetch_update(Ordering::Relaxed, Ordering::Relaxed, |id| id.checked_add(1))
    |              ^^^^^^^^^^^^
    |
    = note: `#[warn(deprecated)]` on by default
help: replace the use of the deprecated method
    |
170 -             .fetch_update(Ordering::Relaxed, Ordering::Relaxed, |id| id.checked_add(1))
170 +             .try_update(Ordering::Relaxed, Ordering::Relaxed, |id| id.checked_add(1))
    |

warning: falling back to `f32` as the trait bound `f32: From<f64>` is not satisfied
    --> src/layout/style.rs:1532:83
     |
1532 |                 .map(|_| GridTemplateComponent::from(TrackSizingFunction::from_fr(1.0)))
     |                                                                                   ^^^ help: explicitly specify the type as `f32`: `1.0_f32`
     |
     = warning: this was previously accepted by the compiler but is being phased out; it will become a hard error in a future release!
     = note: for more information, see issue #154024 <https://github.com/rust-lang/rust/issues/154024>
     = note: `#[warn(float_literal_f32_fallback)]` (part of `#[warn(future_incompatible)]`) on by default

warning: falling back to `f32` as the trait bound `f32: From<f64>` is not satisfied
    --> src/layout/style.rs:1538:83
     |
1538 |                 .map(|_| GridTemplateComponent::from(TrackSizingFunction::from_fr(1.0)))
     |                                                                                   ^^^ help: explicitly specify the type as `f32`: `1.0_f32`
     |
     = warning: this was previously accepted by the compiler but is being phased out; it will become a hard error in a future release!
     = note: for more information, see issue #154024 <https://github.com/rust-lang/rust/issues/154024>

warning: use of deprecated method `std::sync::atomic::Atomic::<u32>::fetch_update`: renamed to `try_update` for consistency
   --> src/widgets/display/image/protocol_renderer.rs:238:14
    |
238 |             .fetch_update(Ordering::Relaxed, Ordering::Relaxed, |id| {
    |              ^^^^^^^^^^^^
    |
help: replace the use of the deprecated method
    |
238 -             .fetch_update(Ordering::Relaxed, Ordering::Relaxed, |id| {
238 +             .try_update(Ordering::Relaxed, Ordering::Relaxed, |id| {
    |

warning: `reactive-tui` (lib) generated 4 warnings (run `cargo fix --lib -p reactive-tui` to apply 4 suggestions)
    Finished `test` profile [unoptimized] target(s) in 0.12s
     Running tests/api_feature_configurations.rs (/tmp/reactive-tui-wgpu.waMUcc/dqc004/default/debug/build/reactive-tui/04c5b6abb3262add/out/api_feature_configurations-04c5b6abb3262add)

Feature configuration: +nightly --all-features
   Compiling reactive-tui-libghostty-vt-sys v0.1.0 (/home/shawn/workspace2/reactive-tui/crates/libghostty-vt-sys)
    Checking reactive-tui-libghostty-vt v0.1.0 (/home/shawn/workspace2/reactive-tui/crates/libghostty-vt)
    Checking reactive-tui v0.1.0 (/home/shawn/workspace2/reactive-tui)
warning: ambiguous glob re-exports
   --> src/ffi/mod.rs:143:9
    |
143 | pub use pointer::*;
    |         ^^^^^^^^^^ the name `validate_pointer` in the value namespace is first re-exported here
...
148 | pub use types::*;
    |         -------- but the name `validate_pointer` in the value namespace is also re-exported here
    |
    = note: `#[warn(ambiguous_glob_reexports)]` on by default

warning: use of deprecated method `std::sync::atomic::Atomic::<usize>::fetch_update`: renamed to `try_update` for consistency
   --> src/hooks/animation.rs:170:14
    |
170 |             .fetch_update(Ordering::Relaxed, Ordering::Relaxed, |id| id.checked_add(1))
    |              ^^^^^^^^^^^^
    |
    = note: `#[warn(deprecated)]` on by default
help: replace the use of the deprecated method
    |
170 -             .fetch_update(Ordering::Relaxed, Ordering::Relaxed, |id| id.checked_add(1))
170 +             .try_update(Ordering::Relaxed, Ordering::Relaxed, |id| id.checked_add(1))
    |

warning: falling back to `f32` as the trait bound `f32: From<f64>` is not satisfied
    --> src/layout/style.rs:1532:83
     |
1532 |                 .map(|_| GridTemplateComponent::from(TrackSizingFunction::from_fr(1.0)))
     |                                                                                   ^^^ help: explicitly specify the type as `f32`: `1.0_f32`
     |
     = warning: this was previously accepted by the compiler but is being phased out; it will become a hard error in a future release!
     = note: for more information, see issue #154024 <https://github.com/rust-lang/rust/issues/154024>
     = note: `#[warn(float_literal_f32_fallback)]` (part of `#[warn(future_incompatible)]`) on by default

warning: falling back to `f32` as the trait bound `f32: From<f64>` is not satisfied
    --> src/layout/style.rs:1538:83
     |
1538 |                 .map(|_| GridTemplateComponent::from(TrackSizingFunction::from_fr(1.0)))
     |                                                                                   ^^^ help: explicitly specify the type as `f32`: `1.0_f32`
     |
     = warning: this was previously accepted by the compiler but is being phased out; it will become a hard error in a future release!
     = note: for more information, see issue #154024 <https://github.com/rust-lang/rust/issues/154024>

warning: use of deprecated method `std::sync::atomic::Atomic::<u32>::fetch_update`: renamed to `try_update` for consistency
   --> src/widgets/display/image/protocol_renderer.rs:238:14
    |
238 |             .fetch_update(Ordering::Relaxed, Ordering::Relaxed, |id| {
    |              ^^^^^^^^^^^^
    |
help: replace the use of the deprecated method
    |
238 -             .fetch_update(Ordering::Relaxed, Ordering::Relaxed, |id| {
238 +             .try_update(Ordering::Relaxed, Ordering::Relaxed, |id| {
    |

warning: unused variable: `width`
   --> src/ffi/lib.rs:122:14
    |
122 |         let (width, height) = renderer_box.dims();
    |              ^^^^^ help: if this is intentional, prefix it with an underscore: `_width`
    |
    = note: `#[warn(unused_variables)]` (part of `#[warn(unused)]`) on by default

warning: function `validate_pointer` is never used
   --> src/ffi/types.rs:182:15
    |
182 | pub(crate) fn validate_pointer<T>(ptr: *const T) -> bool {
    |               ^^^^^^^^^^^^^^^^
    |
    = note: `#[warn(dead_code)]` (part of `#[warn(unused)]`) on by default

warning: function `validate_mut_pointer` is never used
   --> src/ffi/types.rs:187:15
    |
187 | pub(crate) fn validate_mut_pointer<T>(ptr: *mut T) -> bool {
    |               ^^^^^^^^^^^^^^^^^^^^

warning: function `safe_cast` is never used
   --> src/ffi/types.rs:192:22
    |
192 | pub(crate) unsafe fn safe_cast<T, U>(ptr: *mut T) -> Result<*mut U, ReactiveError> {
    |                      ^^^^^^^^^

warning: function `safe_cast_const` is never used
   --> src/ffi/types.rs:206:22
    |
206 | pub(crate) unsafe fn safe_cast_const<T, U>(ptr: *const T) -> Result<*const U, ReactiveError> {
    |                      ^^^^^^^^^^^^^^^

warning: `reactive-tui` (lib) generated 10 warnings (run `cargo fix --lib -p reactive-tui` to apply 5 suggestions)
warning: use of deprecated method `std::sync::atomic::Atomic::<usize>::fetch_update`: renamed to `try_update` for consistency
   --> tests/api_focus.rs:216:22
    |
216 |                     .fetch_update(Ordering::SeqCst, Ordering::SeqCst, |n| {
    |                      ^^^^^^^^^^^^
    |
    = note: `#[warn(deprecated)]` on by default
help: replace the use of the deprecated method
    |
216 -                     .fetch_update(Ordering::SeqCst, Ordering::SeqCst, |n| {
216 +                     .try_update(Ordering::SeqCst, Ordering::SeqCst, |n| {
    |

warning: `reactive-tui` (test "api_focus") generated 1 warning (run `cargo fix --test "api_focus" -p reactive-tui` to apply 1 suggestion)
warning: unnecessary `unsafe` block
  --> tests/test_ffi_core_only.rs:10:9
   |
10 |         unsafe {
   |         ^^^^^^ unnecessary `unsafe` block
   |
   = note: `#[warn(unused_unsafe)]` (part of `#[warn(unused)]`) on by default

warning: unnecessary `unsafe` block
  --> tests/test_ffi_core_only.rs:24:9
   |
24 |         unsafe {
   |         ^^^^^^ unnecessary `unsafe` block

warning: unnecessary `unsafe` block
  --> tests/test_ffi_core_only.rs:67:9
   |
67 |         unsafe {
   |         ^^^^^^ unnecessary `unsafe` block

warning: unnecessary `unsafe` block
  --> tests/test_ffi_core_only.rs:94:9
   |
94 |         unsafe {
   |         ^^^^^^ unnecessary `unsafe` block

warning: unnecessary `unsafe` block
   --> tests/test_ffi_core_only.rs:127:9
    |
127 |         unsafe {
    |         ^^^^^^ unnecessary `unsafe` block

warning: unnecessary `unsafe` block
   --> tests/test_ffi_core_only.rs:171:9
    |
171 |         unsafe {
    |         ^^^^^^ unnecessary `unsafe` block

warning: unnecessary `unsafe` block
   --> tests/test_ffi_core_only.rs:193:9
    |
193 |         unsafe {
    |         ^^^^^^ unnecessary `unsafe` block

warning: `reactive-tui` (test "test_ffi_core_only") generated 7 warnings
warning: unnecessary `unsafe` block
  --> tests/test_ffi_integration.rs:10:9
   |
10 |         unsafe {
   |         ^^^^^^ unnecessary `unsafe` block
   |
   = note: `#[warn(unused_unsafe)]` (part of `#[warn(unused)]`) on by default

warning: unnecessary `unsafe` block
  --> tests/test_ffi_integration.rs:60:9
   |
60 |         unsafe {
   |         ^^^^^^ unnecessary `unsafe` block

warning: unnecessary `unsafe` block
   --> tests/test_ffi_integration.rs:115:9
    |
115 |         unsafe {
    |         ^^^^^^ unnecessary `unsafe` block

warning: unnecessary `unsafe` block
   --> tests/test_ffi_integration.rs:150:9
    |
150 |         unsafe {
    |         ^^^^^^ unnecessary `unsafe` block

warning: unnecessary `unsafe` block
   --> tests/test_ffi_integration.rs:172:9
    |
172 |         unsafe {
    |         ^^^^^^ unnecessary `unsafe` block

warning: `reactive-tui` (test "test_ffi_integration") generated 5 warnings
warning: `reactive-tui` (lib test) generated 10 warnings (10 duplicates)
    Finished `dev` profile [unoptimized] target(s) in 9.15s

running 3 tests
test async_fps_preserves_state_without_a_tokio_runtime ... ok
test fast_color_paths_preserve_scalar_results ... ok
test simd_alpha_operations_preserve_channels ... ok

test result: ok. 3 passed; 0 failed; 0 ignored; 0 measured; 0 filtered out; finished in 0.00s

    Compiling reactive-tui-libghostty-vt-sys v0.1.0 (/home/shawn/workspace2/reactive-tui/crates/libghostty-vt-sys)
   Compiling reactive-tui-libghostty-vt v0.1.0 (/home/shawn/workspace2/reactive-tui/crates/libghostty-vt)
   Compiling reactive-tui v0.1.0 (/home/shawn/workspace2/reactive-tui)
warning: ambiguous glob re-exports
   --> src/ffi/mod.rs:143:9
    |
143 | pub use pointer::*;
    |         ^^^^^^^^^^ the name `validate_pointer` in the value namespace is first re-exported here
...
148 | pub use types::*;
    |         -------- but the name `validate_pointer` in the value namespace is also re-exported here
    |
    = note: `#[warn(ambiguous_glob_reexports)]` on by default

warning: use of deprecated method `std::sync::atomic::Atomic::<usize>::fetch_update`: renamed to `try_update` for consistency
   --> src/hooks/animation.rs:170:14
    |
170 |             .fetch_update(Ordering::Relaxed, Ordering::Relaxed, |id| id.checked_add(1))
    |              ^^^^^^^^^^^^
    |
    = note: `#[warn(deprecated)]` on by default
help: replace the use of the deprecated method
    |
170 -             .fetch_update(Ordering::Relaxed, Ordering::Relaxed, |id| id.checked_add(1))
170 +             .try_update(Ordering::Relaxed, Ordering::Relaxed, |id| id.checked_add(1))
    |

warning: falling back to `f32` as the trait bound `f32: From<f64>` is not satisfied
    --> src/layout/style.rs:1532:83
     |
1532 |                 .map(|_| GridTemplateComponent::from(TrackSizingFunction::from_fr(1.0)))
     |                                                                                   ^^^ help: explicitly specify the type as `f32`: `1.0_f32`
     |
     = warning: this was previously accepted by the compiler but is being phased out; it will become a hard error in a future release!
     = note: for more information, see issue #154024 <https://github.com/rust-lang/rust/issues/154024>
     = note: `#[warn(float_literal_f32_fallback)]` (part of `#[warn(future_incompatible)]`) on by default

warning: falling back to `f32` as the trait bound `f32: From<f64>` is not satisfied
    --> src/layout/style.rs:1538:83
     |
1538 |                 .map(|_| GridTemplateComponent::from(TrackSizingFunction::from_fr(1.0)))
     |                                                                                   ^^^ help: explicitly specify the type as `f32`: `1.0_f32`
     |
     = warning: this was previously accepted by the compiler but is being phased out; it will become a hard error in a future release!
     = note: for more information, see issue #154024 <https://github.com/rust-lang/rust/issues/154024>

warning: use of deprecated method `std::sync::atomic::Atomic::<u32>::fetch_update`: renamed to `try_update` for consistency
   --> src/widgets/display/image/protocol_renderer.rs:238:14
    |
238 |             .fetch_update(Ordering::Relaxed, Ordering::Relaxed, |id| {
    |              ^^^^^^^^^^^^
    |
help: replace the use of the deprecated method
    |
238 -             .fetch_update(Ordering::Relaxed, Ordering::Relaxed, |id| {
238 +             .try_update(Ordering::Relaxed, Ordering::Relaxed, |id| {
    |

warning: unused variable: `width`
   --> src/ffi/lib.rs:122:14
    |
122 |         let (width, height) = renderer_box.dims();
    |              ^^^^^ help: if this is intentional, prefix it with an underscore: `_width`
    |
    = note: `#[warn(unused_variables)]` (part of `#[warn(unused)]`) on by default

warning: function `validate_pointer` is never used
   --> src/ffi/types.rs:182:15
    |
182 | pub(crate) fn validate_pointer<T>(ptr: *const T) -> bool {
    |               ^^^^^^^^^^^^^^^^
    |
    = note: `#[warn(dead_code)]` (part of `#[warn(unused)]`) on by default

warning: function `validate_mut_pointer` is never used
   --> src/ffi/types.rs:187:15
    |
187 | pub(crate) fn validate_mut_pointer<T>(ptr: *mut T) -> bool {
    |               ^^^^^^^^^^^^^^^^^^^^

warning: function `safe_cast` is never used
   --> src/ffi/types.rs:192:22
    |
192 | pub(crate) unsafe fn safe_cast<T, U>(ptr: *mut T) -> Result<*mut U, ReactiveError> {
    |                      ^^^^^^^^^

warning: function `safe_cast_const` is never used
   --> src/ffi/types.rs:206:22
    |
206 | pub(crate) unsafe fn safe_cast_const<T, U>(ptr: *const T) -> Result<*const U, ReactiveError> {
    |                      ^^^^^^^^^^^^^^^

warning: `reactive-tui` (lib) generated 10 warnings (run `cargo fix --lib -p reactive-tui` to apply 5 suggestions)
    Finished `test` profile [unoptimized] target(s) in 18.03s
     Running tests/api_feature_configurations.rs (/tmp/reactive-tui-wgpu.waMUcc/dqc004/default/debug/build/reactive-tui/95fdf4195355c568/out/api_feature_configurations-95fdf4195355c568)

   Compiling reactive-tui v0.1.0 (/home/shawn/workspace2/reactive-tui)
    Finished `test` profile [unoptimized] target(s) in 12.47s
     Running tests/api_component_expansion.rs (/tmp/reactive-tui-wgpu.waMUcc/dqc004/default/debug/deps/api_component_expansion-1428b1b569399430)

running 5 tests
test recursive_expansion_fails_with_a_bounded_error ... ok
test nested_components_keep_instances_through_props_reorder_and_removal ... ok
test replacing_component_type_at_a_key_releases_old_state ... ok
test duplicate_keys_fail_without_ambiguous_instance_reuse ... ok
test unknown_names_keep_their_container_children_and_plain_text_control_paints ... ok

test result: ok. 5 passed; 0 failed; 0 ignored; 0 measured; 0 filtered out; finished in 0.13s

   Compiling reactive-tui v0.1.0 (/home/shawn/workspace2/reactive-tui)
    Finished `test` profile [unoptimized] target(s) in 18.88s
     Running tests/api_component_expansion.rs (/tmp/reactive-tui-wgpu.waMUcc/dqc004/default/debug/deps/api_component_expansion-acf70021a5e8045c)

running 5 tests
test nested_components_keep_instances_through_props_reorder_and_removal ... ok
test recursive_expansion_fails_with_a_bounded_error ... ok
test replacing_component_type_at_a_key_releases_old_state ... ok
test duplicate_keys_fail_without_ambiguous_instance_reuse ... ok
test unknown_names_keep_their_container_children_and_plain_text_control_paints ... ok

test result: ok. 5 passed; 0 failed; 0 ignored; 0 measured; 0 filtered out; finished in 0.14s

PASS API-015: feature catalog, independent builds and runtime behavior
