...........
----------------------------------------------------------------------
Ran 11 tests in 0.000s

OK
   Compiling reactive-tui v0.1.0 (/home/shawn/workspace2/reactive-tui)
    Finished `test` profile [unoptimized + debuginfo] target(s) in 4.07s
     Running tests/widget_catalog_behavior.rs (/tmp/reactive-tui-wgpu.waMUcc/debug/deps/widget_catalog_behavior-64fe297e0385f367)

running 14 tests
test navigation_changes_at_the_eighty_column_breakpoint ... ok
test catalog_exposes_the_complete_page_order ... ok
test animation_waits_for_its_deadline_and_skips_missed_frames ... ok
test number_keys_jump_to_the_displayed_page ... ok
test advertised_quit_keys_request_normal_app_exit ... ok
test page_navigation_wraps_in_both_directions ... ok
test released_quit_keys_and_plain_letters_do_not_exit ... ok
test dialogs_are_live_and_separately_reachable ... ok
test every_page_renders_a_focused_stage ... ok
test cube_frames_are_distinct_and_bounded ... ok
test compact_and_wide_navigation_paint_every_shortcut_after_resize ... ok
test table_has_representative_rows_and_logo_is_decodable ... ok
test context_and_popup_menus_are_visible_when_selected ... ok
test live_dialogs_switch_through_real_app_input ... ok

test result: ok. 14 passed; 0 failed; 0 ignored; 0 measured; 0 filtered out; finished in 0.44s

    Checking half v2.6.0
    Checking plotters v0.3.7
    Checking reactive-tui v0.1.0 (/home/shawn/workspace2/reactive-tui)
    Checking proptest v1.7.0
    Checking serial_test v3.5.0
    Checking ciborium-ll v0.2.2
    Checking ciborium v0.2.2
    Checking criterion v0.5.1
    Finished `dev` profile [unoptimized + debuginfo] target(s) in 7.17s
PASS CAT-001: catalog requirement checks passed
