.....
----------------------------------------------------------------------
Ran 5 tests in 0.011s

OK
..................
----------------------------------------------------------------------
Ran 18 tests in 0.851s

OK
kitty: /home/shawn/workspace2/reactive-tui/target/kitty-image-host/684c41622674e6462bc7/kitty-0.45.0/kitty/launcher/kitty
ghostty: /usr/bin/ghostty
xterm: /usr/bin/xterm
wezterm: /usr/bin/wezterm
gnome-terminal: /usr/bin/gnome-terminal
chafa: /home/linuxbrew/.linuxbrew/bin/chafa
viu: /home/linuxbrew/.linuxbrew/bin/viu
Xvfb: /usr/bin/Xvfb
kitty 0.45.0 created by Kovid Goyal

Ghostty 1.3.1

Version
  - version: 1.3.1
  - channel: stable
Build Config
  - Zig version   : 0.15.2
  - build mode    : .ReleaseFast
  - app runtime   : .gtk
  - font engine   : .fontconfig_freetype
  - renderer      : renderer.generic.Renderer(renderer.OpenGL)
  - libxev        : io_uring
  - kernel version: 7.0.0-30-generic
  - desktop env   : other
  - GTK version   :
    build         : 4.22.1
    runtime       : 4.22.2
  - libadwaita    : enabled
    build         : 1.9.0
    runtime       : 1.9.0
  - libX11        : enabled
  - libwayland    : enabled

wezterm 20260117-154428-05343b38

Chafa version 1.18.2

Loaders:  AVIF GIF JPEG JXL PNG QOI SVG TIFF WebP XWD
Features: mmx sse4.1 popcnt avx2
Applying: mmx sse4.1 popcnt avx2

Copyright (C) 2018-2025 Hans Petter Jansson et al.
Incl. libnsgif copyright (C) 2004 Richard Wilson, copyright (C) 2008 Sean Fox
Incl. LodePNG copyright (C) 2005-2018 Lode Vandevenne
Incl. QOI decoder copyright (C) 2021 Dominic Szablewski

This is free software; see the source for copying conditions. There is NO
warranty; not even for MERCHANTABILITY or FITNESS FOR A PARTICULAR PURPOSE.


viu 1.6.1

    Blocking waiting for file lock on artifact directory
    Finished `test` profile [unoptimized + debuginfo] target(s) in 1m 39s
     Running unittests src/lib.rs (/home/shawn/workspace2/scratchpads/suprnova-target/debug/deps/reactive_tui-e6259c94dd2cfe8d)

running 41 tests
test widgets::display::image::decoded::tests::api_image_decode_all_advertised_encoded_formats ... ok
test widgets::display::image::decoded::tests::api_image_decode_opaque_renderers_composite_alpha ... ok
test widgets::display::image::decoded::tests::api_image_decode_rejects_malformed_and_oversized_sources ... ok
test widgets::display::image::decoded::tests::api_image_decode_sources_preserve_pixels_and_encoded_dimensions ... ok
test widgets::display::image::decoded::tests::xis_002_decode_rejects_combined_storage_over_budget ... ok
test widgets::display::image::external_renderer::tests::api_image_external_commands_bound_resources ... ok
test widgets::display::image::external_renderer::tests::api_image_external_raw_pixels_are_encoded_as_png ... ok
test widgets::display::image::external_renderer::tests::api_image_external_render_preserves_caller_file ... ok
test widgets::display::image::external_renderer::tests::api_image_temporary_files_are_independent_and_owned ... ok
test widgets::display::image::external_renderer::tests::api_image_viu_prepares_aspect_background_and_stretched_pixels ... ok
test widgets::display::image::external_renderer::tests::test_get_display_constraints_default ... ok
test widgets::display::image::external_renderer::tests::test_get_display_constraints_with_size ... ok
test widgets::display::image::external_renderer::tests::test_write_temp_file ... ok
test widgets::display::image::external_renderer::tests::xis_002_argument_validator_rejects_unsafe_observations ... ok
test widgets::display::image::external_renderer::tests::xis_002_external_paths_are_positional_data ... ok
test widgets::display::image::image_processor::tests::api_image_ascii_obeys_both_dimensions_and_uses_decoded_pixels ... ok
test widgets::display::image::image_processor::tests::api_image_grayscale_preserves_neutral_channels ... ok
test widgets::display::image::image_processor::tests::test_ascii_config_default ... ok
test widgets::display::image::image_processor::tests::test_floyd_steinberg_dithering ... ok
test widgets::display::image::image_processor::tests::test_rgb_to_grayscale_conversion ... ok
test widgets::display::image::live::animation::tests::api_image_gif_bounds_zero_delay_and_rejects_excess_tiny_frames ... ok
test widgets::display::image::live::animation::tests::api_image_gif_composites_disposal_and_obeys_finite_and_infinite_timing ... ok
test widgets::display::image::live::animation::tests::api_image_gif_rejects_cumulative_storage_before_allocating_frames_and_cancels ... ok
test widgets::display::image::live::cells::tests::api_image_external_cells_preserve_first_row_colors_and_ignore_host_commands ... ok
test widgets::display::image::live::worker::external_tests::api_image_external_auto_keeps_graphics_priority_and_falls_back_between_tools ... ok
test widgets::display::image::live::worker::external_tests::api_image_external_worker_reuses_decoded_source_and_cancels_owned_child ... ok
test widgets::display::image::live::worker::tests::api_image_gif_worker_stops_finite_playback_and_replaces_infinite_source ... ok
test widgets::display::image::live::worker::tests::api_image_worker_publishes_latest_source_and_releases_ownership ... ok
test widgets::display::image::live::worker::tests::api_image_worker_reports_current_errors_and_joins_pending_work ... ok
test widgets::display::image::protocol_renderer::tests::api_image_protocol_background_and_fast_resize_reach_encoded_pixels ... ok
test widgets::display::image::protocol_renderer::tests::api_image_protocol_iterm_encodes_an_image_file_with_byte_size ... ok
test widgets::display::image::protocol_renderer::tests::api_image_protocol_kitty_transmits_one_chunked_rgba_image ... ok
test widgets::display::image::protocol_renderer::tests::api_image_protocol_rejects_invalid_raw_extents ... ok
test widgets::display::image::protocol_renderer::tests::test_calculate_display_size_preserve_aspect ... ok
test widgets::display::image::protocol_renderer::tests::test_generate_image_id ... ok
test widgets::display::image::protocol_renderer::tests::test_process_raw_bytes_rgb_to_rgba ... ok
test widgets::display::image::sixel_renderer::tests::test_calculate_display_size_no_upscale ... ok
test widgets::display::image::sixel_renderer::tests::test_calculate_display_size_preserve_aspect ... ok
test widgets::display::image::sixel_renderer::tests::test_ensure_rgb888_validation ... ok
test widgets::display::image::tests::api_image_empty_bounds_emit_no_protocol_or_placeholder ... ok
test widgets::display::image::tests::api_image_unavailable_protocols_fall_back_to_decoded_image ... ok

test result: ok. 41 passed; 0 failed; 0 ignored; 0 measured; 1023 filtered out; finished in 15.46s


    Blocking waiting for file lock on artifact directory
    Finished `test` profile [unoptimized + debuginfo] target(s) in 5.50s
     Running unittests src/lib.rs (/home/shawn/workspace2/scratchpads/suprnova-target/debug/deps/reactive_tui-e6259c94dd2cfe8d)

running 12 tests
test platform::image::tests::api_image_platform_empty_clipping_and_unsupported_z_order_write_nothing ... ok
test platform::image::tests::api_image_platform_file_and_memory_decode_actual_pixels ... ok
test platform::image::tests::api_image_platform_iterm_uses_encoded_file_and_byte_count ... ok
test platform::image::tests::api_image_platform_kitty_crops_and_retains_placement_options ... ok
test platform::image::tests::api_image_platform_rejects_invalid_encoded_and_raw_data_without_output ... ok
test platform::image::tests::api_image_platform_scaling_and_pixel_offsets_use_real_raster_bounds ... ok
test platform::image::tests::api_image_platform_sixel_encoder_transmits_colors_and_decoded_sources ... ok
test platform::image::tests::api_image_platform_sixel_malformed_bodies_do_not_panic ... ok
test platform::image::tests::api_image_platform_sixel_offsets_preserve_transparent_pixels ... ok
test platform::image::tests::api_image_platform_sixel_quality_handles_more_than_256_colors ... ok
test platform::image::tests::api_image_platform_sixel_rejects_overflow_truncation_and_non_image_controls ... ok
test platform::image::tests::api_image_platform_webp_and_sixel_files_preserve_pixels ... ok

test result: ok. 12 passed; 0 failed; 0 ignored; 0 measured; 1052 filtered out; finished in 0.04s


    Finished `test` profile [unoptimized + debuginfo] target(s) in 0.09s
     Running unittests src/lib.rs (/home/shawn/workspace2/scratchpads/suprnova-target/debug/deps/reactive_tui-e6259c94dd2cfe8d)

running 17 tests
test core::surface::image_output::tests::api_surface_image_fallback_uses_source_regions_and_removes_pixels ... ok
test core::surface::image_output::tests::api_surface_image_foreground_fallback_clears_a_whole_wide_grapheme ... ok
test core::surface::image_output::tests::api_surface_image_projection_layer_alpha_and_checked_errors ... ok
test core::surface::image_output::tests::api_surface_image_protocol_retry_and_removal_are_owned ... ok
test core::surface::tests::api_surface_image_small_source_and_removal ... ok
test core::surface::tests::api_surface_image_validation_and_clipped_work ... ok
test core::surface::tests::diffwriter_counts_increase_on_changes ... ok
test core::surface::tests::surface_reinit_reuses_capacity ... ok
test core::surface::tests::test_border_chars ... ok
test core::surface::tests::test_cell_image_placement ... ok
test core::surface::tests::test_clear_all_image_placements ... ok
test core::surface::tests::test_enhanced_surface_features ... ok
test core::surface::tests::test_image_region_placement ... ok
test core::surface::tests::test_image_registry_basic_operations ... ok
test core::surface::tests::test_surface_copy_preserves_images ... ok
test core::surface::tests::test_surface_image_operations ... ok
test core::surface::tests::test_text_style ... ok

test result: ok. 17 passed; 0 failed; 0 ignored; 0 measured; 1047 filtered out; finished in 0.01s


    Finished `test` profile [unoptimized + debuginfo] target(s) in 0.09s
     Running unittests src/lib.rs (/home/shawn/workspace2/scratchpads/suprnova-target/debug/deps/reactive_tui-e6259c94dd2cfe8d)

running 10 tests
test backend::suprtui::graphics::tests::api_image_graphics_actual_coverage_masks_text_and_opaque_backgrounds ... ok
test backend::suprtui::graphics::tests::api_image_graphics_cell_pixels_padding_tint_and_layer_order_follow_the_painter ... ok
test backend::suprtui::graphics::tests::api_image_graphics_clip_and_output_failure_retry_delete_possible_placements ... ok
test backend::suprtui::graphics::tests::api_image_graphics_failed_sixel_flush_keeps_cleanup_for_retry ... ok
test backend::suprtui::graphics::tests::api_image_graphics_output_is_owned_cached_moved_and_removed ... ok
test backend::suprtui::graphics::tests::api_image_graphics_refreshes_cell_metrics_and_clears_when_switching_to_cell_frames ... ok
test backend::suprtui::graphics::tests::api_image_graphics_sixel_absolute_offsets_keep_preceding_translucent_pixels ... ok
test backend::suprtui::graphics::tests::api_image_graphics_sixel_and_inline_keep_masks_cache_and_clear_owned_placements ... ok
test backend::suprtui::graphics::tests::api_image_graphics_writer_requires_explicit_capability_and_valid_cell_pixels ... ok
test backend::suprtui::graphics::tests::native_cursor_respects_image_pixels_and_retains_coverage_on_cached_frames ... ok

test result: ok. 10 passed; 0 failed; 0 ignored; 0 measured; 1054 filtered out; finished in 0.06s


    Blocking waiting for file lock on package cache
   Compiling reactive-tui v0.1.0 (/home/shawn/workspace2/reactive-tui)
    Finished `test` profile [unoptimized + debuginfo] target(s) in 21.75s
     Running tests/api_widget_behavior.rs (/home/shawn/workspace2/scratchpads/suprnova-target/debug/deps/api_widget_behavior-9f2f4c66b59c1dac)

running 12 tests
test image_acceptance::image_animated_gif_advances_without_input_and_repeats_through_app ... ok
test image_acceptance::image_builder_clips_to_its_parent_and_keeps_other_images_independent ... ok
test image_acceptance::image_builder_loads_encoded_file_contents ... ok
test image_acceptance::image_builder_paints_decoded_pixels_with_authored_bounds ... ok
test image_acceptance::image_builder_presents_decoded_kitty_pixels_and_releases_updated_and_removed_resources ... ok
test image_acceptance::image_builder_presents_sixel_and_inline_updates_and_removal ... ok
test image_acceptance::image_builder_reports_invalid_sources_and_empty_state ... ok
test image_acceptance::image_builder_resizes_to_its_presented_content_area ... ok
test image_acceptance::image_builder_retains_base64_data_url_and_format_hint ... ok
test image_acceptance::image_builder_updates_a_keyed_source_and_clears_on_removal ... ok
test image_acceptance::image_file_and_encoded_memory_share_kitty_payloads_in_app ... ok
test image_acceptance::image_native_element_honors_alpha_background_quality_and_text_mode ... ok

test result: ok. 12 passed; 0 failed; 0 ignored; 0 measured; 390 filtered out; finished in 1.86s


Traceback (most recent call last):
  File "/home/shawn/workspace2/reactive-tui/scripts/check-api-images.py", line 108, in <module>
    main()
    ~~~~^^
  File "/home/shawn/workspace2/reactive-tui/scripts/check-api-images.py", line 64, in main
    print(execute(["python3", "-B", "scripts/check-widget-platforms.py", "--verify"],
          ~~~~~~~^^^^^^^^^^^^^^^^^^^^^^^^^^^^^^^^^^^^^^^^^^^^^^^^^^^^^^^^^^^^^^^^^^^^
                  output / "native-records.out", 180), flush=True)
                  ^^^^^^^^^^^^^^^^^^^^^^^^^^^^^^^^^^^
  File "/home/shawn/workspace2/reactive-tui/scripts/check-widget-platforms.py", line 74, in execute
    raise RuntimeError(f"Native widget command failed ({status}): {output}")
RuntimeError: Native widget command failed (1): /home/shawn/workspace2/reactive-tui/.cairn/reviews/api-image-hosts/20260918T135942383961Z/native-records.out
