...........
----------------------------------------------------------------------
Ran 11 tests in 0.000s

OK
..
----------------------------------------------------------------------
Ran 2 tests in 0.017s

OK
    Finished `test` profile [unoptimized + debuginfo] target(s) in 0.08s
     Running tests/widget_catalog_behavior.rs (/tmp/reactive-tui-wgpu.waMUcc/debug/deps/widget_catalog_behavior-64fe297e0385f367)

running 21 tests
test animation_waits_for_its_deadline_and_skips_missed_frames ... ok
test advertised_quit_keys_request_normal_app_exit ... ok
test layout_page_mounts_a_real_four_column_span_grid ... ok
test catalog_exposes_the_complete_page_order ... ok
test dialogs_are_live_and_separately_reachable ... ok
test every_page_renders_a_focused_stage ... ok
test number_keys_jump_to_the_displayed_page ... ok
test page_navigation_wraps_in_both_directions ... ok
test navigation_changes_at_the_eighty_column_breakpoint ... ok
test released_quit_keys_and_plain_letters_do_not_exit ... ok
test page_scroll_view_uses_the_terminal_stage_not_default_dimensions ... ok
test cube_frames_are_distinct_and_bounded ... ok
test sized_cube_frames_are_bounded_and_change_only_with_time ... ok
test compact_and_wide_navigation_paint_every_shortcut_after_resize ... ok
test table_has_representative_rows_and_logo_is_decodable ... ok
test overview_coverage_wraps_and_navigation_entries_do_not_stretch ... ok
test both_layout_example_columns_are_visible_and_compact ... ok
test colored_column_spans_have_native_cell_geometry_at_each_viewport ... ok
test default_motion_canvas_tracks_the_terminal_and_uses_subcell_strokes ... ok
test context_and_popup_menus_are_visible_when_selected ... ok
test live_dialogs_switch_through_real_app_input ... ok

test result: ok. 21 passed; 0 failed; 0 ignored; 0 measured; 0 filtered out; finished in 0.40s

    Finished `dev` profile [unoptimized + debuginfo] target(s) in 0.08s
    Blocking waiting for file lock on package cache
    Blocking waiting for file lock on package cache
    Finished `dev` profile [unoptimized + debuginfo] target(s) in 0.11s
CATALOG FRAME 819702712bee0f63dfd4024444165d19ca34c9eef030b7cf4570fed6fb667e1a
CATALOG FRAME e20ce9351de8806ab5ab570555c6900812a563a4a7bb18d72eff1ddfb5e5ff61
CTRL_Q EXIT 0
CATALOG FRAME 2c0715abb32eb690ab9d72a8ebc04cfad62c63c22701ce3bf37591303417e03e
CATALOG FRAME e20ce9351de8806ab5ab570555c6900812a563a4a7bb18d72eff1ddfb5e5ff61
CTRL_C EXIT 0
CATALOG FRAME 2c0715abb32eb690ab9d72a8ebc04cfad62c63c22701ce3bf37591303417e03e
CATALOG FRAME e20ce9351de8806ab5ab570555c6900812a563a4a7bb18d72eff1ddfb5e5ff61
ESCAPE EXIT 0
CATALOG HOST CAPTURE {"path": ".cairn/evidence/captures/catalog/20260916T211027584545Z-997978/kitty-motion-60x24.png", "sha256": "28ad0b1aded87150ac8cd916ba61d71016243d09346c33ace0e561329abcb1a9"}
CATALOG HOST CAPTURE {"path": ".cairn/evidence/captures/catalog/20260916T211027584545Z-997978/kitty-motion-144x50.png", "sha256": "c8d758423b517094c253d81e74b8e813aed3f32441765eb7f88b4109ecfdefa5"}
CATALOG HOST CAPTURE {"path": ".cairn/evidence/captures/catalog/20260916T211027584545Z-997978/kitty-motion-200x60.png", "sha256": "d94dacfbc7bd8f7b3cf10ecff9bff086c79494fe697fea724935ca994d5df125"}
CATALOG HOST CAPTURE {"path": ".cairn/evidence/captures/catalog/20260916T211027584545Z-997978/kitty-motion-60x24-return.png", "sha256": "08017e9b04484b31e78dc3982acf7499d35446fb2e4602bc586475692098bc59"}
CATALOG HOST MANIFEST {"path": ".cairn/evidence/captures/catalog/20260916T211027584545Z-997978/host.json", "sha256": "eb05f4d320e6d85e8ee0e79c27aca835f61fe43b8a4444536b7650a40aff0e22"}
REVIEW: inspect actual PNGs; text readiness does not prove visual quality
PASS CAT-002: catalog requirement checks passed
