   Compiling reactive-tui v0.1.0 (/home/shawn/workspace2/reactive-tui)
    Finished `test` profile [unoptimized] target(s) in 0.45s
     Running tests/api_hook_state.rs (/tmp/reactive-tui-wgpu.waMUcc/dqc004/default/debug/deps/api_hook_state-6dfa8c051c872f11)

running 5 tests
test changed_hook_types_are_rejected_instead_of_detached ... ok
test memo_and_state_cannot_silently_swap_the_same_value_type ... ok
test memo_keeps_its_signal_and_refreshes_the_value ... ok
test generated_frames_reject_fewer_or_more_hooks ... ok
test generated_components_reuse_state_with_and_without_props ... ok

test result: ok. 5 passed; 0 failed; 0 ignored; 0 measured; 0 filtered out; finished in 0.00s

    Finished `test` profile [unoptimized] target(s) in 0.12s
     Running unittests src/lib.rs (/tmp/reactive-tui-wgpu.waMUcc/dqc004/default/debug/deps/reactive_tui-ee3dccb78368cb88)

running 8 tests
test reactive::hooks::tests::overlapping_frames_fail_without_poisoning_state ... ok
test reactive::hooks::tests::final_hook_clone_drop_runs_cleanup_once ... ok
test reactive::hooks::tests::rac_002_thread_safe_signal_update_allows_reentrant_read_and_write ... ok
test reactive::hooks::tests::aborted_render_does_not_commit_effect_dependencies ... ok
test reactive::hooks::tests::panicking_effect_does_not_leave_its_slot_running ... ok
test reactive::hooks::tests::test_thread_safe_signal ... ok
test reactive::hooks::tests::test_thread_safe_context ... ok
test reactive::hooks::tests::repeated_frames_keep_a_bounded_slot_count ... ok

test result: ok. 8 passed; 0 failed; 0 ignored; 0 measured; 1056 filtered out; finished in 0.00s

