   Compiling reactive-tui-crossterm v0.1.0 (/home/shawn/workspace2/reactive-tui/src/backend/crossterm)
   Compiling reactive-tui-macros v0.1.0 (/home/shawn/workspace2/reactive-tui/reactive-tui-macros)
   Compiling reactive-tui v0.1.0 (/home/shawn/workspace2/reactive-tui)
warning: ambiguous glob re-exports
   --> src/ffi/mod.rs:143:9
    |
143 | pub use pointer::*;
    |         ^^^^^^^^^^ the name `validate_pointer` in the value namespace is first re-exported here
...
148 | pub use types::*;
    |         -------- but the name `validate_pointer` in the value namespace is also re-exported here
    |
    = note: `#[warn(ambiguous_glob_reexports)]` on by default

warning: unused variable: `width`
   --> src/ffi/lib.rs:122:14
    |
122 |         let (width, height) = renderer_box.dims();
    |              ^^^^^ help: if this is intentional, prefix it with an underscore: `_width`
    |
    = note: `#[warn(unused_variables)]` (part of `#[warn(unused)]`) on by default

warning: function `validate_pointer` is never used
   --> src/ffi/types.rs:182:15
    |
182 | pub(crate) fn validate_pointer<T>(ptr: *const T) -> bool {
    |               ^^^^^^^^^^^^^^^^
    |
    = note: `#[warn(dead_code)]` (part of `#[warn(unused)]`) on by default

warning: function `validate_mut_pointer` is never used
   --> src/ffi/types.rs:187:15
    |
187 | pub(crate) fn validate_mut_pointer<T>(ptr: *mut T) -> bool {
    |               ^^^^^^^^^^^^^^^^^^^^

warning: function `safe_cast` is never used
   --> src/ffi/types.rs:192:22
    |
192 | pub(crate) unsafe fn safe_cast<T, U>(ptr: *mut T) -> Result<*mut U, ReactiveError> {
    |                      ^^^^^^^^^

warning: function `safe_cast_const` is never used
   --> src/ffi/types.rs:206:22
    |
206 | pub(crate) unsafe fn safe_cast_const<T, U>(ptr: *const T) -> Result<*const U, ReactiveError> {
    |                      ^^^^^^^^^^^^^^^

warning: `reactive-tui` (lib) generated 6 warnings (run `cargo fix --lib -p reactive-tui` to apply 1 suggestion)
    Finished `dev` profile [unoptimized + debuginfo] target(s) in 21.02s
    Finished `test` profile [unoptimized + debuginfo] target(s) in 0.12s
     Running tests/registry_cache_isolation.rs (target/debug/deps/registry_cache_isolation-b7fc1e330fafad53)
    Finished `test` profile [unoptimized + debuginfo] target(s) in 0.08s
     Running unittests src/lib.rs (target/debug/deps/reactive_tui-cf396ad3e1c2165f)
    Finished `test` profile [unoptimized + debuginfo] target(s) in 0.09s
    Finished `test` profile [unoptimized + debuginfo] target(s) in 0.11s
     Running tests/component_macro_integration.rs (target/debug/deps/component_macro_integration-a3a932f2b707e475)
     Running tests/component_macro_test.rs (target/debug/deps/component_macro_test-57c95407c51918e8)
     Running tests/component_tests.rs (target/debug/deps/component_tests-918f609ed01518c5)
    Finished `test` profile [unoptimized + debuginfo] target(s) in 0.09s
     Running unittests src/lib.rs (target/debug/deps/reactive_tui-cf396ad3e1c2165f)
    Finished `test` profile [unoptimized + debuginfo] target(s) in 0.12s
    Finished `test` profile [unoptimized + debuginfo] target(s) in 0.09s
     Running tests/component_macro_integration.rs (target/debug/deps/component_macro_integration-a3a932f2b707e475)
     Running tests/component_macro_test.rs (target/debug/deps/component_macro_test-57c95407c51918e8)
     Running tests/component_tests.rs (target/debug/deps/component_tests-918f609ed01518c5)
    Finished `test` profile [unoptimized + debuginfo] target(s) in 0.09s
     Running unittests src/lib.rs (target/debug/deps/reactive_tui-cf396ad3e1c2165f)
    Finished `test` profile [unoptimized + debuginfo] target(s) in 0.09s
     Running unittests src/lib.rs (target/debug/deps/reactive_tui-cf396ad3e1c2165f)
    Finished `test` profile [unoptimized + debuginfo] target(s) in 0.09s
     Running tests/app_wakeups.rs (target/debug/deps/app_wakeups-6a62c644b52b95db)
    Finished `dev` profile [unoptimized + debuginfo] target(s) in 0.13s
   Compiling reactive-tui-libghostty-vt-sys v0.1.0 (/home/shawn/workspace2/reactive-tui/crates/libghostty-vt-sys)
   Compiling reactive-tui-libghostty-vt v0.1.0 (/home/shawn/workspace2/reactive-tui/crates/libghostty-vt)
   Compiling reactive-tui v0.1.0 (/home/shawn/workspace2/reactive-tui)
    Finished `test` profile [unoptimized + debuginfo] target(s) in 12.68s
     Running unittests src/lib.rs (target/debug/deps/reactive_tui-2a34340922e0257e)
   Compiling reactive-tui-libghostty-vt-sys v0.1.0 (/home/shawn/workspace2/reactive-tui/crates/libghostty-vt-sys)
   Compiling reactive-tui-libghostty-vt v0.1.0 (/home/shawn/workspace2/reactive-tui/crates/libghostty-vt)
   Compiling reactive-tui v0.1.0 (/home/shawn/workspace2/reactive-tui)
    Finished `test` profile [unoptimized + debuginfo] target(s) in 12.17s
     Running tests/embedded_terminal.rs (target/debug/deps/embedded_terminal-146dce829b3eb1d4)
   Compiling reactive-tui-libghostty-vt-sys v0.1.0 (/home/shawn/workspace2/reactive-tui/crates/libghostty-vt-sys)
   Compiling reactive-tui-libghostty-vt v0.1.0 (/home/shawn/workspace2/reactive-tui/crates/libghostty-vt)
   Compiling reactive-tui v0.1.0 (/home/shawn/workspace2/reactive-tui)
    Finished `dev` profile [unoptimized + debuginfo] target(s) in 8.41s
    Finished `test` profile [unoptimized + debuginfo] target(s) in 0.12s
     Running unittests src/lib.rs (target/renderer/debug/deps/suprtui-73072d51366a902e)
     Running tests/buffer_core.rs (target/renderer/debug/deps/buffer_core-8b5f7745800557bb)
     Running tests/buffer_draw.rs (target/renderer/debug/deps/buffer_draw-6e2d80fbd202c644)
     Running tests/cell_decorations.rs (target/renderer/debug/deps/cell_decorations-d8a6796d6e6aa263)
     Running tests/layout_engine.rs (target/renderer/debug/deps/layout_engine-6af01c5c76da2a15)
     Running tests/link_pool.rs (target/renderer/debug/deps/link_pool-d2adfc30f54fbd94)
     Running tests/media_audio.rs (target/renderer/debug/deps/media_audio-f8c7a006552b4d28)
     Running tests/media_image.rs (target/renderer/debug/deps/media_image-2dfe9d9e33fb6c32)
     Running tests/render_core.rs (target/renderer/debug/deps/render_core-dbc6d1e63454dc41)
     Running tests/render_stdout.rs (target/renderer/debug/deps/render_stdout-f42ae1246d80bc31)
     Running tests/render_terminal.rs (target/renderer/debug/deps/render_terminal-460c877d116d1e7e)
     Running tests/sys_clipboard.rs (target/renderer/debug/deps/sys_clipboard-5ba3a88243c4fc93)
     Running tests/sys_clipboard_backends.rs (target/renderer/debug/deps/sys_clipboard_backends-8fdd34243a29de4d)
     Running tests/sys_core.rs (target/renderer/debug/deps/sys_core-6854873142f7e5fa)
     Running tests/sys_small.rs (target/renderer/debug/deps/sys_small-a5809482f868ae72)
     Running tests/term_core.rs (target/renderer/debug/deps/term_core-362455d9156b6b12)
     Running tests/term_embedded.rs (target/renderer/debug/deps/term_embedded-8f86a74aebcbbea7)
     Running tests/text_gaps.rs (target/renderer/debug/deps/text_gaps-2fff26681e7a8238)
     Running tests/text_store.rs (target/renderer/debug/deps/text_store-210798e99e0db89e)
     Running tests/text_view.rs (target/renderer/debug/deps/text_view-f545e5846cb561b0)
     Running tests/uni_pool.rs (target/renderer/debug/deps/uni_pool-edd51ed015faf3d9)
     Running tests/uni_ported.rs (target/renderer/debug/deps/uni_ported-b9804e7bcf4328f5)
     Running tests/uni_segments.rs (target/renderer/debug/deps/uni_segments-e2699785e69765dd)
   Doc-tests suprtui
   Compiling reactive-tui v0.1.0 (/home/shawn/workspace2/reactive-tui)
    Finished `test` profile [unoptimized + debuginfo] target(s) in 7.02s
     Running tests/suprtui_renderer.rs (target/debug/deps/suprtui_renderer-6df15f8c75abb413)
   Compiling reactive-tui v0.1.0 (/home/shawn/workspace2/reactive-tui)
    Finished `dev` profile [unoptimized + debuginfo] target(s) in 1.12s
....
----------------------------------------------------------------------
Ran 4 tests in 0.013s

OK
   Compiling reactive-tui-libghostty-vt-sys v0.1.0 (/home/shawn/workspace2/reactive-tui/crates/libghostty-vt-sys)
   Compiling reactive-tui-libghostty-vt v0.1.0 (/home/shawn/workspace2/reactive-tui/crates/libghostty-vt)
   Compiling reactive-tui v0.1.0 (/home/shawn/workspace2/reactive-tui)
    Finished `test` profile [unoptimized + debuginfo] target(s) in 6.22s
     Running unittests src/lib.rs (target/debug/deps/reactive_tui-2a34340922e0257e)
   Compiling reactive-tui-libghostty-vt-sys v0.1.0 (/home/shawn/workspace2/reactive-tui/crates/libghostty-vt-sys)
   Compiling reactive-tui-libghostty-vt v0.1.0 (/home/shawn/workspace2/reactive-tui/crates/libghostty-vt)
   Compiling reactive-tui v0.1.0 (/home/shawn/workspace2/reactive-tui)
    Finished `test` profile [unoptimized + debuginfo] target(s) in 7.47s
     Running tests/embedded_terminal.rs (target/debug/deps/embedded_terminal-146dce829b3eb1d4)
   Compiling reactive-tui-libghostty-vt-sys v0.1.0 (/home/shawn/workspace2/reactive-tui/crates/libghostty-vt-sys)
   Compiling reactive-tui-libghostty-vt v0.1.0 (/home/shawn/workspace2/reactive-tui/crates/libghostty-vt)
   Compiling reactive-tui v0.1.0 (/home/shawn/workspace2/reactive-tui)
    Finished `dev` profile [unoptimized + debuginfo] target(s) in 5.98s
    Finished `test` profile [unoptimized + debuginfo] target(s) in 0.08s
     Running unittests src/lib.rs (target/renderer/debug/deps/suprtui-73072d51366a902e)
     Running tests/buffer_core.rs (target/renderer/debug/deps/buffer_core-8b5f7745800557bb)
     Running tests/buffer_draw.rs (target/renderer/debug/deps/buffer_draw-6e2d80fbd202c644)
     Running tests/cell_decorations.rs (target/renderer/debug/deps/cell_decorations-d8a6796d6e6aa263)
     Running tests/layout_engine.rs (target/renderer/debug/deps/layout_engine-6af01c5c76da2a15)
     Running tests/link_pool.rs (target/renderer/debug/deps/link_pool-d2adfc30f54fbd94)
     Running tests/media_audio.rs (target/renderer/debug/deps/media_audio-f8c7a006552b4d28)
     Running tests/media_image.rs (target/renderer/debug/deps/media_image-2dfe9d9e33fb6c32)
     Running tests/render_core.rs (target/renderer/debug/deps/render_core-dbc6d1e63454dc41)
     Running tests/render_stdout.rs (target/renderer/debug/deps/render_stdout-f42ae1246d80bc31)
     Running tests/render_terminal.rs (target/renderer/debug/deps/render_terminal-460c877d116d1e7e)
     Running tests/sys_clipboard.rs (target/renderer/debug/deps/sys_clipboard-5ba3a88243c4fc93)
     Running tests/sys_clipboard_backends.rs (target/renderer/debug/deps/sys_clipboard_backends-8fdd34243a29de4d)
     Running tests/sys_core.rs (target/renderer/debug/deps/sys_core-6854873142f7e5fa)
     Running tests/sys_small.rs (target/renderer/debug/deps/sys_small-a5809482f868ae72)
     Running tests/term_core.rs (target/renderer/debug/deps/term_core-362455d9156b6b12)
     Running tests/term_embedded.rs (target/renderer/debug/deps/term_embedded-8f86a74aebcbbea7)
     Running tests/text_gaps.rs (target/renderer/debug/deps/text_gaps-2fff26681e7a8238)
     Running tests/text_store.rs (target/renderer/debug/deps/text_store-210798e99e0db89e)
     Running tests/text_view.rs (target/renderer/debug/deps/text_view-f545e5846cb561b0)
     Running tests/uni_pool.rs (target/renderer/debug/deps/uni_pool-edd51ed015faf3d9)
     Running tests/uni_ported.rs (target/renderer/debug/deps/uni_ported-b9804e7bcf4328f5)
     Running tests/uni_segments.rs (target/renderer/debug/deps/uni_segments-e2699785e69765dd)
   Doc-tests suprtui
   Compiling reactive-tui v0.1.0 (/home/shawn/workspace2/reactive-tui)
    Finished `test` profile [unoptimized + debuginfo] target(s) in 5.63s
     Running tests/suprtui_renderer.rs (target/debug/deps/suprtui_renderer-6df15f8c75abb413)
   Compiling reactive-tui v0.1.0 (/home/shawn/workspace2/reactive-tui)
    Finished `dev` profile [unoptimized + debuginfo] target(s) in 1.04s
....
----------------------------------------------------------------------
Ran 4 tests in 0.009s

OK
    Finished `test` profile [unoptimized + debuginfo] target(s) in 0.06s
     Running unittests src/lib.rs (target/renderer/debug/deps/suprtui-73072d51366a902e)
     Running tests/buffer_core.rs (target/renderer/debug/deps/buffer_core-8b5f7745800557bb)
     Running tests/buffer_draw.rs (target/renderer/debug/deps/buffer_draw-6e2d80fbd202c644)
     Running tests/cell_decorations.rs (target/renderer/debug/deps/cell_decorations-d8a6796d6e6aa263)
     Running tests/layout_engine.rs (target/renderer/debug/deps/layout_engine-6af01c5c76da2a15)
     Running tests/link_pool.rs (target/renderer/debug/deps/link_pool-d2adfc30f54fbd94)
     Running tests/media_audio.rs (target/renderer/debug/deps/media_audio-f8c7a006552b4d28)
     Running tests/media_image.rs (target/renderer/debug/deps/media_image-2dfe9d9e33fb6c32)
     Running tests/render_core.rs (target/renderer/debug/deps/render_core-dbc6d1e63454dc41)
     Running tests/render_stdout.rs (target/renderer/debug/deps/render_stdout-f42ae1246d80bc31)
     Running tests/render_terminal.rs (target/renderer/debug/deps/render_terminal-460c877d116d1e7e)
     Running tests/sys_clipboard.rs (target/renderer/debug/deps/sys_clipboard-5ba3a88243c4fc93)
     Running tests/sys_clipboard_backends.rs (target/renderer/debug/deps/sys_clipboard_backends-8fdd34243a29de4d)
     Running tests/sys_core.rs (target/renderer/debug/deps/sys_core-6854873142f7e5fa)
     Running tests/sys_small.rs (target/renderer/debug/deps/sys_small-a5809482f868ae72)
     Running tests/term_core.rs (target/renderer/debug/deps/term_core-362455d9156b6b12)
     Running tests/term_embedded.rs (target/renderer/debug/deps/term_embedded-8f86a74aebcbbea7)
     Running tests/text_gaps.rs (target/renderer/debug/deps/text_gaps-2fff26681e7a8238)
     Running tests/text_store.rs (target/renderer/debug/deps/text_store-210798e99e0db89e)
     Running tests/text_view.rs (target/renderer/debug/deps/text_view-f545e5846cb561b0)
     Running tests/uni_pool.rs (target/renderer/debug/deps/uni_pool-edd51ed015faf3d9)
     Running tests/uni_ported.rs (target/renderer/debug/deps/uni_ported-b9804e7bcf4328f5)
     Running tests/uni_segments.rs (target/renderer/debug/deps/uni_segments-e2699785e69765dd)
   Doc-tests suprtui
    Finished `test` profile [unoptimized + debuginfo] target(s) in 0.09s
     Running tests/suprtui_renderer.rs (target/debug/deps/suprtui_renderer-6df15f8c75abb413)
    Finished `dev` profile [unoptimized + debuginfo] target(s) in 0.09s
....
----------------------------------------------------------------------
Ran 4 tests in 0.008s

OK
