    Checking serde_core v1.0.229
   Compiling serde v1.0.229
    Checking reactive-tui-crossterm v0.1.0 (/home/shawn/workspace2/reactive-tui/src/backend/crossterm)
   Compiling reactive-tui-macros v0.1.0 (/home/shawn/workspace2/reactive-tui/reactive-tui-macros)
   Compiling zvariant_utils v4.2.0
   Compiling enumflags2 v0.7.12
   Compiling zcheapstr v1.1.0
   Compiling zvariant_derive v5.15.0
    Checking uuid v1.18.1
    Checking serde_json v1.0.143
    Checking bincode v1.3.3
    Checking plist v1.10.1
    Checking ciborium v0.2.2
    Checking string_cache v0.8.9
    Checking taffy v0.9.2
   Compiling zvariant v5.15.0
   Compiling zbus_names v4.3.4
    Checking accesskit v0.25.0
    Checking syntect v5.3.0
    Checking tinytemplate v1.2.1
   Compiling zbus_xml v5.2.1
   Compiling zbus_macros v5.19.0
   Compiling zbus-lockstep v0.5.2
    Checking criterion v0.5.1
    Checking accesskit_consumer v0.39.0
   Compiling zbus-lockstep-macros v0.5.2
    Checking zbus v5.19.0
    Checking atspi-common v0.13.0
    Checking atspi-proxies v0.13.0
    Checking atspi v0.29.0
    Checking reactive-tui v0.1.0 (/home/shawn/workspace2/reactive-tui)
    Finished `dev` profile [unoptimized + debuginfo] target(s) in 12.68s
