DQC-004 failed:
- command failed: graphics test compile
- Cargo target was not compiled: advanced_table_test
- Cargo target was not compiled: alignment_strict_tests
- Cargo target was not compiled: alignment_utility_tests
- Cargo target was not compiled: animations_integration
- Cargo target was not compiled: api_animation_screens
- Cargo target was not compiled: api_clipboard
- Cargo target was not compiled: api_component_expansion
- Cargo target was not compiled: api_dialog_lifecycle
- Cargo target was not compiled: api_documentation_contract
- Cargo target was not compiled: api_editor_unicode
- Cargo target was not compiled: api_event_routing
- Cargo target was not compiled: api_feature_configurations
- Cargo target was not compiled: api_focus
- Cargo target was not compiled: api_gesture_coordinates
- Cargo target was not compiled: api_hook_lifecycle
- Cargo target was not compiled: api_hook_state
- Cargo target was not compiled: api_local_hooks
- Cargo target was not compiled: api_mouse_hook_routing
- Cargo target was not compiled: api_paint_properties
- Cargo target was not compiled: api_performance_context
- Cargo target was not compiled: api_props_contract
- Cargo target was not compiled: api_residual_refs
- Cargo target was not compiled: api_styling
- Cargo target was not compiled: api_updater
- Cargo target was not compiled: api_widget_behavior
- Cargo target was not compiled: app_wakeups
- Cargo target was not compiled: arithmetic_boundaries
- Cargo target was not compiled: automatic_memory_management_tests
- Cargo target was not compiled: charts_test
- Cargo target was not compiled: clipboard_platform
- Cargo target was not compiled: color_more_shades_tests
- Cargo target was not compiled: color_shades_tests
- Cargo target was not compiled: color_utility_tests
- Cargo target was not compiled: component_macro_integration
- Cargo target was not compiled: component_macro_test
- Cargo target was not compiled: component_tests
- Cargo target was not compiled: css_animation_integration_test
- Cargo target was not compiled: css_in_rust_simple_test
- Cargo target was not compiled: debug_animate_none
- Cargo target was not compiled: dqc_003_captured_diagnostics
- Cargo target was not compiled: element_bridge_tests
- Cargo target was not compiled: embedded_terminal
- Cargo target was not compiled: ffi_export_inventory
- Cargo target was not compiled: full_pipeline_integration
- Cargo target was not compiled: layout_paint_tests
- Cargo target was not compiled: mouse_hooks_test
- Cargo target was not compiled: opacity_tests
- Cargo target was not compiled: performance_monitoring_test
- Cargo target was not compiled: pre_release_terminal_helper_lifecycle
- Cargo target was not compiled: pre_release_terminal_input_safety
- Cargo target was not compiled: production_readiness_test
- Cargo target was not compiled: property_tests
- Cargo target was not compiled: props_derive_test
- Cargo target was not compiled: registry_cache_isolation
- Cargo target was not compiled: registry_concurrency
- Cargo target was not compiled: render_ops_snapshots
- Cargo target was not compiled: screen_system_tests
- Cargo target was not compiled: simple_css_animation_test
- Cargo target was not compiled: simple_performance_test
- Cargo target was not compiled: simple_props_test
- Cargo target was not compiled: suprtui_renderer
- Cargo target was not compiled: surface_integration
- Cargo target was not compiled: syntax_highlighting_integration
- Cargo target was not compiled: test_absolute_debug
- Cargo target was not compiled: test_absolute_paint
- Cargo target was not compiled: test_animation_api
- Cargo target was not compiled: test_app_layout
- Cargo target was not compiled: test_flex_layout
- Cargo target was not compiled: tokio_event_loop_lifecycle
- Cargo target was not compiled: utility_paint_tests
- Cargo target was not compiled: wgpu_animation
- Cargo target was not compiled: wgpu_graphics
- Cargo target was not compiled: wgpu_lifecycle
- Cargo target was not compiled: wgpu_measurement
- Cargo target was not compiled: widget_catalog_behavior
- Cargo target was not compiled: windows_platform
- Cargo target was not compiled: z_index_tests
- mutant failed outside its assertion: utility_paint_tests::parse_px_accepts_px_suffix_and_raw
- mutant failed outside its assertion: production_readiness_test::test_effect_cleanup
error: failed to build archive at `/tmp/reactive-tui-wgpu.waMUcc/dqc004/default/dqc004/wgpu-graphics/debug/deps/libspirv-70705a1179747fa6.rlib`: Disk quota exceeded (os error 122)


error: failed to write to `/tmp/reactive-tui-wgpu.waMUcc/dqc004/default/dqc004/wgpu-graphics/debug/deps/rmetaPtGx89/full.rmeta`: Disk quota exceeded (os error 122)


error: failed to write to `/tmp/reactive-tui-wgpu.waMUcc/dqc004/default/dqc004/wgpu-graphics/debug/deps/rmetaHoepdm/full.rmeta`: Disk quota exceeded (os error 122)


error: error writing dependencies to `/tmp/reactive-tui-wgpu.waMUcc/dqc004/default/dqc004/wgpu-graphics/debug/deps/ash-2bbffb94de4fa7be.d`: Disk quota exceeded (os error 122)


--- graphics test compile stderr ---
fault/dqc004/wgpu-graphics/debug/deps/libproc_macro2-52fb17d1845a2754.rmeta --extern quote=/tmp/reactive-tui-wgpu.waMUcc/dqc004/default/dqc004/wgpu-graphics/debug/deps/libquote-c545664517928ed3.rmeta --extern unicode_ident=/tmp/reactive-tui-wgpu.waMUcc/dqc004/default/dqc004/wgpu-graphics/debug/deps/libunicode_ident-06de1d9c1ec7033a.rmeta --cap-lints allow -C link-arg=-Wl,--threads=12` (exit status: 101)
rustc-LLVM ERROR: IO failure on output stream: Disk quota exceeded
error: could not compile `syn` (lib)

Caused by:
  Disk quota exceeded (os error 122)

Caused by:
  failed to parse process output: `/home/shawn/.rustup/toolchains/1.91.0-x86_64-unknown-linux-gnu/bin/rustc --crate-name syn --edition=2021 /home/shawn/.cargo/registry/src/index.crates.io-1949cf8c6b5b557f/syn-3.0.5/src/lib.rs --error-format=json --json=diagnostic-rendered-ansi,artifacts,future-incompat --crate-type lib --emit=dep-info,metadata,link -C embed-bitcode=no --cfg 'feature="clone-impls"' --cfg 'feature="default"' --cfg 'feature="derive"' --cfg 'feature="extra-traits"' --cfg 'feature="full"' --cfg 'feature="parsing"' --cfg 'feature="printing"' --cfg 'feature="proc-macro"' --check-cfg 'cfg(docsrs,test)' --check-cfg 'cfg(feature, values("clone-impls", "default", "derive", "extra-traits", "fold", "full", "parsing", "printing", "proc-macro", "test", "visit", "visit-mut"))' -C metadata=1909ed3a3f71a1eb -C extra-filename=-d707ca5aaf734d0c --out-dir /tmp/reactive-tui-wgpu.waMUcc/dqc004/default/dqc004/wgpu-graphics/debug/deps -C strip=debuginfo -L dependency=/tmp/reactive-tui-wgpu.waMUcc/dqc004/default/dqc004/wgpu-graphics/debug/deps --extern proc_macro2=/tmp/reactive-tui-wgpu.waMUcc/dqc004/default/dqc004/wgpu-graphics/debug/deps/libproc_macro2-52fb17d1845a2754.rmeta --extern quote=/tmp/reactive-tui-wgpu.waMUcc/dqc004/default/dqc004/wgpu-graphics/debug/deps/libquote-c545664517928ed3.rmeta --extern unicode_ident=/tmp/reactive-tui-wgpu.waMUcc/dqc004/default/dqc004/wgpu-graphics/debug/deps/libunicode_ident-06de1d9c1ec7033a.rmeta --cap-lints allow -C link-arg=-Wl,--threads=12` (exit status: 101)
rustc-LLVM ERROR: IO failure on output stream: Disk quota exceeded
error: could not compile `syn` (lib)

Caused by:
  Disk quota exceeded (os error 122)

Caused by:
  failed to parse process output: `/home/shawn/.rustup/toolchains/1.91.0-x86_64-unknown-linux-gnu/bin/rustc --crate-name syn --edition=2021 /home/shawn/.cargo/registry/src/index.crates.io-1949cf8c6b5b557f/syn-2.0.106/src/lib.rs --error-format=json --json=diagnostic-rendered-ansi,artifacts,future-incompat --crate-type lib --emit=dep-info,metadata,link -C embed-bitcode=no --cfg 'feature="clone-impls"' --cfg 'feature="default"' --cfg 'feature="derive"' --cfg 'feature="extra-traits"' --cfg 'feature="full"' --cfg 'feature="parsing"' --cfg 'feature="printing"' --cfg 'feature="proc-macro"' --cfg 'feature="visit-mut"' --check-cfg 'cfg(docsrs,test)' --check-cfg 'cfg(feature, values("clone-impls", "default", "derive", "extra-traits", "fold", "full", "parsing", "printing", "proc-macro", "test", "visit", "visit-mut"))' -C metadata=3ffe9efdc7cc624a -C extra-filename=-cdc7f99329215ad3 --out-dir /tmp/reactive-tui-wgpu.waMUcc/dqc004/default/dqc004/wgpu-graphics/debug/deps -C strip=debuginfo -L dependency=/tmp/reactive-tui-wgpu.waMUcc/dqc004/default/dqc004/wgpu-graphics/debug/deps --extern proc_macro2=/tmp/reactive-tui-wgpu.waMUcc/dqc004/default/dqc004/wgpu-graphics/debug/deps/libproc_macro2-52fb17d1845a2754.rmeta --extern quote=/tmp/reactive-tui-wgpu.waMUcc/dqc004/default/dqc004/wgpu-graphics/debug/deps/libquote-c545664517928ed3.rmeta --extern unicode_ident=/tmp/reactive-tui-wgpu.waMUcc/dqc004/default/dqc004/wgpu-graphics/debug/deps/libunicode_ident-06de1d9c1ec7033a.rmeta --cap-lints allow -C link-arg=-Wl,--threads=12` (exit status: 101)
error: could not compile `rustix` (lib) due to 1 previous error
error: could not compile `regex-automata` (lib) due to 1 previous error
error: could not compile `ash` (lib) due to 1 previous error

