test_accumulating_queue_fails (__main__.ValidatorTests.test_accumulating_queue_fails) ... ok
test_corrected_fixture (__main__.ValidatorTests.test_corrected_fixture) ... ok
test_each_missing_guard_fails (__main__.ValidatorTests.test_each_missing_guard_fails) ... ok
test_frame_count_fails (__main__.ValidatorTests.test_frame_count_fails) ... ok

----------------------------------------------------------------------
Ran 4 tests in 0.000s

OK
RUN cargo +1.91.0 test --locked -p reactive-tui --features wgpu-graphics --test wgpu_animation -- --nocapture
   Compiling reactive-tui v0.1.0 (/home/shawn/workspace2/reactive-tui)
    Finished `test` profile [unoptimized + debuginfo] target(s) in 0.80s
     Running tests/wgpu_animation.rs (/tmp/reactive-tui-wgpu.waMUcc/debug/deps/wgpu_animation-791a5c5d47bbf92d)

running 4 tests
test deadline_clock_skips_missed_frames_and_preserves_elapsed_time ... ok
test viewport_validation_precedes_queue_and_allocation ... ok
test slow_renderer_has_one_active_and_one_replaceable_pending_frame ... ok
WARNING: radv is not a conformant Vulkan implementation, testing use only.
WARNING: radv is not a conformant Vulkan implementation, testing use only.
GPU ANIMATION hardware=AMD Radeon AI PRO R9700 (RADV GFX1201) changed_pixels=459
test real_gpu_rotation_changes_pixels_without_keyboard_input ... ok

test result: ok. 4 passed; 0 failed; 0 ignored; 0 measured; 0 filtered out; finished in 0.06s


PASS GPU-003: timed requests, bounded slots, allocation limits, distinct hardware frames
