test_corrected_fixture (__main__.ValidatorTests.test_corrected_fixture) ... ok
test_detached_thread_fails (__main__.ValidatorTests.test_detached_thread_fails) ... ok
test_each_missing_guard_fails (__main__.ValidatorTests.test_each_missing_guard_fails) ... ok
test_mislabeled_cpu_fails (__main__.ValidatorTests.test_mislabeled_cpu_fails) ... ok

----------------------------------------------------------------------
Ran 4 tests in 0.000s

OK
RUN cargo +1.91.0 test --locked -p reactive-tui --features wgpu-graphics --test wgpu_lifecycle --test widget_catalog_behavior -- --nocapture
   Compiling reactive-tui v0.1.0 (/home/shawn/workspace2/reactive-tui)
    Finished `test` profile [unoptimized + debuginfo] target(s) in 0.80s
     Running tests/wgpu_lifecycle.rs (/tmp/reactive-tui-wgpu.waMUcc/debug/deps/wgpu_lifecycle-653bbb317c6af457)

running 4 tests
test forced_cpu_is_shaded_animated_and_truthfully_labeled ... ok
test shutdown_cancels_active_and_pending_work_without_publication ... ok
GPU FALLBACK fault=adapter mode=CPU fallback · GPU initialization failed: injected adapter failure
test canvas_discards_stale_viewport_output_and_owns_shutdown ... ok
WARNING: radv is not a conformant Vulkan implementation, testing use only.
WARNING: radv is not a conformant Vulkan implementation, testing use only.
GPU FALLBACK fault=device-loss mode=CPU fallback · GPU readback failed: injected device-loss failure
WARNING: radv is not a conformant Vulkan implementation, testing use only.
WARNING: radv is not a conformant Vulkan implementation, testing use only.
GPU FALLBACK fault=readback mode=CPU fallback · GPU readback failed: injected readback failure
test injected_adapter_device_loss_and_readback_failures_select_cpu ... ok

test result: ok. 4 passed; 0 failed; 0 ignored; 0 measured; 0 filtered out; finished in 0.11s

     Running tests/widget_catalog_behavior.rs (/tmp/reactive-tui-wgpu.waMUcc/debug/deps/widget_catalog_behavior-1e6a57d351b4a011)

running 15 tests
test animation_waits_for_its_deadline_and_skips_missed_frames ... ok
test advertised_quit_keys_request_normal_app_exit ... ok
test catalog_exposes_the_complete_page_order ... ok
test number_keys_jump_to_the_displayed_page ... ok
test page_navigation_wraps_in_both_directions ... ok
test released_quit_keys_and_plain_letters_do_not_exit ... ok
test dialogs_are_live_and_separately_reachable ... ok
test navigation_changes_at_the_eighty_column_breakpoint ... ok
test every_page_renders_a_focused_stage ... ok
test cube_frames_are_distinct_and_bounded ... ok
test compact_and_wide_navigation_paint_every_shortcut_after_resize ... ok
test table_has_representative_rows_and_logo_is_decodable ... ok
test feature_enabled_motion_fills_the_available_stage ... ok
test context_and_popup_menus_are_visible_when_selected ... ok
test live_dialogs_switch_through_real_app_input ... ok

test result: ok. 15 passed; 0 failed; 0 ignored; 0 measured; 0 filtered out; finished in 0.41s


RUN cargo +1.91.0 build --locked -p reactive-tui --example widget_catalog --features wgpu-graphics
    Finished `dev` profile [unoptimized + debuginfo] target(s) in 0.09s

RUN /home/linuxbrew/.linuxbrew/opt/python@3.14/bin/python3.14 -B scripts/check-wgpu-pty.py
GPU PTY CTRL_Q ANIMATION frames=2 mode=GPU
GPU PTY CTRL_Q RESIZE 200x60 cells=9504 mode=GPU
GPU PTY CTRL_Q EXIT 0 RESTORED CLEAN
GPU PTY CTRL_C ANIMATION frames=2 mode=GPU
GPU PTY CTRL_C RESIZE 200x60 cells=9504 mode=GPU
GPU PTY CTRL_C EXIT 0 RESTORED CLEAN
GPU PTY ESCAPE ANIMATION frames=2 mode=GPU
GPU PTY ESCAPE RESIZE 200x60 cells=9504 mode=GPU
GPU PTY ESCAPE EXIT 0 RESTORED CLEAN
GPU PTY CPU ANIMATION frames=2 mode=CPU fallback
GPU PTY CPU RESIZE 200x60 cells=9504 mode=CPU fallback
GPU PTY CPU EXIT 0 RESTORED CLEAN
GPU PTY adapter ANIMATION frames=2 mode=CPU fallback
GPU PTY adapter RESIZE 200x60 cells=9504 mode=CPU fallback
GPU PTY adapter EXIT 0 RESTORED CLEAN
GPU PTY device-loss ANIMATION frames=2 mode=CPU fallback
GPU PTY device-loss RESIZE 200x60 cells=9504 mode=CPU fallback
GPU PTY device-loss EXIT 0 RESTORED CLEAN
GPU PTY readback ANIMATION frames=2 mode=CPU fallback
GPU PTY readback RESIZE 200x60 cells=9504 mode=CPU fallback
GPU PTY readback EXIT 0 RESTORED CLEAN

PASS GPU-004: failures select labeled CPU; active/pending work cancels; PTY quit keys restore
LIMIT: PTY is not visual verification in a named desktop host
