..........
----------------------------------------------------------------------
Ran 10 tests in 0.000s

OK
    Finished `test` profile [unoptimized + debuginfo] target(s) in 0.07s
     Running tests/widget_catalog_behavior.rs (/home/shawn/workspace2/scratchpads/suprnova-target/debug/deps/widget_catalog_behavior-64fe297e0385f367)

running 9 tests
test advertised_quit_keys_request_normal_app_exit ... ok
test page_navigation_wraps_in_both_directions ... ok
test released_quit_keys_and_plain_letters_do_not_exit ... ok
test navigation_changes_at_the_eighty_column_breakpoint ... ok
test catalog_exposes_the_complete_page_order ... ok
test number_keys_jump_to_the_displayed_page ... ok
test animation_waits_for_its_deadline_and_skips_missed_frames ... ok
test every_page_renders_a_focused_stage ... ok
test cube_frames_are_distinct_and_bounded ... ok

test result: ok. 9 passed; 0 failed; 0 ignored; 0 measured; 0 filtered out; finished in 0.00s

    Finished `dev` profile [unoptimized + debuginfo] target(s) in 0.07s
    Finished `dev` profile [unoptimized + debuginfo] target(s) in 0.07s
CATALOG FRAME 51248a60cbcb5173ae60c29f2dc935b7e66e994d04a876ebd34a711634d87106
CATALOG FRAME 930a7c073ca368bdb800aff8457dbeb0494851a34449931e0cc3554acd8e72d3
CTRL_Q EXIT 0
CATALOG FRAME 51248a60cbcb5173ae60c29f2dc935b7e66e994d04a876ebd34a711634d87106
CATALOG FRAME 930a7c073ca368bdb800aff8457dbeb0494851a34449931e0cc3554acd8e72d3
CTRL_C EXIT 0
CATALOG FRAME 14b6e39efd3fdb2b1c1c761757e04f6caa836e771805389634e154b088688aa3
CATALOG FRAME 51248a60cbcb5173ae60c29f2dc935b7e66e994d04a876ebd34a711634d87106
ESCAPE EXIT 0
PASS CAT-002: catalog requirement checks passed
