    Finished `test` profile [unoptimized + debuginfo] target(s) in 0.11s
     Running unittests src/lib.rs (/tmp/reactive-tui-wgpu.waMUcc/debug/deps/reactive_tui-034904c07b860795)

running 7 tests
test hooks::refs::tests::rac_002_ref_update_allows_other_threads_and_recovers_after_unwind ... ok
test hooks::refs::tests::rac_002_ref_update_allows_safe_alias_retention_and_reentrant_write ... ok
test hooks::refs::tests::rac_002_shared_ref_source_has_no_unsafe_reentry_path ... ok
test hooks::timer::tests::rac_002_throttle_and_debounce_callbacks_are_reentrant ... ok
test reactive::hooks::tests::rac_002_thread_safe_signal_update_allows_reentrant_read_and_write ... ok
test reactive::runtime::rac_002_tests::rac_002_runtime_effect_can_create_track_and_unregister_reentrantly ... ok
test reactive::runtime::rac_002_tests::rac_002_source_inventory_rejects_callbacks_called_from_guard_expressions ... ok

test result: ok. 7 passed; 0 failed; 0 ignored; 0 measured; 1057 filtered out; finished in 0.03s

   Compiling reactive-tui v0.1.0 (/home/shawn/workspace2/reactive-tui)
    Finished `test` profile [unoptimized + debuginfo] target(s) in 16.41s
     Running tests/api_residual_refs.rs (/tmp/reactive-tui-wgpu.waMUcc/debug/deps/api_residual_refs-8a60ebb4a0f2d1da)

running 1 test
test reference_hooks_preserve_existing_type_bounds ... ok

test result: ok. 1 passed; 0 failed; 0 ignored; 0 measured; 9 filtered out; finished in 0.00s

    Finished `test` profile [unoptimized + debuginfo] target(s) in 0.11s
   Doc-tests reactive_tui

running 1 test
test src/hooks/refs.rs - hooks::refs::Ref<T>::update (line 69) - compile fail ... ok

test result: ok. 1 passed; 0 failed; 0 ignored; 0 measured; 84 filtered out; finished in 0.05s

RAC-002 callbacks completed re-entry and later progress without held guards
