PASS checker-controls
PASS documentation-macro-behavior
PASS documentation-screen-behavior
PASS css-unit-behavior
PASS css-consumer-behavior
PASS props-behavior
PASS props-diagnostics
PASS consumer-library
PASS props-defaults-compile
PASS props-defaults-run
PASS props
PASS rustdoc-default
PASS markdown-visible-default
PASS rustdoc-minimal
PASS markdown-visible-minimal
PASS rustdoc-all-features
PASS markdown-visible-all-features
PASS crate-doctests-default
PASS crate-doctests-minimal
PASS crate-doctests-all-features
PASS cargo-examples
PASS rustdoc
PASS consumer-library
PASS rust-examples-0
PASS rust-examples-1
PASS rust-examples-2
PASS rust-examples-3
PASS rust-examples-4
PASS rust-examples-5
PASS rust-examples-6
PASS rust-examples-7
PASS rust-examples-8
PASS rust-examples-9
PASS rust-examples-10
PASS rust-examples-11
PASS rust-examples-12
PASS rust-examples-13
PASS ffi-library
PASS c-example-0
PASS c-example-1
PASS typescript-dependencies
PASS typescript-examples
PASS python-example-0
PASS examples
FAIL inventory [Errno 2] No such file or directory: '/home/shawn/workspace2/reactive-tui/docs/supported-api.md'
Documentation outputs: .cairn/reviews/api-documentation/20260917T135150777341Z
API-018 failed: inventory
