.....
----------------------------------------------------------------------
Ran 5 tests in 0.013s

OK
..................
----------------------------------------------------------------------
Ran 18 tests in 0.719s

OK
Traceback (most recent call last):
  File "/home/shawn/workspace2/reactive-tui/scripts/check-api-images.py", line 108, in <module>
    main()
    ~~~~^^
  File "/home/shawn/workspace2/reactive-tui/scripts/check-api-images.py", line 64, in main
    print(execute(["python3", "-B", "scripts/check-widget-platforms.py", "--verify"],
          ~~~~~~~^^^^^^^^^^^^^^^^^^^^^^^^^^^^^^^^^^^^^^^^^^^^^^^^^^^^^^^^^^^^^^^^^^^^
                  output / "native-records.out", 180), flush=True)
                  ^^^^^^^^^^^^^^^^^^^^^^^^^^^^^^^^^^^
  File "/home/shawn/workspace2/reactive-tui/scripts/check-widget-platforms.py", line 74, in execute
    raise RuntimeError(f"Native widget command failed ({status}): {output}")
RuntimeError: Native widget command failed (1): /home/shawn/workspace2/reactive-tui/.cairn/reviews/api-image-hosts/20260917T165004529418Z/native-records.out
