   Compiling value-bag v1.14.1
   Compiling event-listener v5.4.2
   Compiling rustix v1.1.4
   Compiling futures-sink v0.3.31
   Compiling syn v2.0.106
   Compiling serde_core v1.0.229
   Compiling serde v1.0.229
   Compiling event-listener v2.5.3
   Compiling temp-env v0.3.6
   Compiling futures-timer v3.0.4
   Compiling futures-channel v0.3.31
   Compiling async-channel v1.9.0
   Compiling log v0.4.34
   Compiling event-listener-strategy v0.5.4
   Compiling async-channel v2.5.0
   Compiling async-lock v3.4.2
   Compiling mio v1.0.4
   Compiling kv-log-macro v1.0.7
   Compiling blocking v1.7.0
   Compiling signal-hook-mio v0.2.4
   Compiling futures-macro v0.3.31
   Compiling tokio-macros v2.5.0
   Compiling derive_more-impl v2.0.1
   Compiling serial_test_derive v3.5.0
   Compiling serde_json v1.0.143
   Compiling tokio v1.47.1
   Compiling derive_more v2.0.1
   Compiling futures-util v0.3.31
   Compiling polling v3.11.0
   Compiling async-io v2.6.0
   Compiling async-global-executor v2.4.1
   Compiling futures-executor v0.3.31
   Compiling async-std v1.13.2
   Compiling serial_test v3.5.0
   Compiling futures v0.3.31
   Compiling reactive-tui-crossterm v0.1.0 (/home/shawn/workspace2/reactive-tui/src/backend/crossterm)
    Finished `test` profile [unoptimized + debuginfo] target(s) in 6.97s
     Running unittests src/lib.rs (target/debug/deps/crossterm-56e59884e15108a7)
   Compiling reactive-tui v0.1.0 (/home/shawn/workspace2/reactive-tui)
    Finished `test` profile [unoptimized + debuginfo] target(s) in 0.86s
  Executable tests/suprtui_renderer.rs (target/debug/deps/suprtui_renderer-6df15f8c75abb413)
   Compiling reactive-tui v0.1.0 (/home/shawn/workspace2/reactive-tui)
warning: ambiguous glob re-exports
   --> src/ffi/mod.rs:143:9
    |
143 | pub use pointer::*;
    |         ^^^^^^^^^^ the name `validate_pointer` in the value namespace is first re-exported here
...
148 | pub use types::*;
    |         -------- but the name `validate_pointer` in the value namespace is also re-exported here
    |
    = note: `#[warn(ambiguous_glob_reexports)]` on by default

warning: unused variable: `width`
   --> src/ffi/lib.rs:122:14
    |
122 |         let (width, height) = renderer_box.dims();
    |              ^^^^^ help: if this is intentional, prefix it with an underscore: `_width`
    |
    = note: `#[warn(unused_variables)]` (part of `#[warn(unused)]`) on by default

warning: function `validate_pointer` is never used
   --> src/ffi/types.rs:182:15
    |
182 | pub(crate) fn validate_pointer<T>(ptr: *const T) -> bool {
    |               ^^^^^^^^^^^^^^^^
    |
    = note: `#[warn(dead_code)]` (part of `#[warn(unused)]`) on by default

warning: function `validate_mut_pointer` is never used
   --> src/ffi/types.rs:187:15
    |
187 | pub(crate) fn validate_mut_pointer<T>(ptr: *mut T) -> bool {
    |               ^^^^^^^^^^^^^^^^^^^^

warning: function `safe_cast` is never used
   --> src/ffi/types.rs:192:22
    |
192 | pub(crate) unsafe fn safe_cast<T, U>(ptr: *mut T) -> Result<*mut U, ReactiveError> {
    |                      ^^^^^^^^^

warning: function `safe_cast_const` is never used
   --> src/ffi/types.rs:206:22
    |
206 | pub(crate) unsafe fn safe_cast_const<T, U>(ptr: *const T) -> Result<*const U, ReactiveError> {
    |                      ^^^^^^^^^^^^^^^

warning: `reactive-tui` (lib) generated 6 warnings (run `cargo fix --lib -p reactive-tui` to apply 1 suggestion)
    Finished `dev` profile [unoptimized + debuginfo] target(s) in 5.93s
error[E0514]: found crate `vt100` compiled by an incompatible version of rustc
 --> /home/shawn/workspace2/reactive-tui/verification/api-entry-points/screen.rs:3:22
  |
3 |     let mut parser = vt100::Parser::new(args[2].parse().unwrap(), args[3].parse().unwrap(), 0);
  |                      ^^^^^
  |
  = note: the following crate versions were found:
          crate `vt100` compiled by rustc 1.91.0 (f8297e351 2025-10-28): /home/shawn/workspace2/reactive-tui/target/debug/deps/libvt100-100f3671fc35cdbf.rlib
  = help: please recompile that crate using this compiler (rustc 1.95.0 (59807616e 2026-04-14)) (consider running `cargo clean` first)

error: aborting due to 1 previous error

For more information about this error, try `rustc --explain E0514`.
Traceback (most recent call last):
  File "/home/shawn/workspace2/reactive-tui/scripts/check-api-entry-points.py", line 365, in <module>
    main()
    ~~~~^^
  File "/home/shawn/workspace2/reactive-tui/scripts/check-api-entry-points.py", line 327, in main
    execute(command)
    ~~~~~~~^^^^^^^^^
  File "/home/shawn/workspace2/reactive-tui/scripts/check-api-entry-points.py", line 24, in execute
    subprocess.run(command, cwd=ROOT, check=True, timeout=timeout)
    ~~~~~~~~~~~~~~^^^^^^^^^^^^^^^^^^^^^^^^^^^^^^^^^^^^^^^^^^^^^^^^
  File "/home/linuxbrew/.linuxbrew/Cellar/python@3.14/3.14.7/lib/python3.14/subprocess.py", line 578, in run
    raise CalledProcessError(retcode, process.args,
                             output=stdout, stderr=stderr)
subprocess.CalledProcessError: Command '['rustc', '--edition=2021', '/home/shawn/workspace2/reactive-tui/verification/api-entry-points/screen.rs', '--extern', 'vt100=/home/shawn/workspace2/reactive-tui/target/debug/deps/libvt100-100f3671fc35cdbf.rlib', '-L', 'dependency=/home/shawn/workspace2/reactive-tui/target/debug/deps', '-o', '/home/shawn/workspace2/reactive-tui/target/api-entry-points-ejgh0ne0/screen']' returned non-zero exit status 1.
