DQC-004 failed:
- command failed: default test compile
- command failed: FFI test compile
- Cargo target was not compiled: advanced_table_test
- Cargo target was not compiled: alignment_strict_tests
- Cargo target was not compiled: alignment_utility_tests
- Cargo target was not compiled: animations_integration
- Cargo target was not compiled: api_animation_screens
- Cargo target was not compiled: api_clipboard
- Cargo target was not compiled: api_component_expansion
- Cargo target was not compiled: api_dialog_lifecycle
- Cargo target was not compiled: api_documentation_contract
- Cargo target was not compiled: api_editor_unicode
- Cargo target was not compiled: api_event_routing
- Cargo target was not compiled: api_feature_configurations
- Cargo target was not compiled: api_focus
- Cargo target was not compiled: api_gesture_coordinates
- Cargo target was not compiled: api_hook_lifecycle
- Cargo target was not compiled: api_hook_state
- Cargo target was not compiled: api_local_hooks
- Cargo target was not compiled: api_mouse_hook_routing
- Cargo target was not compiled: api_paint_properties
- Cargo target was not compiled: api_performance_context
- Cargo target was not compiled: api_props_contract
- Cargo target was not compiled: api_residual_refs
- Cargo target was not compiled: api_signal_ownership
- Cargo target was not compiled: api_styling
- Cargo target was not compiled: api_updater
- Cargo target was not compiled: api_widget_behavior
- Cargo target was not compiled: app_wakeups
- Cargo target was not compiled: arithmetic_boundaries
- Cargo target was not compiled: automatic_memory_management_tests
- Cargo target was not compiled: charts_test
- Cargo target was not compiled: clipboard_platform
- Cargo target was not compiled: color_shades_tests
- Cargo target was not compiled: color_utility_tests
- Cargo target was not compiled: component_macro_integration
- Cargo target was not compiled: component_macro_test
- Cargo target was not compiled: component_tests
- Cargo target was not compiled: css_animation_integration_test
- Cargo target was not compiled: debug_animate_none
- Cargo target was not compiled: element_bridge_tests
- Cargo target was not compiled: ffi_app_representation
- Cargo target was not compiled: ffi_basic_test
- Cargo target was not compiled: ffi_export_inventory
- Cargo target was not compiled: ffi_tests
- Cargo target was not compiled: full_pipeline_integration
- Cargo target was not compiled: layout_paint_tests
- Cargo target was not compiled: mouse_hooks_test
- Cargo target was not compiled: opacity_tests
- Cargo target was not compiled: performance_monitoring_test
- Cargo target was not compiled: pre_release_terminal_input_safety
- Cargo target was not compiled: production_readiness_test
- Cargo target was not compiled: property_tests
- Cargo target was not compiled: props_derive_test
- Cargo target was not compiled: registry_cache_isolation
- Cargo target was not compiled: registry_concurrency
- Cargo target was not compiled: render_ops_snapshots
- Cargo target was not compiled: screen_system_tests
- Cargo target was not compiled: simple_performance_test
- Cargo target was not compiled: simple_props_test
- Cargo target was not compiled: suprtui_renderer
- Cargo target was not compiled: surface_integration
- Cargo target was not compiled: syntax_highlighting_integration
- Cargo target was not compiled: test_absolute_debug
- Cargo target was not compiled: test_absolute_paint
- Cargo target was not compiled: test_animation_api
- Cargo target was not compiled: test_app_layout
- Cargo target was not compiled: test_ffi_integration
- Cargo target was not compiled: test_ffi_reactive_seamless
- Cargo target was not compiled: test_flex_layout
- Cargo target was not compiled: test_minimal_ffi
- Cargo target was not compiled: tokio_event_loop_lifecycle
- Cargo target was not compiled: utility_paint_tests
- Cargo target was not compiled: wgpu_animation
- Cargo target was not compiled: wgpu_graphics
- Cargo target was not compiled: wgpu_lifecycle
- Cargo target was not compiled: wgpu_measurement
- Cargo target was not compiled: widget_catalog_behavior
- Cargo target was not compiled: windows_platform
- original sample failed: utility_paint_tests::parse_px_accepts_px_suffix_and_raw
- mutant failed outside its assertion: utility_paint_tests::parse_px_accepts_px_suffix_and_raw
- original sample failed: production_readiness_test::test_effect_cleanup
- mutant failed outside its assertion: production_readiness_test::test_effect_cleanup
--- default test compile stderr ---
   Compiling reactive-tui v0.1.0 (/home/shawn/workspace2/reactive-tui)
error: could not compile `reactive-tui` (test "api_documentation_contract") due to 1 previous error
warning: build failed, waiting for other jobs to finish...
error: could not compile `reactive-tui` (test "api_event_routing") due to 1 previous error

--- FFI test compile stderr ---
aMUcc/debug/deps/libdirs-8eb21352a94b6a9f.rlib --extern futures_core=/tmp/reactive-tui-wgpu.waMUcc/debug/deps/libfutures_core-7c5e360d102b6f4f.rlib --extern futures_lite=/tmp/reactive-tui-wgpu.waMUcc/debug/deps/libfutures_lite-a68cb5c0df916761.rlib --extern futures_util=/tmp/reactive-tui-wgpu.waMUcc/debug/deps/libfutures_util-fde40e01aa4bb7eb.rlib --extern gif=/tmp/reactive-tui-wgpu.waMUcc/debug/deps/libgif-49cadefd9aa6b265.rlib --extern image=/tmp/reactive-tui-wgpu.waMUcc/debug/deps/libimage-1c8f67361abd535f.rlib --extern lazy_static=/tmp/reactive-tui-wgpu.waMUcc/debug/deps/liblazy_static-f91949e422ac99dd.rlib --extern libc=/tmp/reactive-tui-wgpu.waMUcc/debug/deps/liblibc-ca2fecf477da86e9.rlib --extern log=/tmp/reactive-tui-wgpu.waMUcc/debug/deps/liblog-50254dc08cd5a4ba.rlib --extern lru=/tmp/reactive-tui-wgpu.waMUcc/debug/deps/liblru-9b358ddf8a0a9a73.rlib --extern once_cell=/tmp/reactive-tui-wgpu.waMUcc/debug/deps/libonce_cell-0bddfd31ebc0215b.rlib --extern phf=/tmp/reactive-tui-wgpu.waMUcc/debug/deps/libphf-549a6c8b825139ed.rlib --extern proptest=/tmp/reactive-tui-wgpu.waMUcc/debug/deps/libproptest-3e41ebc54a420a51.rlib --extern crossterm=/tmp/reactive-tui-wgpu.waMUcc/debug/deps/libcrossterm-8b4d35264a44fd5d.rlib --extern reactive_tui_macros=/tmp/reactive-tui-wgpu.waMUcc/debug/deps/libreactive_tui_macros-d6cb9240a519f0ae.so --extern suprtui=/tmp/reactive-tui-wgpu.waMUcc/debug/deps/libsuprtui-5df8c8f272189364.rlib --extern regex=/tmp/reactive-tui-wgpu.waMUcc/debug/deps/libregex-ba8e11955a4fb39e.rlib --extern rustix=/tmp/reactive-tui-wgpu.waMUcc/debug/deps/librustix-6e24af1166141c53.rlib --extern serde=/tmp/reactive-tui-wgpu.waMUcc/debug/deps/libserde-86ad1196ee6c6100.rlib --extern serde_json=/tmp/reactive-tui-wgpu.waMUcc/debug/deps/libserde_json-faacce677a05e344.rlib --extern serial_test=/tmp/reactive-tui-wgpu.waMUcc/debug/deps/libserial_test-c912b4600f70237d.rlib --extern signal_hook=/tmp/reactive-tui-wgpu.waMUcc/debug/deps/libsignal_hook-f4f5833377e100e6.rlib --extern string_cache=/tmp/reactive-tui-wgpu.waMUcc/debug/deps/libstring_cache-ddf0b4f951fe1f96.rlib --extern syn=/tmp/reactive-tui-wgpu.waMUcc/debug/deps/libsyn-f59152da5f2e35eb.rlib --extern syntect=/tmp/reactive-tui-wgpu.waMUcc/debug/deps/libsyntect-681b88ce3cbf4866.rlib --extern taffy=/tmp/reactive-tui-wgpu.waMUcc/debug/deps/libtaffy-000ac07d5b4438d6.rlib --extern tempfile=/tmp/reactive-tui-wgpu.waMUcc/debug/deps/libtempfile-60a7f28634f0e37f.rlib --extern thiserror=/tmp/reactive-tui-wgpu.waMUcc/debug/deps/libthiserror-8c73f83c0abee41e.rlib --extern time=/tmp/reactive-tui-wgpu.waMUcc/debug/deps/libtime-656f19c70a3faf3d.rlib --extern tokio=/tmp/reactive-tui-wgpu.waMUcc/debug/deps/libtokio-0a0f8b86de4ed7a5.rlib --extern unicode_segmentation=/tmp/reactive-tui-wgpu.waMUcc/debug/deps/libunicode_segmentation-91405d67a5690f25.rlib --extern unicode_width=/tmp/reactive-tui-wgpu.waMUcc/debug/deps/libunicode_width-3249a26dd945a389.rlib --extern uuid=/tmp/reactive-tui-wgpu.waMUcc/debug/deps/libuuid-b17ff2c9078ecbaf.rlib --extern vt100=/tmp/reactive-tui-wgpu.waMUcc/debug/deps/libvt100-100f3671fc35cdbf.rlib --extern zbus=/tmp/reactive-tui-wgpu.waMUcc/debug/deps/libzbus-d8cbafef625754c1.rlib --extern zvariant=/tmp/reactive-tui-wgpu.waMUcc/debug/deps/libzvariant-e8cc042a1808d679.rlib -C link-arg=-Wl,--threads=12` (exit status: 101)
error: could not compile `reactive-tui` (test "animations_integration") due to 1 previous error
error: could not compile `reactive-tui` (test "utility_paint_tests") due to 1 previous error
error: could not compile `reactive-tui` (test "api_hook_state") due to 1 previous error
error: could not compile `reactive-tui` (test "css_animation_integration_test") due to 1 previous error
error: could not compile `reactive-tui` (test "ffi_tests") due to 1 previous error
error: could not compile `reactive-tui` (test "test_ffi_integration") due to 1 previous error; 5 warnings emitted
error: could not compile `reactive-tui` (test "api_focus") due to 1 previous error

--- original parse_px_accepts_px_suffix_and_raw stderr ---
   Compiling reactive-tui v0.1.0 (/home/shawn/workspace2/reactive-tui)
error: failed to build archive at `/tmp/reactive-tui-wgpu.waMUcc/debug/deps/libreactive_tui.rlib`: Disk quota exceeded (os error 122)

error: could not compile `reactive-tui` (lib) due to 1 previous error

--- original test_effect_cleanup stderr ---
   Compiling reactive-tui v0.1.0 (/home/shawn/workspace2/reactive-tui)
error: failed to write to `/tmp/reactive-tui-wgpu.waMUcc/debug/deps/rmetalO4kPz/full.rmeta`: Disk quota exceeded (os error 122)

error: could not compile `reactive-tui` (lib) due to 1 previous error

