    Blocking waiting for file lock on package cache
    Blocking waiting for file lock on package cache
    Blocking waiting for file lock on package cache
    Checking reactive-tui v0.1.0 (/home/shawn/workspace2/reactive-tui)
    Finished `dev` profile [unoptimized] target(s) in 7.45s
    Checking reactive-tui v0.1.0 (/home/shawn/workspace2/reactive-tui)
    Finished `dev` profile [unoptimized] target(s) in 7.07s
    Checking reactive-tui v0.1.0 (/home/shawn/workspace2/reactive-tui)
    Finished `dev` profile [unoptimized] target(s) in 7.78s
    Checking reactive-tui v0.1.0 (/home/shawn/workspace2/reactive-tui)
    Finished `dev` profile [unoptimized] target(s) in 7.44s
    Checking reactive-tui v0.1.0 (/home/shawn/workspace2/reactive-tui)
    Finished `dev` profile [unoptimized] target(s) in 7.47s
    Checking reactive-tui v0.1.0 (/home/shawn/workspace2/reactive-tui)
    Finished `dev` profile [unoptimized] target(s) in 7.08s
    Checking reactive-tui v0.1.0 (/home/shawn/workspace2/reactive-tui)
    Finished `dev` profile [unoptimized] target(s) in 7.28s
    Checking reactive-tui v0.1.0 (/home/shawn/workspace2/reactive-tui)
warning: ambiguous glob re-exports
   --> src/ffi/mod.rs:143:9
    |
143 | pub use pointer::*;
    |         ^^^^^^^^^^ the name `validate_pointer` in the value namespace is first re-exported here
...
148 | pub use types::*;
    |         -------- but the name `validate_pointer` in the value namespace is also re-exported here
    |
    = note: `#[warn(ambiguous_glob_reexports)]` on by default

warning: unused variable: `width`
   --> src/ffi/lib.rs:122:14
    |
122 |         let (width, height) = renderer_box.dims();
    |              ^^^^^
    |
    = note: `#[warn(unused_variables)]` (part of `#[warn(unused)]`) on by default
help: if this is intentional, prefix it with an underscore
    |
122 |         let (_width, height) = renderer_box.dims();
    |              +
help: you might have meant to pattern match on the similarly named constant `MAX_SCRATCH`
    |
122 -         let (width, height) = renderer_box.dims();
122 +         let (widgets::display::image::sixel_encode::MAX_SCRATCH, height) = renderer_box.dims();
    |

warning: function `validate_pointer` is never used
   --> src/ffi/types.rs:182:15
    |
182 | pub(crate) fn validate_pointer<T>(ptr: *const T) -> bool {
    |               ^^^^^^^^^^^^^^^^
    |
    = note: `#[warn(dead_code)]` (part of `#[warn(unused)]`) on by default

warning: function `validate_mut_pointer` is never used
   --> src/ffi/types.rs:187:15
    |
187 | pub(crate) fn validate_mut_pointer<T>(ptr: *mut T) -> bool {
    |               ^^^^^^^^^^^^^^^^^^^^

warning: function `safe_cast` is never used
   --> src/ffi/types.rs:192:22
    |
192 | pub(crate) unsafe fn safe_cast<T, U>(ptr: *mut T) -> Result<*mut U, ReactiveError> {
    |                      ^^^^^^^^^

warning: function `safe_cast_const` is never used
   --> src/ffi/types.rs:206:22
    |
206 | pub(crate) unsafe fn safe_cast_const<T, U>(ptr: *const T) -> Result<*const U, ReactiveError> {
    |                      ^^^^^^^^^^^^^^^

warning: `reactive-tui` (lib) generated 6 warnings (run `cargo fix --lib -p reactive-tui` to apply 1 suggestion)
warning: unnecessary `unsafe` block
  --> tests/test_ffi_integration.rs:10:9
   |
10 |         unsafe {
   |         ^^^^^^ unnecessary `unsafe` block
   |
   = note: `#[warn(unused_unsafe)]` (part of `#[warn(unused)]`) on by default

warning: unnecessary `unsafe` block
  --> tests/test_ffi_integration.rs:60:9
   |
60 |         unsafe {
   |         ^^^^^^ unnecessary `unsafe` block

warning: unnecessary `unsafe` block
   --> tests/test_ffi_integration.rs:115:9
    |
115 |         unsafe {
    |         ^^^^^^ unnecessary `unsafe` block

warning: unnecessary `unsafe` block
   --> tests/test_ffi_integration.rs:150:9
    |
150 |         unsafe {
    |         ^^^^^^ unnecessary `unsafe` block

warning: unnecessary `unsafe` block
   --> tests/test_ffi_integration.rs:172:9
    |
172 |         unsafe {
    |         ^^^^^^ unnecessary `unsafe` block

warning: `reactive-tui` (test "test_ffi_integration") generated 5 warnings
warning: unnecessary `unsafe` block
  --> tests/test_ffi_core_only.rs:10:9
   |
10 |         unsafe {
   |         ^^^^^^ unnecessary `unsafe` block
   |
   = note: `#[warn(unused_unsafe)]` (part of `#[warn(unused)]`) on by default

warning: unnecessary `unsafe` block
  --> tests/test_ffi_core_only.rs:24:9
   |
24 |         unsafe {
   |         ^^^^^^ unnecessary `unsafe` block

warning: unnecessary `unsafe` block
  --> tests/test_ffi_core_only.rs:67:9
   |
67 |         unsafe {
   |         ^^^^^^ unnecessary `unsafe` block

warning: unnecessary `unsafe` block
  --> tests/test_ffi_core_only.rs:94:9
   |
94 |         unsafe {
   |         ^^^^^^ unnecessary `unsafe` block

warning: unnecessary `unsafe` block
   --> tests/test_ffi_core_only.rs:127:9
    |
127 |         unsafe {
    |         ^^^^^^ unnecessary `unsafe` block

warning: unnecessary `unsafe` block
   --> tests/test_ffi_core_only.rs:171:9
    |
171 |         unsafe {
    |         ^^^^^^ unnecessary `unsafe` block

warning: unnecessary `unsafe` block
   --> tests/test_ffi_core_only.rs:193:9
    |
193 |         unsafe {
    |         ^^^^^^ unnecessary `unsafe` block

warning: `reactive-tui` (test "test_ffi_core_only") generated 7 warnings
warning: `reactive-tui` (lib test) generated 6 warnings (6 duplicates)
    Finished `dev` profile [unoptimized] target(s) in 8.36s
   Compiling reactive-tui-libghostty-vt-sys v0.1.0 (/home/shawn/workspace2/reactive-tui/crates/libghostty-vt-sys)
    Checking reactive-tui-libghostty-vt v0.1.0 (/home/shawn/workspace2/reactive-tui/crates/libghostty-vt)
    Checking reactive-tui v0.1.0 (/home/shawn/workspace2/reactive-tui)
    Finished `dev` profile [unoptimized] target(s) in 10.21s
   Compiling bytemuck_derive v1.12.1
    Checking naga v27.0.3
    Checking comrak v0.55.0
    Checking string_cache v0.8.9
    Checking reactive-tui-crossterm v0.1.0 (/home/shawn/workspace2/reactive-tui/src/backend/crossterm)
    Checking ciborium v0.2.2
    Checking serial_test v3.5.0
    Checking criterion v0.5.1
    Checking bytemuck v1.23.2
    Checking wgpu-types v27.0.1
    Checking image v0.25.6
    Checking reactive-tui-suprtui v0.1.0 (/home/shawn/workspace2/reactive-tui/src/backend/engine)
    Checking wgpu-hal v27.0.4
    Checking wgpu-core-deps-windows-linux-android v27.0.0
    Checking wgpu-core v27.0.3
    Checking wgpu v27.0.1
    Checking reactive-tui v0.1.0 (/home/shawn/workspace2/reactive-tui)
    Finished `dev` profile [unoptimized] target(s) in 12.61s
   Compiling reactive-tui-libghostty-vt-sys v0.1.0 (/home/shawn/workspace2/reactive-tui/crates/libghostty-vt-sys)
    Checking tokio-util v0.7.16
    Checking reactive-tui-libghostty-vt v0.1.0 (/home/shawn/workspace2/reactive-tui/crates/libghostty-vt)
    Checking reactive-tui v0.1.0 (/home/shawn/workspace2/reactive-tui)
warning: ambiguous glob re-exports
   --> src/ffi/mod.rs:143:9
    |
143 | pub use pointer::*;
    |         ^^^^^^^^^^ the name `validate_pointer` in the value namespace is first re-exported here
...
148 | pub use types::*;
    |         -------- but the name `validate_pointer` in the value namespace is also re-exported here
    |
    = note: `#[warn(ambiguous_glob_reexports)]` on by default

warning: unused variable: `width`
   --> src/ffi/lib.rs:122:14
    |
122 |         let (width, height) = renderer_box.dims();
    |              ^^^^^
    |
    = note: `#[warn(unused_variables)]` (part of `#[warn(unused)]`) on by default
help: if this is intentional, prefix it with an underscore
    |
122 |         let (_width, height) = renderer_box.dims();
    |              +
help: you might have meant to pattern match on the similarly named constant `INPUT_LIMIT`
    |
122 -         let (width, height) = renderer_box.dims();
122 +         let (embedded::worker::INPUT_LIMIT, height) = renderer_box.dims();
    |

warning: function `validate_pointer` is never used
   --> src/ffi/types.rs:182:15
    |
182 | pub(crate) fn validate_pointer<T>(ptr: *const T) -> bool {
    |               ^^^^^^^^^^^^^^^^
    |
    = note: `#[warn(dead_code)]` (part of `#[warn(unused)]`) on by default

warning: function `validate_mut_pointer` is never used
   --> src/ffi/types.rs:187:15
    |
187 | pub(crate) fn validate_mut_pointer<T>(ptr: *mut T) -> bool {
    |               ^^^^^^^^^^^^^^^^^^^^

warning: function `safe_cast` is never used
   --> src/ffi/types.rs:192:22
    |
192 | pub(crate) unsafe fn safe_cast<T, U>(ptr: *mut T) -> Result<*mut U, ReactiveError> {
    |                      ^^^^^^^^^

warning: function `safe_cast_const` is never used
   --> src/ffi/types.rs:206:22
    |
206 | pub(crate) unsafe fn safe_cast_const<T, U>(ptr: *const T) -> Result<*const U, ReactiveError> {
    |                      ^^^^^^^^^^^^^^^

warning: `reactive-tui` (lib) generated 6 warnings (run `cargo fix --lib -p reactive-tui` to apply 1 suggestion)
warning: unnecessary `unsafe` block
  --> tests/test_ffi_core_only.rs:10:9
   |
10 |         unsafe {
   |         ^^^^^^ unnecessary `unsafe` block
   |
   = note: `#[warn(unused_unsafe)]` (part of `#[warn(unused)]`) on by default

warning: unnecessary `unsafe` block
  --> tests/test_ffi_core_only.rs:24:9
   |
24 |         unsafe {
   |         ^^^^^^ unnecessary `unsafe` block

warning: unnecessary `unsafe` block
  --> tests/test_ffi_core_only.rs:67:9
   |
67 |         unsafe {
   |         ^^^^^^ unnecessary `unsafe` block

warning: unnecessary `unsafe` block
  --> tests/test_ffi_core_only.rs:94:9
   |
94 |         unsafe {
   |         ^^^^^^ unnecessary `unsafe` block

warning: unnecessary `unsafe` block
   --> tests/test_ffi_core_only.rs:127:9
    |
127 |         unsafe {
    |         ^^^^^^ unnecessary `unsafe` block

warning: unnecessary `unsafe` block
   --> tests/test_ffi_core_only.rs:171:9
    |
171 |         unsafe {
    |         ^^^^^^ unnecessary `unsafe` block

warning: unnecessary `unsafe` block
   --> tests/test_ffi_core_only.rs:193:9
    |
193 |         unsafe {
    |         ^^^^^^ unnecessary `unsafe` block

warning: `reactive-tui` (test "test_ffi_core_only") generated 7 warnings
warning: unnecessary `unsafe` block
  --> tests/test_ffi_integration.rs:10:9
   |
10 |         unsafe {
   |         ^^^^^^ unnecessary `unsafe` block
   |
   = note: `#[warn(unused_unsafe)]` (part of `#[warn(unused)]`) on by default

warning: unnecessary `unsafe` block
  --> tests/test_ffi_integration.rs:60:9
   |
60 |         unsafe {
   |         ^^^^^^ unnecessary `unsafe` block

warning: unnecessary `unsafe` block
   --> tests/test_ffi_integration.rs:115:9
    |
115 |         unsafe {
    |         ^^^^^^ unnecessary `unsafe` block

warning: unnecessary `unsafe` block
   --> tests/test_ffi_integration.rs:150:9
    |
150 |         unsafe {
    |         ^^^^^^ unnecessary `unsafe` block

warning: unnecessary `unsafe` block
   --> tests/test_ffi_integration.rs:172:9
    |
172 |         unsafe {
    |         ^^^^^^ unnecessary `unsafe` block

warning: `reactive-tui` (test "test_ffi_integration") generated 5 warnings
warning: `reactive-tui` (lib test) generated 6 warnings (6 duplicates)
    Finished `dev` profile [unoptimized] target(s) in 10.60s
warning: use of deprecated method `std::sync::atomic::Atomic::<usize>::fetch_update`: renamed to `try_update` for consistency
   --> src/hooks/animation.rs:170:14
    |
170 |             .fetch_update(Ordering::Relaxed, Ordering::Relaxed, |id| id.checked_add(1))
    |              ^^^^^^^^^^^^
    |
    = note: `#[warn(deprecated)]` on by default
help: replace the use of the deprecated method
    |
170 -             .fetch_update(Ordering::Relaxed, Ordering::Relaxed, |id| id.checked_add(1))
170 +             .try_update(Ordering::Relaxed, Ordering::Relaxed, |id| id.checked_add(1))
    |

warning: falling back to `f32` as the trait bound `f32: From<f64>` is not satisfied
    --> src/layout/style.rs:1532:83
     |
1532 |                 .map(|_| GridTemplateComponent::from(TrackSizingFunction::from_fr(1.0)))
     |                                                                                   ^^^ help: explicitly specify the type as `f32`: `1.0_f32`
     |
     = warning: this was previously accepted by the compiler but is being phased out; it will become a hard error in a future release!
     = note: for more information, see issue #154024 <https://github.com/rust-lang/rust/issues/154024>
     = note: `#[warn(float_literal_f32_fallback)]` (part of `#[warn(future_incompatible)]`) on by default

warning: falling back to `f32` as the trait bound `f32: From<f64>` is not satisfied
    --> src/layout/style.rs:1538:83
     |
1538 |                 .map(|_| GridTemplateComponent::from(TrackSizingFunction::from_fr(1.0)))
     |                                                                                   ^^^ help: explicitly specify the type as `f32`: `1.0_f32`
     |
     = warning: this was previously accepted by the compiler but is being phased out; it will become a hard error in a future release!
     = note: for more information, see issue #154024 <https://github.com/rust-lang/rust/issues/154024>

warning: use of deprecated method `std::sync::atomic::Atomic::<u32>::fetch_update`: renamed to `try_update` for consistency
   --> src/widgets/display/image/protocol_renderer.rs:238:14
    |
238 |             .fetch_update(Ordering::Relaxed, Ordering::Relaxed, |id| {
    |              ^^^^^^^^^^^^
    |
help: replace the use of the deprecated method
    |
238 -             .fetch_update(Ordering::Relaxed, Ordering::Relaxed, |id| {
238 +             .try_update(Ordering::Relaxed, Ordering::Relaxed, |id| {
    |

warning: `reactive-tui` (lib) generated 4 warnings (run `cargo fix --lib -p reactive-tui` to apply 4 suggestions)
warning: use of deprecated method `std::sync::atomic::Atomic::<usize>::fetch_update`: renamed to `try_update` for consistency
   --> tests/api_focus.rs:216:22
    |
216 |                     .fetch_update(Ordering::SeqCst, Ordering::SeqCst, |n| {
    |                      ^^^^^^^^^^^^
    |
    = note: `#[warn(deprecated)]` on by default
help: replace the use of the deprecated method
    |
216 -                     .fetch_update(Ordering::SeqCst, Ordering::SeqCst, |n| {
216 +                     .try_update(Ordering::SeqCst, Ordering::SeqCst, |n| {
    |

warning: `reactive-tui` (test "api_focus") generated 1 warning (run `cargo fix --test "api_focus" -p reactive-tui` to apply 1 suggestion)
warning: `reactive-tui` (lib test) generated 4 warnings (4 duplicates)
    Finished `dev` profile [unoptimized] target(s) in 0.18s
   Compiling reactive-tui-libghostty-vt-sys v0.1.0 (/home/shawn/workspace2/reactive-tui/crates/libghostty-vt-sys)
    Checking reactive-tui-libghostty-vt v0.1.0 (/home/shawn/workspace2/reactive-tui/crates/libghostty-vt)
    Checking reactive-tui v0.1.0 (/home/shawn/workspace2/reactive-tui)
warning: ambiguous glob re-exports
   --> src/ffi/mod.rs:143:9
    |
143 | pub use pointer::*;
    |         ^^^^^^^^^^ the name `validate_pointer` in the value namespace is first re-exported here
...
148 | pub use types::*;
    |         -------- but the name `validate_pointer` in the value namespace is also re-exported here
    |
    = note: `#[warn(ambiguous_glob_reexports)]` on by default

warning: use of deprecated method `std::sync::atomic::Atomic::<usize>::fetch_update`: renamed to `try_update` for consistency
   --> src/hooks/animation.rs:170:14
    |
170 |             .fetch_update(Ordering::Relaxed, Ordering::Relaxed, |id| id.checked_add(1))
    |              ^^^^^^^^^^^^
    |
    = note: `#[warn(deprecated)]` on by default
help: replace the use of the deprecated method
    |
170 -             .fetch_update(Ordering::Relaxed, Ordering::Relaxed, |id| id.checked_add(1))
170 +             .try_update(Ordering::Relaxed, Ordering::Relaxed, |id| id.checked_add(1))
    |

warning: falling back to `f32` as the trait bound `f32: From<f64>` is not satisfied
    --> src/layout/style.rs:1532:83
     |
1532 |                 .map(|_| GridTemplateComponent::from(TrackSizingFunction::from_fr(1.0)))
     |                                                                                   ^^^ help: explicitly specify the type as `f32`: `1.0_f32`
     |
     = warning: this was previously accepted by the compiler but is being phased out; it will become a hard error in a future release!
     = note: for more information, see issue #154024 <https://github.com/rust-lang/rust/issues/154024>
     = note: `#[warn(float_literal_f32_fallback)]` (part of `#[warn(future_incompatible)]`) on by default

warning: falling back to `f32` as the trait bound `f32: From<f64>` is not satisfied
    --> src/layout/style.rs:1538:83
     |
1538 |                 .map(|_| GridTemplateComponent::from(TrackSizingFunction::from_fr(1.0)))
     |                                                                                   ^^^ help: explicitly specify the type as `f32`: `1.0_f32`
     |
     = warning: this was previously accepted by the compiler but is being phased out; it will become a hard error in a future release!
     = note: for more information, see issue #154024 <https://github.com/rust-lang/rust/issues/154024>

warning: use of deprecated method `std::sync::atomic::Atomic::<u32>::fetch_update`: renamed to `try_update` for consistency
   --> src/widgets/display/image/protocol_renderer.rs:238:14
    |
238 |             .fetch_update(Ordering::Relaxed, Ordering::Relaxed, |id| {
    |              ^^^^^^^^^^^^
    |
help: replace the use of the deprecated method
    |
238 -             .fetch_update(Ordering::Relaxed, Ordering::Relaxed, |id| {
238 +             .try_update(Ordering::Relaxed, Ordering::Relaxed, |id| {
    |

warning: unused variable: `width`
   --> src/ffi/lib.rs:122:14
    |
122 |         let (width, height) = renderer_box.dims();
    |              ^^^^^ help: if this is intentional, prefix it with an underscore: `_width`
    |
    = note: `#[warn(unused_variables)]` (part of `#[warn(unused)]`) on by default

warning: function `validate_pointer` is never used
   --> src/ffi/types.rs:182:15
    |
182 | pub(crate) fn validate_pointer<T>(ptr: *const T) -> bool {
    |               ^^^^^^^^^^^^^^^^
    |
    = note: `#[warn(dead_code)]` (part of `#[warn(unused)]`) on by default

warning: function `validate_mut_pointer` is never used
   --> src/ffi/types.rs:187:15
    |
187 | pub(crate) fn validate_mut_pointer<T>(ptr: *mut T) -> bool {
    |               ^^^^^^^^^^^^^^^^^^^^

warning: function `safe_cast` is never used
   --> src/ffi/types.rs:192:22
    |
192 | pub(crate) unsafe fn safe_cast<T, U>(ptr: *mut T) -> Result<*mut U, ReactiveError> {
    |                      ^^^^^^^^^

warning: function `safe_cast_const` is never used
   --> src/ffi/types.rs:206:22
    |
206 | pub(crate) unsafe fn safe_cast_const<T, U>(ptr: *const T) -> Result<*const U, ReactiveError> {
    |                      ^^^^^^^^^^^^^^^

warning: `reactive-tui` (lib) generated 10 warnings (run `cargo fix --lib -p reactive-tui` to apply 5 suggestions)
warning: use of deprecated method `std::sync::atomic::Atomic::<usize>::fetch_update`: renamed to `try_update` for consistency
   --> tests/api_focus.rs:216:22
    |
216 |                     .fetch_update(Ordering::SeqCst, Ordering::SeqCst, |n| {
    |                      ^^^^^^^^^^^^
    |
    = note: `#[warn(deprecated)]` on by default
help: replace the use of the deprecated method
    |
216 -                     .fetch_update(Ordering::SeqCst, Ordering::SeqCst, |n| {
216 +                     .try_update(Ordering::SeqCst, Ordering::SeqCst, |n| {
    |

warning: `reactive-tui` (test "api_focus") generated 1 warning (run `cargo fix --test "api_focus" -p reactive-tui` to apply 1 suggestion)
warning: unnecessary `unsafe` block
  --> tests/test_ffi_core_only.rs:10:9
   |
10 |         unsafe {
   |         ^^^^^^ unnecessary `unsafe` block
   |
   = note: `#[warn(unused_unsafe)]` (part of `#[warn(unused)]`) on by default

warning: unnecessary `unsafe` block
  --> tests/test_ffi_core_only.rs:24:9
   |
24 |         unsafe {
   |         ^^^^^^ unnecessary `unsafe` block

warning: unnecessary `unsafe` block
  --> tests/test_ffi_core_only.rs:67:9
   |
67 |         unsafe {
   |         ^^^^^^ unnecessary `unsafe` block

warning: unnecessary `unsafe` block
  --> tests/test_ffi_core_only.rs:94:9
   |
94 |         unsafe {
   |         ^^^^^^ unnecessary `unsafe` block

warning: unnecessary `unsafe` block
   --> tests/test_ffi_core_only.rs:127:9
    |
127 |         unsafe {
    |         ^^^^^^ unnecessary `unsafe` block

warning: unnecessary `unsafe` block
   --> tests/test_ffi_core_only.rs:171:9
    |
171 |         unsafe {
    |         ^^^^^^ unnecessary `unsafe` block

warning: unnecessary `unsafe` block
   --> tests/test_ffi_core_only.rs:193:9
    |
193 |         unsafe {
    |         ^^^^^^ unnecessary `unsafe` block

warning: `reactive-tui` (test "test_ffi_core_only") generated 7 warnings
warning: unnecessary `unsafe` block
  --> tests/test_ffi_integration.rs:10:9
   |
10 |         unsafe {
   |         ^^^^^^ unnecessary `unsafe` block
   |
   = note: `#[warn(unused_unsafe)]` (part of `#[warn(unused)]`) on by default

warning: unnecessary `unsafe` block
  --> tests/test_ffi_integration.rs:60:9
   |
60 |         unsafe {
   |         ^^^^^^ unnecessary `unsafe` block

warning: unnecessary `unsafe` block
   --> tests/test_ffi_integration.rs:115:9
    |
115 |         unsafe {
    |         ^^^^^^ unnecessary `unsafe` block

warning: unnecessary `unsafe` block
   --> tests/test_ffi_integration.rs:150:9
    |
150 |         unsafe {
    |         ^^^^^^ unnecessary `unsafe` block

warning: unnecessary `unsafe` block
   --> tests/test_ffi_integration.rs:172:9
    |
172 |         unsafe {
    |         ^^^^^^ unnecessary `unsafe` block

warning: `reactive-tui` (test "test_ffi_integration") generated 5 warnings
warning: `reactive-tui` (lib test) generated 10 warnings (10 duplicates)
    Finished `dev` profile [unoptimized] target(s) in 9.00s
    Blocking waiting for file lock on package cache
   Compiling reactive-tui v0.1.0 (/home/shawn/workspace2/reactive-tui)
    Finished `test` profile [unoptimized] target(s) in 11.22s
     Running tests/api_component_expansion.rs (/tmp/reactive-tui-wgpu.waMUcc/dqc004/default/debug/deps/api_component_expansion-1428b1b569399430)
   Compiling reactive-tui v0.1.0 (/home/shawn/workspace2/reactive-tui)
    Finished `test` profile [unoptimized] target(s) in 11.27s
     Running tests/api_component_expansion.rs (/tmp/reactive-tui-wgpu.waMUcc/dqc004/default/debug/deps/api_component_expansion-acf70021a5e8045c)
