FAIL CAT: README omits the widget_catalog command
FAIL CAT: manual omits the catalog capture purpose
..........
----------------------------------------------------------------------
Ran 10 tests in 0.000s

OK
    Finished `test` profile [unoptimized + debuginfo] target(s) in 0.07s
     Running tests/widget_catalog_behavior.rs (/home/shawn/workspace2/scratchpads/suprnova-target/debug/deps/widget_catalog_behavior-64fe297e0385f367)

running 9 tests
test advertised_quit_keys_request_normal_app_exit ... ok
test catalog_exposes_the_complete_page_order ... ok
test navigation_changes_at_the_eighty_column_breakpoint ... ok
test number_keys_jump_to_the_displayed_page ... ok
test animation_waits_for_its_deadline_and_skips_missed_frames ... ok
test page_navigation_wraps_in_both_directions ... ok
test released_quit_keys_and_plain_letters_do_not_exit ... ok
test every_page_renders_a_focused_stage ... ok
test cube_frames_are_distinct_and_bounded ... ok

test result: ok. 9 passed; 0 failed; 0 ignored; 0 measured; 0 filtered out; finished in 0.00s

    Finished `dev` profile [unoptimized + debuginfo] target(s) in 0.08s
