{"started": "raw-receiver-idle", "pid": 829260}
{"case": "raw-receiver-idle", "pid": 829260, "exit": 0, "timeout": false, "reaped": true}
{"started": "parsed-receiver-idle", "pid": 829262}
{"case": "parsed-receiver-idle", "pid": 829262, "exit": 0, "timeout": false, "reaped": true}
{"started": "reused-descriptor", "pid": 829435}
{"case": "reused-descriptor", "pid": 829435, "exit": 0, "timeout": false, "reaped": true}
{"started": "raw-receiver-active", "pid": 829438}
{"case": "raw-receiver-active", "pid": 829438, "exit": 0, "timeout": false, "reaped": true}
{"started": "raw-receiver-full", "pid": 829440}
{"case": "raw-receiver-full", "pid": 829440, "exit": 0, "timeout": false, "reaped": true}
{"started": "raw-session-full", "pid": 829575}
{"case": "raw-session-full", "pid": 829575, "exit": 0, "timeout": false, "reaped": true}
{"started": "raw-session-idle", "pid": 829727}
{"case": "raw-session-idle", "pid": 829727, "exit": 0, "timeout": false, "reaped": true}
{"started": "parsed-receiver-full", "pid": 829730}
{"case": "parsed-receiver-full", "pid": 829730, "exit": 0, "timeout": false, "reaped": true}
{"started": "parsed-session-full", "pid": 830108}
{"case": "parsed-session-full", "pid": 830108, "exit": 0, "timeout": false, "reaped": true}
{"started": "parsed-session-idle", "pid": 830350}
{"case": "parsed-session-idle", "pid": 830350, "exit": 0, "timeout": false, "reaped": true}
{"started": "clone-owner", "pid": 830512}
{"case": "clone-owner", "pid": 830512, "exit": 0, "timeout": false, "reaped": true}
{"started": "independent-streams", "pid": 830515}
{"case": "independent-streams", "pid": 830515, "exit": 0, "timeout": false, "reaped": true}
{"started": "owned-iterator", "pid": 830519}
{"case": "owned-iterator", "pid": 830519, "exit": 0, "timeout": false, "reaped": true}
{"started": "concurrent-drop", "pid": 830521}
{"case": "concurrent-drop", "pid": 830521, "exit": 0, "timeout": false, "reaped": true}
