warning: unnecessary parentheses around closure body
  --> src/backend/crossterm/src/terminal/sys/unix.rs:87:50
   |
87 |     let file = File::open("/dev/tty").map(|file| (FileDesc::Owned(file.into())));
   |                                                  ^                            ^
   |
   = note: `#[warn(unused_parens)]` (part of `#[warn(unused)]`) on by default
help: remove these parentheses
   |
87 -     let file = File::open("/dev/tty").map(|file| (FileDesc::Owned(file.into())));
87 +     let file = File::open("/dev/tty").map(|file| FileDesc::Owned(file.into()));
   |

warning: `crossterm` (lib) generated 1 warning (run `cargo fix --lib -p crossterm` to apply 1 suggestion)
    Finished `test` profile [unoptimized + debuginfo] target(s) in 0.10s
     Running unittests src/lib.rs (target/debug/deps/reactive_tui-232fdb479c0bdc67)
platform::input_receiver::tests::buffered_items_remain_after_session_shutdown: test
platform::input_receiver::tests::cancellation_releases_a_full_queue_producer: test
platform::input_receiver::tests::draining_a_full_queue_wakes_the_producer: test
platform::input_receiver::tests::dropping_owned_iterator_joins_idle_reader: test
platform::input_receiver::tests::receive_and_iteration_preserve_order_and_disconnect: test

5 tests, 0 benchmarks
