warning: unnecessary parentheses around closure body
  --> src/backend/crossterm/src/terminal/sys/unix.rs:87:50
   |
87 |     let file = File::open("/dev/tty").map(|file| (FileDesc::Owned(file.into())));
   |                                                  ^                            ^
   |
   = note: `#[warn(unused_parens)]` (part of `#[warn(unused)]`) on by default
help: remove these parentheses
   |
87 -     let file = File::open("/dev/tty").map(|file| (FileDesc::Owned(file.into())));
87 +     let file = File::open("/dev/tty").map(|file| FileDesc::Owned(file.into()));
   |

warning: `crossterm` (lib) generated 1 warning (run `cargo fix --lib -p crossterm` to apply 1 suggestion)
   Compiling reactive-tui v0.0.7 (/home/shawn/workspace2/reactive-tui)
    Finished `test` profile [unoptimized + debuginfo] target(s) in 1.19s
     Running tests/api_local_hooks.rs (target/debug/deps/api_local_hooks-57466d666340b613)
app_reuses_manual_scope_and_leaves_other_owners_alive: test
app_supplies_scope_for_generated_components_and_closes_on_error_and_unwind: test
cleanup_and_last_clone_drop_release_local_shares: test
cleanup_destructors_can_reenter_another_local_owner: test
foreign_owner_drop_defers_until_creator_sweep_or_exit: test
generated_local_component_can_move_before_its_first_render: test
inner_scope_cleanup_reclaims_outer_owner_without_closing_inner: test
keyed_component_removal_releases_local_values_before_scope_exit: test
local_slots_retain_without_handles_and_isolate_owners: test
local_slots_validate_kind_type_and_generated_count: test
scopes_reject_missing_wrong_thread_and_expired_owners: test
thread_safe_hooks_and_generated_state_remain_send_sync: test
unwinding_releases_scope_but_escaped_handles_keep_ownership: test

13 tests, 0 benchmarks
