Diff in /home/shawn/workspace2/reactive-tui/src/hooks/processor.rs:237:
             *click = None;
         }
         let mut points = self.gesture_points.lock().unwrap();
[31m-        if points.last().is_some_and(|(previous, _)| changed(*previous)) {
(B[m[32m+        if points
(B[m[32m+            .last()
(B[m[32m+            .is_some_and(|(previous, _)| changed(*previous))
(B[m[32m+        {
(B[m             points.clear();
             for signal in self.gesture_states.lock().unwrap().values() {
                 signal.set(GestureState::default());
Diff in /home/shawn/workspace2/reactive-tui/tests/api_gesture_coordinates.rs:85:
         Position::cell(3, 0),
         Position::cell(8, 0),
     ] {
[31m-        processor.process_event(&MouseEvent::new(MouseEventKind::Move, position), Some("swipe"));
(B[m[32m+        processor.process_event(
(B[m[32m+            &MouseEvent::new(MouseEventKind::Move, position),
(B[m[32m+            Some("swipe"),
(B[m[32m+        );
(B[m     }
     assert!(state.get().is_active);
     processor.process_event(
Diff in /home/shawn/workspace2/reactive-tui/tests/api_gesture_coordinates.rs:94:
     );
     assert!(!state.get().is_active);
     assert_eq!(state.get().velocity, (0.0, 0.0));
[31m-    for position in [Position::pixel(u32::MAX / 2, 1), Position::pixel(u32::MAX, 1)] {
(B[m[31m-        processor.process_event(&MouseEvent::new(MouseEventKind::Move, position), Some("swipe"));
(B[m[32m+    for position in [
(B[m[32m+        Position::pixel(u32::MAX / 2, 1),
(B[m[32m+        Position::pixel(u32::MAX, 1),
(B[m[32m+    ] {
(B[m[32m+        processor.process_event(
(B[m[32m+            &MouseEvent::new(MouseEventKind::Move, position),
(B[m[32m+            Some("swipe"),
(B[m[32m+        );
(B[m     }
     assert!(state.get().is_active);
     assert_eq!(state.get().start_position, Some(Position::pixel(1, 1)));
