A11Y # GNOME Terminal 3.58.0 using VTE 0.84.0 +BIDI +GNUTLS +ICU +SYSTEMD
dbus-daemon[1897103]: [session uid=1000 pid=1897103 pidfd=5] Activating service name='org.a11y.Bus' requested by ':1.0' (uid=1000 pid=1897132 comm="/usr/bin/python3 /usr/bin/orca --version" label="unconfined")
dbus-daemon[1897103]: [session uid=1000 pid=1897103 pidfd=5] Successfully activated service 'org.a11y.Bus'
dbus-daemon[1897103]: [session uid=1000 pid=1897103 pidfd=5] Activating service name='org.gtk.vfs.Daemon' requested by ':1.3' (uid=1000 pid=1897225 comm="/usr/lib/x86_64-linux-gnu/../../lib/x86_64-linux-g" label="unconfined")
dbus-daemon[1897103]: [session uid=1000 pid=1897103 pidfd=5] Successfully activated service 'org.gtk.vfs.Daemon'
dbus-daemon[1897214]: Activating service name='org.a11y.atspi.Registry' requested by ':1.0' (uid=1000 pid=1897132 comm="/usr/bin/python3 /usr/bin/orca --version" label="unconfined")
dbus-daemon[1897214]: Successfully activated service 'org.a11y.atspi.Registry'
SpiRegistry daemon is running with well-known name - org.a11y.atspi.Registry
A11Y Orca version 50.1.2, AT-SPI2 version: 2.60.0, Session: x11 gnome
A11Y isolated X11/Xvfb viewport 32x10
dbus-daemon[1897103]: [session uid=1000 pid=1897103 pidfd=5] Activating service name='ca.desrt.dconf' requested by ':1.7' (uid=1000 pid=1897995 comm="/usr/bin/python3 /usr/bin/orca --debug-file /home/" label="unconfined")
dbus-daemon[1897103]: [session uid=1000 pid=1897103 pidfd=5] Successfully activated service 'ca.desrt.dconf'
dbus-daemon[1897103]: [session uid=1000 pid=1897103 pidfd=5] Activating service name='org.gnome.Terminal' requested by ':1.9' (uid=1000 pid=1898182 comm="gnome-terminal --display=:1 --geometry=32x10 --wai" label="unconfined")
dbus-daemon[1897103]: [session uid=1000 pid=1897103 pidfd=5] Activating service name='org.freedesktop.portal.Desktop' requested by ':1.10' (uid=1000 pid=1898189 comm="/usr/libexec/gnome-terminal-server" label="unconfined")
dbus-daemon[1897103]: [session uid=1000 pid=1897103 pidfd=5] Activating service name='org.freedesktop.impl.portal.PermissionStore' requested by ':1.11' (uid=1000 pid=1898197 comm="/usr/libexec/xdg-desktop-portal" label="unconfined")
dbus-daemon[1897103]: [session uid=1000 pid=1897103 pidfd=5] Successfully activated service 'org.freedesktop.impl.portal.PermissionStore'
dbus-daemon[1897103]: [session uid=1000 pid=1897103 pidfd=5] Activating service name='org.freedesktop.portal.Documents' requested by ':1.11' (uid=1000 pid=1898197 comm="/usr/libexec/xdg-desktop-portal" label="unconfined")
dbus-daemon[1897103]: [session uid=1000 pid=1897103 pidfd=5] Successfully activated service 'org.freedesktop.portal.Documents'

(/usr/libexec/xdg-desktop-portal:1898197): xdg-desktop-portal-WARNING **: 20:31:36.718: Choosing gnome.portal for org.freedesktop.impl.portal.Lockdown via the deprecated UseIn key

(/usr/libexec/xdg-desktop-portal:1898197): xdg-desktop-portal-WARNING **: 20:31:36.718: The preferred method to match portal implementations to desktop environments is to use the portals.conf(5) configuration file
dbus-daemon[1897103]: [session uid=1000 pid=1897103 pidfd=5] Activating service name='org.freedesktop.impl.portal.desktop.gnome' requested by ':1.11' (uid=1000 pid=1898197 comm="/usr/libexec/xdg-desktop-portal" label="unconfined")
libEGL warning: DRI3 error: Could not get DRI3 device
libEGL warning: Ensure your X server supports DRI3 to get accelerated rendering
dbus-daemon[1897103]: [session uid=1000 pid=1897103 pidfd=5] Successfully activated service 'org.freedesktop.impl.portal.desktop.gnome'

(/usr/libexec/xdg-desktop-portal:1898197): xdg-desktop-portal-WARNING **: 20:31:36.826: Choosing gnome.portal for org.freedesktop.impl.portal.Access via the deprecated UseIn key

(/usr/libexec/xdg-desktop-portal:1898197): xdg-desktop-portal-WARNING **: 20:31:36.835: Choosing gnome.portal for org.freedesktop.impl.portal.Settings via the deprecated UseIn key

(/usr/libexec/xdg-desktop-portal:1898197): xdg-desktop-portal-WARNING **: 20:31:36.835: Choosing gtk.portal for org.freedesktop.impl.portal.Settings via the deprecated UseIn key
dbus-daemon[1897103]: [session uid=1000 pid=1897103 pidfd=5] Activating service name='org.freedesktop.impl.portal.desktop.gtk' requested by ':1.11' (uid=1000 pid=1898197 comm="/usr/libexec/xdg-desktop-portal" label="unconfined")
dbus-daemon[1897103]: [session uid=1000 pid=1897103 pidfd=5] Successfully activated service 'org.freedesktop.impl.portal.desktop.gtk'

** (xdg-desktop-portal-gtk:1898418): WARNING **: 20:31:36.856: atk-bridge: Couldn't listen on dbus server: Socket name too long


(/usr/libexec/xdg-desktop-portal:1898197): xdg-desktop-portal-WARNING **: 20:31:36.856: Choosing gnome.portal for org.freedesktop.impl.portal.FileChooser via the deprecated UseIn key

(/usr/libexec/xdg-desktop-portal:1898197): xdg-desktop-portal-WARNING **: 20:31:36.857: Choosing gnome.portal for org.freedesktop.impl.portal.AppChooser via the deprecated UseIn key

(/usr/libexec/xdg-desktop-portal:1898197): xdg-desktop-portal-WARNING **: 20:31:36.857: Choosing gnome.portal for org.freedesktop.impl.portal.Print via the deprecated UseIn key

(/usr/libexec/xdg-desktop-portal:1898197): xdg-desktop-portal-WARNING **: 20:31:36.858: Choosing gnome.portal for org.freedesktop.impl.portal.Notification via the deprecated UseIn key

(/usr/libexec/xdg-desktop-portal:1898197): xdg-desktop-portal-WARNING **: 20:31:36.859: Choosing gtk.portal for org.freedesktop.impl.portal.Inhibit via the deprecated UseIn key

(/usr/libexec/xdg-desktop-portal:1898197): xdg-desktop-portal-WARNING **: 20:31:36.860: Failed to connect to PipeWire: Couldn't connect to PipeWire

(/usr/libexec/xdg-desktop-portal:1898197): xdg-desktop-portal-WARNING **: 20:31:36.861: Choosing gnome.portal for org.freedesktop.impl.portal.Screenshot via the deprecated UseIn key

(/usr/libexec/xdg-desktop-portal:1898197): xdg-desktop-portal-WARNING **: 20:31:36.861: Choosing gnome.portal for org.freedesktop.impl.portal.Background via the deprecated UseIn key

(/usr/libexec/xdg-desktop-portal:1898197): xdg-desktop-portal-WARNING **: 20:31:36.861: Choosing gnome.portal for org.freedesktop.impl.portal.Wallpaper via the deprecated UseIn key

(/usr/libexec/xdg-desktop-portal:1898197): xdg-desktop-portal-WARNING **: 20:31:36.862: Choosing gnome.portal for org.freedesktop.impl.portal.Account via the deprecated UseIn key

(/usr/libexec/xdg-desktop-portal:1898197): xdg-desktop-portal-WARNING **: 20:31:36.862: Choosing gtk.portal for org.freedesktop.impl.portal.Email via the deprecated UseIn key

(/usr/libexec/xdg-desktop-portal:1898197): xdg-desktop-portal-WARNING **: 20:31:36.862: Choosing gnome-keyring.portal for org.freedesktop.impl.portal.Secret via the deprecated UseIn key

(/usr/libexec/xdg-desktop-portal:1898197): xdg-desktop-portal-WARNING **: 20:31:36.862: Choosing gnome.portal for org.freedesktop.impl.portal.GlobalShortcuts via the deprecated UseIn key
dbus-daemon[1897103]: [session uid=1000 pid=1897103 pidfd=5] Activating service name='org.freedesktop.secrets' requested by ':1.11' (uid=1000 pid=1898197 comm="/usr/libexec/xdg-desktop-portal" label="unconfined")

(/usr/libexec/xdg-desktop-portal:1898197): xdg-desktop-portal-WARNING **: 20:31:36.863: Choosing gnome.portal for org.freedesktop.impl.portal.DynamicLauncher via the deprecated UseIn key

(/usr/libexec/xdg-desktop-portal:1898197): xdg-desktop-portal-WARNING **: 20:31:36.864: Choosing gnome.portal for org.freedesktop.impl.portal.ScreenCast via the deprecated UseIn key

(/usr/libexec/xdg-desktop-portal:1898197): xdg-desktop-portal-WARNING **: 20:31:36.865: Choosing gnome.portal for org.freedesktop.impl.portal.RemoteDesktop via the deprecated UseIn key

(/usr/libexec/xdg-desktop-portal:1898197): xdg-desktop-portal-WARNING **: 20:31:36.865: Choosing gnome.portal for org.freedesktop.impl.portal.Clipboard via the deprecated UseIn key

(/usr/libexec/xdg-desktop-portal:1898197): xdg-desktop-portal-WARNING **: 20:31:36.866: Choosing gnome.portal for org.freedesktop.impl.portal.InputCapture via the deprecated UseIn key
** Message: 20:31:36.866: couldn't access control socket: /home/shawn/workspace2/reactive-tui/target/api011-check-tmp/rtui-orca-1ntjdf1c/runtime/keyring/control: No such file or directory
discover_other_daemon: 0
(/usr/libexec/xdg-desktop-portal:1898197): xdg-desktop-portal-WARNING **: 20:31:36.866: Choosing gnome.portal for org.freedesktop.impl.portal.Usb via the deprecated UseIn key
dbus-daemon[1897103]: [session uid=1000 pid=1897103 pidfd=5] Successfully activated service 'org.freedesktop.secrets'
dbus-daemon[1897103]: [session uid=1000 pid=1897103 pidfd=5] Successfully activated service 'org.freedesktop.portal.Desktop'
dbus-daemon[1897103]: [session uid=1000 pid=1897103 pidfd=5] Successfully activated service 'org.gnome.Terminal'

** (org.gnome.Terminal:1898189): WARNING **: 20:31:36.933: atk-bridge: Couldn't listen on dbus server: Socket name too long

dbus-daemon[1897103]: [session uid=1000 pid=1897103 pidfd=5] Activating service name='org.gtk.vfs.Metadata' requested by ':1.10' (uid=1000 pid=1898189 comm="/usr/libexec/gnome-terminal-server" label="unconfined")
dbus-daemon[1897103]: [session uid=1000 pid=1897103 pidfd=5] Successfully activated service 'org.gtk.vfs.Metadata'
/home/shawn/workspace2/reactive-tui/tests/api_widget_behavior/orca.py:260: DeprecationWarning: Atspi.Action.get_action_name is deprecated
  assert action.get_action_name(0) == "click"

(process:1897104): dbind-WARNING **: 20:31:37.385: AT-SPI: AddAccessible with unknown signature (so)(so)(so)iiassusau


(process:1897104): dbind-WARNING **: 20:31:37.385: AT-SPI: AddAccessible with unknown signature (so)(so)(so)iiassusau


(process:1897104): dbind-WARNING **: 20:31:37.676: AT-SPI: AddAccessible with unknown signature (so)(so)(so)iiassusau


(process:1897104): dbind-WARNING **: 20:31:37.676: AT-SPI: Unknown signature so for RemoveAccessible

(process:1897104): dbind-WARNING **: 20:31:37.676: AT-SPI: Unknown signature so for RemoveAccessible

(process:1897104): dbind-WARNING **: 20:31:37.714: AT-SPI: Unknown signature so for RemoveAccessible

(process:1897104): dbind-WARNING **: 20:31:37.776: AT-SPI: AddAccessible with unknown signature (so)(so)(so)iiassusau


(process:1897104): dbind-WARNING **: 20:31:37.776: AT-SPI: AddAccessible with unknown signature (so)(so)(so)iiassusau


(process:1897104): dbind-WARNING **: 20:31:37.808: AT-SPI: AddAccessible with unknown signature (so)(so)(so)iiassusau


(process:1897104): dbind-WARNING **: 20:31:37.808: AT-SPI: AddAccessible with unknown signature (so)(so)(so)iiassusau


(process:1897104): dbind-WARNING **: 20:31:37.808: AT-SPI: AddAccessible with unknown signature (so)(so)(so)iiassusau


(process:1897104): dbind-WARNING **: 20:31:37.808: AT-SPI: AddAccessible with unknown signature (so)(so)(so)iiassusau


(process:1897104): dbind-WARNING **: 20:31:37.808: AT-SPI: AddAccessible with unknown signature (so)(so)(so)iiassusau


(process:1897104): dbind-WARNING **: 20:31:37.808: AT-SPI: Unknown signature so for RemoveAccessible

(process:1897104): dbind-WARNING **: 20:31:37.808: AT-SPI: Unknown signature so for RemoveAccessible

(process:1897104): dbind-WARNING **: 20:31:37.808: AT-SPI: Unknown signature so for RemoveAccessible

(process:1897104): dbind-WARNING **: 20:31:37.808: AT-SPI: Unknown signature so for RemoveAccessible

(process:1897104): dbind-WARNING **: 20:31:37.808: AT-SPI: Unknown signature so for RemoveAccessible
A11Y round 1: labels, roles, focus, disabled actions, expansion, nested input and removal passed

(process:1897104): dbind-WARNING **: 20:31:38.039: AT-SPI: AddAccessible with unknown signature (so)(so)(so)iiassusau


(process:1897104): dbind-WARNING **: 20:31:38.040: AT-SPI: Unknown signature so for RemoveAccessible

(process:1897104): dbind-WARNING **: 20:31:38.040: AT-SPI: Unknown signature so for RemoveAccessible

(process:1897104): dbind-WARNING **: 20:31:38.040: AT-SPI: Unknown signature so for RemoveAccessible

(process:1897104): dbind-WARNING **: 20:31:38.040: AT-SPI: Unknown signature so for RemoveAccessible

(process:1897104): dbind-WARNING **: 20:31:38.040: AT-SPI: Unknown signature so for RemoveAccessible
A11Y breadcrumb: labels, link roles, current page announcement, inert actions, assistive and keyboard focus, activation and removal passed

(process:1897104): dbind-WARNING **: 20:31:38.075: AT-SPI: AddAccessible with unknown signature (so)(so)(so)iiassusau


(process:1897104): dbind-WARNING **: 20:31:38.075: AT-SPI: AddAccessible with unknown signature (so)(so)(so)iiassusau


(process:1897104): dbind-WARNING **: 20:31:38.075: AT-SPI: AddAccessible with unknown signature (so)(so)(so)iiassusau


(process:1897104): dbind-WARNING **: 20:31:38.075: AT-SPI: AddAccessible with unknown signature (so)(so)(so)iiassusau


(process:1897104): dbind-WARNING **: 20:31:38.075: AT-SPI: AddAccessible with unknown signature (so)(so)(so)iiassusau


(process:1897104): dbind-WARNING **: 20:31:38.075: AT-SPI: AddAccessible with unknown signature (so)(so)(so)iiassusau


(process:1897104): dbind-WARNING **: 20:31:38.075: AT-SPI: AddAccessible with unknown signature (so)(so)(so)iiassusau


(process:1897104): dbind-WARNING **: 20:31:38.075: AT-SPI: Unknown signature so for RemoveAccessible
A11Y CSS: reference labels, description, role, focus, pressed update, live announcement and hidden state passed

(process:1897104): dbind-WARNING **: 20:31:38.377: AT-SPI: AddAccessible with unknown signature (so)(so)(so)iiassusau


(process:1897104): dbind-WARNING **: 20:31:38.377: AT-SPI: AddAccessible with unknown signature (so)(so)(so)iiassusau


(process:1897104): dbind-WARNING **: 20:31:38.377: AT-SPI: AddAccessible with unknown signature (so)(so)(so)iiassusau


(process:1897104): dbind-WARNING **: 20:31:38.377: AT-SPI: Unknown signature so for RemoveAccessible

(process:1897104): dbind-WARNING **: 20:31:38.377: AT-SPI: Unknown signature so for RemoveAccessible

(process:1897104): dbind-WARNING **: 20:31:38.377: AT-SPI: Unknown signature so for RemoveAccessible

(process:1897104): dbind-WARNING **: 20:31:38.377: AT-SPI: Unknown signature so for RemoveAccessible

(process:1897104): dbind-WARNING **: 20:31:38.377: AT-SPI: Unknown signature so for RemoveAccessible

(process:1897104): dbind-WARNING **: 20:31:38.377: AT-SPI: Unknown signature so for RemoveAccessible

(process:1897104): dbind-WARNING **: 20:31:38.377: AT-SPI: Unknown signature so for RemoveAccessible
A11Y checkbox: role, distinct label, mixed/checked/unchecked speech, focus, assistive/keyboard toggles and disabled actions passed
A11Y slider: label, role, focus, numeric bounds, keyboard step and changed value speech passed

(process:1897104): dbind-WARNING **: 20:31:38.624: AT-SPI: AddAccessible with unknown signature (so)(so)(so)iiassusau


(process:1897104): dbind-WARNING **: 20:31:38.624: AT-SPI: AddAccessible with unknown signature (so)(so)(so)iiassusau


(process:1897104): dbind-WARNING **: 20:31:38.624: AT-SPI: AddAccessible with unknown signature (so)(so)(so)iiassusau


(process:1897104): dbind-WARNING **: 20:31:38.624: AT-SPI: AddAccessible with unknown signature (so)(so)(so)iiassusau


(process:1897104): dbind-WARNING **: 20:31:38.624: AT-SPI: Unknown signature so for RemoveAccessible

(process:1897104): dbind-WARNING **: 20:31:38.624: AT-SPI: Unknown signature so for RemoveAccessible

(process:1897104): dbind-WARNING **: 20:31:38.624: AT-SPI: Unknown signature so for RemoveAccessible
A11Y radio: group/option roles, labels, focus, disabled skipping, exclusive keyboard and assistive selection passed

(process:1897104): dbind-WARNING **: 20:31:38.892: AT-SPI: AddAccessible with unknown signature (so)(so)(so)iiassusau


(process:1897104): dbind-WARNING **: 20:31:38.892: AT-SPI: AddAccessible with unknown signature (so)(so)(so)iiassusau


(process:1897104): dbind-WARNING **: 20:31:38.892: AT-SPI: Unknown signature so for RemoveAccessible

(process:1897104): dbind-WARNING **: 20:31:38.892: AT-SPI: Unknown signature so for RemoveAccessible

(process:1897104): dbind-WARNING **: 20:31:38.892: AT-SPI: Unknown signature so for RemoveAccessible

(process:1897104): dbind-WARNING **: 20:31:38.892: AT-SPI: Unknown signature so for RemoveAccessible
A11Y named radios: roles, labels, focus and exclusive group selection passed

(process:1897104): dbind-WARNING **: 20:31:39.037: AT-SPI: AddAccessible with unknown signature (so)(so)(so)iiassusau


(process:1897104): dbind-WARNING **: 20:31:39.037: AT-SPI: Unknown signature so for RemoveAccessible

(process:1897104): dbind-WARNING **: 20:31:39.037: AT-SPI: Unknown signature so for RemoveAccessible

(process:1897104): dbind-WARNING **: 20:31:39.101: AT-SPI: AddAccessible with unknown signature (so)(so)(so)iiassusau


(process:1897104): dbind-WARNING **: 20:31:39.101: AT-SPI: AddAccessible with unknown signature (so)(so)(so)iiassusau


(process:1897104): dbind-WARNING **: 20:31:39.101: AT-SPI: AddAccessible with unknown signature (so)(so)(so)iiassusau


(process:1897104): dbind-WARNING **: 20:31:39.101: AT-SPI: AddAccessible with unknown signature (so)(so)(so)iiassusau


(process:1897104): dbind-WARNING **: 20:31:39.133: AT-SPI: Unknown signature so for RemoveAccessible

(process:1897104): dbind-WARNING **: 20:31:39.133: AT-SPI: Unknown signature so for RemoveAccessible

(process:1897104): dbind-WARNING **: 20:31:39.133: AT-SPI: Unknown signature so for RemoveAccessible

(process:1897104): dbind-WARNING **: 20:31:39.133: AT-SPI: Unknown signature so for RemoveAccessible

(process:1897104): dbind-WARNING **: 20:31:39.165: AT-SPI: AddAccessible with unknown signature (so)(so)(so)iiassusau


(process:1897104): dbind-WARNING **: 20:31:39.165: AT-SPI: AddAccessible with unknown signature (so)(so)(so)iiassusau


(process:1897104): dbind-WARNING **: 20:31:39.165: AT-SPI: AddAccessible with unknown signature (so)(so)(so)iiassusau


(process:1897104): dbind-WARNING **: 20:31:39.165: AT-SPI: AddAccessible with unknown signature (so)(so)(so)iiassusau


(process:1897104): dbind-WARNING **: 20:31:39.329: AT-SPI: Unknown signature so for RemoveAccessible

(process:1897104): dbind-WARNING **: 20:31:39.331: AT-SPI: Unknown signature so for RemoveAccessible

(process:1897104): dbind-WARNING **: 20:31:39.331: AT-SPI: Unknown signature so for RemoveAccessible

(process:1897104): dbind-WARNING **: 20:31:39.331: AT-SPI: Unknown signature so for RemoveAccessible

(process:1897104): dbind-WARNING **: 20:31:39.336: AT-SPI: AddAccessible with unknown signature (so)(so)(so)iiassusau


(process:1897104): dbind-WARNING **: 20:31:39.336: AT-SPI: AddAccessible with unknown signature (so)(so)(so)iiassusau


(process:1897104): dbind-WARNING **: 20:31:39.336: AT-SPI: AddAccessible with unknown signature (so)(so)(so)iiassusau


(process:1897104): dbind-WARNING **: 20:31:39.336: AT-SPI: AddAccessible with unknown signature (so)(so)(so)iiassusau


(process:1897104): dbind-WARNING **: 20:31:39.494: AT-SPI: Unknown signature so for RemoveAccessible

(process:1897104): dbind-WARNING **: 20:31:39.494: AT-SPI: Unknown signature so for RemoveAccessible

(process:1897104): dbind-WARNING **: 20:31:39.494: AT-SPI: Unknown signature so for RemoveAccessible

(process:1897104): dbind-WARNING **: 20:31:39.494: AT-SPI: Unknown signature so for RemoveAccessible

(process:1897104): dbind-WARNING **: 20:31:39.497: AT-SPI: AddAccessible with unknown signature (so)(so)(so)iiassusau


(process:1897104): dbind-WARNING **: 20:31:39.497: AT-SPI: Unknown signature so for RemoveAccessible

(process:1897104): dbind-WARNING **: 20:31:39.531: AT-SPI: AddAccessible with unknown signature (so)(so)(so)iiassusau


(process:1897104): dbind-WARNING **: 20:31:39.531: AT-SPI: AddAccessible with unknown signature (so)(so)(so)iiassusau


(process:1897104): dbind-WARNING **: 20:31:39.531: AT-SPI: AddAccessible with unknown signature (so)(so)(so)iiassusau


(process:1897104): dbind-WARNING **: 20:31:39.844: AT-SPI: Unknown signature so for RemoveAccessible

(process:1897104): dbind-WARNING **: 20:31:39.844: AT-SPI: Unknown signature so for RemoveAccessible

(process:1897104): dbind-WARNING **: 20:31:39.844: AT-SPI: Unknown signature so for RemoveAccessible
A11Y select: combo/list/option roles, labels, expansion, focus, disabled skipping, single/multiple assistive and keyboard selection with selection speech passed

(process:1897104): dbind-WARNING **: 20:31:39.879: AT-SPI: AddAccessible with unknown signature (so)(so)(so)iiassusau


(process:1897104): dbind-WARNING **: 20:31:39.879: AT-SPI: AddAccessible with unknown signature (so)(so)(so)iiassusau


(process:1897104): dbind-WARNING **: 20:31:39.879: AT-SPI: AddAccessible with unknown signature (so)(so)(so)iiassusau


(process:1897104): dbind-WARNING **: 20:31:39.879: AT-SPI: AddAccessible with unknown signature (so)(so)(so)iiassusau


(process:1897104): dbind-WARNING **: 20:31:39.879: AT-SPI: Unknown signature so for RemoveAccessible

(process:1897104): dbind-WARNING **: 20:31:39.921: AT-SPI: AddAccessible with unknown signature (so)(so)(so)iiassusau


(process:1897104): dbind-WARNING **: 20:31:39.921: AT-SPI: AddAccessible with unknown signature (so)(so)(so)iiassusau


(process:1897104): dbind-WARNING **: 20:31:39.921: AT-SPI: AddAccessible with unknown signature (so)(so)(so)iiassusau


(process:1897104): dbind-WARNING **: 20:31:39.922: AT-SPI: AddAccessible with unknown signature (so)(so)(so)iiassusau


(process:1897104): dbind-WARNING **: 20:31:39.922: AT-SPI: AddAccessible with unknown signature (so)(so)(so)iiassusau


(process:1897104): dbind-WARNING **: 20:31:39.922: AT-SPI: AddAccessible with unknown signature (so)(so)(so)iiassusau


(process:1897104): dbind-WARNING **: 20:31:39.922: AT-SPI: AddAccessible with unknown signature (so)(so)(so)iiassusau


(process:1897104): dbind-WARNING **: 20:31:39.922: AT-SPI: AddAccessible with unknown signature (so)(so)(so)iiassusau


(process:1897104): dbind-WARNING **: 20:31:40.061: AT-SPI: Unknown signature so for RemoveAccessible

(process:1897104): dbind-WARNING **: 20:31:40.061: AT-SPI: Unknown signature so for RemoveAccessible

(process:1897104): dbind-WARNING **: 20:31:40.061: AT-SPI: Unknown signature so for RemoveAccessible

(process:1897104): dbind-WARNING **: 20:31:40.061: AT-SPI: Unknown signature so for RemoveAccessible

(process:1897104): dbind-WARNING **: 20:31:40.061: AT-SPI: Unknown signature so for RemoveAccessible

(process:1897104): dbind-WARNING **: 20:31:40.061: AT-SPI: Unknown signature so for RemoveAccessible

(process:1897104): dbind-WARNING **: 20:31:40.061: AT-SPI: Unknown signature so for RemoveAccessible

(process:1897104): dbind-WARNING **: 20:31:40.061: AT-SPI: Unknown signature so for RemoveAccessible

(process:1897104): dbind-WARNING **: 20:31:40.101: AT-SPI: AddAccessible with unknown signature (so)(so)(so)iiassusau


(process:1897104): dbind-WARNING **: 20:31:40.101: AT-SPI: AddAccessible with unknown signature (so)(so)(so)iiassusau


(process:1897104): dbind-WARNING **: 20:31:40.101: AT-SPI: AddAccessible with unknown signature (so)(so)(so)iiassusau


(process:1897104): dbind-WARNING **: 20:31:40.101: AT-SPI: AddAccessible with unknown signature (so)(so)(so)iiassusau


(process:1897104): dbind-WARNING **: 20:31:40.101: AT-SPI: AddAccessible with unknown signature (so)(so)(so)iiassusau


(process:1897104): dbind-WARNING **: 20:31:40.101: AT-SPI: AddAccessible with unknown signature (so)(so)(so)iiassusau


(process:1897104): dbind-WARNING **: 20:31:40.101: AT-SPI: AddAccessible with unknown signature (so)(so)(so)iiassusau


(process:1897104): dbind-WARNING **: 20:31:40.101: AT-SPI: AddAccessible with unknown signature (so)(so)(so)iiassusau


(process:1897104): dbind-WARNING **: 20:31:40.321: AT-SPI: AddAccessible with unknown signature (so)(so)(so)iiassusau


(process:1897104): dbind-WARNING **: 20:31:40.356: AT-SPI: AddAccessible with unknown signature (so)(so)(so)iiassusau


(process:1897104): dbind-WARNING **: 20:31:40.356: AT-SPI: AddAccessible with unknown signature (so)(so)(so)iiassusau


(process:1897104): dbind-WARNING **: 20:31:40.464: AT-SPI: Unknown signature so for RemoveAccessible

(process:1897104): dbind-WARNING **: 20:31:40.464: AT-SPI: Unknown signature so for RemoveAccessible

(process:1897104): dbind-WARNING **: 20:31:40.464: AT-SPI: Unknown signature so for RemoveAccessible

(process:1897104): dbind-WARNING **: 20:31:40.464: AT-SPI: Unknown signature so for RemoveAccessible

(process:1897104): dbind-WARNING **: 20:31:40.464: AT-SPI: Unknown signature so for RemoveAccessible

(process:1897104): dbind-WARNING **: 20:31:40.464: AT-SPI: Unknown signature so for RemoveAccessible

(process:1897104): dbind-WARNING **: 20:31:40.464: AT-SPI: Unknown signature so for RemoveAccessible

(process:1897104): dbind-WARNING **: 20:31:40.464: AT-SPI: Unknown signature so for RemoveAccessible

(process:1897104): dbind-WARNING **: 20:31:40.464: AT-SPI: Unknown signature so for RemoveAccessible

(process:1897104): dbind-WARNING **: 20:31:40.464: AT-SPI: Unknown signature so for RemoveAccessible

(process:1897104): dbind-WARNING **: 20:31:40.465: AT-SPI: Unknown signature so for RemoveAccessible
A11Y menu family 1: roles, disabled actions, assistive/keyboard focus, nested activation and removal passed

(process:1897104): dbind-WARNING **: 20:31:40.502: AT-SPI: Unknown signature so for RemoveAccessible

(process:1897104): dbind-WARNING **: 20:31:40.502: AT-SPI: Unknown signature so for RemoveAccessible

(process:1897104): dbind-WARNING **: 20:31:40.502: AT-SPI: Unknown signature so for RemoveAccessible

(process:1897104): dbind-WARNING **: 20:31:40.502: AT-SPI: AddAccessible with unknown signature (so)(so)(so)iiassusau


(process:1897104): dbind-WARNING **: 20:31:40.502: AT-SPI: AddAccessible with unknown signature (so)(so)(so)iiassusau


(process:1897104): dbind-WARNING **: 20:31:40.502: AT-SPI: AddAccessible with unknown signature (so)(so)(so)iiassusau


(process:1897104): dbind-WARNING **: 20:31:40.502: AT-SPI: AddAccessible with unknown signature (so)(so)(so)iiassusau


(process:1897104): dbind-WARNING **: 20:31:40.502: AT-SPI: AddAccessible with unknown signature (so)(so)(so)iiassusau


(process:1897104): dbind-WARNING **: 20:31:40.502: AT-SPI: AddAccessible with unknown signature (so)(so)(so)iiassusau


(process:1897104): dbind-WARNING **: 20:31:40.502: AT-SPI: AddAccessible with unknown signature (so)(so)(so)iiassusau


(process:1897104): dbind-WARNING **: 20:31:40.502: AT-SPI: AddAccessible with unknown signature (so)(so)(so)iiassusau


(process:1897104): dbind-WARNING **: 20:31:40.502: AT-SPI: AddAccessible with unknown signature (so)(so)(so)iiassusau


(process:1897104): dbind-WARNING **: 20:31:40.769: AT-SPI: AddAccessible with unknown signature (so)(so)(so)iiassusau


(process:1897104): dbind-WARNING **: 20:31:40.769: AT-SPI: AddAccessible with unknown signature (so)(so)(so)iiassusau


(process:1897104): dbind-WARNING **: 20:31:40.769: AT-SPI: AddAccessible with unknown signature (so)(so)(so)iiassusau


(process:1897104): dbind-WARNING **: 20:31:40.951: AT-SPI: Unknown signature so for RemoveAccessible

(process:1897104): dbind-WARNING **: 20:31:40.951: AT-SPI: Unknown signature so for RemoveAccessible

(process:1897104): dbind-WARNING **: 20:31:40.951: AT-SPI: Unknown signature so for RemoveAccessible

(process:1897104): dbind-WARNING **: 20:31:40.965: AT-SPI: Unknown signature so for RemoveAccessible

(process:1897104): dbind-WARNING **: 20:31:40.965: AT-SPI: Unknown signature so for RemoveAccessible

(process:1897104): dbind-WARNING **: 20:31:40.965: AT-SPI: Unknown signature so for RemoveAccessible

(process:1897104): dbind-WARNING **: 20:31:40.965: AT-SPI: Unknown signature so for RemoveAccessible

(process:1897104): dbind-WARNING **: 20:31:40.965: AT-SPI: Unknown signature so for RemoveAccessible

(process:1897104): dbind-WARNING **: 20:31:40.965: AT-SPI: Unknown signature so for RemoveAccessible

(process:1897104): dbind-WARNING **: 20:31:40.965: AT-SPI: Unknown signature so for RemoveAccessible

(process:1897104): dbind-WARNING **: 20:31:40.965: AT-SPI: Unknown signature so for RemoveAccessible

(process:1897104): dbind-WARNING **: 20:31:40.965: AT-SPI: Unknown signature so for RemoveAccessible
A11Y menu family 2: roles, disabled actions, assistive/keyboard focus, nested activation and removal passed

(process:1897104): dbind-WARNING **: 20:31:41.030: AT-SPI: AddAccessible with unknown signature (so)(so)(so)iiassusau


(process:1897104): dbind-WARNING **: 20:31:41.030: AT-SPI: AddAccessible with unknown signature (so)(so)(so)iiassusau


(process:1897104): dbind-WARNING **: 20:31:41.030: AT-SPI: AddAccessible with unknown signature (so)(so)(so)iiassusau


(process:1897104): dbind-WARNING **: 20:31:41.030: AT-SPI: AddAccessible with unknown signature (so)(so)(so)iiassusau


(process:1897104): dbind-WARNING **: 20:31:41.030: AT-SPI: AddAccessible with unknown signature (so)(so)(so)iiassusau


(process:1897104): dbind-WARNING **: 20:31:41.030: AT-SPI: AddAccessible with unknown signature (so)(so)(so)iiassusau


(process:1897104): dbind-WARNING **: 20:31:41.030: AT-SPI: AddAccessible with unknown signature (so)(so)(so)iiassusau


(process:1897104): dbind-WARNING **: 20:31:41.030: AT-SPI: AddAccessible with unknown signature (so)(so)(so)iiassusau


(process:1897104): dbind-WARNING **: 20:31:41.030: AT-SPI: AddAccessible with unknown signature (so)(so)(so)iiassusau


(process:1897104): dbind-WARNING **: 20:31:41.207: AT-SPI: AddAccessible with unknown signature (so)(so)(so)iiassusau


(process:1897104): dbind-WARNING **: 20:31:41.207: AT-SPI: AddAccessible with unknown signature (so)(so)(so)iiassusau


(process:1897104): dbind-WARNING **: 20:31:41.207: AT-SPI: AddAccessible with unknown signature (so)(so)(so)iiassusau


(process:1897104): dbind-WARNING **: 20:31:41.357: AT-SPI: Unknown signature so for RemoveAccessible

(process:1897104): dbind-WARNING **: 20:31:41.358: AT-SPI: Unknown signature so for RemoveAccessible

(process:1897104): dbind-WARNING **: 20:31:41.358: AT-SPI: Unknown signature so for RemoveAccessible

(process:1897104): dbind-WARNING **: 20:31:41.358: AT-SPI: Unknown signature so for RemoveAccessible

(process:1897104): dbind-WARNING **: 20:31:41.358: AT-SPI: Unknown signature so for RemoveAccessible

(process:1897104): dbind-WARNING **: 20:31:41.358: AT-SPI: Unknown signature so for RemoveAccessible

(process:1897104): dbind-WARNING **: 20:31:41.358: AT-SPI: Unknown signature so for RemoveAccessible

(process:1897104): dbind-WARNING **: 20:31:41.358: AT-SPI: Unknown signature so for RemoveAccessible

(process:1897104): dbind-WARNING **: 20:31:41.358: AT-SPI: Unknown signature so for RemoveAccessible

(process:1897104): dbind-WARNING **: 20:31:41.358: AT-SPI: Unknown signature so for RemoveAccessible

(process:1897104): dbind-WARNING **: 20:31:41.358: AT-SPI: Unknown signature so for RemoveAccessible

(process:1897104): dbind-WARNING **: 20:31:41.358: AT-SPI: Unknown signature so for RemoveAccessible
A11Y menu family 3: roles, disabled actions, assistive/keyboard focus, nested activation and removal passed

(process:1897104): dbind-WARNING **: 20:31:41.400: AT-SPI: AddAccessible with unknown signature (so)(so)(so)iiassusau


(process:1897104): dbind-WARNING **: 20:31:41.400: AT-SPI: AddAccessible with unknown signature (so)(so)(so)iiassusau


(process:1897104): dbind-WARNING **: 20:31:41.400: AT-SPI: AddAccessible with unknown signature (so)(so)(so)iiassusau


(process:1897104): dbind-WARNING **: 20:31:41.400: AT-SPI: AddAccessible with unknown signature (so)(so)(so)iiassusau


(process:1897104): dbind-WARNING **: 20:31:41.400: AT-SPI: AddAccessible with unknown signature (so)(so)(so)iiassusau


(process:1897104): dbind-WARNING **: 20:31:41.400: AT-SPI: AddAccessible with unknown signature (so)(so)(so)iiassusau


(process:1897104): dbind-WARNING **: 20:31:41.400: AT-SPI: AddAccessible with unknown signature (so)(so)(so)iiassusau


(process:1897104): dbind-WARNING **: 20:31:41.400: AT-SPI: AddAccessible with unknown signature (so)(so)(so)iiassusau


(process:1897104): dbind-WARNING **: 20:31:41.400: AT-SPI: AddAccessible with unknown signature (so)(so)(so)iiassusau


(process:1897104): dbind-WARNING **: 20:31:41.400: AT-SPI: AddAccessible with unknown signature (so)(so)(so)iiassusau


(process:1897104): dbind-WARNING **: 20:31:41.776: AT-SPI: AddAccessible with unknown signature (so)(so)(so)iiassusau


(process:1897104): dbind-WARNING **: 20:31:41.776: AT-SPI: AddAccessible with unknown signature (so)(so)(so)iiassusau


(process:1897104): dbind-WARNING **: 20:31:41.776: AT-SPI: AddAccessible with unknown signature (so)(so)(so)iiassusau


(process:1897104): dbind-WARNING **: 20:31:41.929: AT-SPI: Unknown signature so for RemoveAccessible

(process:1897104): dbind-WARNING **: 20:31:41.929: AT-SPI: Unknown signature so for RemoveAccessible

(process:1897104): dbind-WARNING **: 20:31:41.929: AT-SPI: Unknown signature so for RemoveAccessible

(process:1897104): dbind-WARNING **: 20:31:41.929: AT-SPI: Unknown signature so for RemoveAccessible

(process:1897104): dbind-WARNING **: 20:31:41.929: AT-SPI: Unknown signature so for RemoveAccessible

(process:1897104): dbind-WARNING **: 20:31:41.929: AT-SPI: Unknown signature so for RemoveAccessible

(process:1897104): dbind-WARNING **: 20:31:41.929: AT-SPI: Unknown signature so for RemoveAccessible

(process:1897104): dbind-WARNING **: 20:31:41.929: AT-SPI: Unknown signature so for RemoveAccessible

(process:1897104): dbind-WARNING **: 20:31:41.929: AT-SPI: Unknown signature so for RemoveAccessible

(process:1897104): dbind-WARNING **: 20:31:41.929: AT-SPI: Unknown signature so for RemoveAccessible

(process:1897104): dbind-WARNING **: 20:31:41.929: AT-SPI: Unknown signature so for RemoveAccessible

(process:1897104): dbind-WARNING **: 20:31:41.929: AT-SPI: Unknown signature so for RemoveAccessible

(process:1897104): dbind-WARNING **: 20:31:41.929: AT-SPI: Unknown signature so for RemoveAccessible
A11Y menu family 4: roles, disabled actions, assistive/keyboard focus, nested activation and removal passed

(process:1897104): dbind-WARNING **: 20:31:41.962: AT-SPI: AddAccessible with unknown signature (so)(so)(so)iiassusau


(process:1897104): dbind-WARNING **: 20:31:41.962: AT-SPI: AddAccessible with unknown signature (so)(so)(so)iiassusau


(process:1897104): dbind-WARNING **: 20:31:41.962: AT-SPI: AddAccessible with unknown signature (so)(so)(so)iiassusau


(process:1897104): dbind-WARNING **: 20:31:41.962: AT-SPI: AddAccessible with unknown signature (so)(so)(so)iiassusau


(process:1897104): dbind-WARNING **: 20:31:41.962: AT-SPI: AddAccessible with unknown signature (so)(so)(so)iiassusau


(process:1897104): dbind-WARNING **: 20:31:41.962: AT-SPI: AddAccessible with unknown signature (so)(so)(so)iiassusau


(process:1897104): dbind-WARNING **: 20:31:42.052: AT-SPI: AddAccessible with unknown signature (so)(so)(so)iiassusau


(process:1897104): dbind-WARNING **: 20:31:42.052: AT-SPI: AddAccessible with unknown signature (so)(so)(so)iiassusau


(process:1897104): dbind-WARNING **: 20:31:42.052: AT-SPI: AddAccessible with unknown signature (so)(so)(so)iiassusau


(process:1897104): dbind-WARNING **: 20:31:42.236: AT-SPI: AddAccessible with unknown signature (so)(so)(so)iiassusau


(process:1897104): dbind-WARNING **: 20:31:42.236: AT-SPI: AddAccessible with unknown signature (so)(so)(so)iiassusau

A11Y round 2: simultaneous and successive App isolation, action delivery, exactly-once callbacks and adapter cleanup passed
A11Y 20:31:37.296356 - SPEECH OUTPUT: 'Account preferences accessible label' {'established': False, 'family': {'name': '', 'gender': None, 'lang': 'C', 'dialect': '', 'variant': None}}
A11Y 20:31:37.296384 - SPEECH OUTPUT: 'collapsed button.' {'established': False}
A11Y 20:31:37.460102 - SPEECH OUTPUT: 'Account preferences accessible label' {'established': False, 'family': {'name': '', 'gender': None, 'lang': 'C', 'dialect': '', 'variant': None}}
A11Y 20:31:37.497931 - SPEECH OUTPUT: 'expanded' {'established': False}
A11Y 20:31:37.554622 - SPEECH OUTPUT: 'Nested account entry' {'established': False, 'family': {'name': '', 'gender': None, 'lang': 'C', 'dialect': '', 'variant': None}}
A11Y 20:31:37.614059 - SPEECH OUTPUT: 'Privacy preferences accessible label' {'established': False, 'family': {'name': '', 'gender': None, 'lang': 'C', 'dialect': '', 'variant': None}}
A11Y 20:31:37.614108 - SPEECH OUTPUT: 'collapsed button.' {'established': False}
A11Y 20:31:37.671362 - SPEECH OUTPUT: 'expanded' {'established': False}
A11Y 20:31:37.755992 - SPEECH OUTPUT: 'Account preferences accessible label' {'established': False, 'family': {'name': '', 'gender': None, 'lang': 'C', 'dialect': '', 'variant': None}}
A11Y 20:31:37.756040 - SPEECH OUTPUT: 'collapsed button.' {'established': False}
A11Y 20:31:37.846740 - SPEECH OUTPUT: 'Breadcrumb docs accessible label' {'established': False, 'family': {'name': '', 'gender': None, 'lang': 'C', 'dialect': '', 'variant': None}}
A11Y 20:31:37.892926 - SPEECH OUTPUT: 'Breadcrumb home accessible label' {'established': False, 'family': {'name': '', 'gender': None, 'lang': 'C', 'dialect': '', 'variant': None}}
A11Y 20:31:37.955492 - SPEECH OUTPUT: 'Breadcrumb docs accessible label' {'established': False, 'family': {'name': '', 'gender': None, 'lang': 'C', 'dialect': '', 'variant': None}}
A11Y 20:31:38.011455 - SPEECH OUTPUT: 'Breadcrumb current accessible label' {'established': False, 'family': {'name': '', 'gender': None, 'lang': 'C', 'dialect': '', 'variant': None}}
A11Y 20:31:38.011498 - SPEECH OUTPUT: 'static (Current page)' {'established': False}
A11Y 20:31:38.147929 - SPEECH OUTPUT: 'Independent App action' {'established': False, 'family': {'name': '', 'gender': None, 'lang': 'C', 'dialect': '', 'variant': None}}
A11Y 20:31:38.339707 - SPEECH OUTPUT: 'Background calls 1' {'established': False}
A11Y 20:31:38.352850 - SPEECH OUTPUT: 'pressed' {'established': False}
A11Y 20:31:38.407956 - SPEECH OUTPUT: 'Notification preference' {'established': False, 'family': {'name': '', 'gender': None, 'lang': 'C', 'dialect': '', 'variant': None}}
A11Y 20:31:38.408050 - SPEECH OUTPUT: 'check box partially checked.' {'established': False}
A11Y 20:31:38.456475 - SPEECH OUTPUT: 'checked' {'established': False}
A11Y 20:31:38.488674 - SPEECH OUTPUT: 'not checked' {'established': False}
A11Y 20:31:38.541485 - SPEECH OUTPUT: 'Playback volume' {'established': False, 'family': {'name': '', 'gender': None, 'lang': 'C', 'dialect': '', 'variant': None}}
A11Y 20:31:38.722602 - SPEECH OUTPUT: 'Standard delivery' {'established': False, 'family': {'name': '', 'gender': None, 'lang': 'C', 'dialect': '', 'variant': None}}
A11Y 20:31:38.722626 - SPEECH OUTPUT: 'selected radio button.' {'established': False}
A11Y 20:31:38.797117 - SPEECH OUTPUT: 'Express delivery' {'established': False, 'family': {'name': '', 'gender': None, 'lang': 'C', 'dialect': '', 'variant': None}}
A11Y 20:31:38.797140 - SPEECH OUTPUT: 'not selected radio button.' {'established': False}
A11Y 20:31:38.846119 - SPEECH OUTPUT: 'selected' {'established': False}
A11Y 20:31:38.903427 - SPEECH OUTPUT: 'Standard delivery' {'established': False, 'family': {'name': '', 'gender': None, 'lang': 'C', 'dialect': '', 'variant': None}}
A11Y 20:31:38.903452 - SPEECH OUTPUT: 'selected radio button.' {'established': False}
A11Y 20:31:38.981214 - SPEECH OUTPUT: 'Named beta' {'established': False, 'family': {'name': '', 'gender': None, 'lang': 'C', 'dialect': '', 'variant': None}}
A11Y 20:31:38.981254 - SPEECH OUTPUT: 'not selected radio button.' {'established': False}
A11Y 20:31:39.707404 - SPEECH OUTPUT: 'selected' {'established': False}
A11Y 20:31:40.027357 - SPEECH OUTPUT: 'Enable notifications' {'established': False, 'family': {'name': '', 'gender': None, 'lang': 'C', 'dialect': '', 'variant': None}}
A11Y 20:31:40.027385 - SPEECH OUTPUT: 'check menu item not checked.' {'established': False}
A11Y 20:31:40.134363 - SPEECH OUTPUT: 'Menu file' {'established': False, 'family': {'name': '', 'gender': None, 'lang': 'C', 'dialect': '', 'variant': None}}
A11Y 20:31:40.218888 - SPEECH OUTPUT: 'Enable notifications' {'established': False, 'family': {'name': '', 'gender': None, 'lang': 'C', 'dialect': '', 'variant': None}}
A11Y 20:31:40.218930 - SPEECH OUTPUT: 'check menu item checked.' {'established': False}
A11Y 20:31:40.319422 - SPEECH OUTPUT: 'Recent menu' {'established': False, 'family': {'name': '', 'gender': None, 'lang': 'C', 'dialect': '', 'variant': None}}
A11Y 20:31:40.430321 - SPEECH OUTPUT: 'Recent document.' {'established': False, 'family': {'name': '', 'gender': None, 'lang': 'C', 'dialect': '', 'variant': None}}
A11Y 20:31:40.592335 - SPEECH OUTPUT: 'Enable notifications' {'established': False, 'family': {'name': '', 'gender': None, 'lang': 'C', 'dialect': '', 'variant': None}}
A11Y 20:31:40.592359 - SPEECH OUTPUT: 'check menu item not checked.' {'established': False}
A11Y 20:31:40.706245 - SPEECH OUTPUT: 'checked' {'established': False}
A11Y 20:31:40.776849 - SPEECH OUTPUT: 'Recent menu' {'established': False, 'family': {'name': '', 'gender': None, 'lang': 'C', 'dialect': '', 'variant': None}}
A11Y 20:31:40.865457 - SPEECH OUTPUT: 'Recent document.' {'established': False, 'family': {'name': '', 'gender': None, 'lang': 'C', 'dialect': '', 'variant': None}}
A11Y 20:31:40.896008 - SPEECH OUTPUT: 'expanded' {'established': False}
A11Y 20:31:40.991014 - SPEECH OUTPUT: 'Recent menu' {'established': False, 'family': {'name': '', 'gender': None, 'lang': 'C', 'dialect': '', 'variant': None}}
A11Y 20:31:41.124132 - SPEECH OUTPUT: 'Enable notifications' {'established': False, 'family': {'name': '', 'gender': None, 'lang': 'C', 'dialect': '', 'variant': None}}
A11Y 20:31:41.124169 - SPEECH OUTPUT: 'check menu item not checked.' {'established': False}
A11Y 20:31:41.216099 - SPEECH OUTPUT: 'Recent menu' {'established': False, 'family': {'name': '', 'gender': None, 'lang': 'C', 'dialect': '', 'variant': None}}
A11Y 20:31:41.338461 - SPEECH OUTPUT: 'Recent document.' {'established': False, 'family': {'name': '', 'gender': None, 'lang': 'C', 'dialect': '', 'variant': None}}
A11Y 20:31:41.521466 - SPEECH OUTPUT: 'Enable notifications' {'established': False, 'family': {'name': '', 'gender': None, 'lang': 'C', 'dialect': '', 'variant': None}}
A11Y 20:31:41.521492 - SPEECH OUTPUT: 'check menu item not checked.' {'established': False}
A11Y 20:31:41.676674 - SPEECH OUTPUT: 'checked' {'established': False}
A11Y 20:31:41.780147 - SPEECH OUTPUT: 'Recent menu' {'established': False, 'family': {'name': '', 'gender': None, 'lang': 'C', 'dialect': '', 'variant': None}}
A11Y 20:31:41.864453 - SPEECH OUTPUT: 'Recent document' {'established': False, 'family': {'name': '', 'gender': None, 'lang': 'C', 'dialect': '', 'variant': None}}
A11Y 20:31:41.864479 - SPEECH OUTPUT: 'check menu item not checked.' {'established': False}
A11Y 20:31:41.905182 - SPEECH OUTPUT: 'expanded' {'established': False}
A11Y 20:31:41.970714 - SPEECH OUTPUT: 'Background calls 1' {'established': False}
A11Y 20:31:42.014636 - SPEECH OUTPUT: 'Background calls 1' {'established': False}
A11Y 20:31:42.139426 - SPEECH OUTPUT: 'Account preferences accessible label' {'established': False, 'family': {'name': '', 'gender': None, 'lang': 'C', 'dialect': '', 'variant': None}}
A11Y 20:31:42.139472 - SPEECH OUTPUT: 'collapsed button.' {'established': False}
A11Y 20:31:42.222933 - SPEECH OUTPUT: 'expanded' {'established': False}
A connection to the bus can't be made
