[0.268] The --watcher command line option has been deprecated in favor of using the watcher option in kitty.conf
WATCH resize 1304025.740100196 {'old_geometry': WindowGeometry(left=0, top=0, right=0, bottom=0, xnum=0, ynum=0, spaces=Edges(left=0, top=0, right=0, bottom=0)), 'new_geometry': WindowGeometry(left=4, top=3, right=796, bottom=597, xnum=88, ynum=33, spaces=Edges(left=4, top=3, right=4, bottom=3))} images 0
screen_set_mode 1049 1
screen_reset_mode 25 1
select_graphic_rendition 40
screen_erase_in_display 2 0
screen_cursor_position 1 1
draw IMAGE PROTOCOL STAGE 0
screen_cursor_position 3 3
WATCH state {"time": 1304028.242036106, "image_count": 1, "lines": 33, "columns": 88, "image_1": {"texture_id": 3, "client_id": 1, "width": 128, "height": 64, "internal_id": 1, "refs.count": 1, "client_number": 0, "root_frame_data_loaded": true, "animation_state": 0, "is_4byte_aligned": true, "current_frame_index": 0, "root_frame_gap": 0, "animation_duration": 0, "extra_frames": [], "bytes": 32768, "sha256": "1d0c0a26ec059fa2d7d813ecbe3f7e10184b20aeb44b544b54590fbad3595ea4"}}
screen_erase_in_display 2 0
screen_cursor_position 1 1
draw IMAGE PROTOCOL STAGE 1
screen_cursor_position 9 25
screen_erase_in_display 2 0
screen_cursor_position 1 1
draw IMAGE PROTOCOL STAGE 2
select_graphic_rendition 0
screen_set_mode 25 1
screen_reset_mode 1049 1
