    Updating crates.io index
    Updating git repository `https://github.com/Uzaaft/libghostty-rs`
 Downloading crates ...
  Downloaded anstyle-wincon v3.0.10
  Downloaded anstyle v1.0.11
  Downloaded ambient-authority v0.0.2
  Downloaded cast v0.3.0
  Downloaded av1-grain v0.2.4
  Downloaded rand_core v0.9.3
  Downloaded ciborium-ll v0.2.2
  Downloaded avif-serialize v0.8.6
  Downloaded linked-hash-map v0.5.6
  Downloaded simd-adler32 v0.3.7
  Downloaded futures-macro v0.3.31
  Downloaded fastrand v2.3.0
  Downloaded siphasher v1.0.1
  Downloaded slug v0.1.6
  Downloaded time-core v0.1.4
  Downloaded tokio-macros v2.5.0
  Downloaded utf8parse v0.2.2
  Downloaded windows-targets v0.53.3
  Downloaded bit-set v0.5.3
  Downloaded colorchoice v1.0.4
  Downloaded fs-set-times v0.20.3
  Downloaded num-conv v0.1.0
  Downloaded cfg-if v1.0.3
  Downloaded clap_lex v0.7.5
  Downloaded terminal_size v0.4.3
  Downloaded futures-task v0.3.31
  Downloaded lebe v0.5.2
  Downloaded once_cell_polyfill v1.70.1
  Downloaded atty v0.2.14
  Downloaded ciborium-io v0.2.2
  Downloaded maybe-owned v0.3.4
  Downloaded futures-io v0.3.31
  Downloaded futures-sink v0.3.31
  Downloaded wasm-bindgen-macro v0.2.100
  Downloaded serial_test_derive v3.2.0
  Downloaded serial_test v3.2.0
  Downloaded anstyle-query v1.1.4
  Downloaded darling_macro v0.21.3
  Downloaded itoa v1.0.15
  Downloaded plotters-svg v0.3.7
  Downloaded is-terminal v0.4.16
  Downloaded plotters-backend v0.3.7
  Downloaded typed-arena v2.0.2
  Downloaded wasm-bindgen-shared v0.2.100
  Downloaded is_terminal_polyfill v1.70.1
  Downloaded document-features v0.2.11
  Downloaded quote v1.0.40
  Downloaded futures-core v0.3.31
  Downloaded winx v0.36.4
  Downloaded pin-utils v0.1.0
  Downloaded deranged v0.4.0
  Downloaded criterion-plot v0.5.0
  Downloaded bit-vec v0.6.3
  Downloaded shell-words v1.1.0
  Downloaded convert_case v0.7.1
  Downloaded crossterm_winapi v0.9.1
  Downloaded ravif v0.11.20
  Downloaded onig v6.5.1
  Downloaded vt100 v0.16.2
  Downloaded anes v0.1.6
  Downloaded io-lifetimes v3.0.1
  Downloaded oorandom v11.1.5
  Downloaded caseless v0.2.2
  Downloaded grid v0.18.0
  Downloaded sdd v3.0.10
  Downloaded anstyle-parse v0.2.7
  Downloaded cap-fs-ext v4.0.3
  Downloaded ipnet v2.12.2
  Downloaded lock_api v0.4.13
  Downloaded rusty-fork v0.3.0
  Downloaded entities v1.0.1
  Downloaded futures-channel v0.3.31
  Downloaded futures-executor v0.3.31
  Downloaded parking_lot v0.12.4
  Downloaded bitstream-io v2.6.0
  Downloaded ciborium v0.2.2
  Downloaded clap_derive v4.5.45
  Downloaded darling v0.21.3
  Downloaded winapi-util v0.1.10
  Downloaded lru v0.16.0
  Downloaded io-extras v0.19.0
  Downloaded once_cell v1.21.3
  Downloaded bitflags v2.11.0
  Downloaded pkg-config v0.3.32
  Downloaded accesskit v0.25.0
  Downloaded wasm-bindgen-backend v0.2.100
  Downloaded cap-std v4.0.3
  Downloaded litrs v0.4.2
  Downloaded tinytemplate v1.2.1
  Downloaded pin-project-lite v0.2.16
  Downloaded io-lifetimes v2.0.4
  Downloaded log v0.4.27
  Downloaded unicode-ident v1.0.18
  Downloaded built v0.7.7
  Downloaded wasm-bindgen v0.2.100
  Downloaded weezl v0.1.10
  Downloaded tempfile v3.21.0
  Downloaded bytemuck v1.23.2
  Downloaded futures v0.3.31
  Downloaded parking_lot_core v0.9.11
  Downloaded rgb v0.8.52
  Downloaded anstream v0.6.20
  Downloaded yaml-rust v0.4.5
  Downloaded wasm-bindgen-macro-support v0.2.100
  Downloaded clap v4.5.46
  Downloaded half v2.6.0
  Downloaded slab v0.4.11
  Downloaded anyhow v1.0.99
  Downloaded vte v0.15.0
  Downloaded bon v3.7.1
  Downloaded time-macros v0.2.22
  Downloaded tinyvec v1.10.0
  Downloaded vte v0.14.1
  Downloaded serde_derive v1.0.229
  Downloaded socket2 v0.6.0
  Downloaded getrandom v0.3.3
  Downloaded proc-macro2 v1.0.101
  Downloaded derive_more v2.0.1
  Downloaded bytes v1.10.1
  Downloaded derive_more-impl v2.0.1
  Downloaded imgref v1.11.0
  Downloaded ryu v1.0.20
  Downloaded memchr v2.7.5
  Downloaded bon-macros v3.7.1
  Downloaded darling_core v0.21.3
  Downloaded uuid v1.18.1
  Downloaded cap-primitives v4.0.3
  Downloaded slotmap v1.0.7
  Downloaded zune-jpeg v0.4.20
  Downloaded fancy-regex v0.11.0
  Downloaded serde_core v1.0.229
  Downloaded mio v1.0.4
  Downloaded bumpalo v3.19.0
  Downloaded flate2 v1.1.2
  Downloaded itertools v0.10.5
  Downloaded indexmap v2.14.2
  Downloaded rand v0.9.2
  Downloaded unicode_categories v0.1.1
  Downloaded serde v1.0.229
  Downloaded cc v1.2.34
  Downloaded criterion v0.5.1
  Downloaded plist v1.7.4
  Downloaded unicode-segmentation v1.13.3
  Downloaded crossterm v0.29.0
  Downloaded typenum v1.20.1
  Downloaded itertools v0.12.1
  Downloaded hashbrown v0.17.1
  Downloaded aho-corasick v1.1.3
  Downloaded clap_builder v4.5.46
  Downloaded deunicode v1.6.2
  Downloaded unicode-normalization v0.1.24
  Downloaded comrak v0.41.0
  Downloaded futures-util v0.3.31
  Downloaded time v0.3.41
  Downloaded exr v1.73.0
  Downloaded image v0.25.6
  Downloaded regex v1.11.2
  Downloaded plotters v0.3.7
  Downloaded taffy v0.9.1
  Downloaded rayon v1.11.0
  Downloaded scc v2.4.0
  Downloaded serde_json v1.0.143
  Downloaded proptest v1.7.0
  Downloaded quick-xml v0.38.3
  Downloaded onig_sys v69.9.1
  Downloaded jpeg-decoder v0.3.2
  Downloaded libc v0.2.189
  Downloaded zerocopy v0.8.26
  Downloaded unicode-width v0.2.1
  Downloaded syn v3.0.5
  Downloaded syn v2.0.106
  Downloaded regex-syntax v0.8.6
  Downloaded regex-automata v0.4.10
  Downloaded tokio v1.47.1
  Downloaded windows_x86_64_msvc v0.53.0
  Downloaded syntect v5.2.0
  Downloaded tiff v0.9.1
  Downloaded rav1e v0.7.1
  Downloaded windows-sys v0.60.2
   Compiling proc-macro2 v1.0.101
   Compiling unicode-ident v1.0.18
   Compiling cfg-if v1.0.3
   Compiling memchr v2.7.5
   Compiling windows_x86_64_msvc v0.53.0
   Compiling autocfg v1.5.0
   Compiling windows_x86_64_msvc v0.52.6
   Compiling num-traits v0.2.19
   Compiling windows-targets v0.53.3
   Compiling windows-sys v0.60.2
   Compiling quote v1.0.40
   Compiling crossbeam-utils v0.8.21
   Compiling windows-targets v0.52.6
   Compiling syn v2.0.106
   Compiling serde_core v1.0.229
   Compiling version_check v0.9.5
   Compiling syn v3.0.5
   Compiling once_cell v1.21.3
   Compiling serde v1.0.229
   Compiling getrandom v0.3.3
   Compiling simd-adler32 v0.3.7
   Compiling arrayvec v0.7.6
   Compiling serde_derive v1.0.229
   Compiling crossbeam-epoch v0.9.18
   Compiling windows-sys v0.59.0
   Compiling either v1.15.0
   Compiling rayon-core v1.13.0
   Compiling crossbeam-deque v0.8.6
   Compiling bitflags v2.11.0
   Compiling strsim v0.11.1
   Compiling libc v0.2.189
   Compiling crc32fast v1.5.0
   Compiling adler2 v2.0.1
   Compiling fnv v1.0.7
   Compiling smallvec v1.15.1
   Compiling miniz_oxide v0.8.9
   Compiling equator-macro v0.4.2
   Compiling itoa v1.0.15
   Compiling thiserror v1.0.69
   Compiling equator v0.4.2
   Compiling thiserror-impl v1.0.69
   Compiling num-integer v0.1.46
   Compiling regex-syntax v0.8.6
   Compiling shlex v1.3.0
   Compiling anyhow v1.0.99
   Compiling aligned-vec v0.6.4
   Compiling cc v1.2.34
   Compiling num-bigint v0.4.6
   Compiling rayon v1.11.0
   Compiling flate2 v1.1.2
   Compiling generic-array v0.14.7
   Compiling lock_api v0.4.13
   Compiling aho-corasick v1.1.3
   Compiling half v2.6.0
   Compiling built v0.7.7
   Compiling paste v1.0.15
   Compiling utf8parse v0.2.2
   Compiling windows_x86_64_msvc v0.48.5
   Compiling minimal-lexical v0.2.1
   Compiling pkg-config v0.3.32
   Compiling parking_lot_core v0.9.11
   Compiling once_cell_polyfill v1.70.1
   Compiling equivalent v1.0.2
   Compiling anstyle v1.0.11
   Compiling serde_json v1.0.143
   Compiling io-lifetimes v3.0.1
   Compiling log v0.4.27
   Compiling ident_case v1.0.1
   Compiling io-lifetimes v2.0.4
   Compiling futures-core v0.3.31
   Compiling darling_core v0.21.3
   Compiling onig_sys v69.9.1
   Compiling anstyle-wincon v3.0.10
   Compiling nom v7.1.3
   Compiling regex-automata v0.4.10
   Compiling rav1e v0.7.1
   Compiling anstyle-parse v0.2.7
   Compiling num-rational v0.4.2
   Compiling v_frame v0.3.9
   Compiling profiling-procmacros v1.0.17
   Compiling slotmap v1.0.7
   Compiling anstyle-query v1.1.4
   Compiling winapi-util v0.1.10
   Compiling scopeguard v1.2.0
   Compiling powerfmt v0.2.0
   Compiling bitflags v1.3.2
   Compiling is_terminal_polyfill v1.70.1
   Compiling pin-project-lite v0.2.16
   Compiling io-extras v0.19.0
   Compiling rustversion v1.0.22
   Compiling ryu v1.0.20
   Compiling typenum v1.20.1
   Compiling windows-link v0.2.1
   Compiling new_debug_unreachable v1.0.6
   Compiling prettyplease v0.2.37
   Compiling colorchoice v1.0.4
   Compiling unicode-segmentation v1.13.3
   Compiling winapi v0.3.9
   Compiling anstream v0.6.20
   Compiling deranged v0.4.0
   Compiling same-file v1.0.6
   Compiling profiling v1.0.17
   Compiling av1-grain v0.2.4
   Compiling regex v1.11.2
   Compiling darling_macro v0.21.3
   Compiling maybe-rayon v0.1.1
   Compiling itertools v0.12.1
   Compiling num-derive v0.4.2
   Compiling arg_enum_proc_macro v0.3.4
   Compiling simd_helpers v0.1.0
   Compiling terminal_size v0.4.3
   Compiling bitstream-io v2.6.0
   Compiling heck v0.5.0
   Compiling imgref v1.11.0
   Compiling time-core v0.1.4
   Compiling hashbrown v0.17.1
   Compiling tinyvec_macros v0.1.1
   Compiling bit-vec v0.6.3
   Compiling zerocopy v0.8.26
   Compiling quick-error v2.0.1
   Compiling futures-sink v0.3.31
   Compiling weezl v0.1.10
   Compiling clap_lex v0.7.5
   Compiling cap-primitives v4.0.3
   Compiling noop_proc_macro v0.3.0
   Compiling num-conv v0.1.0
   Compiling time v0.3.41
   Compiling clap_builder v4.5.46
   Compiling futures-channel v0.3.31
   Compiling indexmap v2.14.2
   Compiling bit-set v0.5.3
   Compiling tinyvec v1.10.0
   Compiling loop9 v0.1.5
   Compiling clap_derive v4.5.45
   Compiling darling v0.21.3
   Compiling fs-set-times v0.20.3
   Compiling parking_lot v0.12.4
   Compiling windows-targets v0.48.5
   Compiling walkdir v2.5.0
   Compiling convert_case v0.7.1
   Compiling windows-sys v0.61.2
   Compiling winx v0.36.4
   Compiling rand_core v0.9.3
   Compiling avif-serialize v0.8.6
   Compiling fdeflate v0.3.7
   Compiling zune-inflate v0.2.54
   Compiling quick-xml v0.38.3
   Compiling futures-task v0.3.31
   Compiling jpeg-decoder v0.3.2
   Compiling lebe v0.5.2
   Compiling slab v0.4.11
   Compiling pin-utils v0.1.0
   Compiling bytemuck v1.23.2
   Compiling zune-core v0.4.12
   Compiling bit_field v0.10.3
   Compiling base64 v0.22.1
   Compiling maybe-owned v0.3.4
   Compiling fastrand v2.3.0
   Compiling linked-hash-map v0.5.6
   Compiling futures-io v0.3.31
   Compiling ipnet v2.12.2
   Compiling rgb v0.8.52
   Compiling ambient-authority v0.0.2
   Compiling cap-std v4.0.3
   Compiling byteorder-lite v0.1.0
   Compiling color_quant v1.1.0
   Compiling gif v0.13.3
   Compiling image-webp v0.2.4
   Compiling futures-util v0.3.31
   Compiling yaml-rust v0.4.5
   Compiling tempfile v3.21.0
   Compiling plist v1.7.4
   Compiling exr v1.73.0
   Compiling ravif v0.11.20
   Compiling zune-jpeg v0.4.20
   Compiling qoi v0.4.1
   Compiling tiff v0.9.1
   Compiling png v0.17.16
   Compiling derive_more-impl v2.0.1
   Compiling bon-macros v3.7.1
   Compiling windows-sys v0.48.0
   Compiling clap v4.5.46
   Compiling unicode-normalization v0.1.24
   Compiling fancy-regex v0.11.0
   Compiling onig v6.5.1
   Compiling block-buffer v0.10.4
   Compiling crypto-common v0.1.7
   Compiling bincode v1.3.3
   Compiling ciborium-io v0.2.2
   Compiling plotters-backend v0.3.7
   Compiling deunicode v1.6.2
   Compiling option-ext v0.2.0
   Compiling cap-fs-ext v4.0.3
   Compiling allocator-api2 v0.2.21
   Compiling litrs v0.4.2
   Compiling siphasher v1.0.1
   Compiling foldhash v0.1.5
   Compiling document-features v0.2.11
   Compiling hashbrown v0.15.5
   Compiling phf_shared v0.11.3
   Compiling slug v0.1.6
   Compiling dirs-sys v0.4.1
   Compiling syntect v5.2.0
   Compiling plotters-svg v0.3.7
   Compiling bon v3.7.1
   Compiling ciborium-ll v0.2.2
   Compiling digest v0.10.7
   Compiling ppv-lite86 v0.2.21
   Compiling caseless v0.2.2
   Compiling derive_more v2.0.1
   Compiling image v0.25.6
   Compiling futures-executor v0.3.31
   Compiling crossterm_winapi v0.9.1
   Compiling taffy v0.13.0
   Compiling uuid v1.18.1
   Compiling socket2 v0.6.0
   Compiling mio v1.0.4
   Compiling itertools v0.10.5
   Compiling tokio-macros v2.5.0
   Compiling vte v0.15.0
   Compiling vte v0.14.1
   Compiling cast v0.3.0
   Compiling unicode-width v0.2.1
   Compiling unicode-properties v0.1.4
   Compiling quick-error v1.2.3
   Compiling unicode_categories v0.1.1
   Compiling lazy_static v1.5.0
   Compiling cpufeatures v0.2.17
   Compiling reactive-tui v0.0.7 (C:\Users\shawn\AppData\Local\Temp\reactive-api011-981f8c77cb15)
   Compiling bytes v1.10.1
   Compiling shell-words v1.1.0
   Compiling grid v0.18.0
   Compiling precomputed-hash v0.1.1
   Compiling typed-arena v2.0.2
   Compiling bit-vec v0.8.0
   Compiling entities v1.0.1
   Compiling wait-timeout v0.2.1
   Compiling sdd v3.0.10
   Compiling rusty-fork v0.3.0
   Compiling bit-set v0.8.0
   Compiling scc v2.4.0
   Compiling comrak v0.41.0
   Compiling string_cache v0.8.9
   Compiling taffy v0.9.1
   Compiling tokio v1.47.1
   Compiling sha2 v0.10.9
   Compiling suprtui v0.1.0 (C:\Users\shawn\AppData\Local\Temp\reactive-api011-981f8c77cb15\src\backend\engine)
   Compiling vt100 v0.16.2
   Compiling criterion-plot v0.5.0
   Compiling accesskit v0.25.0
   Compiling crossterm v0.29.0
   Compiling futures v0.3.31
   Compiling rand_chacha v0.9.0
   Compiling ciborium v0.2.2
   Compiling plotters v0.3.7
   Compiling dirs v5.0.1
   Compiling lru v0.16.0
   Compiling rand v0.9.2
   Compiling rand_xorshift v0.4.0
   Compiling atty v0.2.14
   Compiling tinytemplate v1.2.1
   Compiling libloading v0.8.9
   Compiling is-terminal v0.4.16
   Compiling serial_test_derive v3.2.0
   Compiling reactive-tui-macros v0.1.0 (C:\Users\shawn\AppData\Local\Temp\reactive-api011-981f8c77cb15\reactive-tui-macros)
   Compiling oorandom v11.1.5
   Compiling anes v0.1.6
   Compiling unarray v0.1.4
   Compiling proptest v1.7.0
   Compiling criterion v0.5.1
   Compiling serial_test v3.2.0
warning: unused import: `std::os::windows::io::AsRawHandle`
  --> src\core\capabilities.rs:12:5
   |
12 | use std::os::windows::io::AsRawHandle;
   |     ^^^^^^^^^^^^^^^^^^^^^^^^^^^^^^^^^
   |
   = note: `#[warn(unused_imports)]` (part of `#[warn(unused)]`) on by default

warning: unused import: `crate::terminal::TerminalConfig`
 --> src\terminal\pty\tests.rs:2:5
  |
2 | use crate::terminal::TerminalConfig;
  |     ^^^^^^^^^^^^^^^^^^^^^^^^^^^^^^^

warning: unused import: `std::time::Duration`
 --> src\terminal\pty\tests.rs:3:5
  |
3 | use std::time::Duration;
  |     ^^^^^^^^^^^^^^^^^^^

warning: falling back to `f32` as the trait bound `f32: From<f64>` is not satisfied
    --> src\layout\style.rs:1507:83
     |
1507 |                 .map(|_| GridTemplateComponent::from(TrackSizingFunction::from_fr(1.0)))
     |                                                                                   ^^^ help: explicitly specify the type as `f32`: `1.0_f32`
     |
     = warning: this was previously accepted by the compiler but is being phased out; it will become a hard error in a future release!
     = note: for more information, see issue #154024 <https://github.com/rust-lang/rust/issues/154024>
     = note: `#[warn(float_literal_f32_fallback)]` (part of `#[warn(future_incompatible)]`) on by default

warning: falling back to `f32` as the trait bound `f32: From<f64>` is not satisfied
    --> src\layout\style.rs:1513:83
     |
1513 |                 .map(|_| GridTemplateComponent::from(TrackSizingFunction::from_fr(1.0)))
     |                                                                                   ^^^ help: explicitly specify the type as `f32`: `1.0_f32`
     |
     = warning: this was previously accepted by the compiler but is being phased out; it will become a hard error in a future release!
     = note: for more information, see issue #154024 <https://github.com/rust-lang/rust/issues/154024>

warning: variable does not need to be mutable
    --> src\platform\mod.rs:1199:13
     |
1199 |         let mut buffer = [0u8; 8192];
     |             ----^^^^^^
     |             |
     |             help: remove this `mut`
     |
     = note: `#[warn(unused_mut)]` (part of `#[warn(unused)]`) on by default

warning: variable does not need to be mutable
    --> src\platform\mod.rs:1200:13
     |
1200 |         let mut total_read = 0;
     |             ----^^^^^^^^^^
     |             |
     |             help: remove this `mut`

warning: method `serial` is never used
  --> src\event\router.rs:84:19
   |
83 | impl NodeId {
   | ----------- method in this implementation
84 |     pub(crate) fn serial(self) -> usize {
   |                   ^^^^^^
   |
   = note: `#[warn(dead_code)]` (part of `#[warn(unused)]`) on by default

warning: field `parser` is never read
   --> src\platform\mod.rs:474:5
    |
471 | pub struct DirectTty {
    |            --------- field in this struct
...
474 |     parser: parser::EscapeSequenceParser,
    |     ^^^^^^

warning: `reactive-tui` (lib) generated 7 warnings (run `cargo fix --lib -p reactive-tui` to apply 5 suggestions)
warning: `reactive-tui` (lib test) generated 9 warnings (7 duplicates) (run `cargo fix --lib -p reactive-tui --tests` to apply 2 suggestions)
    Finished `test` profile [unoptimized + debuginfo] target(s) in 5m 15s
  Executable unittests src\lib.rs (target\debug\deps\reactive_tui-ec8edf26cc25a43d.exe)
  Executable tests\api_widget_behavior.rs (target\debug\deps\api_widget_behavior-d48242db5af9aa99.exe)
