A11Y # GNOME Terminal 3.58.0 using VTE 0.84.0 +BIDI +GNUTLS +ICU +SYSTEMD
A11Y Orca version 50.1.2, AT-SPI2 version: 2.60.0, Session: x11 gnome
A11Y isolated X11/Xvfb viewport 32x10
A11Y round 1: labels, roles, focus, disabled actions, expansion, nested input and removal passed
A11Y breadcrumb: labels, link roles, current page announcement, inert actions, assistive and keyboard focus, activation and removal passed
A11Y CSS: reference labels, description, role, focus, pressed update, live announcement and hidden state passed
A11Y checkbox: role, distinct label, mixed/checked/unchecked speech, focus, assistive/keyboard toggles and disabled actions passed
A11Y slider: label, role, focus, numeric bounds, keyboard step and changed value speech passed
A11Y radio: group/option roles, labels, focus, disabled skipping, exclusive keyboard and assistive selection passed
A11Y named radios: roles, labels, focus and exclusive group selection passed
A11Y select: combo/list/option roles, labels, expansion, focus, disabled skipping, single/multiple assistive and keyboard selection with selection speech passed
A11Y menu family 1: roles, disabled actions, assistive/keyboard focus, nested activation and removal passed
A11Y menu family 2: roles, disabled actions, assistive/keyboard focus, nested activation and removal passed
A11Y menu family 3: roles, disabled actions, assistive/keyboard focus, nested activation and removal passed
A11Y menu family 4: roles, disabled actions, assistive/keyboard focus, nested activation and removal passed
A11Y round 2: simultaneous and successive App isolation, action delivery, exactly-once callbacks and adapter cleanup passed
A11Y 10:30:54.453021 - SPEECH OUTPUT: 'Account preferences accessible label' {'established': False, 'family': {'name': '', 'gender': None, 'lang': 'C', 'dialect': '', 'variant': None}}
A11Y 10:30:54.459582 - SPEECH OUTPUT: 'collapsed button.' {'established': False}
A11Y 10:30:54.660097 - SPEECH OUTPUT: 'Account preferences accessible label' {'established': False, 'family': {'name': '', 'gender': None, 'lang': 'C', 'dialect': '', 'variant': None}}
A11Y 10:30:54.720776 - SPEECH OUTPUT: 'expanded' {'established': False}
A11Y 10:30:54.778774 - SPEECH OUTPUT: 'Nested account entry' {'established': False, 'family': {'name': '', 'gender': None, 'lang': 'C', 'dialect': '', 'variant': None}}
A11Y 10:30:54.833856 - SPEECH OUTPUT: 'Privacy preferences accessible label' {'established': False, 'family': {'name': '', 'gender': None, 'lang': 'C', 'dialect': '', 'variant': None}}
A11Y 10:30:54.834159 - SPEECH OUTPUT: 'collapsed button.' {'established': False}
A11Y 10:30:54.893846 - SPEECH OUTPUT: 'expanded' {'established': False}
A11Y 10:30:54.986302 - SPEECH OUTPUT: 'Account preferences accessible label' {'established': False, 'family': {'name': '', 'gender': None, 'lang': 'C', 'dialect': '', 'variant': None}}
A11Y 10:30:54.986614 - SPEECH OUTPUT: 'collapsed button.' {'established': False}
A11Y 10:30:55.085904 - SPEECH OUTPUT: 'Breadcrumb docs accessible label' {'established': False, 'family': {'name': '', 'gender': None, 'lang': 'C', 'dialect': '', 'variant': None}}
A11Y 10:30:55.134919 - SPEECH OUTPUT: 'Breadcrumb home accessible label' {'established': False, 'family': {'name': '', 'gender': None, 'lang': 'C', 'dialect': '', 'variant': None}}
A11Y 10:30:55.224177 - SPEECH OUTPUT: 'Breadcrumb docs accessible label' {'established': False, 'family': {'name': '', 'gender': None, 'lang': 'C', 'dialect': '', 'variant': None}}
A11Y 10:30:55.286073 - SPEECH OUTPUT: 'Breadcrumb current accessible label' {'established': False, 'family': {'name': '', 'gender': None, 'lang': 'C', 'dialect': '', 'variant': None}}
A11Y 10:30:55.286361 - SPEECH OUTPUT: 'static (Current page)' {'established': False}
A11Y 10:30:55.441562 - SPEECH OUTPUT: 'Independent App action' {'established': False, 'family': {'name': '', 'gender': None, 'lang': 'C', 'dialect': '', 'variant': None}}
A11Y 10:30:55.638826 - SPEECH OUTPUT: 'Background calls 1' {'established': False}
A11Y 10:30:55.656959 - SPEECH OUTPUT: 'pressed' {'established': False}
A11Y 10:30:55.724766 - SPEECH OUTPUT: 'Notification preference' {'established': False, 'family': {'name': '', 'gender': None, 'lang': 'C', 'dialect': '', 'variant': None}}
A11Y 10:30:55.725127 - SPEECH OUTPUT: 'check box partially checked.' {'established': False}
A11Y 10:30:55.794009 - SPEECH OUTPUT: 'checked' {'established': False}
A11Y 10:30:55.842412 - SPEECH OUTPUT: 'not checked' {'established': False}
A11Y 10:30:55.920831 - SPEECH OUTPUT: 'Playback volume' {'established': False, 'family': {'name': '', 'gender': None, 'lang': 'C', 'dialect': '', 'variant': None}}
A11Y 10:30:56.120588 - SPEECH OUTPUT: 'Standard delivery' {'established': False, 'family': {'name': '', 'gender': None, 'lang': 'C', 'dialect': '', 'variant': None}}
A11Y 10:30:56.126143 - SPEECH OUTPUT: 'selected radio button.' {'established': False}
A11Y 10:30:56.191767 - SPEECH OUTPUT: 'Express delivery' {'established': False, 'family': {'name': '', 'gender': None, 'lang': 'C', 'dialect': '', 'variant': None}}
A11Y 10:30:56.199108 - SPEECH OUTPUT: 'not selected radio button.' {'established': False}
A11Y 10:30:56.263402 - SPEECH OUTPUT: 'selected' {'established': False}
A11Y 10:30:56.319295 - SPEECH OUTPUT: 'Standard delivery' {'established': False, 'family': {'name': '', 'gender': None, 'lang': 'C', 'dialect': '', 'variant': None}}
A11Y 10:30:56.323487 - SPEECH OUTPUT: 'selected radio button.' {'established': False}
A11Y 10:30:56.388045 - SPEECH OUTPUT: 'Named beta' {'established': False, 'family': {'name': '', 'gender': None, 'lang': 'C', 'dialect': '', 'variant': None}}
A11Y 10:30:56.388339 - SPEECH OUTPUT: 'not selected radio button.' {'established': False}
A11Y 10:30:57.067375 - SPEECH OUTPUT: 'selected' {'established': False}
A11Y 10:30:57.287491 - SPEECH OUTPUT: 'Menu file' {'established': False, 'family': {'name': '', 'gender': None, 'lang': 'C', 'dialect': '', 'variant': None}}
A11Y 10:30:57.345603 - SPEECH OUTPUT: 'Enable notifications' {'established': False, 'family': {'name': '', 'gender': None, 'lang': 'C', 'dialect': '', 'variant': None}}
A11Y 10:30:57.350274 - SPEECH OUTPUT: 'check menu item not checked.' {'established': False}
A11Y 10:30:57.420860 - SPEECH OUTPUT: 'Menu file' {'established': False, 'family': {'name': '', 'gender': None, 'lang': 'C', 'dialect': '', 'variant': None}}
A11Y 10:30:57.490650 - SPEECH OUTPUT: 'Enable notifications' {'established': False, 'family': {'name': '', 'gender': None, 'lang': 'C', 'dialect': '', 'variant': None}}
A11Y 10:30:57.494496 - SPEECH OUTPUT: 'check menu item checked.' {'established': False}
A11Y 10:30:57.551696 - SPEECH OUTPUT: 'expanded' {'established': False}
A11Y 10:30:57.588007 - SPEECH OUTPUT: 'Recent menu' {'established': False, 'family': {'name': '', 'gender': None, 'lang': 'C', 'dialect': '', 'variant': None}}
A11Y 10:30:57.658715 - SPEECH OUTPUT: 'Recent document.' {'established': False, 'family': {'name': '', 'gender': None, 'lang': 'C', 'dialect': '', 'variant': None}}
A11Y 10:30:57.681515 - SPEECH OUTPUT: 'expanded' {'established': False}
A11Y 10:30:57.785616 - SPEECH OUTPUT: 'Enable notifications' {'established': False, 'family': {'name': '', 'gender': None, 'lang': 'C', 'dialect': '', 'variant': None}}
A11Y 10:30:57.789216 - SPEECH OUTPUT: 'check menu item not checked.' {'established': False}
A11Y 10:30:57.840205 - SPEECH OUTPUT: 'Recent menu' {'established': False, 'family': {'name': '', 'gender': None, 'lang': 'C', 'dialect': '', 'variant': None}}
A11Y 10:30:57.914269 - SPEECH OUTPUT: 'Enable notifications' {'established': False, 'family': {'name': '', 'gender': None, 'lang': 'C', 'dialect': '', 'variant': None}}
A11Y 10:30:57.915607 - SPEECH OUTPUT: 'check menu item checked.' {'established': False}
A11Y 10:30:58.023016 - SPEECH OUTPUT: 'Recent menu' {'established': False, 'family': {'name': '', 'gender': None, 'lang': 'C', 'dialect': '', 'variant': None}}
A11Y 10:30:58.117313 - SPEECH OUTPUT: 'Recent document.' {'established': False, 'family': {'name': '', 'gender': None, 'lang': 'C', 'dialect': '', 'variant': None}}
A11Y 10:30:58.162560 - SPEECH OUTPUT: 'expanded' {'established': False}
A11Y 10:30:58.304493 - SPEECH OUTPUT: 'Enable notifications' {'established': False, 'family': {'name': '', 'gender': None, 'lang': 'C', 'dialect': '', 'variant': None}}
A11Y 10:30:58.308155 - SPEECH OUTPUT: 'check menu item not checked.' {'established': False}
A11Y 10:30:58.364896 - SPEECH OUTPUT: 'Recent menu' {'established': False, 'family': {'name': '', 'gender': None, 'lang': 'C', 'dialect': '', 'variant': None}}
A11Y 10:30:58.509483 - SPEECH OUTPUT: 'Recent document.' {'established': False, 'family': {'name': '', 'gender': None, 'lang': 'C', 'dialect': '', 'variant': None}}
A11Y 10:30:58.646064 - SPEECH OUTPUT: 'Enable notifications' {'established': False, 'family': {'name': '', 'gender': None, 'lang': 'C', 'dialect': '', 'variant': None}}
A11Y 10:30:58.651598 - SPEECH OUTPUT: 'check menu item not checked.' {'established': False}
A11Y 10:30:58.700022 - SPEECH OUTPUT: 'Recent menu' {'established': False, 'family': {'name': '', 'gender': None, 'lang': 'C', 'dialect': '', 'variant': None}}
A11Y 10:30:58.754595 - SPEECH OUTPUT: 'Enable notifications' {'established': False, 'family': {'name': '', 'gender': None, 'lang': 'C', 'dialect': '', 'variant': None}}
A11Y 10:30:58.754919 - SPEECH OUTPUT: 'check menu item checked.' {'established': False}
A11Y 10:30:58.854762 - SPEECH OUTPUT: 'Recent menu' {'established': False, 'family': {'name': '', 'gender': None, 'lang': 'C', 'dialect': '', 'variant': None}}
A11Y 10:30:58.927216 - SPEECH OUTPUT: 'Recent document' {'established': False, 'family': {'name': '', 'gender': None, 'lang': 'C', 'dialect': '', 'variant': None}}
A11Y 10:30:58.932974 - SPEECH OUTPUT: 'check menu item not checked.' {'established': False}
A11Y 10:30:58.957768 - SPEECH OUTPUT: 'expanded' {'established': False}
A11Y 10:30:58.991386 - SPEECH OUTPUT: 'checked' {'established': False}
A11Y 10:30:59.065357 - SPEECH OUTPUT: 'Background calls 1' {'established': False}
A11Y 10:30:59.128443 - SPEECH OUTPUT: 'Background calls 1' {'established': False}
A11Y 10:30:59.256435 - SPEECH OUTPUT: 'Account preferences accessible label' {'established': False, 'family': {'name': '', 'gender': None, 'lang': 'C', 'dialect': '', 'variant': None}}
A11Y 10:30:59.257007 - SPEECH OUTPUT: 'collapsed button.' {'established': False}
Orca diagnostic logs: /home/shawn/workspace2/scratchpads/tmp/rtui-orca-hx9169mo
