warning: unnecessary parentheses around closure body
  --> src/backend/crossterm/src/terminal/sys/unix.rs:87:50
   |
87 |     let file = File::open("/dev/tty").map(|file| (FileDesc::Owned(file.into())));
   |                                                  ^                            ^
   |
   = note: `#[warn(unused_parens)]` (part of `#[warn(unused)]`) on by default
help: remove these parentheses
   |
87 -     let file = File::open("/dev/tty").map(|file| (FileDesc::Owned(file.into())));
87 +     let file = File::open("/dev/tty").map(|file| FileDesc::Owned(file.into()));
   |

warning: `crossterm` (lib) generated 1 warning (run `cargo fix --lib -p crossterm` to apply 1 suggestion)
   Compiling reactive-tui v0.0.7 (/home/shawn/workspace2/reactive-tui)
error[E0277]: the trait bound `B: zvariant::Type` is not satisfied
   --> src/accessibility/platform/unix/atspi/bus.rs:459:17
    |
453 |             .emit_signal(
    |              ----------- required by a bound introduced by this call
...
459 |                 &(body,),
    |                 ^^^^^^^^ the trait `zvariant::Type` is not implemented for `B`
    |
    = note: required for `&B` to implement `zvariant::Type`
    = note: 1 redundant requirement hidden
    = note: required for `(&B,)` to implement `zvariant::Type`
    = note: required for `(&B,)` to implement `DynamicType`
note: required by a bound in `zbus::Connection::emit_signal`
   --> /home/shawn/.cargo/registry/src/index.crates.io-1949cf8c6b5b557f/zbus-5.19.0/src/connection/mod.rs:361:36
    |
344 |     pub async fn emit_signal<'d, 'p, 'i, 'm, D, P, I, M, B>(
    |                  ----------- required by a bound in this associated function
...
361 |         B: serde::ser::Serialize + zvariant::DynamicType,
    |                                    ^^^^^^^^^^^^^^^^^^^^^ required by this bound in `Connection::emit_signal`
help: consider further restricting type parameter `B` with trait `Type`
    |
450 |         B: serde::Serialize + zbus::zvariant::DynamicType + zvariant::Type,
    |                                                           ++++++++++++++++

error[E0277]: the trait bound `B: zvariant::Type` is not satisfied
   --> src/accessibility/platform/unix/atspi/bus.rs:452:9
    |
452 | /         self.conn
453 | |             .emit_signal(
454 | |                 Option::<BusName>::None,
455 | |                 cache_path(),
...   |
459 | |                 &(body,),
460 | |             )
    | |_____________^ the trait `zvariant::Type` is not implemented for `B`
    |
    = note: required for `&B` to implement `zvariant::Type`
    = note: 1 redundant requirement hidden
    = note: required for `(&B,)` to implement `zvariant::Type`
    = note: required for `(&B,)` to implement `DynamicType`
note: required by a bound in `zbus::Connection::emit_signal`
   --> /home/shawn/.cargo/registry/src/index.crates.io-1949cf8c6b5b557f/zbus-5.19.0/src/connection/mod.rs:361:36
    |
344 |     pub async fn emit_signal<'d, 'p, 'i, 'm, D, P, I, M, B>(
    |                  ----------- required by a bound in this associated function
...
361 |         B: serde::ser::Serialize + zvariant::DynamicType,
    |                                    ^^^^^^^^^^^^^^^^^^^^^ required by this bound in `Connection::emit_signal`
help: consider further restricting type parameter `B` with trait `Type`
    |
450 |         B: serde::Serialize + zbus::zvariant::DynamicType + zvariant::Type,
    |                                                           ++++++++++++++++

error[E0277]: the trait bound `B: zvariant::Type` is not satisfied
   --> src/accessibility/platform/unix/atspi/bus.rs:461:14
    |
461 |             .await
    |              ^^^^^ the trait `zvariant::Type` is not implemented for `B`
    |
    = note: required for `&B` to implement `zvariant::Type`
    = note: 1 redundant requirement hidden
    = note: required for `(&B,)` to implement `zvariant::Type`
    = note: required for `(&B,)` to implement `DynamicType`
note: required by a bound in `zbus::Connection::emit_signal`
   --> /home/shawn/.cargo/registry/src/index.crates.io-1949cf8c6b5b557f/zbus-5.19.0/src/connection/mod.rs:361:36
    |
344 |     pub async fn emit_signal<'d, 'p, 'i, 'm, D, P, I, M, B>(
    |                  ----------- required by a bound in this associated function
...
361 |         B: serde::ser::Serialize + zvariant::DynamicType,
    |                                    ^^^^^^^^^^^^^^^^^^^^^ required by this bound in `Connection::emit_signal`
help: consider further restricting type parameter `B` with trait `Type`
    |
450 |         B: serde::Serialize + zbus::zvariant::DynamicType + zvariant::Type,
    |                                                           ++++++++++++++++

For more information about this error, try `rustc --explain E0277`.
error: could not compile `reactive-tui` (lib) due to 3 previous errors
