
(orca:2985639): dbind-WARNING **: 10:21:50.917: AT-SPI: AddAccessible with unknown signature (so)(so)(so)iiassusau


(orca:2985639): dbind-WARNING **: 10:21:50.917: AT-SPI: AddAccessible with unknown signature (so)(so)(so)iiassusau


(orca:2985639): dbind-WARNING **: 10:21:50.917: AT-SPI: AddAccessible with unknown signature (so)(so)(so)iiassusau


(orca:2985639): dbind-WARNING **: 10:21:50.918: AT-SPI: AddAccessible with unknown signature (so)(so)(so)iiassusau


(orca:2985639): dbind-WARNING **: 10:21:50.918: AT-SPI: AddAccessible with unknown signature (so)(so)(so)iiassusau


(orca:2985639): dbind-WARNING **: 10:21:50.918: AT-SPI: AddAccessible with unknown signature (so)(so)(so)iiassusau


(orca:2985639): dbind-WARNING **: 10:21:50.918: AT-SPI: AddAccessible with unknown signature (so)(so)(so)iiassusau


(orca:2985639): dbind-WARNING **: 10:21:50.937: AT-SPI: AddAccessible with unknown signature (so)(so)(so)iiassusau


(orca:2985639): dbind-WARNING **: 10:21:50.937: AT-SPI: AddAccessible with unknown signature (so)(so)(so)iiassusau


(orca:2985639): dbind-WARNING **: 10:21:50.937: AT-SPI: AddAccessible with unknown signature (so)(so)(so)iiassusau


(orca:2985639): dbind-WARNING **: 10:21:51.020: AT-SPI: AddAccessible with unknown signature (so)(so)(so)iiassusau


(orca:2985639): dbind-WARNING **: 10:21:51.025: AT-SPI: Unknown signature so for RemoveAccessible

(orca:2985639): dbind-WARNING **: 10:21:51.025: AT-SPI: Unknown signature so for RemoveAccessible

(orca:2985639): dbind-WARNING **: 10:21:51.025: AT-SPI: Unknown signature so for RemoveAccessible

(orca:2985639): dbind-WARNING **: 10:21:51.030: AT-SPI: AddAccessible with unknown signature (so)(so)(so)iiassusau


(orca:2985639): dbind-WARNING **: 10:21:51.030: AT-SPI: AddAccessible with unknown signature (so)(so)(so)iiassusau


(orca:2985639): dbind-WARNING **: 10:21:51.030: AT-SPI: AddAccessible with unknown signature (so)(so)(so)iiassusau


(orca:2985639): dbind-WARNING **: 10:21:51.030: AT-SPI: AddAccessible with unknown signature (so)(so)(so)iiassusau


(orca:2985639): dbind-WARNING **: 10:21:51.030: AT-SPI: AddAccessible with unknown signature (so)(so)(so)iiassusau


(orca:2985639): dbind-WARNING **: 10:21:51.030: AT-SPI: AddAccessible with unknown signature (so)(so)(so)iiassusau


(orca:2985639): dbind-WARNING **: 10:21:51.030: AT-SPI: AddAccessible with unknown signature (so)(so)(so)iiassusau


(orca:2985639): dbind-WARNING **: 10:21:51.649: AT-SPI: AddAccessible with unknown signature (so)(so)(so)iiassusau


(orca:2985639): dbind-WARNING **: 10:21:51.649: AT-SPI: AddAccessible with unknown signature (so)(so)(so)iiassusau


(orca:2985639): dbind-WARNING **: 10:21:51.649: AT-SPI: AddAccessible with unknown signature (so)(so)(so)iiassusau


(orca:2985639): dbind-WARNING **: 10:21:51.649: AT-SPI: AddAccessible with unknown signature (so)(so)(so)iiassusau


(orca:2985639): dbind-WARNING **: 10:21:51.649: AT-SPI: AddAccessible with unknown signature (so)(so)(so)iiassusau


(orca:2985639): dbind-WARNING **: 10:21:51.658: AT-SPI: Unknown signature so for RemoveAccessible

(orca:2985639): dbind-WARNING **: 10:21:51.658: AT-SPI: Unknown signature so for RemoveAccessible

(orca:2985639): dbind-WARNING **: 10:21:51.658: AT-SPI: Unknown signature so for RemoveAccessible

(orca:2985639): dbind-WARNING **: 10:21:51.658: AT-SPI: Unknown signature so for RemoveAccessible

(orca:2985639): dbind-WARNING **: 10:21:51.658: AT-SPI: Unknown signature so for RemoveAccessible

(orca:2985639): dbind-WARNING **: 10:21:51.658: AT-SPI: Unknown signature so for RemoveAccessible

(orca:2985639): dbind-WARNING **: 10:21:51.658: AT-SPI: Unknown signature so for RemoveAccessible

(orca:2985639): dbind-WARNING **: 10:21:51.658: AT-SPI: Unknown signature so for RemoveAccessible

(orca:2985639): dbind-WARNING **: 10:21:51.664: AT-SPI: AddAccessible with unknown signature (so)(so)(so)iiassusau


(orca:2985639): dbind-WARNING **: 10:21:51.664: AT-SPI: AddAccessible with unknown signature (so)(so)(so)iiassusau


(orca:2985639): dbind-WARNING **: 10:21:51.664: AT-SPI: AddAccessible with unknown signature (so)(so)(so)iiassusau


(orca:2985639): dbind-WARNING **: 10:21:51.664: AT-SPI: AddAccessible with unknown signature (so)(so)(so)iiassusau


(orca:2985639): dbind-WARNING **: 10:21:51.664: AT-SPI: AddAccessible with unknown signature (so)(so)(so)iiassusau


(orca:2985639): dbind-WARNING **: 10:21:51.821: AT-SPI: AddAccessible with unknown signature (so)(so)(so)iiassusau


(orca:2985639): dbind-WARNING **: 10:21:51.821: AT-SPI: AddAccessible with unknown signature (so)(so)(so)iiassusau


(orca:2985639): dbind-WARNING **: 10:21:51.828: AT-SPI: Unknown signature so for RemoveAccessible

(orca:2985639): dbind-WARNING **: 10:21:51.828: AT-SPI: Unknown signature so for RemoveAccessible

(orca:2985639): dbind-WARNING **: 10:21:51.828: AT-SPI: Unknown signature so for RemoveAccessible

(orca:2985639): dbind-WARNING **: 10:21:51.828: AT-SPI: Unknown signature so for RemoveAccessible

(orca:2985639): dbind-WARNING **: 10:21:52.015: AT-SPI: AddAccessible with unknown signature (so)(so)(so)iiassusau


(orca:2985639): dbind-WARNING **: 10:21:52.015: AT-SPI: AddAccessible with unknown signature (so)(so)(so)iiassusau


(orca:2985639): dbind-WARNING **: 10:21:52.019: AT-SPI: Unknown signature so for RemoveAccessible

(orca:2985639): dbind-WARNING **: 10:21:52.019: AT-SPI: Unknown signature so for RemoveAccessible

(orca:2985639): dbind-WARNING **: 10:21:52.365: AT-SPI: AddAccessible with unknown signature (so)(so)(so)iiassusau


(orca:2985639): dbind-WARNING **: 10:21:52.365: AT-SPI: AddAccessible with unknown signature (so)(so)(so)iiassusau


(orca:2985639): dbind-WARNING **: 10:21:52.365: AT-SPI: AddAccessible with unknown signature (so)(so)(so)iiassusau


(orca:2985639): dbind-WARNING **: 10:21:52.365: AT-SPI: AddAccessible with unknown signature (so)(so)(so)iiassusau


(orca:2985639): dbind-WARNING **: 10:21:52.365: AT-SPI: AddAccessible with unknown signature (so)(so)(so)iiassusau


(orca:2985639): dbind-WARNING **: 10:21:52.365: AT-SPI: AddAccessible with unknown signature (so)(so)(so)iiassusau


(orca:2985639): dbind-WARNING **: 10:21:52.365: AT-SPI: AddAccessible with unknown signature (so)(so)(so)iiassusau


(orca:2985639): dbind-WARNING **: 10:21:52.365: AT-SPI: AddAccessible with unknown signature (so)(so)(so)iiassusau


(orca:2985639): dbind-WARNING **: 10:21:52.365: AT-SPI: AddAccessible with unknown signature (so)(so)(so)iiassusau


(orca:2985639): dbind-WARNING **: 10:21:52.365: AT-SPI: AddAccessible with unknown signature (so)(so)(so)iiassusau


(orca:2985639): dbind-WARNING **: 10:21:52.376: AT-SPI: Unknown signature so for RemoveAccessible

(orca:2985639): dbind-WARNING **: 10:21:52.376: AT-SPI: Unknown signature so for RemoveAccessible

(orca:2985639): dbind-WARNING **: 10:21:52.376: AT-SPI: Unknown signature so for RemoveAccessible

(orca:2985639): dbind-WARNING **: 10:21:52.376: AT-SPI: Unknown signature so for RemoveAccessible

(orca:2985639): dbind-WARNING **: 10:21:52.376: AT-SPI: Unknown signature so for RemoveAccessible

(orca:2985639): dbind-WARNING **: 10:21:52.376: AT-SPI: Unknown signature so for RemoveAccessible

(orca:2985639): dbind-WARNING **: 10:21:52.376: AT-SPI: Unknown signature so for RemoveAccessible

(orca:2985639): dbind-WARNING **: 10:21:52.376: AT-SPI: Unknown signature so for RemoveAccessible

(orca:2985639): dbind-WARNING **: 10:21:52.381: AT-SPI: AddAccessible with unknown signature (so)(so)(so)iiassusau


(orca:2985639): dbind-WARNING **: 10:21:52.400: AT-SPI: AddAccessible with unknown signature (so)(so)(so)iiassusau


(orca:2985639): dbind-WARNING **: 10:21:52.400: AT-SPI: AddAccessible with unknown signature (so)(so)(so)iiassusau


(orca:2985639): dbind-WARNING **: 10:21:52.488: AT-SPI: AddAccessible with unknown signature (so)(so)(so)iiassusau


(orca:2985639): dbind-WARNING **: 10:21:52.488: AT-SPI: AddAccessible with unknown signature (so)(so)(so)iiassusau


(orca:2985639): dbind-WARNING **: 10:21:52.488: AT-SPI: AddAccessible with unknown signature (so)(so)(so)iiassusau


(orca:2985639): dbind-WARNING **: 10:21:52.488: AT-SPI: AddAccessible with unknown signature (so)(so)(so)iiassusau


(orca:2985639): dbind-WARNING **: 10:21:52.489: AT-SPI: Unknown signature so for RemoveAccessible

(orca:2985639): dbind-WARNING **: 10:21:52.489: AT-SPI: Unknown signature so for RemoveAccessible

(orca:2985639): dbind-WARNING **: 10:21:52.489: AT-SPI: Unknown signature so for RemoveAccessible

(orca:2985639): dbind-WARNING **: 10:21:52.536: AT-SPI: AddAccessible with unknown signature (so)(so)(so)iiassusau


(orca:2985639): dbind-WARNING **: 10:21:52.536: AT-SPI: AddAccessible with unknown signature (so)(so)(so)iiassusau


(orca:2985639): dbind-WARNING **: 10:21:52.536: AT-SPI: AddAccessible with unknown signature (so)(so)(so)iiassusau


(orca:2985639): dbind-WARNING **: 10:21:53.341: AT-SPI: Unknown signature so for RemoveAccessible

(orca:2985639): dbind-WARNING **: 10:21:53.341: AT-SPI: Unknown signature so for RemoveAccessible

(orca:2985639): dbind-WARNING **: 10:21:53.341: AT-SPI: Unknown signature so for RemoveAccessible

(orca:2985639): dbind-WARNING **: 10:21:53.341: AT-SPI: Unknown signature so for RemoveAccessible

(orca:2985639): dbind-WARNING **: 10:21:53.394: AT-SPI: AddAccessible with unknown signature (so)(so)(so)iiassusau


(orca:2985639): dbind-WARNING **: 10:21:53.394: AT-SPI: AddAccessible with unknown signature (so)(so)(so)iiassusau


(orca:2985639): dbind-WARNING **: 10:21:53.394: AT-SPI: AddAccessible with unknown signature (so)(so)(so)iiassusau


(orca:2985639): dbind-WARNING **: 10:21:53.394: AT-SPI: AddAccessible with unknown signature (so)(so)(so)iiassusau


(orca:2985639): dbind-WARNING **: 10:21:53.394: AT-SPI: AddAccessible with unknown signature (so)(so)(so)iiassusau


(orca:2985639): dbind-WARNING **: 10:21:53.394: AT-SPI: AddAccessible with unknown signature (so)(so)(so)iiassusau


(orca:2985639): dbind-WARNING **: 10:21:53.394: AT-SPI: AddAccessible with unknown signature (so)(so)(so)iiassusau


(orca:2985639): dbind-WARNING **: 10:21:53.394: AT-SPI: AddAccessible with unknown signature (so)(so)(so)iiassusau


(orca:2985639): dbind-WARNING **: 10:21:53.394: AT-SPI: AddAccessible with unknown signature (so)(so)(so)iiassusau


(orca:2985639): dbind-WARNING **: 10:21:53.394: AT-SPI: AddAccessible with unknown signature (so)(so)(so)iiassusau


(orca:2985639): dbind-WARNING **: 10:21:53.399: AT-SPI: Unknown signature so for RemoveAccessible

(orca:2985639): dbind-WARNING **: 10:21:53.399: AT-SPI: Unknown signature so for RemoveAccessible

(orca:2985639): dbind-WARNING **: 10:21:53.399: AT-SPI: Unknown signature so for RemoveAccessible

(orca:2985639): dbind-WARNING **: 10:21:53.399: AT-SPI: Unknown signature so for RemoveAccessible

(orca:2985639): dbind-WARNING **: 10:21:53.399: AT-SPI: Unknown signature so for RemoveAccessible

(orca:2985639): dbind-WARNING **: 10:21:53.399: AT-SPI: Unknown signature so for RemoveAccessible

(orca:2985639): dbind-WARNING **: 10:21:53.399: AT-SPI: Unknown signature so for RemoveAccessible

(orca:2985639): dbind-WARNING **: 10:21:53.399: AT-SPI: Unknown signature so for RemoveAccessible

(orca:2985639): dbind-WARNING **: 10:21:53.399: AT-SPI: Unknown signature so for RemoveAccessible

(orca:2985639): dbind-WARNING **: 10:21:53.399: AT-SPI: Unknown signature so for RemoveAccessible

(orca:2985639): dbind-WARNING **: 10:21:53.399: AT-SPI: Unknown signature so for RemoveAccessible

(orca:2985639): dbind-WARNING **: 10:21:53.399: AT-SPI: Unknown signature so for RemoveAccessible

(orca:2985639): dbind-WARNING **: 10:21:53.399: AT-SPI: Unknown signature so for RemoveAccessible

(orca:2985639): dbind-WARNING **: 10:21:53.509: AT-SPI: AddAccessible with unknown signature (so)(so)(so)iiassusau


(orca:2985639): dbind-WARNING **: 10:21:53.509: AT-SPI: AddAccessible with unknown signature (so)(so)(so)iiassusau


(orca:2985639): dbind-WARNING **: 10:21:53.509: AT-SPI: AddAccessible with unknown signature (so)(so)(so)iiassusau


(orca:2985639): dbind-WARNING **: 10:21:53.509: AT-SPI: AddAccessible with unknown signature (so)(so)(so)iiassusau


(orca:2985639): dbind-WARNING **: 10:21:53.509: AT-SPI: AddAccessible with unknown signature (so)(so)(so)iiassusau


(orca:2985639): dbind-WARNING **: 10:21:53.526: AT-SPI: AddAccessible with unknown signature (so)(so)(so)iiassusau


(orca:2985639): dbind-WARNING **: 10:21:53.526: AT-SPI: AddAccessible with unknown signature (so)(so)(so)iiassusau


(orca:2985639): dbind-WARNING **: 10:21:53.526: AT-SPI: Unknown signature so for RemoveAccessible

(orca:2985639): dbind-WARNING **: 10:21:53.607: AT-SPI: AddAccessible with unknown signature (so)(so)(so)iiassusau


(orca:2985639): dbind-WARNING **: 10:21:53.607: AT-SPI: AddAccessible with unknown signature (so)(so)(so)iiassusau


(orca:2985639): dbind-WARNING **: 10:21:53.607: AT-SPI: AddAccessible with unknown signature (so)(so)(so)iiassusau


(orca:2985639): dbind-WARNING **: 10:21:53.626: AT-SPI: Unknown signature so for RemoveAccessible

(orca:2985639): dbind-WARNING **: 10:21:53.626: AT-SPI: Unknown signature so for RemoveAccessible

(orca:2985639): dbind-WARNING **: 10:21:53.626: AT-SPI: Unknown signature so for RemoveAccessible

(orca:2985639): dbind-WARNING **: 10:21:53.626: AT-SPI: Unknown signature so for RemoveAccessible

(orca:2985639): dbind-WARNING **: 10:21:53.630: AT-SPI: AddAccessible with unknown signature (so)(so)(so)iiassusau


(orca:2985639): dbind-WARNING **: 10:21:53.630: AT-SPI: AddAccessible with unknown signature (so)(so)(so)iiassusau


(orca:2985639): dbind-WARNING **: 10:21:53.642: AT-SPI: Unknown signature so for RemoveAccessible

(orca:2985639): dbind-WARNING **: 10:21:53.746: AT-SPI: AddAccessible with unknown signature (so)(so)(so)iiassusau


(orca:2985639): dbind-WARNING **: 10:21:53.746: AT-SPI: AddAccessible with unknown signature (so)(so)(so)iiassusau


(orca:2985639): dbind-WARNING **: 10:21:53.746: AT-SPI: AddAccessible with unknown signature (so)(so)(so)iiassusau


(orca:2985639): dbind-WARNING **: 10:21:53.757: AT-SPI: Unknown signature so for RemoveAccessible

(orca:2985639): dbind-WARNING **: 10:21:53.757: AT-SPI: Unknown signature so for RemoveAccessible

(orca:2985639): dbind-WARNING **: 10:21:53.757: AT-SPI: Unknown signature so for RemoveAccessible

(orca:2985639): dbind-WARNING **: 10:21:53.757: AT-SPI: Unknown signature so for RemoveAccessible

(orca:2985639): dbind-WARNING **: 10:21:53.818: AT-SPI: AddAccessible with unknown signature (so)(so)(so)iiassusau


(orca:2985639): dbind-WARNING **: 10:21:53.818: AT-SPI: AddAccessible with unknown signature (so)(so)(so)iiassusau


(orca:2985639): dbind-WARNING **: 10:21:53.818: AT-SPI: Unknown signature so for RemoveAccessible

(orca:2985639): dbind-WARNING **: 10:21:53.884: AT-SPI: AddAccessible with unknown signature (so)(so)(so)iiassusau


(orca:2985639): dbind-WARNING **: 10:21:53.887: AT-SPI: Unknown signature so for RemoveAccessible

(orca:2985639): dbind-WARNING **: 10:21:53.888: AT-SPI: AddAccessible with unknown signature (so)(so)(so)iiassusau


(orca:2985639): dbind-WARNING **: 10:21:53.889: AT-SPI: Unknown signature so for RemoveAccessible

(orca:2985639): dbind-WARNING **: 10:21:53.889: AT-SPI: Unknown signature so for RemoveAccessible

(orca:2985639): dbind-WARNING **: 10:21:53.933: AT-SPI: AddAccessible with unknown signature (so)(so)(so)iiassusau

corrupted size vs. prev_size
Fatal Python error: Aborted

Stack (most recent call first):
  File "/usr/lib/python3/dist-packages/orca/orca.py", line 306 in main
  File "/usr/bin/orca", line 370 in main
  File "/usr/bin/orca", line 373 in <module>

Current thread's C stack trace (most recent call first):
  Binary file "orca", at _Py_DumpStack+0x4a [0x47728a]
  Binary file "orca" [0x5044d7]
  Binary file "/usr/lib/x86_64-linux-gnu/libc.so.6", at +0x45cb0 [0x7ec058c45cb0]
  Binary file "/usr/lib/x86_64-linux-gnu/libc.so.6", at pthread_kill+0x11c [0x7ec058ca61ac]
  Binary file "/usr/lib/x86_64-linux-gnu/libc.so.6", at gsignal+0x1e [0x7ec058c45b7e]
  Binary file "/usr/lib/x86_64-linux-gnu/libc.so.6", at abort+0x27 [0x7ec058c288ec]
  Binary file "/usr/lib/x86_64-linux-gnu/libc.so.6", at +0x29979 [0x7ec058c29979]
  Binary file "/usr/lib/x86_64-linux-gnu/libc.so.6", at +0xb08ac [0x7ec058cb08ac]
  Binary file "/usr/lib/x86_64-linux-gnu/libc.so.6", at +0xb1033 [0x7ec058cb1033]
  Binary file "/usr/lib/x86_64-linux-gnu/libc.so.6", at +0xb30fc [0x7ec058cb30fc]
  Binary file "/usr/lib/x86_64-linux-gnu/libc.so.6", at +0xb3ced [0x7ec058cb3ced]
  Binary file "/usr/lib/x86_64-linux-gnu/libglib-2.0.so.0", at g_malloc+0x1a [0x7ec05796a67a]
  Binary file "/usr/lib/x86_64-linux-gnu/libatspi.so.0", at +0x20aa4 [0x7ec0563aaaa4]
  Binary file "/usr/lib/x86_64-linux-gnu/libatspi.so.0", at +0x20bf8 [0x7ec0563aabf8]
  Binary file "/usr/lib/x86_64-linux-gnu/libdbus-1.so.3", at dbus_connection_dispatch+0x171 [0x7ec056352d21]
  Binary file "/usr/lib/x86_64-linux-gnu/libatspi.so.0", at +0x21cc1 [0x7ec0563abcc1]
  Binary file "/usr/lib/x86_64-linux-gnu/libglib-2.0.so.0", at +0x60b9b [0x7ec057963b9b]
  Binary file "/usr/lib/x86_64-linux-gnu/libglib-2.0.so.0", at +0x621d7 [0x7ec0579651d7]
  Binary file "/usr/lib/x86_64-linux-gnu/libglib-2.0.so.0", at g_main_loop_run+0x137 [0x7ec057965577]
  Binary file "/usr/lib/x86_64-linux-gnu/libatspi.so.0", at atspi_event_main+0x28 [0x7ec0563ac858]
  Binary file "/usr/lib/x86_64-linux-gnu/libffi.so.8", at +0xa056 [0x7ec058af9056]
  Binary file "/usr/lib/x86_64-linux-gnu/libffi.so.8", at +0x5d16 [0x7ec058af4d16]
  Binary file "/usr/lib/x86_64-linux-gnu/libffi.so.8", at ffi_call+0x12e [0x7ec058af77ae]
  Binary file "/usr/lib/python3/dist-packages/gi/_gi.cpython-314-x86_64-linux-gnu.so", at +0x325c0 [0x7ec057ac15c0]
  Binary file "/usr/lib/python3/dist-packages/gi/_gi.cpython-314-x86_64-linux-gnu.so", at +0x289eb [0x7ec057ab79eb]
  Binary file "orca", at PyObject_Vectorcall+0x33 [0x535883]
  Binary file "orca", at _PyEval_EvalFrameDefault+0xc61a [0x5593ea]
  Binary file "orca", at PyEval_EvalCode+0x106 [0x547ee6]
  Binary file "orca" [0x6cab01]
  Binary file "orca" [0x6c76c1]
  Binary file "orca" [0x6c6d6b]
  Binary file "orca" [0x6c6839]
  <truncated rest of calls>

Extension modules: setproctitle._setproctitle, gi._gi, cairo._cairo, gi._gi_cairo, psutil._psutil_linux, psutil._psutil_posix, brlapi (total: 7)
