A11Y # GNOME Terminal 3.58.0 using VTE 0.84.0 +BIDI +GNUTLS +ICU +SYSTEMD
dbus-daemon[2985162]: [session uid=1000 pid=2985162 pidfd=5] Activating service name='org.a11y.Bus' requested by ':1.0' (uid=1000 pid=2985170 comm="/usr/bin/python3 /usr/bin/orca --version" label="unconfined")
dbus-daemon[2985162]: [session uid=1000 pid=2985162 pidfd=5] Successfully activated service 'org.a11y.Bus'
dbus-daemon[2985162]: [session uid=1000 pid=2985162 pidfd=5] Activating service name='org.gtk.vfs.Daemon' requested by ':1.3' (uid=1000 pid=2985188 comm="/usr/lib/x86_64-linux-gnu/../../lib/x86_64-linux-g" label="unconfined")
dbus-daemon[2985162]: [session uid=1000 pid=2985162 pidfd=5] Successfully activated service 'org.gtk.vfs.Daemon'
dbus-daemon[2985181]: Activating service name='org.a11y.atspi.Registry' requested by ':1.0' (uid=1000 pid=2985170 comm="/usr/bin/python3 /usr/bin/orca --version" label="unconfined")
dbus-daemon[2985181]: Successfully activated service 'org.a11y.atspi.Registry'
SpiRegistry daemon is running with well-known name - org.a11y.atspi.Registry
A11Y Orca version 50.1.2, AT-SPI2 version: 2.60.0, Session: x11 gnome
A11Y isolated X11/Xvfb viewport 60x16
dbus-daemon[2985162]: [session uid=1000 pid=2985162 pidfd=5] Activating service name='ca.desrt.dconf' requested by ':1.7' (uid=1000 pid=2985639 comm="/usr/bin/python3 /usr/bin/orca --debug-file /home/" label="unconfined")
dbus-daemon[2985162]: [session uid=1000 pid=2985162 pidfd=5] Successfully activated service 'ca.desrt.dconf'
dbus-daemon[2985162]: [session uid=1000 pid=2985162 pidfd=5] Activating service name='org.gnome.Terminal' requested by ':1.9' (uid=1000 pid=2985745 comm="gnome-terminal --display=:1 --geometry=60x16 --wai" label="unconfined")
dbus-daemon[2985162]: [session uid=1000 pid=2985162 pidfd=5] Activating service name='org.freedesktop.portal.Desktop' requested by ':1.10' (uid=1000 pid=2985758 comm="/usr/libexec/gnome-terminal-server" label="unconfined")
dbus-daemon[2985162]: [session uid=1000 pid=2985162 pidfd=5] Activating service name='org.freedesktop.impl.portal.PermissionStore' requested by ':1.11' (uid=1000 pid=2985775 comm="/usr/libexec/xdg-desktop-portal" label="unconfined")
dbus-daemon[2985162]: [session uid=1000 pid=2985162 pidfd=5] Successfully activated service 'org.freedesktop.impl.portal.PermissionStore'
dbus-daemon[2985162]: [session uid=1000 pid=2985162 pidfd=5] Activating service name='org.freedesktop.portal.Documents' requested by ':1.11' (uid=1000 pid=2985775 comm="/usr/libexec/xdg-desktop-portal" label="unconfined")
dbus-daemon[2985162]: [session uid=1000 pid=2985162 pidfd=5] Successfully activated service 'org.freedesktop.portal.Documents'

(/usr/libexec/xdg-desktop-portal:2985775): xdg-desktop-portal-WARNING **: 10:21:50.376: Choosing gnome.portal for org.freedesktop.impl.portal.Lockdown via the deprecated UseIn key

(/usr/libexec/xdg-desktop-portal:2985775): xdg-desktop-portal-WARNING **: 10:21:50.376: The preferred method to match portal implementations to desktop environments is to use the portals.conf(5) configuration file
dbus-daemon[2985162]: [session uid=1000 pid=2985162 pidfd=5] Activating service name='org.freedesktop.impl.portal.desktop.gnome' requested by ':1.11' (uid=1000 pid=2985775 comm="/usr/libexec/xdg-desktop-portal" label="unconfined")
libEGL warning: DRI3 error: Could not get DRI3 device
libEGL warning: Ensure your X server supports DRI3 to get accelerated rendering
dbus-daemon[2985162]: [session uid=1000 pid=2985162 pidfd=5] Successfully activated service 'org.freedesktop.impl.portal.desktop.gnome'

(/usr/libexec/xdg-desktop-portal:2985775): xdg-desktop-portal-WARNING **: 10:21:50.503: Choosing gnome.portal for org.freedesktop.impl.portal.Access via the deprecated UseIn key

(/usr/libexec/xdg-desktop-portal:2985775): xdg-desktop-portal-WARNING **: 10:21:50.514: Choosing gnome.portal for org.freedesktop.impl.portal.Settings via the deprecated UseIn key

(/usr/libexec/xdg-desktop-portal:2985775): xdg-desktop-portal-WARNING **: 10:21:50.514: Choosing gtk.portal for org.freedesktop.impl.portal.Settings via the deprecated UseIn key
dbus-daemon[2985162]: [session uid=1000 pid=2985162 pidfd=5] Activating service name='org.freedesktop.impl.portal.desktop.gtk' requested by ':1.11' (uid=1000 pid=2985775 comm="/usr/libexec/xdg-desktop-portal" label="unconfined")
dbus-daemon[2985162]: [session uid=1000 pid=2985162 pidfd=5] Successfully activated service 'org.freedesktop.impl.portal.desktop.gtk'

(/usr/libexec/xdg-desktop-portal:2985775): xdg-desktop-portal-WARNING **: 10:21:50.548: Choosing gnome.portal for org.freedesktop.impl.portal.FileChooser via the deprecated UseIn key

(/usr/libexec/xdg-desktop-portal:2985775): xdg-desktop-portal-WARNING **: 10:21:50.548: Choosing gnome.portal for org.freedesktop.impl.portal.AppChooser via the deprecated UseIn key

(/usr/libexec/xdg-desktop-portal:2985775): xdg-desktop-portal-WARNING **: 10:21:50.549: Choosing gnome.portal for org.freedesktop.impl.portal.Print via the deprecated UseIn key

(/usr/libexec/xdg-desktop-portal:2985775): xdg-desktop-portal-WARNING **: 10:21:50.549: Choosing gnome.portal for org.freedesktop.impl.portal.Notification via the deprecated UseIn key

(/usr/libexec/xdg-desktop-portal:2985775): xdg-desktop-portal-WARNING **: 10:21:50.550: Choosing gtk.portal for org.freedesktop.impl.portal.Inhibit via the deprecated UseIn key

(/usr/libexec/xdg-desktop-portal:2985775): xdg-desktop-portal-WARNING **: 10:21:50.552: Failed to connect to PipeWire: Couldn't connect to PipeWire

(/usr/libexec/xdg-desktop-portal:2985775): xdg-desktop-portal-WARNING **: 10:21:50.552: Choosing gnome.portal for org.freedesktop.impl.portal.Screenshot via the deprecated UseIn key

(/usr/libexec/xdg-desktop-portal:2985775): xdg-desktop-portal-WARNING **: 10:21:50.552: Choosing gnome.portal for org.freedesktop.impl.portal.Background via the deprecated UseIn key

(/usr/libexec/xdg-desktop-portal:2985775): xdg-desktop-portal-WARNING **: 10:21:50.553: Choosing gnome.portal for org.freedesktop.impl.portal.Wallpaper via the deprecated UseIn key

(/usr/libexec/xdg-desktop-portal:2985775): xdg-desktop-portal-WARNING **: 10:21:50.554: Choosing gnome.portal for org.freedesktop.impl.portal.Account via the deprecated UseIn key

(/usr/libexec/xdg-desktop-portal:2985775): xdg-desktop-portal-WARNING **: 10:21:50.554: Choosing gtk.portal for org.freedesktop.impl.portal.Email via the deprecated UseIn key

(/usr/libexec/xdg-desktop-portal:2985775): xdg-desktop-portal-WARNING **: 10:21:50.555: Choosing gnome-keyring.portal for org.freedesktop.impl.portal.Secret via the deprecated UseIn key

(/usr/libexec/xdg-desktop-portal:2985775): xdg-desktop-portal-WARNING **: 10:21:50.555: Choosing gnome.portal for org.freedesktop.impl.portal.GlobalShortcuts via the deprecated UseIn key
dbus-daemon[2985162]: [session uid=1000 pid=2985162 pidfd=5] Activating service name='org.freedesktop.secrets' requested by ':1.11' (uid=1000 pid=2985775 comm="/usr/libexec/xdg-desktop-portal" label="unconfined")

(/usr/libexec/xdg-desktop-portal:2985775): xdg-desktop-portal-WARNING **: 10:21:50.556: Choosing gnome.portal for org.freedesktop.impl.portal.DynamicLauncher via the deprecated UseIn key

(/usr/libexec/xdg-desktop-portal:2985775): xdg-desktop-portal-WARNING **: 10:21:50.556: Choosing gnome.portal for org.freedesktop.impl.portal.ScreenCast via the deprecated UseIn key

(/usr/libexec/xdg-desktop-portal:2985775): xdg-desktop-portal-WARNING **: 10:21:50.557: Choosing gnome.portal for org.freedesktop.impl.portal.RemoteDesktop via the deprecated UseIn key

(/usr/libexec/xdg-desktop-portal:2985775): xdg-desktop-portal-WARNING **: 10:21:50.557: Choosing gnome.portal for org.freedesktop.impl.portal.Clipboard via the deprecated UseIn key

(/usr/libexec/xdg-desktop-portal:2985775): xdg-desktop-portal-WARNING **: 10:21:50.558: Choosing gnome.portal for org.freedesktop.impl.portal.InputCapture via the deprecated UseIn key

(/usr/libexec/xdg-desktop-portal:2985775): xdg-desktop-portal-WARNING **: 10:21:50.558: Choosing gnome.portal for org.freedesktop.impl.portal.Usb via the deprecated UseIn key
** Message: 10:21:50.559: couldn't access control socket: /home/shawn/workspace2/scratchpads/tmp/rtui-orca-59puxzae/runtime/keyring/control: No such file or directory
discover_other_daemon: 0dbus-daemon[2985162]: [session uid=1000 pid=2985162 pidfd=5] Successfully activated service 'org.freedesktop.secrets'
dbus-daemon[2985162]: [session uid=1000 pid=2985162 pidfd=5] Successfully activated service 'org.freedesktop.portal.Desktop'
dbus-daemon[2985162]: [session uid=1000 pid=2985162 pidfd=5] Successfully activated service 'org.gnome.Terminal'
dbus-daemon[2985162]: [session uid=1000 pid=2985162 pidfd=5] Activating service name='org.gtk.vfs.Metadata' requested by ':1.10' (uid=1000 pid=2985758 comm="/usr/libexec/gnome-terminal-server" label="unconfined")
dbus-daemon[2985162]: [session uid=1000 pid=2985162 pidfd=5] Successfully activated service 'org.gtk.vfs.Metadata'

(process:2985163): dbind-WARNING **: 10:21:50.910: AT-SPI: AddAccessible with unknown signature (so)(so)(so)iiassusau


(process:2985163): dbind-WARNING **: 10:21:50.910: AT-SPI: AddAccessible with unknown signature (so)(so)(so)iiassusau


(process:2985163): dbind-WARNING **: 10:21:50.910: AT-SPI: AddAccessible with unknown signature (so)(so)(so)iiassusau


(process:2985163): dbind-WARNING **: 10:21:50.976: AT-SPI: AddAccessible with unknown signature (so)(so)(so)iiassusau


(process:2985163): dbind-WARNING **: 10:21:50.976: AT-SPI: Unknown signature so for RemoveAccessible

(process:2985163): dbind-WARNING **: 10:21:50.976: AT-SPI: Unknown signature so for RemoveAccessible

(process:2985163): dbind-WARNING **: 10:21:50.976: AT-SPI: Unknown signature so for RemoveAccessible

(process:2985163): dbind-WARNING **: 10:21:50.976: AT-SPI: AddAccessible with unknown signature (so)(so)(so)iiassusau


(process:2985163): dbind-WARNING **: 10:21:50.976: AT-SPI: AddAccessible with unknown signature (so)(so)(so)iiassusau


(process:2985163): dbind-WARNING **: 10:21:50.976: AT-SPI: AddAccessible with unknown signature (so)(so)(so)iiassusau


(process:2985163): dbind-WARNING **: 10:21:50.976: AT-SPI: AddAccessible with unknown signature (so)(so)(so)iiassusau


(process:2985163): dbind-WARNING **: 10:21:50.976: AT-SPI: AddAccessible with unknown signature (so)(so)(so)iiassusau


(process:2985163): dbind-WARNING **: 10:21:50.976: AT-SPI: AddAccessible with unknown signature (so)(so)(so)iiassusau


(process:2985163): dbind-WARNING **: 10:21:50.976: AT-SPI: AddAccessible with unknown signature (so)(so)(so)iiassusau

A11Y table: roles, labels, keyboard selection and disabled skipping announced

(process:2985163): dbind-WARNING **: 10:21:51.657: AT-SPI: AddAccessible with unknown signature (so)(so)(so)iiassusau


(process:2985163): dbind-WARNING **: 10:21:51.657: AT-SPI: AddAccessible with unknown signature (so)(so)(so)iiassusau


(process:2985163): dbind-WARNING **: 10:21:51.657: AT-SPI: AddAccessible with unknown signature (so)(so)(so)iiassusau


(process:2985163): dbind-WARNING **: 10:21:51.657: AT-SPI: AddAccessible with unknown signature (so)(so)(so)iiassusau


(process:2985163): dbind-WARNING **: 10:21:51.657: AT-SPI: AddAccessible with unknown signature (so)(so)(so)iiassusau


(process:2985163): dbind-WARNING **: 10:21:51.657: AT-SPI: Unknown signature so for RemoveAccessible

(process:2985163): dbind-WARNING **: 10:21:51.657: AT-SPI: Unknown signature so for RemoveAccessible

(process:2985163): dbind-WARNING **: 10:21:51.657: AT-SPI: Unknown signature so for RemoveAccessible

(process:2985163): dbind-WARNING **: 10:21:51.657: AT-SPI: Unknown signature so for RemoveAccessible

(process:2985163): dbind-WARNING **: 10:21:51.657: AT-SPI: Unknown signature so for RemoveAccessible

(process:2985163): dbind-WARNING **: 10:21:51.657: AT-SPI: Unknown signature so for RemoveAccessible

(process:2985163): dbind-WARNING **: 10:21:51.657: AT-SPI: Unknown signature so for RemoveAccessible

(process:2985163): dbind-WARNING **: 10:21:51.657: AT-SPI: Unknown signature so for RemoveAccessible

(process:2985163): dbind-WARNING **: 10:21:51.657: AT-SPI: AddAccessible with unknown signature (so)(so)(so)iiassusau


(process:2985163): dbind-WARNING **: 10:21:51.657: AT-SPI: AddAccessible with unknown signature (so)(so)(so)iiassusau


(process:2985163): dbind-WARNING **: 10:21:51.657: AT-SPI: AddAccessible with unknown signature (so)(so)(so)iiassusau


(process:2985163): dbind-WARNING **: 10:21:51.657: AT-SPI: AddAccessible with unknown signature (so)(so)(so)iiassusau


(process:2985163): dbind-WARNING **: 10:21:51.657: AT-SPI: AddAccessible with unknown signature (so)(so)(so)iiassusau

/home/shawn/workspace2/reactive-tui/tests/api_widget_behavior/orca.py:260: DeprecationWarning: Atspi.Action.get_action_name is deprecated
  assert action.get_action_name(0) == "click"

(process:2985163): dbind-WARNING **: 10:21:51.818: AT-SPI: AddAccessible with unknown signature (so)(so)(so)iiassusau


(process:2985163): dbind-WARNING **: 10:21:51.818: AT-SPI: AddAccessible with unknown signature (so)(so)(so)iiassusau


(process:2985163): dbind-WARNING **: 10:21:51.818: AT-SPI: Unknown signature so for RemoveAccessible

(process:2985163): dbind-WARNING **: 10:21:51.818: AT-SPI: Unknown signature so for RemoveAccessible

(process:2985163): dbind-WARNING **: 10:21:51.818: AT-SPI: Unknown signature so for RemoveAccessible

(process:2985163): dbind-WARNING **: 10:21:51.818: AT-SPI: Unknown signature so for RemoveAccessible

(process:2985163): dbind-WARNING **: 10:21:52.019: AT-SPI: AddAccessible with unknown signature (so)(so)(so)iiassusau


(process:2985163): dbind-WARNING **: 10:21:52.019: AT-SPI: AddAccessible with unknown signature (so)(so)(so)iiassusau


(process:2985163): dbind-WARNING **: 10:21:52.019: AT-SPI: Unknown signature so for RemoveAccessible

(process:2985163): dbind-WARNING **: 10:21:52.019: AT-SPI: Unknown signature so for RemoveAccessible
A11Y DataTable: search entry, paging actions, disabled controls, filtered and paged cell focus announced

(process:2985163): dbind-WARNING **: 10:21:52.345: AT-SPI: AddAccessible with unknown signature (so)(so)(so)iiassusau


(process:2985163): dbind-WARNING **: 10:21:52.345: AT-SPI: AddAccessible with unknown signature (so)(so)(so)iiassusau


(process:2985163): dbind-WARNING **: 10:21:52.345: AT-SPI: AddAccessible with unknown signature (so)(so)(so)iiassusau


(process:2985163): dbind-WARNING **: 10:21:52.345: AT-SPI: AddAccessible with unknown signature (so)(so)(so)iiassusau


(process:2985163): dbind-WARNING **: 10:21:52.345: AT-SPI: AddAccessible with unknown signature (so)(so)(so)iiassusau


(process:2985163): dbind-WARNING **: 10:21:52.345: AT-SPI: AddAccessible with unknown signature (so)(so)(so)iiassusau


(process:2985163): dbind-WARNING **: 10:21:52.345: AT-SPI: AddAccessible with unknown signature (so)(so)(so)iiassusau


(process:2985163): dbind-WARNING **: 10:21:52.345: AT-SPI: AddAccessible with unknown signature (so)(so)(so)iiassusau


(process:2985163): dbind-WARNING **: 10:21:52.345: AT-SPI: AddAccessible with unknown signature (so)(so)(so)iiassusau


(process:2985163): dbind-WARNING **: 10:21:52.345: AT-SPI: AddAccessible with unknown signature (so)(so)(so)iiassusau


(process:2985163): dbind-WARNING **: 10:21:52.345: AT-SPI: Unknown signature so for RemoveAccessible

(process:2985163): dbind-WARNING **: 10:21:52.345: AT-SPI: Unknown signature so for RemoveAccessible

(process:2985163): dbind-WARNING **: 10:21:52.345: AT-SPI: Unknown signature so for RemoveAccessible

(process:2985163): dbind-WARNING **: 10:21:52.345: AT-SPI: Unknown signature so for RemoveAccessible

(process:2985163): dbind-WARNING **: 10:21:52.345: AT-SPI: Unknown signature so for RemoveAccessible

(process:2985163): dbind-WARNING **: 10:21:52.345: AT-SPI: Unknown signature so for RemoveAccessible

(process:2985163): dbind-WARNING **: 10:21:52.345: AT-SPI: Unknown signature so for RemoveAccessible

(process:2985163): dbind-WARNING **: 10:21:52.345: AT-SPI: Unknown signature so for RemoveAccessible

(process:2985163): dbind-WARNING **: 10:21:52.376: AT-SPI: AddAccessible with unknown signature (so)(so)(so)iiassusau


(process:2985163): dbind-WARNING **: 10:21:52.376: AT-SPI: AddAccessible with unknown signature (so)(so)(so)iiassusau


(process:2985163): dbind-WARNING **: 10:21:52.376: AT-SPI: AddAccessible with unknown signature (so)(so)(so)iiassusau


(process:2985163): dbind-WARNING **: 10:21:52.484: AT-SPI: AddAccessible with unknown signature (so)(so)(so)iiassusau


(process:2985163): dbind-WARNING **: 10:21:52.484: AT-SPI: AddAccessible with unknown signature (so)(so)(so)iiassusau


(process:2985163): dbind-WARNING **: 10:21:52.484: AT-SPI: AddAccessible with unknown signature (so)(so)(so)iiassusau


(process:2985163): dbind-WARNING **: 10:21:52.484: AT-SPI: AddAccessible with unknown signature (so)(so)(so)iiassusau


(process:2985163): dbind-WARNING **: 10:21:52.484: AT-SPI: Unknown signature so for RemoveAccessible

(process:2985163): dbind-WARNING **: 10:21:52.484: AT-SPI: Unknown signature so for RemoveAccessible

(process:2985163): dbind-WARNING **: 10:21:52.484: AT-SPI: Unknown signature so for RemoveAccessible

(process:2985163): dbind-WARNING **: 10:21:52.517: AT-SPI: AddAccessible with unknown signature (so)(so)(so)iiassusau


(process:2985163): dbind-WARNING **: 10:21:52.517: AT-SPI: AddAccessible with unknown signature (so)(so)(so)iiassusau


(process:2985163): dbind-WARNING **: 10:21:52.517: AT-SPI: AddAccessible with unknown signature (so)(so)(so)iiassusau


(process:2985163): dbind-WARNING **: 10:21:53.348: AT-SPI: Unknown signature so for RemoveAccessible

(process:2985163): dbind-WARNING **: 10:21:53.348: AT-SPI: Unknown signature so for RemoveAccessible

(process:2985163): dbind-WARNING **: 10:21:53.348: AT-SPI: Unknown signature so for RemoveAccessible

(process:2985163): dbind-WARNING **: 10:21:53.348: AT-SPI: Unknown signature so for RemoveAccessible
A11Y Tree: hierarchy roles, labels, expansion, child focus and disabled skipping announced

(process:2985163): dbind-WARNING **: 10:21:53.416: AT-SPI: AddAccessible with unknown signature (so)(so)(so)iiassusau


(process:2985163): dbind-WARNING **: 10:21:53.416: AT-SPI: AddAccessible with unknown signature (so)(so)(so)iiassusau


(process:2985163): dbind-WARNING **: 10:21:53.416: AT-SPI: AddAccessible with unknown signature (so)(so)(so)iiassusau


(process:2985163): dbind-WARNING **: 10:21:53.416: AT-SPI: AddAccessible with unknown signature (so)(so)(so)iiassusau


(process:2985163): dbind-WARNING **: 10:21:53.416: AT-SPI: AddAccessible with unknown signature (so)(so)(so)iiassusau


(process:2985163): dbind-WARNING **: 10:21:53.416: AT-SPI: AddAccessible with unknown signature (so)(so)(so)iiassusau


(process:2985163): dbind-WARNING **: 10:21:53.416: AT-SPI: AddAccessible with unknown signature (so)(so)(so)iiassusau


(process:2985163): dbind-WARNING **: 10:21:53.416: AT-SPI: AddAccessible with unknown signature (so)(so)(so)iiassusau


(process:2985163): dbind-WARNING **: 10:21:53.416: AT-SPI: AddAccessible with unknown signature (so)(so)(so)iiassusau


(process:2985163): dbind-WARNING **: 10:21:53.416: AT-SPI: AddAccessible with unknown signature (so)(so)(so)iiassusau


(process:2985163): dbind-WARNING **: 10:21:53.416: AT-SPI: Unknown signature so for RemoveAccessible

(process:2985163): dbind-WARNING **: 10:21:53.416: AT-SPI: Unknown signature so for RemoveAccessible

(process:2985163): dbind-WARNING **: 10:21:53.416: AT-SPI: Unknown signature so for RemoveAccessible

(process:2985163): dbind-WARNING **: 10:21:53.416: AT-SPI: Unknown signature so for RemoveAccessible

(process:2985163): dbind-WARNING **: 10:21:53.416: AT-SPI: Unknown signature so for RemoveAccessible

(process:2985163): dbind-WARNING **: 10:21:53.416: AT-SPI: Unknown signature so for RemoveAccessible

(process:2985163): dbind-WARNING **: 10:21:53.416: AT-SPI: Unknown signature so for RemoveAccessible

(process:2985163): dbind-WARNING **: 10:21:53.416: AT-SPI: Unknown signature so for RemoveAccessible

(process:2985163): dbind-WARNING **: 10:21:53.416: AT-SPI: Unknown signature so for RemoveAccessible

(process:2985163): dbind-WARNING **: 10:21:53.416: AT-SPI: Unknown signature so for RemoveAccessible

(process:2985163): dbind-WARNING **: 10:21:53.416: AT-SPI: Unknown signature so for RemoveAccessible

(process:2985163): dbind-WARNING **: 10:21:53.416: AT-SPI: Unknown signature so for RemoveAccessible

(process:2985163): dbind-WARNING **: 10:21:53.416: AT-SPI: Unknown signature so for RemoveAccessible

(process:2985163): dbind-WARNING **: 10:21:53.419: AT-SPI: AddAccessible with unknown signature (so)(so)(so)iiassusau


(process:2985163): dbind-WARNING **: 10:21:53.419: AT-SPI: AddAccessible with unknown signature (so)(so)(so)iiassusau


(process:2985163): dbind-WARNING **: 10:21:53.419: AT-SPI: AddAccessible with unknown signature (so)(so)(so)iiassusau


(process:2985163): dbind-WARNING **: 10:21:53.419: AT-SPI: AddAccessible with unknown signature (so)(so)(so)iiassusau


(process:2985163): dbind-WARNING **: 10:21:53.419: AT-SPI: AddAccessible with unknown signature (so)(so)(so)iiassusau


(process:2985163): dbind-WARNING **: 10:21:53.470: AT-SPI: AddAccessible with unknown signature (so)(so)(so)iiassusau


(process:2985163): dbind-WARNING **: 10:21:53.470: AT-SPI: AddAccessible with unknown signature (so)(so)(so)iiassusau


(process:2985163): dbind-WARNING **: 10:21:53.470: AT-SPI: Unknown signature so for RemoveAccessible

(process:2985163): dbind-WARNING **: 10:21:53.594: AT-SPI: AddAccessible with unknown signature (so)(so)(so)iiassusau


(process:2985163): dbind-WARNING **: 10:21:53.594: AT-SPI: AddAccessible with unknown signature (so)(so)(so)iiassusau


(process:2985163): dbind-WARNING **: 10:21:53.594: AT-SPI: AddAccessible with unknown signature (so)(so)(so)iiassusau


(process:2985163): dbind-WARNING **: 10:21:53.594: AT-SPI: Unknown signature so for RemoveAccessible

(process:2985163): dbind-WARNING **: 10:21:53.594: AT-SPI: Unknown signature so for RemoveAccessible

(process:2985163): dbind-WARNING **: 10:21:53.594: AT-SPI: Unknown signature so for RemoveAccessible

(process:2985163): dbind-WARNING **: 10:21:53.594: AT-SPI: Unknown signature so for RemoveAccessible

(process:2985163): dbind-WARNING **: 10:21:53.628: AT-SPI: AddAccessible with unknown signature (so)(so)(so)iiassusau


(process:2985163): dbind-WARNING **: 10:21:53.628: AT-SPI: AddAccessible with unknown signature (so)(so)(so)iiassusau


(process:2985163): dbind-WARNING **: 10:21:53.628: AT-SPI: Unknown signature so for RemoveAccessible

(process:2985163): dbind-WARNING **: 10:21:53.768: AT-SPI: AddAccessible with unknown signature (so)(so)(so)iiassusau


(process:2985163): dbind-WARNING **: 10:21:53.769: AT-SPI: AddAccessible with unknown signature (so)(so)(so)iiassusau


(process:2985163): dbind-WARNING **: 10:21:53.769: AT-SPI: AddAccessible with unknown signature (so)(so)(so)iiassusau


(process:2985163): dbind-WARNING **: 10:21:53.769: AT-SPI: Unknown signature so for RemoveAccessible

(process:2985163): dbind-WARNING **: 10:21:53.769: AT-SPI: Unknown signature so for RemoveAccessible

(process:2985163): dbind-WARNING **: 10:21:53.769: AT-SPI: Unknown signature so for RemoveAccessible

(process:2985163): dbind-WARNING **: 10:21:53.769: AT-SPI: Unknown signature so for RemoveAccessible

(process:2985163): dbind-WARNING **: 10:21:53.774: AT-SPI: AddAccessible with unknown signature (so)(so)(so)iiassusau


(process:2985163): dbind-WARNING **: 10:21:53.774: AT-SPI: AddAccessible with unknown signature (so)(so)(so)iiassusau


(process:2985163): dbind-WARNING **: 10:21:53.774: AT-SPI: Unknown signature so for RemoveAccessible

(process:2985163): dbind-WARNING **: 10:21:53.847: AT-SPI: AddAccessible with unknown signature (so)(so)(so)iiassusau


(process:2985163): dbind-WARNING **: 10:21:53.847: AT-SPI: Unknown signature so for RemoveAccessible

(process:2985163): dbind-WARNING **: 10:21:53.899: AT-SPI: AddAccessible with unknown signature (so)(so)(so)iiassusau


(process:2985163): dbind-WARNING **: 10:21:53.899: AT-SPI: Unknown signature so for RemoveAccessible

(process:2985163): dbind-WARNING **: 10:21:53.899: AT-SPI: Unknown signature so for RemoveAccessible

(process:2985163): dbind-WARNING **: 10:21:53.911: AT-SPI: AddAccessible with unknown signature (so)(so)(so)iiassusau

A11Y FileExplorer: directory/file roles, focus speech, navigation and filter controls passed

(process:2985163): dbind-WARNING **: 10:21:53.945: AT-SPI: AddAccessible with unknown signature (so)(so)(so)iiassusau


(process:2985163): dbind-WARNING **: 10:21:53.945: AT-SPI: AddAccessible with unknown signature (so)(so)(so)iiassusau


(process:2985163): dbind-WARNING **: 10:21:53.945: AT-SPI: AddAccessible with unknown signature (so)(so)(so)iiassusau

Traceback (most recent call last):
  File "/home/shawn/workspace2/reactive-tui/tests/api_widget_behavior/orca.py", line 663, in <module>
    inside(arguments)
    ~~~~~~^^^^^^^^^^^
  File "/home/shawn/workspace2/reactive-tui/tests/api_widget_behavior/orca.py", line 351, in inside
    assert orca.poll() is None
           ^^^^^^^^^^^^^^^^^^^
AssertionError
A connection to the bus can't be made
