A11Y # GNOME Terminal 3.58.0 using VTE 0.84.0 +BIDI +GNUTLS +ICU +SYSTEMD
A11Y Orca version 50.1.2, AT-SPI2 version: 2.60.0, Session: x11 gnome
A11Y isolated X11/Xvfb viewport 60x16
A11Y round 1: labels, roles, focus, disabled actions, expansion, nested input and removal passed
A11Y breadcrumb: labels, link roles, current page announcement, inert actions, assistive and keyboard focus, activation and removal passed
A11Y CSS: reference labels, description, role, focus, pressed update, live announcement and hidden state passed
A11Y checkbox: role, distinct label, mixed/checked/unchecked speech, focus, assistive/keyboard toggles and disabled actions passed
A11Y slider: label, role, focus, numeric bounds, keyboard step and changed value speech passed
A11Y radio: group/option roles, labels, focus, disabled skipping, exclusive keyboard and assistive selection passed
A11Y named radios: roles, labels, focus and exclusive group selection passed
A11Y select: combo/list/option roles, labels, expansion, focus, disabled skipping, single/multiple assistive and keyboard selection with selection speech passed
A11Y menu family 1: roles, disabled actions, assistive/keyboard focus, nested activation and removal passed
A11Y menu family 2: roles, disabled actions, assistive/keyboard focus, nested activation and removal passed
A11Y menu family 3: roles, disabled actions, assistive/keyboard focus, nested activation and removal passed
A11Y menu family 4: roles, disabled actions, assistive/keyboard focus, nested activation and removal passed
A11Y round 2: simultaneous and successive App isolation, action delivery, exactly-once callbacks and adapter cleanup passed
A11Y 10:33:44.839183 - SPEECH OUTPUT: 'Account preferences accessible label' {'established': False, 'family': {'name': '', 'gender': None, 'lang': 'C', 'dialect': '', 'variant': None}}
A11Y 10:33:44.848754 - SPEECH OUTPUT: 'collapsed button.' {'established': False}
A11Y 10:33:45.563688 - SPEECH OUTPUT: 'Account preferences accessible label' {'established': False, 'family': {'name': '', 'gender': None, 'lang': 'C', 'dialect': '', 'variant': None}}
A11Y 10:33:45.605758 - SPEECH OUTPUT: 'expanded' {'established': False}
A11Y 10:33:45.786313 - SPEECH OUTPUT: 'Nested account entry' {'established': False, 'family': {'name': '', 'gender': None, 'lang': 'C', 'dialect': '', 'variant': None}}
A11Y 10:33:45.896746 - SPEECH OUTPUT: 'Privacy preferences accessible label' {'established': False, 'family': {'name': '', 'gender': None, 'lang': 'C', 'dialect': '', 'variant': None}}
A11Y 10:33:45.897246 - SPEECH OUTPUT: 'collapsed button.' {'established': False}
A11Y 10:33:45.991135 - SPEECH OUTPUT: 'expanded' {'established': False}
A11Y 10:33:46.146186 - SPEECH OUTPUT: 'Account preferences accessible label' {'established': False, 'family': {'name': '', 'gender': None, 'lang': 'C', 'dialect': '', 'variant': None}}
A11Y 10:33:46.147430 - SPEECH OUTPUT: 'collapsed button.' {'established': False}
A11Y 10:33:46.190941 - SPEECH OUTPUT: 'expanded' {'established': False}
A11Y 10:33:46.253034 - SPEECH OUTPUT: 'Breadcrumb docs accessible label' {'established': False, 'family': {'name': '', 'gender': None, 'lang': 'C', 'dialect': '', 'variant': None}}
A11Y 10:33:46.511651 - SPEECH OUTPUT: 'Breadcrumb home accessible label' {'established': False, 'family': {'name': '', 'gender': None, 'lang': 'C', 'dialect': '', 'variant': None}}
A11Y 10:33:46.718507 - SPEECH OUTPUT: 'Breadcrumb docs accessible label' {'established': False, 'family': {'name': '', 'gender': None, 'lang': 'C', 'dialect': '', 'variant': None}}
A11Y 10:33:46.915890 - SPEECH OUTPUT: 'Breadcrumb current accessible label' {'established': False, 'family': {'name': '', 'gender': None, 'lang': 'C', 'dialect': '', 'variant': None}}
A11Y 10:33:46.916227 - SPEECH OUTPUT: 'static (Current page)' {'established': False}
A11Y 10:33:47.533548 - SPEECH OUTPUT: 'Independent App action' {'established': False, 'family': {'name': '', 'gender': None, 'lang': 'C', 'dialect': '', 'variant': None}}
A11Y 10:33:47.842460 - SPEECH OUTPUT: 'Background calls 1' {'established': False}
A11Y 10:33:47.853523 - SPEECH OUTPUT: 'pressed' {'established': False}
A11Y 10:33:48.131206 - SPEECH OUTPUT: 'Notification preference' {'established': False, 'family': {'name': '', 'gender': None, 'lang': 'C', 'dialect': '', 'variant': None}}
A11Y 10:33:48.132104 - SPEECH OUTPUT: 'check box partially checked.' {'established': False}
A11Y 10:33:48.641546 - SPEECH OUTPUT: 'checked' {'established': False}
A11Y 10:33:49.101957 - SPEECH OUTPUT: 'not checked' {'established': False}
A11Y 10:33:49.475379 - SPEECH OUTPUT: 'Playback volume' {'established': False, 'family': {'name': '', 'gender': None, 'lang': 'C', 'dialect': '', 'variant': None}}
A11Y 10:33:50.475529 - SPEECH OUTPUT: 'Standard delivery' {'established': False, 'family': {'name': '', 'gender': None, 'lang': 'C', 'dialect': '', 'variant': None}}
A11Y 10:33:50.481670 - SPEECH OUTPUT: 'selected radio button.' {'established': False}
A11Y 10:33:50.934142 - SPEECH OUTPUT: 'Express delivery' {'established': False, 'family': {'name': '', 'gender': None, 'lang': 'C', 'dialect': '', 'variant': None}}
A11Y 10:33:50.941639 - SPEECH OUTPUT: 'not selected radio button.' {'established': False}
A11Y 10:33:51.305999 - SPEECH OUTPUT: 'selected' {'established': False}
A11Y 10:33:51.754608 - SPEECH OUTPUT: 'selected radio button.' {'established': False}
A11Y 10:33:51.810621 - SPEECH OUTPUT: 'Named beta' {'established': False, 'family': {'name': '', 'gender': None, 'lang': 'C', 'dialect': '', 'variant': None}}
A11Y 10:33:51.811290 - SPEECH OUTPUT: 'not selected radio button.' {'established': False}
A11Y 10:33:54.746901 - SPEECH OUTPUT: 'selected' {'established': False}
A11Y 10:33:55.469268 - SPEECH OUTPUT: 'Menu file' {'established': False, 'family': {'name': '', 'gender': None, 'lang': 'C', 'dialect': '', 'variant': None}}
A11Y 10:33:55.534841 - SPEECH OUTPUT: 'Enable notifications' {'established': False, 'family': {'name': '', 'gender': None, 'lang': 'C', 'dialect': '', 'variant': None}}
A11Y 10:33:55.538459 - SPEECH OUTPUT: 'check menu item not checked.' {'established': False}
A11Y 10:33:55.590810 - SPEECH OUTPUT: 'expanded' {'established': False}
A11Y 10:33:55.997482 - SPEECH OUTPUT: 'Recent menu' {'established': False, 'family': {'name': '', 'gender': None, 'lang': 'C', 'dialect': '', 'variant': None}}
A11Y 10:33:56.055458 - SPEECH OUTPUT: 'Enable notifications' {'established': False, 'family': {'name': '', 'gender': None, 'lang': 'C', 'dialect': '', 'variant': None}}
A11Y 10:33:56.055744 - SPEECH OUTPUT: 'check menu item not checked.' {'established': False}
A11Y 10:33:56.956879 - SPEECH OUTPUT: 'Menu file' {'established': False, 'family': {'name': '', 'gender': None, 'lang': 'C', 'dialect': '', 'variant': None}}
A11Y 10:33:57.044303 - SPEECH OUTPUT: 'Enable notifications' {'established': False, 'family': {'name': '', 'gender': None, 'lang': 'C', 'dialect': '', 'variant': None}}
A11Y 10:33:57.051797 - SPEECH OUTPUT: 'check menu item checked.' {'established': False}
A11Y 10:33:57.094840 - SPEECH OUTPUT: 'expanded' {'established': False}
A11Y 10:33:58.127813 - SPEECH OUTPUT: 'Recent menu' {'established': False, 'family': {'name': '', 'gender': None, 'lang': 'C', 'dialect': '', 'variant': None}}
A11Y 10:33:58.519059 - SPEECH OUTPUT: 'Recent document.' {'established': False, 'family': {'name': '', 'gender': None, 'lang': 'C', 'dialect': '', 'variant': None}}
A11Y 10:33:58.574781 - SPEECH OUTPUT: 'expanded' {'established': False}
A11Y 10:33:58.954768 - SPEECH OUTPUT: 'Menu file' {'established': False, 'family': {'name': '', 'gender': None, 'lang': 'C', 'dialect': '', 'variant': None}}
A11Y 10:33:59.075025 - SPEECH OUTPUT: 'Enable notifications' {'established': False, 'family': {'name': '', 'gender': None, 'lang': 'C', 'dialect': '', 'variant': None}}
A11Y 10:33:59.082286 - SPEECH OUTPUT: 'check menu item not checked.' {'established': False}
A11Y 10:33:59.584064 - SPEECH OUTPUT: 'Recent menu' {'established': False, 'family': {'name': '', 'gender': None, 'lang': 'C', 'dialect': '', 'variant': None}}
A11Y 10:33:59.662367 - SPEECH OUTPUT: 'Enable notifications' {'established': False, 'family': {'name': '', 'gender': None, 'lang': 'C', 'dialect': '', 'variant': None}}
A11Y 10:33:59.662759 - SPEECH OUTPUT: 'check menu item not checked.' {'established': False}
A11Y 10:34:00.741909 - SPEECH OUTPUT: 'checked' {'established': False}
A11Y 10:34:01.595019 - SPEECH OUTPUT: 'Recent menu' {'established': False, 'family': {'name': '', 'gender': None, 'lang': 'C', 'dialect': '', 'variant': None}}
A11Y 10:34:01.992727 - SPEECH OUTPUT: 'expanded' {'established': False}
A11Y 10:34:02.098894 - SPEECH OUTPUT: 'Recent document.' {'established': False, 'family': {'name': '', 'gender': None, 'lang': 'C', 'dialect': '', 'variant': None}}
A11Y 10:34:02.554540 - SPEECH OUTPUT: 'Recent menu' {'established': False, 'family': {'name': '', 'gender': None, 'lang': 'C', 'dialect': '', 'variant': None}}
A11Y 10:34:02.724843 - SPEECH OUTPUT: 'Enable notifications' {'established': False, 'family': {'name': '', 'gender': None, 'lang': 'C', 'dialect': '', 'variant': None}}
A11Y 10:34:02.735058 - SPEECH OUTPUT: 'check menu item not checked.' {'established': False}
A11Y 10:34:03.346139 - SPEECH OUTPUT: 'Recent menu' {'established': False, 'family': {'name': '', 'gender': None, 'lang': 'C', 'dialect': '', 'variant': None}}
A11Y 10:34:03.421286 - SPEECH OUTPUT: 'Enable notifications' {'established': False, 'family': {'name': '', 'gender': None, 'lang': 'C', 'dialect': '', 'variant': None}}
A11Y 10:34:03.421552 - SPEECH OUTPUT: 'check menu item not checked.' {'established': False}
A11Y 10:34:04.343722 - SPEECH OUTPUT: 'Recent menu' {'established': False, 'family': {'name': '', 'gender': None, 'lang': 'C', 'dialect': '', 'variant': None}}
A11Y 10:34:04.821131 - SPEECH OUTPUT: 'Recent document.' {'established': False, 'family': {'name': '', 'gender': None, 'lang': 'C', 'dialect': '', 'variant': None}}
A11Y 10:34:04.875857 - SPEECH OUTPUT: 'expanded' {'established': False}
A11Y 10:34:05.460883 - SPEECH OUTPUT: 'Enable notifications' {'established': False, 'family': {'name': '', 'gender': None, 'lang': 'C', 'dialect': '', 'variant': None}}
A11Y 10:34:05.469750 - SPEECH OUTPUT: 'check menu item not checked.' {'established': False}
A11Y 10:34:06.065916 - SPEECH OUTPUT: 'Recent menu' {'established': False, 'family': {'name': '', 'gender': None, 'lang': 'C', 'dialect': '', 'variant': None}}
A11Y 10:34:06.143741 - SPEECH OUTPUT: 'Enable notifications' {'established': False, 'family': {'name': '', 'gender': None, 'lang': 'C', 'dialect': '', 'variant': None}}
A11Y 10:34:06.144272 - SPEECH OUTPUT: 'check menu item not checked.' {'established': False}
A11Y 10:34:07.426551 - SPEECH OUTPUT: 'checked' {'established': False}
A11Y 10:34:08.429239 - SPEECH OUTPUT: 'Recent menu' {'established': False, 'family': {'name': '', 'gender': None, 'lang': 'C', 'dialect': '', 'variant': None}}
A11Y 10:34:08.937956 - SPEECH OUTPUT: 'expanded' {'established': False}
A11Y 10:34:09.006639 - SPEECH OUTPUT: 'Recent document' {'established': False, 'family': {'name': '', 'gender': None, 'lang': 'C', 'dialect': '', 'variant': None}}
A11Y 10:34:09.011110 - SPEECH OUTPUT: 'check menu item not checked.' {'established': False}
A11Y 10:34:09.502957 - SPEECH OUTPUT: 'checked' {'established': False}
A11Y 10:34:09.620908 - SPEECH OUTPUT: 'Background calls 1' {'established': False}
A11Y 10:34:09.828622 - SPEECH OUTPUT: 'Background calls 1' {'established': False}
A11Y 10:34:09.974149 - SPEECH OUTPUT: 'Account preferences accessible label' {'established': False, 'family': {'name': '', 'gender': None, 'lang': 'C', 'dialect': '', 'variant': None}}
A11Y 10:34:09.974519 - SPEECH OUTPUT: 'collapsed button.' {'established': False}
A11Y 10:34:10.227229 - SPEECH OUTPUT: 'expanded' {'established': False}
Orca diagnostic logs: /home/shawn/workspace2/scratchpads/tmp/rtui-orca-3lnc8ip4
