==3115676== Memcheck, a memory error detector
==3115676== Copyright (C) 2002-2024, and GNU GPL'd, by Julian Seward et al.
==3115676== Using Valgrind-3.26.0 and LibVEX; rerun with -h for copyright info
==3115676== Command: /usr/bin/python3 /tmp/api011-valgrind/orca-diagnostic.py --inside /home/shawn/workspace2/scratchpads/tmp/rtui-orca-3lnc8ip4 --binary /home/shawn/workspace2/reactive-tui/target/debug/examples/accessibility_probe --geometry 60x16
==3115676== Parent PID: 3115674
==3115676== 
==3115676== Invalid read of size 8
==3115676==    at 0x9C35CD5: atspi_state_set_contains (in /usr/lib/x86_64-linux-gnu/libatspi.so.0.0.1)
==3115676==    by 0x9C28D07: _atspi_accessible_test_cache (in /usr/lib/x86_64-linux-gnu/libatspi.so.0.0.1)
==3115676==    by 0x9C291B2: atspi_accessible_get_child_count (in /usr/lib/x86_64-linux-gnu/libatspi.so.0.0.1)
==3115676==    by 0x77AE055: ??? (in /usr/lib/x86_64-linux-gnu/libffi.so.8.2.0)
==3115676==    by 0x77A9D15: ??? (in /usr/lib/x86_64-linux-gnu/libffi.so.8.2.0)
==3115676==    by 0x77AC7AD: ffi_call (in /usr/lib/x86_64-linux-gnu/libffi.so.8.2.0)
==3115676==    by 0x81475BF: ??? (in /usr/lib/python3/dist-packages/gi/_gi.cpython-314-x86_64-linux-gnu.so)
==3115676==    by 0x813D9EA: ??? (in /usr/lib/python3/dist-packages/gi/_gi.cpython-314-x86_64-linux-gnu.so)
==3115676==    by 0x535882: PyObject_Vectorcall (in /usr/bin/python3.14)
==3115676==    by 0x54DB67: _PyEval_EvalFrameDefault (in /usr/bin/python3.14)
==3115676==    by 0x61F6EB: ??? (in /usr/bin/python3.14)
==3115676==    by 0x54E41F: _PyEval_EvalFrameDefault (in /usr/bin/python3.14)
==3115676==  Address 0x60a4c00 is 32 bytes inside a block of size 40 free'd
==3115676==    at 0x484EB1D: free_sized (vg_replace_malloc.c:1034)
==3115676==    by 0x8329A32: g_type_free_instance (in /usr/lib/x86_64-linux-gnu/libgobject-2.0.so.0.8800.0)
==3115676==    by 0x8314706: g_object_unref (in /usr/lib/x86_64-linux-gnu/libgobject-2.0.so.0.8800.0)
==3115676==    by 0x9C25674: ??? (in /usr/lib/x86_64-linux-gnu/libatspi.so.0.0.1)
==3115676==    by 0x83149CC: g_object_run_dispose (in /usr/lib/x86_64-linux-gnu/libgobject-2.0.so.0.8800.0)
==3115676==    by 0x9C346F6: ??? (in /usr/lib/x86_64-linux-gnu/libatspi.so.0.0.1)
==3115676==    by 0x9C35772: _atspi_dbus_call (in /usr/lib/x86_64-linux-gnu/libatspi.so.0.0.1)
==3115676==    by 0x9C35D23: atspi_state_set_contains (in /usr/lib/x86_64-linux-gnu/libatspi.so.0.0.1)
==3115676==    by 0x9C28D07: _atspi_accessible_test_cache (in /usr/lib/x86_64-linux-gnu/libatspi.so.0.0.1)
==3115676==    by 0x9C291B2: atspi_accessible_get_child_count (in /usr/lib/x86_64-linux-gnu/libatspi.so.0.0.1)
==3115676==    by 0x77AE055: ??? (in /usr/lib/x86_64-linux-gnu/libffi.so.8.2.0)
==3115676==    by 0x77A9D15: ??? (in /usr/lib/x86_64-linux-gnu/libffi.so.8.2.0)
==3115676==  Block was alloc'd at
==3115676==    at 0x4852E43: calloc (vg_replace_malloc.c:1678)
==3115676==    by 0x81D4121: g_malloc0 (in /usr/lib/x86_64-linux-gnu/libglib-2.0.so.0.8800.0)
==3115676==    by 0x8330A33: g_type_create_instance (in /usr/lib/x86_64-linux-gnu/libgobject-2.0.so.0.8800.0)
==3115676==    by 0x83163E3: ??? (in /usr/lib/x86_64-linux-gnu/libgobject-2.0.so.0.8800.0)
==3115676==    by 0x83179E6: g_object_new_with_properties (in /usr/lib/x86_64-linux-gnu/libgobject-2.0.so.0.8800.0)
==3115676==    by 0x83189C0: g_object_new (in /usr/lib/x86_64-linux-gnu/libgobject-2.0.so.0.8800.0)
==3115676==    by 0x9C30E55: _atspi_state_set_new_internal (in /usr/lib/x86_64-linux-gnu/libatspi.so.0.0.1)
==3115676==    by 0x9C33B1F: _atspi_dbus_set_state (in /usr/lib/x86_64-linux-gnu/libatspi.so.0.0.1)
==3115676==    by 0x9C2B487: ??? (in /usr/lib/x86_64-linux-gnu/libatspi.so.0.0.1)
==3115676==    by 0x9C3462D: ??? (in /usr/lib/x86_64-linux-gnu/libatspi.so.0.0.1)
==3115676==    by 0x9C35772: _atspi_dbus_call (in /usr/lib/x86_64-linux-gnu/libatspi.so.0.0.1)
==3115676==    by 0x9C35D23: atspi_state_set_contains (in /usr/lib/x86_64-linux-gnu/libatspi.so.0.0.1)
==3115676== 
==3115676== 
==3115676== HEAP SUMMARY:
==3115676==     in use at exit: 1,246,156 bytes in 10,212 blocks
==3115676==   total heap usage: 2,237,802 allocs, 2,227,590 frees, 3,007,777,194 bytes allocated
==3115676== 
==3115676== For a detailed leak analysis, rerun with: --leak-check=full
==3115676== 
==3115676== For lists of detected and suppressed errors, rerun with: -s
==3115676== ERROR SUMMARY: 1 errors from 1 contexts (suppressed: 0 from 0)
