   Compiling reactive-tui v0.0.7 (/home/shawn/workspace2/reactive-tui)
warning: ambiguous glob re-exports
  --> src/ffi/mod.rs:94:9
   |
94 | pub use pointer::*;
   |         ^^^^^^^^^^ the name `validate_pointer` in the value namespace is first re-exported here
...
99 | pub use types::*;
   |         -------- but the name `validate_pointer` in the value namespace is also re-exported here
   |
   = note: `#[warn(ambiguous_glob_reexports)]` on by default

warning: unused variable: `width`
  --> src/ffi/lib.rs:85:14
   |
85 |         let (width, height) = renderer_box.dims();
   |              ^^^^^ help: if this is intentional, prefix it with an underscore: `_width`
   |
   = note: `#[warn(unused_variables)]` (part of `#[warn(unused)]`) on by default

warning: function `validate_pointer` is never used
   --> src/ffi/types.rs:182:15
    |
182 | pub(crate) fn validate_pointer<T>(ptr: *const T) -> bool {
    |               ^^^^^^^^^^^^^^^^
    |
    = note: `#[warn(dead_code)]` (part of `#[warn(unused)]`) on by default

warning: function `validate_mut_pointer` is never used
   --> src/ffi/types.rs:187:15
    |
187 | pub(crate) fn validate_mut_pointer<T>(ptr: *mut T) -> bool {
    |               ^^^^^^^^^^^^^^^^^^^^

warning: function `safe_cast` is never used
   --> src/ffi/types.rs:192:22
    |
192 | pub(crate) unsafe fn safe_cast<T, U>(ptr: *mut T) -> Result<*mut U, ReactiveError> {
    |                      ^^^^^^^^^

warning: function `safe_cast_const` is never used
   --> src/ffi/types.rs:206:22
    |
206 | pub(crate) unsafe fn safe_cast_const<T, U>(ptr: *const T) -> Result<*const U, ReactiveError> {
    |                      ^^^^^^^^^^^^^^^

warning: `reactive-tui` (lib) generated 6 warnings (run `cargo fix --lib -p reactive-tui` to apply 1 suggestion)
    Finished `dev` profile [unoptimized + debuginfo] target(s) in 14.86s
    Finished `test` profile [unoptimized + debuginfo] target(s) in 0.10s
     Running tests/registry_cache_isolation.rs (target/debug/deps/registry_cache_isolation-314b4c05045ad3a8)
    Finished `test` profile [unoptimized + debuginfo] target(s) in 0.10s
     Running unittests src/lib.rs (target/debug/deps/reactive_tui-3b9bd581c091ab71)
    Finished `test` profile [unoptimized + debuginfo] target(s) in 0.10s
    Finished `test` profile [unoptimized + debuginfo] target(s) in 0.10s
     Running tests/component_macro_integration.rs (target/debug/deps/component_macro_integration-5e84de4c9be4efc2)
     Running tests/component_macro_test.rs (target/debug/deps/component_macro_test-af15a618f395161d)
     Running tests/component_tests.rs (target/debug/deps/component_tests-d659f6cfd1339110)
    Finished `test` profile [unoptimized + debuginfo] target(s) in 0.10s
     Running unittests src/lib.rs (target/debug/deps/reactive_tui-3b9bd581c091ab71)
    Finished `test` profile [unoptimized + debuginfo] target(s) in 0.09s
    Finished `test` profile [unoptimized + debuginfo] target(s) in 0.10s
     Running tests/component_macro_integration.rs (target/debug/deps/component_macro_integration-5e84de4c9be4efc2)
     Running tests/component_macro_test.rs (target/debug/deps/component_macro_test-af15a618f395161d)
     Running tests/component_tests.rs (target/debug/deps/component_tests-d659f6cfd1339110)
    Finished `test` profile [unoptimized + debuginfo] target(s) in 0.09s
     Running unittests src/lib.rs (target/debug/deps/reactive_tui-3b9bd581c091ab71)
    Finished `test` profile [unoptimized + debuginfo] target(s) in 0.09s
     Running unittests src/lib.rs (target/debug/deps/reactive_tui-3b9bd581c091ab71)
    Finished `test` profile [unoptimized + debuginfo] target(s) in 0.10s
     Running tests/app_wakeups.rs (target/debug/deps/app_wakeups-1835f72a7e56899b)
    Finished `dev` profile [unoptimized + debuginfo] target(s) in 0.10s
   Compiling reactive-tui v0.0.7 (/home/shawn/workspace2/reactive-tui)
    Finished `test` profile [unoptimized + debuginfo] target(s) in 16.80s
     Running unittests src/lib.rs (target/debug/deps/reactive_tui-5439da5087d4189e)
   Compiling reactive-tui v0.0.7 (/home/shawn/workspace2/reactive-tui)
    Finished `test` profile [unoptimized + debuginfo] target(s) in 15.58s
     Running tests/embedded_terminal.rs (target/debug/deps/embedded_terminal-f0aac84522233fc7)
   Compiling reactive-tui v0.0.7 (/home/shawn/workspace2/reactive-tui)
    Finished `dev` profile [unoptimized + debuginfo] target(s) in 0.80s
   Compiling proc-macro2 v1.0.107
   Compiling unicode-ident v1.0.24
   Compiling quote v1.0.47
   Compiling autocfg v1.5.1
   Compiling crossbeam-utils v0.8.23
   Compiling crossbeam-epoch v0.9.21
   Compiling cfg-if v1.0.4
   Compiling crossbeam-deque v0.8.8
   Compiling version_check v0.9.5
   Compiling rayon-core v1.13.0
   Compiling simd-adler32 v0.3.10
   Compiling memchr v2.8.3
   Compiling arrayvec v0.7.8
   Compiling either v1.18.0
   Compiling adler2 v2.0.1
   Compiling anyhow v1.0.104
   Compiling paste v1.0.15
   Compiling stable_deref_trait v1.2.1
   Compiling thiserror v2.0.20
   Compiling crc32fast v1.5.1
   Compiling zerocopy v0.8.56
   Compiling av-scenechange v0.14.1
   Compiling num-traits v0.2.19
   Compiling bitflags v2.13.1
   Compiling libc v0.2.189
   Compiling bytemuck v1.25.2
   Compiling log v0.4.34
   Compiling libm v0.2.16
   Compiling built v0.8.1
   Compiling miniz_oxide v0.9.1
   Compiling as-slice v0.2.1
   Compiling nom v8.0.0
   Compiling no_std_io2 v0.9.4
   Compiling aligned v0.4.3
   Compiling pulp v0.22.3
   Compiling pastey v0.1.1
   Compiling rav1e v0.8.1
   Compiling y4m v0.8.0
   Compiling quick-error v2.0.1
   Compiling num-integer v0.1.47
   Compiling num-complex v0.4.6
   Compiling raw-cpuid v11.6.0
   Compiling flate2 v1.1.10
   Compiling bitstream-io v4.10.0
   Compiling miniz_oxide v0.8.9
   Compiling itertools v0.14.0
   Compiling num-bigint v0.4.8
   Compiling slotmap v1.1.1
   Compiling smallvec v1.16.0
   Compiling zune-core v0.5.3
   Compiling weezl v0.1.12
   Compiling pulp-wasm-simd-flag v0.1.1
   Compiling syn v2.0.119
   Compiling syn v3.0.5
   Compiling simd_helpers v0.1.0
   Compiling reborrow v0.5.5
   Compiling num-rational v0.4.2
   Compiling new_debug_unreachable v1.0.6
   Compiling imgref v1.12.3
   Compiling noop_proc_macro v0.3.0
   Compiling zune-jpeg v0.5.15
   Compiling zune-inflate v0.2.54
   Compiling fdeflate v0.3.7
   Compiling avif-serialize v0.8.9
   Compiling fax v0.2.7
   Compiling pxfm v0.1.30
   Compiling bit_field v0.10.3
   Compiling rayon v1.12.0
   Compiling loop9 v0.1.5
   Compiling rgb v0.8.53
   Compiling color_quant v1.1.0
   Compiling byteorder-lite v0.1.0
   Compiling lebe v0.5.3
   Compiling png v0.18.1
   Compiling gif v0.14.2
   Compiling qoi v0.4.1
   Compiling vte v0.14.1
   Compiling thiserror-impl v2.0.20
   Compiling image-webp v0.2.4
   Compiling unicode-segmentation v1.13.3
   Compiling taffy v0.13.0
   Compiling equator-macro v0.4.2
   Compiling zerocopy-derive v0.8.56
   Compiling arg_enum_proc_macro v0.3.4
   Compiling profiling-procmacros v1.0.18
   Compiling equator v0.4.2
   Compiling num-derive v0.4.2
   Compiling profiling v1.0.18
   Compiling maybe-rayon v0.1.1
   Compiling unicode-properties v0.1.4
   Compiling moxcms v0.8.1
   Compiling aligned-vec v0.6.4
   Compiling v_frame v0.3.9
   Compiling av1-grain v0.2.5
   Compiling half v2.7.1
   Compiling exr v1.74.2
   Compiling tiff v0.11.3
   Compiling ravif v0.13.0
   Compiling image v0.25.10
   Compiling suprtui v0.1.0 (/home/shawn/workspace2/reactive-tui/src/backend/engine)
    Finished `test` profile [unoptimized + debuginfo] target(s) in 21.45s
     Running unittests src/lib.rs (target/renderer/debug/deps/suprtui-279fed21f0bfdec2)
     Running tests/buffer_core.rs (target/renderer/debug/deps/buffer_core-7dfc813fa1599691)
     Running tests/buffer_draw.rs (target/renderer/debug/deps/buffer_draw-4f6ac13b1c5b1241)
     Running tests/cell_decorations.rs (target/renderer/debug/deps/cell_decorations-dbaa08019bf48ecb)
     Running tests/layout_engine.rs (target/renderer/debug/deps/layout_engine-b786219cbf868fab)
     Running tests/link_pool.rs (target/renderer/debug/deps/link_pool-cfa56bb052a98faa)
     Running tests/media_audio.rs (target/renderer/debug/deps/media_audio-1cd0fe30083c146e)
     Running tests/media_image.rs (target/renderer/debug/deps/media_image-2d101a35ff862bb9)
     Running tests/render_core.rs (target/renderer/debug/deps/render_core-037a389b02a78324)
     Running tests/render_stdout.rs (target/renderer/debug/deps/render_stdout-dc1d76dd8c4fd206)
     Running tests/render_terminal.rs (target/renderer/debug/deps/render_terminal-96855acce52ae671)
     Running tests/sys_clipboard.rs (target/renderer/debug/deps/sys_clipboard-08baa445095b880c)
     Running tests/sys_clipboard_backends.rs (target/renderer/debug/deps/sys_clipboard_backends-c5af8d4f137c3880)
     Running tests/sys_core.rs (target/renderer/debug/deps/sys_core-f560822a17abf4ac)
     Running tests/sys_small.rs (target/renderer/debug/deps/sys_small-47ac6f71ff1586e2)
     Running tests/term_core.rs (target/renderer/debug/deps/term_core-f71b0a59e205c510)
     Running tests/term_embedded.rs (target/renderer/debug/deps/term_embedded-b649cc30aecf89aa)
     Running tests/text_gaps.rs (target/renderer/debug/deps/text_gaps-6fa2b3501969592f)
     Running tests/text_store.rs (target/renderer/debug/deps/text_store-2d8586f1c10852ea)
     Running tests/text_view.rs (target/renderer/debug/deps/text_view-739ab3b1a18d3ec3)
     Running tests/uni_pool.rs (target/renderer/debug/deps/uni_pool-c69be1e656e6b2d6)
     Running tests/uni_ported.rs (target/renderer/debug/deps/uni_ported-54b9272fb04ee650)
     Running tests/uni_segments.rs (target/renderer/debug/deps/uni_segments-7d68f6e46aecacf1)
   Doc-tests suprtui
   Compiling reactive-tui v0.0.7 (/home/shawn/workspace2/reactive-tui)
    Finished `test` profile [unoptimized + debuginfo] target(s) in 14.78s
     Running tests/suprtui_renderer.rs (target/debug/deps/suprtui_renderer-1b9324f5f644a38e)
   Compiling reactive-tui v0.0.7 (/home/shawn/workspace2/reactive-tui)
    Finished `dev` profile [unoptimized + debuginfo] target(s) in 0.83s
....
----------------------------------------------------------------------
Ran 4 tests in 0.008s

OK
    Finished `test` profile [unoptimized + debuginfo] target(s) in 0.09s
     Running unittests src/lib.rs (target/debug/deps/reactive_tui-5439da5087d4189e)
   Compiling reactive-tui v0.0.7 (/home/shawn/workspace2/reactive-tui)
    Finished `test` profile [unoptimized + debuginfo] target(s) in 14.93s
     Running tests/embedded_terminal.rs (target/debug/deps/embedded_terminal-f0aac84522233fc7)
   Compiling reactive-tui v0.0.7 (/home/shawn/workspace2/reactive-tui)
    Finished `dev` profile [unoptimized + debuginfo] target(s) in 0.83s
    Finished `test` profile [unoptimized + debuginfo] target(s) in 0.03s
     Running unittests src/lib.rs (target/renderer/debug/deps/suprtui-279fed21f0bfdec2)
     Running tests/buffer_core.rs (target/renderer/debug/deps/buffer_core-7dfc813fa1599691)
     Running tests/buffer_draw.rs (target/renderer/debug/deps/buffer_draw-4f6ac13b1c5b1241)
     Running tests/cell_decorations.rs (target/renderer/debug/deps/cell_decorations-dbaa08019bf48ecb)
     Running tests/layout_engine.rs (target/renderer/debug/deps/layout_engine-b786219cbf868fab)
     Running tests/link_pool.rs (target/renderer/debug/deps/link_pool-cfa56bb052a98faa)
     Running tests/media_audio.rs (target/renderer/debug/deps/media_audio-1cd0fe30083c146e)
     Running tests/media_image.rs (target/renderer/debug/deps/media_image-2d101a35ff862bb9)
     Running tests/render_core.rs (target/renderer/debug/deps/render_core-037a389b02a78324)
     Running tests/render_stdout.rs (target/renderer/debug/deps/render_stdout-dc1d76dd8c4fd206)
     Running tests/render_terminal.rs (target/renderer/debug/deps/render_terminal-96855acce52ae671)
     Running tests/sys_clipboard.rs (target/renderer/debug/deps/sys_clipboard-08baa445095b880c)
     Running tests/sys_clipboard_backends.rs (target/renderer/debug/deps/sys_clipboard_backends-c5af8d4f137c3880)
     Running tests/sys_core.rs (target/renderer/debug/deps/sys_core-f560822a17abf4ac)
     Running tests/sys_small.rs (target/renderer/debug/deps/sys_small-47ac6f71ff1586e2)
     Running tests/term_core.rs (target/renderer/debug/deps/term_core-f71b0a59e205c510)
     Running tests/term_embedded.rs (target/renderer/debug/deps/term_embedded-b649cc30aecf89aa)
     Running tests/text_gaps.rs (target/renderer/debug/deps/text_gaps-6fa2b3501969592f)
     Running tests/text_store.rs (target/renderer/debug/deps/text_store-2d8586f1c10852ea)
     Running tests/text_view.rs (target/renderer/debug/deps/text_view-739ab3b1a18d3ec3)
     Running tests/uni_pool.rs (target/renderer/debug/deps/uni_pool-c69be1e656e6b2d6)
     Running tests/uni_ported.rs (target/renderer/debug/deps/uni_ported-54b9272fb04ee650)
     Running tests/uni_segments.rs (target/renderer/debug/deps/uni_segments-7d68f6e46aecacf1)
   Doc-tests suprtui
   Compiling reactive-tui v0.0.7 (/home/shawn/workspace2/reactive-tui)
    Finished `test` profile [unoptimized + debuginfo] target(s) in 14.55s
     Running tests/suprtui_renderer.rs (target/debug/deps/suprtui_renderer-1b9324f5f644a38e)
   Compiling reactive-tui v0.0.7 (/home/shawn/workspace2/reactive-tui)
    Finished `dev` profile [unoptimized + debuginfo] target(s) in 0.83s
....
----------------------------------------------------------------------
Ran 4 tests in 0.008s

OK
    Finished `test` profile [unoptimized + debuginfo] target(s) in 0.03s
     Running unittests src/lib.rs (target/renderer/debug/deps/suprtui-279fed21f0bfdec2)
     Running tests/buffer_core.rs (target/renderer/debug/deps/buffer_core-7dfc813fa1599691)
     Running tests/buffer_draw.rs (target/renderer/debug/deps/buffer_draw-4f6ac13b1c5b1241)
     Running tests/cell_decorations.rs (target/renderer/debug/deps/cell_decorations-dbaa08019bf48ecb)
     Running tests/layout_engine.rs (target/renderer/debug/deps/layout_engine-b786219cbf868fab)
     Running tests/link_pool.rs (target/renderer/debug/deps/link_pool-cfa56bb052a98faa)
     Running tests/media_audio.rs (target/renderer/debug/deps/media_audio-1cd0fe30083c146e)
     Running tests/media_image.rs (target/renderer/debug/deps/media_image-2d101a35ff862bb9)
     Running tests/render_core.rs (target/renderer/debug/deps/render_core-037a389b02a78324)
     Running tests/render_stdout.rs (target/renderer/debug/deps/render_stdout-dc1d76dd8c4fd206)
     Running tests/render_terminal.rs (target/renderer/debug/deps/render_terminal-96855acce52ae671)
     Running tests/sys_clipboard.rs (target/renderer/debug/deps/sys_clipboard-08baa445095b880c)
     Running tests/sys_clipboard_backends.rs (target/renderer/debug/deps/sys_clipboard_backends-c5af8d4f137c3880)
     Running tests/sys_core.rs (target/renderer/debug/deps/sys_core-f560822a17abf4ac)
     Running tests/sys_small.rs (target/renderer/debug/deps/sys_small-47ac6f71ff1586e2)
     Running tests/term_core.rs (target/renderer/debug/deps/term_core-f71b0a59e205c510)
     Running tests/term_embedded.rs (target/renderer/debug/deps/term_embedded-b649cc30aecf89aa)
     Running tests/text_gaps.rs (target/renderer/debug/deps/text_gaps-6fa2b3501969592f)
     Running tests/text_store.rs (target/renderer/debug/deps/text_store-2d8586f1c10852ea)
     Running tests/text_view.rs (target/renderer/debug/deps/text_view-739ab3b1a18d3ec3)
     Running tests/uni_pool.rs (target/renderer/debug/deps/uni_pool-c69be1e656e6b2d6)
     Running tests/uni_ported.rs (target/renderer/debug/deps/uni_ported-54b9272fb04ee650)
     Running tests/uni_segments.rs (target/renderer/debug/deps/uni_segments-7d68f6e46aecacf1)
   Doc-tests suprtui
    Finished `test` profile [unoptimized + debuginfo] target(s) in 0.09s
     Running tests/suprtui_renderer.rs (target/debug/deps/suprtui_renderer-1b9324f5f644a38e)
    Finished `dev` profile [unoptimized + debuginfo] target(s) in 0.10s
....
----------------------------------------------------------------------
Ran 4 tests in 0.008s

OK
