   Compiling reactive-tui v0.0.7 (/home/shawn/workspace2/reactive-tui)
warning: ambiguous glob re-exports
  --> src/ffi/mod.rs:85:9
   |
85 | pub use pointer::*;
   |         ^^^^^^^^^^ the name `validate_pointer` in the value namespace is first re-exported here
...
90 | pub use types::*;
   |         -------- but the name `validate_pointer` in the value namespace is also re-exported here
   |
   = note: `#[warn(ambiguous_glob_reexports)]` on by default

warning: unused variable: `width`
  --> src/ffi/lib.rs:85:14
   |
85 |         let (width, height) = renderer_box.dims();
   |              ^^^^^ help: if this is intentional, prefix it with an underscore: `_width`
   |
   = note: `#[warn(unused_variables)]` (part of `#[warn(unused)]`) on by default

warning: function `validate_pointer` is never used
   --> src/ffi/types.rs:182:15
    |
182 | pub(crate) fn validate_pointer<T>(ptr: *const T) -> bool {
    |               ^^^^^^^^^^^^^^^^
    |
    = note: `#[warn(dead_code)]` (part of `#[warn(unused)]`) on by default

warning: function `validate_mut_pointer` is never used
   --> src/ffi/types.rs:187:15
    |
187 | pub(crate) fn validate_mut_pointer<T>(ptr: *mut T) -> bool {
    |               ^^^^^^^^^^^^^^^^^^^^

warning: function `safe_cast` is never used
   --> src/ffi/types.rs:192:22
    |
192 | pub(crate) unsafe fn safe_cast<T, U>(ptr: *mut T) -> Result<*mut U, ReactiveError> {
    |                      ^^^^^^^^^

warning: function `safe_cast_const` is never used
   --> src/ffi/types.rs:206:22
    |
206 | pub(crate) unsafe fn safe_cast_const<T, U>(ptr: *const T) -> Result<*const U, ReactiveError> {
    |                      ^^^^^^^^^^^^^^^

warning: `reactive-tui` (lib) generated 6 warnings (run `cargo fix --lib -p reactive-tui` to apply 1 suggestion)
    Finished `dev` profile [unoptimized + debuginfo] target(s) in 3.08s
    Finished `test` profile [unoptimized + debuginfo] target(s) in 0.12s
     Running tests/registry_cache_isolation.rs (target/debug/deps/registry_cache_isolation-6428099a4e7c3b75)
    Finished `test` profile [unoptimized + debuginfo] target(s) in 0.08s
     Running unittests src/lib.rs (target/debug/deps/reactive_tui-12f44458daa3f67c)
    Finished `test` profile [unoptimized + debuginfo] target(s) in 0.09s
    Finished `test` profile [unoptimized + debuginfo] target(s) in 0.08s
     Running tests/component_macro_integration.rs (target/debug/deps/component_macro_integration-8b17c792f94eae02)
     Running tests/component_macro_test.rs (target/debug/deps/component_macro_test-2c7cae9496382a04)
     Running tests/component_tests.rs (target/debug/deps/component_tests-982f7fce7691e5c1)
    Finished `test` profile [unoptimized + debuginfo] target(s) in 0.07s
     Running unittests src/lib.rs (target/debug/deps/reactive_tui-12f44458daa3f67c)
    Finished `test` profile [unoptimized + debuginfo] target(s) in 0.07s
    Finished `test` profile [unoptimized + debuginfo] target(s) in 0.07s
     Running tests/component_macro_integration.rs (target/debug/deps/component_macro_integration-8b17c792f94eae02)
     Running tests/component_macro_test.rs (target/debug/deps/component_macro_test-2c7cae9496382a04)
     Running tests/component_tests.rs (target/debug/deps/component_tests-982f7fce7691e5c1)
    Finished `test` profile [unoptimized + debuginfo] target(s) in 0.07s
     Running unittests src/lib.rs (target/debug/deps/reactive_tui-12f44458daa3f67c)
    Finished `test` profile [unoptimized + debuginfo] target(s) in 0.07s
     Running unittests src/lib.rs (target/debug/deps/reactive_tui-12f44458daa3f67c)
    Finished `test` profile [unoptimized + debuginfo] target(s) in 0.08s
     Running tests/app_wakeups.rs (target/debug/deps/app_wakeups-3090d364d87ad530)
    Finished `dev` profile [unoptimized + debuginfo] target(s) in 0.07s
   Compiling reactive-tui v0.0.7 (/home/shawn/workspace2/reactive-tui)
    Finished `test` profile [unoptimized + debuginfo] target(s) in 8.20s
     Running unittests src/lib.rs (target/debug/deps/reactive_tui-673344539fa2c97f)
   Compiling reactive-tui v0.0.7 (/home/shawn/workspace2/reactive-tui)
    Finished `test` profile [unoptimized + debuginfo] target(s) in 9.99s
     Running tests/embedded_terminal.rs (target/debug/deps/embedded_terminal-38ad157e20efec09)
   Compiling reactive-tui v0.0.7 (/home/shawn/workspace2/reactive-tui)
    Finished `dev` profile [unoptimized + debuginfo] target(s) in 0.64s
    Finished `test` profile [unoptimized + debuginfo] target(s) in 0.14s
     Running unittests src/lib.rs (target/renderer/debug/deps/suprtui-bfa5ab8ec07b660c)
     Running tests/buffer_core.rs (target/renderer/debug/deps/buffer_core-062c921273eaee1f)
     Running tests/buffer_draw.rs (target/renderer/debug/deps/buffer_draw-6966481adf2340d6)
     Running tests/cell_decorations.rs (target/renderer/debug/deps/cell_decorations-3aecad68aa27cd76)
     Running tests/layout_engine.rs (target/renderer/debug/deps/layout_engine-452c7acd169f9ed1)
     Running tests/link_pool.rs (target/renderer/debug/deps/link_pool-7030d87d23be293c)
     Running tests/media_audio.rs (target/renderer/debug/deps/media_audio-b32bc7d572eb313c)
     Running tests/media_image.rs (target/renderer/debug/deps/media_image-70ac9a7f7b2dcba0)
     Running tests/render_core.rs (target/renderer/debug/deps/render_core-cd44f347e29feb32)
     Running tests/render_stdout.rs (target/renderer/debug/deps/render_stdout-603a9817eb59fcd5)
     Running tests/render_terminal.rs (target/renderer/debug/deps/render_terminal-d35dcc813354ec52)
     Running tests/sys_clipboard.rs (target/renderer/debug/deps/sys_clipboard-643c1d5733abbe23)
     Running tests/sys_clipboard_backends.rs (target/renderer/debug/deps/sys_clipboard_backends-d958ec6fdaf033e0)
     Running tests/sys_core.rs (target/renderer/debug/deps/sys_core-f3ba0a101853eb62)
     Running tests/sys_small.rs (target/renderer/debug/deps/sys_small-9bf34b37ba68afd7)
     Running tests/term_core.rs (target/renderer/debug/deps/term_core-480c7468d308f0e6)
     Running tests/term_embedded.rs (target/renderer/debug/deps/term_embedded-a81d9c3a74963a7b)
     Running tests/text_gaps.rs (target/renderer/debug/deps/text_gaps-f251e95b6c601890)
     Running tests/text_store.rs (target/renderer/debug/deps/text_store-8fa15f1a5c6d9f8e)
     Running tests/text_view.rs (target/renderer/debug/deps/text_view-51dad4ef1a33d47a)
     Running tests/uni_pool.rs (target/renderer/debug/deps/uni_pool-c02878d392ec28fa)
     Running tests/uni_ported.rs (target/renderer/debug/deps/uni_ported-14fec044053e3b9a)
     Running tests/uni_segments.rs (target/renderer/debug/deps/uni_segments-4238f27eff0b78b2)
   Doc-tests suprtui
   Compiling reactive-tui v0.0.7 (/home/shawn/workspace2/reactive-tui)
    Finished `test` profile [unoptimized + debuginfo] target(s) in 3.60s
     Running tests/suprtui_renderer.rs (target/debug/deps/suprtui_renderer-9179244571f00f6a)
   Compiling reactive-tui v0.0.7 (/home/shawn/workspace2/reactive-tui)
    Finished `dev` profile [unoptimized + debuginfo] target(s) in 0.62s
....
----------------------------------------------------------------------
Ran 4 tests in 0.008s

OK
    Finished `test` profile [unoptimized + debuginfo] target(s) in 0.07s
     Running unittests src/lib.rs (target/debug/deps/reactive_tui-673344539fa2c97f)
   Compiling reactive-tui v0.0.7 (/home/shawn/workspace2/reactive-tui)
    Finished `test` profile [unoptimized + debuginfo] target(s) in 2.74s
     Running tests/embedded_terminal.rs (target/debug/deps/embedded_terminal-38ad157e20efec09)
   Compiling reactive-tui v0.0.7 (/home/shawn/workspace2/reactive-tui)
    Finished `dev` profile [unoptimized + debuginfo] target(s) in 0.61s
    Finished `test` profile [unoptimized + debuginfo] target(s) in 0.03s
     Running unittests src/lib.rs (target/renderer/debug/deps/suprtui-bfa5ab8ec07b660c)
     Running tests/buffer_core.rs (target/renderer/debug/deps/buffer_core-062c921273eaee1f)
     Running tests/buffer_draw.rs (target/renderer/debug/deps/buffer_draw-6966481adf2340d6)
     Running tests/cell_decorations.rs (target/renderer/debug/deps/cell_decorations-3aecad68aa27cd76)
     Running tests/layout_engine.rs (target/renderer/debug/deps/layout_engine-452c7acd169f9ed1)
     Running tests/link_pool.rs (target/renderer/debug/deps/link_pool-7030d87d23be293c)
     Running tests/media_audio.rs (target/renderer/debug/deps/media_audio-b32bc7d572eb313c)
     Running tests/media_image.rs (target/renderer/debug/deps/media_image-70ac9a7f7b2dcba0)
     Running tests/render_core.rs (target/renderer/debug/deps/render_core-cd44f347e29feb32)
     Running tests/render_stdout.rs (target/renderer/debug/deps/render_stdout-603a9817eb59fcd5)
     Running tests/render_terminal.rs (target/renderer/debug/deps/render_terminal-d35dcc813354ec52)
     Running tests/sys_clipboard.rs (target/renderer/debug/deps/sys_clipboard-643c1d5733abbe23)
     Running tests/sys_clipboard_backends.rs (target/renderer/debug/deps/sys_clipboard_backends-d958ec6fdaf033e0)
     Running tests/sys_core.rs (target/renderer/debug/deps/sys_core-f3ba0a101853eb62)
     Running tests/sys_small.rs (target/renderer/debug/deps/sys_small-9bf34b37ba68afd7)
     Running tests/term_core.rs (target/renderer/debug/deps/term_core-480c7468d308f0e6)
     Running tests/term_embedded.rs (target/renderer/debug/deps/term_embedded-a81d9c3a74963a7b)
     Running tests/text_gaps.rs (target/renderer/debug/deps/text_gaps-f251e95b6c601890)
     Running tests/text_store.rs (target/renderer/debug/deps/text_store-8fa15f1a5c6d9f8e)
     Running tests/text_view.rs (target/renderer/debug/deps/text_view-51dad4ef1a33d47a)
     Running tests/uni_pool.rs (target/renderer/debug/deps/uni_pool-c02878d392ec28fa)
     Running tests/uni_ported.rs (target/renderer/debug/deps/uni_ported-14fec044053e3b9a)
     Running tests/uni_segments.rs (target/renderer/debug/deps/uni_segments-4238f27eff0b78b2)
   Doc-tests suprtui
   Compiling reactive-tui v0.0.7 (/home/shawn/workspace2/reactive-tui)
    Finished `test` profile [unoptimized + debuginfo] target(s) in 2.66s
     Running tests/suprtui_renderer.rs (target/debug/deps/suprtui_renderer-9179244571f00f6a)
   Compiling reactive-tui v0.0.7 (/home/shawn/workspace2/reactive-tui)
    Finished `dev` profile [unoptimized + debuginfo] target(s) in 0.59s
....
----------------------------------------------------------------------
Ran 4 tests in 0.008s

OK
    Finished `test` profile [unoptimized + debuginfo] target(s) in 0.03s
     Running unittests src/lib.rs (target/renderer/debug/deps/suprtui-bfa5ab8ec07b660c)
     Running tests/buffer_core.rs (target/renderer/debug/deps/buffer_core-062c921273eaee1f)
     Running tests/buffer_draw.rs (target/renderer/debug/deps/buffer_draw-6966481adf2340d6)
     Running tests/cell_decorations.rs (target/renderer/debug/deps/cell_decorations-3aecad68aa27cd76)
     Running tests/layout_engine.rs (target/renderer/debug/deps/layout_engine-452c7acd169f9ed1)
     Running tests/link_pool.rs (target/renderer/debug/deps/link_pool-7030d87d23be293c)
     Running tests/media_audio.rs (target/renderer/debug/deps/media_audio-b32bc7d572eb313c)
     Running tests/media_image.rs (target/renderer/debug/deps/media_image-70ac9a7f7b2dcba0)
     Running tests/render_core.rs (target/renderer/debug/deps/render_core-cd44f347e29feb32)
     Running tests/render_stdout.rs (target/renderer/debug/deps/render_stdout-603a9817eb59fcd5)
     Running tests/render_terminal.rs (target/renderer/debug/deps/render_terminal-d35dcc813354ec52)
     Running tests/sys_clipboard.rs (target/renderer/debug/deps/sys_clipboard-643c1d5733abbe23)
     Running tests/sys_clipboard_backends.rs (target/renderer/debug/deps/sys_clipboard_backends-d958ec6fdaf033e0)
     Running tests/sys_core.rs (target/renderer/debug/deps/sys_core-f3ba0a101853eb62)
     Running tests/sys_small.rs (target/renderer/debug/deps/sys_small-9bf34b37ba68afd7)
     Running tests/term_core.rs (target/renderer/debug/deps/term_core-480c7468d308f0e6)
     Running tests/term_embedded.rs (target/renderer/debug/deps/term_embedded-a81d9c3a74963a7b)
     Running tests/text_gaps.rs (target/renderer/debug/deps/text_gaps-f251e95b6c601890)
     Running tests/text_store.rs (target/renderer/debug/deps/text_store-8fa15f1a5c6d9f8e)
     Running tests/text_view.rs (target/renderer/debug/deps/text_view-51dad4ef1a33d47a)
     Running tests/uni_pool.rs (target/renderer/debug/deps/uni_pool-c02878d392ec28fa)
     Running tests/uni_ported.rs (target/renderer/debug/deps/uni_ported-14fec044053e3b9a)
     Running tests/uni_segments.rs (target/renderer/debug/deps/uni_segments-4238f27eff0b78b2)
   Doc-tests suprtui
    Finished `test` profile [unoptimized + debuginfo] target(s) in 0.07s
     Running tests/suprtui_renderer.rs (target/debug/deps/suprtui_renderer-9179244571f00f6a)
    Finished `dev` profile [unoptimized + debuginfo] target(s) in 0.07s
....
----------------------------------------------------------------------
Ran 4 tests in 0.008s

OK
