   Compiling reactive-tui v0.0.7 (/home/shawn/workspace2/reactive-tui)
warning: ambiguous glob re-exports
  --> src/ffi/mod.rs:85:9
   |
85 | pub use pointer::*;
   |         ^^^^^^^^^^ the name `validate_pointer` in the value namespace is first re-exported here
...
90 | pub use types::*;
   |         -------- but the name `validate_pointer` in the value namespace is also re-exported here
   |
   = note: `#[warn(ambiguous_glob_reexports)]` on by default

warning: unused variable: `width`
  --> src/ffi/lib.rs:85:14
   |
85 |         let (width, height) = renderer_box.dims();
   |              ^^^^^ help: if this is intentional, prefix it with an underscore: `_width`
   |
   = note: `#[warn(unused_variables)]` (part of `#[warn(unused)]`) on by default

warning: function `validate_pointer` is never used
   --> src/ffi/types.rs:182:15
    |
182 | pub(crate) fn validate_pointer<T>(ptr: *const T) -> bool {
    |               ^^^^^^^^^^^^^^^^
    |
    = note: `#[warn(dead_code)]` (part of `#[warn(unused)]`) on by default

warning: function `validate_mut_pointer` is never used
   --> src/ffi/types.rs:187:15
    |
187 | pub(crate) fn validate_mut_pointer<T>(ptr: *mut T) -> bool {
    |               ^^^^^^^^^^^^^^^^^^^^

warning: function `safe_cast` is never used
   --> src/ffi/types.rs:192:22
    |
192 | pub(crate) unsafe fn safe_cast<T, U>(ptr: *mut T) -> Result<*mut U, ReactiveError> {
    |                      ^^^^^^^^^

warning: function `safe_cast_const` is never used
   --> src/ffi/types.rs:206:22
    |
206 | pub(crate) unsafe fn safe_cast_const<T, U>(ptr: *const T) -> Result<*const U, ReactiveError> {
    |                      ^^^^^^^^^^^^^^^

warning: `reactive-tui` (lib) generated 6 warnings (run `cargo fix --lib -p reactive-tui` to apply 1 suggestion)
    Finished `dev` profile [unoptimized + debuginfo] target(s) in 4.03s
    Finished `test` profile [unoptimized + debuginfo] target(s) in 0.22s
     Running tests/registry_cache_isolation.rs (target/debug/deps/registry_cache_isolation-d9aa7922619d63fd)
    Finished `test` profile [unoptimized + debuginfo] target(s) in 0.09s
     Running unittests src/lib.rs (target/debug/deps/reactive_tui-82073ab00bfe3025)
    Finished `test` profile [unoptimized + debuginfo] target(s) in 0.08s
    Finished `test` profile [unoptimized + debuginfo] target(s) in 0.08s
     Running tests/component_macro_integration.rs (target/debug/deps/component_macro_integration-2a76eb1db0be838b)
     Running tests/component_macro_test.rs (target/debug/deps/component_macro_test-c82ed04b6d967071)
     Running tests/component_tests.rs (target/debug/deps/component_tests-78e543986b7087f1)
    Finished `test` profile [unoptimized + debuginfo] target(s) in 0.08s
     Running unittests src/lib.rs (target/debug/deps/reactive_tui-82073ab00bfe3025)
    Finished `test` profile [unoptimized + debuginfo] target(s) in 0.08s
    Finished `test` profile [unoptimized + debuginfo] target(s) in 0.08s
     Running tests/component_macro_integration.rs (target/debug/deps/component_macro_integration-2a76eb1db0be838b)
     Running tests/component_macro_test.rs (target/debug/deps/component_macro_test-c82ed04b6d967071)
     Running tests/component_tests.rs (target/debug/deps/component_tests-78e543986b7087f1)
    Finished `test` profile [unoptimized + debuginfo] target(s) in 0.08s
     Running unittests src/lib.rs (target/debug/deps/reactive_tui-82073ab00bfe3025)
    Finished `test` profile [unoptimized + debuginfo] target(s) in 0.08s
     Running unittests src/lib.rs (target/debug/deps/reactive_tui-82073ab00bfe3025)
    Finished `test` profile [unoptimized + debuginfo] target(s) in 0.08s
     Running tests/app_wakeups.rs (target/debug/deps/app_wakeups-df392901bc67172f)
    Finished `dev` profile [unoptimized + debuginfo] target(s) in 0.08s
    Finished `test` profile [unoptimized + debuginfo] target(s) in 0.10s
     Running unittests src/lib.rs (target/debug/deps/reactive_tui-7dd276e9e54dd81b)
   Compiling reactive-tui v0.0.7 (/home/shawn/workspace2/reactive-tui)
    Finished `test` profile [unoptimized + debuginfo] target(s) in 3.71s
     Running tests/embedded_terminal.rs (target/debug/deps/embedded_terminal-fbbf4ba65ee1910e)
   Compiling reactive-tui v0.0.7 (/home/shawn/workspace2/reactive-tui)
    Finished `dev` profile [unoptimized + debuginfo] target(s) in 0.63s
    Finished `test` profile [unoptimized + debuginfo] target(s) in 0.21s
     Running unittests src/lib.rs (target/renderer/debug/deps/suprtui-bfa5ab8ec07b660c)
     Running tests/buffer_core.rs (target/renderer/debug/deps/buffer_core-062c921273eaee1f)
     Running tests/buffer_draw.rs (target/renderer/debug/deps/buffer_draw-6966481adf2340d6)
     Running tests/cell_decorations.rs (target/renderer/debug/deps/cell_decorations-3aecad68aa27cd76)
     Running tests/layout_engine.rs (target/renderer/debug/deps/layout_engine-452c7acd169f9ed1)
     Running tests/link_pool.rs (target/renderer/debug/deps/link_pool-7030d87d23be293c)
     Running tests/media_audio.rs (target/renderer/debug/deps/media_audio-b32bc7d572eb313c)
     Running tests/media_image.rs (target/renderer/debug/deps/media_image-70ac9a7f7b2dcba0)
     Running tests/render_core.rs (target/renderer/debug/deps/render_core-cd44f347e29feb32)
     Running tests/render_stdout.rs (target/renderer/debug/deps/render_stdout-603a9817eb59fcd5)
     Running tests/render_terminal.rs (target/renderer/debug/deps/render_terminal-d35dcc813354ec52)
     Running tests/sys_clipboard.rs (target/renderer/debug/deps/sys_clipboard-643c1d5733abbe23)
     Running tests/sys_clipboard_backends.rs (target/renderer/debug/deps/sys_clipboard_backends-d958ec6fdaf033e0)
     Running tests/sys_core.rs (target/renderer/debug/deps/sys_core-f3ba0a101853eb62)
     Running tests/sys_small.rs (target/renderer/debug/deps/sys_small-9bf34b37ba68afd7)
     Running tests/term_core.rs (target/renderer/debug/deps/term_core-480c7468d308f0e6)
     Running tests/term_embedded.rs (target/renderer/debug/deps/term_embedded-a81d9c3a74963a7b)
     Running tests/text_gaps.rs (target/renderer/debug/deps/text_gaps-f251e95b6c601890)
     Running tests/text_store.rs (target/renderer/debug/deps/text_store-8fa15f1a5c6d9f8e)
     Running tests/text_view.rs (target/renderer/debug/deps/text_view-51dad4ef1a33d47a)
     Running tests/uni_pool.rs (target/renderer/debug/deps/uni_pool-c02878d392ec28fa)
     Running tests/uni_ported.rs (target/renderer/debug/deps/uni_ported-14fec044053e3b9a)
     Running tests/uni_segments.rs (target/renderer/debug/deps/uni_segments-4238f27eff0b78b2)
   Doc-tests suprtui
   Compiling reactive-tui v0.0.7 (/home/shawn/workspace2/reactive-tui)
    Finished `test` profile [unoptimized + debuginfo] target(s) in 3.53s
     Running tests/suprtui_renderer.rs (target/debug/deps/suprtui_renderer-8b468f81ee6ea03a)
   Compiling reactive-tui v0.0.7 (/home/shawn/workspace2/reactive-tui)
    Finished `dev` profile [unoptimized + debuginfo] target(s) in 0.58s
....
----------------------------------------------------------------------
Ran 4 tests in 0.008s

OK
    Finished `test` profile [unoptimized + debuginfo] target(s) in 0.08s
     Running unittests src/lib.rs (target/debug/deps/reactive_tui-7dd276e9e54dd81b)
   Compiling reactive-tui v0.0.7 (/home/shawn/workspace2/reactive-tui)
    Finished `test` profile [unoptimized + debuginfo] target(s) in 3.17s
     Running tests/embedded_terminal.rs (target/debug/deps/embedded_terminal-fbbf4ba65ee1910e)
   Compiling reactive-tui v0.0.7 (/home/shawn/workspace2/reactive-tui)
    Finished `dev` profile [unoptimized + debuginfo] target(s) in 0.70s
    Finished `test` profile [unoptimized + debuginfo] target(s) in 0.08s
     Running unittests src/lib.rs (target/renderer/debug/deps/suprtui-bfa5ab8ec07b660c)
     Running tests/buffer_core.rs (target/renderer/debug/deps/buffer_core-062c921273eaee1f)
     Running tests/buffer_draw.rs (target/renderer/debug/deps/buffer_draw-6966481adf2340d6)
     Running tests/cell_decorations.rs (target/renderer/debug/deps/cell_decorations-3aecad68aa27cd76)
     Running tests/layout_engine.rs (target/renderer/debug/deps/layout_engine-452c7acd169f9ed1)
     Running tests/link_pool.rs (target/renderer/debug/deps/link_pool-7030d87d23be293c)
     Running tests/media_audio.rs (target/renderer/debug/deps/media_audio-b32bc7d572eb313c)
     Running tests/media_image.rs (target/renderer/debug/deps/media_image-70ac9a7f7b2dcba0)
     Running tests/render_core.rs (target/renderer/debug/deps/render_core-cd44f347e29feb32)
     Running tests/render_stdout.rs (target/renderer/debug/deps/render_stdout-603a9817eb59fcd5)
     Running tests/render_terminal.rs (target/renderer/debug/deps/render_terminal-d35dcc813354ec52)
     Running tests/sys_clipboard.rs (target/renderer/debug/deps/sys_clipboard-643c1d5733abbe23)
     Running tests/sys_clipboard_backends.rs (target/renderer/debug/deps/sys_clipboard_backends-d958ec6fdaf033e0)
     Running tests/sys_core.rs (target/renderer/debug/deps/sys_core-f3ba0a101853eb62)
     Running tests/sys_small.rs (target/renderer/debug/deps/sys_small-9bf34b37ba68afd7)
     Running tests/term_core.rs (target/renderer/debug/deps/term_core-480c7468d308f0e6)
     Running tests/term_embedded.rs (target/renderer/debug/deps/term_embedded-a81d9c3a74963a7b)
     Running tests/text_gaps.rs (target/renderer/debug/deps/text_gaps-f251e95b6c601890)
     Running tests/text_store.rs (target/renderer/debug/deps/text_store-8fa15f1a5c6d9f8e)
     Running tests/text_view.rs (target/renderer/debug/deps/text_view-51dad4ef1a33d47a)
     Running tests/uni_pool.rs (target/renderer/debug/deps/uni_pool-c02878d392ec28fa)
     Running tests/uni_ported.rs (target/renderer/debug/deps/uni_ported-14fec044053e3b9a)
     Running tests/uni_segments.rs (target/renderer/debug/deps/uni_segments-4238f27eff0b78b2)
   Doc-tests suprtui
   Compiling reactive-tui v0.0.7 (/home/shawn/workspace2/reactive-tui)
    Finished `test` profile [unoptimized + debuginfo] target(s) in 2.93s
     Running tests/suprtui_renderer.rs (target/debug/deps/suprtui_renderer-8b468f81ee6ea03a)
   Compiling reactive-tui v0.0.7 (/home/shawn/workspace2/reactive-tui)
    Finished `dev` profile [unoptimized + debuginfo] target(s) in 0.58s
....
----------------------------------------------------------------------
Ran 4 tests in 0.008s

OK
    Blocking waiting for file lock on package cache
    Finished `test` profile [unoptimized + debuginfo] target(s) in 0.03s
     Running unittests src/lib.rs (target/renderer/debug/deps/suprtui-bfa5ab8ec07b660c)
     Running tests/buffer_core.rs (target/renderer/debug/deps/buffer_core-062c921273eaee1f)
     Running tests/buffer_draw.rs (target/renderer/debug/deps/buffer_draw-6966481adf2340d6)
     Running tests/cell_decorations.rs (target/renderer/debug/deps/cell_decorations-3aecad68aa27cd76)
     Running tests/layout_engine.rs (target/renderer/debug/deps/layout_engine-452c7acd169f9ed1)
     Running tests/link_pool.rs (target/renderer/debug/deps/link_pool-7030d87d23be293c)
     Running tests/media_audio.rs (target/renderer/debug/deps/media_audio-b32bc7d572eb313c)
     Running tests/media_image.rs (target/renderer/debug/deps/media_image-70ac9a7f7b2dcba0)
     Running tests/render_core.rs (target/renderer/debug/deps/render_core-cd44f347e29feb32)
     Running tests/render_stdout.rs (target/renderer/debug/deps/render_stdout-603a9817eb59fcd5)
     Running tests/render_terminal.rs (target/renderer/debug/deps/render_terminal-d35dcc813354ec52)
     Running tests/sys_clipboard.rs (target/renderer/debug/deps/sys_clipboard-643c1d5733abbe23)
     Running tests/sys_clipboard_backends.rs (target/renderer/debug/deps/sys_clipboard_backends-d958ec6fdaf033e0)
     Running tests/sys_core.rs (target/renderer/debug/deps/sys_core-f3ba0a101853eb62)
     Running tests/sys_small.rs (target/renderer/debug/deps/sys_small-9bf34b37ba68afd7)
     Running tests/term_core.rs (target/renderer/debug/deps/term_core-480c7468d308f0e6)
     Running tests/term_embedded.rs (target/renderer/debug/deps/term_embedded-a81d9c3a74963a7b)
     Running tests/text_gaps.rs (target/renderer/debug/deps/text_gaps-f251e95b6c601890)
     Running tests/text_store.rs (target/renderer/debug/deps/text_store-8fa15f1a5c6d9f8e)
     Running tests/text_view.rs (target/renderer/debug/deps/text_view-51dad4ef1a33d47a)
     Running tests/uni_pool.rs (target/renderer/debug/deps/uni_pool-c02878d392ec28fa)
     Running tests/uni_ported.rs (target/renderer/debug/deps/uni_ported-14fec044053e3b9a)
     Running tests/uni_segments.rs (target/renderer/debug/deps/uni_segments-4238f27eff0b78b2)
   Doc-tests suprtui
    Blocking waiting for file lock on package cache
    Blocking waiting for file lock on package cache
    Finished `test` profile [unoptimized + debuginfo] target(s) in 0.15s
     Running tests/suprtui_renderer.rs (target/debug/deps/suprtui_renderer-8b468f81ee6ea03a)
    Finished `dev` profile [unoptimized + debuginfo] target(s) in 0.09s
....
----------------------------------------------------------------------
Ran 4 tests in 0.008s

OK
