...FAIL refs-discovery controlled subprocess failure
FAIL refs-behavior controlled subprocess failure
FAIL local-discovery controlled subprocess failure
FAIL local-behavior controlled subprocess failure
FAIL local-consumer controlled subprocess failure
FAIL refs A required nested check failed; see retained outputs
...E
======================================================================
ERROR: test_inventory_rejects_missing_and_duplicate_concerns (__main__.CheckerControls.test_inventory_rejects_missing_and_duplicate_concerns)
----------------------------------------------------------------------
Traceback (most recent call last):
  File "/home/shawn/workspace2/reactive-tui/verification/api-residual/checker-controls.py", line 28, in test_inventory_rejects_missing_and_duplicate_concerns
    text = CHECK["inventory_text"]()
  File "/home/shawn/workspace2/reactive-tui/scripts/check-api-residual.py", line 19, in inventory_text
    text = (ROOT / "docs" / "spec" / "rust-api-remediation.md").read_text()
  File "/home/linuxbrew/.linuxbrew/Cellar/python@3.14/3.14.7/lib/python3.14/pathlib/__init__.py", line 787, in read_text
    with self.open(mode='r', encoding=encoding, errors=errors, newline=newline) as f:
         ~~~~~~~~~^^^^^^^^^^^^^^^^^^^^^^^^^^^^^^^^^^^^^^^^^^^^^^^^^^^^^^^^^^^^^
  File "/home/linuxbrew/.linuxbrew/Cellar/python@3.14/3.14.7/lib/python3.14/pathlib/__init__.py", line 771, in open
    return io.open(self, mode, buffering, encoding, errors, newline)
           ~~~~~~~^^^^^^^^^^^^^^^^^^^^^^^^^^^^^^^^^^^^^^^^^^^^^^^^^^
FileNotFoundError: [Errno 2] No such file or directory: '/home/shawn/workspace2/reactive-tui/docs/spec/rust-api-remediation.md'

----------------------------------------------------------------------
Ran 7 tests in 0.001s

FAILED (errors=1)
