    Finished `test` profile [unoptimized + debuginfo] target(s) in 0.15s
     Running tests/api_residual_refs.rs (target/debug/deps/api_residual_refs-16547e250586f56d)

running 10 tests
test callback_reference_allows_read_and_write_reentry ... 
running 1 test
test callback_reference_allows_read_and_write_reentry ... ok

test result: ok. 1 passed; 0 failed; 0 ignored; 0 measured; 9 filtered out; finished in 0.00s

ok
test callback_reference_retains_current_value_across_renders ... ok
test forwarded_reference_follows_the_current_parent ... ok
test local_reference_retains_non_send_value_across_renders ... FAILED
test multi_reference_retains_members_across_renders ... ok
test reference_hooks_preserve_existing_type_bounds ... ok
test retained_callback_handles_use_the_latest_render_capture ... ok
test shared_hooks_retain_state_without_returned_handles ... ok
test shared_reference_retains_value_and_identity_across_renders ... ok
test shared_reference_slots_and_owners_are_independent ... ok

failures:

---- local_reference_retains_non_send_value_across_renders stdout ----

thread 'local_reference_retains_non_send_value_across_renders' (3895208) panicked at tests/api_residual_refs.rs:28:5:
assertion failed: std::rc::Rc::ptr_eq(&value, &second.current())
note: run with `RUST_BACKTRACE=1` environment variable to display a backtrace


failures:
    local_reference_retains_non_send_value_across_renders

test result: FAILED. 9 passed; 1 failed; 0 ignored; 0 measured; 0 filtered out; finished in 0.01s

error: test failed, to rerun pass `--test api_residual_refs`
