   Compiling reactive-tui v0.0.7 (/home/shawn/workspace2/reactive-tui)
warning: value assigned to `current_width` is never read
   --> src/markdown/converter.rs:249:21
    |
249 |                     current_width = 0;
    |                     ^^^^^^^^^^^^^^^^^
    |
    = help: maybe it is overwritten before being read?
    = note: `#[warn(unused_assignments)]` (part of `#[warn(unused)]`) on by default

warning: `reactive-tui` (lib test) generated 1 warning
    Finished `test` profile [unoptimized + debuginfo] target(s) in 8.65s
     Running unittests src/lib.rs (target/debug/deps/reactive_tui-8a25b2cb94ec8e30)
warning: value assigned to `current_width` is never read
   --> src/markdown/converter.rs:249:21
    |
249 |                     current_width = 0;
    |                     ^^^^^^^^^^^^^^^^^
    |
    = help: maybe it is overwritten before being read?
    = note: `#[warn(unused_assignments)]` (part of `#[warn(unused)]`) on by default

warning: `reactive-tui` (lib test) generated 1 warning
    Finished `test` profile [unoptimized + debuginfo] target(s) in 0.07s
     Running unittests src/lib.rs (target/debug/deps/reactive_tui-8a25b2cb94ec8e30)
warning: value assigned to `current_width` is never read
   --> src/markdown/converter.rs:249:21
    |
249 |                     current_width = 0;
    |                     ^^^^^^^^^^^^^^^^^
    |
    = help: maybe it is overwritten before being read?
    = note: `#[warn(unused_assignments)]` (part of `#[warn(unused)]`) on by default

warning: `reactive-tui` (lib) generated 1 warning
   Compiling reactive-tui v0.0.7 (/home/shawn/workspace2/reactive-tui)
error[E0432]: unresolved import `reactive_tui::app::AppWaker`
 --> tests/app_wakeups.rs:1:5
  |
1 | use reactive_tui::app::AppWaker;
  |     ^^^^^^^^^^^^^^^^^^^^^^^^^^^ no `AppWaker` in `app`

For more information about this error, try `rustc --explain E0432`.
error: could not compile `reactive-tui` (test "app_wakeups") due to 1 previous error
