warning: value assigned to `current_width` is never read
   --> src/markdown/converter.rs:249:21
    |
249 |                     current_width = 0;
    |                     ^^^^^^^^^^^^^^^^^
    |
    = help: maybe it is overwritten before being read?
    = note: `#[warn(unused_assignments)]` (part of `#[warn(unused)]`) on by default

warning: `reactive-tui` (lib test) generated 1 warning
    Finished `test` profile [unoptimized + debuginfo] target(s) in 0.07s
     Running unittests src/lib.rs (target/debug/deps/reactive_tui-82073ab00bfe3025)
warning: value assigned to `current_width` is never read
   --> src/markdown/converter.rs:249:21
    |
249 |                     current_width = 0;
    |                     ^^^^^^^^^^^^^^^^^
    |
    = help: maybe it is overwritten before being read?
    = note: `#[warn(unused_assignments)]` (part of `#[warn(unused)]`) on by default

warning: `reactive-tui` (lib test) generated 1 warning
    Finished `test` profile [unoptimized + debuginfo] target(s) in 0.07s
     Running unittests src/lib.rs (target/debug/deps/reactive_tui-82073ab00bfe3025)
warning: value assigned to `current_width` is never read
   --> src/markdown/converter.rs:249:21
    |
249 |                     current_width = 0;
    |                     ^^^^^^^^^^^^^^^^^
    |
    = help: maybe it is overwritten before being read?
    = note: `#[warn(unused_assignments)]` (part of `#[warn(unused)]`) on by default

warning: `reactive-tui` (lib) generated 1 warning
   Compiling reactive-tui v0.0.7 (/home/shawn/workspace2/reactive-tui)
    Finished `test` profile [unoptimized + debuginfo] target(s) in 0.50s
     Running tests/app_wakeups.rs (target/debug/deps/app_wakeups-df392901bc67172f)
warning: value assigned to `current_width` is never read
   --> src/markdown/converter.rs:249:21
    |
249 |                     current_width = 0;
    |                     ^^^^^^^^^^^^^^^^^
    |
    = help: maybe it is overwritten before being read?
    = note: `#[warn(unused_assignments)]` (part of `#[warn(unused)]`) on by default

warning: `reactive-tui` (lib) generated 1 warning
   Compiling reactive-tui v0.0.7 (/home/shawn/workspace2/reactive-tui)
    Finished `dev` profile [unoptimized + debuginfo] target(s) in 0.51s
warning: value assigned to `current_width` is never read
   --> src/markdown/converter.rs:249:21
    |
249 |                     current_width = 0;
    |                     ^^^^^^^^^^^^^^^^^
    |
    = help: maybe it is overwritten before being read?
    = note: `#[warn(unused_assignments)]` (part of `#[warn(unused)]`) on by default

warning: `reactive-tui` (lib test) generated 1 warning
    Finished `test` profile [unoptimized + debuginfo] target(s) in 0.07s
     Running unittests src/lib.rs (target/debug/deps/reactive_tui-7dd276e9e54dd81b)
   Compiling reactive-tui v0.0.7 (/home/shawn/workspace2/reactive-tui)
warning: value assigned to `current_width` is never read
   --> src/markdown/converter.rs:249:21
    |
249 |                     current_width = 0;
    |                     ^^^^^^^^^^^^^^^^^
    |
    = help: maybe it is overwritten before being read?
    = note: `#[warn(unused_assignments)]` (part of `#[warn(unused)]`) on by default

warning: `reactive-tui` (lib) generated 1 warning
    Finished `test` profile [unoptimized + debuginfo] target(s) in 2.39s
     Running tests/embedded_terminal.rs (target/debug/deps/embedded_terminal-fbbf4ba65ee1910e)
warning: value assigned to `current_width` is never read
   --> src/markdown/converter.rs:249:21
    |
249 |                     current_width = 0;
    |                     ^^^^^^^^^^^^^^^^^
    |
    = help: maybe it is overwritten before being read?
    = note: `#[warn(unused_assignments)]` (part of `#[warn(unused)]`) on by default

warning: `reactive-tui` (lib) generated 1 warning
   Compiling reactive-tui v0.0.7 (/home/shawn/workspace2/reactive-tui)
    Finished `dev` profile [unoptimized + debuginfo] target(s) in 0.51s
    Finished `test` profile [unoptimized + debuginfo] target(s) in 0.03s
     Running unittests src/lib.rs (target/renderer/debug/deps/suprtui-bfa5ab8ec07b660c)
     Running tests/buffer_core.rs (target/renderer/debug/deps/buffer_core-062c921273eaee1f)
     Running tests/buffer_draw.rs (target/renderer/debug/deps/buffer_draw-6966481adf2340d6)
     Running tests/cell_decorations.rs (target/renderer/debug/deps/cell_decorations-3aecad68aa27cd76)
     Running tests/layout_engine.rs (target/renderer/debug/deps/layout_engine-452c7acd169f9ed1)
     Running tests/link_pool.rs (target/renderer/debug/deps/link_pool-7030d87d23be293c)
     Running tests/media_audio.rs (target/renderer/debug/deps/media_audio-b32bc7d572eb313c)
     Running tests/media_image.rs (target/renderer/debug/deps/media_image-70ac9a7f7b2dcba0)
     Running tests/render_core.rs (target/renderer/debug/deps/render_core-cd44f347e29feb32)
     Running tests/render_stdout.rs (target/renderer/debug/deps/render_stdout-603a9817eb59fcd5)
     Running tests/render_terminal.rs (target/renderer/debug/deps/render_terminal-d35dcc813354ec52)
     Running tests/sys_clipboard.rs (target/renderer/debug/deps/sys_clipboard-643c1d5733abbe23)
     Running tests/sys_clipboard_backends.rs (target/renderer/debug/deps/sys_clipboard_backends-d958ec6fdaf033e0)
     Running tests/sys_core.rs (target/renderer/debug/deps/sys_core-f3ba0a101853eb62)
     Running tests/sys_small.rs (target/renderer/debug/deps/sys_small-9bf34b37ba68afd7)
     Running tests/term_core.rs (target/renderer/debug/deps/term_core-480c7468d308f0e6)
     Running tests/term_embedded.rs (target/renderer/debug/deps/term_embedded-a81d9c3a74963a7b)
     Running tests/text_gaps.rs (target/renderer/debug/deps/text_gaps-f251e95b6c601890)
     Running tests/text_store.rs (target/renderer/debug/deps/text_store-8fa15f1a5c6d9f8e)
     Running tests/text_view.rs (target/renderer/debug/deps/text_view-51dad4ef1a33d47a)
     Running tests/uni_pool.rs (target/renderer/debug/deps/uni_pool-c02878d392ec28fa)
     Running tests/uni_ported.rs (target/renderer/debug/deps/uni_ported-14fec044053e3b9a)
     Running tests/uni_segments.rs (target/renderer/debug/deps/uni_segments-4238f27eff0b78b2)
   Doc-tests suprtui
   Compiling reactive-tui v0.0.7 (/home/shawn/workspace2/reactive-tui)
warning: value assigned to `current_width` is never read
   --> src/markdown/converter.rs:249:21
    |
249 |                     current_width = 0;
    |                     ^^^^^^^^^^^^^^^^^
    |
    = help: maybe it is overwritten before being read?
    = note: `#[warn(unused_assignments)]` (part of `#[warn(unused)]`) on by default

warning: `reactive-tui` (lib) generated 1 warning
    Finished `test` profile [unoptimized + debuginfo] target(s) in 2.28s
     Running tests/suprtui_renderer.rs (target/debug/deps/suprtui_renderer-8b468f81ee6ea03a)
warning: value assigned to `current_width` is never read
   --> src/markdown/converter.rs:249:21
    |
249 |                     current_width = 0;
    |                     ^^^^^^^^^^^^^^^^^
    |
    = help: maybe it is overwritten before being read?
    = note: `#[warn(unused_assignments)]` (part of `#[warn(unused)]`) on by default

warning: `reactive-tui` (lib) generated 1 warning
   Compiling reactive-tui v0.0.7 (/home/shawn/workspace2/reactive-tui)
    Finished `dev` profile [unoptimized + debuginfo] target(s) in 0.50s
