+ python3 -B scripts/check-binding-abi.py
Traceback (most recent call last):
  File "/home/shawn/workspace2/reactive-tui/scripts/check-binding-abi.py", line 114, in <module>
    raise SystemExit(main())
                     ~~~~^^
  File "/home/shawn/workspace2/reactive-tui/scripts/check-binding-abi.py", line 18, in main
    raise RuntimeError('Packaged migration guidance differs from the audited repository guidance')
RuntimeError: Packaged migration guidance differs from the audited repository guidance
Traceback (most recent call last):
  File "/home/shawn/workspace2/reactive-tui/scripts/check-api-native-components.py", line 170, in <module>
    main()
    ~~~~^^
  File "/home/shawn/workspace2/reactive-tui/scripts/check-api-native-components.py", line 68, in main
    execute(['python3', '-B', 'scripts/check-binding-abi.py'])
    ~~~~~~~^^^^^^^^^^^^^^^^^^^^^^^^^^^^^^^^^^^^^^^^^^^^^^^^^^^
  File "/home/shawn/workspace2/reactive-tui/scripts/check-api-native-components.py", line 19, in execute
    subprocess.run(list(map(str, command)), cwd=ROOT, check=True, timeout=timeout, **kwargs)
    ~~~~~~~~~~~~~~^^^^^^^^^^^^^^^^^^^^^^^^^^^^^^^^^^^^^^^^^^^^^^^^^^^^^^^^^^^^^^^^^^^^^^^^^^
  File "/home/linuxbrew/.linuxbrew/Cellar/python@3.14/3.14.7/lib/python3.14/subprocess.py", line 578, in run
    raise CalledProcessError(retcode, process.args,
                             output=stdout, stderr=stderr)
subprocess.CalledProcessError: Command '['python3', '-B', 'scripts/check-binding-abi.py']' returned non-zero exit status 1.
