warning: falling back to `f32` as the trait bound `f32: From<f64>` is not satisfied
    --> src/layout/style.rs:1532:83
     |
1532 |                 .map(|_| GridTemplateComponent::from(TrackSizingFunction::from_fr(1.0)))
     |                                                                                   ^^^ help: explicitly specify the type as `f32`: `1.0_f32`
     |
     = warning: this was previously accepted by the compiler but is being phased out; it will become a hard error in a future release!
     = note: for more information, see issue #154024 <https://github.com/rust-lang/rust/issues/154024>
     = note: `#[warn(float_literal_f32_fallback)]` (part of `#[warn(future_incompatible)]`) on by default

warning: falling back to `f32` as the trait bound `f32: From<f64>` is not satisfied
    --> src/layout/style.rs:1538:83
     |
1538 |                 .map(|_| GridTemplateComponent::from(TrackSizingFunction::from_fr(1.0)))
     |                                                                                   ^^^ help: explicitly specify the type as `f32`: `1.0_f32`
     |
     = warning: this was previously accepted by the compiler but is being phased out; it will become a hard error in a future release!
     = note: for more information, see issue #154024 <https://github.com/rust-lang/rust/issues/154024>

warning: method `serial` is never used
  --> src/event/router.rs:84:19
   |
83 | impl NodeId {
   | ----------- method in this implementation
84 |     pub(crate) fn serial(self) -> usize {
   |                   ^^^^^^
   |
   = note: `#[warn(dead_code)]` (part of `#[warn(unused)]`) on by default

warning: `reactive-tui` (lib test) generated 3 warnings (run `cargo fix --lib -p reactive-tui --tests` to apply 2 suggestions)
    Finished `test` profile [unoptimized + debuginfo] target(s) in 0.11s
     Running unittests src/lib.rs (target/debug/deps/reactive_tui-91b57db0b7188a6a)

running 12 tests
test platform::image::tests::api_image_platform_empty_clipping_and_unsupported_z_order_write_nothing ... ok
test platform::image::tests::api_image_platform_file_and_memory_decode_actual_pixels ... ok
test platform::image::tests::api_image_platform_iterm_uses_encoded_file_and_byte_count ... ok
test platform::image::tests::api_image_platform_kitty_crops_and_retains_placement_options ... ok
test platform::image::tests::api_image_platform_rejects_invalid_encoded_and_raw_data_without_output ... ok
test platform::image::tests::api_image_platform_scaling_and_pixel_offsets_use_real_raster_bounds ... ok
test platform::image::tests::api_image_platform_sixel_encoder_transmits_colors_and_decoded_sources ... ok
test platform::image::tests::api_image_platform_sixel_malformed_bodies_do_not_panic ... ok
test platform::image::tests::api_image_platform_sixel_offsets_preserve_transparent_pixels ... ok
test platform::image::tests::api_image_platform_sixel_quality_handles_more_than_256_colors ... ok
test platform::image::tests::api_image_platform_sixel_rejects_overflow_truncation_and_non_image_controls ... ok
test platform::image::tests::api_image_platform_webp_and_sixel_files_preserve_pixels ... ok

test result: ok. 12 passed; 0 failed; 0 ignored; 0 measured; 1024 filtered out; finished in 0.04s

