PASS checker-controls
PASS consumer-library
PASS rust-examples-0
PASS rust-examples-1
PASS rust-examples-2
PASS rust-examples-3
PASS rust-examples-4
PASS rust-examples-5
PASS rust-examples-6
PASS rust-examples-7
PASS rust-examples-8
PASS rust-examples-9
PASS rust-examples-10
PASS rust-examples-11
PASS rust-examples-12
PASS rust-examples-13
PASS rust-examples-14
PASS rust-examples-15
PASS rust-examples-16
PASS rust-examples-17
PASS rust-examples-18
PASS ffi-library
PASS c-example-0
PASS c-example-1
PASS c-example-2
PASS c-example-3
PASS c-example-4
PASS typescript-dependencies
PASS typescript-examples
PASS python-example-0
PASS examples
Documentation outputs: .cairn/reviews/api-documentation/20260913T071425457557Z
PASS development section: examples; full API-018 acceptance was not run
