warning: unnecessary parentheses around closure body
  --> src/backend/crossterm/src/terminal/sys/unix.rs:87:50
   |
87 |     let file = File::open("/dev/tty").map(|file| (FileDesc::Owned(file.into())));
   |                                                  ^                            ^
   |
   = note: `#[warn(unused_parens)]` (part of `#[warn(unused)]`) on by default
help: remove these parentheses
   |
87 -     let file = File::open("/dev/tty").map(|file| (FileDesc::Owned(file.into())));
87 +     let file = File::open("/dev/tty").map(|file| FileDesc::Owned(file.into()));
   |

warning: `crossterm` (lib) generated 1 warning (run `cargo fix --lib -p crossterm` to apply 1 suggestion)
   Compiling reactive-tui v0.0.7 (/home/shawn/workspace2/reactive-tui)
    Finished `test` profile [unoptimized + debuginfo] target(s) in 0.79s
     Running tests/api_props_contract.rs (target/debug/deps/api_props_contract-a1d3c90722de059f)

running 3 tests
test optional_fields_preserve_explicit_default_precedence ... ok
test no_rules_adds_no_constraints_and_optional_builders_keep_option_types ... ok
test explicit_validation_enforces_each_field_and_preserves_construction ... ok

test result: ok. 3 passed; 0 failed; 0 ignored; 0 measured; 0 filtered out; finished in 0.00s

     Running tests/props_derive_test.rs (target/debug/deps/props_derive_test-0c0d08f5b6fca9d2)

running 13 tests
test tests::test_basic_props_defaults ... ok
test tests::test_button_props_builder ... ok
test tests::test_complex_props_defaults ... ok
test tests::test_fluent_api_chaining ... ok
test tests::test_debug_implementation ... ok
test tests::test_clone_and_partial_eq ... ok
test tests::test_integration_with_component_macro ... ok
test tests::test_button_props_defaults ... ok
test tests::test_props_trait_implementation ... ok
test tests::test_user_profile_props ... ok
test tests::test_validation ... ok
test tests::test_basic_props_builder ... ok
test tests::test_complex_props_builder ... ok

test result: ok. 13 passed; 0 failed; 0 ignored; 0 measured; 0 filtered out; finished in 0.00s

     Running tests/simple_props_test.rs (target/debug/deps/simple_props_test-6661ca8ddbc4a2bd)

running 1 test
test tests::test_simple_props ... ok

test result: ok. 1 passed; 0 failed; 0 ignored; 0 measured; 0 filtered out; finished in 0.00s

