    Blocking waiting for file lock on package cache
   Compiling reactive-tui v0.0.7 (/home/shawn/workspace2/reactive-tui)
warning: ambiguous glob re-exports
  --> src/ffi/mod.rs:85:9
   |
85 | pub use pointer::*;
   |         ^^^^^^^^^^ the name `validate_pointer` in the value namespace is first re-exported here
...
90 | pub use types::*;
   |         -------- but the name `validate_pointer` in the value namespace is also re-exported here
   |
   = note: `#[warn(ambiguous_glob_reexports)]` on by default

warning: unused variable: `width`
  --> src/ffi/lib.rs:85:14
   |
85 |         let (width, height) = renderer_box.dims();
   |              ^^^^^ help: if this is intentional, prefix it with an underscore: `_width`
   |
   = note: `#[warn(unused_variables)]` (part of `#[warn(unused)]`) on by default

warning: function `validate_pointer` is never used
   --> src/ffi/types.rs:182:15
    |
182 | pub(crate) fn validate_pointer<T>(ptr: *const T) -> bool {
    |               ^^^^^^^^^^^^^^^^
    |
    = note: `#[warn(dead_code)]` (part of `#[warn(unused)]`) on by default

warning: function `validate_mut_pointer` is never used
   --> src/ffi/types.rs:187:15
    |
187 | pub(crate) fn validate_mut_pointer<T>(ptr: *mut T) -> bool {
    |               ^^^^^^^^^^^^^^^^^^^^

warning: function `safe_cast` is never used
   --> src/ffi/types.rs:192:22
    |
192 | pub(crate) unsafe fn safe_cast<T, U>(ptr: *mut T) -> Result<*mut U, ReactiveError> {
    |                      ^^^^^^^^^

warning: function `safe_cast_const` is never used
   --> src/ffi/types.rs:206:22
    |
206 | pub(crate) unsafe fn safe_cast_const<T, U>(ptr: *const T) -> Result<*const U, ReactiveError> {
    |                      ^^^^^^^^^^^^^^^

warning: `reactive-tui` (lib) generated 6 warnings (run `cargo fix --lib -p reactive-tui` to apply 1 suggestion)
    Finished `test` profile [unoptimized + debuginfo] target(s) in 4.52s
     Running tests/api_signal_ownership.rs (target/debug/deps/api_signal_ownership-35fcf0b0ccf390f8)

running 4 tests
test hook_handles_own_shared_values_past_context_destruction ... ok
test thread_safe_signal_has_its_own_matching_lifecycle ... ok
test tagged_types_reject_mismatch_and_both_destructors_release_handles ... ok
test legacy_typed_round_trips_and_common_destruction ... ok

test result: ok. 4 passed; 0 failed; 0 ignored; 0 measured; 0 filtered out; finished in 0.00s

   Compiling getrandom v0.3.3
   Compiling futures-util v0.3.31
   Compiling uuid v1.18.1
   Compiling tempfile v3.21.0
   Compiling zbus v5.19.0
   Compiling accesskit v0.25.0
   Compiling accesskit_consumer v0.39.0
   Compiling atspi-common v0.13.0
   Compiling atspi-proxies v0.13.0
   Compiling atspi v0.29.0
   Compiling reactive-tui v0.0.7 (/home/shawn/workspace2/reactive-tui)
warning: ambiguous glob re-exports
  --> src/ffi/mod.rs:85:9
   |
85 | pub use pointer::*;
   |         ^^^^^^^^^^ the name `validate_pointer` in the value namespace is first re-exported here
...
90 | pub use types::*;
   |         -------- but the name `validate_pointer` in the value namespace is also re-exported here
   |
   = note: `#[warn(ambiguous_glob_reexports)]` on by default

warning: unused variable: `width`
  --> src/ffi/lib.rs:85:14
   |
85 |         let (width, height) = renderer_box.dims();
   |              ^^^^^ help: if this is intentional, prefix it with an underscore: `_width`
   |
   = note: `#[warn(unused_variables)]` (part of `#[warn(unused)]`) on by default

warning: function `validate_pointer` is never used
   --> src/ffi/types.rs:182:15
    |
182 | pub(crate) fn validate_pointer<T>(ptr: *const T) -> bool {
    |               ^^^^^^^^^^^^^^^^
    |
    = note: `#[warn(dead_code)]` (part of `#[warn(unused)]`) on by default

warning: function `validate_mut_pointer` is never used
   --> src/ffi/types.rs:187:15
    |
187 | pub(crate) fn validate_mut_pointer<T>(ptr: *mut T) -> bool {
    |               ^^^^^^^^^^^^^^^^^^^^

warning: function `safe_cast` is never used
   --> src/ffi/types.rs:192:22
    |
192 | pub(crate) unsafe fn safe_cast<T, U>(ptr: *mut T) -> Result<*mut U, ReactiveError> {
    |                      ^^^^^^^^^

warning: function `safe_cast_const` is never used
   --> src/ffi/types.rs:206:22
    |
206 | pub(crate) unsafe fn safe_cast_const<T, U>(ptr: *const T) -> Result<*const U, ReactiveError> {
    |                      ^^^^^^^^^^^^^^^

warning: `reactive-tui` (lib) generated 6 warnings (run `cargo fix --lib -p reactive-tui` to apply 1 suggestion)
    Finished `dev` profile [unoptimized + debuginfo] target(s) in 22.72s
WARNING: Ignoring `RUSTC_WRAPPER` environment variable, Miri does not support wrapping.
   Compiling libc v0.2.189
   Compiling serde_core v1.0.229
   Compiling serde v1.0.229
   Compiling rustix v1.1.4
   Compiling syn v3.0.5
   Compiling linux-raw-sys v0.12.1
   Compiling winnow v1.0.4
   Compiling hashbrown v0.17.1
   Compiling equivalent v1.0.2
   Compiling toml_datetime v1.1.1+spec-1.1.0
   Compiling enumflags2_derive v0.7.12
   Compiling indexmap v2.14.2
   Compiling futures-io v0.3.31
   Compiling errno v0.3.13
   Compiling parking v2.2.1
   Compiling toml_parser v1.1.3+spec-1.1.0
   Compiling getrandom v0.3.3
   Compiling proc-macro2 v1.0.101
   Compiling unicode-ident v1.0.18
   Compiling event-listener v5.4.2
   Compiling concurrent-queue v2.5.0
   Compiling toml_edit v0.25.13+spec-1.1.0
   Compiling endi v1.1.1
   Compiling event-listener-strategy v0.5.4
   Compiling futures-lite v2.6.1
   Compiling quote v1.0.40
   Compiling signal-hook-registry v1.4.6
   Compiling proc-macro-crate v3.5.0
   Compiling async-io v2.6.0
   Compiling async-task v4.7.1
   Compiling async-channel v2.5.0
   Compiling io-lifetimes v2.0.4
   Compiling io-lifetimes v3.0.1
   Compiling atomic-waker v1.1.2
   Compiling foldhash v0.2.0
   Compiling piper v0.2.5
   Compiling async-lock v3.4.2
   Compiling tracing-core v0.1.36
   Compiling tracing-attributes v0.1.31
   Compiling io-extras v0.19.0
   Compiling blocking v1.7.0
   Compiling parking_lot_core v0.9.11
   Compiling async-executor v1.14.0
   Compiling async-broadcast v0.7.2
   Compiling ordered-stream v0.2.0
   Compiling async-recursion v1.1.1
   Compiling futures-macro v0.3.31
   Compiling hex v0.4.3
   Compiling siphasher v1.0.1
   Compiling cap-primitives v4.0.3
   Compiling phf_shared v0.14.0
   Compiling rav1e v0.7.1
   Compiling parking_lot v0.12.4
   Compiling futures-util v0.3.31
   Compiling mio v1.0.4
   Compiling polling v3.11.0
   Compiling tracing v0.1.44
   Compiling terminal_size v0.4.3
   Compiling clap_builder v4.5.46
   Compiling fs-set-times v0.20.3
   Compiling rustix-linux-procfs v0.1.1
   Compiling rand_core v0.9.3
   Compiling ambient-authority v0.0.2
   Compiling fastrand v2.3.0
   Compiling maybe-owned v0.3.4
   Compiling static_assertions v1.1.0
   Compiling cap-std v4.0.3
   Compiling ipnet v2.12.2
   Compiling phf_generator v0.14.0
   Compiling async-signal v0.2.14
   Compiling serde_derive v1.0.229
   Compiling async-process v2.5.0
   Compiling serde_repr v0.1.21
   Compiling async-trait v0.1.92
   Compiling tempfile v3.21.0
   Compiling signal-hook v0.3.18
   Compiling cap-fs-ext v4.0.3
   Compiling signal-hook-mio v0.2.4
   Compiling dirs-sys v0.4.1
   Compiling phf_macros v0.14.0
   Compiling socket2 v0.6.0
   Compiling wait-timeout v0.2.1
   Compiling reactive-tui v0.0.7 (/home/shawn/workspace2/reactive-tui)
   Compiling rusty-fork v0.3.0
   Compiling tokio v1.47.1
   Compiling dirs v5.0.1
   Compiling rand_chacha v0.9.0
   Compiling crossterm v0.29.0
   Compiling futures-executor v0.3.31
   Compiling phf v0.14.0
   Compiling rand v0.9.2
   Compiling rand_xorshift v0.4.0
   Compiling futures v0.3.31
   Compiling is-terminal v0.4.16
   Compiling atty v0.2.14
   Compiling clap v4.5.46
   Compiling serial_test v3.2.0
   Compiling proptest v1.7.0
   Compiling zvariant_utils v4.2.0
   Compiling enumflags2 v0.7.12
   Compiling zcheapstr v1.1.0
   Compiling uuid v1.18.1
   Compiling serde_json v1.0.143
   Compiling plist v1.7.4
   Compiling ravif v0.11.20
   Compiling bincode v1.3.3
   Compiling accesskit v0.25.0
   Compiling accesskit_consumer v0.39.0
   Compiling tinytemplate v1.2.1
   Compiling taffy v0.9.1
   Compiling syntect v5.2.0
   Compiling string_cache v0.8.9
   Compiling ciborium v0.2.2
   Compiling zvariant_derive v5.15.0
   Compiling zvariant v5.15.0
   Compiling image v0.25.6
   Compiling criterion v0.5.1
   Compiling comrak v0.41.0
   Compiling zbus_names v4.3.4
   Compiling zbus_xml v5.2.1
   Compiling zbus_macros v5.19.0
   Compiling zbus-lockstep v0.5.2
   Compiling zbus-lockstep-macros v0.5.2
   Compiling suprtui v0.1.0 (/home/shawn/workspace2/reactive-tui/src/backend/engine)
   Compiling zbus v5.19.0
   Compiling atspi-common v0.13.0
   Compiling atspi-proxies v0.13.0
   Compiling atspi v0.29.0
warning: ambiguous glob re-exports
  --> src/ffi/mod.rs:85:9
   |
85 | pub use pointer::*;
   |         ^^^^^^^^^^ the name `validate_pointer` in the value namespace is first re-exported here
...
90 | pub use types::*;
   |         -------- but the name `validate_pointer` in the value namespace is also re-exported here
   |
   = note: `#[warn(ambiguous_glob_reexports)]` on by default

warning: falling back to `f32` as the trait bound `f32: From<f64>` is not satisfied
    --> src/layout/style.rs:1507:83
     |
1507 |                 .map(|_| GridTemplateComponent::from(TrackSizingFunction::from_fr(1.0)))
     |                                                                                   ^^^ help: explicitly specify the type as `f32`: `1.0_f32`
     |
     = warning: this was previously accepted by the compiler but is being phased out; it will become a hard error in a future release!
     = note: for more information, see issue #154024 <https://github.com/rust-lang/rust/issues/154024>
     = note: `#[warn(float_literal_f32_fallback)]` (part of `#[warn(future_incompatible)]`) on by default

warning: falling back to `f32` as the trait bound `f32: From<f64>` is not satisfied
    --> src/layout/style.rs:1513:83
     |
1513 |                 .map(|_| GridTemplateComponent::from(TrackSizingFunction::from_fr(1.0)))
     |                                                                                   ^^^ help: explicitly specify the type as `f32`: `1.0_f32`
     |
     = warning: this was previously accepted by the compiler but is being phased out; it will become a hard error in a future release!
     = note: for more information, see issue #154024 <https://github.com/rust-lang/rust/issues/154024>

warning: use of deprecated method `std::sync::atomic::Atomic::<u32>::fetch_update`: renamed to `try_update` for consistency
   --> src/widgets/display/image/protocol_renderer.rs:238:14
    |
238 |             .fetch_update(Ordering::Relaxed, Ordering::Relaxed, |id| {
    |              ^^^^^^^^^^^^
    |
    = note: `#[warn(deprecated)]` on by default
help: replace the use of the deprecated method
    |
238 -             .fetch_update(Ordering::Relaxed, Ordering::Relaxed, |id| {
238 +             .try_update(Ordering::Relaxed, Ordering::Relaxed, |id| {
    |

warning: unused variable: `width`
  --> src/ffi/lib.rs:85:14
   |
85 |         let (width, height) = renderer_box.dims();
   |              ^^^^^ help: if this is intentional, prefix it with an underscore: `_width`
   |
   = note: `#[warn(unused_variables)]` (part of `#[warn(unused)]`) on by default

warning: function `validate_pointer` is never used
   --> src/ffi/types.rs:182:15
    |
182 | pub(crate) fn validate_pointer<T>(ptr: *const T) -> bool {
    |               ^^^^^^^^^^^^^^^^
    |
    = note: `#[warn(dead_code)]` (part of `#[warn(unused)]`) on by default

warning: function `validate_mut_pointer` is never used
   --> src/ffi/types.rs:187:15
    |
187 | pub(crate) fn validate_mut_pointer<T>(ptr: *mut T) -> bool {
    |               ^^^^^^^^^^^^^^^^^^^^

warning: function `safe_cast` is never used
   --> src/ffi/types.rs:192:22
    |
192 | pub(crate) unsafe fn safe_cast<T, U>(ptr: *mut T) -> Result<*mut U, ReactiveError> {
    |                      ^^^^^^^^^

warning: function `safe_cast_const` is never used
   --> src/ffi/types.rs:206:22
    |
206 | pub(crate) unsafe fn safe_cast_const<T, U>(ptr: *const T) -> Result<*const U, ReactiveError> {
    |                      ^^^^^^^^^^^^^^^

warning: `reactive-tui` (lib) generated 9 warnings (run `cargo fix --lib -p reactive-tui` to apply 4 suggestions)
    Finished `test` profile [unoptimized + debuginfo] target(s) in 24.44s
     Running tests/api_signal_ownership.rs (target/api-signal-miri/miri/x86_64-unknown-linux-gnu/debug/build/reactive-tui/0cb24c20c294d367/out/api_signal_ownership-0cb24c20c294d367)

running 4 tests
test hook_handles_own_shared_values_past_context_destruction ... ok
test legacy_typed_round_trips_and_common_destruction ... ok
test tagged_types_reject_mismatch_and_both_destructors_release_handles ... ok
test thread_safe_signal_has_its_own_matching_lifecycle ... ok

test result: ok. 4 passed; 0 failed; 0 ignored; 0 measured; 0 filtered out; finished in 4.63s

API-001 Rust/C signal lifecycles and Miri passed
