   Compiling reactive-tui v0.0.7 (/home/shawn/workspace2/reactive-tui)
warning: ambiguous glob re-exports
  --> src/ffi/mod.rs:85:9
   |
85 | pub use pointer::*;
   |         ^^^^^^^^^^ the name `validate_pointer` in the value namespace is first re-exported here
...
90 | pub use types::*;
   |         -------- but the name `validate_pointer` in the value namespace is also re-exported here
   |
   = note: `#[warn(ambiguous_glob_reexports)]` on by default

warning: unused variable: `width`
  --> src/ffi/lib.rs:85:14
   |
85 |         let (width, height) = renderer_box.dims();
   |              ^^^^^ help: if this is intentional, prefix it with an underscore: `_width`
   |
   = note: `#[warn(unused_variables)]` (part of `#[warn(unused)]`) on by default

warning: function `validate_pointer` is never used
   --> src/ffi/types.rs:182:15
    |
182 | pub(crate) fn validate_pointer<T>(ptr: *const T) -> bool {
    |               ^^^^^^^^^^^^^^^^
    |
    = note: `#[warn(dead_code)]` (part of `#[warn(unused)]`) on by default

warning: function `validate_mut_pointer` is never used
   --> src/ffi/types.rs:187:15
    |
187 | pub(crate) fn validate_mut_pointer<T>(ptr: *mut T) -> bool {
    |               ^^^^^^^^^^^^^^^^^^^^

warning: function `safe_cast` is never used
   --> src/ffi/types.rs:192:22
    |
192 | pub(crate) unsafe fn safe_cast<T, U>(ptr: *mut T) -> Result<*mut U, ReactiveError> {
    |                      ^^^^^^^^^

warning: function `safe_cast_const` is never used
   --> src/ffi/types.rs:206:22
    |
206 | pub(crate) unsafe fn safe_cast_const<T, U>(ptr: *const T) -> Result<*const U, ReactiveError> {
    |                      ^^^^^^^^^^^^^^^

warning: `reactive-tui` (lib) generated 6 warnings (run `cargo fix --lib -p reactive-tui` to apply 1 suggestion)
    Finished `test` profile [unoptimized + debuginfo] target(s) in 20.76s
     Running tests/api_signal_ownership.rs (target/debug/deps/api_signal_ownership-35fcf0b0ccf390f8)

running 4 tests
test thread_safe_signal_has_its_own_matching_lifecycle ... ok
test hook_handles_own_shared_values_past_context_destruction ... ok
test tagged_types_reject_mismatch_and_both_destructors_release_handles ... ok
test legacy_typed_round_trips_and_common_destruction ... ok

test result: ok. 4 passed; 0 failed; 0 ignored; 0 measured; 0 filtered out; finished in 0.00s

   Compiling getrandom v0.3.3
   Compiling futures-util v0.3.31
sccache: encountered fatal error
sccache: error: Failed to create temp dir
sccache: caused by: Failed to create temp dir
sccache: caused by: No space left on device (os error 28) at path "/tmp/sccacheRjwfEI"
error: could not compile `getrandom` (lib)

Caused by:
  process didn't exit successfully: `sccache /home/shawn/.rustup/toolchains/1.95-x86_64-unknown-linux-gnu/bin/rustc --crate-name getrandom --edition=2021 /home/shawn/.cargo/registry/src/index.crates.io-1949cf8c6b5b557f/getrandom-0.3.3/src/lib.rs --error-format=json --json=diagnostic-rendered-ansi,artifacts,future-incompat --crate-type lib --emit=dep-info,metadata,link -C embed-bitcode=no -C debuginfo=2 --warn=unexpected_cfgs --check-cfg 'cfg(getrandom_backend, values("custom", "efi_rng", "rdrand", "rndr", "linux_getrandom", "linux_raw", "wasm_js"))' --check-cfg 'cfg(getrandom_msan)' --check-cfg 'cfg(getrandom_windows_legacy)' --check-cfg 'cfg(getrandom_test_linux_fallback)' --check-cfg 'cfg(getrandom_test_linux_without_fallback)' --check-cfg 'cfg(getrandom_test_netbsd_fallback)' --check-cfg 'cfg(target_os, values("cygwin"))' --check-cfg 'cfg(docsrs,test)' --check-cfg 'cfg(feature, values("rustc-dep-of-std", "std", "wasm_js"))' -C metadata=2923eaf7d606d3f2 -C extra-filename=-c9f7c96fb59a9443 --out-dir /home/shawn/workspace2/reactive-tui/target/debug/deps -L dependency=/home/shawn/workspace2/reactive-tui/target/debug/deps --extern cfg_if=/home/shawn/workspace2/reactive-tui/target/debug/deps/libcfg_if-64ec8926e1ed861b.rmeta --extern libc=/home/shawn/workspace2/reactive-tui/target/debug/deps/liblibc-d59ca39310437fbe.rmeta --cap-lints allow -C link-arg=-Wl,--threads=8` (exit status: 254)
warning: build failed, waiting for other jobs to finish...
sccache: encountered fatal error
sccache: error: Failed to create temp dir
sccache: caused by: Failed to create temp dir
sccache: caused by: No space left on device (os error 28) at path "/tmp/sccacheLzdV0Z"
error: could not compile `futures-util` (lib)

Caused by:
  process didn't exit successfully: `sccache /home/shawn/.rustup/toolchains/1.95-x86_64-unknown-linux-gnu/bin/rustc --crate-name futures_util --edition=2018 /home/shawn/.cargo/registry/src/index.crates.io-1949cf8c6b5b557f/futures-util-0.3.31/src/lib.rs --error-format=json --json=diagnostic-rendered-ansi,artifacts,future-incompat --crate-type lib --emit=dep-info,metadata,link -C embed-bitcode=no -C debuginfo=2 --warn=unreachable_pub --warn=unexpected_cfgs --warn=single_use_lifetimes --warn=rust_2018_idioms --warn=missing_debug_implementations --check-cfg 'cfg(futures_sanitizer)' --cfg 'feature="alloc"' --cfg 'feature="async-await"' --cfg 'feature="async-await-macro"' --cfg 'feature="default"' --cfg 'feature="futures-macro"' --cfg 'feature="slab"' --cfg 'feature="std"' --check-cfg 'cfg(docsrs,test)' --check-cfg 'cfg(feature, values("alloc", "async-await", "async-await-macro", "bilock", "cfg-target-has-atomic", "channel", "compat", "default", "futures-channel", "futures-io", "futures-macro", "futures-sink", "futures_01", "io", "io-compat", "memchr", "portable-atomic", "sink", "slab", "std", "tokio-io", "unstable", "write-all-vectored"))' -C metadata=cfd2663650760942 -C extra-filename=-a2e33420a3f318b7 --out-dir /home/shawn/workspace2/reactive-tui/target/debug/deps -L dependency=/home/shawn/workspace2/reactive-tui/target/debug/deps --extern futures_core=/home/shawn/workspace2/reactive-tui/target/debug/deps/libfutures_core-16126cd1d6a07f0c.rmeta --extern futures_macro=/home/shawn/workspace2/reactive-tui/target/debug/deps/libfutures_macro-db4861b4ad4d8d94.so --extern futures_task=/home/shawn/workspace2/reactive-tui/target/debug/deps/libfutures_task-67415ecda8366e2d.rmeta --extern pin_project_lite=/home/shawn/workspace2/reactive-tui/target/debug/deps/libpin_project_lite-ce25c5f293f132d3.rmeta --extern pin_utils=/home/shawn/workspace2/reactive-tui/target/debug/deps/libpin_utils-e06acec3e497c19b.rmeta --extern slab=/home/shawn/workspace2/reactive-tui/target/debug/deps/libslab-71821e8bdec8ed75.rmeta --cap-lints allow -C link-arg=-Wl,--threads=8` (exit status: 254)
Traceback (most recent call last):
  File "/home/shawn/workspace2/reactive-tui/scripts/check-api-signal-ownership.py", line 47, in <module>
    main()
    ~~~~^^
  File "/home/shawn/workspace2/reactive-tui/scripts/check-api-signal-ownership.py", line 32, in main
    run(["cargo", "build", "--locked", "--features", "ffi"])
    ~~~^^^^^^^^^^^^^^^^^^^^^^^^^^^^^^^^^^^^^^^^^^^^^^^^^^^^^
  File "/home/shawn/workspace2/reactive-tui/scripts/check-api-signal-ownership.py", line 18, in run
    subprocess.run(command, cwd=ROOT, check=True, timeout=900, **kwargs)
    ~~~~~~~~~~~~~~^^^^^^^^^^^^^^^^^^^^^^^^^^^^^^^^^^^^^^^^^^^^^^^^^^^^^^
  File "/home/linuxbrew/.linuxbrew/Cellar/python@3.14/3.14.7/lib/python3.14/subprocess.py", line 578, in run
    raise CalledProcessError(retcode, process.args,
                             output=stdout, stderr=stderr)
subprocess.CalledProcessError: Command '['cargo', 'build', '--locked', '--features', 'ffi']' returned non-zero exit status 101.
