   Compiling proc-macro2 v1.0.101
   Compiling unicode-ident v1.0.18
   Compiling cfg-if v1.0.3
   Compiling libc v0.2.189
   Compiling autocfg v1.5.0
   Compiling serde_core v1.0.229
   Compiling serde v1.0.229
   Compiling bitflags v2.11.0
   Compiling memchr v2.7.5
   Compiling equivalent v1.0.2
   Compiling crossbeam-utils v0.8.21
   Compiling rustix v1.1.4
   Compiling linux-raw-sys v0.12.1
   Compiling pin-project-lite v0.2.16
   Compiling once_cell v1.21.3
   Compiling winnow v1.0.4
   Compiling futures-core v0.3.31
   Compiling hashbrown v0.17.1
   Compiling toml_datetime v1.1.1+spec-1.1.0
   Compiling getrandom v0.3.3
   Compiling parking v2.2.1
   Compiling futures-io v0.3.31
   Compiling num-traits v0.2.19
   Compiling fastrand v2.3.0
   Compiling endi v1.1.1
   Compiling slab v0.4.11
   Compiling simd-adler32 v0.3.7
   Compiling arrayvec v0.7.6
   Compiling event-listener v5.4.2
   Compiling crossbeam-epoch v0.9.18
   Compiling toml_parser v1.1.3+spec-1.1.0
   Compiling indexmap v2.14.2
   Compiling concurrent-queue v2.5.0
   Compiling log v0.4.27
   Compiling either v1.15.0
   Compiling quote v1.0.40
   Compiling rayon-core v1.13.0
   Compiling futures-lite v2.6.1
   Compiling event-listener-strategy v0.5.4
   Compiling signal-hook-registry v1.4.6
   Compiling adler2 v2.0.1
   Compiling crossbeam-deque v0.8.6
   Compiling crc32fast v1.5.0
   Compiling fnv v1.0.7
   Compiling smallvec v1.15.1
   Compiling strsim v0.11.1
   Compiling syn v2.0.106
   Compiling syn v3.0.5
   Compiling miniz_oxide v0.8.9
   Compiling toml_edit v0.25.13+spec-1.1.0
   Compiling async-io v2.6.0
   Compiling thiserror v1.0.69
   Compiling itoa v1.0.15
   Compiling num-integer v0.1.46
   Compiling siphasher v1.0.1
   Compiling anyhow v1.0.99
   Compiling async-task v4.7.1
   Compiling shlex v1.3.0
   Compiling regex-syntax v0.8.6
   Compiling flate2 v1.1.2
   Compiling rayon v1.11.0
   Compiling proc-macro-crate v3.5.0
   Compiling num-bigint v0.4.6
   Compiling async-channel v2.5.0
   Compiling cc v1.2.34
   Compiling aho-corasick v1.1.3
   Compiling lock_api v0.4.13
   Compiling half v2.6.0
   Compiling polling v3.11.0
   Compiling io-lifetimes v3.0.1
   Compiling minimal-lexical v0.2.1
   Compiling atomic-waker v1.1.2
   Compiling enumflags2_derive v0.7.12
   Compiling equator-macro v0.4.2
   Compiling thiserror-impl v1.0.69
   Compiling foldhash v0.2.0
   Compiling serde_derive v1.0.229
   Compiling io-lifetimes v2.0.4
   Compiling serde_json v1.0.143
   Compiling version_check v0.9.5
   Compiling equator v0.4.2
   Compiling paste v1.0.15
   Compiling pkg-config v0.3.32
   Compiling built v0.7.7
   Compiling parking_lot_core v0.9.11
   Compiling ident_case v1.0.1
   Compiling utf8parse v0.2.2
   Compiling num-rational v0.4.2
   Compiling slotmap v1.0.7
   Compiling piper v0.2.5
   Compiling onig_sys v69.9.1
   Compiling rav1e v0.7.1
   Compiling aligned-vec v0.6.4
   Compiling regex-automata v0.4.10
   Compiling anstyle-parse v0.2.7
   Compiling darling_core v0.21.3
   Compiling nom v7.1.3
   Compiling profiling-procmacros v1.0.17
   Compiling tracing-attributes v0.1.31
   Compiling zvariant_utils v4.2.0
   Compiling zcheapstr v1.1.0
   Compiling enumflags2 v0.7.12
   Compiling uuid v1.18.1
   Compiling v_frame v0.3.9
   Compiling async-signal v0.2.14
   Compiling async-lock v3.4.2
   Compiling tracing-core v0.1.36
   Compiling colorchoice v1.0.4
   Compiling ryu v1.0.20
   Compiling anstyle v1.0.11
   Compiling io-extras v0.19.0
   Compiling rustversion v1.0.22
   Compiling anstyle-query v1.1.4
   Compiling new_debug_unreachable v1.0.6
   Compiling scopeguard v1.2.0
   Compiling prettyplease v0.2.37
   Compiling is_terminal_polyfill v1.70.1
   Compiling unicode-segmentation v1.13.3
   Compiling bitflags v1.3.2
   Compiling powerfmt v0.2.0
   Compiling zvariant_derive v5.15.0
   Compiling futures-sink v0.3.31
   Compiling zvariant v5.15.0
   Compiling async-process v2.5.0
   Compiling futures-channel v0.3.31
   Compiling regex v1.11.2
   Compiling tracing v0.1.44
   Compiling av1-grain v0.2.4
   Compiling anstream v0.6.20
   Compiling darling_macro v0.21.3
   Compiling deranged v0.4.0
   Compiling blocking v1.7.0
   Compiling profiling v1.0.17
   Compiling maybe-rayon v0.1.1
   Compiling async-trait v0.1.92
   Compiling serde_repr v0.1.21
   Compiling async-recursion v1.1.1
   Compiling futures-macro v0.3.31
   Compiling arg_enum_proc_macro v0.3.4
   Compiling zbus_names v4.3.4
   Compiling num-derive v0.4.2
   Compiling terminal_size v0.4.3
   Compiling async-executor v1.14.0
   Compiling itertools v0.12.1
   Compiling async-broadcast v0.7.2
   Compiling simd_helpers v0.1.0
   Compiling ordered-stream v0.2.0
   Compiling cap-primitives v4.0.3
   Compiling zerocopy v0.8.26
   Compiling time-core v0.1.4
   Compiling signal-hook v0.3.18
   Compiling bit-vec v0.6.3
   Compiling num-conv v0.1.0
   Compiling weezl v0.1.10
   Compiling quick-error v2.0.1
   Compiling pin-utils v0.1.0
   Compiling zbus_xml v5.2.1
   Compiling zbus_macros v5.19.0
   Compiling tinyvec_macros v0.1.1
   Compiling hex v0.4.3
   Compiling bitstream-io v2.6.0
   Compiling same-file v1.0.6
   Compiling clap_lex v0.7.5
   Compiling imgref v1.11.0
   Compiling noop_proc_macro v0.3.0
   Compiling heck v0.5.0
   Compiling futures-task v0.3.31
   Compiling tinyvec v1.10.0
   Compiling time v0.3.41
   Compiling zbus v5.19.0
   Compiling walkdir v2.5.0
   Compiling futures-util v0.3.31
   Compiling loop9 v0.1.5
   Compiling clap_builder v4.5.46
   Compiling clap_derive v4.5.45
   Compiling zbus-lockstep v0.5.2
   Compiling bit-set v0.5.3
   Compiling parking_lot v0.12.4
   Compiling fs-set-times v0.20.3
   Compiling zbus-lockstep-macros v0.5.2
   Compiling darling v0.21.3
   Compiling convert_case v0.7.1
   Compiling rustix-linux-procfs v0.1.1
   Compiling phf_shared v0.14.0
   Compiling mio v1.0.4
   Compiling avif-serialize v0.8.6
   Compiling zune-inflate v0.2.54
   Compiling fdeflate v0.3.7
   Compiling rand_core v0.9.3
   Compiling quick-xml v0.38.3
   Compiling byteorder-lite v0.1.0
   Compiling cap-std v4.0.3
   Compiling maybe-owned v0.3.4
   Compiling bytemuck v1.23.2
   Compiling ipnet v2.12.2
   Compiling ambient-authority v0.0.2
   Compiling base64 v0.22.1
   Compiling color_quant v1.1.0
   Compiling zune-core v0.4.12
   Compiling rgb v0.8.52
   Compiling bit_field v0.10.3
   Compiling linked-hash-map v0.5.6
   Compiling jpeg-decoder v0.3.2
   Compiling static_assertions v1.1.0
   Compiling lebe v0.5.2
   Compiling gif v0.13.3
   Compiling qoi v0.4.1
   Compiling plist v1.7.4
   Compiling phf_generator v0.14.0
   Compiling yaml-rust v0.4.5
   Compiling ravif v0.11.20
   Compiling zune-jpeg v0.4.20
   Compiling exr v1.73.0
   Compiling tiff v0.9.1
   Compiling atspi-common v0.13.0
   Compiling image-webp v0.2.4
   Compiling png v0.17.16
   Compiling bon-macros v3.7.1
   Compiling clap v4.5.46
   Compiling derive_more-impl v2.0.1
   Compiling fancy-regex v0.11.0
   Compiling unicode-normalization v0.1.24
   Compiling bincode v1.3.3
   Compiling tempfile v3.21.0
   Compiling option-ext v0.2.0
   Compiling ciborium-io v0.2.2
   Compiling cap-fs-ext v4.0.3
   Compiling litrs v0.4.2
   Compiling deunicode v1.6.2
   Compiling allocator-api2 v0.2.21
   Compiling foldhash v0.1.5
   Compiling plotters-backend v0.3.7
   Compiling caseless v0.2.2
   Compiling signal-hook-mio v0.2.4
   Compiling document-features v0.2.11
   Compiling ciborium-ll v0.2.2
   Compiling dirs-sys v0.4.1
   Compiling ppv-lite86 v0.2.21
   Compiling bon v3.7.1
   Compiling slug v0.1.6
   Compiling hashbrown v0.15.5
   Compiling derive_more v2.0.1
   Compiling phf_macros v0.14.0
   Compiling plotters-svg v0.3.7
   Compiling atspi-proxies v0.13.0
   Compiling futures-executor v0.3.31
   Compiling taffy v0.13.0
   Compiling image v0.25.6
   Compiling accesskit v0.25.0
   Compiling tokio-macros v2.5.0
   Compiling phf_shared v0.11.3
   Compiling itertools v0.10.5
   Compiling vte v0.14.1
   Compiling vte v0.15.0
   Compiling wait-timeout v0.2.1
   Compiling socket2 v0.6.0
   Compiling bit-vec v0.8.0
   Compiling reactive-tui v0.0.7 (/home/shawn/workspace2/reactive-tui)
   Compiling unicode-properties v0.1.4
   Compiling unicode_categories v0.1.1
   Compiling xdg v2.5.2
   Compiling typed-arena v2.0.2
   Compiling cast v0.3.0
   Compiling entities v1.0.1
   Compiling shell-words v1.1.0
   Compiling lazy_static v1.5.0
   Compiling sdd v3.0.10
   Compiling grid v0.18.0
   Compiling unicode-width v0.2.1
   Compiling quick-error v1.2.3
   Compiling precomputed-hash v0.1.1
   Compiling bytes v1.10.1
   Compiling criterion-plot v0.5.0
   Compiling bit-set v0.8.0
   Compiling accesskit_consumer v0.39.0
   Compiling taffy v0.9.1
   Compiling string_cache v0.8.9
   Compiling atspi v0.29.0
   Compiling scc v2.4.0
   Compiling vt100 v0.16.2
   Compiling rusty-fork v0.3.0
   Compiling lru v0.16.0
   Compiling tokio v1.47.1
   Compiling phf v0.14.0
   Compiling plotters v0.3.7
   Compiling crossterm v0.29.0
   Compiling futures v0.3.31
   Compiling suprtui v0.1.0 (/home/shawn/workspace2/reactive-tui/src/backend/engine)
   Compiling rand_chacha v0.9.0
   Compiling ciborium v0.2.2
   Compiling dirs v5.0.1
   Compiling rand_xorshift v0.4.0
   Compiling rand v0.9.2
   Compiling tinytemplate v1.2.1
   Compiling reactive-tui-macros v0.1.0 (/home/shawn/workspace2/reactive-tui/reactive-tui-macros)
   Compiling serial_test_derive v3.2.0
   Compiling is-terminal v0.4.16
   Compiling atty v0.2.14
   Compiling anes v0.1.6
   Compiling unarray v0.1.4
   Compiling oorandom v11.1.5
   Compiling serial_test v3.2.0
   Compiling proptest v1.7.0
   Compiling criterion v0.5.1
   Compiling onig v6.5.1
   Compiling syntect v5.2.0
   Compiling comrak v0.41.0
warning: ambiguous glob re-exports
  --> src/ffi/mod.rs:94:9
   |
94 | pub use pointer::*;
   |         ^^^^^^^^^^ the name `validate_pointer` in the value namespace is first re-exported here
...
99 | pub use types::*;
   |         -------- but the name `validate_pointer` in the value namespace is also re-exported here
   |
   = note: `#[warn(ambiguous_glob_reexports)]` on by default

warning: unused variable: `width`
  --> src/ffi/lib.rs:85:14
   |
85 |         let (width, height) = renderer_box.dims();
   |              ^^^^^ help: if this is intentional, prefix it with an underscore: `_width`
   |
   = note: `#[warn(unused_variables)]` (part of `#[warn(unused)]`) on by default

warning: function `validate_pointer` is never used
   --> src/ffi/types.rs:182:15
    |
182 | pub(crate) fn validate_pointer<T>(ptr: *const T) -> bool {
    |               ^^^^^^^^^^^^^^^^
    |
    = note: `#[warn(dead_code)]` (part of `#[warn(unused)]`) on by default

warning: function `validate_mut_pointer` is never used
   --> src/ffi/types.rs:187:15
    |
187 | pub(crate) fn validate_mut_pointer<T>(ptr: *mut T) -> bool {
    |               ^^^^^^^^^^^^^^^^^^^^

warning: function `safe_cast` is never used
   --> src/ffi/types.rs:192:22
    |
192 | pub(crate) unsafe fn safe_cast<T, U>(ptr: *mut T) -> Result<*mut U, ReactiveError> {
    |                      ^^^^^^^^^

warning: function `safe_cast_const` is never used
   --> src/ffi/types.rs:206:22
    |
206 | pub(crate) unsafe fn safe_cast_const<T, U>(ptr: *const T) -> Result<*const U, ReactiveError> {
    |                      ^^^^^^^^^^^^^^^

warning: `reactive-tui` (lib) generated 6 warnings (run `cargo fix --lib -p reactive-tui` to apply 1 suggestion)
    Finished `test` profile [unoptimized + debuginfo] target(s) in 1m 08s
     Running tests/api_signal_ownership.rs (target/debug/deps/api_signal_ownership-85fb49f2f9fb5129)

running 4 tests
test tagged_types_reject_mismatch_and_both_destructors_release_handles ... ok
test hook_handles_own_shared_values_past_context_destruction ... ok
test thread_safe_signal_has_its_own_matching_lifecycle ... ok
test legacy_typed_round_trips_and_common_destruction ... ok

test result: ok. 4 passed; 0 failed; 0 ignored; 0 measured; 0 filtered out; finished in 0.00s

   Compiling getrandom v0.3.3
   Compiling futures-util v0.3.31
   Compiling uuid v1.18.1
   Compiling tempfile v3.21.0
   Compiling zbus v5.19.0
   Compiling accesskit v0.25.0
   Compiling accesskit_consumer v0.39.0
   Compiling atspi-common v0.13.0
   Compiling atspi-proxies v0.13.0
   Compiling atspi v0.29.0
   Compiling reactive-tui v0.0.7 (/home/shawn/workspace2/reactive-tui)
warning: ambiguous glob re-exports
  --> src/ffi/mod.rs:94:9
   |
94 | pub use pointer::*;
   |         ^^^^^^^^^^ the name `validate_pointer` in the value namespace is first re-exported here
...
99 | pub use types::*;
   |         -------- but the name `validate_pointer` in the value namespace is also re-exported here
   |
   = note: `#[warn(ambiguous_glob_reexports)]` on by default

warning: unused variable: `width`
  --> src/ffi/lib.rs:85:14
   |
85 |         let (width, height) = renderer_box.dims();
   |              ^^^^^ help: if this is intentional, prefix it with an underscore: `_width`
   |
   = note: `#[warn(unused_variables)]` (part of `#[warn(unused)]`) on by default

warning: function `validate_pointer` is never used
   --> src/ffi/types.rs:182:15
    |
182 | pub(crate) fn validate_pointer<T>(ptr: *const T) -> bool {
    |               ^^^^^^^^^^^^^^^^
    |
    = note: `#[warn(dead_code)]` (part of `#[warn(unused)]`) on by default

warning: function `validate_mut_pointer` is never used
   --> src/ffi/types.rs:187:15
    |
187 | pub(crate) fn validate_mut_pointer<T>(ptr: *mut T) -> bool {
    |               ^^^^^^^^^^^^^^^^^^^^

warning: function `safe_cast` is never used
   --> src/ffi/types.rs:192:22
    |
192 | pub(crate) unsafe fn safe_cast<T, U>(ptr: *mut T) -> Result<*mut U, ReactiveError> {
    |                      ^^^^^^^^^

warning: function `safe_cast_const` is never used
   --> src/ffi/types.rs:206:22
    |
206 | pub(crate) unsafe fn safe_cast_const<T, U>(ptr: *const T) -> Result<*const U, ReactiveError> {
    |                      ^^^^^^^^^^^^^^^

warning: `reactive-tui` (lib) generated 6 warnings (run `cargo fix --lib -p reactive-tui` to apply 1 suggestion)
    Finished `dev` profile [unoptimized + debuginfo] target(s) in 24.23s
   Compiling cfg-if v1.0.3
   Compiling bitflags v2.11.0
   Compiling memchr v2.7.5
   Compiling linux-raw-sys v0.12.1
   Compiling libc v0.2.189
   Compiling serde_core v1.0.229
   Compiling serde v1.0.229
   Compiling crossbeam-utils v0.8.21
   Compiling rustix v1.1.4
   Compiling once_cell v1.21.3
   Compiling pin-project-lite v0.2.16
   Compiling futures-core v0.3.31
   Compiling getrandom v0.3.3
   Compiling futures-io v0.3.31
   Compiling parking v2.2.1
   Compiling fastrand v2.3.0
   Compiling num-traits v0.2.19
   Compiling proc-macro2 v1.0.101
   Compiling slab v0.4.11
   Compiling unicode-ident v1.0.18
   Compiling arrayvec v0.7.6
   Compiling simd-adler32 v0.3.7
   Compiling event-listener v5.4.2
   Compiling either v1.15.0
   Compiling log v0.4.27
   Compiling rayon-core v1.13.0
   Compiling futures-lite v2.6.1
   Compiling smallvec v1.15.1
   Compiling event-listener-strategy v0.5.4
   Compiling winnow v1.0.4
   Compiling adler2 v2.0.1
   Compiling crc32fast v1.5.0
   Compiling itoa v1.0.15
   Compiling miniz_oxide v0.8.9
   Compiling concurrent-queue v2.5.0
   Compiling crossbeam-epoch v0.9.18
   Compiling endi v1.1.1
   Compiling thiserror v1.0.69
   Compiling async-io v2.6.0
   Compiling equator v0.4.2
   Compiling num-integer v0.1.46
   Compiling regex-syntax v0.8.6
   Compiling quote v1.0.40
   Compiling crossbeam-deque v0.8.6
   Compiling async-task v4.7.1
   Compiling aligned-vec v0.6.4
   Compiling num-bigint v0.4.6
   Compiling syn v3.0.5
   Compiling anyhow v1.0.99
   Compiling errno v0.3.13
   Compiling signal-hook-registry v1.4.6
   Compiling flate2 v1.1.2
   Compiling async-channel v2.5.0
   Compiling aho-corasick v1.1.3
   Compiling half v2.6.0
   Compiling equivalent v1.0.2
   Compiling foldhash v0.2.0
   Compiling atomic-waker v1.1.2
   Compiling utf8parse v0.2.2
   Compiling minimal-lexical v0.2.1
   Compiling io-lifetimes v3.0.1
   Compiling hashbrown v0.17.1
   Compiling parking_lot_core v0.9.11
   Compiling anstyle-parse v0.2.7
   Compiling io-lifetimes v2.0.4
   Compiling rayon v1.11.0
   Compiling piper v0.2.5
   Compiling nom v7.1.3
   Compiling serde_json v1.0.143
   Compiling lock_api v0.4.13
   Compiling v_frame v0.3.9
   Compiling async-lock v3.4.2
   Compiling tracing-core v0.1.36
   Compiling powerfmt v0.2.0
   Compiling is_terminal_polyfill v1.70.1
   Compiling bitflags v1.3.2
   Compiling futures-sink v0.3.31
   Compiling colorchoice v1.0.4
   Compiling scopeguard v1.2.0
   Compiling new_debug_unreachable v1.0.6
   Compiling anstyle v1.0.11
   Compiling anstyle-query v1.1.4
   Compiling num-rational v0.4.2
   Compiling ryu v1.0.20
   Compiling io-extras v0.19.0
   Compiling tracing v0.1.44
   Compiling anstream v0.6.20
   Compiling futures-channel v0.3.31
   Compiling deranged v0.4.0
   Compiling zcheapstr v1.1.0
   Compiling enumflags2 v0.7.12
   Compiling uuid v1.18.1
   Compiling profiling v1.0.17
   Compiling blocking v1.7.0
   Compiling onig_sys v69.9.1
   Compiling rav1e v0.7.1
   Compiling slotmap v1.0.7
   Compiling av1-grain v0.2.4
   Compiling async-executor v1.14.0
   Compiling async-broadcast v0.7.2
   Compiling itertools v0.12.1
   Compiling ordered-stream v0.2.0
   Compiling hex v0.4.3
   Compiling same-file v1.0.6
   Compiling regex-automata v0.4.10
   Compiling num-conv v0.1.0
   Compiling bit-vec v0.6.3
   Compiling pin-utils v0.1.0
   Compiling futures-task v0.3.31
   Compiling time-core v0.1.4
   Compiling quick-error v2.0.1
   Compiling clap_lex v0.7.5
   Compiling weezl v0.1.10
   Compiling imgref v1.11.0
   Compiling bitstream-io v2.6.0
   Compiling tinyvec_macros v0.1.1
   Compiling fnv v1.0.7
   Compiling siphasher v1.0.1
   Compiling strsim v0.11.1
   Compiling loop9 v0.1.5
   Compiling signal-hook v0.3.18
   Compiling tinyvec v1.10.0
   Compiling futures-util v0.3.31
   Compiling cap-primitives v4.0.3
   Compiling bit-set v0.5.3
   Compiling time v0.3.41
   Compiling zerocopy v0.8.26
   Compiling walkdir v2.5.0
   Compiling parking_lot v0.12.4
   Compiling indexmap v2.14.2
   Compiling rand_core v0.9.3
   Compiling mio v1.0.4
   Compiling quick-xml v0.38.3
   Compiling maybe-rayon v0.1.1
   Compiling avif-serialize v0.8.6
   Compiling zune-inflate v0.2.54
   Compiling fdeflate v0.3.7
   Compiling maybe-owned v0.3.4
   Compiling static_assertions v1.1.0
   Compiling rgb v0.8.52
   Compiling color_quant v1.1.0
   Compiling byteorder-lite v0.1.0
   Compiling ipnet v2.12.2
   Compiling bit_field v0.10.3
   Compiling jpeg-decoder v0.3.2
   Compiling bytemuck v1.23.2
   Compiling ambient-authority v0.0.2
   Compiling zune-core v0.4.12
   Compiling lebe v0.5.2
   Compiling base64 v0.22.1
   Compiling linked-hash-map v0.5.6
   Compiling zune-jpeg v0.4.20
   Compiling exr v1.73.0
   Compiling yaml-rust v0.4.5
   Compiling qoi v0.4.1
   Compiling tiff v0.9.1
   Compiling image-webp v0.2.4
   Compiling plist v1.7.4
   Compiling polling v3.11.0
   Compiling zvariant_utils v4.2.0
   Compiling terminal_size v0.4.3
   Compiling clap_builder v4.5.46
   Compiling fs-set-times v0.20.3
   Compiling rustix-linux-procfs v0.1.1
   Compiling regex v1.11.2
   Compiling async-signal v0.2.14
   Compiling async-process v2.5.0
   Compiling zvariant v5.15.0
   Compiling tempfile v3.21.0
   Compiling fancy-regex v0.11.0
   Compiling gif v0.13.3
   Compiling png v0.17.16
   Compiling onig v6.5.1
   Compiling cap-std v4.0.3
   Compiling unicode-normalization v0.1.24
   Compiling bincode v1.3.3
   Compiling foldhash v0.1.5
   Compiling option-ext v0.2.0
   Compiling allocator-api2 v0.2.21
   Compiling deunicode v1.6.2
   Compiling ciborium-io v0.2.2
   Compiling plotters-backend v0.3.7
   Compiling ciborium-ll v0.2.2
   Compiling dirs-sys v0.4.1
   Compiling futures-executor v0.3.31
   Compiling slug v0.1.6
   Compiling caseless v0.2.2
   Compiling cap-fs-ext v4.0.3
   Compiling signal-hook-mio v0.2.4
   Compiling plotters-svg v0.3.7
   Compiling derive_more v2.0.1
   Compiling bon v3.7.1
   Compiling taffy v0.13.0
   Compiling phf_shared v0.14.0
   Compiling syntect v5.2.0
   Compiling phf_shared v0.11.3
   Compiling hashbrown v0.15.5
   Compiling accesskit v0.25.0
   Compiling socket2 v0.6.0
   Compiling wait-timeout v0.2.1
   Compiling vte v0.14.1
   Compiling vte v0.15.0
   Compiling itertools v0.10.5
   Compiling shell-words v1.1.0
   Compiling precomputed-hash v0.1.1
   Compiling grid v0.18.0
   Compiling unicode-width v0.2.1
   Compiling unicode_categories v0.1.1
   Compiling ppv-lite86 v0.2.21
   Compiling sdd v3.0.10
   Compiling unicode-segmentation v1.13.3
   Compiling bytes v1.10.1
   Compiling entities v1.0.1
   Compiling xdg v2.5.2
   Compiling typed-arena v2.0.2
   Compiling cast v0.3.0
   Compiling bit-vec v0.8.0
   Compiling quick-error v1.2.3
   Compiling unicode-properties v0.1.4
   Compiling lazy_static v1.5.0
   Compiling reactive-tui v0.0.7 (/home/shawn/workspace2/reactive-tui)
   Compiling bit-set v0.8.0
   Compiling rusty-fork v0.3.0
   Compiling scc v2.4.0
   Compiling rand_chacha v0.9.0
   Compiling tokio v1.47.1
   Compiling lru v0.16.0
   Compiling taffy v0.9.1
   Compiling vt100 v0.16.2
   Compiling accesskit_consumer v0.39.0
   Compiling string_cache v0.8.9
   Compiling criterion-plot v0.5.0
   Compiling zbus_names v4.3.4
   Compiling phf v0.14.0
   Compiling plotters v0.3.7
   Compiling clap v4.5.46
   Compiling crossterm v0.29.0
   Compiling futures v0.3.31
   Compiling comrak v0.41.0
   Compiling dirs v5.0.1
   Compiling ciborium v0.2.2
   Compiling rand v0.9.2
   Compiling zbus_xml v5.2.1
   Compiling zbus v5.19.0
   Compiling rand_xorshift v0.4.0
   Compiling tinytemplate v1.2.1
   Compiling atty v0.2.14
   Compiling is-terminal v0.4.16
   Compiling anes v0.1.6
   Compiling zbus-lockstep v0.5.2
   Compiling unarray v0.1.4
   Compiling oorandom v11.1.5
   Compiling proptest v1.7.0
   Compiling serial_test v3.2.0
   Compiling criterion v0.5.1
   Compiling ravif v0.11.20
   Compiling image v0.25.6
   Compiling suprtui v0.1.0 (/home/shawn/workspace2/reactive-tui/src/backend/engine)
   Compiling atspi-common v0.13.0
   Compiling atspi-proxies v0.13.0
   Compiling atspi v0.29.0
warning: ambiguous glob re-exports
  --> src/ffi/mod.rs:94:9
   |
94 | pub use pointer::*;
   |         ^^^^^^^^^^ the name `validate_pointer` in the value namespace is first re-exported here
...
99 | pub use types::*;
   |         -------- but the name `validate_pointer` in the value namespace is also re-exported here
   |
   = note: `#[warn(ambiguous_glob_reexports)]` on by default

warning: use of deprecated method `std::sync::atomic::Atomic::<usize>::fetch_update`: renamed to `try_update` for consistency
   --> src/hooks/animation.rs:169:14
    |
169 |             .fetch_update(Ordering::Relaxed, Ordering::Relaxed, |id| id.checked_add(1))
    |              ^^^^^^^^^^^^
    |
    = note: `#[warn(deprecated)]` on by default
help: replace the use of the deprecated method
    |
169 -             .fetch_update(Ordering::Relaxed, Ordering::Relaxed, |id| id.checked_add(1))
169 +             .try_update(Ordering::Relaxed, Ordering::Relaxed, |id| id.checked_add(1))
    |

warning: falling back to `f32` as the trait bound `f32: From<f64>` is not satisfied
    --> src/layout/style.rs:1507:83
     |
1507 |                 .map(|_| GridTemplateComponent::from(TrackSizingFunction::from_fr(1.0)))
     |                                                                                   ^^^ help: explicitly specify the type as `f32`: `1.0_f32`
     |
     = warning: this was previously accepted by the compiler but is being phased out; it will become a hard error in a future release!
     = note: for more information, see issue #154024 <https://github.com/rust-lang/rust/issues/154024>
     = note: `#[warn(float_literal_f32_fallback)]` (part of `#[warn(future_incompatible)]`) on by default

warning: falling back to `f32` as the trait bound `f32: From<f64>` is not satisfied
    --> src/layout/style.rs:1513:83
     |
1513 |                 .map(|_| GridTemplateComponent::from(TrackSizingFunction::from_fr(1.0)))
     |                                                                                   ^^^ help: explicitly specify the type as `f32`: `1.0_f32`
     |
     = warning: this was previously accepted by the compiler but is being phased out; it will become a hard error in a future release!
     = note: for more information, see issue #154024 <https://github.com/rust-lang/rust/issues/154024>

warning: use of deprecated method `std::sync::atomic::Atomic::<u32>::fetch_update`: renamed to `try_update` for consistency
   --> src/widgets/display/image/protocol_renderer.rs:238:14
    |
238 |             .fetch_update(Ordering::Relaxed, Ordering::Relaxed, |id| {
    |              ^^^^^^^^^^^^
    |
help: replace the use of the deprecated method
    |
238 -             .fetch_update(Ordering::Relaxed, Ordering::Relaxed, |id| {
238 +             .try_update(Ordering::Relaxed, Ordering::Relaxed, |id| {
    |

warning: unused variable: `width`
  --> src/ffi/lib.rs:85:14
   |
85 |         let (width, height) = renderer_box.dims();
   |              ^^^^^ help: if this is intentional, prefix it with an underscore: `_width`
   |
   = note: `#[warn(unused_variables)]` (part of `#[warn(unused)]`) on by default

warning: function `validate_pointer` is never used
   --> src/ffi/types.rs:182:15
    |
182 | pub(crate) fn validate_pointer<T>(ptr: *const T) -> bool {
    |               ^^^^^^^^^^^^^^^^
    |
    = note: `#[warn(dead_code)]` (part of `#[warn(unused)]`) on by default

warning: function `validate_mut_pointer` is never used
   --> src/ffi/types.rs:187:15
    |
187 | pub(crate) fn validate_mut_pointer<T>(ptr: *mut T) -> bool {
    |               ^^^^^^^^^^^^^^^^^^^^

warning: function `safe_cast` is never used
   --> src/ffi/types.rs:192:22
    |
192 | pub(crate) unsafe fn safe_cast<T, U>(ptr: *mut T) -> Result<*mut U, ReactiveError> {
    |                      ^^^^^^^^^

warning: function `safe_cast_const` is never used
   --> src/ffi/types.rs:206:22
    |
206 | pub(crate) unsafe fn safe_cast_const<T, U>(ptr: *const T) -> Result<*const U, ReactiveError> {
    |                      ^^^^^^^^^^^^^^^

warning: `reactive-tui` (lib) generated 10 warnings (run `cargo fix --lib -p reactive-tui` to apply 5 suggestions)
    Finished `test` profile [unoptimized + debuginfo] target(s) in 18.98s
     Running tests/api_signal_ownership.rs (target/api-signal-miri/miri/x86_64-unknown-linux-gnu/debug/build/reactive-tui/be019161e3a544bc/out/api_signal_ownership-be019161e3a544bc)

running 4 tests
test hook_handles_own_shared_values_past_context_destruction ... ok
test legacy_typed_round_trips_and_common_destruction ... ok
test tagged_types_reject_mismatch_and_both_destructors_release_handles ... ok
test thread_safe_signal_has_its_own_matching_lifecycle ... ok

test result: ok. 4 passed; 0 failed; 0 ignored; 0 measured; 0 filtered out; finished in 4.63s

API-001 Rust/C signal lifecycles and Miri passed
