dbus-daemon[2848409]: [session uid=1000 pid=2848409 pidfd=6] Activating service name='org.a11y.Bus' requested by ':1.0' (uid=1000 pid=2848556 comm="gnome-terminal --wait --hide-menubar --geometry=80" label="unconfined")
dbus-daemon[2848409]: [session uid=1000 pid=2848409 pidfd=6] Successfully activated service 'org.a11y.Bus'
dbus-daemon[2848409]: [session uid=1000 pid=2848409 pidfd=6] Activating service name='org.gnome.Terminal' requested by ':1.2' (uid=1000 pid=2848556 comm="gnome-terminal --wait --hide-menubar --geometry=80" label="unconfined")
dbus-daemon[2848409]: [session uid=1000 pid=2848409 pidfd=6] Activating service name='org.gtk.vfs.Daemon' requested by ':1.3' (uid=1000 pid=2848574 comm="/usr/libexec/gnome-terminal-server" label="unconfined")
dbus-daemon[2848409]: [session uid=1000 pid=2848409 pidfd=6] Successfully activated service 'org.gtk.vfs.Daemon'
fusermount3: failed to access mountpoint /run/user/1000/gvfs: Permission denied
dbus-daemon[2848409]: [session uid=1000 pid=2848409 pidfd=6] Activating service name='org.freedesktop.portal.Desktop' requested by ':1.3' (uid=1000 pid=2848574 comm="/usr/libexec/gnome-terminal-server" label="unconfined")
dbus-daemon[2848409]: [session uid=1000 pid=2848409 pidfd=6] Activating service name='org.freedesktop.impl.portal.PermissionStore' requested by ':1.5' (uid=1000 pid=2848594 comm="/usr/libexec/xdg-desktop-portal" label="unconfined")
dbus-daemon[2848409]: [session uid=1000 pid=2848409 pidfd=6] Successfully activated service 'org.freedesktop.impl.portal.PermissionStore'
dbus-daemon[2848409]: [session uid=1000 pid=2848409 pidfd=6] Activating service name='org.freedesktop.portal.Documents' requested by ':1.5' (uid=1000 pid=2848594 comm="/usr/libexec/xdg-desktop-portal" label="unconfined")
dbus-daemon[2848409]: [session uid=1000 pid=2848409 pidfd=6] Successfully activated service 'org.freedesktop.portal.Documents'

(/usr/libexec/xdg-desktop-portal:2848594): xdg-desktop-portal-WARNING **: 03:56:41.789: Choosing gtk.portal for org.freedesktop.impl.portal.Lockdown as a last-resort fallback
dbus-daemon[2848409]: [session uid=1000 pid=2848409 pidfd=6] Activating service name='org.freedesktop.impl.portal.desktop.gtk' requested by ':1.5' (uid=1000 pid=2848594 comm="/usr/libexec/xdg-desktop-portal" label="unconfined")
dbus-daemon[2848569]: Activating service name='org.a11y.atspi.Registry' requested by ':1.2' (uid=1000 pid=2848621 comm="/usr/libexec/xdg-desktop-portal-gtk" label="unconfined")
dbus-daemon[2848569]: Successfully activated service 'org.a11y.atspi.Registry'
SpiRegistry daemon is running with well-known name - org.a11y.atspi.Registry
dbus-daemon[2848409]: [session uid=1000 pid=2848409 pidfd=6] Successfully activated service 'org.freedesktop.impl.portal.desktop.gtk'
dbus-daemon[2848409]: [session uid=1000 pid=2848409 pidfd=6] Activating service name='org.freedesktop.impl.portal.desktop.kde' requested by ':1.5' (uid=1000 pid=2848594 comm="/usr/libexec/xdg-desktop-portal" label="unconfined")
dbus-daemon[2848409]: [session uid=1000 pid=2848409 pidfd=6] Successfully activated service 'org.freedesktop.impl.portal.desktop.kde'
libpng error: Read Error
libpng error: Read Error
libpng error: Read Error
libpng error: Read Error
libpng error: Read Error
dbus-daemon[2848409]: [session uid=1000 pid=2848409 pidfd=6] Activating service name='org.freedesktop.impl.portal.desktop.kwallet' requested by ':1.5' (uid=1000 pid=2848594 comm="/usr/libexec/xdg-desktop-portal" label="unconfined")
dbus-daemon[2848409]: [session uid=1000 pid=2848409 pidfd=6] Successfully activated service 'org.freedesktop.portal.Desktop'

(/usr/libexec/xdg-desktop-portal:2848594): GLib-GIO-WARNING **: 03:56:42.028: /home/shawn/.local/share/applications/defaults.list contains a [Added Associations] group, but it is not permitted here.  Only the non-desktop-specific mimeapps.list file may add or remove associations.
qt.qpa.services: Failed to register with host portal QDBusError("org.freedesktop.portal.Error.Failed", "Could not register app ID: Connection already associated with an application ID")
dbus-daemon[2848409]: [session uid=1000 pid=2848409 pidfd=6] Successfully activated service 'org.gnome.Terminal'
dbus-daemon[2848409]: [session uid=1000 pid=2848409 pidfd=6] Successfully activated service 'org.freedesktop.impl.portal.desktop.kwallet'
dbus-daemon[2848409]: [session uid=1000 pid=2848409 pidfd=6] Activating service name='org.gtk.vfs.Metadata' requested by ':1.3' (uid=1000 pid=2848574 comm="/usr/libexec/gnome-terminal-server" label="unconfined")
dbus-daemon[2848409]: [session uid=1000 pid=2848409 pidfd=6] Successfully activated service 'org.gtk.vfs.Metadata'
A connection to the bus can't be made
