[1/135] Compiling kitty/screen.c ...
[2/135] Compiling [wayland] glfw/wl_window.c ...
[3/135] Compiling kitty/glfw.c ...
[4/135] Compiling [x11] glfw/x11_window.c ...
[5/135] Compiling kitty/fonts.c ...
[6/135] Compiling kitty/graphics.c ...
[7/135] Compiling kitty/child-monitor.c ...
[8/135] Compiling kitty/decorations.c ...
[9/135] Compiling kitty/shaders.c ...
[10/135] Compiling kitty/vt-parser.c ...
[11/135] Compiling kitty/vt-parser.c ...
[12/135] Compiling kitty/state.c ...
[13/135] Compiling kitty/freetype.c ...
[14/135] Compiling kitty/mouse.c ...
[15/135] Compiling [x11] glfw/input.c ...
[16/135] Compiling [wayland] glfw/input.c ...
[17/135] Compiling [x11] glfw/xkb_glfw.c ...
[18/135] Compiling [wayland] glfw/xkb_glfw.c ...
[19/135] Compiling [wayland] glfw/wl_init.c ...
[20/135] Compiling kitty/line.c ...
[21/135] Compiling [wayland] glfw/wl_client_side_decorations.c ...
[22/135] Compiling [x11] glfw/window.c ...
[23/135] Compiling [wayland] glfw/window.c ...
[24/135] Compiling kitty/glfw-wrapper.c ...
[25/135] Compiling kittens/transfer/algorithm.c ...
[26/135] Compiling kitty/data-types.c ...
[27/135] Compiling kitty/colors.c ...
[28/135] Compiling kitty/disk-cache.c ...
[29/135] Compiling [x11] glfw/x11_init.c ...
[30/135] Compiling kitty/freetype_render_ui_text.c ...
[31/135] Compiling [x11] glfw/egl_context.c ...
[32/135] Compiling [wayland] glfw/egl_context.c ...
[33/135] Compiling kitty/history.c ...
[34/135] Compiling kitty/fontconfig.c ...
[35/135] Compiling kitty/keys.c ...
[36/135] Compiling [x11] glfw/glx_context.c ...
[37/135] Compiling kitty/line-buf.c ...
[38/135] Compiling kitty/launcher/main.c ...
[39/135] Compiling [x11] glfw/x11_monitor.c ...
[40/135] Compiling kitty/crypto.c ...
[41/135] Compiling [x11] glfw/context.c ...
[42/135] Compiling [wayland] glfw/context.c ...
[43/135] Compiling [x11] glfw/ibus_glfw.c ...
[44/135] Compiling [wayland] glfw/ibus_glfw.c ...
[45/135] Compiling kitty/font-names.c ...
[46/135] Compiling kitty/gl.c ...
[47/135] Compiling kitty/key_encoding.c ...
[48/135] Compiling kitty/resize.c ...
[49/135] Compiling [x11] glfw/monitor.c ...
[50/135] Compiling [wayland] glfw/monitor.c ...
[51/135] Compiling [x11] glfw/backend_utils.c ...
[52/135] Compiling [wayland] glfw/backend_utils.c ...
[53/135] Compiling kitty/launcher/single-instance.c ...
[54/135] Compiling [x11] glfw/init.c ...
[55/135] Compiling [wayland] glfw/init.c ...
[56/135] Compiling kitty/charsets.c ...
[57/135] Compiling [x11] glfw/dbus_glfw.c ...
[58/135] Compiling [wayland] glfw/dbus_glfw.c ...
[59/135] Compiling [x11] glfw/linux_joystick.c ...
[60/135] Compiling [wayland] glfw/linux_joystick.c ...
[61/135] Compiling kitty/cursor.c ...
[62/135] Compiling [x11] glfw/vulkan.c ...
[63/135] Compiling [wayland] glfw/vulkan.c ...
[64/135] Compiling [x11] glfw/osmesa_context.c ...
[65/135] Compiling [wayland] glfw/osmesa_context.c ...
[66/135] Compiling [x11] glfw/linux_desktop_settings.c ...
[67/135] Compiling [wayland] glfw/linux_desktop_settings.c ...
[68/135] Compiling kitty/desktop.c ...
[69/135] Compiling kitty/animation.c ...
[70/135] Compiling kitty/png-reader.c ...
[71/135] Compiling kitty/loop-utils.c ...
[72/135] Compiling 3rdparty/ringbuf/ringbuf.c ...
[73/135] Compiling kitty/simd-string.c ...
[74/135] Compiling [wayland] glfw/wayland-color-management-v1-client-protocol.c ...
[75/135] Compiling [x11] glfw/linux_notify.c ...
[76/135] Compiling [wayland] glfw/linux_notify.c ...
[77/135] Compiling kitty/child.c ...
[78/135] Compiling kitty/systemd.c ...
[79/135] Compiling [wayland] glfw/wayland-tablet-unstable-v2-client-protocol.c ...
[80/135] Compiling [wayland] glfw/wl_monitor.c ...
[81/135] Compiling [wayland] glfw/wl_text_input.c ...
[82/135] Compiling kitty/kittens.c ...
[83/135] Compiling 3rdparty/base64/lib/codec_choose.c ...
[84/135] Compiling kitty/cursor_trail.c ...
[85/135] Compiling kitty/hyperlink.c ...
[86/135] Compiling [wayland] glfw/wayland-xdg-shell-client-protocol.c ...
[87/135] Compiling kitty/glyph-cache.c ...
[88/135] Compiling kitty/rowcolumn-diacritics.c ...
[89/135] Compiling kitty/text-cache.c ...
[90/135] Compiling [wayland] glfw/wayland-primary-selection-unstable-v1-client-protocol.c ...
[91/135] Compiling kitty/window_logo.c ...
[92/135] Compiling [wayland] glfw/wayland-pointer-constraints-unstable-v1-client-protocol.c ...
[93/135] Compiling kitty/wcswidth.c ...
[94/135] Compiling kitty/fast-file-copy.c ...
[95/135] Compiling [wayland] glfw/wayland-text-input-unstable-v3-client-protocol.c ...
[96/135] Compiling [wayland] glfw/wayland-wlr-layer-shell-unstable-v1-client-protocol.c ...
[97/135] Compiling 3rdparty/base64/lib/lib.c ...
[98/135] Compiling [x11] glfw/posix_thread.c ...
[99/135] Compiling [wayland] glfw/posix_thread.c ...
[100/135] Compiling kitty/shlex.c ...
[101/135] Compiling [wayland] glfw/wayland-xdg-activation-v1-client-protocol.c ...
[102/135] Compiling [wayland] glfw/wayland-xdg-toplevel-icon-v1-client-protocol.c ...
[103/135] Compiling [wayland] glfw/wayland-keyboard-shortcuts-inhibit-unstable-v1-client-protocol.c ...
[104/135] Compiling [wayland] glfw/wayland-xdg-decoration-unstable-v1-client-protocol.c ...
[105/135] Compiling [wayland] glfw/wayland-relative-pointer-unstable-v1-client-protocol.c ...
[106/135] Compiling [wayland] glfw/wayland-cursor-shape-v1-client-protocol.c ...
[107/135] Compiling [wayland] glfw/wayland-fractional-scale-v1-client-protocol.c ...
[108/135] Compiling kitty/launcher/cmdline.c ...
[109/135] Compiling kitty/logging.c ...
[110/135] Compiling [wayland] glfw/wayland-idle-inhibit-unstable-v1-client-protocol.c ...
[111/135] Compiling [wayland] glfw/wayland-viewporter-client-protocol.c ...
[112/135] Compiling 3rdparty/base64/lib/arch/neon64/codec.c ...
[113/135] Compiling [wayland] glfw/wayland-xdg-toplevel-tag-v1-client-protocol.c ...
[114/135] Compiling [wayland] glfw/wayland-single-pixel-buffer-v1-client-protocol.c ...
[115/135] Compiling 3rdparty/base64/lib/tables/tables.c ...
[116/135] Compiling [wayland] glfw/wayland-xdg-system-bell-v1-client-protocol.c ...
[117/135] Compiling [wayland] glfw/wl_cursors.c ...
[118/135] Compiling 3rdparty/base64/lib/arch/neon32/codec.c ...
[119/135] Compiling [wayland] glfw/wayland-kwin-blur-v1-client-protocol.c ...
[120/135] Compiling kitty/char-props.c ...
[121/135] Compiling 3rdparty/base64/lib/arch/avx/codec.c ...
[122/135] Compiling 3rdparty/base64/lib/arch/ssse3/codec.c ...
[123/135] Compiling 3rdparty/base64/lib/arch/sse41/codec.c ...
[124/135] Compiling 3rdparty/base64/lib/arch/sse42/codec.c ...
[125/135] Compiling 3rdparty/base64/lib/arch/avx2/codec.c ...
[126/135] Compiling kitty/utmp.c ...
[127/135] Compiling 3rdparty/base64/lib/arch/avx512/codec.c ...
[128/135] Compiling 3rdparty/base64/lib/arch/generic/codec.c ...
[129/135] Compiling kitty/cleanup.c ...
[130/135] Compiling [x11] glfw/monotonic.c ...
[131/135] Compiling [wayland] glfw/monotonic.c ...
[132/135] Compiling kitty/monotonic.c ...
[133/135] Compiling kitty/simd-string-128.c ...
[134/135] Compiling kitty/simd-string-256.c ...
[135/135] Compiling kitty/gl-wrapper.c ...
 done
[1/5] Linking kitty/fast_data_types ...
[2/5] Linking [x11] kitty/glfw-x11 ...
[3/5] Linking [wayland] kitty/glfw-wayland ...
[4/5] Linking kittens/transfer/rsync ...
[5/5] Linking launcher ...
 done
go: downloading github.com/kovidgoyal/dbus v0.0.0-20250519011319-e811c41c0bc1
go: downloading github.com/kovidgoyal/go-shm v1.0.0
go: downloading github.com/seancfoley/ipaddress-go v1.7.1
go: downloading github.com/kovidgoyal/imaging v1.8.17
go: downloading golang.org/x/exp v0.0.0-20230801115018-d63ba01acd4b
go: downloading github.com/hako/durafmt v0.0.0-20210608085754-5c1018a4e16b
go: downloading github.com/klauspost/compress v1.18.2
go: downloading github.com/kovidgoyal/go-parallel v1.1.1
go: downloading github.com/nwaples/rardecode/v2 v2.2.2
go: downloading github.com/ulikunitz/xz v0.5.15
go: downloading golang.org/x/text v0.32.0
go: downloading golang.org/x/image v0.34.0
go: downloading github.com/shirou/gopsutil/v4 v4.25.11
go: downloading github.com/ALTree/bigfloat v0.2.0
go: downloading howett.net/plist v1.0.1
go: downloading github.com/seancfoley/bintree v1.3.1
go: downloading github.com/klauspost/cpuid/v2 v2.2.5
go: downloading github.com/tklauser/go-sysconf v0.3.16
go: downloading github.com/tklauser/numcpus v0.11.0
go: downloading github.com/rwcarlsen/goexif v0.0.0-20190401172101-9e8deecbddbd
crypto/internal/fips140/alias
crypto/internal/fips140deps/byteorder
crypto/internal/constanttime
encoding
unicode/utf16
crypto/internal/boring/sig
crypto/internal/fips140deps/cpu
github.com/google/go-cmp/cmp/internal/flags
container/list
internal/nettrace
github.com/seancfoley/ipaddress-go/ipaddr/addrerr
github.com/seancfoley/ipaddress-go/ipaddr/addrstr
github.com/seancfoley/ipaddress-go/ipaddr/addrstrparam
github.com/shirou/gopsutil/v4/common
golang.org/x/exp/constraints
vendor/golang.org/x/crypto/cryptobyte/asn1
vendor/golang.org/x/crypto/internal/alias
crypto/internal/fips140/subtle
maps
bufio
hash
encoding/binary
crypto/internal/fips140deps/godebug
crypto/internal/impl
crypto/internal/fips140deps/time
crypto/internal/sysrand
encoding/base32
crypto/internal/entropy/v1.0.0
hash/crc32
crypto
crypto/subtle
crypto/internal/fips140
encoding/base64
github.com/bmatcuk/doublestar/v4
crypto/internal/fips140/sha3
crypto/internal/fips140/sha512
crypto/internal/fips140/sha256
compress/flate
encoding/json
math/rand/v2
golang.org/x/sys/unix
embed
github.com/google/go-cmp/cmp/internal/diff
regexp/syntax
github.com/google/go-cmp/cmp/internal/value
compress/bzip2
flag
github.com/ALTree/bigfloat
crypto/internal/randutil
context
encoding/hex
crypto/internal/fips140/hmac
runtime/cgo
crypto/sha3
vendor/golang.org/x/net/dns/dnsmessage
internal/singleflight
compress/gzip
weak
crypto/internal/fips140/check
golang.org/x/sys/cpu
crypto/internal/fips140hash
unique
database/sql/driver
github.com/seancfoley/bintree/tree
os/exec
crypto/internal/fips140/aes
crypto/fips140
github.com/kovidgoyal/kitty/tools/simdstring
golang.org/x/text/internal/tag
golang.org/x/text/internal/language
encoding/xml
net/netip
crypto/internal/fips140/drbg
regexp
io/ioutil
mime
crypto/internal/fips140/nistec/fiat
crypto/internal/fips140/edwards25519/field
crypto/internal/fips140/aes/gcm
crypto/internal/fips140only
crypto/md5
crypto/internal/fips140/bigmod
crypto/internal/fips140cache
crypto/cipher
golang.org/x/text/internal/language/compact
internal/saferio
github.com/google/go-cmp/cmp/internal/function
encoding/asn1
github.com/kovidgoyal/kitty
github.com/google/go-cmp/cmp
crypto/internal/fips140/edwards25519
crypto/internal/boring
golang.org/x/text/language
crypto/des
crypto/internal/fips140/hkdf
crypto/hmac
crypto/sha1
crypto/internal/rand
crypto/rand
crypto/sha256
crypto/aes
crypto/internal/boring/bbig
crypto/sha512
crypto/internal/fips140/ed25519
crypto/hkdf
vendor/golang.org/x/crypto/cryptobyte
crypto/internal/fips140/mlkem
vendor/golang.org/x/crypto/chacha20
os/user
net/url
howett.net/plist
crypto/ed25519
vendor/golang.org/x/crypto/internal/poly1305
vendor/golang.org/x/sys/cpu
crypto/internal/fips140/nistec
crypto/internal/fips140/tls12
github.com/shirou/gopsutil/v4/internal/common
crypto/mlkem
crypto/internal/fips140/tls13
archive/tar
vendor/golang.org/x/crypto/chacha20poly1305
crypto/rc4
crypto/internal/fips140/rsa
crypto/tls/internal/fips140tls
github.com/kovidgoyal/go-shm
github.com/tklauser/numcpus
crypto/dsa
crypto/x509/pkix
encoding/pem
vendor/golang.org/x/text/transform
log/internal
github.com/shirou/gopsutil/v4/mem
vendor/golang.org/x/net/http2/hpack
github.com/tklauser/go-sysconf
log
mime/quotedprintable
net/http/internal
vendor/golang.org/x/text/unicode/norm
net/http/internal/ascii
crypto/rsa
github.com/kovidgoyal/go-parallel
os/signal
archive/zip
vendor/golang.org/x/text/unicode/bidi
github.com/shirou/gopsutil/v4/cpu
github.com/kovidgoyal/kitty/tools/utils/secrets
hash/adler32
compress/zlib
image/color
github.com/kovidgoyal/imaging/colorconv
github.com/rwcarlsen/goexif/tiff
compress/lzw
github.com/kovidgoyal/imaging/streams
golang.org/x/image/tiff/lzw
image
github.com/kovidgoyal/imaging/prism/meta/icc
image/color/palette
golang.org/x/image/riff
vendor/golang.org/x/text/secure/bidirule
github.com/hako/durafmt
net
github.com/rwcarlsen/goexif/exif
github.com/klauspost/compress/internal/le
github.com/klauspost/compress/internal/godebug
github.com/klauspost/compress
github.com/klauspost/compress/fse
github.com/klauspost/compress/internal/cpuinfo
github.com/klauspost/compress/flate
github.com/klauspost/compress/internal/snapref
github.com/klauspost/compress/zstd/internal/xxhash
runtime/debug
golang.org/x/text/transform
github.com/dlclark/regexp2/syntax
github.com/kovidgoyal/kitty/tools/icons
crypto/internal/fips140/ecdh
crypto/elliptic
crypto/internal/fips140/ecdsa
github.com/kovidgoyal/imaging/types
image/internal/imageutil
golang.org/x/image/ccitt
crypto/ecdh
golang.org/x/image/vp8
github.com/kovidgoyal/imaging/nrgb
vendor/golang.org/x/net/idna
image/draw
golang.org/x/image/tiff
golang.org/x/image/vp8l
crypto/hpke
crypto/ecdsa
github.com/kovidgoyal/imaging/apng
github.com/kovidgoyal/imaging/nrgba
image/gif
github.com/kovidgoyal/imaging/netpbm
github.com/kovidgoyal/imaging/webp
github.com/kovidgoyal/imaging/jpeg
golang.org/x/image/bmp
golang.org/x/image/webp
image/jpeg
github.com/klauspost/compress/huff0
image/png
golang.org/x/text/unicode/norm
github.com/klauspost/compress/gzip
github.com/klauspost/compress/zip
github.com/nwaples/rardecode/v2
github.com/ulikunitz/xz/internal/xlog
github.com/kovidgoyal/imaging/prism/meta
github.com/ulikunitz/xz/internal/hash
hash/crc64
github.com/dlclark/regexp2
golang.org/x/text/internal/catmsg
github.com/ulikunitz/xz/lzma
golang.org/x/text/internal/stringset
github.com/kovidgoyal/imaging/prism/meta/gifmeta
github.com/kovidgoyal/imaging/prism/meta/jpegmeta
github.com/kovidgoyal/imaging/prism/meta/tiffmeta
github.com/kovidgoyal/imaging/magick
github.com/kovidgoyal/imaging/prism/meta/pngmeta
github.com/kovidgoyal/imaging/prism/meta/webpmeta
github.com/kovidgoyal/imaging/prism/meta/netpbmmeta
github.com/klauspost/compress/zstd
golang.org/x/text/internal/number
golang.org/x/text/internal
github.com/kovidgoyal/imaging/prism/meta/autometa
golang.org/x/text/message/catalog
golang.org/x/text/internal/format
github.com/klauspost/cpuid/v2
golang.org/x/exp/slices
github.com/kovidgoyal/imaging
golang.org/x/text/feature/plural
github.com/ulikunitz/xz
github.com/alecthomas/chroma/v2
golang.org/x/text/message
github.com/zeebo/xxh3
github.com/shirou/gopsutil/v4/net
net/textproto
github.com/google/uuid
vendor/golang.org/x/net/http/httpproxy
github.com/kovidgoyal/dbus
crypto/x509
github.com/seancfoley/ipaddress-go/ipaddr
github.com/alecthomas/chroma/v2/styles
vendor/golang.org/x/net/http/httpguts
mime/multipart
github.com/alecthomas/chroma/v2/lexers
github.com/shirou/gopsutil/v4/process
crypto/tls
github.com/kovidgoyal/dbus/introspect
github.com/kovidgoyal/dbus/prop
net/http/httptrace
net/http/internal/httpcommon
net/http
github.com/kovidgoyal/kitty/tools/utils
github.com/kovidgoyal/kitty/tools/utils/shlex
github.com/kovidgoyal/kitty/tools/tui/subseq
github.com/kovidgoyal/kitty/tools/tty
github.com/kovidgoyal/kitty/tools/disk_cache
github.com/kovidgoyal/kitty/tools/fzf
github.com/kovidgoyal/kitty/tools/ignorefiles
github.com/kovidgoyal/kitty/tools/highlight
github.com/kovidgoyal/kitty/tools/rsync
github.com/kovidgoyal/kitty/tools/utils/base85
github.com/kovidgoyal/kitty/tools/utils/paths
github.com/kovidgoyal/kitty/tools/wcswidth
github.com/kovidgoyal/kitty/tools/crypto
github.com/kovidgoyal/kitty/tools/tui/shell_integration
github.com/kovidgoyal/kitty/tools/utils/humanize
github.com/kovidgoyal/kitty/tools/utils/style
github.com/kovidgoyal/kitty/tools/cli/markup
github.com/kovidgoyal/kitty/tools/tui/sgr
github.com/kovidgoyal/kitty/tools/tui/loop
github.com/kovidgoyal/kitty/tools/tui/shortcuts
github.com/kovidgoyal/kitty/tools/cmd/mouse_demo
github.com/kovidgoyal/kitty/tools/config
github.com/kovidgoyal/kitty/tools/cli
github.com/kovidgoyal/kitty/kittens/hyperlinked_grep
github.com/kovidgoyal/kitty/kittens/notify
github.com/kovidgoyal/kitty/kittens/panel
github.com/kovidgoyal/kitty/tools/utils/images
github.com/kovidgoyal/kitty/kittens/query_terminal
github.com/kovidgoyal/kitty/tools/tui/readline
github.com/kovidgoyal/kitty/tools/cmd/atexit
github.com/kovidgoyal/kitty/kittens/desktop_ui
github.com/kovidgoyal/kitty/tools/themes
github.com/kovidgoyal/kitty/kittens/show_key
github.com/kovidgoyal/kitty/tools/tui
github.com/kovidgoyal/kitty/kittens/quick_access_terminal
github.com/kovidgoyal/kitty/kittens/clipboard
github.com/kovidgoyal/kitty/tools/unicode_names
github.com/kovidgoyal/kitty/kittens/themes
github.com/kovidgoyal/kitty/tools/tui/graphics
github.com/kovidgoyal/kitty/tools/cmd/edit_in_kitty
github.com/kovidgoyal/kitty/tools/cmd/show_error
github.com/kovidgoyal/kitty/tools/cmd/update_self
github.com/kovidgoyal/kitty/kittens/hints
github.com/kovidgoyal/kitty/kittens/unicode_input
github.com/kovidgoyal/kitty/kittens/ssh
github.com/kovidgoyal/kitty/tools/cmd/run_shell
github.com/kovidgoyal/kitty/tools/cmd/at
github.com/kovidgoyal/kitty/kittens/transfer
github.com/kovidgoyal/kitty/tools/cmd/benchmark
github.com/kovidgoyal/kitty/kittens/choose_fonts
github.com/kovidgoyal/kitty/kittens/icat
github.com/kovidgoyal/kitty/kittens/choose_files
github.com/kovidgoyal/kitty/tools/cmd/pytest
github.com/kovidgoyal/kitty/kittens/diff
github.com/kovidgoyal/kitty/kittens/ask
github.com/kovidgoyal/kitty/tools/cmd/tool
github.com/kovidgoyal/kitty/tools/cmd/completion
github.com/kovidgoyal/kitty/tools/cmd
