   Compiling reactive-tui v0.0.7 (/home/shawn/workspace2/reactive-tui)
error[E0599]: no method named `width` found for struct `layout::style::StyleBuilder` in the current scope
   --> src/layout/css/css_in_rust.rs:301:10
    |
298 | /         $crate::css! {
299 | |             position: $crate::prelude::Position::Absolute,
300 | |         }
301 | |         .width(100.0)
    | |_________-^^^^^
...
488 |           let fill = absolute_fill!();
    |                      ---------------- in this macro invocation
    |
   ::: src/layout/style.rs:218:1
    |
218 |   pub struct StyleBuilder {
    |   ----------------------- method `width` not found for this struct
    |
    = help: items from traits can only be used if the trait is implemented and in scope
    = note: the following traits define an item `width`, perhaps you need to implement one of them:
            candidate #1: `GenericImageView`
            candidate #2: `unicode_width::UnicodeWidthChar`
            candidate #3: `unicode_width::UnicodeWidthStr`
    = note: this error originates in the macro `absolute_fill` (in Nightly builds, run with -Z macro-backtrace for more info)

For more information about this error, try `rustc --explain E0599`.
error: could not compile `reactive-tui` (lib test) due to 1 previous error
