dbus-daemon[1486774]: [session uid=1000 pid=1486774 pidfd=6] Activating service name='org.a11y.Bus' requested by ':1.0' (uid=1000 pid=1486827 comm="gnome-terminal --wait --hide-menubar --geometry=80" label="unconfined")
dbus-daemon[1486774]: [session uid=1000 pid=1486774 pidfd=6] Successfully activated service 'org.a11y.Bus'
dbus-daemon[1486774]: [session uid=1000 pid=1486774 pidfd=6] Activating service name='org.gnome.Terminal' requested by ':1.2' (uid=1000 pid=1486827 comm="gnome-terminal --wait --hide-menubar --geometry=80" label="unconfined")
dbus-daemon[1486774]: [session uid=1000 pid=1486774 pidfd=6] Activating service name='org.gtk.vfs.Daemon' requested by ':1.3' (uid=1000 pid=1486841 comm="/usr/libexec/gnome-terminal-server" label="unconfined")
dbus-daemon[1486774]: [session uid=1000 pid=1486774 pidfd=6] Successfully activated service 'org.gtk.vfs.Daemon'
fusermount3: failed to access mountpoint /run/user/1000/gvfs: Permission denied
dbus-daemon[1486774]: [session uid=1000 pid=1486774 pidfd=6] Activating service name='org.freedesktop.portal.Desktop' requested by ':1.3' (uid=1000 pid=1486841 comm="/usr/libexec/gnome-terminal-server" label="unconfined")
dbus-daemon[1486774]: [session uid=1000 pid=1486774 pidfd=6] Activating service name='org.freedesktop.impl.portal.PermissionStore' requested by ':1.5' (uid=1000 pid=1486875 comm="/usr/libexec/xdg-desktop-portal" label="unconfined")
dbus-daemon[1486774]: [session uid=1000 pid=1486774 pidfd=6] Successfully activated service 'org.freedesktop.impl.portal.PermissionStore'
dbus-daemon[1486774]: [session uid=1000 pid=1486774 pidfd=6] Activating service name='org.freedesktop.portal.Documents' requested by ':1.5' (uid=1000 pid=1486875 comm="/usr/libexec/xdg-desktop-portal" label="unconfined")
dbus-daemon[1486774]: [session uid=1000 pid=1486774 pidfd=6] Successfully activated service 'org.freedesktop.portal.Documents'
fusermount3: failed to unmount /run/user/1000/doc: Operation not permitted
fusermount3: failed to access mountpoint /run/user/1000/doc: Permission denied
error: fuse init failed: Can't mount path /run/user/1000/doc

(/usr/libexec/xdg-desktop-portal:1486875): xdg-desktop-portal-WARNING **: 12:41:40.384: Document portal fuse mount point unknown: GDBus.Error:org.freedesktop.DBus.Error.ServiceUnknown: The name :1.7 was not provided by any .service files

(/usr/libexec/xdg-desktop-portal:1486875): xdg-desktop-portal-WARNING **: 12:41:40.384: Choosing gtk.portal for org.freedesktop.impl.portal.Lockdown as a last-resort fallback
dbus-daemon[1486774]: [session uid=1000 pid=1486774 pidfd=6] Activating service name='org.freedesktop.impl.portal.desktop.gtk' requested by ':1.5' (uid=1000 pid=1486875 comm="/usr/libexec/xdg-desktop-portal" label="unconfined")
dbus-daemon[1486836]: Activating service name='org.a11y.atspi.Registry' requested by ':1.2' (uid=1000 pid=1486961 comm="/usr/libexec/xdg-desktop-portal-gtk" label="unconfined")
dbus-daemon[1486836]: Successfully activated service 'org.a11y.atspi.Registry'
SpiRegistry daemon is running with well-known name - org.a11y.atspi.Registry
dbus-daemon[1486774]: [session uid=1000 pid=1486774 pidfd=6] Successfully activated service 'org.freedesktop.impl.portal.desktop.gtk'
dbus-daemon[1486774]: [session uid=1000 pid=1486774 pidfd=6] Activating service name='org.freedesktop.impl.portal.desktop.kde' requested by ':1.5' (uid=1000 pid=1486875 comm="/usr/libexec/xdg-desktop-portal" label="unconfined")
dbus-daemon[1486774]: [session uid=1000 pid=1486774 pidfd=6] Successfully activated service 'org.freedesktop.impl.portal.desktop.kde'
libpng error: Read Error
libpng error: Read Error
dbus-daemon[1486774]: [session uid=1000 pid=1486774 pidfd=6] Activating service name='org.freedesktop.impl.portal.desktop.kwallet' requested by ':1.5' (uid=1000 pid=1486875 comm="/usr/libexec/xdg-desktop-portal" label="unconfined")
dbus-daemon[1486774]: [session uid=1000 pid=1486774 pidfd=6] Successfully activated service 'org.freedesktop.portal.Desktop'

(/usr/libexec/xdg-desktop-portal:1486875): GLib-GIO-WARNING **: 12:41:40.551: /home/shawn/.local/share/applications/defaults.list contains a [Added Associations] group, but it is not permitted here.  Only the non-desktop-specific mimeapps.list file may add or remove associations.
qt.qpa.services: Failed to register with host portal QDBusError("org.freedesktop.portal.Error.Failed", "Could not register app ID: Connection already associated with an application ID")
dbus-daemon[1486774]: [session uid=1000 pid=1486774 pidfd=6] Successfully activated service 'org.gnome.Terminal'
dbus-daemon[1486774]: [session uid=1000 pid=1486774 pidfd=6] Successfully activated service 'org.freedesktop.impl.portal.desktop.kwallet'
qt.qpa.services: Failed to register with host portal QDBusError("org.freedesktop.portal.Error.Failed", "Could not register app ID: Connection already associated with an application ID")
dbus-daemon[1486774]: [session uid=1000 pid=1486774 pidfd=6] Activating service name='org.gtk.vfs.Metadata' requested by ':1.3' (uid=1000 pid=1486841 comm="/usr/libexec/gnome-terminal-server" label="unconfined")
dbus-daemon[1486774]: [session uid=1000 pid=1486774 pidfd=6] Successfully activated service 'org.gtk.vfs.Metadata'
A connection to the bus can't be made
