Renderer integration tests
warning: value assigned to `current_width` is never read
   --> src/markdown/converter.rs:249:21
    |
249 |                     current_width = 0;
    |                     ^^^^^^^^^^^^^^^^^
    |
    = help: maybe it is overwritten before being read?
    = note: `#[warn(unused_assignments)]` (part of `#[warn(unused)]`) on by default

warning: direct cast of function item into an integer
   --> src/platform/unix.rs:322:51
    |
322 |         (*action_ptr).sa_sigaction = handle_winch as usize;
    |                                                   ^^^^^^^^
    |
    = note: `#[warn(function_casts_as_integer)]` on by default
help: first cast to a pointer `as *const ()`
    |
322 |         (*action_ptr).sa_sigaction = handle_winch as *const () as usize;
    |                                                   ++++++++++++

warning: `reactive-tui` (lib) generated 2 warnings (run `cargo fix --lib -p reactive-tui` to apply 1 suggestion)
    Finished `test` profile [unoptimized + debuginfo] target(s) in 0.08s
     Running tests/suprtui_renderer.rs (target/debug/deps/suprtui_renderer-462ab125276a6041)

running 9 tests
test backend_remains_send_and_sync_and_shutdown_is_idempotent ... ok
test rnd_001_explicit_black_background_covers_lower_content ... ok
test rnd_002_preserves_clusters_and_clips_at_cell_boundaries ... ok
test rnd_001_grid_and_overlapping_layers ... ok
test rnd_001_nested_layout_keeps_children_above_their_parent_background ... ok
test rnd_002_nested_absolute_text_obeys_ancestor_clip ... ok
test rnd_001_styled_layout_update_removal_and_unchanged_screen ... ok
test rnd_003_resize_matches_fresh_frame_and_ignores_zero ... ok
test rnd_004_flushes_and_repaints_after_partial_write_or_flush_failure ... ok

test result: ok. 9 passed; 0 failed; 0 ignored; 0 measured; 0 filtered out; finished in 0.00s

Renderer example build
warning: value assigned to `current_width` is never read
   --> src/markdown/converter.rs:249:21
    |
249 |                     current_width = 0;
    |                     ^^^^^^^^^^^^^^^^^
    |
    = help: maybe it is overwritten before being read?
    = note: `#[warn(unused_assignments)]` (part of `#[warn(unused)]`) on by default

warning: direct cast of function item into an integer
   --> src/platform/unix.rs:322:51
    |
322 |         (*action_ptr).sa_sigaction = handle_winch as usize;
    |                                                   ^^^^^^^^
    |
    = note: `#[warn(function_casts_as_integer)]` on by default
help: first cast to a pointer `as *const ()`
    |
322 |         (*action_ptr).sa_sigaction = handle_winch as *const () as usize;
    |                                                   ++++++++++++

warning: `reactive-tui` (lib) generated 2 warnings (run `cargo fix --lib -p reactive-tui` to apply 1 suggestion)
    Finished `dev` profile [unoptimized + debuginfo] target(s) in 0.12s
Renderer pseudo-terminal checks
PASS RND-003/005/006 PTY: Escape
PASS RND-003/005/006 PTY: Ctrl+C
PASS RND-003/005/006 PTY: --probe-error
PASS RND-003/005/006 PTY: --probe-panic
Specification lint
spec lint: docs/spec clean
