warning: value assigned to `current_width` is never read
   --> src/markdown/converter.rs:249:21
    |
249 |                     current_width = 0;
    |                     ^^^^^^^^^^^^^^^^^
    |
    = help: maybe it is overwritten before being read?
    = note: `#[warn(unused_assignments)]` (part of `#[warn(unused)]`) on by default

warning: direct cast of function item into an integer
   --> src/platform/unix.rs:322:51
    |
322 |         (*action_ptr).sa_sigaction = handle_winch as usize;
    |                                                   ^^^^^^^^
    |
    = note: `#[warn(function_casts_as_integer)]` on by default
help: first cast to a pointer `as *const ()`
    |
322 |         (*action_ptr).sa_sigaction = handle_winch as *const () as usize;
    |                                                   ++++++++++++

warning: `reactive-tui` (lib) generated 2 warnings (run `cargo fix --lib -p reactive-tui` to apply 1 suggestion)
    Finished `test` profile [unoptimized + debuginfo] target(s) in 0.08s
     Running tests/suprtui_renderer.rs (target/debug/deps/suprtui_renderer-462ab125276a6041)
warning: value assigned to `current_width` is never read
   --> src/markdown/converter.rs:249:21
    |
249 |                     current_width = 0;
    |                     ^^^^^^^^^^^^^^^^^
    |
    = help: maybe it is overwritten before being read?
    = note: `#[warn(unused_assignments)]` (part of `#[warn(unused)]`) on by default

warning: direct cast of function item into an integer
   --> src/platform/unix.rs:322:51
    |
322 |         (*action_ptr).sa_sigaction = handle_winch as usize;
    |                                                   ^^^^^^^^
    |
    = note: `#[warn(function_casts_as_integer)]` on by default
help: first cast to a pointer `as *const ()`
    |
322 |         (*action_ptr).sa_sigaction = handle_winch as *const () as usize;
    |                                                   ++++++++++++

warning: `reactive-tui` (lib) generated 2 warnings (run `cargo fix --lib -p reactive-tui` to apply 1 suggestion)
    Finished `dev` profile [unoptimized + debuginfo] target(s) in 0.12s
