    Finished `test` profile [unoptimized + debuginfo] target(s) in 0.11s
     Running unittests src/lib.rs (target/renderer/debug/deps/suprtui-ea85ced000f6e9fb)
     Running tests/buffer_core.rs (target/renderer/debug/deps/buffer_core-df2720643bdaeeb4)
     Running tests/buffer_draw.rs (target/renderer/debug/deps/buffer_draw-82bb852c82a97d83)
     Running tests/cell_decorations.rs (target/renderer/debug/deps/cell_decorations-b4a0979123a3a626)
     Running tests/layout_engine.rs (target/renderer/debug/deps/layout_engine-07939ad9043bd29f)
     Running tests/link_pool.rs (target/renderer/debug/deps/link_pool-c1956ea68865b214)
     Running tests/media_audio.rs (target/renderer/debug/deps/media_audio-ee1a3caa1238bba5)
     Running tests/media_image.rs (target/renderer/debug/deps/media_image-e5effc2f4e502859)
     Running tests/render_core.rs (target/renderer/debug/deps/render_core-470285abe6ba2d9e)
     Running tests/render_stdout.rs (target/renderer/debug/deps/render_stdout-f43b87a37226c46f)
     Running tests/render_terminal.rs (target/renderer/debug/deps/render_terminal-f970c8ce69f8f5ef)
     Running tests/sys_clipboard.rs (target/renderer/debug/deps/sys_clipboard-c3805e253847ecbc)
     Running tests/sys_clipboard_backends.rs (target/renderer/debug/deps/sys_clipboard_backends-4fa0387b85373ca0)
     Running tests/sys_core.rs (target/renderer/debug/deps/sys_core-e8836bee21a1e70d)
     Running tests/sys_small.rs (target/renderer/debug/deps/sys_small-f6314be83ca3cc5c)
     Running tests/term_core.rs (target/renderer/debug/deps/term_core-6fc7467521aaa101)
     Running tests/term_embedded.rs (target/renderer/debug/deps/term_embedded-f8d562fd74341d33)
     Running tests/text_gaps.rs (target/renderer/debug/deps/text_gaps-ab410392592d0335)
     Running tests/text_store.rs (target/renderer/debug/deps/text_store-5d569b3bb4c1c4d6)
     Running tests/text_view.rs (target/renderer/debug/deps/text_view-d38b4bd245f76a5b)
     Running tests/uni_pool.rs (target/renderer/debug/deps/uni_pool-3363dae9ca76f121)
     Running tests/uni_ported.rs (target/renderer/debug/deps/uni_ported-6e2ae5985702a97d)
     Running tests/uni_segments.rs (target/renderer/debug/deps/uni_segments-3117b188f85160ed)
   Doc-tests suprtui
    Finished `test` profile [unoptimized + debuginfo] target(s) in 0.11s
     Running tests/suprtui_renderer.rs (target/debug/deps/suprtui_renderer-2419599ab9d0badf)
    Finished `dev` profile [unoptimized + debuginfo] target(s) in 0.10s
....
----------------------------------------------------------------------
Ran 4 tests in 0.011s

OK
