   Compiling reactive-tui v0.0.7 (/home/shawn/workspace2/reactive-tui)
    Finished `test` profile [unoptimized + debuginfo] target(s) in 0.72s
     Running tests/api_styling.rs (target/debug/deps/api_styling-1e7931300d02e11b)

running 18 tests
test disabled_variant_is_inactive_on_an_enabled_element ... FAILED
test explicit_ellipsis_and_clip_have_distinct_output ... FAILED
test focus_variant_is_inactive_without_focus ... FAILED
test hover_enter_and_leave_repaint_without_application_handlers ... FAILED
test hover_variant_is_inactive_without_a_pointer ... FAILED
test mounting_an_autofocus_target_requests_its_state_repaint ... FAILED
test mouse_focus_repaints_without_an_activation_callback ... FAILED
test parent_typography_reaches_text_and_child_tokens_override_it ... FAILED
test plain_text_and_basic_color_are_an_independent_control ... ok
test tab_moves_the_focus_style_between_actual_nodes ... FAILED
test text_alignment_positions_cells_instead_of_flex_children ... FAILED
test truncation_reserves_an_ellipsis_without_splitting_graphemes ... FAILED
test unicode_text_transforms_change_the_painted_text ... FAILED
test whitespace_normal_collapses_and_wraps_at_words ... FAILED
test whitespace_nowrap_collapses_without_creating_a_soft_line ... FAILED
test whitespace_pre_line_keeps_newlines_and_collapses_spaces ... FAILED
test whitespace_pre_preserves_explicit_lines_and_spaces ... ok
test word_break_modes_use_cell_width_and_keep_graphemes_whole ... FAILED

failures:

---- disabled_variant_is_inactive_on_an_enabled_element stdout ----

thread 'disabled_variant_is_inactive_on_an_enabled_element' (888745) panicked at tests/api_styling.rs:76:5:
assertion `left == right` failed
  left: Rgb(239, 68, 68)
 right: Rgb(0, 0, 0)
note: run with `RUST_BACKTRACE=1` environment variable to display a backtrace

---- explicit_ellipsis_and_clip_have_distinct_output stdout ----

thread 'explicit_ellipsis_and_clip_have_distinct_output' (888747) panicked at tests/api_styling.rs:199:5:
assertion `left == right` failed
  left: "abcde"
 right: "abcd…"

---- focus_variant_is_inactive_without_focus stdout ----

thread 'focus_variant_is_inactive_without_focus' (888749) panicked at tests/api_styling.rs:64:5:
assertion `left == right` failed
  left: Rgb(239, 68, 68)
 right: Rgb(0, 0, 0)

---- hover_enter_and_leave_repaint_without_application_handlers stdout ----

thread 'hover_enter_and_leave_repaint_without_application_handlers' (888751) panicked at tests/support/app_input.rs:88:9:
App did not paint the expected frame before the input deadline

---- hover_variant_is_inactive_without_a_pointer stdout ----

thread 'hover_variant_is_inactive_without_a_pointer' (889411) panicked at tests/api_styling.rs:70:5:
assertion `left == right` failed
  left: Rgb(239, 68, 68)
 right: Rgb(0, 0, 0)

---- mounting_an_autofocus_target_requests_its_state_repaint stdout ----

thread 'mounting_an_autofocus_target_requests_its_state_repaint' (889413) panicked at tests/support/app_input.rs:88:9:
App did not paint the expected frame before the input deadline

---- mouse_focus_repaints_without_an_activation_callback stdout ----

thread 'mouse_focus_repaints_without_an_activation_callback' (890382) panicked at tests/support/app_input.rs:88:9:
App did not paint the expected frame before the input deadline

---- parent_typography_reaches_text_and_child_tokens_override_it stdout ----

thread 'parent_typography_reaches_text_and_child_tokens_override_it' (890947) panicked at tests/api_styling.rs:177:5:
assertion `left == right` failed
  left: "inherited\nMiXeD"
 right: "INHERITED\nMiXeD"

---- tab_moves_the_focus_style_between_actual_nodes stdout ----

thread 'tab_moves_the_focus_style_between_actual_nodes' (890951) panicked at tests/api_styling.rs:100:5:
assertion `left == right` failed
  left: Rgb(239, 68, 68)
 right: Rgb(0, 0, 0)

---- text_alignment_positions_cells_instead_of_flex_children stdout ----

thread 'text_alignment_positions_cells_instead_of_flex_children' (890955) panicked at tests/api_styling.rs:252:9:
assertion `left == right` failed: text-center
  left: "ab"
 right: "   ab"

---- truncation_reserves_an_ellipsis_without_splitting_graphemes stdout ----

thread 'truncation_reserves_an_ellipsis_without_splitting_graphemes' (890960) panicked at tests/api_styling.rs:189:9:
assertion `left == right` failed: "abcdefghi" in 5 cells
  left: "abcde"
 right: "abcd…"

---- unicode_text_transforms_change_the_painted_text stdout ----

thread 'unicode_text_transforms_change_the_painted_text' (890962) panicked at tests/api_styling.rs:163:9:
assertion `left == right` failed: uppercase
  left: "straße élan"
 right: "STRASSE ÉLAN"

---- whitespace_normal_collapses_and_wraps_at_words stdout ----

thread 'whitespace_normal_collapses_and_wraps_at_words' (890964) panicked at tests/api_styling.rs:212:5:
assertion `left == right` failed
  left: "a  b\nc d"
 right: "a b c\nd"

---- whitespace_nowrap_collapses_without_creating_a_soft_line stdout ----

thread 'whitespace_nowrap_collapses_without_creating_a_soft_line' (890966) panicked at tests/api_styling.rs:218:5:
assertion `left == right` failed
  left: "a  b\nc d"
 right: "a b c"

---- whitespace_pre_line_keeps_newlines_and_collapses_spaces stdout ----

thread 'whitespace_pre_line_keeps_newlines_and_collapses_spaces' (890968) panicked at tests/api_styling.rs:230:5:
assertion `left == right` failed
  left: "a  b\nc d"
 right: "a b\nc d"

---- word_break_modes_use_cell_width_and_keep_graphemes_whole stdout ----

thread 'word_break_modes_use_cell_width_and_keep_graphemes_whole' (890972) panicked at tests/api_styling.rs:241:9:
assertion `left == right` failed: whitespace-normal break-normal
  left: "ab a"
 right: "ab\nabcd"


failures:
    disabled_variant_is_inactive_on_an_enabled_element
    explicit_ellipsis_and_clip_have_distinct_output
    focus_variant_is_inactive_without_focus
    hover_enter_and_leave_repaint_without_application_handlers
    hover_variant_is_inactive_without_a_pointer
    mounting_an_autofocus_target_requests_its_state_repaint
    mouse_focus_repaints_without_an_activation_callback
    parent_typography_reaches_text_and_child_tokens_override_it
    tab_moves_the_focus_style_between_actual_nodes
    text_alignment_positions_cells_instead_of_flex_children
    truncation_reserves_an_ellipsis_without_splitting_graphemes
    unicode_text_transforms_change_the_painted_text
    whitespace_normal_collapses_and_wraps_at_words
    whitespace_nowrap_collapses_without_creating_a_soft_line
    whitespace_pre_line_keeps_newlines_and_collapses_spaces
    word_break_modes_use_cell_width_and_keep_graphemes_whole

test result: FAILED. 2 passed; 16 failed; 0 ignored; 0 measured; 0 filtered out; finished in 9.06s

error: test failed, to rerun pass `--test api_styling`
Traceback (most recent call last):
  File "/home/shawn/workspace2/reactive-tui/scripts/check-api-styling.py", line 6, in <module>
    subprocess.run(
    ~~~~~~~~~~~~~~^
        ["cargo", "test", "--locked", "--test", "api_styling", "--", "--test-threads=1"],
        ^^^^^^^^^^^^^^^^^^^^^^^^^^^^^^^^^^^^^^^^^^^^^^^^^^^^^^^^^^^^^^^^^^^^^^^^^^^^^^^^^
        cwd=Path(__file__).resolve().parents[1], check=True, timeout=120,
        ^^^^^^^^^^^^^^^^^^^^^^^^^^^^^^^^^^^^^^^^^^^^^^^^^^^^^^^^^^^^^^^^^
    )
    ^
  File "/home/linuxbrew/.linuxbrew/Cellar/python@3.14/3.14.7/lib/python3.14/subprocess.py", line 578, in run
    raise CalledProcessError(retcode, process.args,
                             output=stdout, stderr=stderr)
subprocess.CalledProcessError: Command '['cargo', 'test', '--locked', '--test', 'api_styling', '--', '--test-threads=1']' returned non-zero exit status 101.
