   Compiling reactive-tui v0.0.7 (/home/shawn/workspace2/reactive-tui)
    Finished `test` profile [unoptimized + debuginfo] target(s) in 0.95s
     Running tests/api_styling.rs (target/debug/deps/api_styling-f34603045d38022e)

running 29 tests
test disabled_nodes_skip_autofocus_tab_and_activation_then_reenable ... ok
test disabled_variant_is_inactive_on_an_enabled_element ... ok
test explicit_ellipsis_and_clip_have_distinct_output ... ok
test focus_variant_is_inactive_without_focus ... ok
test focus_within_and_compound_variants_require_their_actual_states ... ok
test font_weights_decorations_and_resets_reach_terminal_attributes ... ok
test hover_enter_and_leave_repaint_without_application_handlers ... ok
test hover_variant_is_inactive_without_a_pointer ... ok
test leading_tokens_space_baselines_and_explicit_reset_overrides_inheritance ... ok
test mounting_an_autofocus_target_requests_its_state_repaint ... ok
test mouse_focus_repaints_without_an_activation_callback ... ok
test parent_typography_reaches_text_and_child_tokens_override_it ... ok
test physical_font_aliases_and_fractional_tracking_keep_terminal_cell_geometry ... ok
test plain_text_and_basic_color_are_an_independent_control ... ok
test stateless_layout_does_not_invent_interaction_state ... ok
test stationary_pointer_is_retested_after_changed_geometry_is_presented ... ok
test strikethrough_reaches_the_host_as_sgr_nine ... ok
test tab_moves_the_focus_style_between_actual_nodes ... ok
test tabs_use_four_cell_stops_and_wrapping_keeps_combining_clusters ... ok
test text_alignment_positions_cells_instead_of_flex_children ... ok
test text_justification_expands_word_gaps_only_before_soft_wraps ... ok
test truncation_reserves_an_ellipsis_without_splitting_graphemes ... ok
test unicode_text_transforms_change_the_painted_text ... ok
test whitespace_normal_collapses_and_wraps_at_words ... ok
test whitespace_nowrap_collapses_without_creating_a_soft_line ... ok
test whitespace_pre_line_keeps_newlines_and_collapses_spaces ... ok
test whitespace_pre_preserves_explicit_lines_and_spaces ... ok
test word_break_modes_use_cell_width_and_keep_graphemes_whole ... ok
test wrapping_measurement_places_the_next_sibling_after_all_text_rows ... ok

test result: ok. 29 passed; 0 failed; 0 ignored; 0 measured; 0 filtered out; finished in 0.33s

