   Compiling proc-macro2 v1.0.101
   Compiling unicode-ident v1.0.18
    Checking cfg-if v1.0.3
   Compiling libc v0.2.189
    Checking bitflags v2.11.0
   Compiling autocfg v1.5.0
   Compiling serde_core v1.0.229
   Compiling serde v1.0.229
    Checking pin-project-lite v0.2.16
   Compiling winnow v1.0.4
   Compiling hashbrown v0.17.1
   Compiling equivalent v1.0.2
    Checking once_cell v1.21.3
   Compiling rustix v1.1.4
   Compiling toml_datetime v1.1.1+spec-1.1.0
    Checking futures-core v0.3.31
   Compiling quote v1.0.40
    Checking linux-raw-sys v0.12.1
   Compiling indexmap v2.14.2
   Compiling syn v3.0.5
   Compiling syn v2.0.106
    Checking parking v2.2.1
   Compiling cfg_aliases v0.2.2
   Compiling toml_parser v1.1.3+spec-1.1.0
   Compiling crossbeam-utils v0.8.21
    Checking fastrand v2.3.0
   Compiling libm v0.2.16
   Compiling toml_edit v0.25.13+spec-1.1.0
    Checking foldhash v0.2.0
   Compiling num-traits v0.2.19
   Compiling version_check v0.9.5
    Checking smallvec v1.15.1
   Compiling proc-macro-crate v3.5.0
    Checking allocator-api2 v0.2.21
    Checking futures-io v0.3.31
    Checking memchr v2.7.5
    Checking log v0.4.34
    Checking concurrent-queue v2.5.0
    Checking event-listener v5.4.2
    Checking arrayvec v0.7.6
   Compiling getrandom v0.3.3
   Compiling endi v1.1.1
    Checking event-listener-strategy v0.5.4
    Checking futures-lite v2.6.1
    Checking signal-hook-registry v1.4.6
   Compiling lock_api v0.4.13
    Checking slab v0.4.11
   Compiling parking_lot_core v0.9.11
   Compiling thiserror v2.0.20
   Compiling async-io v2.6.0
    Checking scopeguard v1.2.0
   Compiling siphasher v1.0.1
    Checking simd-adler32 v0.3.7
    Checking bit-vec v0.8.0
   Compiling crc32fast v1.5.0
   Compiling phf_shared v0.13.1
    Checking bit-set v0.8.0
    Checking adler2 v2.0.1
    Checking async-task v4.7.1
    Checking unicode-width v0.2.1
    Checking parking_lot v0.12.4
   Compiling phf_generator v0.13.1
    Checking miniz_oxide v0.8.9
    Checking async-channel v2.5.0
    Checking polling v3.11.0
   Compiling naga v27.0.3
    Checking foldhash v0.1.5
   Compiling io-lifetimes v3.0.1
   Compiling io-lifetimes v2.0.4
    Checking atomic-waker v1.1.2
   Compiling ash v0.38.0+1.3.281
    Checking flate2 v1.1.2
    Checking piper v0.2.5
    Checking hashbrown v0.15.5
    Checking codespan-reporting v0.12.0
    Checking half v2.6.0
    Checking async-signal v0.2.14
    Checking async-lock v3.4.2
   Compiling slotmap v1.0.7
    Checking hashbrown v0.16.1
   Compiling wgpu-hal v27.0.4
    Checking tracing-core v0.1.36
    Checking spirv v0.3.0+sdk-1.3.268.0
    Checking gpu-descriptor-types v0.2.0
    Checking gpu-alloc-types v0.3.1
    Checking libloading v0.8.9
    Checking hexf-parse v0.2.1
   Compiling io-extras v0.19.0
    Checking itoa v1.0.15
    Checking rustc-hash v1.1.0
    Checking gpu-alloc v0.6.2
    Checking gpu-descriptor v0.3.2
    Checking async-process v2.5.0
    Checking blocking v1.7.0
    Checking async-executor v1.14.0
    Checking ordered-float v5.5.0
    Checking async-broadcast v0.7.2
    Checking aho-corasick v1.1.3
    Checking mio v1.0.4
   Compiling proc-macro2-diagnostics v0.10.1
    Checking ordered-stream v0.2.0
    Checking static_assertions v1.1.0
   Compiling litrs v0.4.2
   Compiling unicode-segmentation v1.13.3
    Checking regex-syntax v0.8.6
    Checking powerfmt v0.2.0
    Checking renderdoc-sys v1.1.0
    Checking raw-window-handle v0.6.2
    Checking hex v0.4.3
   Compiling signal-hook v0.3.18
   Compiling serde_derive v1.0.229
   Compiling thiserror-impl v2.0.20
   Compiling bytemuck_derive v1.12.1
   Compiling serde_repr v0.1.21
   Compiling async-trait v0.1.92
    Checking weezl v0.1.10
   Compiling enumflags2_derive v0.7.12
   Compiling tracing-attributes v0.1.31
   Compiling async-recursion v1.1.1
   Compiling cap-primitives v4.0.3
    Checking profiling v1.0.18
    Checking bytemuck v1.23.2
   Compiling document-features v0.2.11
   Compiling convert_case v0.7.1
    Checking wgpu-types v27.0.1
    Checking regex-automata v0.4.10
    Checking deranged v0.5.8
    Checking tracing v0.1.44
    Checking fs-set-times v0.20.3
    Checking rustix-linux-procfs v0.1.1
   Compiling phf_codegen v0.13.1
    Checking fdeflate v0.3.7
   Compiling wgpu-core v27.0.3
   Compiling serde_json v1.0.143
    Checking ambient-authority v0.0.2
   Compiling jetscii v0.5.3
    Checking time-core v0.1.8
   Compiling entities v1.0.1
    Checking maybe-owned v0.3.4
    Checking tinyvec v1.13.3
    Checking jpeg-decoder v0.3.2
    Checking byteorder-lite v0.1.0
    Checking zvariant_utils v4.2.0
   Compiling enumflags2 v0.7.12
   Compiling zcheapstr v1.1.0
    Checking uuid v1.18.1
    Checking zune-core v0.4.12
    Checking color_quant v1.1.0
   Compiling reactive-tui-libghostty-vt-sys v0.1.0 (/home/shawn/workspace2/reactive-tui/crates/libghostty-vt-sys)
    Checking ipnet v2.12.2
   Compiling cap-std v4.0.3
    Checking quick-error v2.0.1
    Checking bitflags v1.3.2
    Checking num-conv v0.2.2
    Checking png v0.17.16
    Checking time v0.3.47
    Checking image-webp v0.2.4
   Compiling zvariant_derive v5.15.0
    Checking zune-jpeg v0.4.20
    Checking gif v0.13.3
   Compiling zvariant v5.15.0
    Checking tiff v0.9.1
    Checking unicode-normalization v0.1.25
   Compiling comrak v0.55.0
   Compiling derive_more-impl v2.0.1
   Compiling tokio-macros v2.5.0
   Compiling phf_macros v0.13.1
    Checking vte v0.15.0
    Checking quick-xml v0.42.0
   Compiling wgpu v27.0.1
    Checking zbus_names v4.3.4
    Checking socket2 v0.6.0
   Compiling cap-fs-ext v4.0.3
    Checking linked-hash-map v0.5.6
    Checking zbus_xml v5.2.1
    Checking same-file v1.0.6
    Checking bytes v1.11.1
    Checking option-ext v0.2.0
    Checking base64 v0.23.1
    Checking ryu v1.0.20
    Checking plist v1.10.1
    Checking tokio v1.47.1
    Checking zbus-lockstep v0.5.2
   Compiling zbus_macros v5.19.0
    Checking dirs-sys v0.4.1
    Checking walkdir v2.5.0
    Checking yaml-rust v0.4.5
    Checking phf v0.13.1
    Checking derive_more v2.0.1
    Checking signal-hook-mio v0.2.4
   Compiling zbus-lockstep-macros v0.5.2
   Compiling int-enum v1.2.0
    Checking image v0.25.6
    Checking caseless v0.2.2
    Checking fancy-regex v0.16.2
    Checking accesskit v0.25.0
    Checking bincode v1.3.3
    Checking taffy v0.13.0
   Compiling futures-macro v0.3.31
    Checking phf_shared v0.11.3
   Compiling reactive-tui v0.1.0 (/home/shawn/workspace2/reactive-tui)
    Checking new_debug_unreachable v1.0.6
    Checking typed-arena v2.0.2
    Checking pin-utils v0.1.0
    Checking fnv v1.0.7
    Checking rustc-hash v2.1.3
    Checking grid v1.0.1
    Checking precomputed-hash v0.1.1
    Checking unicode-properties v0.1.4
    Checking futures-sink v0.3.31
    Checking finl_unicode v1.4.0
    Checking futures-task v0.3.31
    Checking taffy v0.9.2
    Checking futures-util v0.3.31
    Checking zbus v5.19.0
    Checking reactive-tui-suprtui v0.1.0 (/home/shawn/workspace2/reactive-tui/src/backend/engine)
    Checking tokio-util v0.7.16
    Checking string_cache v0.8.9
    Checking syntect v5.3.0
    Checking wgpu-core-deps-windows-linux-android v27.0.0
    Checking accesskit_consumer v0.39.0
    Checking reactive-tui-crossterm v0.1.0 (/home/shawn/workspace2/reactive-tui/src/backend/crossterm)
    Checking dirs v5.0.1
    Checking vt100 v0.16.2
    Checking regex v1.11.2
   Compiling reactive-tui-macros v0.1.0 (/home/shawn/workspace2/reactive-tui/reactive-tui-macros)
    Checking tempfile v3.21.0
    Checking lru v0.18.4
    Checking lazy_static v1.5.0
    Checking base64 v0.22.1
    Checking atspi-common v0.13.0
    Checking atspi-proxies v0.13.0
    Checking atspi v0.29.0
    Checking reactive-tui-libghostty-vt v0.1.0 (/home/shawn/workspace2/reactive-tui/crates/libghostty-vt)
 Documenting reactive-tui v0.1.0 (/home/shawn/workspace2/reactive-tui)
    Finished `dev` profile [unoptimized] target(s) in 58.36s
   Generated /tmp/reactive-tui-wgpu.waMUcc/dqc004/default/doc/reactive_tui/index.html
