   Compiling reactive-tui v0.1.0 (/home/shawn/workspace2/reactive-tui)
warning: ambiguous glob re-exports
   --> src/ffi/mod.rs:143:9
    |
143 | pub use pointer::*;
    |         ^^^^^^^^^^ the name `validate_pointer` in the value namespace is first re-exported here
...
148 | pub use types::*;
    |         -------- but the name `validate_pointer` in the value namespace is also re-exported here
    |
    = note: `#[warn(ambiguous_glob_reexports)]` on by default

warning: unused variable: `width`
  --> src/ffi/lib.rs:85:14
   |
85 |         let (width, height) = renderer_box.dims();
   |              ^^^^^ help: if this is intentional, prefix it with an underscore: `_width`
   |
   = note: `#[warn(unused_variables)]` (part of `#[warn(unused)]`) on by default

warning: function `validate_pointer` is never used
   --> src/ffi/types.rs:182:15
    |
182 | pub(crate) fn validate_pointer<T>(ptr: *const T) -> bool {
    |               ^^^^^^^^^^^^^^^^
    |
    = note: `#[warn(dead_code)]` (part of `#[warn(unused)]`) on by default

warning: function `validate_mut_pointer` is never used
   --> src/ffi/types.rs:187:15
    |
187 | pub(crate) fn validate_mut_pointer<T>(ptr: *mut T) -> bool {
    |               ^^^^^^^^^^^^^^^^^^^^

warning: function `safe_cast` is never used
   --> src/ffi/types.rs:192:22
    |
192 | pub(crate) unsafe fn safe_cast<T, U>(ptr: *mut T) -> Result<*mut U, ReactiveError> {
    |                      ^^^^^^^^^

warning: function `safe_cast_const` is never used
   --> src/ffi/types.rs:206:22
    |
206 | pub(crate) unsafe fn safe_cast_const<T, U>(ptr: *const T) -> Result<*const U, ReactiveError> {
    |                      ^^^^^^^^^^^^^^^

warning: `reactive-tui` (lib) generated 6 warnings (run `cargo fix --lib -p reactive-tui` to apply 1 suggestion)
    Finished `test` profile [unoptimized + debuginfo] target(s) in 3.69s
     Running tests/ffi_export_inventory.rs (/home/shawn/workspace2/scratchpads/suprnova-target/debug/deps/ffi_export_inventory-cef1a875ffc1ff5d)

running 2 tests
test inventory_rejects_an_export_with_its_boundary_removed ... ok
test every_active_c_export_has_a_panic_boundary ... ok

test result: ok. 2 passed; 0 failed; 0 ignored; 0 measured; 0 filtered out; finished in 0.07s

   Compiling reactive-tui v0.1.0 (/home/shawn/workspace2/reactive-tui)
warning: ambiguous glob re-exports
   --> src/ffi/mod.rs:143:9
    |
143 | pub use pointer::*;
    |         ^^^^^^^^^^ the name `validate_pointer` in the value namespace is first re-exported here
...
148 | pub use types::*;
    |         -------- but the name `validate_pointer` in the value namespace is also re-exported here
    |
    = note: `#[warn(ambiguous_glob_reexports)]` on by default

warning: unused variable: `width`
  --> src/ffi/lib.rs:85:14
   |
85 |         let (width, height) = renderer_box.dims();
   |              ^^^^^ help: if this is intentional, prefix it with an underscore: `_width`
   |
   = note: `#[warn(unused_variables)]` (part of `#[warn(unused)]`) on by default

warning: function `validate_pointer` is never used
   --> src/ffi/types.rs:182:15
    |
182 | pub(crate) fn validate_pointer<T>(ptr: *const T) -> bool {
    |               ^^^^^^^^^^^^^^^^
    |
    = note: `#[warn(dead_code)]` (part of `#[warn(unused)]`) on by default

warning: function `validate_mut_pointer` is never used
   --> src/ffi/types.rs:187:15
    |
187 | pub(crate) fn validate_mut_pointer<T>(ptr: *mut T) -> bool {
    |               ^^^^^^^^^^^^^^^^^^^^

warning: function `safe_cast` is never used
   --> src/ffi/types.rs:192:22
    |
192 | pub(crate) unsafe fn safe_cast<T, U>(ptr: *mut T) -> Result<*mut U, ReactiveError> {
    |                      ^^^^^^^^^

warning: function `safe_cast_const` is never used
   --> src/ffi/types.rs:206:22
    |
206 | pub(crate) unsafe fn safe_cast_const<T, U>(ptr: *const T) -> Result<*const U, ReactiveError> {
    |                      ^^^^^^^^^^^^^^^

warning: `reactive-tui` (lib) generated 6 warnings (run `cargo fix --lib -p reactive-tui` to apply 1 suggestion)
    Finished `dev` profile [unoptimized + debuginfo] target(s) in 3.61s
FFS-002 text-buffer resize invariants passed
FFS-002 focused C ABI safety checks passed
