FAIL CAT: missing catalog page: input_page
FAIL CAT: missing catalog page: layout_page
FAIL CAT: missing catalog page: data_page
FAIL CAT: missing catalog page: menus_dialogs_page
FAIL CAT: missing catalog page: media_page
FAIL CAT: missing catalog page: motion_page
FAIL CAT: missing catalog page: system_page
FAIL CAT: missing widget family: Checkbox
FAIL CAT: missing widget family: RadioButton
FAIL CAT: missing widget family: Select
FAIL CAT: missing widget family: Slider
FAIL CAT: missing widget family: TextInput
FAIL CAT: missing widget family: Accordion
FAIL CAT: missing widget family: Breadcrumb
FAIL CAT: missing widget family: ScrollView
FAIL CAT: missing widget family: Stack
FAIL CAT: missing widget family: Tabs
FAIL CAT: missing widget family: Chart
FAIL CAT: missing widget family: Table
FAIL CAT: missing widget family: DataTable
FAIL CAT: missing widget family: Tree
FAIL CAT: missing widget family: FileExplorer
FAIL CAT: missing widget family: ProgressBar
FAIL CAT: missing widget family: Modal
FAIL CAT: missing widget family: Popover
FAIL CAT: missing widget family: Image
FAIL CAT: missing widget family: MenuBar
FAIL CAT: missing widget family: ContextMenu
FAIL CAT: missing widget family: PopupMenu
FAIL CAT: missing widget family: DialogMenu
FAIL CAT: missing widget family: ConfirmationDialog
FAIL CAT: missing widget family: InputDialog
FAIL CAT: missing widget family: AutocompleteDialog
FAIL CAT: missing widget family: ProgressDialog
FAIL CAT: missing widget family: Toast
FAIL CAT: missing widget family: WizardDialog
FAIL CAT: missing widget family: TerminalWidget
FAIL CAT: catalog must use manual/assets/logo.jpg
FAIL CAT: README omits the widget_catalog command
FAIL CAT: manual omits the catalog capture purpose
FAIL CAT: catalog behavior tests did not pass
FAIL CAT: locked widget_catalog compile did not pass
FAIL CAT: PTY check did not observe two distinct cube frames
FAIL CAT: PTY check did not prove CTRL_Q exit
FAIL CAT: PTY check did not prove CTRL_C exit
FAIL CAT: PTY check did not prove ESCAPE exit
.......
----------------------------------------------------------------------
Ran 7 tests in 0.000s

OK
error: no test target named `widget_catalog_behavior` in default-run packages
help: available test targets:
    advanced_table_test
    alignment_strict_tests
    alignment_utility_tests
    animations_integration
    api_animation_screens
    api_clipboard
    api_component_expansion
    api_dialog_lifecycle
    api_documentation_contract
    api_editor_unicode
    api_event_routing
    api_feature_configurations
    api_focus
    api_gesture_coordinates
    api_hook_lifecycle
    api_hook_state
    api_local_hooks
    api_mouse_hook_routing
    api_paint_properties
    api_performance_context
    api_props_contract
    api_residual_refs
    api_signal_ownership
    api_styling
    api_updater
    api_widget_behavior
    app_wakeups
    arithmetic_boundaries
    automatic_memory_management_tests
    charts_test
    clipboard_platform
    color_more_shades_tests
    color_shades_tests
    color_utility_tests
    component_macro_integration
    component_macro_test
    component_tests
    css_animation_integration_test
    css_in_rust_simple_test
    debug_animate_none
    dqc_003_captured_diagnostics
    element_bridge_tests
    embedded_terminal
    ffi_app_representation
    ffi_basic_test
    ffi_export_inventory
    ffi_tests
    full_pipeline_integration
    layout_paint_tests
    mouse_hooks_test
    opacity_tests
    performance_monitoring_test
    pre_release_terminal_helper_lifecycle
    pre_release_terminal_input_safety
    production_readiness_test
    property_tests
    props_derive_test
    registry_cache_isolation
    registry_concurrency
    render_ops_snapshots
    screen_system_tests
    simple_css_animation_test
    simple_performance_test
    simple_props_test
    suprtui_renderer
    surface_integration
    syntax_highlighting_integration
    test_absolute_debug
    test_absolute_paint
    test_animation_api
    test_app_layout
    test_ffi_core_only
    test_ffi_integration
    test_ffi_reactive_seamless
    test_flex_layout
    test_minimal_ffi
    tokio_event_loop_lifecycle
    utility_paint_tests
    windows_platform
    z_index_tests
error: no example target named `widget_catalog` in default-run packages
help: available example targets:
    accessibility_probe
    app_wakeup_probe
    conpty_probe
    embedded_terminal_probe
    gradient_blocks
    image_host_probe
    suprtui_renderer_probe
/home/linuxbrew/.linuxbrew/opt/python@3.14/bin/python3.14: can't open file '/home/shawn/workspace2/reactive-tui/scripts/check-widget-catalog-pty.py': [Errno 2] No such file or directory
