FAIL CAT: missing catalog page: input_page
FAIL CAT: missing catalog page: layout_page
FAIL CAT: missing catalog page: data_page
FAIL CAT: missing catalog page: menus_dialogs_page
FAIL CAT: missing catalog page: media_page
FAIL CAT: missing catalog page: motion_page
FAIL CAT: missing catalog page: system_page
FAIL CAT: missing widget family: Checkbox
FAIL CAT: missing widget family: RadioButton
FAIL CAT: missing widget family: Select
FAIL CAT: missing widget family: Slider
FAIL CAT: missing widget family: TextInput
FAIL CAT: missing widget family: Accordion
FAIL CAT: missing widget family: Breadcrumb
FAIL CAT: missing widget family: ScrollView
FAIL CAT: missing widget family: Stack
FAIL CAT: missing widget family: Tabs
FAIL CAT: missing widget family: Chart
FAIL CAT: missing widget family: Table
FAIL CAT: missing widget family: DataTable
FAIL CAT: missing widget family: Tree
FAIL CAT: missing widget family: FileExplorer
FAIL CAT: missing widget family: ProgressBar
FAIL CAT: missing widget family: Modal
FAIL CAT: missing widget family: Popover
FAIL CAT: missing widget family: Image
FAIL CAT: missing widget family: MenuBar
FAIL CAT: missing widget family: ContextMenu
FAIL CAT: missing widget family: PopupMenu
FAIL CAT: missing widget family: DialogMenu
FAIL CAT: missing widget family: ConfirmationDialog
FAIL CAT: missing widget family: InputDialog
FAIL CAT: missing widget family: AutocompleteDialog
FAIL CAT: missing widget family: ProgressDialog
FAIL CAT: missing widget family: Toast
FAIL CAT: missing widget family: WizardDialog
FAIL CAT: missing widget family: TerminalWidget
FAIL CAT: catalog must use manual/assets/logo.jpg
FAIL CAT: README omits the widget_catalog command
FAIL CAT: manual omits the catalog capture purpose
FAIL CAT: catalog behavior tests did not pass
FAIL CAT: locked widget_catalog compile did not pass
FAIL CAT: PTY check did not observe two distinct cube frames
FAIL CAT: PTY check did not prove CTRL_Q exit
FAIL CAT: PTY check did not prove CTRL_C exit
FAIL CAT: PTY check did not prove ESCAPE exit
