   Compiling reactive-tui v0.0.7 (/home/shawn/workspace2/reactive-tui)
    Finished `test` profile [unoptimized + debuginfo] target(s) in 3.17s
     Running tests/api_widget_behavior.rs (target/debug/deps/api_widget_behavior-d148cf58c16ab9f6)
    Finished `test` profile [unoptimized + debuginfo] target(s) in 0.13s
     Running unittests src/lib.rs (target/debug/deps/reactive_tui-10768dd881459d97)
    Finished `test` profile [unoptimized + debuginfo] target(s) in 0.12s
     Running unittests src/lib.rs (target/debug/deps/reactive_tui-10768dd881459d97)
    Finished `test` profile [unoptimized + debuginfo] target(s) in 0.16s
     Running unittests src/lib.rs (target/debug/deps/reactive_tui-10768dd881459d97)
    Finished `test` profile [unoptimized + debuginfo] target(s) in 0.14s
     Running unittests src/lib.rs (target/debug/deps/reactive_tui-10768dd881459d97)
    Finished `test` profile [unoptimized + debuginfo] target(s) in 0.11s
     Running unittests src/lib.rs (target/debug/deps/reactive_tui-10768dd881459d97)
    Finished `test` profile [unoptimized + debuginfo] target(s) in 0.15s
     Running unittests src/lib.rs (target/debug/deps/reactive_tui-10768dd881459d97)
    Finished `test` profile [unoptimized + debuginfo] target(s) in 0.12s
     Running unittests src/lib.rs (target/debug/deps/reactive_tui-10768dd881459d97)
    Finished `test` profile [unoptimized + debuginfo] target(s) in 0.17s
     Running unittests src/lib.rs (target/debug/deps/reactive_tui-10768dd881459d97)
    Finished `test` profile [unoptimized + debuginfo] target(s) in 0.18s
     Running unittests src/lib.rs (target/debug/deps/reactive_tui-10768dd881459d97)
    Finished `test` profile [unoptimized + debuginfo] target(s) in 0.16s
     Running unittests src/lib.rs (target/debug/deps/reactive_tui-10768dd881459d97)
    Finished `test` profile [unoptimized + debuginfo] target(s) in 0.13s
     Running unittests src/lib.rs (target/debug/deps/reactive_tui-10768dd881459d97)
    Finished `test` profile [unoptimized + debuginfo] target(s) in 0.11s
     Running unittests src/lib.rs (target/debug/deps/reactive_tui-10768dd881459d97)
    Finished `test` profile [unoptimized + debuginfo] target(s) in 0.11s
     Running unittests src/lib.rs (target/debug/deps/reactive_tui-10768dd881459d97)
    Finished `test` profile [unoptimized + debuginfo] target(s) in 0.11s
     Running unittests src/lib.rs (target/debug/deps/reactive_tui-10768dd881459d97)
    Finished `test` profile [unoptimized + debuginfo] target(s) in 0.10s
     Running unittests src/lib.rs (target/debug/deps/reactive_tui-10768dd881459d97)
    Finished `test` profile [unoptimized + debuginfo] target(s) in 0.10s
     Running unittests src/lib.rs (target/debug/deps/reactive_tui-10768dd881459d97)
    Finished `test` profile [unoptimized + debuginfo] target(s) in 0.11s
     Running unittests src/lib.rs (target/debug/deps/reactive_tui-10768dd881459d97)
    Finished `test` profile [unoptimized + debuginfo] target(s) in 0.11s
     Running unittests src/lib.rs (target/debug/deps/reactive_tui-10768dd881459d97)
    Finished `test` profile [unoptimized + debuginfo] target(s) in 0.11s
     Running unittests src/lib.rs (target/debug/deps/reactive_tui-10768dd881459d97)
    Finished `test` profile [unoptimized + debuginfo] target(s) in 0.12s
     Running unittests src/lib.rs (target/debug/deps/reactive_tui-10768dd881459d97)
   Compiling reactive-tui v0.0.7 (/home/shawn/workspace2/reactive-tui)
    Finished `dev` profile [unoptimized + debuginfo] target(s) in 1.27s
Traceback (most recent call last):
  File "/home/shawn/workspace2/reactive-tui/tests/api_widget_behavior/orca.py", line 677, in <module>
    isolated(arguments)
    ~~~~~~~~^^^^^^^^^^^
  File "/home/shawn/workspace2/reactive-tui/tests/api_widget_behavior/orca.py", line 117, in isolated
    raise RuntimeError(f"Orca workflow failed with exit {status}; see {run / 'session.log'}")
RuntimeError: Orca workflow failed with exit 1; see /home/shawn/workspace2/scratchpads/tmp/rtui-orca-8jj675ei/session.log
Traceback (most recent call last):
  File "/home/shawn/workspace2/reactive-tui/scripts/check-api-widget-behavior.py", line 82, in <module>
    subprocess.run(probe + ["--geometry", geometry], cwd=root, env=reader_environment, check=True, timeout=90)
    ~~~~~~~~~~~~~~^^^^^^^^^^^^^^^^^^^^^^^^^^^^^^^^^^^^^^^^^^^^^^^^^^^^^^^^^^^^^^^^^^^^^^^^^^^^^^^^^^^^^^^^^^^^
  File "/home/linuxbrew/.linuxbrew/Cellar/python@3.14/3.14.7/lib/python3.14/subprocess.py", line 578, in run
    raise CalledProcessError(retcode, process.args,
                             output=stdout, stderr=stderr)
subprocess.CalledProcessError: Command '['/usr/bin/python3', 'tests/api_widget_behavior/orca.py', '--binary', 'target/debug/examples/accessibility_probe', '--geometry', '32x10']' returned non-zero exit status 1.
