    Finished `test` profile [unoptimized + debuginfo] target(s) in 0.07s
     Running tests/api_clipboard.rs (target/debug/deps/api_clipboard-0683f62b6a588985)

running 8 tests
test cleanup_cancels_owned_child ... FAILED
test copy_has_deadline ... FAILED
test copy_nonzero_is_error ... FAILED
test detection_does_not_spawn_which ... FAILED
test missing_backend_is_error ... FAILED
test paste_has_deadline ... FAILED
test paste_nonzero_is_error ... FAILED
test unicode_roundtrip_retains_newlines ... ok

failures:

---- cleanup_cancels_owned_child stdout ----

thread 'cleanup_cancels_owned_child' (3069584) panicked at tests/api_clipboard.rs:95:9:
cleanup_cancels_owned_child: clipboard call exceeded outer five-second safety deadline
note: run with `RUST_BACKTRACE=1` environment variable to display a backtrace

---- copy_has_deadline stdout ----

thread 'copy_has_deadline' (3070587) panicked at tests/api_clipboard.rs:95:9:
copy_has_deadline: clipboard call exceeded outer five-second safety deadline

---- copy_nonzero_is_error stdout ----

thread 'copy_nonzero_is_error' (3071485) panicked at tests/api_clipboard.rs:102:5:
copy_nonzero_is_error: 
running 1 test

thread 'copy_nonzero_is_error' (3071487) panicked at tests/api_clipboard.rs:135:5:
assertion failed: state.get().error.as_deref().is_some_and(|error| error.contains("17"))
note: run with `RUST_BACKTRACE=1` environment variable to display a backtrace
test copy_nonzero_is_error ... FAILED

failures:

failures:
    copy_nonzero_is_error

test result: FAILED. 0 passed; 1 failed; 0 ignored; 0 measured; 7 filtered out; finished in 0.00s



---- detection_does_not_spawn_which stdout ----

thread 'detection_does_not_spawn_which' (3071494) panicked at tests/api_clipboard.rs:95:9:
detection_does_not_spawn_which: clipboard call exceeded outer five-second safety deadline

---- missing_backend_is_error stdout ----

thread 'missing_backend_is_error' (3072444) panicked at tests/api_clipboard.rs:102:5:
missing_backend_is_error: 
running 1 test

thread 'missing_backend_is_error' (3072446) panicked at tests/api_clipboard.rs:169:5:
assertion failed: state.get().error.is_some()
note: run with `RUST_BACKTRACE=1` environment variable to display a backtrace
test missing_backend_is_error ... FAILED

failures:

failures:
    missing_backend_is_error

test result: FAILED. 0 passed; 1 failed; 0 ignored; 0 measured; 7 filtered out; finished in 0.00s



---- paste_has_deadline stdout ----

thread 'paste_has_deadline' (3072452) panicked at tests/api_clipboard.rs:95:9:
paste_has_deadline: clipboard call exceeded outer five-second safety deadline

---- paste_nonzero_is_error stdout ----

thread 'paste_nonzero_is_error' (3073268) panicked at tests/api_clipboard.rs:102:5:
paste_nonzero_is_error: 
running 1 test

thread 'paste_nonzero_is_error' (3073270) panicked at tests/api_clipboard.rs:151:5:
assertion `left == right` failed
  left: Some("partial")
 right: None
note: run with `RUST_BACKTRACE=1` environment variable to display a backtrace
test paste_nonzero_is_error ... FAILED

failures:

failures:
    paste_nonzero_is_error

test result: FAILED. 0 passed; 1 failed; 0 ignored; 0 measured; 7 filtered out; finished in 0.00s




failures:
    cleanup_cancels_owned_child
    copy_has_deadline
    copy_nonzero_is_error
    detection_does_not_spawn_which
    missing_backend_is_error
    paste_has_deadline
    paste_nonzero_is_error

test result: FAILED. 1 passed; 7 failed; 0 ignored; 0 measured; 0 filtered out; finished in 20.06s

error: test failed, to rerun pass `--test api_clipboard`
Traceback (most recent call last):
  File "/home/shawn/workspace2/reactive-tui/scripts/check-api-clipboard.py", line 6, in <module>
    subprocess.run(
    ~~~~~~~~~~~~~~^
        ["cargo", "test", "--locked", "--test", "api_clipboard", "--", "--test-threads=1"],
        ^^^^^^^^^^^^^^^^^^^^^^^^^^^^^^^^^^^^^^^^^^^^^^^^^^^^^^^^^^^^^^^^^^^^^^^^^^^^^^^^^^^
        cwd=Path(__file__).resolve().parents[1], check=True, timeout=120,
        ^^^^^^^^^^^^^^^^^^^^^^^^^^^^^^^^^^^^^^^^^^^^^^^^^^^^^^^^^^^^^^^^^
    )
    ^
  File "/home/linuxbrew/.linuxbrew/Cellar/python@3.14/3.14.7/lib/python3.14/subprocess.py", line 578, in run
    raise CalledProcessError(retcode, process.args,
                             output=stdout, stderr=stderr)
subprocess.CalledProcessError: Command '['cargo', 'test', '--locked', '--test', 'api_clipboard', '--', '--test-threads=1']' returned non-zero exit status 101.
