   Compiling reactive-tui v0.0.7 (/home/shawn/workspace2/reactive-tui)
    Finished `test` profile [unoptimized + debuginfo] target(s) in 2.60s
     Running tests/api_clipboard.rs (target/debug/deps/api_clipboard-3f3590ad7bcbb93d)

running 13 tests
test cleanup_cancels_owned_child ... ok
test copy_has_deadline ... ok
test copy_nonzero_is_error ... ok
test detection_does_not_spawn_which ... ok
test dropping_hook_owner_prevents_new_commands ... ok
test failed_copy_retains_last_successful_cache ... ok
test inherited_output_handles_do_not_block ... ok
test invalid_utf8_is_error ... ok
test missing_backend_is_error ... ok
test oversized_output_is_error ... ok
test paste_has_deadline ... ok
test paste_nonzero_is_error ... ok
test unicode_roundtrip_retains_newlines ... ok

test result: ok. 13 passed; 0 failed; 0 ignored; 0 measured; 0 filtered out; finished in 4.30s

    Finished `test` profile [unoptimized + debuginfo] target(s) in 0.07s
     Running unittests src/lib.rs (target/debug/deps/reactive_tui-12f44458daa3f67c)

running 2 tests
test hooks::clipboard_process::tests::cancellation_kills_and_reaps_child ... ok
test hooks::clipboard_process::tests::deadline_kills_and_reaps_child ... ok

test result: ok. 2 passed; 0 failed; 0 ignored; 0 measured; 760 filtered out; finished in 2.01s

Traceback (most recent call last):
  File "/home/shawn/workspace2/reactive-tui/scripts/check-clipboard-platforms.py", line 247, in <module>
    verify()
    ~~~~~~^^
  File "/home/shawn/workspace2/reactive-tui/scripts/check-clipboard-platforms.py", line 220, in verify
    raise RuntimeError(f"missing real {system} clipboard evidence for {backend}")
RuntimeError: missing real Darwin clipboard evidence for macos
Traceback (most recent call last):
  File "/home/shawn/workspace2/reactive-tui/scripts/check-api-clipboard.py", line 14, in <module>
    subprocess.run(
    ~~~~~~~~~~~~~~^
        ["python3", "-B", "scripts/check-clipboard-platforms.py", "--verify"],
        ^^^^^^^^^^^^^^^^^^^^^^^^^^^^^^^^^^^^^^^^^^^^^^^^^^^^^^^^^^^^^^^^^^^^^^
        cwd=Path(__file__).resolve().parents[1], check=True, timeout=30,
        ^^^^^^^^^^^^^^^^^^^^^^^^^^^^^^^^^^^^^^^^^^^^^^^^^^^^^^^^^^^^^^^^
    )
    ^
  File "/home/linuxbrew/.linuxbrew/Cellar/python@3.14/3.14.7/lib/python3.14/subprocess.py", line 578, in run
    raise CalledProcessError(retcode, process.args,
                             output=stdout, stderr=stderr)
subprocess.CalledProcessError: Command '['python3', '-B', 'scripts/check-clipboard-platforms.py', '--verify']' returned non-zero exit status 1.
