   Compiling proc-macro2 v1.0.101
   Compiling unicode-ident v1.0.18
   Compiling libc v0.2.189
   Compiling cfg-if v1.0.3
   Compiling autocfg v1.5.0
   Compiling serde_core v1.0.229
   Compiling serde v1.0.229
   Compiling bitflags v2.11.0
   Compiling crossbeam-utils v0.8.21
   Compiling equivalent v1.0.2
   Compiling rustix v1.1.4
   Compiling memchr v2.7.5
   Compiling linux-raw-sys v0.12.1
   Compiling pin-project-lite v0.2.16
   Compiling once_cell v1.21.3
   Compiling winnow v1.0.4
   Compiling futures-core v0.3.31
   Compiling hashbrown v0.17.1
   Compiling toml_datetime v1.1.1+spec-1.1.0
   Compiling getrandom v0.3.3
   Compiling parking v2.2.1
   Compiling toml_parser v1.1.3+spec-1.1.0
   Compiling futures-io v0.3.31
   Compiling indexmap v2.14.2
   Compiling num-traits v0.2.19
   Compiling endi v1.1.1
   Compiling fastrand v2.3.0
   Compiling slab v0.4.11
   Compiling quote v1.0.40
   Compiling arrayvec v0.7.6
   Compiling simd-adler32 v0.3.7
   Compiling toml_edit v0.25.13+spec-1.1.0
   Compiling event-listener v5.4.2
   Compiling concurrent-queue v2.5.0
   Compiling crossbeam-epoch v0.9.18
   Compiling either v1.15.0
   Compiling log v0.4.27
   Compiling syn v2.0.106
   Compiling syn v3.0.5
   Compiling rayon-core v1.13.0
   Compiling proc-macro-crate v3.5.0
   Compiling event-listener-strategy v0.5.4
   Compiling crossbeam-deque v0.8.6
   Compiling futures-lite v2.6.1
   Compiling signal-hook-registry v1.4.6
   Compiling smallvec v1.15.1
   Compiling fnv v1.0.7
   Compiling enumflags2_derive v0.7.12
   Compiling strsim v0.11.1
   Compiling adler2 v2.0.1
   Compiling crc32fast v1.5.0
   Compiling equator-macro v0.4.2
   Compiling serde_derive v1.0.229
   Compiling async-io v2.6.0
   Compiling thiserror v1.0.69
   Compiling itoa v1.0.15
   Compiling equator v0.4.2
   Compiling miniz_oxide v0.8.9
   Compiling thiserror-impl v1.0.69
   Compiling num-integer v0.1.46
   Compiling polling v3.11.0
   Compiling regex-syntax v0.8.6
   Compiling anyhow v1.0.99
   Compiling zcheapstr v1.1.0
   Compiling zvariant_utils v4.2.0
   Compiling enumflags2 v0.7.12
   Compiling siphasher v1.0.1
   Compiling shlex v1.3.0
   Compiling async-task v4.7.1
   Compiling num-bigint v0.4.6
   Compiling zvariant_derive v5.15.0
   Compiling zvariant v5.15.0
   Compiling flate2 v1.1.2
   Compiling cc v1.2.34
   Compiling uuid v1.18.1
   Compiling aligned-vec v0.6.4
   Compiling rayon v1.11.0
   Compiling async-channel v2.5.0
   Compiling aho-corasick v1.1.3
   Compiling lock_api v0.4.13
   Compiling zbus_names v4.3.4
   Compiling half v2.6.0
   Compiling io-lifetimes v3.0.1
   Compiling built v0.7.7
   Compiling utf8parse v0.2.2
   Compiling foldhash v0.2.0
   Compiling io-lifetimes v2.0.4
   Compiling serde_json v1.0.143
   Compiling pkg-config v0.3.32
   Compiling version_check v0.9.5
   Compiling parking_lot_core v0.9.11
   Compiling minimal-lexical v0.2.1
   Compiling atomic-waker v1.1.2
   Compiling ident_case v1.0.1
   Compiling paste v1.0.15
   Compiling anstyle-parse v0.2.7
   Compiling rav1e v0.7.1
   Compiling regex-automata v0.4.10
   Compiling onig_sys v69.9.1
   Compiling zbus_xml v5.2.1
   Compiling piper v0.2.5
   Compiling nom v7.1.3
   Compiling slotmap v1.0.7
   Compiling darling_core v0.21.3
   Compiling v_frame v0.3.9
   Compiling num-rational v0.4.2
   Compiling async-signal v0.2.14
   Compiling profiling-procmacros v1.0.17
   Compiling tracing-attributes v0.1.31
   Compiling async-lock v3.4.2
   Compiling tracing-core v0.1.36
   Compiling futures-sink v0.3.31
   Compiling io-extras v0.19.0
   Compiling powerfmt v0.2.0
   Compiling ryu v1.0.20
   Compiling is_terminal_polyfill v1.70.1
   Compiling anstyle v1.0.11
   Compiling colorchoice v1.0.4
   Compiling scopeguard v1.2.0
   Compiling anstyle-query v1.1.4
   Compiling unicode-segmentation v1.13.3
   Compiling bitflags v1.3.2
   Compiling rustversion v1.0.22
   Compiling new_debug_unreachable v1.0.6
   Compiling prettyplease v0.2.37
   Compiling deranged v0.4.0
   Compiling futures-channel v0.3.31
   Compiling async-process v2.5.0
   Compiling anstream v0.6.20
   Compiling tracing v0.1.44
   Compiling darling_macro v0.21.3
   Compiling av1-grain v0.2.4
   Compiling profiling v1.0.17
   Compiling blocking v1.7.0
   Compiling zbus-lockstep v0.5.2
   Compiling regex v1.11.2
   Compiling maybe-rayon v0.1.1
   Compiling zbus_macros v5.19.0
   Compiling async-executor v1.14.0
   Compiling serde_repr v0.1.21
   Compiling async-trait v0.1.92
   Compiling num-derive v0.4.2
   Compiling futures-macro v0.3.31
   Compiling async-recursion v1.1.1
   Compiling arg_enum_proc_macro v0.3.4
   Compiling async-broadcast v0.7.2
   Compiling itertools v0.12.1
   Compiling simd_helpers v0.1.0
   Compiling terminal_size v0.4.3
   Compiling ordered-stream v0.2.0
   Compiling num-conv v0.1.0
   Compiling clap_lex v0.7.5
   Compiling weezl v0.1.10
   Compiling bitstream-io v2.6.0
   Compiling zerocopy v0.8.26
   Compiling futures-task v0.3.31
   Compiling imgref v1.11.0
   Compiling pin-utils v0.1.0
   Compiling noop_proc_macro v0.3.0
   Compiling quick-error v2.0.1
   Compiling tinyvec_macros v0.1.1
   Compiling hex v0.4.3
   Compiling cap-primitives v4.0.3
   Compiling heck v0.5.0
   Compiling time-core v0.1.4
   Compiling same-file v1.0.6
   Compiling bit-vec v0.6.3
   Compiling signal-hook v0.3.18
   Compiling futures-util v0.3.31
   Compiling tinyvec v1.10.0
   Compiling zbus v5.19.0
   Compiling clap_derive v4.5.45
   Compiling time v0.3.41
   Compiling walkdir v2.5.0
   Compiling bit-set v0.5.3
   Compiling loop9 v0.1.5
   Compiling clap_builder v4.5.46
   Compiling parking_lot v0.12.4
   Compiling fs-set-times v0.20.3
   Compiling zbus-lockstep-macros v0.5.2
   Compiling darling v0.21.3
   Compiling convert_case v0.7.1
   Compiling phf_shared v0.14.0
   Compiling mio v1.0.4
   Compiling fdeflate v0.3.7
   Compiling zune-inflate v0.2.54
   Compiling avif-serialize v0.8.6
   Compiling rustix-linux-procfs v0.1.1
   Compiling rand_core v0.9.3
   Compiling quick-xml v0.38.3
   Compiling bytemuck v1.23.2
   Compiling maybe-owned v0.3.4
   Compiling base64 v0.22.1
   Compiling linked-hash-map v0.5.6
   Compiling byteorder-lite v0.1.0
   Compiling ipnet v2.12.2
   Compiling static_assertions v1.1.0
   Compiling bit_field v0.10.3
   Compiling color_quant v1.1.0
   Compiling jpeg-decoder v0.3.2
   Compiling cap-std v4.0.3
   Compiling zune-core v0.4.12
   Compiling ambient-authority v0.0.2
   Compiling lebe v0.5.2
   Compiling rgb v0.8.52
   Compiling phf_generator v0.14.0
   Compiling gif v0.13.3
   Compiling tiff v0.9.1
   Compiling zune-jpeg v0.4.20
   Compiling exr v1.73.0
   Compiling ravif v0.11.20
   Compiling atspi-common v0.13.0
   Compiling image-webp v0.2.4
   Compiling plist v1.7.4
   Compiling yaml-rust v0.4.5
   Compiling qoi v0.4.1
   Compiling png v0.17.16
   Compiling clap v4.5.46
   Compiling bon-macros v3.7.1
   Compiling derive_more-impl v2.0.1
   Compiling fancy-regex v0.11.0
   Compiling unicode-normalization v0.1.24
   Compiling bincode v1.3.3
   Compiling tempfile v3.21.0
   Compiling litrs v0.4.2
   Compiling allocator-api2 v0.2.21
   Compiling ciborium-io v0.2.2
   Compiling cap-fs-ext v4.0.3
   Compiling foldhash v0.1.5
   Compiling option-ext v0.2.0
   Compiling deunicode v1.6.2
   Compiling plotters-backend v0.3.7
   Compiling document-features v0.2.11
   Compiling ppv-lite86 v0.2.21
   Compiling ciborium-ll v0.2.2
   Compiling signal-hook-mio v0.2.4
   Compiling hashbrown v0.15.5
   Compiling dirs-sys v0.4.1
   Compiling slug v0.1.6
   Compiling caseless v0.2.2
   Compiling image v0.25.6
   Compiling plotters-svg v0.3.7
   Compiling atspi-proxies v0.13.0
   Compiling bon v3.7.1
   Compiling derive_more v2.0.1
   Compiling phf_macros v0.14.0
   Compiling taffy v0.13.0
   Compiling futures-executor v0.3.31
   Compiling accesskit v0.25.0
   Compiling phf_shared v0.11.3
   Compiling tokio-macros v2.5.0
   Compiling itertools v0.10.5
   Compiling vte v0.15.0
   Compiling vte v0.14.1
   Compiling socket2 v0.6.0
   Compiling wait-timeout v0.2.1
   Compiling typed-arena v2.0.2
   Compiling shell-words v1.1.0
   Compiling bit-vec v0.8.0
   Compiling reactive-tui v0.0.7 (/home/shawn/workspace2/reactive-tui)
   Compiling unicode-properties v0.1.4
   Compiling sdd v3.0.10
   Compiling unicode-width v0.2.1
   Compiling grid v0.18.0
   Compiling cast v0.3.0
   Compiling bytes v1.10.1
   Compiling entities v1.0.1
   Compiling lazy_static v1.5.0
   Compiling xdg v2.5.2
   Compiling unicode_categories v0.1.1
   Compiling quick-error v1.2.3
   Compiling precomputed-hash v0.1.1
   Compiling criterion-plot v0.5.0
   Compiling tokio v1.47.1
   Compiling vt100 v0.16.2
   Compiling taffy v0.9.1
   Compiling scc v2.4.0
   Compiling string_cache v0.8.9
   Compiling rusty-fork v0.3.0
   Compiling suprtui v0.1.0 (/home/shawn/workspace2/reactive-tui/src/backend/engine)
   Compiling bit-set v0.8.0
   Compiling phf v0.14.0
   Compiling accesskit_consumer v0.39.0
   Compiling futures v0.3.31
   Compiling atspi v0.29.0
   Compiling crossterm v0.29.0 (/home/shawn/workspace2/reactive-tui/src/backend/crossterm)
   Compiling plotters v0.3.7
   Compiling lru v0.16.0
   Compiling dirs v5.0.1
Traceback (most recent call last):
  File "/home/shawn/workspace2/reactive-tui/scripts/check-api-clipboard.py", line 6, in <module>
    subprocess.run(
    ~~~~~~~~~~~~~~^
        ["cargo", "test", "--locked", "--test", "api_clipboard", "--", "--test-threads=1"],
        ^^^^^^^^^^^^^^^^^^^^^^^^^^^^^^^^^^^^^^^^^^^^^^^^^^^^^^^^^^^^^^^^^^^^^^^^^^^^^^^^^^^
        cwd=Path(__file__).resolve().parents[1], check=True, timeout=120,
        ^^^^^^^^^^^^^^^^^^^^^^^^^^^^^^^^^^^^^^^^^^^^^^^^^^^^^^^^^^^^^^^^^
    )
    ^
  File "/home/linuxbrew/.linuxbrew/Cellar/python@3.14/3.14.7/lib/python3.14/subprocess.py", line 557, in run
    stdout, stderr = process.communicate(input, timeout=timeout)
                     ~~~~~~~~~~~~~~~~~~~^^^^^^^^^^^^^^^^^^^^^^^^
  File "/home/linuxbrew/.linuxbrew/Cellar/python@3.14/3.14.7/lib/python3.14/subprocess.py", line 1221, in communicate
    stdout, stderr = self._communicate(input, endtime, timeout)
                     ~~~~~~~~~~~~~~~~~^^^^^^^^^^^^^^^^^^^^^^^^^
  File "/home/linuxbrew/.linuxbrew/Cellar/python@3.14/3.14.7/lib/python3.14/subprocess.py", line 2179, in _communicate
    self.wait(timeout=self._remaining_time(endtime))
    ~~~~~~~~~^^^^^^^^^^^^^^^^^^^^^^^^^^^^^^^^^^^^^^^
  File "/home/linuxbrew/.linuxbrew/Cellar/python@3.14/3.14.7/lib/python3.14/subprocess.py", line 1279, in wait
    return self._wait(timeout=timeout)
           ~~~~~~~~~~^^^^^^^^^^^^^^^^^
  File "/home/linuxbrew/.linuxbrew/Cellar/python@3.14/3.14.7/lib/python3.14/subprocess.py", line 2076, in _wait
    raise TimeoutExpired(self.args, timeout)
subprocess.TimeoutExpired: Command '['cargo', 'test', '--locked', '--test', 'api_clipboard', '--', '--test-threads=1']' timed out after 120 seconds
