    Finished `test` profile [unoptimized + debuginfo] target(s) in 0.15s
     Running tests/api_clipboard.rs (target/debug/deps/api_clipboard-4b0e89e8c3bd928d)

running 13 tests
test cleanup_cancels_owned_child ... ok
test copy_has_deadline ... ok
test copy_nonzero_is_error ... ok
test detection_does_not_spawn_which ... ok
test dropping_hook_owner_prevents_new_commands ... ok
test failed_copy_retains_last_successful_cache ... ok
test inherited_output_handles_do_not_block ... ok
test invalid_utf8_is_error ... ok
test missing_backend_is_error ... ok
test oversized_output_is_error ... ok
test paste_has_deadline ... ok
test paste_nonzero_is_error ... ok
test unicode_roundtrip_retains_newlines ... ok

test result: ok. 13 passed; 0 failed; 0 ignored; 0 measured; 0 filtered out; finished in 4.42s

    Finished `test` profile [unoptimized + debuginfo] target(s) in 0.11s
     Running unittests src/lib.rs (target/debug/deps/reactive_tui-3b9bd581c091ab71)

running 3 tests
test hooks::clipboard_process::tests::cancellation_kills_and_reaps_child ... ok
test hooks::clipboard_process::tests::deadline_kills_and_reaps_child ... ok
test hooks::clipboard_process::tests::sleeping_child_fixture ... ignored, child fixture invoked only by the process lifecycle tests

test result: ok. 2 passed; 0 failed; 1 ignored; 0 measured; 998 filtered out; finished in 2.01s

All five clipboard backends have current native platform evidence
