A11Y # GNOME Terminal 3.58.0 using VTE 0.84.0 +BIDI +GNUTLS +ICU +SYSTEMD
dbus-daemon[1218722]: [session uid=1000 pid=1218722 pidfd=5] Activating service name='org.a11y.Bus' requested by ':1.0' (uid=1000 pid=1218743 comm="/usr/bin/python3 /usr/bin/orca --version" label="unconfined")
dbus-daemon[1218722]: [session uid=1000 pid=1218722 pidfd=5] Successfully activated service 'org.a11y.Bus'
dbus-daemon[1218722]: [session uid=1000 pid=1218722 pidfd=5] Activating service name='org.gtk.vfs.Daemon' requested by ':1.3' (uid=1000 pid=1218825 comm="/usr/lib/x86_64-linux-gnu/../../lib/x86_64-linux-g" label="unconfined")
dbus-daemon[1218722]: [session uid=1000 pid=1218722 pidfd=5] Successfully activated service 'org.gtk.vfs.Daemon'
dbus-daemon[1218795]: Activating service name='org.a11y.atspi.Registry' requested by ':1.0' (uid=1000 pid=1218743 comm="/usr/bin/python3 /usr/bin/orca --version" label="unconfined")
dbus-daemon[1218795]: Successfully activated service 'org.a11y.atspi.Registry'
SpiRegistry daemon is running with well-known name - org.a11y.atspi.Registry
A11Y Orca version 50.1.2, AT-SPI2 version: 2.60.0, Session: x11 gnome
A11Y isolated X11/Xvfb viewport 32x10
dbus-daemon[1218722]: [session uid=1000 pid=1218722 pidfd=5] Activating service name='ca.desrt.dconf' requested by ':1.7' (uid=1000 pid=1219481 comm="/usr/bin/python3 /usr/bin/orca --debug-file /home/" label="unconfined")
dbus-daemon[1218722]: [session uid=1000 pid=1218722 pidfd=5] Successfully activated service 'ca.desrt.dconf'
dbus-daemon[1218722]: [session uid=1000 pid=1218722 pidfd=5] Activating service name='org.gnome.Terminal' requested by ':1.9' (uid=1000 pid=1219544 comm="gnome-terminal --display=:1 --geometry=32x10 --wai" label="unconfined")
dbus-daemon[1218722]: [session uid=1000 pid=1218722 pidfd=5] Activating service name='org.freedesktop.portal.Desktop' requested by ':1.10' (uid=1000 pid=1219551 comm="/usr/libexec/gnome-terminal-server" label="unconfined")
dbus-daemon[1218722]: [session uid=1000 pid=1218722 pidfd=5] Activating service name='org.freedesktop.impl.portal.PermissionStore' requested by ':1.11' (uid=1000 pid=1219559 comm="/usr/libexec/xdg-desktop-portal" label="unconfined")
dbus-daemon[1218722]: [session uid=1000 pid=1218722 pidfd=5] Successfully activated service 'org.freedesktop.impl.portal.PermissionStore'
dbus-daemon[1218722]: [session uid=1000 pid=1218722 pidfd=5] Activating service name='org.freedesktop.portal.Documents' requested by ':1.11' (uid=1000 pid=1219559 comm="/usr/libexec/xdg-desktop-portal" label="unconfined")
dbus-daemon[1218722]: [session uid=1000 pid=1218722 pidfd=5] Successfully activated service 'org.freedesktop.portal.Documents'

(/usr/libexec/xdg-desktop-portal:1219559): xdg-desktop-portal-WARNING **: 06:05:15.531: Choosing gnome.portal for org.freedesktop.impl.portal.Lockdown via the deprecated UseIn key

(/usr/libexec/xdg-desktop-portal:1219559): xdg-desktop-portal-WARNING **: 06:05:15.532: The preferred method to match portal implementations to desktop environments is to use the portals.conf(5) configuration file
dbus-daemon[1218722]: [session uid=1000 pid=1218722 pidfd=5] Activating service name='org.freedesktop.impl.portal.desktop.gnome' requested by ':1.11' (uid=1000 pid=1219559 comm="/usr/libexec/xdg-desktop-portal" label="unconfined")
libEGL warning: DRI3 error: Could not get DRI3 device
libEGL warning: Ensure your X server supports DRI3 to get accelerated rendering
dbus-daemon[1218722]: [session uid=1000 pid=1218722 pidfd=5] Successfully activated service 'org.freedesktop.impl.portal.desktop.gnome'

(/usr/libexec/xdg-desktop-portal:1219559): xdg-desktop-portal-WARNING **: 06:05:15.646: Choosing gnome.portal for org.freedesktop.impl.portal.Access via the deprecated UseIn key

(/usr/libexec/xdg-desktop-portal:1219559): xdg-desktop-portal-WARNING **: 06:05:15.653: Choosing gnome.portal for org.freedesktop.impl.portal.Settings via the deprecated UseIn key

(/usr/libexec/xdg-desktop-portal:1219559): xdg-desktop-portal-WARNING **: 06:05:15.653: Choosing gtk.portal for org.freedesktop.impl.portal.Settings via the deprecated UseIn key
dbus-daemon[1218722]: [session uid=1000 pid=1218722 pidfd=5] Activating service name='org.freedesktop.impl.portal.desktop.gtk' requested by ':1.11' (uid=1000 pid=1219559 comm="/usr/libexec/xdg-desktop-portal" label="unconfined")
dbus-daemon[1218722]: [session uid=1000 pid=1218722 pidfd=5] Successfully activated service 'org.freedesktop.impl.portal.desktop.gtk'

** (xdg-desktop-portal-gtk:1219809): WARNING **: 06:05:15.669: atk-bridge: Couldn't listen on dbus server: Socket name too long


(/usr/libexec/xdg-desktop-portal:1219559): xdg-desktop-portal-WARNING **: 06:05:15.670: Choosing gnome.portal for org.freedesktop.impl.portal.FileChooser via the deprecated UseIn key

(/usr/libexec/xdg-desktop-portal:1219559): xdg-desktop-portal-WARNING **: 06:05:15.670: Choosing gnome.portal for org.freedesktop.impl.portal.AppChooser via the deprecated UseIn key

(/usr/libexec/xdg-desktop-portal:1219559): xdg-desktop-portal-WARNING **: 06:05:15.671: Choosing gnome.portal for org.freedesktop.impl.portal.Print via the deprecated UseIn key

(/usr/libexec/xdg-desktop-portal:1219559): xdg-desktop-portal-WARNING **: 06:05:15.671: Choosing gnome.portal for org.freedesktop.impl.portal.Notification via the deprecated UseIn key

(/usr/libexec/xdg-desktop-portal:1219559): xdg-desktop-portal-WARNING **: 06:05:15.671: Choosing gtk.portal for org.freedesktop.impl.portal.Inhibit via the deprecated UseIn key

(/usr/libexec/xdg-desktop-portal:1219559): xdg-desktop-portal-WARNING **: 06:05:15.673: Failed to connect to PipeWire: Couldn't connect to PipeWire

(/usr/libexec/xdg-desktop-portal:1219559): xdg-desktop-portal-WARNING **: 06:05:15.673: Choosing gnome.portal for org.freedesktop.impl.portal.Screenshot via the deprecated UseIn key

(/usr/libexec/xdg-desktop-portal:1219559): xdg-desktop-portal-WARNING **: 06:05:15.673: Choosing gnome.portal for org.freedesktop.impl.portal.Background via the deprecated UseIn key

(/usr/libexec/xdg-desktop-portal:1219559): xdg-desktop-portal-WARNING **: 06:05:15.674: Choosing gnome.portal for org.freedesktop.impl.portal.Wallpaper via the deprecated UseIn key

(/usr/libexec/xdg-desktop-portal:1219559): xdg-desktop-portal-WARNING **: 06:05:15.674: Choosing gnome.portal for org.freedesktop.impl.portal.Account via the deprecated UseIn key

(/usr/libexec/xdg-desktop-portal:1219559): xdg-desktop-portal-WARNING **: 06:05:15.674: Choosing gtk.portal for org.freedesktop.impl.portal.Email via the deprecated UseIn key

(/usr/libexec/xdg-desktop-portal:1219559): xdg-desktop-portal-WARNING **: 06:05:15.675: Choosing gnome-keyring.portal for org.freedesktop.impl.portal.Secret via the deprecated UseIn key

(/usr/libexec/xdg-desktop-portal:1219559): xdg-desktop-portal-WARNING **: 06:05:15.675: Choosing gnome.portal for org.freedesktop.impl.portal.GlobalShortcuts via the deprecated UseIn key
dbus-daemon[1218722]: [session uid=1000 pid=1218722 pidfd=5] Activating service name='org.freedesktop.secrets' requested by ':1.11' (uid=1000 pid=1219559 comm="/usr/libexec/xdg-desktop-portal" label="unconfined")

(/usr/libexec/xdg-desktop-portal:1219559): xdg-desktop-portal-WARNING **: 06:05:15.675: Choosing gnome.portal for org.freedesktop.impl.portal.DynamicLauncher via the deprecated UseIn key

(/usr/libexec/xdg-desktop-portal:1219559): xdg-desktop-portal-WARNING **: 06:05:15.676: Choosing gnome.portal for org.freedesktop.impl.portal.ScreenCast via the deprecated UseIn key

(/usr/libexec/xdg-desktop-portal:1219559): xdg-desktop-portal-WARNING **: 06:05:15.676: Choosing gnome.portal for org.freedesktop.impl.portal.RemoteDesktop via the deprecated UseIn key

(/usr/libexec/xdg-desktop-portal:1219559): xdg-desktop-portal-WARNING **: 06:05:15.677: Choosing gnome.portal for org.freedesktop.impl.portal.Clipboard via the deprecated UseIn key

(/usr/libexec/xdg-desktop-portal:1219559): xdg-desktop-portal-WARNING **: 06:05:15.677: Choosing gnome.portal for org.freedesktop.impl.portal.InputCapture via the deprecated UseIn key
** Message: 06:05:15.677: couldn't access control socket: /home/shawn/workspace2/reactive-tui/target/api011-check-tmp/rtui-orca-cj28fi8z/runtime/keyring/control: No such file or directory
discover_other_daemon: 0
(/usr/libexec/xdg-desktop-portal:1219559): xdg-desktop-portal-WARNING **: 06:05:15.678: Choosing gnome.portal for org.freedesktop.impl.portal.Usb via the deprecated UseIn key
dbus-daemon[1218722]: [session uid=1000 pid=1218722 pidfd=5] Successfully activated service 'org.freedesktop.secrets'
dbus-daemon[1218722]: [session uid=1000 pid=1218722 pidfd=5] Successfully activated service 'org.freedesktop.portal.Desktop'
dbus-daemon[1218722]: [session uid=1000 pid=1218722 pidfd=5] Successfully activated service 'org.gnome.Terminal'

** (org.gnome.Terminal:1219551): WARNING **: 06:05:15.737: atk-bridge: Couldn't listen on dbus server: Socket name too long

dbus-daemon[1218722]: [session uid=1000 pid=1218722 pidfd=5] Activating service name='org.gtk.vfs.Metadata' requested by ':1.10' (uid=1000 pid=1219551 comm="/usr/libexec/gnome-terminal-server" label="unconfined")
dbus-daemon[1218722]: [session uid=1000 pid=1218722 pidfd=5] Successfully activated service 'org.gtk.vfs.Metadata'

(process:1218723): dbind-WARNING **: 06:05:15.936: AT-SPI: AddAccessible with unknown signature (so)(so)(so)iiassusau


(process:1218723): dbind-WARNING **: 06:05:15.936: AT-SPI: AddAccessible with unknown signature (so)(so)(so)iiassusau


(process:1218723): dbind-WARNING **: 06:05:15.936: AT-SPI: AddAccessible with unknown signature (so)(so)(so)iiassusau


(process:1218723): dbind-WARNING **: 06:05:15.936: AT-SPI: AddAccessible with unknown signature (so)(so)(so)iiassusau


(process:1218723): dbind-WARNING **: 06:05:15.936: AT-SPI: AddAccessible with unknown signature (so)(so)(so)iiassusau


(process:1218723): dbind-WARNING **: 06:05:15.936: AT-SPI: AddAccessible with unknown signature (so)(so)(so)iiassusau


(process:1218723): dbind-WARNING **: 06:05:15.936: AT-SPI: AddAccessible with unknown signature (so)(so)(so)iiassusau


(process:1218723): dbind-WARNING **: 06:05:15.936: AT-SPI: AddAccessible with unknown signature (so)(so)(so)iiassusau


(process:1218723): dbind-WARNING **: 06:05:15.936: AT-SPI: AddAccessible with unknown signature (so)(so)(so)iiassusau


(process:1218723): dbind-WARNING **: 06:05:15.936: AT-SPI: AddAccessible with unknown signature (so)(so)(so)iiassusau


(process:1218723): dbind-WARNING **: 06:05:15.983: AT-SPI: AddAccessible with unknown signature (so)(so)(so)iiassusau


(process:1218723): dbind-WARNING **: 06:05:15.983: AT-SPI: Unknown signature so for RemoveAccessible

(process:1218723): dbind-WARNING **: 06:05:15.983: AT-SPI: Unknown signature so for RemoveAccessible

(process:1218723): dbind-WARNING **: 06:05:15.983: AT-SPI: Unknown signature so for RemoveAccessible

(process:1218723): dbind-WARNING **: 06:05:15.987: AT-SPI: AddAccessible with unknown signature (so)(so)(so)iiassusau


(process:1218723): dbind-WARNING **: 06:05:15.987: AT-SPI: AddAccessible with unknown signature (so)(so)(so)iiassusau


(process:1218723): dbind-WARNING **: 06:05:15.987: AT-SPI: AddAccessible with unknown signature (so)(so)(so)iiassusau


(process:1218723): dbind-WARNING **: 06:05:15.987: AT-SPI: AddAccessible with unknown signature (so)(so)(so)iiassusau


(process:1218723): dbind-WARNING **: 06:05:15.987: AT-SPI: AddAccessible with unknown signature (so)(so)(so)iiassusau


(process:1218723): dbind-WARNING **: 06:05:15.987: AT-SPI: AddAccessible with unknown signature (so)(so)(so)iiassusau


(process:1218723): dbind-WARNING **: 06:05:15.988: AT-SPI: AddAccessible with unknown signature (so)(so)(so)iiassusau

A11Y table: roles, labels, keyboard selection and disabled skipping announced

(process:1218723): dbind-WARNING **: 06:05:16.332: AT-SPI: AddAccessible with unknown signature (so)(so)(so)iiassusau


(process:1218723): dbind-WARNING **: 06:05:16.332: AT-SPI: AddAccessible with unknown signature (so)(so)(so)iiassusau


(process:1218723): dbind-WARNING **: 06:05:16.332: AT-SPI: AddAccessible with unknown signature (so)(so)(so)iiassusau


(process:1218723): dbind-WARNING **: 06:05:16.332: AT-SPI: AddAccessible with unknown signature (so)(so)(so)iiassusau


(process:1218723): dbind-WARNING **: 06:05:16.332: AT-SPI: AddAccessible with unknown signature (so)(so)(so)iiassusau


(process:1218723): dbind-WARNING **: 06:05:16.332: AT-SPI: Unknown signature so for RemoveAccessible

(process:1218723): dbind-WARNING **: 06:05:16.332: AT-SPI: Unknown signature so for RemoveAccessible

(process:1218723): dbind-WARNING **: 06:05:16.332: AT-SPI: Unknown signature so for RemoveAccessible

(process:1218723): dbind-WARNING **: 06:05:16.332: AT-SPI: Unknown signature so for RemoveAccessible

(process:1218723): dbind-WARNING **: 06:05:16.332: AT-SPI: Unknown signature so for RemoveAccessible

(process:1218723): dbind-WARNING **: 06:05:16.332: AT-SPI: Unknown signature so for RemoveAccessible

(process:1218723): dbind-WARNING **: 06:05:16.332: AT-SPI: Unknown signature so for RemoveAccessible

(process:1218723): dbind-WARNING **: 06:05:16.332: AT-SPI: Unknown signature so for RemoveAccessible

(process:1218723): dbind-WARNING **: 06:05:16.362: AT-SPI: AddAccessible with unknown signature (so)(so)(so)iiassusau


(process:1218723): dbind-WARNING **: 06:05:16.362: AT-SPI: AddAccessible with unknown signature (so)(so)(so)iiassusau


(process:1218723): dbind-WARNING **: 06:05:16.362: AT-SPI: AddAccessible with unknown signature (so)(so)(so)iiassusau


(process:1218723): dbind-WARNING **: 06:05:16.362: AT-SPI: AddAccessible with unknown signature (so)(so)(so)iiassusau


(process:1218723): dbind-WARNING **: 06:05:16.362: AT-SPI: AddAccessible with unknown signature (so)(so)(so)iiassusau

/home/shawn/workspace2/reactive-tui/tests/api_widget_behavior/orca.py:260: DeprecationWarning: Atspi.Action.get_action_name is deprecated
  assert action.get_action_name(0) == "click"

(process:1218723): dbind-WARNING **: 06:05:16.483: AT-SPI: AddAccessible with unknown signature (so)(so)(so)iiassusau


(process:1218723): dbind-WARNING **: 06:05:16.483: AT-SPI: AddAccessible with unknown signature (so)(so)(so)iiassusau


(process:1218723): dbind-WARNING **: 06:05:16.483: AT-SPI: Unknown signature so for RemoveAccessible

(process:1218723): dbind-WARNING **: 06:05:16.483: AT-SPI: Unknown signature so for RemoveAccessible

(process:1218723): dbind-WARNING **: 06:05:16.483: AT-SPI: Unknown signature so for RemoveAccessible

(process:1218723): dbind-WARNING **: 06:05:16.483: AT-SPI: Unknown signature so for RemoveAccessible

(process:1218723): dbind-WARNING **: 06:05:16.671: AT-SPI: AddAccessible with unknown signature (so)(so)(so)iiassusau


(process:1218723): dbind-WARNING **: 06:05:16.671: AT-SPI: AddAccessible with unknown signature (so)(so)(so)iiassusau


(process:1218723): dbind-WARNING **: 06:05:16.671: AT-SPI: Unknown signature so for RemoveAccessible

(process:1218723): dbind-WARNING **: 06:05:16.671: AT-SPI: Unknown signature so for RemoveAccessible
A11Y DataTable: search entry, paging actions, disabled controls, filtered and paged cell focus announced

(process:1218723): dbind-WARNING **: 06:05:16.822: AT-SPI: AddAccessible with unknown signature (so)(so)(so)iiassusau


(process:1218723): dbind-WARNING **: 06:05:16.822: AT-SPI: AddAccessible with unknown signature (so)(so)(so)iiassusau


(process:1218723): dbind-WARNING **: 06:05:16.822: AT-SPI: AddAccessible with unknown signature (so)(so)(so)iiassusau


(process:1218723): dbind-WARNING **: 06:05:16.822: AT-SPI: AddAccessible with unknown signature (so)(so)(so)iiassusau


(process:1218723): dbind-WARNING **: 06:05:16.822: AT-SPI: AddAccessible with unknown signature (so)(so)(so)iiassusau


(process:1218723): dbind-WARNING **: 06:05:16.822: AT-SPI: AddAccessible with unknown signature (so)(so)(so)iiassusau


(process:1218723): dbind-WARNING **: 06:05:16.822: AT-SPI: AddAccessible with unknown signature (so)(so)(so)iiassusau


(process:1218723): dbind-WARNING **: 06:05:16.822: AT-SPI: AddAccessible with unknown signature (so)(so)(so)iiassusau


(process:1218723): dbind-WARNING **: 06:05:16.822: AT-SPI: AddAccessible with unknown signature (so)(so)(so)iiassusau


(process:1218723): dbind-WARNING **: 06:05:16.822: AT-SPI: AddAccessible with unknown signature (so)(so)(so)iiassusau


(process:1218723): dbind-WARNING **: 06:05:16.822: AT-SPI: Unknown signature so for RemoveAccessible

(process:1218723): dbind-WARNING **: 06:05:16.822: AT-SPI: Unknown signature so for RemoveAccessible

(process:1218723): dbind-WARNING **: 06:05:16.822: AT-SPI: Unknown signature so for RemoveAccessible

(process:1218723): dbind-WARNING **: 06:05:16.822: AT-SPI: Unknown signature so for RemoveAccessible

(process:1218723): dbind-WARNING **: 06:05:16.822: AT-SPI: Unknown signature so for RemoveAccessible

(process:1218723): dbind-WARNING **: 06:05:16.822: AT-SPI: Unknown signature so for RemoveAccessible

(process:1218723): dbind-WARNING **: 06:05:16.822: AT-SPI: Unknown signature so for RemoveAccessible

(process:1218723): dbind-WARNING **: 06:05:16.822: AT-SPI: Unknown signature so for RemoveAccessible

(process:1218723): dbind-WARNING **: 06:05:16.822: AT-SPI: AddAccessible with unknown signature (so)(so)(so)iiassusau


(process:1218723): dbind-WARNING **: 06:05:16.822: AT-SPI: AddAccessible with unknown signature (so)(so)(so)iiassusau


(process:1218723): dbind-WARNING **: 06:05:16.822: AT-SPI: AddAccessible with unknown signature (so)(so)(so)iiassusau


(process:1218723): dbind-WARNING **: 06:05:16.892: AT-SPI: AddAccessible with unknown signature (so)(so)(so)iiassusau


(process:1218723): dbind-WARNING **: 06:05:16.892: AT-SPI: AddAccessible with unknown signature (so)(so)(so)iiassusau


(process:1218723): dbind-WARNING **: 06:05:16.892: AT-SPI: AddAccessible with unknown signature (so)(so)(so)iiassusau


(process:1218723): dbind-WARNING **: 06:05:16.892: AT-SPI: AddAccessible with unknown signature (so)(so)(so)iiassusau


(process:1218723): dbind-WARNING **: 06:05:16.892: AT-SPI: Unknown signature so for RemoveAccessible

(process:1218723): dbind-WARNING **: 06:05:16.892: AT-SPI: Unknown signature so for RemoveAccessible

(process:1218723): dbind-WARNING **: 06:05:16.892: AT-SPI: Unknown signature so for RemoveAccessible

(process:1218723): dbind-WARNING **: 06:05:16.924: AT-SPI: AddAccessible with unknown signature (so)(so)(so)iiassusau


(process:1218723): dbind-WARNING **: 06:05:16.924: AT-SPI: AddAccessible with unknown signature (so)(so)(so)iiassusau


(process:1218723): dbind-WARNING **: 06:05:16.924: AT-SPI: AddAccessible with unknown signature (so)(so)(so)iiassusau


(process:1218723): dbind-WARNING **: 06:05:17.653: AT-SPI: Unknown signature so for RemoveAccessible

(process:1218723): dbind-WARNING **: 06:05:17.653: AT-SPI: Unknown signature so for RemoveAccessible

(process:1218723): dbind-WARNING **: 06:05:17.653: AT-SPI: Unknown signature so for RemoveAccessible

(process:1218723): dbind-WARNING **: 06:05:17.653: AT-SPI: Unknown signature so for RemoveAccessible
A11Y Tree: hierarchy roles, labels, expansion, child focus and disabled skipping announced

(process:1218723): dbind-WARNING **: 06:05:17.714: AT-SPI: AddAccessible with unknown signature (so)(so)(so)iiassusau


(process:1218723): dbind-WARNING **: 06:05:17.714: AT-SPI: AddAccessible with unknown signature (so)(so)(so)iiassusau


(process:1218723): dbind-WARNING **: 06:05:17.714: AT-SPI: AddAccessible with unknown signature (so)(so)(so)iiassusau


(process:1218723): dbind-WARNING **: 06:05:17.714: AT-SPI: AddAccessible with unknown signature (so)(so)(so)iiassusau


(process:1218723): dbind-WARNING **: 06:05:17.714: AT-SPI: AddAccessible with unknown signature (so)(so)(so)iiassusau


(process:1218723): dbind-WARNING **: 06:05:17.714: AT-SPI: AddAccessible with unknown signature (so)(so)(so)iiassusau


(process:1218723): dbind-WARNING **: 06:05:17.714: AT-SPI: AddAccessible with unknown signature (so)(so)(so)iiassusau


(process:1218723): dbind-WARNING **: 06:05:17.714: AT-SPI: AddAccessible with unknown signature (so)(so)(so)iiassusau


(process:1218723): dbind-WARNING **: 06:05:17.714: AT-SPI: AddAccessible with unknown signature (so)(so)(so)iiassusau


(process:1218723): dbind-WARNING **: 06:05:17.714: AT-SPI: AddAccessible with unknown signature (so)(so)(so)iiassusau


(process:1218723): dbind-WARNING **: 06:05:17.714: AT-SPI: Unknown signature so for RemoveAccessible

(process:1218723): dbind-WARNING **: 06:05:17.714: AT-SPI: Unknown signature so for RemoveAccessible

(process:1218723): dbind-WARNING **: 06:05:17.714: AT-SPI: Unknown signature so for RemoveAccessible

(process:1218723): dbind-WARNING **: 06:05:17.714: AT-SPI: Unknown signature so for RemoveAccessible

(process:1218723): dbind-WARNING **: 06:05:17.714: AT-SPI: Unknown signature so for RemoveAccessible

(process:1218723): dbind-WARNING **: 06:05:17.714: AT-SPI: Unknown signature so for RemoveAccessible

(process:1218723): dbind-WARNING **: 06:05:17.714: AT-SPI: Unknown signature so for RemoveAccessible

(process:1218723): dbind-WARNING **: 06:05:17.714: AT-SPI: Unknown signature so for RemoveAccessible

(process:1218723): dbind-WARNING **: 06:05:17.714: AT-SPI: Unknown signature so for RemoveAccessible

(process:1218723): dbind-WARNING **: 06:05:17.714: AT-SPI: Unknown signature so for RemoveAccessible

(process:1218723): dbind-WARNING **: 06:05:17.714: AT-SPI: Unknown signature so for RemoveAccessible

(process:1218723): dbind-WARNING **: 06:05:17.714: AT-SPI: Unknown signature so for RemoveAccessible

(process:1218723): dbind-WARNING **: 06:05:17.714: AT-SPI: Unknown signature so for RemoveAccessible

(process:1218723): dbind-WARNING **: 06:05:17.714: AT-SPI: AddAccessible with unknown signature (so)(so)(so)iiassusau


(process:1218723): dbind-WARNING **: 06:05:17.714: AT-SPI: AddAccessible with unknown signature (so)(so)(so)iiassusau


(process:1218723): dbind-WARNING **: 06:05:17.714: AT-SPI: AddAccessible with unknown signature (so)(so)(so)iiassusau


(process:1218723): dbind-WARNING **: 06:05:17.714: AT-SPI: AddAccessible with unknown signature (so)(so)(so)iiassusau


(process:1218723): dbind-WARNING **: 06:05:17.714: AT-SPI: AddAccessible with unknown signature (so)(so)(so)iiassusau


(process:1218723): dbind-WARNING **: 06:05:17.763: AT-SPI: AddAccessible with unknown signature (so)(so)(so)iiassusau


(process:1218723): dbind-WARNING **: 06:05:17.763: AT-SPI: AddAccessible with unknown signature (so)(so)(so)iiassusau


(process:1218723): dbind-WARNING **: 06:05:17.763: AT-SPI: Unknown signature so for RemoveAccessible

(process:1218723): dbind-WARNING **: 06:05:17.880: AT-SPI: AddAccessible with unknown signature (so)(so)(so)iiassusau


(process:1218723): dbind-WARNING **: 06:05:17.880: AT-SPI: AddAccessible with unknown signature (so)(so)(so)iiassusau


(process:1218723): dbind-WARNING **: 06:05:17.880: AT-SPI: AddAccessible with unknown signature (so)(so)(so)iiassusau


(process:1218723): dbind-WARNING **: 06:05:17.880: AT-SPI: Unknown signature so for RemoveAccessible

(process:1218723): dbind-WARNING **: 06:05:17.880: AT-SPI: Unknown signature so for RemoveAccessible

(process:1218723): dbind-WARNING **: 06:05:17.880: AT-SPI: Unknown signature so for RemoveAccessible

(process:1218723): dbind-WARNING **: 06:05:17.880: AT-SPI: Unknown signature so for RemoveAccessible

(process:1218723): dbind-WARNING **: 06:05:17.912: AT-SPI: AddAccessible with unknown signature (so)(so)(so)iiassusau


(process:1218723): dbind-WARNING **: 06:05:17.912: AT-SPI: AddAccessible with unknown signature (so)(so)(so)iiassusau


(process:1218723): dbind-WARNING **: 06:05:17.912: AT-SPI: Unknown signature so for RemoveAccessible

(process:1218723): dbind-WARNING **: 06:05:18.051: AT-SPI: AddAccessible with unknown signature (so)(so)(so)iiassusau


(process:1218723): dbind-WARNING **: 06:05:18.051: AT-SPI: AddAccessible with unknown signature (so)(so)(so)iiassusau


(process:1218723): dbind-WARNING **: 06:05:18.051: AT-SPI: Unknown signature so for RemoveAccessible

(process:1218723): dbind-WARNING **: 06:05:18.051: AT-SPI: Unknown signature so for RemoveAccessible

(process:1218723): dbind-WARNING **: 06:05:18.051: AT-SPI: Unknown signature so for RemoveAccessible

(process:1218723): dbind-WARNING **: 06:05:18.090: AT-SPI: AddAccessible with unknown signature (so)(so)(so)iiassusau


(process:1218723): dbind-WARNING **: 06:05:18.090: AT-SPI: Unknown signature so for RemoveAccessible

(process:1218723): dbind-WARNING **: 06:05:18.099: AT-SPI: AddAccessible with unknown signature (so)(so)(so)iiassusau


(process:1218723): dbind-WARNING **: 06:05:18.099: AT-SPI: AddAccessible with unknown signature (so)(so)(so)iiassusau


(process:1218723): dbind-WARNING **: 06:05:18.100: AT-SPI: Unknown signature so for RemoveAccessible

(process:1218723): dbind-WARNING **: 06:05:18.127: AT-SPI: AddAccessible with unknown signature (so)(so)(so)iiassusau


(process:1218723): dbind-WARNING **: 06:05:18.127: AT-SPI: Unknown signature so for RemoveAccessible

(process:1218723): dbind-WARNING **: 06:05:18.172: AT-SPI: AddAccessible with unknown signature (so)(so)(so)iiassusau


(process:1218723): dbind-WARNING **: 06:05:18.172: AT-SPI: Unknown signature so for RemoveAccessible

(process:1218723): dbind-WARNING **: 06:05:18.172: AT-SPI: Unknown signature so for RemoveAccessible

(process:1218723): dbind-WARNING **: 06:05:18.179: AT-SPI: AddAccessible with unknown signature (so)(so)(so)iiassusau

A11Y FileExplorer: directory/file roles, focus speech, navigation and filter controls passed

(process:1218723): dbind-WARNING **: 06:05:18.238: AT-SPI: AddAccessible with unknown signature (so)(so)(so)iiassusau


(process:1218723): dbind-WARNING **: 06:05:18.238: AT-SPI: AddAccessible with unknown signature (so)(so)(so)iiassusau


(process:1218723): dbind-WARNING **: 06:05:18.238: AT-SPI: AddAccessible with unknown signature (so)(so)(so)iiassusau

A11Y data controls: reader delivery and adapter removal passed
A connection to the bus can't be made
