    Finished `test` profile [unoptimized + debuginfo] target(s) in 0.10s
     Running unittests src/lib.rs (target/debug/deps/reactive_tui-e9e38f93cee1f718)

running 13 tests
test animation::keyframes::tests::test_keyframe_creation ... ok
test animation::keyframes::tests::test_keyframe_sequence_sampling ... ok
test animation::keyframes::tests::test_keyframe_value_interpolation ... ok
test hooks::animation::tests::keyframe_hook_aborted_render_drops_pending_playback ... ok
test hooks::animation::tests::keyframe_hook_cleanup_removes_work_and_disables_escaped_handle ... ok
test hooks::animation::tests::keyframe_hook_delivers_midpoint_and_completion_and_stop_is_isolated ... ok
test hooks::animation::tests::keyframe_hook_last_context_drop_cancels_escaped_handle ... ok
test hooks::animation::tests::keyframe_hook_rerender_retains_the_running_sequence ... ok
test hooks::animation::tests::keyframe_hook_sampling_can_cancel_without_delivering_a_stale_value ... ok
test hooks::animation::tests::keyframe_runtime_callback_can_start_and_cancel_an_animation ... ok
test hooks::animation::tests::keyframe_runtime_delivers_the_final_update_before_removal ... ok
test hooks::animation::tests::keyframe_runtime_ids_do_not_reuse_a_live_animation_after_cancellation ... ok
test hooks::animation::tests::keyframe_runtime_releases_callback_captures_outside_its_lock ... ok

test result: ok. 13 passed; 0 failed; 0 ignored; 0 measured; 973 filtered out; finished in 0.05s

   Compiling reactive-tui v0.0.7 (/home/shawn/workspace2/reactive-tui)
    Finished `test` profile [unoptimized + debuginfo] target(s) in 4.98s
     Running tests/api_animation_screens.rs (target/debug/deps/api_animation_screens-a52999d3828822cd)

running 13 tests
test a_custom_keyframe_type_defines_conversion_and_interpolation ... ok
test active_screen_routes_keyboard_activation_to_its_control ... FAILED
test checked_conversion_requires_a_named_property_and_rejects_value_loss ... ok
test discrete_values_do_not_switch_early_when_easing_overshoots ... ok
test invalid_offsets_return_errors_and_empty_sampling_stays_empty ... ok
test sparse_untyped_properties_interpolate_between_their_own_keyframes ... ok
test typed_css_transform_and_compound_values_keep_units_and_alpha ... ok
test typed_keyframes_use_destination_easing_and_native_precision ... ok
test typed_numeric_midpoint_interpolates ... ok
test typed_offsets_are_sorted_and_duplicate_offsets_use_the_last_value ... ok
test untyped_conversion_keeps_tuples_colors_and_discrete_values ... ok
test untyped_conversion_preserves_numeric_endpoints ... ok
test untyped_discrete_properties_remain_present_between_keyframes ... ok

failures:

---- active_screen_routes_keyboard_activation_to_its_control stdout ----

thread 'active_screen_routes_keyboard_activation_to_its_control' (2524625) panicked at tests/api_animation_screens.rs:361:5:
assertion `left == right` failed: active screen discarded keyboard input
  left: 0
 right: 1
note: run with `RUST_BACKTRACE=1` environment variable to display a backtrace


failures:
    active_screen_routes_keyboard_activation_to_its_control

test result: FAILED. 12 passed; 1 failed; 0 ignored; 0 measured; 0 filtered out; finished in 0.00s

error: test failed, to rerun pass `--test api_animation_screens`
