    Finished `test` profile [unoptimized + debuginfo] target(s) in 0.09s
     Running unittests src/lib.rs (target/debug/deps/reactive_tui-e9e38f93cee1f718)

running 13 tests
test animation::keyframes::tests::test_keyframe_creation ... ok
test animation::keyframes::tests::test_keyframe_sequence_sampling ... ok
test animation::keyframes::tests::test_keyframe_value_interpolation ... ok
test hooks::animation::tests::keyframe_hook_aborted_render_drops_pending_playback ... ok
test hooks::animation::tests::keyframe_hook_cleanup_removes_work_and_disables_escaped_handle ... ok
test hooks::animation::tests::keyframe_hook_delivers_midpoint_and_completion_and_stop_is_isolated ... ok
test hooks::animation::tests::keyframe_hook_last_context_drop_cancels_escaped_handle ... ok
test hooks::animation::tests::keyframe_hook_rerender_retains_the_running_sequence ... ok
test hooks::animation::tests::keyframe_hook_sampling_can_cancel_without_delivering_a_stale_value ... ok
test hooks::animation::tests::keyframe_runtime_callback_can_start_and_cancel_an_animation ... ok
test hooks::animation::tests::keyframe_runtime_delivers_the_final_update_before_removal ... ok
test hooks::animation::tests::keyframe_runtime_ids_do_not_reuse_a_live_animation_after_cancellation ... ok
test hooks::animation::tests::keyframe_runtime_releases_callback_captures_outside_its_lock ... ok

test result: ok. 13 passed; 0 failed; 0 ignored; 0 measured; 981 filtered out; finished in 0.00s

    Finished `test` profile [unoptimized + debuginfo] target(s) in 0.09s
     Running unittests src/lib.rs (target/debug/deps/reactive_tui-e9e38f93cee1f718)

running 8 tests
test screen::manager::tests::screen_fade_midpoint_blends_presented_colors ... ok
test screen::manager::tests::screen_fade_preserves_wide_and_combining_text_at_completion ... ok
test screen::manager::tests::screen_hotkeys_ignore_release_and_repeat ... ok
test screen::manager::tests::screen_removal_and_immediate_switch_cancel_pending_transition ... ok
test screen::manager::tests::screen_slide_has_source_left_and_target_right ... ok
test screen::manager::tests::screen_transition_clock_handles_submillisecond_duration_and_completion ... ok
test screen::manager::tests::screen_transition_input_uses_source_geometry_until_completion ... ok
test screen::manager::tests::screen_transitions_have_distinct_intermediate_frames_and_exact_endpoints ... ok

test result: ok. 8 passed; 0 failed; 0 ignored; 0 measured; 986 filtered out; finished in 0.07s

   Compiling reactive-tui v0.0.7 (/home/shawn/workspace2/reactive-tui)
    Finished `test` profile [unoptimized + debuginfo] target(s) in 4.27s
     Running tests/api_animation_screens.rs (target/debug/deps/api_animation_screens-a52999d3828822cd)

running 17 tests
test a_custom_keyframe_type_defines_conversion_and_interpolation ... ok
test active_screen_routes_keyboard_activation_to_its_control ... ok
test checked_conversion_requires_a_named_property_and_rejects_value_loss ... ok
test discrete_values_do_not_switch_early_when_easing_overshoots ... ok
test invalid_offsets_return_errors_and_empty_sampling_stays_empty ... ok
test screens::keyboard_targets_only_the_active_screen_and_ignores_releases ... ok
test screens::keyed_focus_survives_updates_and_mouse_bounds_follow_resize ... ok
test screens::relative_opacity_must_start_from_the_presented_target_property ... FAILED
test screens::screens_retain_registered_components_and_remove_their_effects_once ... ok
test sparse_untyped_properties_interpolate_between_their_own_keyframes ... ok
test typed_css_transform_and_compound_values_keep_units_and_alpha ... ok
test typed_keyframes_use_destination_easing_and_native_precision ... ok
test typed_numeric_midpoint_interpolates ... ok
test typed_offsets_are_sorted_and_duplicate_offsets_use_the_last_value ... ok
test untyped_conversion_keeps_tuples_colors_and_discrete_values ... ok
test untyped_conversion_preserves_numeric_endpoints ... ok
test untyped_discrete_properties_remain_present_between_keyframes ... ok

failures:

---- screens::relative_opacity_must_start_from_the_presented_target_property stdout ----

thread 'screens::relative_opacity_must_start_from_the_presented_target_property' (3085049) panicked at tests/api_animation_screens/screens.rs:194:5:
assertion `left == right` failed
  left: Some(Animation(Number(0.0)))
 right: Some(Opacity(0.5))
note: run with `RUST_BACKTRACE=1` environment variable to display a backtrace


failures:
    screens::relative_opacity_must_start_from_the_presented_target_property

test result: FAILED. 16 passed; 1 failed; 0 ignored; 0 measured; 0 filtered out; finished in 0.01s

error: test failed, to rerun pass `--test api_animation_screens`
