    Finished `test` profile [unoptimized + debuginfo] target(s) in 0.10s
     Running unittests src/lib.rs (target/debug/deps/reactive_tui-3b9bd581c091ab71)

running 13 tests
test animation::keyframes::tests::test_keyframe_creation ... ok
test animation::keyframes::tests::test_keyframe_sequence_sampling ... ok
test animation::keyframes::tests::test_keyframe_value_interpolation ... ok
test hooks::animation::tests::keyframe_hook_aborted_render_drops_pending_playback ... ok
test hooks::animation::tests::keyframe_hook_cleanup_removes_work_and_disables_escaped_handle ... ok
test hooks::animation::tests::keyframe_hook_delivers_midpoint_and_completion_and_stop_is_isolated ... ok
test hooks::animation::tests::keyframe_hook_last_context_drop_cancels_escaped_handle ... ok
test hooks::animation::tests::keyframe_hook_rerender_retains_the_running_sequence ... ok
test hooks::animation::tests::keyframe_hook_sampling_can_cancel_without_delivering_a_stale_value ... ok
test hooks::animation::tests::keyframe_runtime_callback_can_start_and_cancel_an_animation ... ok
test hooks::animation::tests::keyframe_runtime_delivers_the_final_update_before_removal ... ok
test hooks::animation::tests::keyframe_runtime_ids_do_not_reuse_a_live_animation_after_cancellation ... ok
test hooks::animation::tests::keyframe_runtime_releases_callback_captures_outside_its_lock ... ok

test result: ok. 13 passed; 0 failed; 0 ignored; 0 measured; 988 filtered out; finished in 0.00s

    Finished `test` profile [unoptimized + debuginfo] target(s) in 0.10s
     Running unittests src/lib.rs (target/debug/deps/reactive_tui-3b9bd581c091ab71)

running 5 tests
test animation::binding::tests::relative_binding_captures_current_values_when_delayed_playback_starts ... ok
test app::animation_target_tests::relative_app_target_context_and_managed_samples_use_the_owner_and_paint ... 
running 1 test
test app::animation_target_tests::relative_app_target_context_and_managed_samples_use_the_owner_and_paint ... ok

test result: ok. 1 passed; 0 failed; 0 ignored; 0 measured; 1000 filtered out; finished in 0.00s

ok
test app::animation_target_tests::relative_app_target_handles_do_not_keep_an_app_alive ... 
running 1 test
test app::animation_target_tests::relative_app_target_handles_do_not_keep_an_app_alive ... ok

test result: ok. 1 passed; 0 failed; 0 ignored; 0 measured; 1000 filtered out; finished in 0.00s

ok
test app::animation_target_tests::relative_app_target_keeps_last_presented_properties_after_backend_failure ... 
running 1 test
test app::animation_target_tests::relative_app_target_keeps_last_presented_properties_after_backend_failure ... ok

test result: ok. 1 passed; 0 failed; 0 ignored; 0 measured; 1000 filtered out; finished in 0.00s

ok
test app::animation_target_tests::relative_app_target_percentage_translation_uses_presented_size ... 
running 1 test
test app::animation_target_tests::relative_app_target_percentage_translation_uses_presented_size ... ok

test result: ok. 1 passed; 0 failed; 0 ignored; 0 measured; 1000 filtered out; finished in 0.00s

ok

test result: ok. 5 passed; 0 failed; 0 ignored; 0 measured; 996 filtered out; finished in 0.04s

    Finished `test` profile [unoptimized + debuginfo] target(s) in 0.10s
     Running unittests src/lib.rs (target/debug/deps/reactive_tui-3b9bd581c091ab71)

running 8 tests
test screen::manager::tests::screen_fade_midpoint_blends_presented_colors ... ok
test screen::manager::tests::screen_fade_preserves_wide_and_combining_text_at_completion ... ok
test screen::manager::tests::screen_hotkeys_ignore_release_and_repeat ... ok
test screen::manager::tests::screen_removal_and_immediate_switch_cancel_pending_transition ... ok
test screen::manager::tests::screen_slide_has_source_left_and_target_right ... ok
test screen::manager::tests::screen_transition_clock_handles_submillisecond_duration_and_completion ... ok
test screen::manager::tests::screen_transition_input_uses_source_geometry_until_completion ... ok
test screen::manager::tests::screen_transitions_have_distinct_intermediate_frames_and_exact_endpoints ... ok

test result: ok. 8 passed; 0 failed; 0 ignored; 0 measured; 993 filtered out; finished in 0.05s

   Compiling reactive-tui v0.0.7 (/home/shawn/workspace2/reactive-tui)
    Finished `test` profile [unoptimized + debuginfo] target(s) in 1.16s
     Running tests/api_animation_screens.rs (target/debug/deps/api_animation_screens-f8ebf1e0185da522)

running 27 tests
test a_custom_keyframe_type_defines_conversion_and_interpolation ... ok
test active_screen_routes_keyboard_activation_to_its_control ... ok
test checked_conversion_requires_a_named_property_and_rejects_value_loss ... ok
test discrete_values_do_not_switch_early_when_easing_overshoots ... ok
test invalid_offsets_return_errors_and_empty_sampling_stays_empty ... ok
test screens::keyboard_targets_only_the_active_screen_and_ignores_releases ... ok
test screens::keyed_focus_survives_updates_and_mouse_bounds_follow_resize ... ok
test screens::relative_opacity_must_start_from_the_presented_target_property ... ok
test screens::screens_retain_registered_components_and_remove_their_effects_once ... ok
test sparse_untyped_properties_interpolate_between_their_own_keyframes ... ok
test targets::numeric_array_keyframes_keep_middle_values_in_samples_and_presented_frames ... ok
test targets::relative_component_targets_inherit_declared_values_and_reject_replaced_instances ... ok
test targets::relative_custom_values_are_explicit_and_duplicate_target_ids_are_rejected ... ok
test targets::relative_multi_target_and_owner_isolation_keep_distinct_start_values ... ok
test targets::relative_target_removal_and_owner_drop_invalidate_handles_without_rebinding ... ok
test targets::relative_target_samples_paint_and_clear_restores_authored_values ... ok
test targets::relative_targets_resolve_current_values_at_play_and_restart_but_not_resume ... ok
test targets::relative_transform_arithmetic_uses_presented_values_and_preserves_units ... ok
test targets::relative_values_reject_guesses_invalid_expressions_and_undeclared_custom_values ... ok
test typed_css_transform_and_compound_values_keep_units_and_alpha ... ok
test typed_keyframes_use_destination_easing_and_native_precision ... ok
test typed_numeric_midpoint_interpolates ... ok
test typed_offsets_are_sorted_and_duplicate_offsets_use_the_last_value ... ok
test untyped_animation_wrapper_preserves_every_property_unit_and_alpha ... ok
test untyped_conversion_keeps_tuples_colors_and_discrete_values ... ok
test untyped_conversion_preserves_numeric_endpoints ... ok
test untyped_discrete_properties_remain_present_between_keyframes ... ok

test result: ok. 27 passed; 0 failed; 0 ignored; 0 measured; 0 filtered out; finished in 0.03s

     Running tests/api_hook_lifecycle.rs (target/debug/deps/api_hook_lifecycle-7f45b4ca7ec8a1b2)

running 7 tests
test app_stop_cleans_up_components_that_are_still_mounted ... ok
test app_timers_fire_and_removal_leaves_no_scheduled_work ... ok
test effect_dependencies_skip_unchanged_renders_and_cleanup_before_replacement ... ok
test effects_cleanup_on_rerender_and_removal_after_the_render_body ... ok
test keyframe_values_paint_through_app_and_removal_disables_the_escaped_handle ... ok
test providers_inherit_override_and_restore_without_leaking_to_another_app ... ok
test standalone_effect_cleanup_waits_until_explicit_cleanup ... ok

test result: ok. 7 passed; 0 failed; 0 ignored; 0 measured; 0 filtered out; finished in 0.28s

