A11Y # GNOME Terminal 3.58.0 using VTE 0.84.0 +BIDI +GNUTLS +ICU +SYSTEMD
dbus-daemon[2432703]: [session uid=1000 pid=2432703 pidfd=5] Activating service name='org.a11y.Bus' requested by ':1.0' (uid=1000 pid=2432725 comm="/usr/bin/python3 /usr/bin/orca --version" label="unconfined")
dbus-daemon[2432703]: [session uid=1000 pid=2432703 pidfd=5] Successfully activated service 'org.a11y.Bus'
dbus-daemon[2432703]: [session uid=1000 pid=2432703 pidfd=5] Activating service name='org.gtk.vfs.Daemon' requested by ':1.3' (uid=1000 pid=2432753 comm="/usr/lib/x86_64-linux-gnu/../../lib/x86_64-linux-g" label="unconfined")
dbus-daemon[2432703]: [session uid=1000 pid=2432703 pidfd=5] Successfully activated service 'org.gtk.vfs.Daemon'
dbus-daemon[2432744]: Activating service name='org.a11y.atspi.Registry' requested by ':1.0' (uid=1000 pid=2432725 comm="/usr/bin/python3 /usr/bin/orca --version" label="unconfined")
dbus-daemon[2432744]: Successfully activated service 'org.a11y.atspi.Registry'
SpiRegistry daemon is running with well-known name - org.a11y.atspi.Registry
A11Y Orca version 50.1.2, AT-SPI2 version: 2.60.0, Session: x11 gnome
A11Y isolated X11/Xvfb viewport 32x10
dbus-daemon[2432703]: [session uid=1000 pid=2432703 pidfd=5] Activating service name='ca.desrt.dconf' requested by ':1.7' (uid=1000 pid=2433311 comm="/usr/bin/python3 /usr/bin/orca --debug-file /tmp/r" label="unconfined")
dbus-daemon[2432703]: [session uid=1000 pid=2432703 pidfd=5] Successfully activated service 'ca.desrt.dconf'
dbus-daemon[2432703]: [session uid=1000 pid=2432703 pidfd=5] Activating service name='org.gnome.Terminal' requested by ':1.9' (uid=1000 pid=2433439 comm="gnome-terminal --display=:1 --geometry=32x10 --wai" label="unconfined")
dbus-daemon[2432703]: [session uid=1000 pid=2432703 pidfd=5] Activating service name='org.freedesktop.portal.Desktop' requested by ':1.10' (uid=1000 pid=2433448 comm="/usr/libexec/gnome-terminal-server" label="unconfined")
dbus-daemon[2432703]: [session uid=1000 pid=2432703 pidfd=5] Activating service name='org.freedesktop.impl.portal.PermissionStore' requested by ':1.11' (uid=1000 pid=2433458 comm="/usr/libexec/xdg-desktop-portal" label="unconfined")
dbus-daemon[2432703]: [session uid=1000 pid=2432703 pidfd=5] Successfully activated service 'org.freedesktop.impl.portal.PermissionStore'
dbus-daemon[2432703]: [session uid=1000 pid=2432703 pidfd=5] Activating service name='org.freedesktop.portal.Documents' requested by ':1.11' (uid=1000 pid=2433458 comm="/usr/libexec/xdg-desktop-portal" label="unconfined")
dbus-daemon[2432703]: [session uid=1000 pid=2432703 pidfd=5] Successfully activated service 'org.freedesktop.portal.Documents'

(/usr/libexec/xdg-desktop-portal:2433458): xdg-desktop-portal-WARNING **: 08:57:00.707: Choosing gnome.portal for org.freedesktop.impl.portal.Lockdown via the deprecated UseIn key

(/usr/libexec/xdg-desktop-portal:2433458): xdg-desktop-portal-WARNING **: 08:57:00.707: The preferred method to match portal implementations to desktop environments is to use the portals.conf(5) configuration file
dbus-daemon[2432703]: [session uid=1000 pid=2432703 pidfd=5] Activating service name='org.freedesktop.impl.portal.desktop.gnome' requested by ':1.11' (uid=1000 pid=2433458 comm="/usr/libexec/xdg-desktop-portal" label="unconfined")
libEGL warning: DRI3 error: Could not get DRI3 device
libEGL warning: Ensure your X server supports DRI3 to get accelerated rendering
dbus-daemon[2432703]: [session uid=1000 pid=2432703 pidfd=5] Successfully activated service 'org.freedesktop.impl.portal.desktop.gnome'

(/usr/libexec/xdg-desktop-portal:2433458): xdg-desktop-portal-WARNING **: 08:57:00.849: Choosing gnome.portal for org.freedesktop.impl.portal.Access via the deprecated UseIn key

(/usr/libexec/xdg-desktop-portal:2433458): xdg-desktop-portal-WARNING **: 08:57:00.857: Choosing gnome.portal for org.freedesktop.impl.portal.Settings via the deprecated UseIn key

(/usr/libexec/xdg-desktop-portal:2433458): xdg-desktop-portal-WARNING **: 08:57:00.857: Choosing gtk.portal for org.freedesktop.impl.portal.Settings via the deprecated UseIn key
dbus-daemon[2432703]: [session uid=1000 pid=2432703 pidfd=5] Activating service name='org.freedesktop.impl.portal.desktop.gtk' requested by ':1.11' (uid=1000 pid=2433458 comm="/usr/libexec/xdg-desktop-portal" label="unconfined")
dbus-daemon[2432703]: [session uid=1000 pid=2432703 pidfd=5] Successfully activated service 'org.freedesktop.impl.portal.desktop.gtk'

(/usr/libexec/xdg-desktop-portal:2433458): xdg-desktop-portal-WARNING **: 08:57:00.876: Choosing gnome.portal for org.freedesktop.impl.portal.FileChooser via the deprecated UseIn key

(/usr/libexec/xdg-desktop-portal:2433458): xdg-desktop-portal-WARNING **: 08:57:00.876: Choosing gnome.portal for org.freedesktop.impl.portal.AppChooser via the deprecated UseIn key

(/usr/libexec/xdg-desktop-portal:2433458): xdg-desktop-portal-WARNING **: 08:57:00.876: Choosing gnome.portal for org.freedesktop.impl.portal.Print via the deprecated UseIn key

(/usr/libexec/xdg-desktop-portal:2433458): xdg-desktop-portal-WARNING **: 08:57:00.877: Choosing gnome.portal for org.freedesktop.impl.portal.Notification via the deprecated UseIn key

(/usr/libexec/xdg-desktop-portal:2433458): xdg-desktop-portal-WARNING **: 08:57:00.877: Choosing gtk.portal for org.freedesktop.impl.portal.Inhibit via the deprecated UseIn key

(/usr/libexec/xdg-desktop-portal:2433458): xdg-desktop-portal-WARNING **: 08:57:00.879: Failed to connect to PipeWire: Couldn't connect to PipeWire

(/usr/libexec/xdg-desktop-portal:2433458): xdg-desktop-portal-WARNING **: 08:57:00.879: Choosing gnome.portal for org.freedesktop.impl.portal.Screenshot via the deprecated UseIn key

(/usr/libexec/xdg-desktop-portal:2433458): xdg-desktop-portal-WARNING **: 08:57:00.880: Choosing gnome.portal for org.freedesktop.impl.portal.Background via the deprecated UseIn key

(/usr/libexec/xdg-desktop-portal:2433458): xdg-desktop-portal-WARNING **: 08:57:00.880: Choosing gnome.portal for org.freedesktop.impl.portal.Wallpaper via the deprecated UseIn key

(/usr/libexec/xdg-desktop-portal:2433458): xdg-desktop-portal-WARNING **: 08:57:00.880: Choosing gnome.portal for org.freedesktop.impl.portal.Account via the deprecated UseIn key

(/usr/libexec/xdg-desktop-portal:2433458): xdg-desktop-portal-WARNING **: 08:57:00.880: Choosing gtk.portal for org.freedesktop.impl.portal.Email via the deprecated UseIn key

(/usr/libexec/xdg-desktop-portal:2433458): xdg-desktop-portal-WARNING **: 08:57:00.881: Choosing gnome-keyring.portal for org.freedesktop.impl.portal.Secret via the deprecated UseIn key

(/usr/libexec/xdg-desktop-portal:2433458): xdg-desktop-portal-WARNING **: 08:57:00.881: Choosing gnome.portal for org.freedesktop.impl.portal.GlobalShortcuts via the deprecated UseIn key
dbus-daemon[2432703]: [session uid=1000 pid=2432703 pidfd=5] Activating service name='org.freedesktop.secrets' requested by ':1.11' (uid=1000 pid=2433458 comm="/usr/libexec/xdg-desktop-portal" label="unconfined")

(/usr/libexec/xdg-desktop-portal:2433458): xdg-desktop-portal-WARNING **: 08:57:00.881: Choosing gnome.portal for org.freedesktop.impl.portal.DynamicLauncher via the deprecated UseIn key

(/usr/libexec/xdg-desktop-portal:2433458): xdg-desktop-portal-WARNING **: 08:57:00.882: Choosing gnome.portal for org.freedesktop.impl.portal.ScreenCast via the deprecated UseIn key

(/usr/libexec/xdg-desktop-portal:2433458): xdg-desktop-portal-WARNING **: 08:57:00.883: Choosing gnome.portal for org.freedesktop.impl.portal.RemoteDesktop via the deprecated UseIn key

(/usr/libexec/xdg-desktop-portal:2433458): xdg-desktop-portal-WARNING **: 08:57:00.883: Choosing gnome.portal for org.freedesktop.impl.portal.Clipboard via the deprecated UseIn key

(/usr/libexec/xdg-desktop-portal:2433458): xdg-desktop-portal-WARNING **: 08:57:00.883: Choosing gnome.portal for org.freedesktop.impl.portal.InputCapture via the deprecated UseIn key

(/usr/libexec/xdg-desktop-portal:2433458): xdg-desktop-portal-WARNING **: 08:57:00.883: Choosing gnome.portal for org.freedesktop.impl.portal.Usb via the deprecated UseIn key
** Message: 08:57:00.885: couldn't access control socket: /tmp/rtui-orca-yxhdcn3s/runtime/keyring/control: No such file or directory
discover_other_daemon: 0dbus-daemon[2432703]: [session uid=1000 pid=2432703 pidfd=5] Successfully activated service 'org.freedesktop.secrets'
dbus-daemon[2432703]: [session uid=1000 pid=2432703 pidfd=5] Successfully activated service 'org.freedesktop.portal.Desktop'
dbus-daemon[2432703]: [session uid=1000 pid=2432703 pidfd=5] Successfully activated service 'org.gnome.Terminal'
dbus-daemon[2432703]: [session uid=1000 pid=2432703 pidfd=5] Activating service name='org.gtk.vfs.Metadata' requested by ':1.10' (uid=1000 pid=2433448 comm="/usr/libexec/gnome-terminal-server" label="unconfined")
dbus-daemon[2432703]: [session uid=1000 pid=2432703 pidfd=5] Successfully activated service 'org.gtk.vfs.Metadata'

(process:2432704): dbind-WARNING **: 08:57:01.141: AT-SPI: AddAccessible with unknown signature (so)(so)(so)iiassusau


(process:2432704): dbind-WARNING **: 08:57:01.141: AT-SPI: AddAccessible with unknown signature (so)(so)(so)iiassusau


(process:2432704): dbind-WARNING **: 08:57:01.141: AT-SPI: AddAccessible with unknown signature (so)(so)(so)iiassusau


(process:2432704): dbind-WARNING **: 08:57:01.141: AT-SPI: AddAccessible with unknown signature (so)(so)(so)iiassusau


(process:2432704): dbind-WARNING **: 08:57:01.141: AT-SPI: AddAccessible with unknown signature (so)(so)(so)iiassusau


(process:2432704): dbind-WARNING **: 08:57:01.141: AT-SPI: AddAccessible with unknown signature (so)(so)(so)iiassusau


(process:2432704): dbind-WARNING **: 08:57:01.141: AT-SPI: AddAccessible with unknown signature (so)(so)(so)iiassusau


(process:2432704): dbind-WARNING **: 08:57:01.141: AT-SPI: AddAccessible with unknown signature (so)(so)(so)iiassusau


(process:2432704): dbind-WARNING **: 08:57:01.141: AT-SPI: AddAccessible with unknown signature (so)(so)(so)iiassusau


(process:2432704): dbind-WARNING **: 08:57:01.141: AT-SPI: AddAccessible with unknown signature (so)(so)(so)iiassusau


(process:2432704): dbind-WARNING **: 08:57:01.207: AT-SPI: AddAccessible with unknown signature (so)(so)(so)iiassusau


(process:2432704): dbind-WARNING **: 08:57:01.207: AT-SPI: Unknown signature so for RemoveAccessible

(process:2432704): dbind-WARNING **: 08:57:01.207: AT-SPI: Unknown signature so for RemoveAccessible

(process:2432704): dbind-WARNING **: 08:57:01.207: AT-SPI: Unknown signature so for RemoveAccessible

(process:2432704): dbind-WARNING **: 08:57:01.211: AT-SPI: AddAccessible with unknown signature (so)(so)(so)iiassusau


(process:2432704): dbind-WARNING **: 08:57:01.211: AT-SPI: AddAccessible with unknown signature (so)(so)(so)iiassusau


(process:2432704): dbind-WARNING **: 08:57:01.211: AT-SPI: AddAccessible with unknown signature (so)(so)(so)iiassusau


(process:2432704): dbind-WARNING **: 08:57:01.211: AT-SPI: AddAccessible with unknown signature (so)(so)(so)iiassusau


(process:2432704): dbind-WARNING **: 08:57:01.211: AT-SPI: AddAccessible with unknown signature (so)(so)(so)iiassusau


(process:2432704): dbind-WARNING **: 08:57:01.211: AT-SPI: AddAccessible with unknown signature (so)(so)(so)iiassusau


(process:2432704): dbind-WARNING **: 08:57:01.211: AT-SPI: AddAccessible with unknown signature (so)(so)(so)iiassusau

A11Y table: roles, labels, keyboard selection and disabled skipping announced

(process:2432704): dbind-WARNING **: 08:57:01.578: AT-SPI: AddAccessible with unknown signature (so)(so)(so)iiassusau


(process:2432704): dbind-WARNING **: 08:57:01.578: AT-SPI: AddAccessible with unknown signature (so)(so)(so)iiassusau


(process:2432704): dbind-WARNING **: 08:57:01.578: AT-SPI: AddAccessible with unknown signature (so)(so)(so)iiassusau


(process:2432704): dbind-WARNING **: 08:57:01.578: AT-SPI: AddAccessible with unknown signature (so)(so)(so)iiassusau


(process:2432704): dbind-WARNING **: 08:57:01.578: AT-SPI: AddAccessible with unknown signature (so)(so)(so)iiassusau


(process:2432704): dbind-WARNING **: 08:57:01.578: AT-SPI: AddAccessible with unknown signature (so)(so)(so)iiassusau


(process:2432704): dbind-WARNING **: 08:57:01.578: AT-SPI: AddAccessible with unknown signature (so)(so)(so)iiassusau


(process:2432704): dbind-WARNING **: 08:57:01.578: AT-SPI: AddAccessible with unknown signature (so)(so)(so)iiassusau


(process:2432704): dbind-WARNING **: 08:57:01.578: AT-SPI: Unknown signature so for RemoveAccessible

(process:2432704): dbind-WARNING **: 08:57:01.578: AT-SPI: Unknown signature so for RemoveAccessible

(process:2432704): dbind-WARNING **: 08:57:01.578: AT-SPI: Unknown signature so for RemoveAccessible

(process:2432704): dbind-WARNING **: 08:57:01.578: AT-SPI: Unknown signature so for RemoveAccessible

(process:2432704): dbind-WARNING **: 08:57:01.578: AT-SPI: Unknown signature so for RemoveAccessible

(process:2432704): dbind-WARNING **: 08:57:01.578: AT-SPI: Unknown signature so for RemoveAccessible

(process:2432704): dbind-WARNING **: 08:57:01.578: AT-SPI: Unknown signature so for RemoveAccessible

(process:2432704): dbind-WARNING **: 08:57:01.578: AT-SPI: Unknown signature so for RemoveAccessible

(process:2432704): dbind-WARNING **: 08:57:01.608: AT-SPI: AddAccessible with unknown signature (so)(so)(so)iiassusau


(process:2432704): dbind-WARNING **: 08:57:01.608: AT-SPI: AddAccessible with unknown signature (so)(so)(so)iiassusau


(process:2432704): dbind-WARNING **: 08:57:01.608: AT-SPI: AddAccessible with unknown signature (so)(so)(so)iiassusau


(process:2432704): dbind-WARNING **: 08:57:01.608: AT-SPI: AddAccessible with unknown signature (so)(so)(so)iiassusau


(process:2432704): dbind-WARNING **: 08:57:01.608: AT-SPI: AddAccessible with unknown signature (so)(so)(so)iiassusau


(process:2432704): dbind-WARNING **: 08:57:01.643: AT-SPI: AddAccessible with unknown signature (so)(so)(so)iiassusau

/home/shawn/workspace2/reactive-tui/tests/api_widget_behavior/orca.py:240: DeprecationWarning: Atspi.Action.get_action_name is deprecated
  assert action.get_action_name(0) == "click"

(process:2432704): dbind-WARNING **: 08:57:01.700: AT-SPI: AddAccessible with unknown signature (so)(so)(so)iiassusau


(process:2432704): dbind-WARNING **: 08:57:01.700: AT-SPI: AddAccessible with unknown signature (so)(so)(so)iiassusau


(process:2432704): dbind-WARNING **: 08:57:01.700: AT-SPI: Unknown signature so for RemoveAccessible

(process:2432704): dbind-WARNING **: 08:57:01.700: AT-SPI: Unknown signature so for RemoveAccessible

(process:2432704): dbind-WARNING **: 08:57:01.700: AT-SPI: Unknown signature so for RemoveAccessible

(process:2432704): dbind-WARNING **: 08:57:01.700: AT-SPI: Unknown signature so for RemoveAccessible

(process:2432704): dbind-WARNING **: 08:57:01.700: AT-SPI: Unknown signature so for RemoveAccessible

(process:2432704): dbind-WARNING **: 08:57:01.847: AT-SPI: AddAccessible with unknown signature (so)(so)(so)iiassusau


(process:2432704): dbind-WARNING **: 08:57:01.885: AT-SPI: AddAccessible with unknown signature (so)(so)(so)iiassusau


(process:2432704): dbind-WARNING **: 08:57:01.885: AT-SPI: AddAccessible with unknown signature (so)(so)(so)iiassusau


(process:2432704): dbind-WARNING **: 08:57:01.885: AT-SPI: Unknown signature so for RemoveAccessible

(process:2432704): dbind-WARNING **: 08:57:01.885: AT-SPI: Unknown signature so for RemoveAccessible

(process:2432704): dbind-WARNING **: 08:57:01.885: AT-SPI: Unknown signature so for RemoveAccessible

(process:2432704): dbind-WARNING **: 08:57:01.931: AT-SPI: Unknown signature so for RemoveAccessible

(process:2432704): dbind-WARNING **: 08:57:01.931: AT-SPI: Unknown signature so for RemoveAccessible
A11Y DataTable: search entry, paging actions, disabled controls, filtered and paged cell focus announced

(process:2432704): dbind-WARNING **: 08:57:02.076: AT-SPI: AddAccessible with unknown signature (so)(so)(so)iiassusau


(process:2432704): dbind-WARNING **: 08:57:02.076: AT-SPI: AddAccessible with unknown signature (so)(so)(so)iiassusau


(process:2432704): dbind-WARNING **: 08:57:02.076: AT-SPI: AddAccessible with unknown signature (so)(so)(so)iiassusau

A11Y data controls: reader delivery and adapter removal passed
A connection to the bus can't be made
