{"started": "raw-receiver-idle", "pid": 869046}
{"case": "raw-receiver-idle", "pid": 869046, "exit": 0, "timeout": false, "reaped": true}
{"started": "parsed-receiver-idle", "pid": 869049}
{"case": "parsed-receiver-idle", "pid": 869049, "exit": 0, "timeout": false, "reaped": true}
{"started": "reused-descriptor", "pid": 869171}
{"case": "reused-descriptor", "pid": 869171, "exit": 0, "timeout": false, "reaped": true}
{"started": "raw-receiver-active", "pid": 869174}
{"case": "raw-receiver-active", "pid": 869174, "exit": 0, "timeout": false, "reaped": true}
{"started": "raw-receiver-full", "pid": 869177}
{"case": "raw-receiver-full", "pid": 869177, "exit": 0, "timeout": false, "reaped": true}
{"started": "raw-session-full", "pid": 869282}
{"case": "raw-session-full", "pid": 869282, "exit": 0, "timeout": false, "reaped": true}
{"started": "raw-session-idle", "pid": 869368}
{"case": "raw-session-idle", "pid": 869368, "exit": 0, "timeout": false, "reaped": true}
{"started": "parsed-receiver-full", "pid": 869371}
{"case": "parsed-receiver-full", "pid": 869371, "exit": 0, "timeout": false, "reaped": true}
{"started": "parsed-session-full", "pid": 869513}
{"case": "parsed-session-full", "pid": 869513, "exit": 0, "timeout": false, "reaped": true}
{"started": "parsed-session-idle", "pid": 869671}
{"case": "parsed-session-idle", "pid": 869671, "exit": 0, "timeout": false, "reaped": true}
{"started": "clone-owner", "pid": 869762}
{"case": "clone-owner", "pid": 869762, "exit": 0, "timeout": false, "reaped": true}
{"started": "independent-streams", "pid": 869765}
{"case": "independent-streams", "pid": 869765, "exit": 0, "timeout": false, "reaped": true}
{"started": "owned-iterator", "pid": 869769}
{"case": "owned-iterator", "pid": 869769, "exit": 0, "timeout": false, "reaped": true}
{"started": "concurrent-drop", "pid": 869772}
{"case": "concurrent-drop", "pid": 869772, "exit": 0, "timeout": false, "reaped": true}
