DQC-004 compiled test targets:
- advanced_table_test
- alignment_strict_tests
- alignment_utility_tests
- animations_integration
- api_animation_screens
- api_clipboard
- api_component_expansion
- api_dialog_lifecycle
- api_documentation_contract
- api_editor_unicode
- api_event_routing
- api_feature_configurations
- api_focus
- api_gesture_coordinates
- api_hook_lifecycle
- api_hook_state
- api_local_hooks
- api_mouse_hook_routing
- api_paint_properties
- api_performance_context
- api_props_contract
- api_residual_refs
- api_signal_ownership
- api_styling
- api_updater
- api_widget_behavior
- app_wakeups
- arithmetic_boundaries
- automatic_memory_management_tests
- charts_test
- clipboard_platform
- color_more_shades_tests
- color_shades_tests
- color_utility_tests
- component_macro_integration
- component_macro_test
- component_tests
- css_animation_integration_test
- css_in_rust_simple_test
- debug_animate_none
- dqc_003_captured_diagnostics
- element_bridge_tests
- embedded_terminal
- ffi_app_representation
- ffi_basic_test
- ffi_export_inventory
- ffi_tests
- full_pipeline_integration
- layout_paint_tests
- mouse_hooks_test
- opacity_tests
- performance_monitoring_test
- pre_release_terminal_helper_lifecycle
- pre_release_terminal_input_safety
- production_readiness_test
- property_tests
- props_derive_test
- registry_cache_isolation
- registry_concurrency
- render_ops_snapshots
- screen_system_tests
- simple_css_animation_test
- simple_performance_test
- simple_props_test
- suprtui_renderer
- surface_integration
- syntax_highlighting_integration
- test_absolute_debug
- test_absolute_paint
- test_animation_api
- test_app_layout
- test_ffi_core_only
- test_ffi_integration
- test_ffi_reactive_seamless
- test_flex_layout
- test_minimal_ffi
- tokio_event_loop_lifecycle
- utility_paint_tests
- windows_platform
- z_index_tests
DQC-004 reachable FFI modules and exports:
- src/ffi/animation.rs
- src/ffi/app.rs
- src/ffi/builder.rs
- src/ffi/component.rs
- src/ffi/controller.rs
- src/ffi/dialog.rs
- src/ffi/dialog/options.rs
- src/ffi/editor.rs
- src/ffi/error.rs
- src/ffi/foreign.rs
- src/ffi/foreign/input.rs
- src/ffi/layout.rs
- src/ffi/lib.rs
- src/ffi/mod.rs
- src/ffi/pointer.rs
- src/ffi/reactive.rs
- src/ffi/render.rs
- src/ffi/stats.rs
- src/ffi/surface.rs
- src/ffi/terminal.rs
- src/ffi/terminal_legacy.rs
- src/ffi/text.rs
- src/ffi/types.rs
- src/ffi/widgets.rs
DQC-004 audited hooks: none unsafe in shipped code
DQC-004 mutation results:
- utility_paint_tests::parse_px_accepts_px_suffix_and_raw: original passed; assertion mutant failed
- production_readiness_test::test_effect_cleanup: original passed; assertion mutant failed
DQC-004 passed: test targets, FFI reachability, hooks, and observable assertions are sound.
