A11Y # GNOME Terminal 3.58.0 using VTE 0.84.0 +BIDI +GNUTLS +ICU +SYSTEMD
dbus-daemon[2480855]: [session uid=1000 pid=2480855 pidfd=5] Activating service name='org.a11y.Bus' requested by ':1.0' (uid=1000 pid=2480869 comm="/usr/bin/python3 /usr/bin/orca --version" label="unconfined")
dbus-daemon[2480855]: [session uid=1000 pid=2480855 pidfd=5] Successfully activated service 'org.a11y.Bus'
dbus-daemon[2480855]: [session uid=1000 pid=2480855 pidfd=5] Activating service name='org.gtk.vfs.Daemon' requested by ':1.3' (uid=1000 pid=2480924 comm="/usr/lib/x86_64-linux-gnu/../../lib/x86_64-linux-g" label="unconfined")
dbus-daemon[2480855]: [session uid=1000 pid=2480855 pidfd=5] Successfully activated service 'org.gtk.vfs.Daemon'
dbus-daemon[2480913]: Activating service name='org.a11y.atspi.Registry' requested by ':1.0' (uid=1000 pid=2480869 comm="/usr/bin/python3 /usr/bin/orca --version" label="unconfined")
dbus-daemon[2480913]: Successfully activated service 'org.a11y.atspi.Registry'
SpiRegistry daemon is running with well-known name - org.a11y.atspi.Registry
A11Y Orca version 50.1.2, AT-SPI2 version: 2.60.0, Session: x11 gnome
A11Y isolated X11/Xvfb viewport 32x10
dbus-daemon[2480855]: [session uid=1000 pid=2480855 pidfd=5] Activating service name='ca.desrt.dconf' requested by ':1.7' (uid=1000 pid=2481505 comm="/usr/bin/python3 /usr/bin/orca --debug-file /tmp/r" label="unconfined")
dbus-daemon[2480855]: [session uid=1000 pid=2480855 pidfd=5] Successfully activated service 'ca.desrt.dconf'
dbus-daemon[2480855]: [session uid=1000 pid=2480855 pidfd=5] Activating service name='org.gnome.Terminal' requested by ':1.9' (uid=1000 pid=2481713 comm="gnome-terminal --display=:1 --geometry=32x10 --wai" label="unconfined")
dbus-daemon[2480855]: [session uid=1000 pid=2480855 pidfd=5] Activating service name='org.freedesktop.portal.Desktop' requested by ':1.10' (uid=1000 pid=2481729 comm="/usr/libexec/gnome-terminal-server" label="unconfined")
dbus-daemon[2480855]: [session uid=1000 pid=2480855 pidfd=5] Activating service name='org.freedesktop.impl.portal.PermissionStore' requested by ':1.11' (uid=1000 pid=2481755 comm="/usr/libexec/xdg-desktop-portal" label="unconfined")
dbus-daemon[2480855]: [session uid=1000 pid=2480855 pidfd=5] Successfully activated service 'org.freedesktop.impl.portal.PermissionStore'
dbus-daemon[2480855]: [session uid=1000 pid=2480855 pidfd=5] Activating service name='org.freedesktop.portal.Documents' requested by ':1.11' (uid=1000 pid=2481755 comm="/usr/libexec/xdg-desktop-portal" label="unconfined")
dbus-daemon[2480855]: [session uid=1000 pid=2480855 pidfd=5] Successfully activated service 'org.freedesktop.portal.Documents'

(/usr/libexec/xdg-desktop-portal:2481755): xdg-desktop-portal-WARNING **: 08:59:41.058: Choosing gnome.portal for org.freedesktop.impl.portal.Lockdown via the deprecated UseIn key

(/usr/libexec/xdg-desktop-portal:2481755): xdg-desktop-portal-WARNING **: 08:59:41.058: The preferred method to match portal implementations to desktop environments is to use the portals.conf(5) configuration file
dbus-daemon[2480855]: [session uid=1000 pid=2480855 pidfd=5] Activating service name='org.freedesktop.impl.portal.desktop.gnome' requested by ':1.11' (uid=1000 pid=2481755 comm="/usr/libexec/xdg-desktop-portal" label="unconfined")
libEGL warning: DRI3 error: Could not get DRI3 device
libEGL warning: Ensure your X server supports DRI3 to get accelerated rendering
dbus-daemon[2480855]: [session uid=1000 pid=2480855 pidfd=5] Successfully activated service 'org.freedesktop.impl.portal.desktop.gnome'

(/usr/libexec/xdg-desktop-portal:2481755): xdg-desktop-portal-WARNING **: 08:59:41.163: Choosing gnome.portal for org.freedesktop.impl.portal.Access via the deprecated UseIn key

(/usr/libexec/xdg-desktop-portal:2481755): xdg-desktop-portal-WARNING **: 08:59:41.168: Choosing gnome.portal for org.freedesktop.impl.portal.Settings via the deprecated UseIn key

(/usr/libexec/xdg-desktop-portal:2481755): xdg-desktop-portal-WARNING **: 08:59:41.169: Choosing gtk.portal for org.freedesktop.impl.portal.Settings via the deprecated UseIn key
dbus-daemon[2480855]: [session uid=1000 pid=2480855 pidfd=5] Activating service name='org.freedesktop.impl.portal.desktop.gtk' requested by ':1.11' (uid=1000 pid=2481755 comm="/usr/libexec/xdg-desktop-portal" label="unconfined")
dbus-daemon[2480855]: [session uid=1000 pid=2480855 pidfd=5] Successfully activated service 'org.freedesktop.impl.portal.desktop.gtk'

(/usr/libexec/xdg-desktop-portal:2481755): xdg-desktop-portal-WARNING **: 08:59:41.187: Choosing gnome.portal for org.freedesktop.impl.portal.FileChooser via the deprecated UseIn key

(/usr/libexec/xdg-desktop-portal:2481755): xdg-desktop-portal-WARNING **: 08:59:41.187: Choosing gnome.portal for org.freedesktop.impl.portal.AppChooser via the deprecated UseIn key

(/usr/libexec/xdg-desktop-portal:2481755): xdg-desktop-portal-WARNING **: 08:59:41.187: Choosing gnome.portal for org.freedesktop.impl.portal.Print via the deprecated UseIn key

(/usr/libexec/xdg-desktop-portal:2481755): xdg-desktop-portal-WARNING **: 08:59:41.188: Choosing gnome.portal for org.freedesktop.impl.portal.Notification via the deprecated UseIn key

(/usr/libexec/xdg-desktop-portal:2481755): xdg-desktop-portal-WARNING **: 08:59:41.188: Choosing gtk.portal for org.freedesktop.impl.portal.Inhibit via the deprecated UseIn key

(/usr/libexec/xdg-desktop-portal:2481755): xdg-desktop-portal-WARNING **: 08:59:41.189: Failed to connect to PipeWire: Couldn't connect to PipeWire

(/usr/libexec/xdg-desktop-portal:2481755): xdg-desktop-portal-WARNING **: 08:59:41.189: Choosing gnome.portal for org.freedesktop.impl.portal.Screenshot via the deprecated UseIn key

(/usr/libexec/xdg-desktop-portal:2481755): xdg-desktop-portal-WARNING **: 08:59:41.189: Choosing gnome.portal for org.freedesktop.impl.portal.Background via the deprecated UseIn key

(/usr/libexec/xdg-desktop-portal:2481755): xdg-desktop-portal-WARNING **: 08:59:41.190: Choosing gnome.portal for org.freedesktop.impl.portal.Wallpaper via the deprecated UseIn key

(/usr/libexec/xdg-desktop-portal:2481755): xdg-desktop-portal-WARNING **: 08:59:41.190: Choosing gnome.portal for org.freedesktop.impl.portal.Account via the deprecated UseIn key

(/usr/libexec/xdg-desktop-portal:2481755): xdg-desktop-portal-WARNING **: 08:59:41.190: Choosing gtk.portal for org.freedesktop.impl.portal.Email via the deprecated UseIn key

(/usr/libexec/xdg-desktop-portal:2481755): xdg-desktop-portal-WARNING **: 08:59:41.191: Choosing gnome-keyring.portal for org.freedesktop.impl.portal.Secret via the deprecated UseIn key

(/usr/libexec/xdg-desktop-portal:2481755): xdg-desktop-portal-WARNING **: 08:59:41.191: Choosing gnome.portal for org.freedesktop.impl.portal.GlobalShortcuts via the deprecated UseIn key
dbus-daemon[2480855]: [session uid=1000 pid=2480855 pidfd=5] Activating service name='org.freedesktop.secrets' requested by ':1.11' (uid=1000 pid=2481755 comm="/usr/libexec/xdg-desktop-portal" label="unconfined")

(/usr/libexec/xdg-desktop-portal:2481755): xdg-desktop-portal-WARNING **: 08:59:41.191: Choosing gnome.portal for org.freedesktop.impl.portal.DynamicLauncher via the deprecated UseIn key

(/usr/libexec/xdg-desktop-portal:2481755): xdg-desktop-portal-WARNING **: 08:59:41.191: Choosing gnome.portal for org.freedesktop.impl.portal.ScreenCast via the deprecated UseIn key

(/usr/libexec/xdg-desktop-portal:2481755): xdg-desktop-portal-WARNING **: 08:59:41.192: Choosing gnome.portal for org.freedesktop.impl.portal.RemoteDesktop via the deprecated UseIn key

(/usr/libexec/xdg-desktop-portal:2481755): xdg-desktop-portal-WARNING **: 08:59:41.192: Choosing gnome.portal for org.freedesktop.impl.portal.Clipboard via the deprecated UseIn key

(/usr/libexec/xdg-desktop-portal:2481755): xdg-desktop-portal-WARNING **: 08:59:41.192: Choosing gnome.portal for org.freedesktop.impl.portal.InputCapture via the deprecated UseIn key

(/usr/libexec/xdg-desktop-portal:2481755): xdg-desktop-portal-WARNING **: 08:59:41.192: Choosing gnome.portal for org.freedesktop.impl.portal.Usb via the deprecated UseIn key
** Message: 08:59:41.193: couldn't access control socket: /tmp/rtui-orca-revu4c0k/runtime/keyring/control: No such file or directory
discover_other_daemon: 0dbus-daemon[2480855]: [session uid=1000 pid=2480855 pidfd=5] Successfully activated service 'org.freedesktop.secrets'
dbus-daemon[2480855]: [session uid=1000 pid=2480855 pidfd=5] Successfully activated service 'org.freedesktop.portal.Desktop'
dbus-daemon[2480855]: [session uid=1000 pid=2480855 pidfd=5] Successfully activated service 'org.gnome.Terminal'
dbus-daemon[2480855]: [session uid=1000 pid=2480855 pidfd=5] Activating service name='org.gtk.vfs.Metadata' requested by ':1.10' (uid=1000 pid=2481729 comm="/usr/libexec/gnome-terminal-server" label="unconfined")
dbus-daemon[2480855]: [session uid=1000 pid=2480855 pidfd=5] Successfully activated service 'org.gtk.vfs.Metadata'

(process:2480856): dbind-WARNING **: 08:59:41.470: AT-SPI: AddAccessible with unknown signature (so)(so)(so)iiassusau


(process:2480856): dbind-WARNING **: 08:59:41.470: AT-SPI: Unknown signature so for RemoveAccessible

(process:2480856): dbind-WARNING **: 08:59:41.470: AT-SPI: Unknown signature so for RemoveAccessible

(process:2480856): dbind-WARNING **: 08:59:41.470: AT-SPI: Unknown signature so for RemoveAccessible

(process:2480856): dbind-WARNING **: 08:59:41.470: AT-SPI: AddAccessible with unknown signature (so)(so)(so)iiassusau


(process:2480856): dbind-WARNING **: 08:59:41.470: AT-SPI: AddAccessible with unknown signature (so)(so)(so)iiassusau


(process:2480856): dbind-WARNING **: 08:59:41.470: AT-SPI: AddAccessible with unknown signature (so)(so)(so)iiassusau


(process:2480856): dbind-WARNING **: 08:59:41.470: AT-SPI: AddAccessible with unknown signature (so)(so)(so)iiassusau


(process:2480856): dbind-WARNING **: 08:59:41.470: AT-SPI: AddAccessible with unknown signature (so)(so)(so)iiassusau


(process:2480856): dbind-WARNING **: 08:59:41.470: AT-SPI: AddAccessible with unknown signature (so)(so)(so)iiassusau


(process:2480856): dbind-WARNING **: 08:59:41.470: AT-SPI: AddAccessible with unknown signature (so)(so)(so)iiassusau

A11Y table: roles, labels, keyboard selection and disabled skipping announced

(process:2480856): dbind-WARNING **: 08:59:41.807: AT-SPI: AddAccessible with unknown signature (so)(so)(so)iiassusau


(process:2480856): dbind-WARNING **: 08:59:41.807: AT-SPI: AddAccessible with unknown signature (so)(so)(so)iiassusau


(process:2480856): dbind-WARNING **: 08:59:41.807: AT-SPI: AddAccessible with unknown signature (so)(so)(so)iiassusau


(process:2480856): dbind-WARNING **: 08:59:41.807: AT-SPI: AddAccessible with unknown signature (so)(so)(so)iiassusau


(process:2480856): dbind-WARNING **: 08:59:41.807: AT-SPI: AddAccessible with unknown signature (so)(so)(so)iiassusau


(process:2480856): dbind-WARNING **: 08:59:41.807: AT-SPI: AddAccessible with unknown signature (so)(so)(so)iiassusau


(process:2480856): dbind-WARNING **: 08:59:41.807: AT-SPI: AddAccessible with unknown signature (so)(so)(so)iiassusau


(process:2480856): dbind-WARNING **: 08:59:41.807: AT-SPI: AddAccessible with unknown signature (so)(so)(so)iiassusau


(process:2480856): dbind-WARNING **: 08:59:41.807: AT-SPI: Unknown signature so for RemoveAccessible

(process:2480856): dbind-WARNING **: 08:59:41.807: AT-SPI: Unknown signature so for RemoveAccessible

(process:2480856): dbind-WARNING **: 08:59:41.807: AT-SPI: Unknown signature so for RemoveAccessible

(process:2480856): dbind-WARNING **: 08:59:41.807: AT-SPI: Unknown signature so for RemoveAccessible

(process:2480856): dbind-WARNING **: 08:59:41.807: AT-SPI: Unknown signature so for RemoveAccessible

(process:2480856): dbind-WARNING **: 08:59:41.807: AT-SPI: Unknown signature so for RemoveAccessible

(process:2480856): dbind-WARNING **: 08:59:41.807: AT-SPI: Unknown signature so for RemoveAccessible

(process:2480856): dbind-WARNING **: 08:59:41.807: AT-SPI: Unknown signature so for RemoveAccessible

(process:2480856): dbind-WARNING **: 08:59:41.807: AT-SPI: AddAccessible with unknown signature (so)(so)(so)iiassusau


(process:2480856): dbind-WARNING **: 08:59:41.807: AT-SPI: AddAccessible with unknown signature (so)(so)(so)iiassusau


(process:2480856): dbind-WARNING **: 08:59:41.807: AT-SPI: AddAccessible with unknown signature (so)(so)(so)iiassusau


(process:2480856): dbind-WARNING **: 08:59:41.807: AT-SPI: AddAccessible with unknown signature (so)(so)(so)iiassusau


(process:2480856): dbind-WARNING **: 08:59:41.807: AT-SPI: AddAccessible with unknown signature (so)(so)(so)iiassusau


(process:2480856): dbind-WARNING **: 08:59:41.841: AT-SPI: AddAccessible with unknown signature (so)(so)(so)iiassusau

/home/shawn/workspace2/reactive-tui/tests/api_widget_behavior/orca.py:240: DeprecationWarning: Atspi.Action.get_action_name is deprecated
  assert action.get_action_name(0) == "click"

(process:2480856): dbind-WARNING **: 08:59:41.896: AT-SPI: AddAccessible with unknown signature (so)(so)(so)iiassusau


(process:2480856): dbind-WARNING **: 08:59:41.896: AT-SPI: AddAccessible with unknown signature (so)(so)(so)iiassusau


(process:2480856): dbind-WARNING **: 08:59:41.896: AT-SPI: Unknown signature so for RemoveAccessible

(process:2480856): dbind-WARNING **: 08:59:41.896: AT-SPI: Unknown signature so for RemoveAccessible

(process:2480856): dbind-WARNING **: 08:59:41.896: AT-SPI: Unknown signature so for RemoveAccessible

(process:2480856): dbind-WARNING **: 08:59:41.896: AT-SPI: Unknown signature so for RemoveAccessible

(process:2480856): dbind-WARNING **: 08:59:41.896: AT-SPI: Unknown signature so for RemoveAccessible

(process:2480856): dbind-WARNING **: 08:59:42.017: AT-SPI: AddAccessible with unknown signature (so)(so)(so)iiassusau


(process:2480856): dbind-WARNING **: 08:59:42.050: AT-SPI: AddAccessible with unknown signature (so)(so)(so)iiassusau


(process:2480856): dbind-WARNING **: 08:59:42.050: AT-SPI: AddAccessible with unknown signature (so)(so)(so)iiassusau


(process:2480856): dbind-WARNING **: 08:59:42.050: AT-SPI: Unknown signature so for RemoveAccessible

(process:2480856): dbind-WARNING **: 08:59:42.050: AT-SPI: Unknown signature so for RemoveAccessible

(process:2480856): dbind-WARNING **: 08:59:42.050: AT-SPI: Unknown signature so for RemoveAccessible

(process:2480856): dbind-WARNING **: 08:59:42.101: AT-SPI: Unknown signature so for RemoveAccessible

(process:2480856): dbind-WARNING **: 08:59:42.101: AT-SPI: Unknown signature so for RemoveAccessible
A11Y DataTable: search entry, paging actions, disabled controls, filtered and paged cell focus announced

(process:2480856): dbind-WARNING **: 08:59:42.335: AT-SPI: AddAccessible with unknown signature (so)(so)(so)iiassusau


(process:2480856): dbind-WARNING **: 08:59:42.335: AT-SPI: AddAccessible with unknown signature (so)(so)(so)iiassusau


(process:2480856): dbind-WARNING **: 08:59:42.335: AT-SPI: AddAccessible with unknown signature (so)(so)(so)iiassusau


(process:2480856): dbind-WARNING **: 08:59:42.335: AT-SPI: AddAccessible with unknown signature (so)(so)(so)iiassusau


(process:2480856): dbind-WARNING **: 08:59:42.335: AT-SPI: AddAccessible with unknown signature (so)(so)(so)iiassusau


(process:2480856): dbind-WARNING **: 08:59:42.335: AT-SPI: AddAccessible with unknown signature (so)(so)(so)iiassusau


(process:2480856): dbind-WARNING **: 08:59:42.335: AT-SPI: AddAccessible with unknown signature (so)(so)(so)iiassusau


(process:2480856): dbind-WARNING **: 08:59:42.335: AT-SPI: AddAccessible with unknown signature (so)(so)(so)iiassusau


(process:2480856): dbind-WARNING **: 08:59:42.335: AT-SPI: AddAccessible with unknown signature (so)(so)(so)iiassusau


(process:2480856): dbind-WARNING **: 08:59:42.335: AT-SPI: AddAccessible with unknown signature (so)(so)(so)iiassusau


(process:2480856): dbind-WARNING **: 08:59:42.335: AT-SPI: Unknown signature so for RemoveAccessible

(process:2480856): dbind-WARNING **: 08:59:42.335: AT-SPI: Unknown signature so for RemoveAccessible

(process:2480856): dbind-WARNING **: 08:59:42.335: AT-SPI: Unknown signature so for RemoveAccessible

(process:2480856): dbind-WARNING **: 08:59:42.335: AT-SPI: Unknown signature so for RemoveAccessible

(process:2480856): dbind-WARNING **: 08:59:42.335: AT-SPI: Unknown signature so for RemoveAccessible

(process:2480856): dbind-WARNING **: 08:59:42.335: AT-SPI: Unknown signature so for RemoveAccessible

(process:2480856): dbind-WARNING **: 08:59:42.335: AT-SPI: Unknown signature so for RemoveAccessible

(process:2480856): dbind-WARNING **: 08:59:42.335: AT-SPI: Unknown signature so for RemoveAccessible

(process:2480856): dbind-WARNING **: 08:59:42.335: AT-SPI: Unknown signature so for RemoveAccessible

(process:2480856): dbind-WARNING **: 08:59:42.340: AT-SPI: AddAccessible with unknown signature (so)(so)(so)iiassusau


(process:2480856): dbind-WARNING **: 08:59:42.340: AT-SPI: AddAccessible with unknown signature (so)(so)(so)iiassusau


(process:2480856): dbind-WARNING **: 08:59:42.340: AT-SPI: AddAccessible with unknown signature (so)(so)(so)iiassusau

Traceback (most recent call last):
  File "/home/shawn/workspace2/reactive-tui/tests/api_widget_behavior/orca.py", line 614, in <module>
    inside(arguments)
    ~~~~~~^^^^^^^^^^^
  File "/home/shawn/workspace2/reactive-tui/tests/api_widget_behavior/orca.py", line 293, in inside
    exercise(root, keyboard, wait, named, state, click, speech, Atspi,
    ~~~~~~~~^^^^^^^^^^^^^^^^^^^^^^^^^^^^^^^^^^^^^^^^^^^^^^^^^^^^^^^^^^
             lambda: len((run / "orca.log").read_text().splitlines()))
             ^^^^^^^^^^^^^^^^^^^^^^^^^^^^^^^^^^^^^^^^^^^^^^^^^^^^^^^^^
  File "/home/shawn/workspace2/reactive-tui/tests/api_widget_behavior/orca_data.py", line 64, in exercise
    wait("Tree item keyboard focus absent", lambda: state(folder, Atspi.StateType.FOCUSED))
    ~~~~^^^^^^^^^^^^^^^^^^^^^^^^^^^^^^^^^^^^^^^^^^^^^^^^^^^^^^^^^^^^^^^^^^^^^^^^^^^^^^^^^^^
  File "/home/shawn/workspace2/reactive-tui/tests/api_widget_behavior/orca.py", line 196, in wait
    raise AssertionError(reason)
AssertionError: Tree item keyboard focus absent
A connection to the bus can't be made
