   Compiling reactive-tui v0.0.7 (/home/shawn/workspace2/reactive-tui)
   Compiling suprtui v0.1.0 (/home/shawn/workspace2/reactive-tui/src/backend/engine)
   Compiling reactive-tui-macros v0.1.0 (/home/shawn/workspace2/reactive-tui/reactive-tui-macros)
    Finished `test` profile [unoptimized + debuginfo] target(s) in 29.19s
     Running tests/api_hook_lifecycle.rs (target/debug/deps/api_hook_lifecycle-695d311a8e790fd9)

running 7 tests
test app_timers_fire_and_removal_leaves_no_scheduled_work ... ok
test keyframe_values_paint_through_app_and_removal_disables_the_escaped_handle ... ok
test effects_cleanup_on_rerender_and_removal_after_the_render_body ... ok
test effect_dependencies_skip_unchanged_renders_and_cleanup_before_replacement ... ok
test app_stop_cleans_up_components_that_are_still_mounted ... ok
test providers_inherit_override_and_restore_without_leaking_to_another_app ... ok
test standalone_effect_cleanup_waits_until_explicit_cleanup ... ok

test result: ok. 7 passed; 0 failed; 0 ignored; 0 measured; 0 filtered out; finished in 0.21s

     Running tests/api_hook_state.rs (target/debug/deps/api_hook_state-602bfcdee262efa5)

running 5 tests
test memo_and_state_cannot_silently_swap_the_same_value_type ... ok
test changed_hook_types_are_rejected_instead_of_detached ... ok
test memo_keeps_its_signal_and_refreshes_the_value ... ok
test generated_frames_reject_fewer_or_more_hooks ... ok
test generated_components_reuse_state_with_and_without_props ... ok

test result: ok. 5 passed; 0 failed; 0 ignored; 0 measured; 0 filtered out; finished in 0.00s

