    Checking log v0.4.34
    Checking av1-grain v0.2.4
    Checking mio v1.0.4
    Checking rav1e v0.7.1
    Checking signal-hook-mio v0.2.4
    Checking reactive-tui-crossterm v0.1.0 (/home/shawn/workspace2/reactive-tui/src/backend/crossterm)
    Checking ravif v0.11.20
    Checking image v0.25.6
    Checking reactive-tui-suprtui v0.1.0 (/home/shawn/workspace2/reactive-tui/src/backend/engine)
    Checking reactive-tui v0.1.0 (/home/shawn/workspace2/reactive-tui)
    Finished `dev` profile [unoptimized + debuginfo] target(s) in 19.07s
    Checking tokio v1.47.1
    Checking reactive-tui v0.1.0 (/home/shawn/workspace2/reactive-tui)
    Finished `dev` profile [unoptimized + debuginfo] target(s) in 11.35s
    Checking reactive-tui v0.1.0 (/home/shawn/workspace2/reactive-tui)
warning: ambiguous glob re-exports
  --> src/ffi/mod.rs:94:9
   |
94 | pub use pointer::*;
   |         ^^^^^^^^^^ the name `validate_pointer` in the value namespace is first re-exported here
...
99 | pub use types::*;
   |         -------- but the name `validate_pointer` in the value namespace is also re-exported here
   |
   = note: `#[warn(ambiguous_glob_reexports)]` on by default

warning: unused variable: `width`
  --> src/ffi/lib.rs:85:14
   |
85 |         let (width, height) = renderer_box.dims();
   |              ^^^^^
   |
   = note: `#[warn(unused_variables)]` (part of `#[warn(unused)]`) on by default
help: if this is intentional, prefix it with an underscore
   |
85 |         let (_width, height) = renderer_box.dims();
   |              +
help: you might have meant to pattern match on the similarly named constant `MAX_SCRATCH`
   |
85 -         let (width, height) = renderer_box.dims();
85 +         let (widgets::display::image::sixel_encode::MAX_SCRATCH, height) = renderer_box.dims();
   |

warning: function `validate_pointer` is never used
   --> src/ffi/types.rs:182:15
    |
182 | pub(crate) fn validate_pointer<T>(ptr: *const T) -> bool {
    |               ^^^^^^^^^^^^^^^^
    |
    = note: `#[warn(dead_code)]` (part of `#[warn(unused)]`) on by default

warning: function `validate_mut_pointer` is never used
   --> src/ffi/types.rs:187:15
    |
187 | pub(crate) fn validate_mut_pointer<T>(ptr: *mut T) -> bool {
    |               ^^^^^^^^^^^^^^^^^^^^

warning: function `safe_cast` is never used
   --> src/ffi/types.rs:192:22
    |
192 | pub(crate) unsafe fn safe_cast<T, U>(ptr: *mut T) -> Result<*mut U, ReactiveError> {
    |                      ^^^^^^^^^

warning: function `safe_cast_const` is never used
   --> src/ffi/types.rs:206:22
    |
206 | pub(crate) unsafe fn safe_cast_const<T, U>(ptr: *const T) -> Result<*const U, ReactiveError> {
    |                      ^^^^^^^^^^^^^^^

warning: `reactive-tui` (lib) generated 6 warnings (run `cargo fix --lib -p reactive-tui` to apply 1 suggestion)
    Finished `dev` profile [unoptimized + debuginfo] target(s) in 7.83s
   Compiling reactive-tui-libghostty-vt-sys v0.1.0 (/home/shawn/workspace2/reactive-tui/crates/libghostty-vt-sys)
    Checking reactive-tui-libghostty-vt v0.1.0 (/home/shawn/workspace2/reactive-tui/crates/libghostty-vt)
    Checking reactive-tui v0.1.0 (/home/shawn/workspace2/reactive-tui)
    Finished `dev` profile [unoptimized + debuginfo] target(s) in 37.43s
   Compiling proc-macro2 v1.0.101
   Compiling unicode-ident v1.0.18
   Compiling libc v0.2.189
    Checking cfg-if v1.0.3
   Compiling autocfg v1.5.0
   Compiling serde_core v1.0.229
    Checking bitflags v2.11.0
   Compiling crossbeam-utils v0.8.21
   Compiling serde v1.0.229
   Compiling rustix v1.1.4
    Checking pin-project-lite v0.2.16
    Checking linux-raw-sys v0.12.1
   Compiling winnow v1.0.4
   Compiling hashbrown v0.17.1
    Checking memchr v2.7.5
   Compiling equivalent v1.0.2
    Checking once_cell v1.21.3
   Compiling quote v1.0.40
   Compiling toml_datetime v1.1.1+spec-1.1.0
   Compiling toml_parser v1.1.3+spec-1.1.0
    Checking futures-core v0.3.31
   Compiling indexmap v2.14.2
    Checking parking v2.2.1
    Checking fastrand v2.3.0
   Compiling syn v2.0.106
   Compiling syn v3.0.5
   Compiling num-traits v0.2.19
    Checking arrayvec v0.7.6
    Checking futures-io v0.3.31
   Compiling toml_edit v0.25.13+spec-1.1.0
   Compiling version_check v0.9.5
    Checking simd-adler32 v0.3.7
    Checking event-listener v5.4.2
    Checking concurrent-queue v2.5.0
   Compiling proc-macro-crate v3.5.0
    Checking log v0.4.34
   Compiling endi v1.1.1
   Compiling getrandom v0.3.3
    Checking event-listener-strategy v0.5.4
   Compiling enumflags2_derive v0.7.12
    Checking futures-lite v2.6.1
    Checking signal-hook-registry v1.4.6
    Checking crossbeam-epoch v0.9.18
   Compiling serde_derive v1.0.229
   Compiling rayon-core v1.13.0
   Compiling crc32fast v1.5.0
    Checking slab v0.4.11
    Checking adler2 v2.0.1
    Checking crossbeam-deque v0.8.6
   Compiling equator-macro v0.4.2
   Compiling async-io v2.6.0
   Compiling thiserror v1.0.69
    Checking smallvec v1.15.1
    Checking miniz_oxide v0.8.9
    Checking zvariant_utils v4.2.0
    Checking zcheapstr v1.1.0
   Compiling enumflags2 v0.7.12
    Checking equator v0.4.2
    Checking num-integer v0.1.46
   Compiling thiserror-impl v1.0.69
   Compiling zvariant_derive v5.15.0
    Checking polling v3.11.0
   Compiling zvariant v5.15.0
   Compiling anyhow v1.0.99
    Checking either v1.15.0
   Compiling shlex v1.3.0
    Checking async-task v4.7.1
    Checking aligned-vec v0.6.4
    Checking num-bigint v0.4.6
    Checking flate2 v1.1.2
   Compiling cc v1.2.34
    Checking zbus_names v4.3.4
    Checking uuid v1.18.1
    Checking async-channel v2.5.0
   Compiling fnv v1.0.7
   Compiling pkg-config v0.3.32
    Checking itoa v1.0.15
   Compiling ident_case v1.0.1
    Checking foldhash v0.2.0
   Compiling paste v1.0.15
    Checking minimal-lexical v0.2.1
   Compiling io-lifetimes v2.0.4
   Compiling io-lifetimes v3.0.1
    Checking atomic-waker v1.1.2
   Compiling built v0.7.7
   Compiling strsim v0.11.1
   Compiling onig_sys v69.9.1
   Compiling zbus_xml v5.2.1
    Checking nom v7.1.3
    Checking piper v0.2.5
    Checking async-signal v0.2.14
   Compiling rav1e v0.7.1
    Checking num-rational v0.4.2
   Compiling darling_core v0.21.3
    Checking v_frame v0.3.9
    Checking rayon v1.11.0
    Checking async-lock v3.4.2
   Compiling tracing-attributes v0.1.31
   Compiling profiling-procmacros v1.0.17
   Compiling slotmap v1.0.7
    Checking tracing-core v0.1.36
    Checking aho-corasick v1.1.3
   Compiling lock_api v0.4.13
   Compiling io-extras v0.19.0
    Checking regex-syntax v0.8.6
    Checking bitflags v1.3.2
   Compiling parking_lot_core v0.9.11
    Checking utf8parse v0.2.2
   Compiling prettyplease v0.2.37
   Compiling rustversion v1.0.22
    Checking powerfmt v0.2.0
    Checking new_debug_unreachable v1.0.6
    Checking tracing v0.1.44
    Checking maybe-rayon v0.1.1
   Compiling darling_macro v0.21.3
    Checking async-process v2.5.0
    Checking av1-grain v0.2.4
    Checking anstyle-parse v0.2.7
    Checking deranged v0.4.0
    Checking regex-automata v0.4.10
    Checking profiling v1.0.17
    Checking blocking v1.7.0
   Compiling zbus-lockstep v0.5.2
   Compiling zbus_macros v5.19.0
    Checking async-executor v1.14.0
    Checking itertools v0.12.1
    Checking async-broadcast v0.7.2
   Compiling async-trait v0.1.92
   Compiling serde_repr v0.1.21
    Checking mio v1.0.4
   Compiling async-recursion v1.1.1
   Compiling num-derive v0.4.2
   Compiling arg_enum_proc_macro v0.3.4
   Compiling proc-macro2-diagnostics v0.10.1
    Checking ordered-stream v0.2.0
   Compiling simd_helpers v0.1.0
    Checking is_terminal_polyfill v1.70.1
    Checking imgref v1.11.0
    Checking colorchoice v1.0.4
    Checking scopeguard v1.2.0
   Compiling noop_proc_macro v0.3.0
    Checking bit-vec v0.6.3
   Compiling unicode-segmentation v1.13.3
   Compiling siphasher v1.0.1
    Checking bitstream-io v2.6.0
    Checking quick-error v2.0.1
    Checking anstyle v1.0.11
   Compiling signal-hook v0.3.18
    Checking tinyvec_macros v0.1.1
    Checking anstyle-query v1.1.4
   Compiling cap-primitives v4.0.3
    Checking num-conv v0.1.0
    Checking weezl v0.1.10
   Compiling serde_json v1.0.143
    Checking hex v0.4.3
    Checking time-core v0.1.4
    Checking tinyvec v1.10.0
    Checking anstream v0.6.20
   Compiling convert_case v0.7.1
   Compiling phf_shared v0.14.0
    Checking zbus v5.19.0
    Checking time v0.3.41
    Checking bit-set v0.5.3
    Checking loop9 v0.1.5
    Checking fs-set-times v0.20.3
   Compiling zbus-lockstep-macros v0.5.2
    Checking regex v1.11.2
   Compiling darling v0.21.3
    Checking zune-inflate v0.2.54
    Checking fdeflate v0.3.7
    Checking avif-serialize v0.8.6
    Checking rustix-linux-procfs v0.1.1
    Checking terminal_size v0.4.3
    Checking quick-xml v0.38.3
    Checking half v2.6.0
    Checking clap_lex v0.7.5
    Checking rgb v0.8.52
    Checking ipnet v2.12.2
    Checking ambient-authority v0.0.2
   Compiling cap-std v4.0.3
   Compiling reactive-tui-libghostty-vt-sys v0.1.0 (/home/shawn/workspace2/reactive-tui/crates/libghostty-vt-sys)
    Checking jpeg-decoder v0.3.2
    Checking base64 v0.22.1
    Checking bit_field v0.10.3
    Checking static_assertions v1.1.0
    Checking zune-core v0.4.12
    Checking ryu v1.0.20
    Checking maybe-owned v0.3.4
   Compiling heck v0.5.0
    Checking lebe v0.5.2
    Checking color_quant v1.1.0
    Checking byteorder-lite v0.1.0
    Checking linked-hash-map v0.5.6
    Checking bytemuck v1.23.2
    Checking same-file v1.0.6
   Compiling clap_derive v4.5.45
    Checking exr v1.73.0
    Checking yaml-rust v0.4.5
    Checking gif v0.13.3
    Checking image-webp v0.2.4
   Compiling phf_generator v0.14.0
    Checking qoi v0.4.1
    Checking walkdir v2.5.0
    Checking zune-jpeg v0.4.20
    Checking clap_builder v4.5.46
    Checking atspi-common v0.13.0
    Checking plist v1.7.4
    Checking tiff v0.9.1
    Checking ravif v0.11.20
    Checking png v0.17.16
   Compiling bon-macros v3.7.1
    Checking parking_lot v0.12.4
    Checking fancy-regex v0.11.0
   Compiling derive_more-impl v2.0.1
    Checking unicode-normalization v0.1.24
    Checking bincode v1.3.3
   Compiling tokio-macros v2.5.0
    Checking socket2 v0.6.0
   Compiling litrs v0.4.2
    Checking bytes v1.10.1
   Compiling cap-fs-ext v4.0.3
    Checking allocator-api2 v0.2.21
    Checking deunicode v1.6.2
    Checking option-ext v0.2.0
    Checking foldhash v0.1.5
   Compiling document-features v0.2.11
    Checking tokio v1.47.1
    Checking caseless v0.2.2
    Checking signal-hook-mio v0.2.4
    Checking slug v0.1.6
    Checking dirs-sys v0.4.1
   Compiling int-enum v1.2.0
    Checking derive_more v2.0.1
    Checking hashbrown v0.15.5
    Checking atspi-proxies v0.13.0
    Checking bon v3.7.1
    Checking image v0.25.6
    Checking clap v4.5.46
   Compiling phf_macros v0.14.0
    Checking taffy v0.13.0
    Checking phf_shared v0.11.3
    Checking accesskit v0.25.0
   Compiling futures-macro v0.3.31
    Checking vte v0.14.1
    Checking vte v0.15.0
   Compiling reactive-tui v0.1.0 (/home/shawn/workspace2/reactive-tui)
    Checking shell-words v1.1.0
    Checking unicode_categories v0.1.1
    Checking grid v0.18.0
    Checking precomputed-hash v0.1.1
    Checking unicode-width v0.2.1
    Checking futures-task v0.3.31
    Checking futures-sink v0.3.31
    Checking xdg v2.5.2
    Checking entities v1.0.1
    Checking pin-utils v0.1.0
    Checking typed-arena v2.0.2
    Checking unicode-properties v0.1.4
    Checking tokio-util v0.7.16
    Checking vt100 v0.16.2
    Checking taffy v0.9.1
    Checking futures-util v0.3.31
    Checking string_cache v0.8.9
    Checking reactive-tui-suprtui v0.1.0 (/home/shawn/workspace2/reactive-tui/src/backend/engine)
    Checking accesskit_consumer v0.39.0
    Checking phf v0.14.0
    Checking atspi v0.29.0
    Checking lru v0.16.0
    Checking reactive-tui-crossterm v0.1.0 (/home/shawn/workspace2/reactive-tui/src/backend/crossterm)
    Checking dirs v5.0.1
    Checking tempfile v3.21.0
   Compiling reactive-tui-macros v0.1.0 (/home/shawn/workspace2/reactive-tui/reactive-tui-macros)
    Checking atty v0.2.14
    Checking lazy_static v1.5.0
    Checking onig v6.5.1
    Checking syntect v5.2.0
    Checking comrak v0.41.0
    Checking reactive-tui-libghostty-vt v0.1.0 (/home/shawn/workspace2/reactive-tui/crates/libghostty-vt)
warning: ambiguous glob re-exports
  --> src/ffi/mod.rs:94:9
   |
94 | pub use pointer::*;
   |         ^^^^^^^^^^ the name `validate_pointer` in the value namespace is first re-exported here
...
99 | pub use types::*;
   |         -------- but the name `validate_pointer` in the value namespace is also re-exported here
   |
   = note: `#[warn(ambiguous_glob_reexports)]` on by default

warning: use of deprecated method `std::sync::atomic::Atomic::<usize>::fetch_update`: renamed to `try_update` for consistency
   --> src/hooks/animation.rs:169:14
    |
169 | ...   .fetch_update(Ordering::Relaxed, Ordering::Relaxed, |id| id.check...
    |        ^^^^^^^^^^^^
    |
    = note: `#[warn(deprecated)]` on by default
help: replace the use of the deprecated method
    |
169 -             .fetch_update(Ordering::Relaxed, Ordering::Relaxed, |id| id.checked_add(1))
169 +             .try_update(Ordering::Relaxed, Ordering::Relaxed, |id| id.checked_add(1))
    |

warning: falling back to `f32` as the trait bound `f32: From<f64>` is not satisfied
    --> src/layout/style.rs:1532:83
     |
1532 | ...m_fr(1.0)))
     |         ^^^ help: explicitly specify the type as `f32`: `1.0_f32`
     |
     = warning: this was previously accepted by the compiler but is being phased out; it will become a hard error in a future release!
     = note: for more information, see issue #154024 <https://github.com/rust-lang/rust/issues/154024>
     = note: `#[warn(float_literal_f32_fallback)]` (part of `#[warn(future_incompatible)]`) on by default

warning: falling back to `f32` as the trait bound `f32: From<f64>` is not satisfied
    --> src/layout/style.rs:1538:83
     |
1538 | ...m_fr(1.0)))
     |         ^^^ help: explicitly specify the type as `f32`: `1.0_f32`
     |
     = warning: this was previously accepted by the compiler but is being phased out; it will become a hard error in a future release!
     = note: for more information, see issue #154024 <https://github.com/rust-lang/rust/issues/154024>

warning: use of deprecated method `std::sync::atomic::Atomic::<u32>::fetch_update`: renamed to `try_update` for consistency
   --> src/widgets/display/image/protocol_renderer.rs:238:14
    |
238 |             .fetch_update(Ordering::Relaxed, Ordering::Relaxed, |id| {
    |              ^^^^^^^^^^^^
    |
help: replace the use of the deprecated method
    |
238 -             .fetch_update(Ordering::Relaxed, Ordering::Relaxed, |id| {
238 +             .try_update(Ordering::Relaxed, Ordering::Relaxed, |id| {
    |

warning: unused variable: `width`
  --> src/ffi/lib.rs:85:14
   |
85 |         let (width, height) = renderer_box.dims();
   |              ^^^^^ help: if this is intentional, prefix it with an underscore: `_width`
   |
   = note: `#[warn(unused_variables)]` (part of `#[warn(unused)]`) on by default

warning: function `validate_pointer` is never used
   --> src/ffi/types.rs:182:15
    |
182 | pub(crate) fn validate_pointer<T>(ptr: *const T) -> bool {
    |               ^^^^^^^^^^^^^^^^
    |
    = note: `#[warn(dead_code)]` (part of `#[warn(unused)]`) on by default

warning: function `validate_mut_pointer` is never used
   --> src/ffi/types.rs:187:15
    |
187 | pub(crate) fn validate_mut_pointer<T>(ptr: *mut T) -> bool {
    |               ^^^^^^^^^^^^^^^^^^^^

warning: function `safe_cast` is never used
   --> src/ffi/types.rs:192:22
    |
192 | pub(crate) unsafe fn safe_cast<T, U>(ptr: *mut T) -> Result<*mut U, Rea...
    |                      ^^^^^^^^^

warning: function `safe_cast_const` is never used
   --> src/ffi/types.rs:206:22
    |
206 | pub(crate) unsafe fn safe_cast_const<T, U>(ptr: *const T) -> Result<*co...
    |                      ^^^^^^^^^^^^^^^

warning: `reactive-tui` (lib) generated 10 warnings (run `cargo fix --lib -p reactive-tui` to apply 5 suggestions)
    Finished `dev` profile [unoptimized + debuginfo] target(s) in 1m 18s
   Packaging reactive-tui-crossterm v0.1.0 (/home/shawn/workspace2/reactive-tui/src/backend/crossterm)
    Updating crates.io index
    Packaged 54 files, 431.7KiB (90.0KiB compressed)
   Packaging reactive-tui-libghostty-vt-sys v0.1.0 (/home/shawn/workspace2/reactive-tui/crates/libghostty-vt-sys)
    Updating crates.io index
    Packaged 11 files, 335.4KiB (74.0KiB compressed)
   Packaging reactive-tui-libghostty-vt v0.1.0 (/home/shawn/workspace2/reactive-tui/crates/libghostty-vt)
    Updating crates.io index
    Packaged 30 files, 386.4KiB (92.2KiB compressed)
   Packaging reactive-tui-macros v0.1.0 (/home/shawn/workspace2/reactive-tui/reactive-tui-macros)
    Updating crates.io index
    Packaged 7 files, 21.8KiB (6.5KiB compressed)
   Packaging reactive-tui-suprtui v0.1.0 (/home/shawn/workspace2/reactive-tui/src/backend/engine)
    Updating crates.io index
    Packaged 51 files, 866.1KiB (179.7KiB compressed)
   Packaging reactive-tui v0.1.0 (/home/shawn/workspace2/reactive-tui)
warning: ignoring example `animated_patterns` as `examples/animated_patterns.rs` is not included in the published package
warning: ignoring example `dialog_engine` as `examples/dialog_engine.rs` is not included in the published package
warning: ignoring example `embedded_shell` as `examples/embedded_shell.rs` is not included in the published package
warning: ignoring example `gradient_blocks` as `examples/gradient_blocks.rs` is not included in the published package
warning: ignoring example `suprtui_counter` as `examples/suprtui_counter.rs` is not included in the published package
warning: ignoring example `visual_effects` as `examples/visual_effects.rs` is not included in the published package
warning: ignoring example `wake_counter` as `examples/wake_counter.rs` is not included in the published package
warning: ignoring test `advanced_table_test` as `tests/advanced_table_test.rs` is not included in the published package
warning: ignoring test `alignment_strict_tests` as `tests/alignment_strict_tests.rs` is not included in the published package
warning: ignoring test `alignment_utility_tests` as `tests/alignment_utility_tests.rs` is not included in the published package
warning: ignoring test `animations_integration` as `tests/animations_integration.rs` is not included in the published package
warning: ignoring test `api_animation_screens` as `tests/api_animation_screens.rs` is not included in the published package
warning: ignoring test `api_clipboard` as `tests/api_clipboard.rs` is not included in the published package
warning: ignoring test `api_component_expansion` as `tests/api_component_expansion.rs` is not included in the published package
warning: ignoring test `api_dialog_lifecycle` as `tests/api_dialog_lifecycle.rs` is not included in the published package
warning: ignoring test `api_documentation_contract` as `tests/api_documentation_contract.rs` is not included in the published package
warning: ignoring test `api_editor_unicode` as `tests/api_editor_unicode.rs` is not included in the published package
warning: ignoring test `api_event_routing` as `tests/api_event_routing.rs` is not included in the published package
warning: ignoring test `api_feature_configurations` as `tests/api_feature_configurations.rs` is not included in the published package
warning: ignoring test `api_focus` as `tests/api_focus.rs` is not included in the published package
warning: ignoring test `api_gesture_coordinates` as `tests/api_gesture_coordinates.rs` is not included in the published package
warning: ignoring test `api_hook_lifecycle` as `tests/api_hook_lifecycle.rs` is not included in the published package
warning: ignoring test `api_hook_state` as `tests/api_hook_state.rs` is not included in the published package
warning: ignoring test `api_local_hooks` as `tests/api_local_hooks.rs` is not included in the published package
warning: ignoring test `api_mouse_hook_routing` as `tests/api_mouse_hook_routing.rs` is not included in the published package
warning: ignoring test `api_paint_properties` as `tests/api_paint_properties.rs` is not included in the published package
warning: ignoring test `api_performance_context` as `tests/api_performance_context.rs` is not included in the published package
warning: ignoring test `api_props_contract` as `tests/api_props_contract.rs` is not included in the published package
warning: ignoring test `api_residual_refs` as `tests/api_residual_refs.rs` is not included in the published package
warning: ignoring test `api_signal_ownership` as `tests/api_signal_ownership.rs` is not included in the published package
warning: ignoring test `api_styling` as `tests/api_styling.rs` is not included in the published package
warning: ignoring test `api_updater` as `tests/api_updater.rs` is not included in the published package
warning: ignoring test `api_widget_behavior` as `tests/api_widget_behavior.rs` is not included in the published package
warning: ignoring test `app_wakeups` as `tests/app_wakeups.rs` is not included in the published package
warning: ignoring test `automatic_memory_management_tests` as `tests/automatic_memory_management_tests.rs` is not included in the published package
warning: ignoring test `charts_test` as `tests/charts_test.rs` is not included in the published package
warning: ignoring test `clipboard_platform` as `tests/clipboard_platform.rs` is not included in the published package
warning: ignoring test `color_more_shades_tests` as `tests/color_more_shades_tests.rs` is not included in the published package
warning: ignoring test `color_shades_tests` as `tests/color_shades_tests.rs` is not included in the published package
warning: ignoring test `color_utility_tests` as `tests/color_utility_tests.rs` is not included in the published package
warning: ignoring test `component_macro_integration` as `tests/component_macro_integration.rs` is not included in the published package
warning: ignoring test `component_macro_test` as `tests/component_macro_test.rs` is not included in the published package
warning: ignoring test `component_tests` as `tests/component_tests.rs` is not included in the published package
warning: ignoring test `css_animation_integration_test` as `tests/css_animation_integration_test.rs` is not included in the published package
warning: ignoring test `css_in_rust_simple_test` as `tests/css_in_rust_simple_test.rs` is not included in the published package
warning: ignoring test `debug_animate_none` as `tests/debug_animate_none.rs` is not included in the published package
warning: ignoring test `element_bridge_tests` as `tests/element_bridge_tests.rs` is not included in the published package
warning: ignoring test `embedded_terminal` as `tests/embedded_terminal.rs` is not included in the published package
warning: ignoring test `ffi_basic_test` as `tests/ffi_basic_test.rs` is not included in the published package
warning: ignoring test `ffi_tests` as `tests/ffi_tests.rs` is not included in the published package
warning: ignoring test `full_pipeline_integration` as `tests/full_pipeline_integration.rs` is not included in the published package
warning: ignoring test `layout_paint_tests` as `tests/layout_paint_tests.rs` is not included in the published package
warning: ignoring test `mouse_hooks_test` as `tests/mouse_hooks_test.rs` is not included in the published package
warning: ignoring test `opacity_tests` as `tests/opacity_tests.rs` is not included in the published package
warning: ignoring test `performance_monitoring_test` as `tests/performance_monitoring_test.rs` is not included in the published package
warning: ignoring test `production_readiness_test` as `tests/production_readiness_test.rs` is not included in the published package
warning: ignoring test `property_tests` as `tests/property_tests.rs` is not included in the published package
warning: ignoring test `props_derive_test` as `tests/props_derive_test.rs` is not included in the published package
warning: ignoring test `registry_cache_isolation` as `tests/registry_cache_isolation.rs` is not included in the published package
warning: ignoring test `registry_concurrency` as `tests/registry_concurrency.rs` is not included in the published package
warning: ignoring test `render_ops_snapshots` as `tests/render_ops_snapshots.rs` is not included in the published package
warning: ignoring test `screen_system_tests` as `tests/screen_system_tests.rs` is not included in the published package
warning: ignoring test `simple_css_animation_test` as `tests/simple_css_animation_test.rs` is not included in the published package
warning: ignoring test `simple_performance_test` as `tests/simple_performance_test.rs` is not included in the published package
warning: ignoring test `simple_props_test` as `tests/simple_props_test.rs` is not included in the published package
warning: ignoring test `suprtui_renderer` as `tests/suprtui_renderer.rs` is not included in the published package
warning: ignoring test `surface_integration` as `tests/surface_integration.rs` is not included in the published package
warning: ignoring test `syntax_highlighting_integration` as `tests/syntax_highlighting_integration.rs` is not included in the published package
warning: ignoring test `test_absolute_debug` as `tests/test_absolute_debug.rs` is not included in the published package
warning: ignoring test `test_absolute_paint` as `tests/test_absolute_paint.rs` is not included in the published package
warning: ignoring test `test_animation_api` as `tests/test_animation_api.rs` is not included in the published package
warning: ignoring test `test_app_layout` as `tests/test_app_layout.rs` is not included in the published package
warning: ignoring test `test_ffi_core_only` as `tests/test_ffi_core_only.rs` is not included in the published package
warning: ignoring test `test_ffi_integration` as `tests/test_ffi_integration.rs` is not included in the published package
warning: ignoring test `test_ffi_reactive_seamless` as `tests/test_ffi_reactive_seamless.rs` is not included in the published package
warning: ignoring test `test_flex_layout` as `tests/test_flex_layout.rs` is not included in the published package
warning: ignoring test `test_minimal_ffi` as `tests/test_minimal_ffi.rs` is not included in the published package
warning: ignoring test `utility_paint_tests` as `tests/utility_paint_tests.rs` is not included in the published package
warning: ignoring test `windows_platform` as `tests/windows_platform.rs` is not included in the published package
warning: ignoring test `z_index_tests` as `tests/z_index_tests.rs` is not included in the published package
warning: ignoring benchmark `diff_benchmark` as `benches/diff_benchmark.rs` is not included in the published package
warning: ignoring benchmark `event_router_comparison` as `benches/event_router_comparison.rs` is not included in the published package
    Blocking waiting for file lock on package cache
    Updating crates.io index
    Blocking waiting for file lock on package cache
    Packaged 477 files, 8.4MiB (2.7MiB compressed)
