+ cargo package --manifest-path reactive-tui-macros/Cargo.toml
   Packaging reactive-tui-macros v0.1.0 (/home/shawn/workspace2/reactive-tui/reactive-tui-macros)
    Updating crates.io index
    Packaged 7 files, 21.8KiB (6.5KiB compressed)
   Verifying reactive-tui-macros v0.1.0 (/home/shawn/workspace2/reactive-tui/reactive-tui-macros)
   Compiling proc-macro2 v1.0.101
   Compiling quote v1.0.40
   Compiling syn v2.0.106
   Compiling reactive-tui-macros v0.1.0 (/home/shawn/workspace2/scratchpads/suprnova-target/package/reactive-tui-macros-0.1.0)
    Finished `dev` profile [unoptimized + debuginfo] target(s) in 4.96s
+ cargo package --manifest-path src/backend/crossterm/Cargo.toml
   Packaging reactive-tui-crossterm v0.1.0 (/home/shawn/workspace2/reactive-tui/src/backend/crossterm)
    Updating crates.io index
    Packaged 54 files, 429.1KiB (89.3KiB compressed)
   Verifying reactive-tui-crossterm v0.1.0 (/home/shawn/workspace2/reactive-tui/src/backend/crossterm)
   Compiling libc v0.2.171
   Compiling proc-macro2 v1.0.94
   Compiling autocfg v1.4.0
   Compiling unicode-segmentation v1.12.0
   Compiling parking_lot_core v0.9.10
   Compiling signal-hook v0.3.17
   Compiling cfg-if v1.0.0
   Compiling rustix v1.0.5
   Compiling smallvec v1.15.0
   Compiling linux-raw-sys v0.9.3
   Compiling bitflags v2.9.0
   Compiling convert_case v0.7.1
   Compiling litrs v0.4.1
   Compiling lock_api v0.4.12
   Compiling signal-hook-registry v1.4.2
   Compiling mio v1.0.3
   Compiling document-features v0.2.11
   Compiling quote v1.0.40
   Compiling parking_lot v0.12.3
   Compiling syn v2.0.100
   Compiling signal-hook-mio v0.2.4
   Compiling derive_more-impl v2.0.1
   Compiling derive_more v2.0.1
   Compiling reactive-tui-crossterm v0.1.0 (/home/shawn/workspace2/scratchpads/suprnova-target/package/reactive-tui-crossterm-0.1.0)
    Finished `dev` profile [unoptimized + debuginfo] target(s) in 5.90s
+ cargo package --manifest-path src/backend/engine/Cargo.toml
   Packaging reactive-tui-suprtui v0.1.0 (/home/shawn/workspace2/reactive-tui/src/backend/engine)
    Updating crates.io index
    Packaged 51 files, 866.6KiB (179.8KiB compressed)
   Verifying reactive-tui-suprtui v0.1.0 (/home/shawn/workspace2/reactive-tui/src/backend/engine)
   Compiling proc-macro2 v1.0.107
   Compiling cfg-if v1.0.4
   Compiling quote v1.0.47
   Compiling simd-adler32 v0.3.10
   Compiling crossbeam-utils v0.8.23
   Compiling num-traits v0.2.19
   Compiling memchr v2.8.3
   Compiling arrayvec v0.7.8
   Compiling either v1.18.0
   Compiling zerocopy v0.8.56
   Compiling crossbeam-epoch v0.9.21
   Compiling stable_deref_trait v1.2.1
   Compiling crc32fast v1.5.1
   Compiling anyhow v1.0.104
   Compiling log v0.4.34
   Compiling bytemuck v1.25.2
   Compiling num-integer v0.1.47
   Compiling bitflags v2.13.1
   Compiling crossbeam-deque v0.8.8
   Compiling as-slice v0.2.1
   Compiling nom v8.0.0
   Compiling no_std_io2 v0.9.4
   Compiling num-bigint v0.4.8
   Compiling miniz_oxide v0.9.1
   Compiling rayon-core v1.13.0
   Compiling aligned v0.4.3
   Compiling y4m v0.8.0
   Compiling bitstream-io v4.10.0
   Compiling flate2 v1.1.10
   Compiling raw-cpuid v11.6.0
   Compiling num-rational v0.4.2
   Compiling num-complex v0.4.6
   Compiling rayon v1.12.0
   Compiling libm v0.2.16
   Compiling itertools v0.14.0
   Compiling miniz_oxide v0.8.9
   Compiling syn v2.0.119
   Compiling syn v3.0.5
   Compiling simd_helpers v0.1.0
   Compiling imgref v1.12.3
   Compiling reborrow v0.5.5
   Compiling smallvec v1.16.0
   Compiling pulp-wasm-simd-flag v0.1.1
   Compiling weezl v0.1.12
   Compiling maybe-rayon v0.1.1
   Compiling zune-core v0.5.3
   Compiling loop9 v0.1.5
   Compiling zune-inflate v0.2.54
   Compiling pulp v0.22.3
   Compiling thiserror-impl v2.0.20
   Compiling fdeflate v0.3.7
   Compiling avif-serialize v0.8.9
   Compiling zune-jpeg v0.5.15
   Compiling thiserror v2.0.20
   Compiling pxfm v0.1.30
   Compiling rgb v0.8.53
   Compiling equator-macro v0.4.2
   Compiling zerocopy-derive v0.8.56
   Compiling arg_enum_proc_macro v0.3.4
   Compiling equator v0.4.2
   Compiling profiling-procmacros v1.0.18
   Compiling profiling v1.0.18
   Compiling num-derive v0.4.2
   Compiling lebe v0.5.3
   Compiling fax v0.2.7
   Compiling png v0.18.1
   Compiling aligned-vec v0.6.4
   Compiling gif v0.14.2
   Compiling slotmap v1.1.1
   Compiling qoi v0.4.1
   Compiling vte v0.14.1
   Compiling moxcms v0.8.1
   Compiling v_frame v0.3.9
   Compiling taffy v0.13.0
   Compiling av-scenechange v0.14.1
   Compiling av1-grain v0.2.5
   Compiling half v2.7.1
   Compiling tiff v0.11.3
   Compiling exr v1.74.2
   Compiling rav1e v0.8.1
   Compiling ravif v0.13.0
   Compiling image v0.25.10
   Compiling reactive-tui-suprtui v0.1.0 (/home/shawn/workspace2/scratchpads/suprnova-target/package/reactive-tui-suprtui-0.1.0)
    Finished `dev` profile [unoptimized + debuginfo] target(s) in 22.07s
+ cargo +1.91.0 check --locked --jobs 8 --no-default-features
    Finished `dev` profile [unoptimized + debuginfo] target(s) in 0.21s
+ cargo +1.91.0 check --locked --jobs 8
   Compiling tokio-macros v2.5.0
    Checking socket2 v0.6.0
   Compiling reactive-tui v0.1.0 (/home/shawn/workspace2/reactive-tui)
    Checking bytes v1.10.1
    Checking tokio v1.47.1
    Finished `dev` profile [unoptimized + debuginfo] target(s) in 9.26s
+ cargo +1.91.0 check --locked --jobs 8 --no-default-features --features ffi
   Compiling reactive-tui v0.1.0 (/home/shawn/workspace2/reactive-tui)
warning: ambiguous glob re-exports
  --> src/ffi/mod.rs:94:9
   |
94 | pub use pointer::*;
   |         ^^^^^^^^^^ the name `validate_pointer` in the value namespace is first re-exported here
...
99 | pub use types::*;
   |         -------- but the name `validate_pointer` in the value namespace is also re-exported here
   |
   = note: `#[warn(ambiguous_glob_reexports)]` on by default

warning: unused variable: `width`
  --> src/ffi/lib.rs:85:14
   |
85 |         let (width, height) = renderer_box.dims();
   |              ^^^^^
   |
   = note: `#[warn(unused_variables)]` (part of `#[warn(unused)]`) on by default
help: if this is intentional, prefix it with an underscore
   |
85 |         let (_width, height) = renderer_box.dims();
   |              +
help: you might have meant to pattern match on the similarly named constant `MAX_SCRATCH`
   |
85 -         let (width, height) = renderer_box.dims();
85 +         let (widgets::display::image::sixel_encode::MAX_SCRATCH, height) = renderer_box.dims();
   |

warning: function `validate_pointer` is never used
   --> src/ffi/types.rs:182:15
    |
182 | pub(crate) fn validate_pointer<T>(ptr: *const T) -> bool {
    |               ^^^^^^^^^^^^^^^^
    |
    = note: `#[warn(dead_code)]` (part of `#[warn(unused)]`) on by default

warning: function `validate_mut_pointer` is never used
   --> src/ffi/types.rs:187:15
    |
187 | pub(crate) fn validate_mut_pointer<T>(ptr: *mut T) -> bool {
    |               ^^^^^^^^^^^^^^^^^^^^

warning: function `safe_cast` is never used
   --> src/ffi/types.rs:192:22
    |
192 | pub(crate) unsafe fn safe_cast<T, U>(ptr: *mut T) -> Result<*mut U, ReactiveError> {
    |                      ^^^^^^^^^

warning: function `safe_cast_const` is never used
   --> src/ffi/types.rs:206:22
    |
206 | pub(crate) unsafe fn safe_cast_const<T, U>(ptr: *const T) -> Result<*const U, ReactiveError> {
    |                      ^^^^^^^^^^^^^^^

warning: `reactive-tui` (lib) generated 6 warnings (run `cargo fix --lib -p reactive-tui` to apply 1 suggestion)
    Finished `dev` profile [unoptimized + debuginfo] target(s) in 6.77s
+ cargo +1.91.0 check --locked --jobs 8 --no-default-features --features embedded-terminal
 Downloading crates ...
  Downloaded libghostty-vt-sys v0.2.1
   Compiling proc-macro2-diagnostics v0.10.1
   Compiling libghostty-vt-sys v0.2.1
   Compiling reactive-tui v0.1.0 (/home/shawn/workspace2/reactive-tui)
   Compiling int-enum v1.2.0
error: failed to run custom build command for `libghostty-vt-sys v0.2.1`

Caused by:
  process didn't exit successfully: `/home/shawn/workspace2/scratchpads/suprnova-target/debug/build/libghostty-vt-sys-7c12732ce348a206/build-script-build` (exit status: 101)
  --- stdout
  cargo:rerun-if-env-changed=LIBGHOSTTY_VT_SYS_OPTIMIZE
  cargo:rerun-if-env-changed=GHOSTTY_SOURCE_DIR
  cargo:rerun-if-env-changed=GHOSTTY_ZIG_SYSTEM_DIR
  cargo:rerun-if-env-changed=TARGET
  cargo:rerun-if-env-changed=HOST
  cargo:rerun-if-env-changed=DEBUG
  cargo:rerun-if-env-changed=OPT_LEVEL
  cargo:rerun-if-changed=crates/libghostty-vt-sys/build.rs

  --- stderr
  Fetching ghostty a887df42c56f6de86c0fe6da9c4eeca37931e083 ...
  Cloning into '/home/shawn/workspace2/scratchpads/suprnova-target/debug/build/libghostty-vt-sys-7bc60bef8616dbe1/out/ghostty-src'...
  Note: switching to 'a887df42c56f6de86c0fe6da9c4eeca37931e083'.

  You are in 'detached HEAD' state. You can look around, make experimental
  changes and commit them, and you can discard any commits you make in this
  state without impacting any branches by switching back to a branch.

  If you want to create a new branch to retain commits you create, you may
  do so (now or later) by using -c with the switch command. Example:

    git switch -c <new-branch-name>

  Or undo this operation with:

    git switch -

  Turn off this advice by setting config variable advice.detachedHead to false

  HEAD is now at a887df42c terminal: bound page map probe lengths without tombstones (#13294)
  build.zig:27:62: error: member function expected 4 argument(s), found 3
      const file_version: ?[]const u8 = if (b.build_root.handle.readFileAlloc(
                                            ~~~~~~~~~~~~~~~~~~~^~~~~~~~~~~~~~
  /snap/zig/16117/lib/std/Io/Dir.zig:1326:5: note: function declared here
  pub fn readFileAlloc(
  ~~~~^~
  referenced by:
      runBuild__anon_34503: /snap/zig/16117/lib/std/Build.zig:2265:44
      main: /snap/zig/16117/lib/compiler/build_runner.zig:463:29
      5 reference(s) hidden; use '-freference-trace=7' to see all references
  src/build/zig.zig:13:9: error: Your Zig version v0.16.0 does not meet the required build version of v0.15.2
          @compileError(std.fmt.comptimePrint(
          ^~~~~~~~~~~~~
  build.zig:16:24: note: called at comptime here
      buildpkg.requireZig(minimum_zig_version);
      ~~~~~~~~~~~~~~~~~~~^~~~~~~~~~~~~~~~~~~~~

  thread 'main' (3785216) panicked at /home/shawn/.cargo/registry/src/index.crates.io-1949cf8c6b5b557f/libghostty-vt-sys-0.2.1/build.rs:366:5:
  zig build failed with status exit status: 2
  note: run with `RUST_BACKTRACE=1` environment variable to display a backtrace
