+ cargo package --manifest-path reactive-tui-macros/Cargo.toml
   Packaging reactive-tui-macros v0.1.0 (/home/shawn/workspace2/reactive-tui/reactive-tui-macros)
    Updating crates.io index
    Packaged 7 files, 21.8KiB (6.5KiB compressed)
   Verifying reactive-tui-macros v0.1.0 (/home/shawn/workspace2/reactive-tui/reactive-tui-macros)
   Compiling reactive-tui-macros v0.1.0 (/home/shawn/workspace2/scratchpads/suprnova-target/package/reactive-tui-macros-0.1.0)
    Finished `dev` profile [unoptimized + debuginfo] target(s) in 0.45s
+ cargo package --manifest-path src/backend/crossterm/Cargo.toml
   Packaging reactive-tui-crossterm v0.1.0 (/home/shawn/workspace2/reactive-tui/src/backend/crossterm)
    Updating crates.io index
    Packaged 54 files, 429.1KiB (89.3KiB compressed)
   Verifying reactive-tui-crossterm v0.1.0 (/home/shawn/workspace2/reactive-tui/src/backend/crossterm)
   Compiling reactive-tui-crossterm v0.1.0 (/home/shawn/workspace2/scratchpads/suprnova-target/package/reactive-tui-crossterm-0.1.0)
    Finished `dev` profile [unoptimized + debuginfo] target(s) in 0.56s
+ cargo package --manifest-path src/backend/engine/Cargo.toml
   Packaging reactive-tui-suprtui v0.1.0 (/home/shawn/workspace2/reactive-tui/src/backend/engine)
    Updating crates.io index
    Packaged 51 files, 866.6KiB (179.8KiB compressed)
   Verifying reactive-tui-suprtui v0.1.0 (/home/shawn/workspace2/reactive-tui/src/backend/engine)
   Compiling reactive-tui-suprtui v0.1.0 (/home/shawn/workspace2/scratchpads/suprnova-target/package/reactive-tui-suprtui-0.1.0)
    Finished `dev` profile [unoptimized + debuginfo] target(s) in 0.86s
+ cargo +1.91.0 check --locked --jobs 8 --no-default-features
    Finished `dev` profile [unoptimized + debuginfo] target(s) in 0.20s
+ cargo +1.91.0 check --locked --jobs 8
    Finished `dev` profile [unoptimized + debuginfo] target(s) in 0.08s
+ cargo +1.91.0 check --locked --jobs 8 --no-default-features --features ffi
warning: ambiguous glob re-exports
  --> src/ffi/mod.rs:94:9
   |
94 | pub use pointer::*;
   |         ^^^^^^^^^^ the name `validate_pointer` in the value namespace is first re-exported here
...
99 | pub use types::*;
   |         -------- but the name `validate_pointer` in the value namespace is also re-exported here
   |
   = note: `#[warn(ambiguous_glob_reexports)]` on by default

warning: unused variable: `width`
  --> src/ffi/lib.rs:85:14
   |
85 |         let (width, height) = renderer_box.dims();
   |              ^^^^^
   |
   = note: `#[warn(unused_variables)]` (part of `#[warn(unused)]`) on by default
help: if this is intentional, prefix it with an underscore
   |
85 |         let (_width, height) = renderer_box.dims();
   |              +
help: you might have meant to pattern match on the similarly named constant `MAX_SCRATCH`
   |
85 -         let (width, height) = renderer_box.dims();
85 +         let (widgets::display::image::sixel_encode::MAX_SCRATCH, height) = renderer_box.dims();
   |

warning: function `validate_pointer` is never used
   --> src/ffi/types.rs:182:15
    |
182 | pub(crate) fn validate_pointer<T>(ptr: *const T) -> bool {
    |               ^^^^^^^^^^^^^^^^
    |
    = note: `#[warn(dead_code)]` (part of `#[warn(unused)]`) on by default

warning: function `validate_mut_pointer` is never used
   --> src/ffi/types.rs:187:15
    |
187 | pub(crate) fn validate_mut_pointer<T>(ptr: *mut T) -> bool {
    |               ^^^^^^^^^^^^^^^^^^^^

warning: function `safe_cast` is never used
   --> src/ffi/types.rs:192:22
    |
192 | pub(crate) unsafe fn safe_cast<T, U>(ptr: *mut T) -> Result<*mut U, ReactiveError> {
    |                      ^^^^^^^^^

warning: function `safe_cast_const` is never used
   --> src/ffi/types.rs:206:22
    |
206 | pub(crate) unsafe fn safe_cast_const<T, U>(ptr: *const T) -> Result<*const U, ReactiveError> {
    |                      ^^^^^^^^^^^^^^^

warning: `reactive-tui` (lib) generated 6 warnings (run `cargo fix --lib -p reactive-tui` to apply 1 suggestion)
    Finished `dev` profile [unoptimized + debuginfo] target(s) in 0.08s
+ mise exec zig@0.15.2 -- cargo +1.91.0 check --locked --jobs 8 --no-default-features --features embedded-terminal
   Compiling libghostty-vt-sys v0.2.1
error: failed to run custom build command for `libghostty-vt-sys v0.2.1`

Caused by:
  process didn't exit successfully: `/home/shawn/workspace2/scratchpads/suprnova-target/debug/build/libghostty-vt-sys-7c12732ce348a206/build-script-build` (exit status: 101)
  --- stdout
  cargo:rerun-if-env-changed=LIBGHOSTTY_VT_SYS_OPTIMIZE
  cargo:rerun-if-env-changed=GHOSTTY_SOURCE_DIR
  cargo:rerun-if-env-changed=GHOSTTY_ZIG_SYSTEM_DIR
  cargo:rerun-if-env-changed=TARGET
  cargo:rerun-if-env-changed=HOST
  cargo:rerun-if-env-changed=DEBUG
  cargo:rerun-if-env-changed=OPT_LEVEL
  cargo:rerun-if-changed=crates/libghostty-vt-sys/build.rs

  --- stderr
  /home/shawn/.cache/zig/p/vaxis-0.5.1-BWNV_LosCQAGmCCNOLljCIw6j6-yt53tji6n6rwJ2BhS/build.zig.zon:9:20: error: bad HTTP response code: '504 Gateway Timeout'
              .url = "https://github.com/ivanstepanovftw/zigimg/archive/d7b7ab0ba0899643831ef042bd73289510b39906.tar.gz",
                     ^~~~~~~~~~~~~~~~~~~~~~~~~~~~~~~~~~~~~~~~~~~~~~~~~~~~~~~~~~~~~~~~~~~~~~~~~~~~~~~~~~~~~~~~~~~~~~~~~~~

  thread 'main' (3824273) panicked at /home/shawn/.cargo/registry/src/index.crates.io-1949cf8c6b5b557f/libghostty-vt-sys-0.2.1/build.rs:366:5:
  zig build failed with status exit status: 1
  note: run with `RUST_BACKTRACE=1` environment variable to display a backtrace
