A11Y # GNOME Terminal 3.58.0 using VTE 0.84.0 +BIDI +GNUTLS +ICU +SYSTEMD
dbus-daemon[1070744]: [session uid=1000 pid=1070744 pidfd=5] Activating service name='org.a11y.Bus' requested by ':1.0' (uid=1000 pid=1070752 comm="/usr/bin/python3 /usr/bin/orca --version" label="unconfined")
dbus-daemon[1070744]: [session uid=1000 pid=1070744 pidfd=5] Successfully activated service 'org.a11y.Bus'
dbus-daemon[1070744]: [session uid=1000 pid=1070744 pidfd=5] Activating service name='org.gtk.vfs.Daemon' requested by ':1.3' (uid=1000 pid=1070882 comm="/usr/lib/x86_64-linux-gnu/../../lib/x86_64-linux-g" label="unconfined")
dbus-daemon[1070744]: [session uid=1000 pid=1070744 pidfd=5] Successfully activated service 'org.gtk.vfs.Daemon'
dbus-daemon[1070851]: Activating service name='org.a11y.atspi.Registry' requested by ':1.0' (uid=1000 pid=1070752 comm="/usr/bin/python3 /usr/bin/orca --version" label="unconfined")
dbus-daemon[1070851]: Successfully activated service 'org.a11y.atspi.Registry'
SpiRegistry daemon is running with well-known name - org.a11y.atspi.Registry
A11Y Orca version 50.1.2, AT-SPI2 version: 2.60.0, Session: x11 gnome
A11Y isolated X11/Xvfb viewport 60x16
dbus-daemon[1070744]: [session uid=1000 pid=1070744 pidfd=5] Activating service name='ca.desrt.dconf' requested by ':1.7' (uid=1000 pid=1071484 comm="/usr/bin/python3 /usr/bin/orca --debug-file /tmp/r" label="unconfined")
dbus-daemon[1070744]: [session uid=1000 pid=1070744 pidfd=5] Successfully activated service 'ca.desrt.dconf'
dbus-daemon[1070744]: [session uid=1000 pid=1070744 pidfd=5] Activating service name='org.gnome.Terminal' requested by ':1.9' (uid=1000 pid=1071690 comm="gnome-terminal --display=:1 --geometry=60x16 --wai" label="unconfined")
dbus-daemon[1070744]: [session uid=1000 pid=1070744 pidfd=5] Activating service name='org.freedesktop.portal.Desktop' requested by ':1.10' (uid=1000 pid=1071701 comm="/usr/libexec/gnome-terminal-server" label="unconfined")
dbus-daemon[1070744]: [session uid=1000 pid=1070744 pidfd=5] Activating service name='org.freedesktop.impl.portal.PermissionStore' requested by ':1.11' (uid=1000 pid=1071716 comm="/usr/libexec/xdg-desktop-portal" label="unconfined")
dbus-daemon[1070744]: [session uid=1000 pid=1070744 pidfd=5] Successfully activated service 'org.freedesktop.impl.portal.PermissionStore'
dbus-daemon[1070744]: [session uid=1000 pid=1070744 pidfd=5] Activating service name='org.freedesktop.portal.Documents' requested by ':1.11' (uid=1000 pid=1071716 comm="/usr/libexec/xdg-desktop-portal" label="unconfined")
dbus-daemon[1070744]: [session uid=1000 pid=1070744 pidfd=5] Successfully activated service 'org.freedesktop.portal.Documents'

(/usr/libexec/xdg-desktop-portal:1071716): xdg-desktop-portal-WARNING **: 12:40:38.290: Choosing gnome.portal for org.freedesktop.impl.portal.Lockdown via the deprecated UseIn key

(/usr/libexec/xdg-desktop-portal:1071716): xdg-desktop-portal-WARNING **: 12:40:38.290: The preferred method to match portal implementations to desktop environments is to use the portals.conf(5) configuration file
dbus-daemon[1070744]: [session uid=1000 pid=1070744 pidfd=5] Activating service name='org.freedesktop.impl.portal.desktop.gnome' requested by ':1.11' (uid=1000 pid=1071716 comm="/usr/libexec/xdg-desktop-portal" label="unconfined")
libEGL warning: DRI3 error: Could not get DRI3 device
libEGL warning: Ensure your X server supports DRI3 to get accelerated rendering
dbus-daemon[1070744]: [session uid=1000 pid=1070744 pidfd=5] Successfully activated service 'org.freedesktop.impl.portal.desktop.gnome'

(/usr/libexec/xdg-desktop-portal:1071716): xdg-desktop-portal-WARNING **: 12:40:38.465: Choosing gnome.portal for org.freedesktop.impl.portal.Access via the deprecated UseIn key

(/usr/libexec/xdg-desktop-portal:1071716): xdg-desktop-portal-WARNING **: 12:40:38.474: Choosing gnome.portal for org.freedesktop.impl.portal.Settings via the deprecated UseIn key

(/usr/libexec/xdg-desktop-portal:1071716): xdg-desktop-portal-WARNING **: 12:40:38.474: Choosing gtk.portal for org.freedesktop.impl.portal.Settings via the deprecated UseIn key
dbus-daemon[1070744]: [session uid=1000 pid=1070744 pidfd=5] Activating service name='org.freedesktop.impl.portal.desktop.gtk' requested by ':1.11' (uid=1000 pid=1071716 comm="/usr/libexec/xdg-desktop-portal" label="unconfined")
dbus-daemon[1070744]: [session uid=1000 pid=1070744 pidfd=5] Successfully activated service 'org.freedesktop.impl.portal.desktop.gtk'

(/usr/libexec/xdg-desktop-portal:1071716): xdg-desktop-portal-WARNING **: 12:40:38.496: Choosing gnome.portal for org.freedesktop.impl.portal.FileChooser via the deprecated UseIn key

(/usr/libexec/xdg-desktop-portal:1071716): xdg-desktop-portal-WARNING **: 12:40:38.497: Choosing gnome.portal for org.freedesktop.impl.portal.AppChooser via the deprecated UseIn key

(/usr/libexec/xdg-desktop-portal:1071716): xdg-desktop-portal-WARNING **: 12:40:38.497: Choosing gnome.portal for org.freedesktop.impl.portal.Print via the deprecated UseIn key

(/usr/libexec/xdg-desktop-portal:1071716): xdg-desktop-portal-WARNING **: 12:40:38.497: Choosing gnome.portal for org.freedesktop.impl.portal.Notification via the deprecated UseIn key

(/usr/libexec/xdg-desktop-portal:1071716): xdg-desktop-portal-WARNING **: 12:40:38.498: Choosing gtk.portal for org.freedesktop.impl.portal.Inhibit via the deprecated UseIn key

(/usr/libexec/xdg-desktop-portal:1071716): xdg-desktop-portal-WARNING **: 12:40:38.503: Failed to connect to PipeWire: Couldn't connect to PipeWire

(/usr/libexec/xdg-desktop-portal:1071716): xdg-desktop-portal-WARNING **: 12:40:38.503: Choosing gnome.portal for org.freedesktop.impl.portal.Screenshot via the deprecated UseIn key

(/usr/libexec/xdg-desktop-portal:1071716): xdg-desktop-portal-WARNING **: 12:40:38.503: Choosing gnome.portal for org.freedesktop.impl.portal.Background via the deprecated UseIn key

(/usr/libexec/xdg-desktop-portal:1071716): xdg-desktop-portal-WARNING **: 12:40:38.504: Choosing gnome.portal for org.freedesktop.impl.portal.Wallpaper via the deprecated UseIn key

(/usr/libexec/xdg-desktop-portal:1071716): xdg-desktop-portal-WARNING **: 12:40:38.504: Choosing gnome.portal for org.freedesktop.impl.portal.Account via the deprecated UseIn key

(/usr/libexec/xdg-desktop-portal:1071716): xdg-desktop-portal-WARNING **: 12:40:38.505: Choosing gtk.portal for org.freedesktop.impl.portal.Email via the deprecated UseIn key

(/usr/libexec/xdg-desktop-portal:1071716): xdg-desktop-portal-WARNING **: 12:40:38.505: Choosing gnome-keyring.portal for org.freedesktop.impl.portal.Secret via the deprecated UseIn key

(/usr/libexec/xdg-desktop-portal:1071716): xdg-desktop-portal-WARNING **: 12:40:38.505: Choosing gnome.portal for org.freedesktop.impl.portal.GlobalShortcuts via the deprecated UseIn key
dbus-daemon[1070744]: [session uid=1000 pid=1070744 pidfd=5] Activating service name='org.freedesktop.secrets' requested by ':1.11' (uid=1000 pid=1071716 comm="/usr/libexec/xdg-desktop-portal" label="unconfined")

(/usr/libexec/xdg-desktop-portal:1071716): xdg-desktop-portal-WARNING **: 12:40:38.506: Choosing gnome.portal for org.freedesktop.impl.portal.DynamicLauncher via the deprecated UseIn key

(/usr/libexec/xdg-desktop-portal:1071716): xdg-desktop-portal-WARNING **: 12:40:38.507: Choosing gnome.portal for org.freedesktop.impl.portal.ScreenCast via the deprecated UseIn key

(/usr/libexec/xdg-desktop-portal:1071716): xdg-desktop-portal-WARNING **: 12:40:38.507: Choosing gnome.portal for org.freedesktop.impl.portal.RemoteDesktop via the deprecated UseIn key

(/usr/libexec/xdg-desktop-portal:1071716): xdg-desktop-portal-WARNING **: 12:40:38.507: Choosing gnome.portal for org.freedesktop.impl.portal.Clipboard via the deprecated UseIn key

(/usr/libexec/xdg-desktop-portal:1071716): xdg-desktop-portal-WARNING **: 12:40:38.508: Choosing gnome.portal for org.freedesktop.impl.portal.InputCapture via the deprecated UseIn key

(/usr/libexec/xdg-desktop-portal:1071716): xdg-desktop-portal-WARNING **: 12:40:38.508: Choosing gnome.portal for org.freedesktop.impl.portal.Usb via the deprecated UseIn key
** Message: 12:40:38.513: couldn't access control socket: /tmp/rtui-orca-5ob9y6w_/runtime/keyring/control: No such file or directory
discover_other_daemon: 0dbus-daemon[1070744]: [session uid=1000 pid=1070744 pidfd=5] Successfully activated service 'org.freedesktop.secrets'
dbus-daemon[1070744]: [session uid=1000 pid=1070744 pidfd=5] Successfully activated service 'org.freedesktop.portal.Desktop'
dbus-daemon[1070744]: [session uid=1000 pid=1070744 pidfd=5] Successfully activated service 'org.gnome.Terminal'
dbus-daemon[1070744]: [session uid=1000 pid=1070744 pidfd=5] Activating service name='org.gtk.vfs.Metadata' requested by ':1.10' (uid=1000 pid=1071701 comm="/usr/libexec/gnome-terminal-server" label="unconfined")
dbus-daemon[1070744]: [session uid=1000 pid=1070744 pidfd=5] Successfully activated service 'org.gtk.vfs.Metadata'

(process:1070745): dbind-WARNING **: 12:40:38.840: AT-SPI: AddAccessible with unknown signature (so)(so)(so)iiassusau


(process:1070745): dbind-WARNING **: 12:40:38.840: AT-SPI: AddAccessible with unknown signature (so)(so)(so)iiassusau


(process:1070745): dbind-WARNING **: 12:40:38.840: AT-SPI: AddAccessible with unknown signature (so)(so)(so)iiassusau


(process:1070745): dbind-WARNING **: 12:40:38.840: AT-SPI: AddAccessible with unknown signature (so)(so)(so)iiassusau


(process:1070745): dbind-WARNING **: 12:40:38.840: AT-SPI: AddAccessible with unknown signature (so)(so)(so)iiassusau


(process:1070745): dbind-WARNING **: 12:40:38.840: AT-SPI: AddAccessible with unknown signature (so)(so)(so)iiassusau


(process:1070745): dbind-WARNING **: 12:40:38.840: AT-SPI: AddAccessible with unknown signature (so)(so)(so)iiassusau


(process:1070745): dbind-WARNING **: 12:40:38.840: AT-SPI: AddAccessible with unknown signature (so)(so)(so)iiassusau


(process:1070745): dbind-WARNING **: 12:40:38.840: AT-SPI: AddAccessible with unknown signature (so)(so)(so)iiassusau


(process:1070745): dbind-WARNING **: 12:40:38.840: AT-SPI: AddAccessible with unknown signature (so)(so)(so)iiassusau

/home/shawn/workspace2/reactive-tui/tests/api_widget_behavior/orca.py:241: DeprecationWarning: Atspi.Action.get_action_name is deprecated
  assert action.get_action_name(0) == "click"

(process:1070745): dbind-WARNING **: 12:40:39.122: AT-SPI: AddAccessible with unknown signature (so)(so)(so)iiassusau


(process:1070745): dbind-WARNING **: 12:40:39.122: AT-SPI: AddAccessible with unknown signature (so)(so)(so)iiassusau


(process:1070745): dbind-WARNING **: 12:40:39.585: AT-SPI: AddAccessible with unknown signature (so)(so)(so)iiassusau


(process:1070745): dbind-WARNING **: 12:40:39.585: AT-SPI: Unknown signature so for RemoveAccessible

(process:1070745): dbind-WARNING **: 12:40:39.585: AT-SPI: Unknown signature so for RemoveAccessible

(process:1070745): dbind-WARNING **: 12:40:39.622: AT-SPI: Unknown signature so for RemoveAccessible

(process:1070745): dbind-WARNING **: 12:40:39.685: AT-SPI: AddAccessible with unknown signature (so)(so)(so)iiassusau


(process:1070745): dbind-WARNING **: 12:40:39.685: AT-SPI: AddAccessible with unknown signature (so)(so)(so)iiassusau


(process:1070745): dbind-WARNING **: 12:40:39.720: AT-SPI: AddAccessible with unknown signature (so)(so)(so)iiassusau


(process:1070745): dbind-WARNING **: 12:40:39.720: AT-SPI: AddAccessible with unknown signature (so)(so)(so)iiassusau


(process:1070745): dbind-WARNING **: 12:40:39.720: AT-SPI: AddAccessible with unknown signature (so)(so)(so)iiassusau


(process:1070745): dbind-WARNING **: 12:40:39.720: AT-SPI: AddAccessible with unknown signature (so)(so)(so)iiassusau


(process:1070745): dbind-WARNING **: 12:40:39.720: AT-SPI: AddAccessible with unknown signature (so)(so)(so)iiassusau


(process:1070745): dbind-WARNING **: 12:40:39.720: AT-SPI: Unknown signature so for RemoveAccessible

(process:1070745): dbind-WARNING **: 12:40:39.720: AT-SPI: Unknown signature so for RemoveAccessible

(process:1070745): dbind-WARNING **: 12:40:39.720: AT-SPI: Unknown signature so for RemoveAccessible

(process:1070745): dbind-WARNING **: 12:40:39.720: AT-SPI: Unknown signature so for RemoveAccessible

(process:1070745): dbind-WARNING **: 12:40:39.720: AT-SPI: Unknown signature so for RemoveAccessible
A11Y round 1: labels, roles, focus, disabled actions, expansion, nested input and removal passed

(process:1070745): dbind-WARNING **: 12:40:40.019: AT-SPI: AddAccessible with unknown signature (so)(so)(so)iiassusau


(process:1070745): dbind-WARNING **: 12:40:40.019: AT-SPI: Unknown signature so for RemoveAccessible

(process:1070745): dbind-WARNING **: 12:40:40.019: AT-SPI: Unknown signature so for RemoveAccessible

(process:1070745): dbind-WARNING **: 12:40:40.019: AT-SPI: Unknown signature so for RemoveAccessible

(process:1070745): dbind-WARNING **: 12:40:40.019: AT-SPI: Unknown signature so for RemoveAccessible

(process:1070745): dbind-WARNING **: 12:40:40.019: AT-SPI: Unknown signature so for RemoveAccessible
A11Y breadcrumb: labels, link roles, current page announcement, inert actions, assistive and keyboard focus, activation and removal passed

(process:1070745): dbind-WARNING **: 12:40:40.053: AT-SPI: AddAccessible with unknown signature (so)(so)(so)iiassusau


(process:1070745): dbind-WARNING **: 12:40:40.053: AT-SPI: AddAccessible with unknown signature (so)(so)(so)iiassusau


(process:1070745): dbind-WARNING **: 12:40:40.053: AT-SPI: AddAccessible with unknown signature (so)(so)(so)iiassusau


(process:1070745): dbind-WARNING **: 12:40:40.053: AT-SPI: AddAccessible with unknown signature (so)(so)(so)iiassusau


(process:1070745): dbind-WARNING **: 12:40:40.053: AT-SPI: AddAccessible with unknown signature (so)(so)(so)iiassusau


(process:1070745): dbind-WARNING **: 12:40:40.053: AT-SPI: AddAccessible with unknown signature (so)(so)(so)iiassusau


(process:1070745): dbind-WARNING **: 12:40:40.053: AT-SPI: AddAccessible with unknown signature (so)(so)(so)iiassusau


(process:1070745): dbind-WARNING **: 12:40:40.053: AT-SPI: Unknown signature so for RemoveAccessible
A11Y CSS: reference labels, description, role, focus, pressed update, live announcement and hidden state passed

(process:1070745): dbind-WARNING **: 12:40:40.394: AT-SPI: AddAccessible with unknown signature (so)(so)(so)iiassusau


(process:1070745): dbind-WARNING **: 12:40:40.394: AT-SPI: AddAccessible with unknown signature (so)(so)(so)iiassusau


(process:1070745): dbind-WARNING **: 12:40:40.394: AT-SPI: AddAccessible with unknown signature (so)(so)(so)iiassusau


(process:1070745): dbind-WARNING **: 12:40:40.394: AT-SPI: Unknown signature so for RemoveAccessible

(process:1070745): dbind-WARNING **: 12:40:40.394: AT-SPI: Unknown signature so for RemoveAccessible

(process:1070745): dbind-WARNING **: 12:40:40.394: AT-SPI: Unknown signature so for RemoveAccessible

(process:1070745): dbind-WARNING **: 12:40:40.394: AT-SPI: Unknown signature so for RemoveAccessible

(process:1070745): dbind-WARNING **: 12:40:40.394: AT-SPI: Unknown signature so for RemoveAccessible

(process:1070745): dbind-WARNING **: 12:40:40.394: AT-SPI: Unknown signature so for RemoveAccessible

(process:1070745): dbind-WARNING **: 12:40:40.394: AT-SPI: Unknown signature so for RemoveAccessible
A11Y checkbox: role, distinct label, mixed/checked/unchecked speech, focus, assistive/keyboard toggles and disabled actions passed
A11Y slider: label, role, focus, numeric bounds, keyboard step and changed value speech passed

(process:1070745): dbind-WARNING **: 12:40:40.753: AT-SPI: AddAccessible with unknown signature (so)(so)(so)iiassusau


(process:1070745): dbind-WARNING **: 12:40:40.753: AT-SPI: AddAccessible with unknown signature (so)(so)(so)iiassusau


(process:1070745): dbind-WARNING **: 12:40:40.753: AT-SPI: AddAccessible with unknown signature (so)(so)(so)iiassusau


(process:1070745): dbind-WARNING **: 12:40:40.753: AT-SPI: AddAccessible with unknown signature (so)(so)(so)iiassusau


(process:1070745): dbind-WARNING **: 12:40:40.753: AT-SPI: Unknown signature so for RemoveAccessible

(process:1070745): dbind-WARNING **: 12:40:40.753: AT-SPI: Unknown signature so for RemoveAccessible

(process:1070745): dbind-WARNING **: 12:40:40.753: AT-SPI: Unknown signature so for RemoveAccessible
A11Y radio: group/option roles, labels, focus, disabled skipping, exclusive keyboard and assistive selection passed

(process:1070745): dbind-WARNING **: 12:40:41.061: AT-SPI: AddAccessible with unknown signature (so)(so)(so)iiassusau


(process:1070745): dbind-WARNING **: 12:40:41.061: AT-SPI: AddAccessible with unknown signature (so)(so)(so)iiassusau


(process:1070745): dbind-WARNING **: 12:40:41.061: AT-SPI: Unknown signature so for RemoveAccessible

(process:1070745): dbind-WARNING **: 12:40:41.061: AT-SPI: Unknown signature so for RemoveAccessible

(process:1070745): dbind-WARNING **: 12:40:41.061: AT-SPI: Unknown signature so for RemoveAccessible

(process:1070745): dbind-WARNING **: 12:40:41.061: AT-SPI: Unknown signature so for RemoveAccessible
A11Y named radios: roles, labels, focus and exclusive group selection passed

(process:1070745): dbind-WARNING **: 12:40:41.281: AT-SPI: AddAccessible with unknown signature (so)(so)(so)iiassusau


(process:1070745): dbind-WARNING **: 12:40:41.281: AT-SPI: Unknown signature so for RemoveAccessible

(process:1070745): dbind-WARNING **: 12:40:41.281: AT-SPI: Unknown signature so for RemoveAccessible

(process:1070745): dbind-WARNING **: 12:40:41.316: AT-SPI: AddAccessible with unknown signature (so)(so)(so)iiassusau


(process:1070745): dbind-WARNING **: 12:40:41.316: AT-SPI: AddAccessible with unknown signature (so)(so)(so)iiassusau


(process:1070745): dbind-WARNING **: 12:40:41.316: AT-SPI: AddAccessible with unknown signature (so)(so)(so)iiassusau


(process:1070745): dbind-WARNING **: 12:40:41.316: AT-SPI: AddAccessible with unknown signature (so)(so)(so)iiassusau


(process:1070745): dbind-WARNING **: 12:40:41.349: AT-SPI: Unknown signature so for RemoveAccessible

(process:1070745): dbind-WARNING **: 12:40:41.349: AT-SPI: Unknown signature so for RemoveAccessible

(process:1070745): dbind-WARNING **: 12:40:41.349: AT-SPI: Unknown signature so for RemoveAccessible

(process:1070745): dbind-WARNING **: 12:40:41.349: AT-SPI: Unknown signature so for RemoveAccessible

(process:1070745): dbind-WARNING **: 12:40:41.382: AT-SPI: AddAccessible with unknown signature (so)(so)(so)iiassusau


(process:1070745): dbind-WARNING **: 12:40:41.382: AT-SPI: AddAccessible with unknown signature (so)(so)(so)iiassusau


(process:1070745): dbind-WARNING **: 12:40:41.382: AT-SPI: AddAccessible with unknown signature (so)(so)(so)iiassusau


(process:1070745): dbind-WARNING **: 12:40:41.382: AT-SPI: AddAccessible with unknown signature (so)(so)(so)iiassusau


(process:1070745): dbind-WARNING **: 12:40:41.582: AT-SPI: Unknown signature so for RemoveAccessible

(process:1070745): dbind-WARNING **: 12:40:41.582: AT-SPI: Unknown signature so for RemoveAccessible

(process:1070745): dbind-WARNING **: 12:40:41.582: AT-SPI: Unknown signature so for RemoveAccessible

(process:1070745): dbind-WARNING **: 12:40:41.582: AT-SPI: Unknown signature so for RemoveAccessible

(process:1070745): dbind-WARNING **: 12:40:41.586: AT-SPI: AddAccessible with unknown signature (so)(so)(so)iiassusau


(process:1070745): dbind-WARNING **: 12:40:41.586: AT-SPI: AddAccessible with unknown signature (so)(so)(so)iiassusau


(process:1070745): dbind-WARNING **: 12:40:41.586: AT-SPI: AddAccessible with unknown signature (so)(so)(so)iiassusau


(process:1070745): dbind-WARNING **: 12:40:41.586: AT-SPI: AddAccessible with unknown signature (so)(so)(so)iiassusau


(process:1070745): dbind-WARNING **: 12:40:41.782: AT-SPI: Unknown signature so for RemoveAccessible

(process:1070745): dbind-WARNING **: 12:40:41.782: AT-SPI: Unknown signature so for RemoveAccessible

(process:1070745): dbind-WARNING **: 12:40:41.782: AT-SPI: Unknown signature so for RemoveAccessible

(process:1070745): dbind-WARNING **: 12:40:41.782: AT-SPI: Unknown signature so for RemoveAccessible

(process:1070745): dbind-WARNING **: 12:40:41.815: AT-SPI: AddAccessible with unknown signature (so)(so)(so)iiassusau


(process:1070745): dbind-WARNING **: 12:40:41.815: AT-SPI: Unknown signature so for RemoveAccessible

(process:1070745): dbind-WARNING **: 12:40:41.850: AT-SPI: AddAccessible with unknown signature (so)(so)(so)iiassusau


(process:1070745): dbind-WARNING **: 12:40:41.850: AT-SPI: AddAccessible with unknown signature (so)(so)(so)iiassusau


(process:1070745): dbind-WARNING **: 12:40:41.850: AT-SPI: AddAccessible with unknown signature (so)(so)(so)iiassusau


(process:1070745): dbind-WARNING **: 12:40:42.207: AT-SPI: Unknown signature so for RemoveAccessible

(process:1070745): dbind-WARNING **: 12:40:42.207: AT-SPI: Unknown signature so for RemoveAccessible

(process:1070745): dbind-WARNING **: 12:40:42.207: AT-SPI: Unknown signature so for RemoveAccessible
A11Y select: combo/list/option roles, labels, expansion, focus, disabled skipping, single/multiple assistive and keyboard selection with selection speech passed

(process:1070745): dbind-WARNING **: 12:40:42.250: AT-SPI: AddAccessible with unknown signature (so)(so)(so)iiassusau


(process:1070745): dbind-WARNING **: 12:40:42.250: AT-SPI: AddAccessible with unknown signature (so)(so)(so)iiassusau


(process:1070745): dbind-WARNING **: 12:40:42.250: AT-SPI: AddAccessible with unknown signature (so)(so)(so)iiassusau


(process:1070745): dbind-WARNING **: 12:40:42.250: AT-SPI: AddAccessible with unknown signature (so)(so)(so)iiassusau


(process:1070745): dbind-WARNING **: 12:40:42.250: AT-SPI: Unknown signature so for RemoveAccessible

(process:1070745): dbind-WARNING **: 12:40:42.295: AT-SPI: AddAccessible with unknown signature (so)(so)(so)iiassusau


(process:1070745): dbind-WARNING **: 12:40:42.295: AT-SPI: AddAccessible with unknown signature (so)(so)(so)iiassusau


(process:1070745): dbind-WARNING **: 12:40:42.295: AT-SPI: AddAccessible with unknown signature (so)(so)(so)iiassusau


(process:1070745): dbind-WARNING **: 12:40:42.295: AT-SPI: AddAccessible with unknown signature (so)(so)(so)iiassusau


(process:1070745): dbind-WARNING **: 12:40:42.295: AT-SPI: AddAccessible with unknown signature (so)(so)(so)iiassusau


(process:1070745): dbind-WARNING **: 12:40:42.295: AT-SPI: AddAccessible with unknown signature (so)(so)(so)iiassusau


(process:1070745): dbind-WARNING **: 12:40:42.295: AT-SPI: AddAccessible with unknown signature (so)(so)(so)iiassusau


(process:1070745): dbind-WARNING **: 12:40:42.295: AT-SPI: AddAccessible with unknown signature (so)(so)(so)iiassusau


(process:1070745): dbind-WARNING **: 12:40:42.428: AT-SPI: Unknown signature so for RemoveAccessible

(process:1070745): dbind-WARNING **: 12:40:42.428: AT-SPI: Unknown signature so for RemoveAccessible

(process:1070745): dbind-WARNING **: 12:40:42.428: AT-SPI: Unknown signature so for RemoveAccessible

(process:1070745): dbind-WARNING **: 12:40:42.428: AT-SPI: Unknown signature so for RemoveAccessible

(process:1070745): dbind-WARNING **: 12:40:42.428: AT-SPI: Unknown signature so for RemoveAccessible

(process:1070745): dbind-WARNING **: 12:40:42.428: AT-SPI: Unknown signature so for RemoveAccessible

(process:1070745): dbind-WARNING **: 12:40:42.428: AT-SPI: Unknown signature so for RemoveAccessible

(process:1070745): dbind-WARNING **: 12:40:42.428: AT-SPI: Unknown signature so for RemoveAccessible

(process:1070745): dbind-WARNING **: 12:40:42.462: AT-SPI: AddAccessible with unknown signature (so)(so)(so)iiassusau


(process:1070745): dbind-WARNING **: 12:40:42.462: AT-SPI: AddAccessible with unknown signature (so)(so)(so)iiassusau


(process:1070745): dbind-WARNING **: 12:40:42.462: AT-SPI: AddAccessible with unknown signature (so)(so)(so)iiassusau


(process:1070745): dbind-WARNING **: 12:40:42.462: AT-SPI: AddAccessible with unknown signature (so)(so)(so)iiassusau


(process:1070745): dbind-WARNING **: 12:40:42.462: AT-SPI: AddAccessible with unknown signature (so)(so)(so)iiassusau


(process:1070745): dbind-WARNING **: 12:40:42.462: AT-SPI: AddAccessible with unknown signature (so)(so)(so)iiassusau


(process:1070745): dbind-WARNING **: 12:40:42.462: AT-SPI: AddAccessible with unknown signature (so)(so)(so)iiassusau


(process:1070745): dbind-WARNING **: 12:40:42.462: AT-SPI: AddAccessible with unknown signature (so)(so)(so)iiassusau


(process:1070745): dbind-WARNING **: 12:40:42.694: AT-SPI: AddAccessible with unknown signature (so)(so)(so)iiassusau


(process:1070745): dbind-WARNING **: 12:40:42.694: AT-SPI: AddAccessible with unknown signature (so)(so)(so)iiassusau


(process:1070745): dbind-WARNING **: 12:40:42.694: AT-SPI: AddAccessible with unknown signature (so)(so)(so)iiassusau


(process:1070745): dbind-WARNING **: 12:40:42.879: AT-SPI: Unknown signature so for RemoveAccessible

(process:1070745): dbind-WARNING **: 12:40:42.879: AT-SPI: Unknown signature so for RemoveAccessible

(process:1070745): dbind-WARNING **: 12:40:42.879: AT-SPI: Unknown signature so for RemoveAccessible

(process:1070745): dbind-WARNING **: 12:40:42.879: AT-SPI: Unknown signature so for RemoveAccessible

(process:1070745): dbind-WARNING **: 12:40:42.879: AT-SPI: Unknown signature so for RemoveAccessible

(process:1070745): dbind-WARNING **: 12:40:42.879: AT-SPI: Unknown signature so for RemoveAccessible

(process:1070745): dbind-WARNING **: 12:40:42.879: AT-SPI: Unknown signature so for RemoveAccessible

(process:1070745): dbind-WARNING **: 12:40:42.879: AT-SPI: Unknown signature so for RemoveAccessible

(process:1070745): dbind-WARNING **: 12:40:42.879: AT-SPI: Unknown signature so for RemoveAccessible

(process:1070745): dbind-WARNING **: 12:40:42.879: AT-SPI: Unknown signature so for RemoveAccessible

(process:1070745): dbind-WARNING **: 12:40:42.879: AT-SPI: Unknown signature so for RemoveAccessible
A11Y menu family 1: roles, disabled actions, assistive/keyboard focus, nested activation and removal passed

(process:1070745): dbind-WARNING **: 12:40:42.918: AT-SPI: Unknown signature so for RemoveAccessible

(process:1070745): dbind-WARNING **: 12:40:42.918: AT-SPI: Unknown signature so for RemoveAccessible

(process:1070745): dbind-WARNING **: 12:40:42.918: AT-SPI: Unknown signature so for RemoveAccessible

(process:1070745): dbind-WARNING **: 12:40:42.918: AT-SPI: AddAccessible with unknown signature (so)(so)(so)iiassusau


(process:1070745): dbind-WARNING **: 12:40:42.918: AT-SPI: AddAccessible with unknown signature (so)(so)(so)iiassusau


(process:1070745): dbind-WARNING **: 12:40:42.918: AT-SPI: AddAccessible with unknown signature (so)(so)(so)iiassusau


(process:1070745): dbind-WARNING **: 12:40:42.918: AT-SPI: AddAccessible with unknown signature (so)(so)(so)iiassusau


(process:1070745): dbind-WARNING **: 12:40:42.918: AT-SPI: AddAccessible with unknown signature (so)(so)(so)iiassusau


(process:1070745): dbind-WARNING **: 12:40:42.919: AT-SPI: AddAccessible with unknown signature (so)(so)(so)iiassusau


(process:1070745): dbind-WARNING **: 12:40:42.919: AT-SPI: AddAccessible with unknown signature (so)(so)(so)iiassusau


(process:1070745): dbind-WARNING **: 12:40:42.920: AT-SPI: AddAccessible with unknown signature (so)(so)(so)iiassusau


(process:1070745): dbind-WARNING **: 12:40:42.920: AT-SPI: AddAccessible with unknown signature (so)(so)(so)iiassusau


(process:1070745): dbind-WARNING **: 12:40:43.350: AT-SPI: AddAccessible with unknown signature (so)(so)(so)iiassusau


(process:1070745): dbind-WARNING **: 12:40:43.350: AT-SPI: AddAccessible with unknown signature (so)(so)(so)iiassusau


(process:1070745): dbind-WARNING **: 12:40:43.350: AT-SPI: AddAccessible with unknown signature (so)(so)(so)iiassusau


(process:1070745): dbind-WARNING **: 12:40:43.581: AT-SPI: Unknown signature so for RemoveAccessible

(process:1070745): dbind-WARNING **: 12:40:43.581: AT-SPI: Unknown signature so for RemoveAccessible

(process:1070745): dbind-WARNING **: 12:40:43.581: AT-SPI: Unknown signature so for RemoveAccessible

(process:1070745): dbind-WARNING **: 12:40:43.594: AT-SPI: Unknown signature so for RemoveAccessible

(process:1070745): dbind-WARNING **: 12:40:43.594: AT-SPI: Unknown signature so for RemoveAccessible

(process:1070745): dbind-WARNING **: 12:40:43.594: AT-SPI: Unknown signature so for RemoveAccessible

(process:1070745): dbind-WARNING **: 12:40:43.594: AT-SPI: Unknown signature so for RemoveAccessible

(process:1070745): dbind-WARNING **: 12:40:43.594: AT-SPI: Unknown signature so for RemoveAccessible

(process:1070745): dbind-WARNING **: 12:40:43.594: AT-SPI: Unknown signature so for RemoveAccessible

(process:1070745): dbind-WARNING **: 12:40:43.594: AT-SPI: Unknown signature so for RemoveAccessible

(process:1070745): dbind-WARNING **: 12:40:43.594: AT-SPI: Unknown signature so for RemoveAccessible

(process:1070745): dbind-WARNING **: 12:40:43.594: AT-SPI: Unknown signature so for RemoveAccessible
A11Y menu family 2: roles, disabled actions, assistive/keyboard focus, nested activation and removal passed

(process:1070745): dbind-WARNING **: 12:40:43.633: AT-SPI: AddAccessible with unknown signature (so)(so)(so)iiassusau


(process:1070745): dbind-WARNING **: 12:40:43.633: AT-SPI: AddAccessible with unknown signature (so)(so)(so)iiassusau


(process:1070745): dbind-WARNING **: 12:40:43.633: AT-SPI: AddAccessible with unknown signature (so)(so)(so)iiassusau


(process:1070745): dbind-WARNING **: 12:40:43.664: AT-SPI: AddAccessible with unknown signature (so)(so)(so)iiassusau


(process:1070745): dbind-WARNING **: 12:40:43.664: AT-SPI: AddAccessible with unknown signature (so)(so)(so)iiassusau


(process:1070745): dbind-WARNING **: 12:40:43.664: AT-SPI: AddAccessible with unknown signature (so)(so)(so)iiassusau


(process:1070745): dbind-WARNING **: 12:40:43.664: AT-SPI: AddAccessible with unknown signature (so)(so)(so)iiassusau


(process:1070745): dbind-WARNING **: 12:40:43.664: AT-SPI: AddAccessible with unknown signature (so)(so)(so)iiassusau


(process:1070745): dbind-WARNING **: 12:40:43.664: AT-SPI: AddAccessible with unknown signature (so)(so)(so)iiassusau


(process:1070745): dbind-WARNING **: 12:40:43.849: AT-SPI: AddAccessible with unknown signature (so)(so)(so)iiassusau


(process:1070745): dbind-WARNING **: 12:40:43.849: AT-SPI: AddAccessible with unknown signature (so)(so)(so)iiassusau


(process:1070745): dbind-WARNING **: 12:40:43.849: AT-SPI: AddAccessible with unknown signature (so)(so)(so)iiassusau


(process:1070745): dbind-WARNING **: 12:40:44.043: AT-SPI: Unknown signature so for RemoveAccessible

(process:1070745): dbind-WARNING **: 12:40:44.043: AT-SPI: Unknown signature so for RemoveAccessible

(process:1070745): dbind-WARNING **: 12:40:44.043: AT-SPI: Unknown signature so for RemoveAccessible

(process:1070745): dbind-WARNING **: 12:40:44.043: AT-SPI: Unknown signature so for RemoveAccessible

(process:1070745): dbind-WARNING **: 12:40:44.043: AT-SPI: Unknown signature so for RemoveAccessible

(process:1070745): dbind-WARNING **: 12:40:44.043: AT-SPI: Unknown signature so for RemoveAccessible

(process:1070745): dbind-WARNING **: 12:40:44.043: AT-SPI: Unknown signature so for RemoveAccessible

(process:1070745): dbind-WARNING **: 12:40:44.043: AT-SPI: Unknown signature so for RemoveAccessible

(process:1070745): dbind-WARNING **: 12:40:44.043: AT-SPI: Unknown signature so for RemoveAccessible

(process:1070745): dbind-WARNING **: 12:40:44.043: AT-SPI: Unknown signature so for RemoveAccessible

(process:1070745): dbind-WARNING **: 12:40:44.043: AT-SPI: Unknown signature so for RemoveAccessible

(process:1070745): dbind-WARNING **: 12:40:44.043: AT-SPI: Unknown signature so for RemoveAccessible
A11Y menu family 3: roles, disabled actions, assistive/keyboard focus, nested activation and removal passed

(process:1070745): dbind-WARNING **: 12:40:44.110: AT-SPI: AddAccessible with unknown signature (so)(so)(so)iiassusau


(process:1070745): dbind-WARNING **: 12:40:44.110: AT-SPI: AddAccessible with unknown signature (so)(so)(so)iiassusau


(process:1070745): dbind-WARNING **: 12:40:44.110: AT-SPI: AddAccessible with unknown signature (so)(so)(so)iiassusau


(process:1070745): dbind-WARNING **: 12:40:44.110: AT-SPI: AddAccessible with unknown signature (so)(so)(so)iiassusau


(process:1070745): dbind-WARNING **: 12:40:44.110: AT-SPI: AddAccessible with unknown signature (so)(so)(so)iiassusau


(process:1070745): dbind-WARNING **: 12:40:44.110: AT-SPI: AddAccessible with unknown signature (so)(so)(so)iiassusau


(process:1070745): dbind-WARNING **: 12:40:44.110: AT-SPI: AddAccessible with unknown signature (so)(so)(so)iiassusau


(process:1070745): dbind-WARNING **: 12:40:44.110: AT-SPI: AddAccessible with unknown signature (so)(so)(so)iiassusau


(process:1070745): dbind-WARNING **: 12:40:44.110: AT-SPI: AddAccessible with unknown signature (so)(so)(so)iiassusau


(process:1070745): dbind-WARNING **: 12:40:44.110: AT-SPI: AddAccessible with unknown signature (so)(so)(so)iiassusau


(process:1070745): dbind-WARNING **: 12:40:44.481: AT-SPI: AddAccessible with unknown signature (so)(so)(so)iiassusau


(process:1070745): dbind-WARNING **: 12:40:44.481: AT-SPI: AddAccessible with unknown signature (so)(so)(so)iiassusau


(process:1070745): dbind-WARNING **: 12:40:44.481: AT-SPI: AddAccessible with unknown signature (so)(so)(so)iiassusau


(process:1070745): dbind-WARNING **: 12:40:44.686: AT-SPI: Unknown signature so for RemoveAccessible

(process:1070745): dbind-WARNING **: 12:40:44.686: AT-SPI: Unknown signature so for RemoveAccessible

(process:1070745): dbind-WARNING **: 12:40:44.686: AT-SPI: Unknown signature so for RemoveAccessible

(process:1070745): dbind-WARNING **: 12:40:44.686: AT-SPI: Unknown signature so for RemoveAccessible

(process:1070745): dbind-WARNING **: 12:40:44.686: AT-SPI: Unknown signature so for RemoveAccessible

(process:1070745): dbind-WARNING **: 12:40:44.686: AT-SPI: Unknown signature so for RemoveAccessible

(process:1070745): dbind-WARNING **: 12:40:44.686: AT-SPI: Unknown signature so for RemoveAccessible

(process:1070745): dbind-WARNING **: 12:40:44.686: AT-SPI: Unknown signature so for RemoveAccessible

(process:1070745): dbind-WARNING **: 12:40:44.686: AT-SPI: Unknown signature so for RemoveAccessible

(process:1070745): dbind-WARNING **: 12:40:44.686: AT-SPI: Unknown signature so for RemoveAccessible

(process:1070745): dbind-WARNING **: 12:40:44.686: AT-SPI: Unknown signature so for RemoveAccessible

(process:1070745): dbind-WARNING **: 12:40:44.686: AT-SPI: Unknown signature so for RemoveAccessible

(process:1070745): dbind-WARNING **: 12:40:44.686: AT-SPI: Unknown signature so for RemoveAccessible
A11Y menu family 4: roles, disabled actions, assistive/keyboard focus, nested activation and removal passed

(process:1070745): dbind-WARNING **: 12:40:44.721: AT-SPI: AddAccessible with unknown signature (so)(so)(so)iiassusau


(process:1070745): dbind-WARNING **: 12:40:44.721: AT-SPI: AddAccessible with unknown signature (so)(so)(so)iiassusau


(process:1070745): dbind-WARNING **: 12:40:44.721: AT-SPI: AddAccessible with unknown signature (so)(so)(so)iiassusau


(process:1070745): dbind-WARNING **: 12:40:44.721: AT-SPI: AddAccessible with unknown signature (so)(so)(so)iiassusau


(process:1070745): dbind-WARNING **: 12:40:44.721: AT-SPI: AddAccessible with unknown signature (so)(so)(so)iiassusau


(process:1070745): dbind-WARNING **: 12:40:44.721: AT-SPI: AddAccessible with unknown signature (so)(so)(so)iiassusau


(process:1070745): dbind-WARNING **: 12:40:44.845: AT-SPI: AddAccessible with unknown signature (so)(so)(so)iiassusau


(process:1070745): dbind-WARNING **: 12:40:44.845: AT-SPI: AddAccessible with unknown signature (so)(so)(so)iiassusau


(process:1070745): dbind-WARNING **: 12:40:44.845: AT-SPI: AddAccessible with unknown signature (so)(so)(so)iiassusau


(process:1070745): dbind-WARNING **: 12:40:45.037: AT-SPI: AddAccessible with unknown signature (so)(so)(so)iiassusau


(process:1070745): dbind-WARNING **: 12:40:45.037: AT-SPI: AddAccessible with unknown signature (so)(so)(so)iiassusau

A11Y round 2: simultaneous and successive App isolation, action delivery, exactly-once callbacks and adapter cleanup passed
A11Y 12:40:39.041740 - SPEECH OUTPUT: 'Account preferences accessible label' {'established': False, 'family': {'name': '', 'gender': None, 'lang': 'C', 'dialect': '', 'variant': None}}
A11Y 12:40:39.051082 - SPEECH OUTPUT: 'collapsed button.' {'established': False}
A11Y 12:40:39.315653 - SPEECH OUTPUT: 'Account preferences accessible label' {'established': False, 'family': {'name': '', 'gender': None, 'lang': 'C', 'dialect': '', 'variant': None}}
A11Y 12:40:39.401108 - SPEECH OUTPUT: 'expanded' {'established': False}
A11Y 12:40:39.479524 - SPEECH OUTPUT: 'Nested account entry' {'established': False, 'family': {'name': '', 'gender': None, 'lang': 'C', 'dialect': '', 'variant': None}}
A11Y 12:40:39.547539 - SPEECH OUTPUT: 'Privacy preferences accessible label' {'established': False, 'family': {'name': '', 'gender': None, 'lang': 'C', 'dialect': '', 'variant': None}}
A11Y 12:40:39.548569 - SPEECH OUTPUT: 'collapsed button.' {'established': False}
A11Y 12:40:39.663741 - SPEECH OUTPUT: 'Account preferences accessible label' {'established': False, 'family': {'name': '', 'gender': None, 'lang': 'C', 'dialect': '', 'variant': None}}
A11Y 12:40:39.664570 - SPEECH OUTPUT: 'collapsed button.' {'established': False}
A11Y 12:40:39.786036 - SPEECH OUTPUT: 'Breadcrumb docs accessible label' {'established': False, 'family': {'name': '', 'gender': None, 'lang': 'C', 'dialect': '', 'variant': None}}
A11Y 12:40:39.842707 - SPEECH OUTPUT: 'Breadcrumb home accessible label' {'established': False, 'family': {'name': '', 'gender': None, 'lang': 'C', 'dialect': '', 'variant': None}}
A11Y 12:40:39.927016 - SPEECH OUTPUT: 'Breadcrumb docs accessible label' {'established': False, 'family': {'name': '', 'gender': None, 'lang': 'C', 'dialect': '', 'variant': None}}
A11Y 12:40:39.993783 - SPEECH OUTPUT: 'Breadcrumb current accessible label' {'established': False, 'family': {'name': '', 'gender': None, 'lang': 'C', 'dialect': '', 'variant': None}}
A11Y 12:40:39.994832 - SPEECH OUTPUT: 'static (Current page)' {'established': False}
A11Y 12:40:40.169259 - SPEECH OUTPUT: 'Independent App action' {'established': False, 'family': {'name': '', 'gender': None, 'lang': 'C', 'dialect': '', 'variant': None}}
A11Y 12:40:40.361323 - SPEECH OUTPUT: 'Background calls 1' {'established': False}
A11Y 12:40:40.380441 - SPEECH OUTPUT: 'pressed' {'established': False}
A11Y 12:40:40.441166 - SPEECH OUTPUT: 'Notification preference' {'established': False, 'family': {'name': '', 'gender': None, 'lang': 'C', 'dialect': '', 'variant': None}}
A11Y 12:40:40.441867 - SPEECH OUTPUT: 'check box partially checked.' {'established': False}
A11Y 12:40:40.525815 - SPEECH OUTPUT: 'checked' {'established': False}
A11Y 12:40:40.577677 - SPEECH OUTPUT: 'not checked' {'established': False}
A11Y 12:40:40.649115 - SPEECH OUTPUT: 'Playback volume' {'established': False, 'family': {'name': '', 'gender': None, 'lang': 'C', 'dialect': '', 'variant': None}}
A11Y 12:40:40.870886 - SPEECH OUTPUT: 'Standard delivery' {'established': False, 'family': {'name': '', 'gender': None, 'lang': 'C', 'dialect': '', 'variant': None}}
A11Y 12:40:40.871070 - SPEECH OUTPUT: 'selected radio button.' {'established': False}
A11Y 12:40:40.942283 - SPEECH OUTPUT: 'Express delivery' {'established': False, 'family': {'name': '', 'gender': None, 'lang': 'C', 'dialect': '', 'variant': None}}
A11Y 12:40:40.942615 - SPEECH OUTPUT: 'not selected radio button.' {'established': False}
A11Y 12:40:41.018240 - SPEECH OUTPUT: 'selected' {'established': False}
A11Y 12:40:41.089919 - SPEECH OUTPUT: 'Standard delivery' {'established': False, 'family': {'name': '', 'gender': None, 'lang': 'C', 'dialect': '', 'variant': None}}
A11Y 12:40:41.093836 - SPEECH OUTPUT: 'selected radio button.' {'established': False}
A11Y 12:40:41.179216 - SPEECH OUTPUT: 'Named beta' {'established': False, 'family': {'name': '', 'gender': None, 'lang': 'C', 'dialect': '', 'variant': None}}
A11Y 12:40:41.179483 - SPEECH OUTPUT: 'not selected radio button.' {'established': False}
A11Y 12:40:42.080093 - SPEECH OUTPUT: 'selected' {'established': False}
A11Y 12:40:42.292006 - SPEECH OUTPUT: 'Menu file' {'established': False, 'family': {'name': '', 'gender': None, 'lang': 'C', 'dialect': '', 'variant': None}}
A11Y 12:40:42.396634 - SPEECH OUTPUT: 'Enable notifications' {'established': False, 'family': {'name': '', 'gender': None, 'lang': 'C', 'dialect': '', 'variant': None}}
A11Y 12:40:42.400555 - SPEECH OUTPUT: 'check menu item not checked.' {'established': False}
A11Y 12:40:42.557664 - SPEECH OUTPUT: 'Enable notifications' {'established': False, 'family': {'name': '', 'gender': None, 'lang': 'C', 'dialect': '', 'variant': None}}
A11Y 12:40:42.567042 - SPEECH OUTPUT: 'check menu item checked.' {'established': False}
A11Y 12:40:42.636917 - SPEECH OUTPUT: 'expanded' {'established': False}
A11Y 12:40:42.714236 - SPEECH OUTPUT: 'Recent menu' {'established': False, 'family': {'name': '', 'gender': None, 'lang': 'C', 'dialect': '', 'variant': None}}
A11Y 12:40:42.829499 - SPEECH OUTPUT: 'Recent document.' {'established': False, 'family': {'name': '', 'gender': None, 'lang': 'C', 'dialect': '', 'variant': None}}
A11Y 12:40:42.886136 - SPEECH OUTPUT: 'expanded' {'established': False}
A11Y 12:40:43.033633 - SPEECH OUTPUT: 'Enable notifications' {'established': False, 'family': {'name': '', 'gender': None, 'lang': 'C', 'dialect': '', 'variant': None}}
A11Y 12:40:43.038172 - SPEECH OUTPUT: 'check menu item not checked.' {'established': False}
A11Y 12:40:43.235517 - SPEECH OUTPUT: 'checked' {'established': False}
A11Y 12:40:43.366000 - SPEECH OUTPUT: 'Recent menu' {'established': False, 'family': {'name': '', 'gender': None, 'lang': 'C', 'dialect': '', 'variant': None}}
A11Y 12:40:43.493468 - SPEECH OUTPUT: 'Recent document.' {'established': False, 'family': {'name': '', 'gender': None, 'lang': 'C', 'dialect': '', 'variant': None}}
A11Y 12:40:43.542936 - SPEECH OUTPUT: 'expanded' {'established': False}
A11Y 12:40:43.755446 - SPEECH OUTPUT: 'Enable notifications' {'established': False, 'family': {'name': '', 'gender': None, 'lang': 'C', 'dialect': '', 'variant': None}}
A11Y 12:40:43.755901 - SPEECH OUTPUT: 'check menu item not checked.' {'established': False}
A11Y 12:40:43.872140 - SPEECH OUTPUT: 'Recent menu' {'established': False, 'family': {'name': '', 'gender': None, 'lang': 'C', 'dialect': '', 'variant': None}}
A11Y 12:40:43.994419 - SPEECH OUTPUT: 'Recent document.' {'established': False, 'family': {'name': '', 'gender': None, 'lang': 'C', 'dialect': '', 'variant': None}}
A11Y 12:40:44.224407 - SPEECH OUTPUT: 'Enable notifications' {'established': False, 'family': {'name': '', 'gender': None, 'lang': 'C', 'dialect': '', 'variant': None}}
A11Y 12:40:44.224785 - SPEECH OUTPUT: 'check menu item not checked.' {'established': False}
A11Y 12:40:44.384787 - SPEECH OUTPUT: 'checked' {'established': False}
A11Y 12:40:44.470312 - SPEECH OUTPUT: 'Recent menu' {'established': False, 'family': {'name': '', 'gender': None, 'lang': 'C', 'dialect': '', 'variant': None}}
A11Y 12:40:44.604993 - SPEECH OUTPUT: 'Recent document' {'established': False, 'family': {'name': '', 'gender': None, 'lang': 'C', 'dialect': '', 'variant': None}}
A11Y 12:40:44.609012 - SPEECH OUTPUT: 'check menu item not checked.' {'established': False}
A11Y 12:40:44.659402 - SPEECH OUTPUT: 'expanded' {'established': False}
A11Y 12:40:44.762924 - SPEECH OUTPUT: 'Background calls 1' {'established': False}
A11Y 12:40:44.792693 - SPEECH OUTPUT: 'Background calls 1' {'established': False}
A11Y 12:40:44.957504 - SPEECH OUTPUT: 'Account preferences accessible label' {'established': False, 'family': {'name': '', 'gender': None, 'lang': 'C', 'dialect': '', 'variant': None}}
A11Y 12:40:44.958576 - SPEECH OUTPUT: 'collapsed button.' {'established': False}
A connection to the bus can't be made
