{"started": "raw-receiver-idle", "pid": 3957801}
{"case": "raw-receiver-idle", "pid": 3957801, "exit": 0, "timeout": false, "reaped": true}
{"started": "parsed-receiver-idle", "pid": 3957803}
{"case": "parsed-receiver-idle", "pid": 3957803, "exit": 0, "timeout": false, "reaped": true}
{"started": "reused-descriptor", "pid": 3957974}
{"case": "reused-descriptor", "pid": 3957974, "exit": 0, "timeout": false, "reaped": true}
{"started": "raw-receiver-active", "pid": 3957976}
{"case": "raw-receiver-active", "pid": 3957976, "exit": 0, "timeout": false, "reaped": true}
{"started": "raw-receiver-full", "pid": 3957978}
{"case": "raw-receiver-full", "pid": 3957978, "exit": 0, "timeout": false, "reaped": true}
{"started": "raw-session-full", "pid": 3958049}
{"case": "raw-session-full", "pid": 3958049, "exit": 0, "timeout": false, "reaped": true}
{"started": "raw-session-idle", "pid": 3958116}
{"case": "raw-session-idle", "pid": 3958116, "exit": 0, "timeout": false, "reaped": true}
{"started": "parsed-receiver-full", "pid": 3958118}
{"case": "parsed-receiver-full", "pid": 3958118, "exit": 0, "timeout": false, "reaped": true}
{"started": "parsed-session-full", "pid": 3958385}
{"case": "parsed-session-full", "pid": 3958385, "exit": 0, "timeout": false, "reaped": true}
{"started": "parsed-session-idle", "pid": 3958567}
{"case": "parsed-session-idle", "pid": 3958567, "exit": 0, "timeout": false, "reaped": true}
{"started": "clone-owner", "pid": 3958639}
{"case": "clone-owner", "pid": 3958639, "exit": 0, "timeout": false, "reaped": true}
{"started": "independent-streams", "pid": 3958641}
{"case": "independent-streams", "pid": 3958641, "exit": 0, "timeout": false, "reaped": true}
{"started": "owned-iterator", "pid": 3958645}
{"case": "owned-iterator", "pid": 3958645, "exit": 0, "timeout": false, "reaped": true}
{"started": "concurrent-drop", "pid": 3958647}
{"case": "concurrent-drop", "pid": 3958647, "exit": 0, "timeout": false, "reaped": true}
