error[E0277]: `Rc<RefCell<Rc<i32>>>` cannot be sent between threads safely
   --> verification/api-residual/local-owner.rs:43:24
    |
 43 |     std::thread::spawn(move || drop(local)).join().unwrap();
    |     ------------------ -------^^^^^^^^^^^^
    |     |                  |
    |     |                  `Rc<RefCell<Rc<i32>>>` cannot be sent between threads safely
    |     |                  within this `{closure@verification/api-residual/local-owner.rs:43:24: 43:31}`
    |     required by a bound introduced by this call
    |
    = help: within `{closure@verification/api-residual/local-owner.rs:43:24: 43:31}`, the trait `Send` is not implemented for `Rc<RefCell<Rc<i32>>>`
note: required because it appears within the type `LocalRef<Rc<i32>>`
   --> src/hooks/refs.rs:61:12
    |
 61 | pub struct LocalRef<T> {
    |            ^^^^^^^^
note: required because it's used within this closure
   --> verification/api-residual/local-owner.rs:43:24
    |
 43 |     std::thread::spawn(move || drop(local)).join().unwrap();
    |                        ^^^^^^^
note: required by a bound in `spawn`
   --> /home/shawn/.rustup/toolchains/1.95-x86_64-unknown-linux-gnu/lib/rustlib/src/rust/library/std/src/thread/functions.rs:128:8
    |
125 | pub fn spawn<F, T>(f: F) -> JoinHandle<T>
    |        ----- required by a bound in this function
...
128 |     F: Send + 'static,
    |        ^^^^ required by this bound in `spawn`

error: aborting due to 1 previous error

For more information about this error, try `rustc --explain E0277`.
