warning: unnecessary parentheses around closure body
  --> src/backend/crossterm/src/terminal/sys/unix.rs:87:50
   |
87 |     let file = File::open("/dev/tty").map(|file| (FileDesc::Owned(file.into())));
   |                                                  ^                            ^
   |
   = note: `#[warn(unused_parens)]` (part of `#[warn(unused)]`) on by default
help: remove these parentheses
   |
87 -     let file = File::open("/dev/tty").map(|file| (FileDesc::Owned(file.into())));
87 +     let file = File::open("/dev/tty").map(|file| FileDesc::Owned(file.into()));
   |

warning: `crossterm` (lib) generated 1 warning (run `cargo fix --lib -p crossterm` to apply 1 suggestion)
warning: method `serial` is never used
  --> src/event/router.rs:84:19
   |
83 | impl NodeId {
   | ----------- method in this implementation
84 |     pub(crate) fn serial(self) -> usize {
   |                   ^^^^^^
   |
   = note: `#[warn(dead_code)]` (part of `#[warn(unused)]`) on by default

warning: `reactive-tui` (lib) generated 1 warning
   Compiling reactive-tui v0.0.7 (/Users/runner/work/reactive-tui/reactive-tui)
warning: `reactive-tui` (lib test) generated 1 warning (1 duplicate)
warning: struct `ChangingTerminal` is never constructed
   --> tests/api_widget_behavior/terminal.rs:267:8
    |
267 | struct ChangingTerminal {
    |        ^^^^^^^^^^^^^^^^
    |
    = note: `#[warn(dead_code)]` (part of `#[warn(unused)]`) on by default

warning: function `change` is never used
   --> tests/api_widget_behavior/terminal.rs:306:4
    |
306 | fn change(name: &str) -> Option<Event> {
    |    ^^^^^^

warning: `reactive-tui` (test "api_widget_behavior") generated 2 warnings
    Finished `test` profile [unoptimized + debuginfo] target(s) in 4.91s
  Executable unittests src/lib.rs (target/debug/deps/reactive_tui-6eb9d8ea35511604)
  Executable tests/api_widget_behavior.rs (target/debug/deps/api_widget_behavior-c1bc18b491606f7b)
