[1/135] Compiling kitty/screen.c ...
[2/135] Compiling [wayland] glfw/wl_window.c ...
[3/135] Compiling kitty/glfw.c ...
[4/135] Compiling [x11] glfw/x11_window.c ...
[5/135] Compiling kitty/fonts.c ...
[6/135] Compiling kitty/graphics.c ...
[7/135] Compiling kitty/child-monitor.c ...
[8/135] Compiling kitty/decorations.c ...
[9/135] Compiling kitty/shaders.c ...
[10/135] Compiling kitty/vt-parser.c ...
[11/135] Compiling kitty/vt-parser.c ...
[12/135] Compiling kitty/state.c ...
[13/135] Compiling kitty/freetype.c ...
[14/135] Compiling kitty/mouse.c ...
[15/135] Compiling [x11] glfw/input.c ...
[16/135] Compiling [wayland] glfw/input.c ...
[17/135] Compiling [x11] glfw/xkb_glfw.c ...
[18/135] Compiling [wayland] glfw/xkb_glfw.c ...
[19/135] Compiling [wayland] glfw/wl_init.c ...
[20/135] Compiling kitty/line.c ...
[21/135] Compiling [wayland] glfw/wl_client_side_decorations.c ...
[22/135] Compiling [x11] glfw/window.c ...
[23/135] Compiling [wayland] glfw/window.c ...
[24/135] Compiling kitty/glfw-wrapper.c ...
[25/135] Compiling kittens/transfer/algorithm.c ...
[26/135] Compiling kitty/data-types.c ...
[27/135] Compiling kitty/colors.c ...
[28/135] Compiling kitty/disk-cache.c ...
In file included from kitty/data-types.c:16:
kitty/launcher/utils.h: In function ‘expand_tilde’:
kitty/launcher/utils.h:60:23: error: initialization discards ‘const’ qualifier from pointer target type [-Wdiscarded-qualifiers]
   60 |         char* slash = strchr(path, '/');
      |                       ^~~~~~
 done
Compiling kitty/data-types.c ...
gcc -MMD -DNDEBUG -DKITTY_VCS_REV="rtui-image-order-e4202c9f0b02" -DWRAPPED_KITTENS="ask choose-files clipboard diff hints hyperlinked_grep icat query_terminal show_key ssh themes transfer unicode_input" -Wextra -Wfloat-conversion -Wno-missing-field-initializers -Wall -Wstrict-prototypes -std=c11 -pedantic-errors -Werror -O3 -fwrapv -fstack-protector-strong -pipe -fvisibility=hidden -fno-plt -fPIC -I/home/shawn/workspace2/reactive-tui/target/kitty-host-deps/prefix/usr/include -D_FORTIFY_SOURCE=2 -fcf-protection=full -march=native -mtune=native -Wno-packed-bitfield-compat -pthread -I/usr/include/libpng16 -I/home/shawn/workspace2/reactive-tui/target/kitty-host-deps/prefix/usr/include -I/usr/include/cairo -I/usr/include/pixman-1 -I/usr/include/freetype2 -I/usr/include/libpng16 -I/usr/include/harfbuzz -I/usr/include/freetype2 -I/usr/include/libpng16 -I/usr/include/glib-2.0 -I/usr/lib/x86_64-linux-gnu/glib-2.0/include -I/usr/include/sysprof-6 -I/usr/include/python3.14 -c kitty/data-types.c -o build/fast_data_types-kitty-data-types.c.o
