[1/40] Generating wayland-xdg-shell-client-protocol.h ...
[2/40] Generating wayland-xdg-shell-client-protocol.c ...
[3/40] Generating wayland-viewporter-client-protocol.h ...
[4/40] Generating wayland-viewporter-client-protocol.c ...
[5/40] Generating wayland-relative-pointer-unstable-v1-client-protocol.h ...
[6/40] Generating wayland-relative-pointer-unstable-v1-client-protocol.c ...
[7/40] Generating wayland-pointer-constraints-unstable-v1-client-protocol.h ...
[8/40] Generating wayland-pointer-constraints-unstable-v1-client-protocol.c ...
[9/40] Generating wayland-xdg-decoration-unstable-v1-client-protocol.h ...
[10/40] Generating wayland-xdg-decoration-unstable-v1-client-protocol.c ...
[11/40] Generating wayland-primary-selection-unstable-v1-client-protocol.h ...
[12/40] Generating wayland-primary-selection-unstable-v1-client-protocol.c ...
[13/40] Generating wayland-text-input-unstable-v3-client-protocol.h ...
[14/40] Generating wayland-text-input-unstable-v3-client-protocol.c ...
[15/40] Generating wayland-xdg-activation-v1-client-protocol.h ...
[16/40] Generating wayland-xdg-activation-v1-client-protocol.c ...
[17/40] Generating wayland-tablet-unstable-v2-client-protocol.h ...
[18/40] Generating wayland-tablet-unstable-v2-client-protocol.c ...
[19/40] Generating wayland-cursor-shape-v1-client-protocol.h ...
[20/40] Generating wayland-cursor-shape-v1-client-protocol.c ...
[21/40] Generating wayland-fractional-scale-v1-client-protocol.h ...
[22/40] Generating wayland-fractional-scale-v1-client-protocol.c ...
[23/40] Generating wayland-single-pixel-buffer-v1-client-protocol.h ...
[24/40] Generating wayland-single-pixel-buffer-v1-client-protocol.c ...
[25/40] Generating wayland-idle-inhibit-unstable-v1-client-protocol.h ...
[26/40] Generating wayland-idle-inhibit-unstable-v1-client-protocol.c ...
[27/40] Generating wayland-keyboard-shortcuts-inhibit-unstable-v1-client-protocol.h ...
[28/40] Generating wayland-keyboard-shortcuts-inhibit-unstable-v1-client-protocol.c ...
[29/40] Generating wayland-xdg-toplevel-icon-v1-client-protocol.h ...
[30/40] Generating wayland-xdg-toplevel-icon-v1-client-protocol.c ...
[31/40] Generating wayland-xdg-system-bell-v1-client-protocol.h ...
[32/40] Generating wayland-xdg-system-bell-v1-client-protocol.c ...
[33/40] Generating wayland-xdg-toplevel-tag-v1-client-protocol.h ...
[34/40] Generating wayland-xdg-toplevel-tag-v1-client-protocol.c ...
[35/40] Generating wayland-color-management-v1-client-protocol.h ...
[36/40] Generating wayland-color-management-v1-client-protocol.c ...
[37/40] Generating wayland-kwin-blur-v1-client-protocol.h ...
[38/40] Generating wayland-kwin-blur-v1-client-protocol.c ...
[39/40] Generating wayland-wlr-layer-shell-unstable-v1-client-protocol.h ...
[40/40] Generating wayland-wlr-layer-shell-unstable-v1-client-protocol.c ...
 done
The font 'Symbols NERD Font Mono' was not found on your system, please install it
