warning: unnecessary parentheses around closure body
  --> src/backend/crossterm/src/terminal/sys/unix.rs:87:50
   |
87 |     let file = File::open("/dev/tty").map(|file| (FileDesc::Owned(file.into())));
   |                                                  ^                            ^
   |
   = note: `#[warn(unused_parens)]` (part of `#[warn(unused)]`) on by default
help: remove these parentheses
   |
87 -     let file = File::open("/dev/tty").map(|file| (FileDesc::Owned(file.into())));
87 +     let file = File::open("/dev/tty").map(|file| FileDesc::Owned(file.into()));
   |

warning: `crossterm` (lib) generated 1 warning (run `cargo fix --lib -p crossterm` to apply 1 suggestion)
    Finished `test` profile [unoptimized + debuginfo] target(s) in 0.11s
     Running tests/api_residual_refs.rs (target/debug/deps/api_residual_refs-311244415c805c73)

running 10 tests
test callback_reference_allows_read_and_write_reentry ... 
running 1 test
test callback_reference_allows_read_and_write_reentry ... ok

test result: ok. 1 passed; 0 failed; 0 ignored; 0 measured; 9 filtered out; finished in 0.00s

ok
test callback_reference_retains_current_value_across_renders ... ok
test forwarded_reference_follows_the_current_parent ... ok
test local_reference_retains_non_send_value_across_renders ... ok
test multi_reference_retains_members_across_renders ... ok
test reference_hooks_preserve_existing_type_bounds ... ok
test retained_callback_handles_use_the_latest_render_capture ... ok
test shared_hooks_retain_state_without_returned_handles ... ok
test shared_reference_retains_value_and_identity_across_renders ... ok
test shared_reference_slots_and_owners_are_independent ... ok

test result: ok. 10 passed; 0 failed; 0 ignored; 0 measured; 0 filtered out; finished in 0.01s

