warning: unnecessary parentheses around closure body
  --> src/backend/crossterm/src/terminal/sys/unix.rs:87:50
   |
87 |     let file = File::open("/dev/tty").map(|file| (FileDesc::Owned(file.into())));
   |                                                  ^                            ^
   |
   = note: `#[warn(unused_parens)]` (part of `#[warn(unused)]`) on by default
help: remove these parentheses
   |
87 -     let file = File::open("/dev/tty").map(|file| (FileDesc::Owned(file.into())));
87 +     let file = File::open("/dev/tty").map(|file| FileDesc::Owned(file.into()));
   |

warning: `crossterm` (lib) generated 1 warning (run `cargo fix --lib -p crossterm` to apply 1 suggestion)
   Compiling reactive-tui v0.0.7 (/home/shawn/workspace2/reactive-tui)
    Finished `test` profile [unoptimized + debuginfo] target(s) in 16.89s
     Running tests/api_documentation_contract.rs (target/debug/deps/api_documentation_contract-0923120495357b2c)

running 4 tests
test responsive_blocks_evaluate_once_in_stable_breakpoint_order ... ok
test layout_convenience_macros_use_the_facade_and_fill_the_actual_parent ... ok
test responsive_profiles_preserve_class_precedence_and_app_isolation ... ok
test responsive_profiles_follow_viewport_boundaries_and_reverse_resize ... ok

test result: ok. 4 passed; 0 failed; 0 ignored; 0 measured; 0 filtered out; finished in 0.02s

