A11Y # GNOME Terminal 3.58.0 using VTE 0.84.0 +BIDI +GNUTLS +ICU +SYSTEMD
dbus-daemon[1904053]: [session uid=1000 pid=1904053 pidfd=5] Activating service name='org.a11y.Bus' requested by ':1.0' (uid=1000 pid=1904139 comm="/usr/bin/python3 /usr/bin/orca --version" label="unconfined")
dbus-daemon[1904053]: [session uid=1000 pid=1904053 pidfd=5] Successfully activated service 'org.a11y.Bus'
dbus-daemon[1904053]: [session uid=1000 pid=1904053 pidfd=5] Activating service name='org.gtk.vfs.Daemon' requested by ':1.3' (uid=1000 pid=1904163 comm="/usr/lib/x86_64-linux-gnu/../../lib/x86_64-linux-g" label="unconfined")
dbus-daemon[1904053]: [session uid=1000 pid=1904053 pidfd=5] Successfully activated service 'org.gtk.vfs.Daemon'
dbus-daemon[1904156]: Activating service name='org.a11y.atspi.Registry' requested by ':1.0' (uid=1000 pid=1904139 comm="/usr/bin/python3 /usr/bin/orca --version" label="unconfined")
dbus-daemon[1904156]: Successfully activated service 'org.a11y.atspi.Registry'
SpiRegistry daemon is running with well-known name - org.a11y.atspi.Registry
A11Y Orca version 50.1.2, AT-SPI2 version: 2.60.0, Session: x11 gnome
A11Y isolated X11/Xvfb viewport 60x16
dbus-daemon[1904053]: [session uid=1000 pid=1904053 pidfd=5] Activating service name='ca.desrt.dconf' requested by ':1.7' (uid=1000 pid=1904690 comm="/usr/bin/python3 /usr/bin/orca --debug-file /home/" label="unconfined")
dbus-daemon[1904053]: [session uid=1000 pid=1904053 pidfd=5] Successfully activated service 'ca.desrt.dconf'
dbus-daemon[1904053]: [session uid=1000 pid=1904053 pidfd=5] Activating service name='org.gnome.Terminal' requested by ':1.9' (uid=1000 pid=1904835 comm="gnome-terminal --display=:1 --geometry=60x16 --wai" label="unconfined")
dbus-daemon[1904053]: [session uid=1000 pid=1904053 pidfd=5] Activating service name='org.freedesktop.portal.Desktop' requested by ':1.10' (uid=1000 pid=1904860 comm="/usr/libexec/gnome-terminal-server" label="unconfined")
dbus-daemon[1904053]: [session uid=1000 pid=1904053 pidfd=5] Activating service name='org.freedesktop.impl.portal.PermissionStore' requested by ':1.11' (uid=1000 pid=1904877 comm="/usr/libexec/xdg-desktop-portal" label="unconfined")
dbus-daemon[1904053]: [session uid=1000 pid=1904053 pidfd=5] Successfully activated service 'org.freedesktop.impl.portal.PermissionStore'
dbus-daemon[1904053]: [session uid=1000 pid=1904053 pidfd=5] Activating service name='org.freedesktop.portal.Documents' requested by ':1.11' (uid=1000 pid=1904877 comm="/usr/libexec/xdg-desktop-portal" label="unconfined")
dbus-daemon[1904053]: [session uid=1000 pid=1904053 pidfd=5] Successfully activated service 'org.freedesktop.portal.Documents'

(/usr/libexec/xdg-desktop-portal:1904877): xdg-desktop-portal-WARNING **: 20:31:52.524: Choosing gnome.portal for org.freedesktop.impl.portal.Lockdown via the deprecated UseIn key

(/usr/libexec/xdg-desktop-portal:1904877): xdg-desktop-portal-WARNING **: 20:31:52.524: The preferred method to match portal implementations to desktop environments is to use the portals.conf(5) configuration file
dbus-daemon[1904053]: [session uid=1000 pid=1904053 pidfd=5] Activating service name='org.freedesktop.impl.portal.desktop.gnome' requested by ':1.11' (uid=1000 pid=1904877 comm="/usr/libexec/xdg-desktop-portal" label="unconfined")
libEGL warning: DRI3 error: Could not get DRI3 device
libEGL warning: Ensure your X server supports DRI3 to get accelerated rendering
dbus-daemon[1904053]: [session uid=1000 pid=1904053 pidfd=5] Successfully activated service 'org.freedesktop.impl.portal.desktop.gnome'

(/usr/libexec/xdg-desktop-portal:1904877): xdg-desktop-portal-WARNING **: 20:31:52.631: Choosing gnome.portal for org.freedesktop.impl.portal.Access via the deprecated UseIn key

(/usr/libexec/xdg-desktop-portal:1904877): xdg-desktop-portal-WARNING **: 20:31:52.639: Choosing gnome.portal for org.freedesktop.impl.portal.Settings via the deprecated UseIn key

(/usr/libexec/xdg-desktop-portal:1904877): xdg-desktop-portal-WARNING **: 20:31:52.639: Choosing gtk.portal for org.freedesktop.impl.portal.Settings via the deprecated UseIn key
dbus-daemon[1904053]: [session uid=1000 pid=1904053 pidfd=5] Activating service name='org.freedesktop.impl.portal.desktop.gtk' requested by ':1.11' (uid=1000 pid=1904877 comm="/usr/libexec/xdg-desktop-portal" label="unconfined")
dbus-daemon[1904053]: [session uid=1000 pid=1904053 pidfd=5] Successfully activated service 'org.freedesktop.impl.portal.desktop.gtk'

** (xdg-desktop-portal-gtk:1904992): WARNING **: 20:31:52.657: atk-bridge: Couldn't listen on dbus server: Socket name too long


(/usr/libexec/xdg-desktop-portal:1904877): xdg-desktop-portal-WARNING **: 20:31:52.658: Choosing gnome.portal for org.freedesktop.impl.portal.FileChooser via the deprecated UseIn key

(/usr/libexec/xdg-desktop-portal:1904877): xdg-desktop-portal-WARNING **: 20:31:52.658: Choosing gnome.portal for org.freedesktop.impl.portal.AppChooser via the deprecated UseIn key

(/usr/libexec/xdg-desktop-portal:1904877): xdg-desktop-portal-WARNING **: 20:31:52.659: Choosing gnome.portal for org.freedesktop.impl.portal.Print via the deprecated UseIn key

(/usr/libexec/xdg-desktop-portal:1904877): xdg-desktop-portal-WARNING **: 20:31:52.659: Choosing gnome.portal for org.freedesktop.impl.portal.Notification via the deprecated UseIn key

(/usr/libexec/xdg-desktop-portal:1904877): xdg-desktop-portal-WARNING **: 20:31:52.660: Choosing gtk.portal for org.freedesktop.impl.portal.Inhibit via the deprecated UseIn key

(/usr/libexec/xdg-desktop-portal:1904877): xdg-desktop-portal-WARNING **: 20:31:52.663: Failed to connect to PipeWire: Couldn't connect to PipeWire

(/usr/libexec/xdg-desktop-portal:1904877): xdg-desktop-portal-WARNING **: 20:31:52.663: Choosing gnome.portal for org.freedesktop.impl.portal.Screenshot via the deprecated UseIn key

(/usr/libexec/xdg-desktop-portal:1904877): xdg-desktop-portal-WARNING **: 20:31:52.664: Choosing gnome.portal for org.freedesktop.impl.portal.Background via the deprecated UseIn key

(/usr/libexec/xdg-desktop-portal:1904877): xdg-desktop-portal-WARNING **: 20:31:52.665: Choosing gnome.portal for org.freedesktop.impl.portal.Wallpaper via the deprecated UseIn key

(/usr/libexec/xdg-desktop-portal:1904877): xdg-desktop-portal-WARNING **: 20:31:52.665: Choosing gnome.portal for org.freedesktop.impl.portal.Account via the deprecated UseIn key

(/usr/libexec/xdg-desktop-portal:1904877): xdg-desktop-portal-WARNING **: 20:31:52.665: Choosing gtk.portal for org.freedesktop.impl.portal.Email via the deprecated UseIn key

(/usr/libexec/xdg-desktop-portal:1904877): xdg-desktop-portal-WARNING **: 20:31:52.666: Choosing gnome-keyring.portal for org.freedesktop.impl.portal.Secret via the deprecated UseIn key

(/usr/libexec/xdg-desktop-portal:1904877): xdg-desktop-portal-WARNING **: 20:31:52.666: Choosing gnome.portal for org.freedesktop.impl.portal.GlobalShortcuts via the deprecated UseIn key
dbus-daemon[1904053]: [session uid=1000 pid=1904053 pidfd=5] Activating service name='org.freedesktop.secrets' requested by ':1.11' (uid=1000 pid=1904877 comm="/usr/libexec/xdg-desktop-portal" label="unconfined")

(/usr/libexec/xdg-desktop-portal:1904877): xdg-desktop-portal-WARNING **: 20:31:52.667: Choosing gnome.portal for org.freedesktop.impl.portal.DynamicLauncher via the deprecated UseIn key

(/usr/libexec/xdg-desktop-portal:1904877): xdg-desktop-portal-WARNING **: 20:31:52.667: Choosing gnome.portal for org.freedesktop.impl.portal.ScreenCast via the deprecated UseIn key

(/usr/libexec/xdg-desktop-portal:1904877): xdg-desktop-portal-WARNING **: 20:31:52.668: Choosing gnome.portal for org.freedesktop.impl.portal.RemoteDesktop via the deprecated UseIn key

(/usr/libexec/xdg-desktop-portal:1904877): xdg-desktop-portal-WARNING **: 20:31:52.668: Choosing gnome.portal for org.freedesktop.impl.portal.Clipboard via the deprecated UseIn key

(/usr/libexec/xdg-desktop-portal:1904877): xdg-desktop-portal-WARNING **: 20:31:52.668: Choosing gnome.portal for org.freedesktop.impl.portal.InputCapture via the deprecated UseIn key

(/usr/libexec/xdg-desktop-portal:1904877): xdg-desktop-portal-WARNING **: 20:31:52.668: Choosing gnome.portal for org.freedesktop.impl.portal.Usb via the deprecated UseIn key
** Message: 20:31:52.669: couldn't access control socket: /home/shawn/workspace2/reactive-tui/target/api011-check-tmp/rtui-orca-_op0teip/runtime/keyring/control: No such file or directory
discover_other_daemon: 0dbus-daemon[1904053]: [session uid=1000 pid=1904053 pidfd=5] Successfully activated service 'org.freedesktop.secrets'
dbus-daemon[1904053]: [session uid=1000 pid=1904053 pidfd=5] Successfully activated service 'org.freedesktop.portal.Desktop'
dbus-daemon[1904053]: [session uid=1000 pid=1904053 pidfd=5] Successfully activated service 'org.gnome.Terminal'

** (org.gnome.Terminal:1904860): WARNING **: 20:31:52.731: atk-bridge: Couldn't listen on dbus server: Socket name too long

dbus-daemon[1904053]: [session uid=1000 pid=1904053 pidfd=5] Activating service name='org.gtk.vfs.Metadata' requested by ':1.10' (uid=1000 pid=1904860 comm="/usr/libexec/gnome-terminal-server" label="unconfined")
dbus-daemon[1904053]: [session uid=1000 pid=1904053 pidfd=5] Successfully activated service 'org.gtk.vfs.Metadata'

(process:1904055): dbind-WARNING **: 20:31:52.968: AT-SPI: AddAccessible with unknown signature (so)(so)(so)iiassusau


(process:1904055): dbind-WARNING **: 20:31:52.968: AT-SPI: AddAccessible with unknown signature (so)(so)(so)iiassusau


(process:1904055): dbind-WARNING **: 20:31:52.968: AT-SPI: AddAccessible with unknown signature (so)(so)(so)iiassusau

/home/shawn/workspace2/reactive-tui/tests/api_widget_behavior/orca.py:260: DeprecationWarning: Atspi.Action.get_action_name is deprecated
  assert action.get_action_name(0) == "click"

(process:1904055): dbind-WARNING **: 20:31:53.233: AT-SPI: AddAccessible with unknown signature (so)(so)(so)iiassusau


(process:1904055): dbind-WARNING **: 20:31:53.233: AT-SPI: AddAccessible with unknown signature (so)(so)(so)iiassusau


(process:1904055): dbind-WARNING **: 20:31:53.556: AT-SPI: AddAccessible with unknown signature (so)(so)(so)iiassusau


(process:1904055): dbind-WARNING **: 20:31:53.556: AT-SPI: Unknown signature so for RemoveAccessible

(process:1904055): dbind-WARNING **: 20:31:53.556: AT-SPI: Unknown signature so for RemoveAccessible

(process:1904055): dbind-WARNING **: 20:31:53.594: AT-SPI: Unknown signature so for RemoveAccessible

(process:1904055): dbind-WARNING **: 20:31:53.657: AT-SPI: AddAccessible with unknown signature (so)(so)(so)iiassusau


(process:1904055): dbind-WARNING **: 20:31:53.657: AT-SPI: AddAccessible with unknown signature (so)(so)(so)iiassusau


(process:1904055): dbind-WARNING **: 20:31:53.689: AT-SPI: AddAccessible with unknown signature (so)(so)(so)iiassusau


(process:1904055): dbind-WARNING **: 20:31:53.689: AT-SPI: AddAccessible with unknown signature (so)(so)(so)iiassusau


(process:1904055): dbind-WARNING **: 20:31:53.689: AT-SPI: AddAccessible with unknown signature (so)(so)(so)iiassusau


(process:1904055): dbind-WARNING **: 20:31:53.689: AT-SPI: AddAccessible with unknown signature (so)(so)(so)iiassusau


(process:1904055): dbind-WARNING **: 20:31:53.689: AT-SPI: AddAccessible with unknown signature (so)(so)(so)iiassusau


(process:1904055): dbind-WARNING **: 20:31:53.689: AT-SPI: Unknown signature so for RemoveAccessible

(process:1904055): dbind-WARNING **: 20:31:53.689: AT-SPI: Unknown signature so for RemoveAccessible

(process:1904055): dbind-WARNING **: 20:31:53.689: AT-SPI: Unknown signature so for RemoveAccessible

(process:1904055): dbind-WARNING **: 20:31:53.689: AT-SPI: Unknown signature so for RemoveAccessible

(process:1904055): dbind-WARNING **: 20:31:53.689: AT-SPI: Unknown signature so for RemoveAccessible
A11Y round 1: labels, roles, focus, disabled actions, expansion, nested input and removal passed

(process:1904055): dbind-WARNING **: 20:31:53.985: AT-SPI: AddAccessible with unknown signature (so)(so)(so)iiassusau


(process:1904055): dbind-WARNING **: 20:31:53.985: AT-SPI: Unknown signature so for RemoveAccessible

(process:1904055): dbind-WARNING **: 20:31:53.985: AT-SPI: Unknown signature so for RemoveAccessible

(process:1904055): dbind-WARNING **: 20:31:53.985: AT-SPI: Unknown signature so for RemoveAccessible

(process:1904055): dbind-WARNING **: 20:31:53.985: AT-SPI: Unknown signature so for RemoveAccessible

(process:1904055): dbind-WARNING **: 20:31:53.985: AT-SPI: Unknown signature so for RemoveAccessible
A11Y breadcrumb: labels, link roles, current page announcement, inert actions, assistive and keyboard focus, activation and removal passed

(process:1904055): dbind-WARNING **: 20:31:54.018: AT-SPI: AddAccessible with unknown signature (so)(so)(so)iiassusau


(process:1904055): dbind-WARNING **: 20:31:54.018: AT-SPI: AddAccessible with unknown signature (so)(so)(so)iiassusau


(process:1904055): dbind-WARNING **: 20:31:54.018: AT-SPI: AddAccessible with unknown signature (so)(so)(so)iiassusau


(process:1904055): dbind-WARNING **: 20:31:54.018: AT-SPI: AddAccessible with unknown signature (so)(so)(so)iiassusau


(process:1904055): dbind-WARNING **: 20:31:54.018: AT-SPI: AddAccessible with unknown signature (so)(so)(so)iiassusau


(process:1904055): dbind-WARNING **: 20:31:54.018: AT-SPI: AddAccessible with unknown signature (so)(so)(so)iiassusau


(process:1904055): dbind-WARNING **: 20:31:54.018: AT-SPI: AddAccessible with unknown signature (so)(so)(so)iiassusau


(process:1904055): dbind-WARNING **: 20:31:54.018: AT-SPI: Unknown signature so for RemoveAccessible
A11Y CSS: reference labels, description, role, focus, pressed update, live announcement and hidden state passed

(process:1904055): dbind-WARNING **: 20:31:54.336: AT-SPI: AddAccessible with unknown signature (so)(so)(so)iiassusau


(process:1904055): dbind-WARNING **: 20:31:54.336: AT-SPI: AddAccessible with unknown signature (so)(so)(so)iiassusau


(process:1904055): dbind-WARNING **: 20:31:54.336: AT-SPI: AddAccessible with unknown signature (so)(so)(so)iiassusau


(process:1904055): dbind-WARNING **: 20:31:54.336: AT-SPI: Unknown signature so for RemoveAccessible

(process:1904055): dbind-WARNING **: 20:31:54.336: AT-SPI: Unknown signature so for RemoveAccessible

(process:1904055): dbind-WARNING **: 20:31:54.336: AT-SPI: Unknown signature so for RemoveAccessible

(process:1904055): dbind-WARNING **: 20:31:54.336: AT-SPI: Unknown signature so for RemoveAccessible

(process:1904055): dbind-WARNING **: 20:31:54.336: AT-SPI: Unknown signature so for RemoveAccessible

(process:1904055): dbind-WARNING **: 20:31:54.336: AT-SPI: Unknown signature so for RemoveAccessible

(process:1904055): dbind-WARNING **: 20:31:54.336: AT-SPI: Unknown signature so for RemoveAccessible
A11Y checkbox: role, distinct label, mixed/checked/unchecked speech, focus, assistive/keyboard toggles and disabled actions passed
A11Y slider: label, role, focus, numeric bounds, keyboard step and changed value speech passed

(process:1904055): dbind-WARNING **: 20:31:54.626: AT-SPI: AddAccessible with unknown signature (so)(so)(so)iiassusau


(process:1904055): dbind-WARNING **: 20:31:54.626: AT-SPI: AddAccessible with unknown signature (so)(so)(so)iiassusau


(process:1904055): dbind-WARNING **: 20:31:54.626: AT-SPI: AddAccessible with unknown signature (so)(so)(so)iiassusau


(process:1904055): dbind-WARNING **: 20:31:54.626: AT-SPI: AddAccessible with unknown signature (so)(so)(so)iiassusau


(process:1904055): dbind-WARNING **: 20:31:54.626: AT-SPI: Unknown signature so for RemoveAccessible

(process:1904055): dbind-WARNING **: 20:31:54.626: AT-SPI: Unknown signature so for RemoveAccessible

(process:1904055): dbind-WARNING **: 20:31:54.626: AT-SPI: Unknown signature so for RemoveAccessible
A11Y radio: group/option roles, labels, focus, disabled skipping, exclusive keyboard and assistive selection passed

(process:1904055): dbind-WARNING **: 20:31:54.927: AT-SPI: AddAccessible with unknown signature (so)(so)(so)iiassusau


(process:1904055): dbind-WARNING **: 20:31:54.927: AT-SPI: AddAccessible with unknown signature (so)(so)(so)iiassusau


(process:1904055): dbind-WARNING **: 20:31:54.927: AT-SPI: Unknown signature so for RemoveAccessible

(process:1904055): dbind-WARNING **: 20:31:54.927: AT-SPI: Unknown signature so for RemoveAccessible

(process:1904055): dbind-WARNING **: 20:31:54.927: AT-SPI: Unknown signature so for RemoveAccessible

(process:1904055): dbind-WARNING **: 20:31:54.927: AT-SPI: Unknown signature so for RemoveAccessible
A11Y named radios: roles, labels, focus and exclusive group selection passed

(process:1904055): dbind-WARNING **: 20:31:55.046: AT-SPI: AddAccessible with unknown signature (so)(so)(so)iiassusau


(process:1904055): dbind-WARNING **: 20:31:55.046: AT-SPI: Unknown signature so for RemoveAccessible

(process:1904055): dbind-WARNING **: 20:31:55.046: AT-SPI: Unknown signature so for RemoveAccessible

(process:1904055): dbind-WARNING **: 20:31:55.113: AT-SPI: AddAccessible with unknown signature (so)(so)(so)iiassusau


(process:1904055): dbind-WARNING **: 20:31:55.113: AT-SPI: AddAccessible with unknown signature (so)(so)(so)iiassusau


(process:1904055): dbind-WARNING **: 20:31:55.113: AT-SPI: AddAccessible with unknown signature (so)(so)(so)iiassusau


(process:1904055): dbind-WARNING **: 20:31:55.113: AT-SPI: AddAccessible with unknown signature (so)(so)(so)iiassusau


(process:1904055): dbind-WARNING **: 20:31:55.145: AT-SPI: Unknown signature so for RemoveAccessible

(process:1904055): dbind-WARNING **: 20:31:55.145: AT-SPI: Unknown signature so for RemoveAccessible

(process:1904055): dbind-WARNING **: 20:31:55.145: AT-SPI: Unknown signature so for RemoveAccessible

(process:1904055): dbind-WARNING **: 20:31:55.145: AT-SPI: Unknown signature so for RemoveAccessible

(process:1904055): dbind-WARNING **: 20:31:55.178: AT-SPI: AddAccessible with unknown signature (so)(so)(so)iiassusau


(process:1904055): dbind-WARNING **: 20:31:55.178: AT-SPI: AddAccessible with unknown signature (so)(so)(so)iiassusau


(process:1904055): dbind-WARNING **: 20:31:55.178: AT-SPI: AddAccessible with unknown signature (so)(so)(so)iiassusau


(process:1904055): dbind-WARNING **: 20:31:55.178: AT-SPI: AddAccessible with unknown signature (so)(so)(so)iiassusau


(process:1904055): dbind-WARNING **: 20:31:55.414: AT-SPI: Unknown signature so for RemoveAccessible

(process:1904055): dbind-WARNING **: 20:31:55.414: AT-SPI: Unknown signature so for RemoveAccessible

(process:1904055): dbind-WARNING **: 20:31:55.414: AT-SPI: Unknown signature so for RemoveAccessible

(process:1904055): dbind-WARNING **: 20:31:55.414: AT-SPI: Unknown signature so for RemoveAccessible

(process:1904055): dbind-WARNING **: 20:31:55.417: AT-SPI: AddAccessible with unknown signature (so)(so)(so)iiassusau


(process:1904055): dbind-WARNING **: 20:31:55.417: AT-SPI: AddAccessible with unknown signature (so)(so)(so)iiassusau


(process:1904055): dbind-WARNING **: 20:31:55.417: AT-SPI: AddAccessible with unknown signature (so)(so)(so)iiassusau


(process:1904055): dbind-WARNING **: 20:31:55.417: AT-SPI: AddAccessible with unknown signature (so)(so)(so)iiassusau


(process:1904055): dbind-WARNING **: 20:31:55.572: AT-SPI: Unknown signature so for RemoveAccessible

(process:1904055): dbind-WARNING **: 20:31:55.572: AT-SPI: Unknown signature so for RemoveAccessible

(process:1904055): dbind-WARNING **: 20:31:55.572: AT-SPI: Unknown signature so for RemoveAccessible

(process:1904055): dbind-WARNING **: 20:31:55.572: AT-SPI: Unknown signature so for RemoveAccessible

(process:1904055): dbind-WARNING **: 20:31:55.605: AT-SPI: AddAccessible with unknown signature (so)(so)(so)iiassusau


(process:1904055): dbind-WARNING **: 20:31:55.605: AT-SPI: Unknown signature so for RemoveAccessible

(process:1904055): dbind-WARNING **: 20:31:55.639: AT-SPI: AddAccessible with unknown signature (so)(so)(so)iiassusau


(process:1904055): dbind-WARNING **: 20:31:55.639: AT-SPI: AddAccessible with unknown signature (so)(so)(so)iiassusau


(process:1904055): dbind-WARNING **: 20:31:55.639: AT-SPI: AddAccessible with unknown signature (so)(so)(so)iiassusau


(process:1904055): dbind-WARNING **: 20:31:55.916: AT-SPI: Unknown signature so for RemoveAccessible

(process:1904055): dbind-WARNING **: 20:31:55.916: AT-SPI: Unknown signature so for RemoveAccessible

(process:1904055): dbind-WARNING **: 20:31:55.916: AT-SPI: Unknown signature so for RemoveAccessible
A11Y select: combo/list/option roles, labels, expansion, focus, disabled skipping, single/multiple assistive and keyboard selection with selection speech passed

(process:1904055): dbind-WARNING **: 20:31:55.949: AT-SPI: AddAccessible with unknown signature (so)(so)(so)iiassusau


(process:1904055): dbind-WARNING **: 20:31:55.949: AT-SPI: AddAccessible with unknown signature (so)(so)(so)iiassusau


(process:1904055): dbind-WARNING **: 20:31:55.949: AT-SPI: AddAccessible with unknown signature (so)(so)(so)iiassusau


(process:1904055): dbind-WARNING **: 20:31:55.949: AT-SPI: AddAccessible with unknown signature (so)(so)(so)iiassusau


(process:1904055): dbind-WARNING **: 20:31:55.949: AT-SPI: Unknown signature so for RemoveAccessible

(process:1904055): dbind-WARNING **: 20:31:55.996: AT-SPI: AddAccessible with unknown signature (so)(so)(so)iiassusau


(process:1904055): dbind-WARNING **: 20:31:55.996: AT-SPI: AddAccessible with unknown signature (so)(so)(so)iiassusau


(process:1904055): dbind-WARNING **: 20:31:55.996: AT-SPI: AddAccessible with unknown signature (so)(so)(so)iiassusau


(process:1904055): dbind-WARNING **: 20:31:55.996: AT-SPI: AddAccessible with unknown signature (so)(so)(so)iiassusau


(process:1904055): dbind-WARNING **: 20:31:55.996: AT-SPI: AddAccessible with unknown signature (so)(so)(so)iiassusau


(process:1904055): dbind-WARNING **: 20:31:55.996: AT-SPI: AddAccessible with unknown signature (so)(so)(so)iiassusau


(process:1904055): dbind-WARNING **: 20:31:55.996: AT-SPI: AddAccessible with unknown signature (so)(so)(so)iiassusau


(process:1904055): dbind-WARNING **: 20:31:55.996: AT-SPI: AddAccessible with unknown signature (so)(so)(so)iiassusau


(process:1904055): dbind-WARNING **: 20:31:56.125: AT-SPI: Unknown signature so for RemoveAccessible

(process:1904055): dbind-WARNING **: 20:31:56.125: AT-SPI: Unknown signature so for RemoveAccessible

(process:1904055): dbind-WARNING **: 20:31:56.125: AT-SPI: Unknown signature so for RemoveAccessible

(process:1904055): dbind-WARNING **: 20:31:56.125: AT-SPI: Unknown signature so for RemoveAccessible

(process:1904055): dbind-WARNING **: 20:31:56.125: AT-SPI: Unknown signature so for RemoveAccessible

(process:1904055): dbind-WARNING **: 20:31:56.125: AT-SPI: Unknown signature so for RemoveAccessible

(process:1904055): dbind-WARNING **: 20:31:56.125: AT-SPI: Unknown signature so for RemoveAccessible

(process:1904055): dbind-WARNING **: 20:31:56.125: AT-SPI: Unknown signature so for RemoveAccessible

(process:1904055): dbind-WARNING **: 20:31:56.162: AT-SPI: AddAccessible with unknown signature (so)(so)(so)iiassusau


(process:1904055): dbind-WARNING **: 20:31:56.163: AT-SPI: AddAccessible with unknown signature (so)(so)(so)iiassusau


(process:1904055): dbind-WARNING **: 20:31:56.163: AT-SPI: AddAccessible with unknown signature (so)(so)(so)iiassusau


(process:1904055): dbind-WARNING **: 20:31:56.163: AT-SPI: AddAccessible with unknown signature (so)(so)(so)iiassusau


(process:1904055): dbind-WARNING **: 20:31:56.163: AT-SPI: AddAccessible with unknown signature (so)(so)(so)iiassusau


(process:1904055): dbind-WARNING **: 20:31:56.163: AT-SPI: AddAccessible with unknown signature (so)(so)(so)iiassusau


(process:1904055): dbind-WARNING **: 20:31:56.163: AT-SPI: AddAccessible with unknown signature (so)(so)(so)iiassusau


(process:1904055): dbind-WARNING **: 20:31:56.163: AT-SPI: AddAccessible with unknown signature (so)(so)(so)iiassusau


(process:1904055): dbind-WARNING **: 20:31:56.336: AT-SPI: AddAccessible with unknown signature (so)(so)(so)iiassusau


(process:1904055): dbind-WARNING **: 20:31:56.336: AT-SPI: AddAccessible with unknown signature (so)(so)(so)iiassusau


(process:1904055): dbind-WARNING **: 20:31:56.336: AT-SPI: AddAccessible with unknown signature (so)(so)(so)iiassusau


(process:1904055): dbind-WARNING **: 20:31:56.487: AT-SPI: Unknown signature so for RemoveAccessible

(process:1904055): dbind-WARNING **: 20:31:56.487: AT-SPI: Unknown signature so for RemoveAccessible

(process:1904055): dbind-WARNING **: 20:31:56.487: AT-SPI: Unknown signature so for RemoveAccessible

(process:1904055): dbind-WARNING **: 20:31:56.487: AT-SPI: Unknown signature so for RemoveAccessible

(process:1904055): dbind-WARNING **: 20:31:56.487: AT-SPI: Unknown signature so for RemoveAccessible

(process:1904055): dbind-WARNING **: 20:31:56.487: AT-SPI: Unknown signature so for RemoveAccessible

(process:1904055): dbind-WARNING **: 20:31:56.487: AT-SPI: Unknown signature so for RemoveAccessible

(process:1904055): dbind-WARNING **: 20:31:56.487: AT-SPI: Unknown signature so for RemoveAccessible

(process:1904055): dbind-WARNING **: 20:31:56.487: AT-SPI: Unknown signature so for RemoveAccessible

(process:1904055): dbind-WARNING **: 20:31:56.487: AT-SPI: Unknown signature so for RemoveAccessible

(process:1904055): dbind-WARNING **: 20:31:56.487: AT-SPI: Unknown signature so for RemoveAccessible
A11Y menu family 1: roles, disabled actions, assistive/keyboard focus, nested activation and removal passed

(process:1904055): dbind-WARNING **: 20:31:56.523: AT-SPI: Unknown signature so for RemoveAccessible

(process:1904055): dbind-WARNING **: 20:31:56.523: AT-SPI: Unknown signature so for RemoveAccessible

(process:1904055): dbind-WARNING **: 20:31:56.523: AT-SPI: Unknown signature so for RemoveAccessible

(process:1904055): dbind-WARNING **: 20:31:56.526: AT-SPI: AddAccessible with unknown signature (so)(so)(so)iiassusau


(process:1904055): dbind-WARNING **: 20:31:56.526: AT-SPI: AddAccessible with unknown signature (so)(so)(so)iiassusau


(process:1904055): dbind-WARNING **: 20:31:56.526: AT-SPI: AddAccessible with unknown signature (so)(so)(so)iiassusau


(process:1904055): dbind-WARNING **: 20:31:56.526: AT-SPI: AddAccessible with unknown signature (so)(so)(so)iiassusau


(process:1904055): dbind-WARNING **: 20:31:56.526: AT-SPI: AddAccessible with unknown signature (so)(so)(so)iiassusau


(process:1904055): dbind-WARNING **: 20:31:56.526: AT-SPI: AddAccessible with unknown signature (so)(so)(so)iiassusau


(process:1904055): dbind-WARNING **: 20:31:56.526: AT-SPI: AddAccessible with unknown signature (so)(so)(so)iiassusau


(process:1904055): dbind-WARNING **: 20:31:56.526: AT-SPI: AddAccessible with unknown signature (so)(so)(so)iiassusau


(process:1904055): dbind-WARNING **: 20:31:56.526: AT-SPI: AddAccessible with unknown signature (so)(so)(so)iiassusau


(process:1904055): dbind-WARNING **: 20:31:56.909: AT-SPI: AddAccessible with unknown signature (so)(so)(so)iiassusau


(process:1904055): dbind-WARNING **: 20:31:56.909: AT-SPI: AddAccessible with unknown signature (so)(so)(so)iiassusau


(process:1904055): dbind-WARNING **: 20:31:56.909: AT-SPI: AddAccessible with unknown signature (so)(so)(so)iiassusau


(process:1904055): dbind-WARNING **: 20:31:57.092: AT-SPI: Unknown signature so for RemoveAccessible

(process:1904055): dbind-WARNING **: 20:31:57.092: AT-SPI: Unknown signature so for RemoveAccessible

(process:1904055): dbind-WARNING **: 20:31:57.092: AT-SPI: Unknown signature so for RemoveAccessible
A11Y menu family 2: roles, disabled actions, assistive/keyboard focus, nested activation and removal passed

(process:1904055): dbind-WARNING **: 20:31:57.107: AT-SPI: Unknown signature so for RemoveAccessible

(process:1904055): dbind-WARNING **: 20:31:57.108: AT-SPI: Unknown signature so for RemoveAccessible

(process:1904055): dbind-WARNING **: 20:31:57.108: AT-SPI: Unknown signature so for RemoveAccessible

(process:1904055): dbind-WARNING **: 20:31:57.108: AT-SPI: Unknown signature so for RemoveAccessible

(process:1904055): dbind-WARNING **: 20:31:57.108: AT-SPI: Unknown signature so for RemoveAccessible

(process:1904055): dbind-WARNING **: 20:31:57.108: AT-SPI: Unknown signature so for RemoveAccessible

(process:1904055): dbind-WARNING **: 20:31:57.108: AT-SPI: Unknown signature so for RemoveAccessible

(process:1904055): dbind-WARNING **: 20:31:57.108: AT-SPI: Unknown signature so for RemoveAccessible

(process:1904055): dbind-WARNING **: 20:31:57.108: AT-SPI: Unknown signature so for RemoveAccessible

(process:1904055): dbind-WARNING **: 20:31:57.176: AT-SPI: AddAccessible with unknown signature (so)(so)(so)iiassusau


(process:1904055): dbind-WARNING **: 20:31:57.176: AT-SPI: AddAccessible with unknown signature (so)(so)(so)iiassusau


(process:1904055): dbind-WARNING **: 20:31:57.176: AT-SPI: AddAccessible with unknown signature (so)(so)(so)iiassusau


(process:1904055): dbind-WARNING **: 20:31:57.176: AT-SPI: AddAccessible with unknown signature (so)(so)(so)iiassusau


(process:1904055): dbind-WARNING **: 20:31:57.176: AT-SPI: AddAccessible with unknown signature (so)(so)(so)iiassusau


(process:1904055): dbind-WARNING **: 20:31:57.176: AT-SPI: AddAccessible with unknown signature (so)(so)(so)iiassusau


(process:1904055): dbind-WARNING **: 20:31:57.176: AT-SPI: AddAccessible with unknown signature (so)(so)(so)iiassusau


(process:1904055): dbind-WARNING **: 20:31:57.176: AT-SPI: AddAccessible with unknown signature (so)(so)(so)iiassusau


(process:1904055): dbind-WARNING **: 20:31:57.176: AT-SPI: AddAccessible with unknown signature (so)(so)(so)iiassusau


(process:1904055): dbind-WARNING **: 20:31:57.349: AT-SPI: AddAccessible with unknown signature (so)(so)(so)iiassusau


(process:1904055): dbind-WARNING **: 20:31:57.349: AT-SPI: AddAccessible with unknown signature (so)(so)(so)iiassusau


(process:1904055): dbind-WARNING **: 20:31:57.349: AT-SPI: AddAccessible with unknown signature (so)(so)(so)iiassusau


(process:1904055): dbind-WARNING **: 20:31:57.497: AT-SPI: Unknown signature so for RemoveAccessible

(process:1904055): dbind-WARNING **: 20:31:57.497: AT-SPI: Unknown signature so for RemoveAccessible

(process:1904055): dbind-WARNING **: 20:31:57.497: AT-SPI: Unknown signature so for RemoveAccessible

(process:1904055): dbind-WARNING **: 20:31:57.497: AT-SPI: Unknown signature so for RemoveAccessible

(process:1904055): dbind-WARNING **: 20:31:57.497: AT-SPI: Unknown signature so for RemoveAccessible

(process:1904055): dbind-WARNING **: 20:31:57.497: AT-SPI: Unknown signature so for RemoveAccessible

(process:1904055): dbind-WARNING **: 20:31:57.497: AT-SPI: Unknown signature so for RemoveAccessible

(process:1904055): dbind-WARNING **: 20:31:57.497: AT-SPI: Unknown signature so for RemoveAccessible

(process:1904055): dbind-WARNING **: 20:31:57.497: AT-SPI: Unknown signature so for RemoveAccessible

(process:1904055): dbind-WARNING **: 20:31:57.497: AT-SPI: Unknown signature so for RemoveAccessible

(process:1904055): dbind-WARNING **: 20:31:57.497: AT-SPI: Unknown signature so for RemoveAccessible

(process:1904055): dbind-WARNING **: 20:31:57.497: AT-SPI: Unknown signature so for RemoveAccessible
A11Y menu family 3: roles, disabled actions, assistive/keyboard focus, nested activation and removal passed

(process:1904055): dbind-WARNING **: 20:31:57.563: AT-SPI: AddAccessible with unknown signature (so)(so)(so)iiassusau


(process:1904055): dbind-WARNING **: 20:31:57.563: AT-SPI: AddAccessible with unknown signature (so)(so)(so)iiassusau


(process:1904055): dbind-WARNING **: 20:31:57.563: AT-SPI: AddAccessible with unknown signature (so)(so)(so)iiassusau


(process:1904055): dbind-WARNING **: 20:31:57.563: AT-SPI: AddAccessible with unknown signature (so)(so)(so)iiassusau


(process:1904055): dbind-WARNING **: 20:31:57.563: AT-SPI: AddAccessible with unknown signature (so)(so)(so)iiassusau


(process:1904055): dbind-WARNING **: 20:31:57.563: AT-SPI: AddAccessible with unknown signature (so)(so)(so)iiassusau


(process:1904055): dbind-WARNING **: 20:31:57.563: AT-SPI: AddAccessible with unknown signature (so)(so)(so)iiassusau


(process:1904055): dbind-WARNING **: 20:31:57.563: AT-SPI: AddAccessible with unknown signature (so)(so)(so)iiassusau


(process:1904055): dbind-WARNING **: 20:31:57.563: AT-SPI: AddAccessible with unknown signature (so)(so)(so)iiassusau


(process:1904055): dbind-WARNING **: 20:31:57.563: AT-SPI: AddAccessible with unknown signature (so)(so)(so)iiassusau


(process:1904055): dbind-WARNING **: 20:31:57.806: AT-SPI: AddAccessible with unknown signature (so)(so)(so)iiassusau


(process:1904055): dbind-WARNING **: 20:31:57.806: AT-SPI: AddAccessible with unknown signature (so)(so)(so)iiassusau


(process:1904055): dbind-WARNING **: 20:31:57.806: AT-SPI: AddAccessible with unknown signature (so)(so)(so)iiassusau


(process:1904055): dbind-WARNING **: 20:31:57.954: AT-SPI: Unknown signature so for RemoveAccessible

(process:1904055): dbind-WARNING **: 20:31:57.954: AT-SPI: Unknown signature so for RemoveAccessible

(process:1904055): dbind-WARNING **: 20:31:57.954: AT-SPI: Unknown signature so for RemoveAccessible

(process:1904055): dbind-WARNING **: 20:31:57.954: AT-SPI: Unknown signature so for RemoveAccessible

(process:1904055): dbind-WARNING **: 20:31:57.954: AT-SPI: Unknown signature so for RemoveAccessible

(process:1904055): dbind-WARNING **: 20:31:57.954: AT-SPI: Unknown signature so for RemoveAccessible

(process:1904055): dbind-WARNING **: 20:31:57.954: AT-SPI: Unknown signature so for RemoveAccessible

(process:1904055): dbind-WARNING **: 20:31:57.954: AT-SPI: Unknown signature so for RemoveAccessible

(process:1904055): dbind-WARNING **: 20:31:57.954: AT-SPI: Unknown signature so for RemoveAccessible

(process:1904055): dbind-WARNING **: 20:31:57.954: AT-SPI: Unknown signature so for RemoveAccessible

(process:1904055): dbind-WARNING **: 20:31:57.954: AT-SPI: Unknown signature so for RemoveAccessible

(process:1904055): dbind-WARNING **: 20:31:57.954: AT-SPI: Unknown signature so for RemoveAccessible

(process:1904055): dbind-WARNING **: 20:31:57.954: AT-SPI: Unknown signature so for RemoveAccessible
A11Y menu family 4: roles, disabled actions, assistive/keyboard focus, nested activation and removal passed

(process:1904055): dbind-WARNING **: 20:31:57.994: AT-SPI: AddAccessible with unknown signature (so)(so)(so)iiassusau


(process:1904055): dbind-WARNING **: 20:31:57.994: AT-SPI: AddAccessible with unknown signature (so)(so)(so)iiassusau


(process:1904055): dbind-WARNING **: 20:31:57.994: AT-SPI: AddAccessible with unknown signature (so)(so)(so)iiassusau


(process:1904055): dbind-WARNING **: 20:31:57.994: AT-SPI: AddAccessible with unknown signature (so)(so)(so)iiassusau


(process:1904055): dbind-WARNING **: 20:31:57.994: AT-SPI: AddAccessible with unknown signature (so)(so)(so)iiassusau


(process:1904055): dbind-WARNING **: 20:31:57.994: AT-SPI: AddAccessible with unknown signature (so)(so)(so)iiassusau


(process:1904055): dbind-WARNING **: 20:31:58.079: AT-SPI: AddAccessible with unknown signature (so)(so)(so)iiassusau


(process:1904055): dbind-WARNING **: 20:31:58.080: AT-SPI: AddAccessible with unknown signature (so)(so)(so)iiassusau


(process:1904055): dbind-WARNING **: 20:31:58.080: AT-SPI: AddAccessible with unknown signature (so)(so)(so)iiassusau


(process:1904055): dbind-WARNING **: 20:31:58.253: AT-SPI: AddAccessible with unknown signature (so)(so)(so)iiassusau


(process:1904055): dbind-WARNING **: 20:31:58.253: AT-SPI: AddAccessible with unknown signature (so)(so)(so)iiassusau

A11Y round 2: simultaneous and successive App isolation, action delivery, exactly-once callbacks and adapter cleanup passed
A11Y 20:31:53.159300 - SPEECH OUTPUT: 'Account preferences accessible label' {'established': False, 'family': {'name': '', 'gender': None, 'lang': 'C', 'dialect': '', 'variant': None}}
A11Y 20:31:53.159329 - SPEECH OUTPUT: 'collapsed button.' {'established': False}
A11Y 20:31:53.318902 - SPEECH OUTPUT: 'Account preferences accessible label' {'established': False, 'family': {'name': '', 'gender': None, 'lang': 'C', 'dialect': '', 'variant': None}}
A11Y 20:31:53.377021 - SPEECH OUTPUT: 'expanded' {'established': False}
A11Y 20:31:53.441011 - SPEECH OUTPUT: 'Nested account entry' {'established': False, 'family': {'name': '', 'gender': None, 'lang': 'C', 'dialect': '', 'variant': None}}
A11Y 20:31:53.503435 - SPEECH OUTPUT: 'Privacy preferences accessible label' {'established': False, 'family': {'name': '', 'gender': None, 'lang': 'C', 'dialect': '', 'variant': None}}
A11Y 20:31:53.503498 - SPEECH OUTPUT: 'collapsed button.' {'established': False}
A11Y 20:31:53.555888 - SPEECH OUTPUT: 'expanded' {'established': False}
A11Y 20:31:53.634686 - SPEECH OUTPUT: 'Account preferences accessible label' {'established': False, 'family': {'name': '', 'gender': None, 'lang': 'C', 'dialect': '', 'variant': None}}
A11Y 20:31:53.634734 - SPEECH OUTPUT: 'collapsed button.' {'established': False}
A11Y 20:31:53.726478 - SPEECH OUTPUT: 'Breadcrumb docs accessible label' {'established': False, 'family': {'name': '', 'gender': None, 'lang': 'C', 'dialect': '', 'variant': None}}
A11Y 20:31:53.785142 - SPEECH OUTPUT: 'Breadcrumb home accessible label' {'established': False, 'family': {'name': '', 'gender': None, 'lang': 'C', 'dialect': '', 'variant': None}}
A11Y 20:31:53.879382 - SPEECH OUTPUT: 'Breadcrumb docs accessible label' {'established': False, 'family': {'name': '', 'gender': None, 'lang': 'C', 'dialect': '', 'variant': None}}
A11Y 20:31:53.952365 - SPEECH OUTPUT: 'Breadcrumb current accessible label' {'established': False, 'family': {'name': '', 'gender': None, 'lang': 'C', 'dialect': '', 'variant': None}}
A11Y 20:31:53.952409 - SPEECH OUTPUT: 'static (Current page)' {'established': False}
A11Y 20:31:54.101835 - SPEECH OUTPUT: 'Independent App action' {'established': False, 'family': {'name': '', 'gender': None, 'lang': 'C', 'dialect': '', 'variant': None}}
A11Y 20:31:54.293864 - SPEECH OUTPUT: 'Background calls 1' {'established': False}
A11Y 20:31:54.305211 - SPEECH OUTPUT: 'pressed' {'established': False}
A11Y 20:31:54.377175 - SPEECH OUTPUT: 'Notification preference' {'established': False, 'family': {'name': '', 'gender': None, 'lang': 'C', 'dialect': '', 'variant': None}}
A11Y 20:31:54.377223 - SPEECH OUTPUT: 'check box partially checked.' {'established': False}
A11Y 20:31:54.435975 - SPEECH OUTPUT: 'checked' {'established': False}
A11Y 20:31:54.492068 - SPEECH OUTPUT: 'not checked' {'established': False}
A11Y 20:31:54.542680 - SPEECH OUTPUT: 'Playback volume' {'established': False, 'family': {'name': '', 'gender': None, 'lang': 'C', 'dialect': '', 'variant': None}}
A11Y 20:31:54.721661 - SPEECH OUTPUT: 'Standard delivery' {'established': False, 'family': {'name': '', 'gender': None, 'lang': 'C', 'dialect': '', 'variant': None}}
A11Y 20:31:54.721686 - SPEECH OUTPUT: 'selected radio button.' {'established': False}
A11Y 20:31:54.799412 - SPEECH OUTPUT: 'Express delivery' {'established': False, 'family': {'name': '', 'gender': None, 'lang': 'C', 'dialect': '', 'variant': None}}
A11Y 20:31:54.799435 - SPEECH OUTPUT: 'not selected radio button.' {'established': False}
A11Y 20:31:54.852389 - SPEECH OUTPUT: 'selected' {'established': False}
A11Y 20:31:54.903417 - SPEECH OUTPUT: 'Standard delivery' {'established': False, 'family': {'name': '', 'gender': None, 'lang': 'C', 'dialect': '', 'variant': None}}
A11Y 20:31:54.903439 - SPEECH OUTPUT: 'selected radio button.' {'established': False}
A11Y 20:31:54.978287 - SPEECH OUTPUT: 'Named beta' {'established': False, 'family': {'name': '', 'gender': None, 'lang': 'C', 'dialect': '', 'variant': None}}
A11Y 20:31:54.978328 - SPEECH OUTPUT: 'not selected radio button.' {'established': False}
A11Y 20:31:55.797805 - SPEECH OUTPUT: 'selected' {'established': False}
A11Y 20:31:55.979374 - SPEECH OUTPUT: 'Menu file' {'established': False, 'family': {'name': '', 'gender': None, 'lang': 'C', 'dialect': '', 'variant': None}}
A11Y 20:31:56.077745 - SPEECH OUTPUT: 'Enable notifications' {'established': False, 'family': {'name': '', 'gender': None, 'lang': 'C', 'dialect': '', 'variant': None}}
A11Y 20:31:56.077772 - SPEECH OUTPUT: 'check menu item not checked.' {'established': False}
A11Y 20:31:56.265732 - SPEECH OUTPUT: 'Enable notifications' {'established': False, 'family': {'name': '', 'gender': None, 'lang': 'C', 'dialect': '', 'variant': None}}
A11Y 20:31:56.265760 - SPEECH OUTPUT: 'check menu item checked.' {'established': False}
A11Y 20:31:56.332717 - SPEECH OUTPUT: 'Recent menu' {'established': False, 'family': {'name': '', 'gender': None, 'lang': 'C', 'dialect': '', 'variant': None}}
A11Y 20:31:56.451688 - SPEECH OUTPUT: 'Recent document.' {'established': False, 'family': {'name': '', 'gender': None, 'lang': 'C', 'dialect': '', 'variant': None}}
A11Y 20:31:56.613607 - SPEECH OUTPUT: 'Enable notifications' {'established': False, 'family': {'name': '', 'gender': None, 'lang': 'C', 'dialect': '', 'variant': None}}
A11Y 20:31:56.613638 - SPEECH OUTPUT: 'check menu item not checked.' {'established': False}
A11Y 20:31:56.794125 - SPEECH OUTPUT: 'checked' {'established': False}
A11Y 20:31:56.914359 - SPEECH OUTPUT: 'Recent menu' {'established': False, 'family': {'name': '', 'gender': None, 'lang': 'C', 'dialect': '', 'variant': None}}
A11Y 20:31:57.027831 - SPEECH OUTPUT: 'Recent document.' {'established': False, 'family': {'name': '', 'gender': None, 'lang': 'C', 'dialect': '', 'variant': None}}
A11Y 20:31:57.069600 - SPEECH OUTPUT: 'expanded' {'established': False}
A11Y 20:31:57.254906 - SPEECH OUTPUT: 'Enable notifications' {'established': False, 'family': {'name': '', 'gender': None, 'lang': 'C', 'dialect': '', 'variant': None}}
A11Y 20:31:57.254932 - SPEECH OUTPUT: 'check menu item not checked.' {'established': False}
A11Y 20:31:57.360994 - SPEECH OUTPUT: 'Recent menu' {'established': False, 'family': {'name': '', 'gender': None, 'lang': 'C', 'dialect': '', 'variant': None}}
A11Y 20:31:57.459129 - SPEECH OUTPUT: 'Recent document.' {'established': False, 'family': {'name': '', 'gender': None, 'lang': 'C', 'dialect': '', 'variant': None}}
A11Y 20:31:57.600802 - SPEECH OUTPUT: 'Enable notifications' {'established': False, 'family': {'name': '', 'gender': None, 'lang': 'C', 'dialect': '', 'variant': None}}
A11Y 20:31:57.600831 - SPEECH OUTPUT: 'check menu item not checked.' {'established': False}
A11Y 20:31:57.666121 - SPEECH OUTPUT: 'Recent menu' {'established': False, 'family': {'name': '', 'gender': None, 'lang': 'C', 'dialect': '', 'variant': None}}
A11Y 20:31:57.722383 - SPEECH OUTPUT: 'Enable notifications' {'established': False, 'family': {'name': '', 'gender': None, 'lang': 'C', 'dialect': '', 'variant': None}}
A11Y 20:31:57.722424 - SPEECH OUTPUT: 'check menu item checked.' {'established': False}
A11Y 20:31:57.794712 - SPEECH OUTPUT: 'Recent menu' {'established': False, 'family': {'name': '', 'gender': None, 'lang': 'C', 'dialect': '', 'variant': None}}
A11Y 20:31:57.879471 - SPEECH OUTPUT: 'Recent document' {'established': False, 'family': {'name': '', 'gender': None, 'lang': 'C', 'dialect': '', 'variant': None}}
A11Y 20:31:57.879497 - SPEECH OUTPUT: 'check menu item not checked.' {'established': False}
A11Y 20:31:58.015257 - SPEECH OUTPUT: 'Background calls 1' {'established': False}
A11Y 20:31:58.038463 - SPEECH OUTPUT: 'Background calls 1' {'established': False}
A11Y 20:31:58.154888 - SPEECH OUTPUT: 'Account preferences accessible label' {'established': False, 'family': {'name': '', 'gender': None, 'lang': 'C', 'dialect': '', 'variant': None}}
A11Y 20:31:58.154938 - SPEECH OUTPUT: 'collapsed button.' {'established': False}
A11Y 20:31:58.240560 - SPEECH OUTPUT: 'expanded' {'established': False}
A connection to the bus can't be made
