   Compiling reactive-tui v0.0.7 (D:\a\reactive-tui\reactive-tui)
warning: unused import: `std::os::windows::io::AsRawHandle`
  --> src\core\capabilities.rs:12:5
   |
12 | use std::os::windows::io::AsRawHandle;
   |     ^^^^^^^^^^^^^^^^^^^^^^^^^^^^^^^^^
   |
   = note: `#[warn(unused_imports)]` (part of `#[warn(unused)]`) on by default

warning: variable does not need to be mutable
    --> src\platform\mod.rs:1199:13
     |
1199 |         let mut buffer = [0u8; 8192];
     |             ----^^^^^^
     |             |
     |             help: remove this `mut`
     |
     = note: `#[warn(unused_mut)]` (part of `#[warn(unused)]`) on by default

warning: variable does not need to be mutable
    --> src\platform\mod.rs:1200:13
     |
1200 |         let mut total_read = 0;
     |             ----^^^^^^^^^^
     |             |
     |             help: remove this `mut`

warning: field `parser` is never read
   --> src\platform\mod.rs:474:5
    |
471 | pub struct DirectTty {
    |            --------- field in this struct
...
474 |     parser: parser::EscapeSequenceParser,
    |     ^^^^^^
    |
    = note: `#[warn(dead_code)]` (part of `#[warn(unused)]`) on by default

warning: `reactive-tui` (lib test) generated 4 warnings (run `cargo fix --lib -p reactive-tui --tests` to apply 3 suggestions)
    Finished `test` profile [unoptimized + debuginfo] target(s) in 39.52s
     Running unittests src\lib.rs (target\debug\deps\reactive_tui-c41ce0e09adacb0a.exe)

running 3 tests
test hooks::clipboard_process::tests::cancellation_kills_and_reaps_child ... ok
test hooks::clipboard_process::tests::deadline_kills_and_reaps_child ... ok
test hooks::clipboard_process::tests::sleeping_child_fixture ... ignored, child fixture invoked only by the process lifecycle tests

test result: ok. 2 passed; 0 failed; 1 ignored; 0 measured; 757 filtered out; finished in 15.01s


warning: unused import: `std::os::windows::io::AsRawHandle`
  --> src\core\capabilities.rs:12:5
   |
12 | use std::os::windows::io::AsRawHandle;
   |     ^^^^^^^^^^^^^^^^^^^^^^^^^^^^^^^^^
   |
   = note: `#[warn(unused_imports)]` (part of `#[warn(unused)]`) on by default

warning: variable does not need to be mutable
    --> src\platform\mod.rs:1199:13
     |
1199 |         let mut buffer = [0u8; 8192];
     |             ----^^^^^^
     |             |
     |             help: remove this `mut`
     |
     = note: `#[warn(unused_mut)]` (part of `#[warn(unused)]`) on by default

warning: variable does not need to be mutable
    --> src\platform\mod.rs:1200:13
     |
1200 |         let mut total_read = 0;
     |             ----^^^^^^^^^^
     |             |
     |             help: remove this `mut`

warning: field `parser` is never read
   --> src\platform\mod.rs:474:5
    |
471 | pub struct DirectTty {
    |            --------- field in this struct
...
474 |     parser: parser::EscapeSequenceParser,
    |     ^^^^^^
    |
    = note: `#[warn(dead_code)]` (part of `#[warn(unused)]`) on by default

warning: `reactive-tui` (lib) generated 4 warnings (run `cargo fix --lib -p reactive-tui` to apply 3 suggestions)
   Compiling reactive-tui v0.0.7 (D:\a\reactive-tui\reactive-tui)
    Finished `test` profile [unoptimized + debuginfo] target(s) in 6.35s
     Running tests\windows_platform.rs (target\debug\deps\windows_platform-d28ad2d5ba1b1eb1.exe)

running 1 test
RTUI_WINDOWS_ADAPTER_OK
test windows_console_io_and_event_conversion ... ok

test result: ok. 1 passed; 0 failed; 0 ignored; 0 measured; 0 filtered out; finished in 0.25s

