   Compiling reactive-tui v0.0.7 (/home/shawn/workspace2/reactive-tui)
warning: ambiguous glob re-exports
  --> src/ffi/mod.rs:85:9
   |
85 | pub use pointer::*;
   |         ^^^^^^^^^^ the name `validate_pointer` in the value namespace is first re-exported here
...
90 | pub use types::*;
   |         -------- but the name `validate_pointer` in the value namespace is also re-exported here
   |
   = note: `#[warn(ambiguous_glob_reexports)]` on by default

warning: unused variable: `width`
  --> src/ffi/lib.rs:85:14
   |
85 |         let (width, height) = renderer_box.dims();
   |              ^^^^^ help: if this is intentional, prefix it with an underscore: `_width`
   |
   = note: `#[warn(unused_variables)]` (part of `#[warn(unused)]`) on by default

warning: function `validate_pointer` is never used
   --> src/ffi/types.rs:182:15
    |
182 | pub(crate) fn validate_pointer<T>(ptr: *const T) -> bool {
    |               ^^^^^^^^^^^^^^^^
    |
    = note: `#[warn(dead_code)]` (part of `#[warn(unused)]`) on by default

warning: function `validate_mut_pointer` is never used
   --> src/ffi/types.rs:187:15
    |
187 | pub(crate) fn validate_mut_pointer<T>(ptr: *mut T) -> bool {
    |               ^^^^^^^^^^^^^^^^^^^^

warning: function `safe_cast` is never used
   --> src/ffi/types.rs:192:22
    |
192 | pub(crate) unsafe fn safe_cast<T, U>(ptr: *mut T) -> Result<*mut U, ReactiveError> {
    |                      ^^^^^^^^^

warning: function `safe_cast_const` is never used
   --> src/ffi/types.rs:206:22
    |
206 | pub(crate) unsafe fn safe_cast_const<T, U>(ptr: *const T) -> Result<*const U, ReactiveError> {
    |                      ^^^^^^^^^^^^^^^

warning: `reactive-tui` (lib test) generated 6 warnings (run `cargo fix --lib -p reactive-tui --tests` to apply 1 suggestion)
warning: `reactive-tui` (lib) generated 6 warnings (6 duplicates)
warning: unnecessary `unsafe` block
  --> tests/test_ffi_integration.rs:10:9
   |
10 |         unsafe {
   |         ^^^^^^ unnecessary `unsafe` block
   |
   = note: `#[warn(unused_unsafe)]` (part of `#[warn(unused)]`) on by default

warning: unnecessary `unsafe` block
  --> tests/test_ffi_integration.rs:60:9
   |
60 |         unsafe {
   |         ^^^^^^ unnecessary `unsafe` block

warning: unnecessary `unsafe` block
   --> tests/test_ffi_integration.rs:115:9
    |
115 |         unsafe {
    |         ^^^^^^ unnecessary `unsafe` block

warning: unnecessary `unsafe` block
   --> tests/test_ffi_integration.rs:150:9
    |
150 |         unsafe {
    |         ^^^^^^ unnecessary `unsafe` block

warning: unnecessary `unsafe` block
   --> tests/test_ffi_integration.rs:172:9
    |
172 |         unsafe {
    |         ^^^^^^ unnecessary `unsafe` block

warning: unnecessary `unsafe` block
  --> tests/test_ffi_core_only.rs:10:9
   |
10 |         unsafe {
   |         ^^^^^^ unnecessary `unsafe` block
   |
   = note: `#[warn(unused_unsafe)]` (part of `#[warn(unused)]`) on by default

warning: unnecessary `unsafe` block
  --> tests/test_ffi_core_only.rs:24:9
   |
24 |         unsafe {
   |         ^^^^^^ unnecessary `unsafe` block

warning: unnecessary `unsafe` block
  --> tests/test_ffi_core_only.rs:67:9
   |
67 |         unsafe {
   |         ^^^^^^ unnecessary `unsafe` block

warning: unnecessary `unsafe` block
  --> tests/test_ffi_core_only.rs:94:9
   |
94 |         unsafe {
   |         ^^^^^^ unnecessary `unsafe` block

warning: unnecessary `unsafe` block
   --> tests/test_ffi_core_only.rs:127:9
    |
127 |         unsafe {
    |         ^^^^^^ unnecessary `unsafe` block

warning: unnecessary `unsafe` block
   --> tests/test_ffi_core_only.rs:171:9
    |
171 |         unsafe {
    |         ^^^^^^ unnecessary `unsafe` block

warning: unnecessary `unsafe` block
   --> tests/test_ffi_core_only.rs:193:9
    |
193 |         unsafe {
    |         ^^^^^^ unnecessary `unsafe` block

warning: `reactive-tui` (test "test_ffi_integration") generated 5 warnings
warning: `reactive-tui` (test "test_ffi_core_only") generated 7 warnings
    Finished `test` profile [unoptimized + debuginfo] target(s) in 14.04s
  Executable unittests src/lib.rs (target/debug/deps/reactive_tui-692de00f7b2668e6)
  Executable tests/advanced_table_test.rs (target/debug/deps/advanced_table_test-7d4fb1e87a24e934)
  Executable tests/alignment_strict_tests.rs (target/debug/deps/alignment_strict_tests-480d9d1898809165)
  Executable tests/alignment_utility_tests.rs (target/debug/deps/alignment_utility_tests-574c42369ff208f1)
  Executable tests/animations_integration.rs (target/debug/deps/animations_integration-0e467c3c9ef76137)
  Executable tests/api_clipboard.rs (target/debug/deps/api_clipboard-ceb468853e200dbf)
  Executable tests/api_component_expansion.rs (target/debug/deps/api_component_expansion-fa8569af7a3eabed)
  Executable tests/api_editor_unicode.rs (target/debug/deps/api_editor_unicode-56e453d9e4cff4f0)
  Executable tests/api_event_routing.rs (target/debug/deps/api_event_routing-c3848d9f2f7020dc)
  Executable tests/api_focus.rs (target/debug/deps/api_focus-bffb45f4f9de7052)
  Executable tests/api_hook_lifecycle.rs (target/debug/deps/api_hook_lifecycle-03f3808d24ca913c)
  Executable tests/api_hook_state.rs (target/debug/deps/api_hook_state-ba370a29efeb3dfd)
  Executable tests/api_signal_ownership.rs (target/debug/deps/api_signal_ownership-da4878bb0ab87edf)
  Executable tests/app_wakeups.rs (target/debug/deps/app_wakeups-f30588ccb95cc46e)
  Executable tests/automatic_memory_management_tests.rs (target/debug/deps/automatic_memory_management_tests-8070f1bdfce2a0bd)
  Executable tests/charts_test.rs (target/debug/deps/charts_test-a44d23646a8a1de0)
  Executable tests/clipboard_platform.rs (target/debug/deps/clipboard_platform-5d42e4b6f90e1a61)
  Executable tests/color_more_shades_tests.rs (target/debug/deps/color_more_shades_tests-0628eb96a7a0e2ea)
  Executable tests/color_shades_tests.rs (target/debug/deps/color_shades_tests-98d45c6f5e517864)
  Executable tests/color_utility_tests.rs (target/debug/deps/color_utility_tests-5a51330bc626e659)
  Executable tests/component_macro_integration.rs (target/debug/deps/component_macro_integration-03d95a81c6415289)
  Executable tests/component_macro_test.rs (target/debug/deps/component_macro_test-c36be2e33bdf3850)
  Executable tests/component_tests.rs (target/debug/deps/component_tests-cb36b4345f493108)
  Executable tests/css_animation_integration_test.rs (target/debug/deps/css_animation_integration_test-f3b7f107abb4b75e)
  Executable tests/css_in_rust_simple_test.rs (target/debug/deps/css_in_rust_simple_test-f10dbb7992e5c146)
  Executable tests/debug_animate_none.rs (target/debug/deps/debug_animate_none-7413dcbf30b00310)
  Executable tests/element_bridge_tests.rs (target/debug/deps/element_bridge_tests-0fe512cf5e8d86c8)
  Executable tests/embedded_terminal.rs (target/debug/deps/embedded_terminal-ca509488feba801d)
  Executable tests/ffi_basic_test.rs (target/debug/deps/ffi_basic_test-390749ca01c256c9)
  Executable tests/ffi_tests.rs (target/debug/deps/ffi_tests-b9e0b6e33fc74221)
  Executable tests/full_pipeline_integration.rs (target/debug/deps/full_pipeline_integration-accfe17baa4eb9ac)
  Executable tests/layout_paint_tests.rs (target/debug/deps/layout_paint_tests-5b2b18a00d244960)
  Executable tests/mouse_hooks_test.rs (target/debug/deps/mouse_hooks_test-a53565263c63caeb)
  Executable tests/opacity_tests.rs (target/debug/deps/opacity_tests-776711d5a86d899d)
  Executable tests/performance_monitoring_test.rs (target/debug/deps/performance_monitoring_test-eaf0e8ff9db1994e)
  Executable tests/production_readiness_test.rs (target/debug/deps/production_readiness_test-c156cf1c606730c1)
  Executable tests/property_tests.rs (target/debug/deps/property_tests-c11f1826b9d1cb87)
  Executable tests/props_derive_test.rs (target/debug/deps/props_derive_test-2cd9ef3fbe273d1d)
  Executable tests/registry_cache_isolation.rs (target/debug/deps/registry_cache_isolation-6747ab78f47f9dde)
  Executable tests/registry_concurrency.rs (target/debug/deps/registry_concurrency-12b6a8cb8c1d62ff)
  Executable tests/render_ops_snapshots.rs (target/debug/deps/render_ops_snapshots-b63c33d98a3f6b30)
  Executable tests/screen_system_tests.rs (target/debug/deps/screen_system_tests-126dd5112d1b932c)
  Executable tests/simple_css_animation_test.rs (target/debug/deps/simple_css_animation_test-3bdf6cd7a03792a3)
  Executable tests/simple_performance_test.rs (target/debug/deps/simple_performance_test-f6e82158f5ae653f)
  Executable tests/simple_props_test.rs (target/debug/deps/simple_props_test-b4a53beb5499975e)
  Executable tests/suprtui_renderer.rs (target/debug/deps/suprtui_renderer-1565f1d336cc5ff1)
  Executable tests/surface_integration.rs (target/debug/deps/surface_integration-de48084fbba6635a)
  Executable tests/syntax_highlighting_integration.rs (target/debug/deps/syntax_highlighting_integration-e8f14023996680a0)
  Executable tests/test_absolute_debug.rs (target/debug/deps/test_absolute_debug-cf930d1d0e37e220)
  Executable tests/test_absolute_paint.rs (target/debug/deps/test_absolute_paint-84497b49af04ed68)
  Executable tests/test_animation_api.rs (target/debug/deps/test_animation_api-f3a0a43853224cec)
  Executable tests/test_app_layout.rs (target/debug/deps/test_app_layout-fce98aa9281f6341)
  Executable tests/test_ffi_core_only.rs (target/debug/deps/test_ffi_core_only-66b4210acca63dec)
  Executable tests/test_ffi_integration.rs (target/debug/deps/test_ffi_integration-4919b1ce6a729523)
  Executable tests/test_ffi_reactive_seamless.rs (target/debug/deps/test_ffi_reactive_seamless-0e0e9a4bdc719d7c)
  Executable tests/test_flex_layout.rs (target/debug/deps/test_flex_layout-991ba299a02fde7a)
  Executable tests/test_minimal_ffi.rs (target/debug/deps/test_minimal_ffi-5bf0c8111f6faed8)
  Executable tests/utility_paint_tests.rs (target/debug/deps/utility_paint_tests-02950c776431787d)
  Executable tests/windows_platform.rs (target/debug/deps/windows_platform-9e5da4beb221d9bd)
  Executable tests/z_index_tests.rs (target/debug/deps/z_index_tests-7fecb7468d87cf60)
   Compiling reactive-tui v0.0.7 (/home/shawn/workspace2/reactive-tui)
warning: ambiguous glob re-exports
  --> src/ffi/mod.rs:85:9
   |
85 | pub use pointer::*;
   |         ^^^^^^^^^^ the name `validate_pointer` in the value namespace is first re-exported here
...
90 | pub use types::*;
   |         -------- but the name `validate_pointer` in the value namespace is also re-exported here
   |
   = note: `#[warn(ambiguous_glob_reexports)]` on by default

warning: unused variable: `width`
  --> src/ffi/lib.rs:85:14
   |
85 |         let (width, height) = renderer_box.dims();
   |              ^^^^^ help: if this is intentional, prefix it with an underscore: `_width`
   |
   = note: `#[warn(unused_variables)]` (part of `#[warn(unused)]`) on by default

warning: function `validate_pointer` is never used
   --> src/ffi/types.rs:182:15
    |
182 | pub(crate) fn validate_pointer<T>(ptr: *const T) -> bool {
    |               ^^^^^^^^^^^^^^^^
    |
    = note: `#[warn(dead_code)]` (part of `#[warn(unused)]`) on by default

warning: function `validate_mut_pointer` is never used
   --> src/ffi/types.rs:187:15
    |
187 | pub(crate) fn validate_mut_pointer<T>(ptr: *mut T) -> bool {
    |               ^^^^^^^^^^^^^^^^^^^^

warning: function `safe_cast` is never used
   --> src/ffi/types.rs:192:22
    |
192 | pub(crate) unsafe fn safe_cast<T, U>(ptr: *mut T) -> Result<*mut U, ReactiveError> {
    |                      ^^^^^^^^^

warning: function `safe_cast_const` is never used
   --> src/ffi/types.rs:206:22
    |
206 | pub(crate) unsafe fn safe_cast_const<T, U>(ptr: *const T) -> Result<*const U, ReactiveError> {
    |                      ^^^^^^^^^^^^^^^

warning: `reactive-tui` (lib) generated 6 warnings (run `cargo fix --lib -p reactive-tui` to apply 1 suggestion)
    Finished `dev` profile [unoptimized + debuginfo] target(s) in 2.36s
[?2026h[?2026l[?25h[?1006l[?1015l[?1003l[?1002l[?1000lC terminal ABI smoke passed
warning: ambiguous glob re-exports
  --> src/ffi/mod.rs:85:9
   |
85 | pub use pointer::*;
   |         ^^^^^^^^^^ the name `validate_pointer` in the value namespace is first re-exported here
...
90 | pub use types::*;
   |         -------- but the name `validate_pointer` in the value namespace is also re-exported here
   |
   = note: `#[warn(ambiguous_glob_reexports)]` on by default

warning: unused variable: `width`
  --> src/ffi/lib.rs:85:14
   |
85 |         let (width, height) = renderer_box.dims();
   |              ^^^^^ help: if this is intentional, prefix it with an underscore: `_width`
   |
   = note: `#[warn(unused_variables)]` (part of `#[warn(unused)]`) on by default

warning: function `validate_pointer` is never used
   --> src/ffi/types.rs:182:15
    |
182 | pub(crate) fn validate_pointer<T>(ptr: *const T) -> bool {
    |               ^^^^^^^^^^^^^^^^
    |
    = note: `#[warn(dead_code)]` (part of `#[warn(unused)]`) on by default

warning: function `validate_mut_pointer` is never used
   --> src/ffi/types.rs:187:15
    |
187 | pub(crate) fn validate_mut_pointer<T>(ptr: *mut T) -> bool {
    |               ^^^^^^^^^^^^^^^^^^^^

warning: function `safe_cast` is never used
   --> src/ffi/types.rs:192:22
    |
192 | pub(crate) unsafe fn safe_cast<T, U>(ptr: *mut T) -> Result<*mut U, Rea...
    |                      ^^^^^^^^^

warning: function `safe_cast_const` is never used
   --> src/ffi/types.rs:206:22
    |
206 | pub(crate) unsafe fn safe_cast_const<T, U>(ptr: *const T) -> Result<*co...
    |                      ^^^^^^^^^^^^^^^

warning: `reactive-tui` (lib test) generated 6 warnings (run `cargo fix --lib -p reactive-tui --tests` to apply 1 suggestion)
    Finished `test` profile [unoptimized + debuginfo] target(s) in 0.09s
     Running unittests src/lib.rs (target/debug/deps/reactive_tui-ae4c18cb8f6a94b3)

running 7 tests
test ffi::app::tests::root_callback_transfers_the_ffi_element_wrapper ... [32mok(B[m
test ffi::pointer::tests::test_multiple_pointers ... [32mok(B[m
test ffi::pointer::tests::test_null_pointer_handling ... [32mok(B[m
test ffi::pointer::tests::test_pointer_tracking ... [32mok(B[m
test ffi::terminal_legacy::tests::event_translation_preserves_resize_and_mouse_data ... [32mok(B[m
test ffi::terminal_legacy::tests::event_translation_preserves_unicode_and_modifier_bits ... [32mok(B[m
test ffi::terminal_legacy::tests::unsupported_event_payloads_return_an_error ... [32mok(B[m

test result: [32mok(B[m. 7 passed; 0 failed; 0 ignored; 0 measured; 763 filtered out; finished in 0.00s

   Compiling reactive-tui v0.0.7 (/home/shawn/workspace2/reactive-tui)
    Building [=======================> ] 287/294: reactive-tui                warning: ambiguous glob re-exports
  --> src/ffi/mod.rs:85:9
   |
85 | pub use pointer::*;
   |         ^^^^^^^^^^ the name `validate_pointer` in the value namespace is first re-exported here
...
90 | pub use types::*;
   |         -------- but the name `validate_pointer` in the value namespace is also re-exported here
   |
   = note: `#[warn(ambiguous_glob_reexports)]` on by default

warning: unused variable: `width`
  --> src/ffi/lib.rs:85:14
   |
85 |         let (width, height) = renderer_box.dims();
   |              ^^^^^ help: if this is intentional, prefix it with an underscore: `_width`
   |
   = note: `#[warn(unused_variables)]` (part of `#[warn(unused)]`) on by default

warning: function `validate_pointer` is never used
   --> src/ffi/types.rs:182:15
    |
182 | pub(crate) fn validate_pointer<T>(ptr: *const T) -> bool {
    |               ^^^^^^^^^^^^^^^^
    |
    = note: `#[warn(dead_code)]` (part of `#[warn(unused)]`) on by default

warning: function `validate_mut_pointer` is never used
   --> src/ffi/types.rs:187:15
    |
187 | pub(crate) fn validate_mut_pointer<T>(ptr: *mut T) -> bool {
    |               ^^^^^^^^^^^^^^^^^^^^

warning: function `safe_cast` is never used
   --> src/ffi/types.rs:192:22
    |
192 | pub(crate) unsafe fn safe_cast<T, U>(ptr: *mut T) -> Result<*mut U, Rea...
    |                      ^^^^^^^^^

warning: function `safe_cast_const` is never used
   --> src/ffi/types.rs:206:22
    |
206 | pub(crate) unsafe fn safe_cast_const<T, U>(ptr: *const T) -> Result<*co...
    |                      ^^^^^^^^^^^^^^^

warning: `reactive-tui` (lib) generated 6 warnings (run `cargo fix --lib -p reactive-tui` to apply 1 suggestion)
    Building [=======================> ] 288/294: test_ffi_core_only(test)        Building [=======================> ] 288/294: test_ffi_integration(test),…warning: unnecessary `unsafe` block
  --> tests/test_ffi_core_only.rs:10:9
   |
10 |         unsafe {
   |         ^^^^^^ unnecessary `unsafe` block
   |
   = note: `#[warn(unused_unsafe)]` (part of `#[warn(unused)]`) on by default

warning: unnecessary `unsafe` block
  --> tests/test_ffi_integration.rs:10:9
   |
10 |         unsafe {
   |         ^^^^^^ unnecessary `unsafe` block
   |
   = note: `#[warn(unused_unsafe)]` (part of `#[warn(unused)]`) on by default

warning: unnecessary `unsafe` block
  --> tests/test_ffi_core_only.rs:24:9
   |
24 |         unsafe {
   |         ^^^^^^ unnecessary `unsafe` block

warning: unnecessary `unsafe` block
  --> tests/test_ffi_core_only.rs:67:9
   |
67 |         unsafe {
   |         ^^^^^^ unnecessary `unsafe` block

warning: unnecessary `unsafe` block
  --> tests/test_ffi_integration.rs:60:9
   |
60 |         unsafe {
   |         ^^^^^^ unnecessary `unsafe` block

warning: unnecessary `unsafe` block
  --> tests/test_ffi_core_only.rs:94:9
   |
94 |         unsafe {
   |         ^^^^^^ unnecessary `unsafe` block

warning: unnecessary `unsafe` block
   --> tests/test_ffi_integration.rs:115:9
    |
115 |         unsafe {
    |         ^^^^^^ unnecessary `unsafe` block

warning: unnecessary `unsafe` block
   --> tests/test_ffi_integration.rs:150:9
    |
150 |         unsafe {
    |         ^^^^^^ unnecessary `unsafe` block

warning: unnecessary `unsafe` block
   --> tests/test_ffi_core_only.rs:127:9
    |
127 |         unsafe {
    |         ^^^^^^ unnecessary `unsafe` block

warning: unnecessary `unsafe` block
   --> tests/test_ffi_integration.rs:172:9
    |
172 |         unsafe {
    |         ^^^^^^ unnecessary `unsafe` block

warning: unnecessary `unsafe` block
   --> tests/test_ffi_core_only.rs:171:9
    |
171 |         unsafe {
    |         ^^^^^^ unnecessary `unsafe` block

warning: unnecessary `unsafe` block
   --> tests/test_ffi_core_only.rs:193:9
    |
193 |         unsafe {
    |         ^^^^^^ unnecessary `unsafe` block

warning: `reactive-tui` (test "test_ffi_integration") generated 5 warnings
    Building [=======================> ] 289/294: test_ffi_core_only(test), f…    Building [=======================> ] 290/294: test_ffi_core_only(test), f…    Building [=======================> ] 291/294: test_ffi_core_only(test), f…warning: `reactive-tui` (test "test_ffi_core_only") generated 7 warnings
    Building [=======================> ] 292/294: ffi_basic_test(test), test_…    Building [=======================> ] 293/294: ffi_basic_test(test)            Finished `test` profile [unoptimized + debuginfo] target(s) in 3.44s
     Running tests/ffi_basic_test.rs (target/debug/deps/ffi_basic_test-05abc08c3071819f)

running 8 tests
test ffi_tests::test_app_builder_creation_and_modification ... [32mok(B[m
test ffi_tests::test_button_creation ... [32mok(B[m
test ffi_tests::test_checkbox_creation ... [32mok(B[m
test ffi_tests::test_element_builder_creation_and_modification ... [32mok(B[m
test ffi_tests::test_null_pointer_safety ... [32mok(B[m
test ffi_tests::test_progress_bar_creation ... [32mok(B[m
test ffi_tests::test_root_component_functionality ... [32mok(B[m
test ffi_tests::test_widget_creation ... [32mok(B[m

test result: [32mok(B[m. 8 passed; 0 failed; 0 ignored; 0 measured; 0 filtered out; finished in 0.00s

     Running tests/ffi_tests.rs (target/debug/deps/ffi_tests-05cbb64194ec7243)

running 30 tests
test error_handling_tests::test_error_codes ... [32mok(B[m
test error_handling_tests::test_error_is_success ... [32mok(B[m
test error_handling_tests::test_null_pointer_checks ... [32mok(B[m
test memory_safety_tests::test_bounds_checking ... [32mok(B[m
test memory_safety_tests::test_double_destroy_safety ... [?25h[?1006l[?1015l[?1003l[?1002l[?1000l[32mok(B[m
test memory_safety_tests::test_string_handling ... [32mok(B[m
test memory_safety_tests::test_use_after_free_protection ... [32mok(B[m
test renderer_tests::test_renderer_create_destroy ... [?1049h[?2004h[?1000h[?1002h[?1003h[?1015h[?1006h[?1006l[?1015l[?1003l[?1002l[?1000l[?2004l[?1049l[?25h[?1006l[?1015l[?1003l[?1002l[?1000l[?25h[?1006l[?1015l[?1003l[?1002l[?1000l[32mok(B[m
test renderer_tests::test_renderer_force_redraw ... [?1049h[?2004h[?1000h[?1002h[?1003h[?1015h[?1006h[?1006l[?1015l[?1003l[?1002l[?1000l[?2004l[?1049l[?25h[?1006l[?1015l[?1003l[?1002l[?1000l[?25h[?1006l[?1015l[?1003l[?1002l[?1000l[32mok(B[m
test renderer_tests::test_renderer_frame_operations ... [?1049h[?2004h[?1000h[?1002h[?1003h[?1015h[?1006h[?2026h[?25l[?25h[?2026l[?1006l[?1015l[?1003l[?1002l[?1000l[?2004l[?1049l[?25h[?1006l[?1015l[?1003l[?1002l[?1000l[?25h[?1006l[?1015l[?1003l[?1002l[?1000l[32mok(B[m
test renderer_tests::test_renderer_get_surface ... [?1049h[?2004h[?1000h[?1002h[?1003h[?1015h[?1006h[?2026h[?25l[38;2;255;255;255m[48;2;0;0;0m[1;1HRenderer Test[?25h[?2026l[?1006l[?1015l[?1003l[?1002l[?1000l[?2004l[?1049l[?25h[?1006l[?1015l[?1003l[?1002l[?1000l[?25h[?1006l[?1015l[?1003l[?1002l[?1000l[32mok(B[m
test renderer_tests::test_renderer_null_output ... [32mok(B[m
test renderer_tests::test_renderer_resize ... [?1049h[?2004h[?1000h[?1002h[?1003h[?1015h[?1006h[?1006l[?1015l[?1003l[?1002l[?1000l[?2004l[?1049l[?25h[?1006l[?1015l[?1003l[?1002l[?1000l[?25h[?1006l[?1015l[?1003l[?1002l[?1000l[32mok(B[m
test renderer_tests::test_renderer_shutdown ... [?1049h[?2004h[?1000h[?1002h[?1003h[?1015h[?1006h[?1006l[?1015l[?1003l[?1002l[?1000l[?2004l[?1049l[?1006l[?1015l[?1003l[?1002l[?1000l[?2004l[?25h[?1006l[?1015l[?1003l[?1002l[?1000l[?25h[?1006l[?1015l[?1003l[?1002l[?1000l[32mok(B[m
test surface_tests::test_surface_clear ... [32mok(B[m
test surface_tests::test_surface_create_destroy ... [32mok(B[m
test surface_tests::test_surface_dimensions ... [32mok(B[m
test surface_tests::test_surface_draw_text ... [32mok(B[m
test surface_tests::test_surface_fill_rect ... [32mok(B[m
test surface_tests::test_surface_invalid_dimensions ... [32mok(B[m
test surface_tests::test_surface_set_get_cell ... [32mok(B[m
test terminal_tests::test_terminal_create_destroy ... [?25h[?1006l[?1015l[?1003l[?1002l[?1000l[32mok(B[m
test terminal_tests::test_terminal_dimensions ... [?25h[?1006l[?1015l[?1003l[?1002l[?1000l[32mok(B[m
test terminal_tests::test_terminal_dimensions_null ... [?25h[?1006l[?1015l[?1003l[?1002l[?1000l[32mok(B[m
test terminal_tests::test_terminal_null_pointer ... [32mok(B[m
test terminal_tests::test_terminal_poll_event_timeout ... [?25h[?1006l[?1015l[?1003l[?1002l[?1000l[32mok(B[m
test terminal_tests::test_terminal_sync_operations ... [?2026h[?2026l[?25h[?1006l[?1015l[?1003l[?1002l[?1000l[32mok(B[m
test test_full_integration ... [?1049h[?2004h[?1000h[?1002h[?1003h[?1015h[?1006h[?2026h[?25l[38;2;255;255;255m[48;2;0;0;128m[11;11HFrame 0[?25h[?2026l[?2026h[?25l[38;2;255;255;255m[48;2;0;0;128m[11;17H1[?25h[?2026l[?2026h[?25l[38;2;255;255;255m[48;2;0;0;128m[11;17H2[?25h[?2026l[?1006l[?1015l[?1003l[?1002l[?1000l[?2004l[?1049l[?1006l[?1015l[?1003l[?1002l[?1000l[?2004l[?25h[?1006l[?1015l[?1003l[?1002l[?1000l[?25h[?1006l[?1015l[?1003l[?1002l[?1000l[32mok(B[m
test test_init_cleanup ... [32mok(B[m
test test_version ... [32mok(B[m

test result: [32mok(B[m. 30 passed; 0 failed; 0 ignored; 0 measured; 0 filtered out; finished in 0.00s

     Running tests/test_ffi_core_only.rs (target/debug/deps/test_ffi_core_only-8ba3aa516963a6f2)

running 7 tests
test ffi_core_tests::test_ffi_builder_build ... [32mok(B[m
test ffi_core_tests::test_ffi_builder_creation ... [32mok(B[m
test ffi_core_tests::test_ffi_builder_in_place_modification ... [32mok(B[m
test ffi_core_tests::test_ffi_builder_with_children ... [32mok(B[m
test ffi_core_tests::test_ffi_memory_management ... [32mok(B[m
test ffi_core_tests::test_ffi_null_pointer_safety ... [32mok(B[m
test ffi_core_tests::test_ffi_widget_creation ... [32mok(B[m

test result: [32mok(B[m. 7 passed; 0 failed; 0 ignored; 0 measured; 0 filtered out; finished in 0.00s

     Running tests/test_ffi_integration.rs (target/debug/deps/test_ffi_integration-6a0730821caac520)

running 5 tests
test ffi_integration_tests::test_builder_with_children ... [32mok(B[m
test ffi_integration_tests::test_memory_management ... [32mok(B[m
test ffi_integration_tests::test_null_pointer_safety ... [32mok(B[m
test ffi_integration_tests::test_proper_builder_pattern ... [32mok(B[m
test ffi_integration_tests::test_widget_creation ... [32mok(B[m

test result: [32mok(B[m. 5 passed; 0 failed; 0 ignored; 0 measured; 0 filtered out; finished in 0.00s

     Running tests/test_ffi_reactive_seamless.rs (target/debug/deps/test_ffi_reactive_seamless-06a4441e36e1ba7c)

running 11 tests
test ffi_reactive_tests::test_hooks_boolean_signals ... [32mok(B[m
test ffi_reactive_tests::test_hooks_persistence ... [32mok(B[m
test ffi_reactive_tests::test_hooks_string_signals ... [32mok(B[m
test ffi_reactive_tests::test_hooks_system ... [32mok(B[m
test ffi_reactive_tests::test_memory_management ... [32mok(B[m
test ffi_reactive_tests::test_null_pointer_safety ... [32mok(B[m
test ffi_reactive_tests::test_seamless_boolean_signals ... [32mok(B[m
test ffi_reactive_tests::test_seamless_float_signals ... [32mok(B[m
test ffi_reactive_tests::test_seamless_signal_creation ... [32mok(B[m
test ffi_reactive_tests::test_seamless_string_signals ... [32mok(B[m
test ffi_reactive_tests::test_type_safety ... [32mok(B[m

test result: [32mok(B[m. 11 passed; 0 failed; 0 ignored; 0 measured; 0 filtered out; finished in 0.00s

     Running tests/test_minimal_ffi.rs (target/debug/deps/test_minimal_ffi-00ccd236f7be5e51)

running 2 tests
test minimal_ffi_tests::test_minimal_builder_functionality ... [32mok(B[m
test minimal_ffi_tests::test_null_pointer_handling ... [32mok(B[m

test result: [32mok(B[m. 2 passed; 0 failed; 0 ignored; 0 measured; 0 filtered out; finished in 0.00s

FFI compile, C ABI and Rust lifecycle checks passed
