   Compiling reactive-tui v0.0.7 (/home/shawn/workspace2/reactive-tui)
warning: ambiguous glob re-exports
  --> src/ffi/mod.rs:85:9
   |
85 | pub use pointer::*;
   |         ^^^^^^^^^^ the name `validate_pointer` in the value namespace is first re-exported here
...
90 | pub use types::*;
   |         -------- but the name `validate_pointer` in the value namespace is also re-exported here
   |
   = note: `#[warn(ambiguous_glob_reexports)]` on by default

warning: unused variable: `width`
  --> src/ffi/lib.rs:85:14
   |
85 |         let (width, height) = renderer_box.dims();
   |              ^^^^^ help: if this is intentional, prefix it with an underscore: `_width`
   |
   = note: `#[warn(unused_variables)]` (part of `#[warn(unused)]`) on by default

warning: function `validate_pointer` is never used
   --> src/ffi/types.rs:182:15
    |
182 | pub(crate) fn validate_pointer<T>(ptr: *const T) -> bool {
    |               ^^^^^^^^^^^^^^^^
    |
    = note: `#[warn(dead_code)]` (part of `#[warn(unused)]`) on by default

warning: function `validate_mut_pointer` is never used
   --> src/ffi/types.rs:187:15
    |
187 | pub(crate) fn validate_mut_pointer<T>(ptr: *mut T) -> bool {
    |               ^^^^^^^^^^^^^^^^^^^^

warning: function `safe_cast` is never used
   --> src/ffi/types.rs:192:22
    |
192 | pub(crate) unsafe fn safe_cast<T, U>(ptr: *mut T) -> Result<*mut U, ReactiveError> {
    |                      ^^^^^^^^^

warning: function `safe_cast_const` is never used
   --> src/ffi/types.rs:206:22
    |
206 | pub(crate) unsafe fn safe_cast_const<T, U>(ptr: *const T) -> Result<*const U, ReactiveError> {
    |                      ^^^^^^^^^^^^^^^

warning: `reactive-tui` (lib test) generated 6 warnings (run `cargo fix --lib -p reactive-tui --tests` to apply 1 suggestion)
warning: `reactive-tui` (lib) generated 6 warnings (6 duplicates)
warning: unnecessary `unsafe` block
  --> tests/test_ffi_core_only.rs:10:9
   |
10 |         unsafe {
   |         ^^^^^^ unnecessary `unsafe` block
   |
   = note: `#[warn(unused_unsafe)]` (part of `#[warn(unused)]`) on by default

warning: unnecessary `unsafe` block
  --> tests/test_ffi_core_only.rs:24:9
   |
24 |         unsafe {
   |         ^^^^^^ unnecessary `unsafe` block

warning: unnecessary `unsafe` block
  --> tests/test_ffi_core_only.rs:67:9
   |
67 |         unsafe {
   |         ^^^^^^ unnecessary `unsafe` block

warning: unnecessary `unsafe` block
  --> tests/test_ffi_core_only.rs:94:9
   |
94 |         unsafe {
   |         ^^^^^^ unnecessary `unsafe` block

warning: unnecessary `unsafe` block
   --> tests/test_ffi_core_only.rs:127:9
    |
127 |         unsafe {
    |         ^^^^^^ unnecessary `unsafe` block

warning: unnecessary `unsafe` block
   --> tests/test_ffi_core_only.rs:171:9
    |
171 |         unsafe {
    |         ^^^^^^ unnecessary `unsafe` block

warning: unnecessary `unsafe` block
   --> tests/test_ffi_core_only.rs:193:9
    |
193 |         unsafe {
    |         ^^^^^^ unnecessary `unsafe` block

warning: `reactive-tui` (test "test_ffi_core_only") generated 7 warnings
warning: unnecessary `unsafe` block
  --> tests/test_ffi_integration.rs:10:9
   |
10 |         unsafe {
   |         ^^^^^^ unnecessary `unsafe` block
   |
   = note: `#[warn(unused_unsafe)]` (part of `#[warn(unused)]`) on by default

warning: unnecessary `unsafe` block
  --> tests/test_ffi_integration.rs:60:9
   |
60 |         unsafe {
   |         ^^^^^^ unnecessary `unsafe` block

warning: unnecessary `unsafe` block
   --> tests/test_ffi_integration.rs:115:9
    |
115 |         unsafe {
    |         ^^^^^^ unnecessary `unsafe` block

warning: unnecessary `unsafe` block
   --> tests/test_ffi_integration.rs:150:9
    |
150 |         unsafe {
    |         ^^^^^^ unnecessary `unsafe` block

warning: unnecessary `unsafe` block
   --> tests/test_ffi_integration.rs:172:9
    |
172 |         unsafe {
    |         ^^^^^^ unnecessary `unsafe` block

warning: `reactive-tui` (test "test_ffi_integration") generated 5 warnings
    Finished `test` profile [unoptimized + debuginfo] target(s) in 19.91s
  Executable unittests src/lib.rs (target/debug/deps/reactive_tui-a8732f2c3fbbe8ec)
  Executable tests/advanced_table_test.rs (target/debug/deps/advanced_table_test-3f4d94e6df14a813)
  Executable tests/alignment_strict_tests.rs (target/debug/deps/alignment_strict_tests-6103aff968556fc2)
  Executable tests/alignment_utility_tests.rs (target/debug/deps/alignment_utility_tests-355b3fcd82404474)
  Executable tests/animations_integration.rs (target/debug/deps/animations_integration-abf2207c5c1351ed)
  Executable tests/api_clipboard.rs (target/debug/deps/api_clipboard-0a5f760faa5e0b68)
  Executable tests/api_component_expansion.rs (target/debug/deps/api_component_expansion-41c877ba74e3c347)
  Executable tests/api_editor_unicode.rs (target/debug/deps/api_editor_unicode-ffa880cefb804824)
  Executable tests/api_event_routing.rs (target/debug/deps/api_event_routing-a968ec72fba2d510)
  Executable tests/api_focus.rs (target/debug/deps/api_focus-24fc2193882f5eda)
  Executable tests/api_hook_lifecycle.rs (target/debug/deps/api_hook_lifecycle-c597222c208f369d)
  Executable tests/api_hook_state.rs (target/debug/deps/api_hook_state-964448febdc7648f)
  Executable tests/api_paint_properties.rs (target/debug/deps/api_paint_properties-9f65e4e18628f706)
  Executable tests/api_signal_ownership.rs (target/debug/deps/api_signal_ownership-823b8ee22abbded2)
  Executable tests/api_styling.rs (target/debug/deps/api_styling-7c5c77c39d46dda7)
  Executable tests/app_wakeups.rs (target/debug/deps/app_wakeups-38c8462381443fae)
  Executable tests/automatic_memory_management_tests.rs (target/debug/deps/automatic_memory_management_tests-7dc5abb35d8392e2)
  Executable tests/charts_test.rs (target/debug/deps/charts_test-e34aa36fddd1236d)
  Executable tests/clipboard_platform.rs (target/debug/deps/clipboard_platform-2fcabf9b0b9abcf0)
  Executable tests/color_more_shades_tests.rs (target/debug/deps/color_more_shades_tests-05eeaa6c748f8888)
  Executable tests/color_shades_tests.rs (target/debug/deps/color_shades_tests-29656843f49db01c)
  Executable tests/color_utility_tests.rs (target/debug/deps/color_utility_tests-4ba5e05dee413499)
  Executable tests/component_macro_integration.rs (target/debug/deps/component_macro_integration-7ac3801b716b15e3)
  Executable tests/component_macro_test.rs (target/debug/deps/component_macro_test-222ae6b655ec1940)
  Executable tests/component_tests.rs (target/debug/deps/component_tests-50093597bb29fbc0)
  Executable tests/css_animation_integration_test.rs (target/debug/deps/css_animation_integration_test-929c7acce5f748ee)
  Executable tests/css_in_rust_simple_test.rs (target/debug/deps/css_in_rust_simple_test-0e49f8e3d5343648)
  Executable tests/debug_animate_none.rs (target/debug/deps/debug_animate_none-6d9ecb2cc8b58614)
  Executable tests/element_bridge_tests.rs (target/debug/deps/element_bridge_tests-49a725c2dbf8c106)
  Executable tests/embedded_terminal.rs (target/debug/deps/embedded_terminal-279b9cc9a993da73)
  Executable tests/ffi_basic_test.rs (target/debug/deps/ffi_basic_test-4707c1c32fdcb53f)
  Executable tests/ffi_tests.rs (target/debug/deps/ffi_tests-ba793c5c79952fb8)
  Executable tests/full_pipeline_integration.rs (target/debug/deps/full_pipeline_integration-d2a5dc3783f663f2)
  Executable tests/layout_paint_tests.rs (target/debug/deps/layout_paint_tests-117c89ec1c8253a5)
  Executable tests/mouse_hooks_test.rs (target/debug/deps/mouse_hooks_test-21312cac2f009629)
  Executable tests/opacity_tests.rs (target/debug/deps/opacity_tests-d119f11e4b225c59)
  Executable tests/performance_monitoring_test.rs (target/debug/deps/performance_monitoring_test-f7525a6d780820e0)
  Executable tests/production_readiness_test.rs (target/debug/deps/production_readiness_test-a5b54d5c8ebb48a4)
  Executable tests/property_tests.rs (target/debug/deps/property_tests-2d88202cfadc737f)
  Executable tests/props_derive_test.rs (target/debug/deps/props_derive_test-9b5deb91ecc9207d)
  Executable tests/registry_cache_isolation.rs (target/debug/deps/registry_cache_isolation-49e0225b30bdcbc4)
  Executable tests/registry_concurrency.rs (target/debug/deps/registry_concurrency-9197c5710962378e)
  Executable tests/render_ops_snapshots.rs (target/debug/deps/render_ops_snapshots-6bfa3652893c8fec)
  Executable tests/screen_system_tests.rs (target/debug/deps/screen_system_tests-c64728f3139713a5)
  Executable tests/simple_css_animation_test.rs (target/debug/deps/simple_css_animation_test-df96354dcc379503)
  Executable tests/simple_performance_test.rs (target/debug/deps/simple_performance_test-8f7c82a777ef190f)
  Executable tests/simple_props_test.rs (target/debug/deps/simple_props_test-3e8615a4343107df)
  Executable tests/suprtui_renderer.rs (target/debug/deps/suprtui_renderer-df3a9aebb5a63896)
  Executable tests/surface_integration.rs (target/debug/deps/surface_integration-a800c02d4961ee9b)
  Executable tests/syntax_highlighting_integration.rs (target/debug/deps/syntax_highlighting_integration-f506dd147839f780)
  Executable tests/test_absolute_debug.rs (target/debug/deps/test_absolute_debug-48a4d0bef1edab4a)
  Executable tests/test_absolute_paint.rs (target/debug/deps/test_absolute_paint-fe9091c9669a44fc)
  Executable tests/test_animation_api.rs (target/debug/deps/test_animation_api-092a825987e5978b)
  Executable tests/test_app_layout.rs (target/debug/deps/test_app_layout-48a68bb836497624)
  Executable tests/test_ffi_core_only.rs (target/debug/deps/test_ffi_core_only-367b865254fc9fb2)
  Executable tests/test_ffi_integration.rs (target/debug/deps/test_ffi_integration-c9482233c225b3de)
  Executable tests/test_ffi_reactive_seamless.rs (target/debug/deps/test_ffi_reactive_seamless-9125967b443c8515)
  Executable tests/test_flex_layout.rs (target/debug/deps/test_flex_layout-515acf067e7bdb60)
  Executable tests/test_minimal_ffi.rs (target/debug/deps/test_minimal_ffi-7b5c73bc6bcd994d)
  Executable tests/utility_paint_tests.rs (target/debug/deps/utility_paint_tests-4476fba2782bb8f8)
  Executable tests/windows_platform.rs (target/debug/deps/windows_platform-a9b1262b78f235aa)
  Executable tests/z_index_tests.rs (target/debug/deps/z_index_tests-cb9db6e1458347e9)
   Compiling reactive-tui v0.0.7 (/home/shawn/workspace2/reactive-tui)
warning: ambiguous glob re-exports
  --> src/ffi/mod.rs:85:9
   |
85 | pub use pointer::*;
   |         ^^^^^^^^^^ the name `validate_pointer` in the value namespace is first re-exported here
...
90 | pub use types::*;
   |         -------- but the name `validate_pointer` in the value namespace is also re-exported here
   |
   = note: `#[warn(ambiguous_glob_reexports)]` on by default

warning: unused variable: `width`
  --> src/ffi/lib.rs:85:14
   |
85 |         let (width, height) = renderer_box.dims();
   |              ^^^^^ help: if this is intentional, prefix it with an underscore: `_width`
   |
   = note: `#[warn(unused_variables)]` (part of `#[warn(unused)]`) on by default

warning: function `validate_pointer` is never used
   --> src/ffi/types.rs:182:15
    |
182 | pub(crate) fn validate_pointer<T>(ptr: *const T) -> bool {
    |               ^^^^^^^^^^^^^^^^
    |
    = note: `#[warn(dead_code)]` (part of `#[warn(unused)]`) on by default

warning: function `validate_mut_pointer` is never used
   --> src/ffi/types.rs:187:15
    |
187 | pub(crate) fn validate_mut_pointer<T>(ptr: *mut T) -> bool {
    |               ^^^^^^^^^^^^^^^^^^^^

warning: function `safe_cast` is never used
   --> src/ffi/types.rs:192:22
    |
192 | pub(crate) unsafe fn safe_cast<T, U>(ptr: *mut T) -> Result<*mut U, ReactiveError> {
    |                      ^^^^^^^^^

warning: function `safe_cast_const` is never used
   --> src/ffi/types.rs:206:22
    |
206 | pub(crate) unsafe fn safe_cast_const<T, U>(ptr: *const T) -> Result<*const U, ReactiveError> {
    |                      ^^^^^^^^^^^^^^^

warning: `reactive-tui` (lib) generated 6 warnings (run `cargo fix --lib -p reactive-tui` to apply 1 suggestion)
    Finished `dev` profile [unoptimized + debuginfo] target(s) in 3.88s
[?2026h[?2026l[?25h[?1006l[?1015l[?1003l[?1002l[?1000lC terminal ABI smoke passed
warning: ambiguous glob re-exports
  --> src/ffi/mod.rs:85:9
   |
85 | pub use pointer::*;
   |         ^^^^^^^^^^ the name `validate_pointer` in the value namespace is first re-exported here
...
90 | pub use types::*;
   |         -------- but the name `validate_pointer` in the value namespace is also re-exported here
   |
   = note: `#[warn(ambiguous_glob_reexports)]` on by default

warning: unused variable: `width`
  --> src/ffi/lib.rs:85:14
   |
85 |         let (width, height) = renderer_box.dims();
   |              ^^^^^ help: if this is intentional, prefix it with an underscore: `_width`
   |
   = note: `#[warn(unused_variables)]` (part of `#[warn(unused)]`) on by default

warning: function `validate_pointer` is never used
   --> src/ffi/types.rs:182:15
    |
182 | pub(crate) fn validate_pointer<T>(ptr: *const T) -> bool {
    |               ^^^^^^^^^^^^^^^^
    |
    = note: `#[warn(dead_code)]` (part of `#[warn(unused)]`) on by default

warning: function `validate_mut_pointer` is never used
   --> src/ffi/types.rs:187:15
    |
187 | pub(crate) fn validate_mut_pointer<T>(ptr: *mut T) -> bool {
    |               ^^^^^^^^^^^^^^^^^^^^

warning: function `safe_cast` is never used
   --> src/ffi/types.rs:192:22
    |
192 | pub(crate) unsafe fn safe_cast<T, U>(ptr: *mut T) -> Result<*mut U, Rea...
    |                      ^^^^^^^^^

warning: function `safe_cast_const` is never used
   --> src/ffi/types.rs:206:22
    |
206 | pub(crate) unsafe fn safe_cast_const<T, U>(ptr: *const T) -> Result<*co...
    |                      ^^^^^^^^^^^^^^^

warning: `reactive-tui` (lib test) generated 6 warnings (run `cargo fix --lib -p reactive-tui --tests` to apply 1 suggestion)
    Finished `test` profile [unoptimized + debuginfo] target(s) in 0.10s
     Running unittests src/lib.rs (target/debug/deps/reactive_tui-1d8aec743fe548ad)

running 7 tests
test ffi::app::tests::root_callback_transfers_the_ffi_element_wrapper ... [32mok(B[m
test ffi::pointer::tests::test_multiple_pointers ... [32mok(B[m
test ffi::pointer::tests::test_null_pointer_handling ... [32mok(B[m
test ffi::pointer::tests::test_pointer_tracking ... [32mok(B[m
test ffi::terminal_legacy::tests::event_translation_preserves_resize_and_mouse_data ... [32mok(B[m
test ffi::terminal_legacy::tests::event_translation_preserves_unicode_and_modifier_bits ... [32mok(B[m
test ffi::terminal_legacy::tests::unsupported_event_payloads_return_an_error ... [32mok(B[m

test result: [32mok(B[m. 7 passed; 0 failed; 0 ignored; 0 measured; 774 filtered out; finished in 0.01s

   Compiling reactive-tui v0.0.7 (/home/shawn/workspace2/reactive-tui)
    Building [=======================> ] 287/294: reactive-tui                warning: ambiguous glob re-exports
  --> src/ffi/mod.rs:85:9
   |
85 | pub use pointer::*;
   |         ^^^^^^^^^^ the name `validate_pointer` in the value namespace is first re-exported here
...
90 | pub use types::*;
   |         -------- but the name `validate_pointer` in the value namespace is also re-exported here
   |
   = note: `#[warn(ambiguous_glob_reexports)]` on by default

warning: unused variable: `width`
  --> src/ffi/lib.rs:85:14
   |
85 |         let (width, height) = renderer_box.dims();
   |              ^^^^^ help: if this is intentional, prefix it with an underscore: `_width`
   |
   = note: `#[warn(unused_variables)]` (part of `#[warn(unused)]`) on by default

warning: function `validate_pointer` is never used
   --> src/ffi/types.rs:182:15
    |
182 | pub(crate) fn validate_pointer<T>(ptr: *const T) -> bool {
    |               ^^^^^^^^^^^^^^^^
    |
    = note: `#[warn(dead_code)]` (part of `#[warn(unused)]`) on by default

warning: function `validate_mut_pointer` is never used
   --> src/ffi/types.rs:187:15
    |
187 | pub(crate) fn validate_mut_pointer<T>(ptr: *mut T) -> bool {
    |               ^^^^^^^^^^^^^^^^^^^^

warning: function `safe_cast` is never used
   --> src/ffi/types.rs:192:22
    |
192 | pub(crate) unsafe fn safe_cast<T, U>(ptr: *mut T) -> Result<*mut U, Rea...
    |                      ^^^^^^^^^

warning: function `safe_cast_const` is never used
   --> src/ffi/types.rs:206:22
    |
206 | pub(crate) unsafe fn safe_cast_const<T, U>(ptr: *const T) -> Result<*co...
    |                      ^^^^^^^^^^^^^^^

warning: `reactive-tui` (lib) generated 6 warnings (run `cargo fix --lib -p reactive-tui` to apply 1 suggestion)
    Building [=======================> ] 288/294: ffi_tests(test), test_ffi_i…warning: unnecessary `unsafe` block
  --> tests/test_ffi_integration.rs:10:9
   |
10 |         unsafe {
   |         ^^^^^^ unnecessary `unsafe` block
   |
   = note: `#[warn(unused_unsafe)]` (part of `#[warn(unused)]`) on by default

warning: unnecessary `unsafe` block
  --> tests/test_ffi_integration.rs:60:9
   |
60 |         unsafe {
   |         ^^^^^^ unnecessary `unsafe` block

warning: unnecessary `unsafe` block
   --> tests/test_ffi_integration.rs:115:9
    |
115 |         unsafe {
    |         ^^^^^^ unnecessary `unsafe` block

warning: unnecessary `unsafe` block
   --> tests/test_ffi_integration.rs:150:9
    |
150 |         unsafe {
    |         ^^^^^^ unnecessary `unsafe` block

warning: unnecessary `unsafe` block
   --> tests/test_ffi_integration.rs:172:9
    |
172 |         unsafe {
    |         ^^^^^^ unnecessary `unsafe` block

warning: unnecessary `unsafe` block
  --> tests/test_ffi_core_only.rs:10:9
   |
10 |         unsafe {
   |         ^^^^^^ unnecessary `unsafe` block
   |
   = note: `#[warn(unused_unsafe)]` (part of `#[warn(unused)]`) on by default

warning: unnecessary `unsafe` block
  --> tests/test_ffi_core_only.rs:24:9
   |
24 |         unsafe {
   |         ^^^^^^ unnecessary `unsafe` block

warning: unnecessary `unsafe` block
  --> tests/test_ffi_core_only.rs:67:9
   |
67 |         unsafe {
   |         ^^^^^^ unnecessary `unsafe` block

warning: unnecessary `unsafe` block
  --> tests/test_ffi_core_only.rs:94:9
   |
94 |         unsafe {
   |         ^^^^^^ unnecessary `unsafe` block

warning: unnecessary `unsafe` block
   --> tests/test_ffi_core_only.rs:127:9
    |
127 |         unsafe {
    |         ^^^^^^ unnecessary `unsafe` block

warning: unnecessary `unsafe` block
   --> tests/test_ffi_core_only.rs:171:9
    |
171 |         unsafe {
    |         ^^^^^^ unnecessary `unsafe` block

warning: unnecessary `unsafe` block
   --> tests/test_ffi_core_only.rs:193:9
    |
193 |         unsafe {
    |         ^^^^^^ unnecessary `unsafe` block

warning: `reactive-tui` (test "test_ffi_integration") generated 5 warnings
    Building [=======================> ] 289/294: ffi_tests(test), test_ffi_c…warning: `reactive-tui` (test "test_ffi_core_only") generated 7 warnings
    Building [=======================> ] 290/294: ffi_tests(test), ffi_basic_…    Building [=======================> ] 291/294: ffi_tests(test), ffi_basic_…    Building [=======================> ] 292/294: ffi_basic_test(test), test_…    Building [=======================> ] 293/294: ffi_basic_test(test)            Finished `test` profile [unoptimized + debuginfo] target(s) in 4.25s
     Running tests/ffi_basic_test.rs (target/debug/deps/ffi_basic_test-88945743332f73c7)

running 8 tests
test ffi_tests::test_app_builder_creation_and_modification ... [32mok(B[m
test ffi_tests::test_button_creation ... [32mok(B[m
test ffi_tests::test_checkbox_creation ... [32mok(B[m
test ffi_tests::test_element_builder_creation_and_modification ... [32mok(B[m
test ffi_tests::test_null_pointer_safety ... [32mok(B[m
test ffi_tests::test_progress_bar_creation ... [32mok(B[m
test ffi_tests::test_root_component_functionality ... [32mok(B[m
test ffi_tests::test_widget_creation ... [32mok(B[m

test result: [32mok(B[m. 8 passed; 0 failed; 0 ignored; 0 measured; 0 filtered out; finished in 0.00s

     Running tests/ffi_tests.rs (target/debug/deps/ffi_tests-dbc4e7b23d6c5946)

running 30 tests
test error_handling_tests::test_error_codes ... [32mok(B[m
test error_handling_tests::test_error_is_success ... [32mok(B[m
test error_handling_tests::test_null_pointer_checks ... [32mok(B[m
test memory_safety_tests::test_bounds_checking ... [32mok(B[m
test memory_safety_tests::test_double_destroy_safety ... [?25h[?1006l[?1015l[?1003l[?1002l[?1000l[32mok(B[m
test memory_safety_tests::test_string_handling ... [32mok(B[m
test memory_safety_tests::test_use_after_free_protection ... [32mok(B[m
test renderer_tests::test_renderer_create_destroy ... [?1049h[?2004h[?1000h[?1002h[?1003h[?1015h[?1006h[?1006l[?1015l[?1003l[?1002l[?1000l[?2004l[?1049l[?25h[?1006l[?1015l[?1003l[?1002l[?1000l[?25h[?1006l[?1015l[?1003l[?1002l[?1000l[32mok(B[m
test renderer_tests::test_renderer_force_redraw ... [?1049h[?2004h[?1000h[?1002h[?1003h[?1015h[?1006h[?1006l[?1015l[?1003l[?1002l[?1000l[?2004l[?1049l[?25h[?1006l[?1015l[?1003l[?1002l[?1000l[?25h[?1006l[?1015l[?1003l[?1002l[?1000l[32mok(B[m
test renderer_tests::test_renderer_frame_operations ... [?1049h[?2004h[?1000h[?1002h[?1003h[?1015h[?1006h[?2026h[?25l[?25h[?2026l[?1006l[?1015l[?1003l[?1002l[?1000l[?2004l[?1049l[?25h[?1006l[?1015l[?1003l[?1002l[?1000l[?25h[?1006l[?1015l[?1003l[?1002l[?1000l[32mok(B[m
test renderer_tests::test_renderer_get_surface ... [?1049h[?2004h[?1000h[?1002h[?1003h[?1015h[?1006h[?2026h[?25l[38;2;255;255;255m[48;2;0;0;0m[1;1HRenderer Test[?25h[?2026l[?1006l[?1015l[?1003l[?1002l[?1000l[?2004l[?1049l[?25h[?1006l[?1015l[?1003l[?1002l[?1000l[?25h[?1006l[?1015l[?1003l[?1002l[?1000l[32mok(B[m
test renderer_tests::test_renderer_null_output ... [32mok(B[m
test renderer_tests::test_renderer_resize ... [?1049h[?2004h[?1000h[?1002h[?1003h[?1015h[?1006h[?1006l[?1015l[?1003l[?1002l[?1000l[?2004l[?1049l[?25h[?1006l[?1015l[?1003l[?1002l[?1000l[?25h[?1006l[?1015l[?1003l[?1002l[?1000l[32mok(B[m
test renderer_tests::test_renderer_shutdown ... [?1049h[?2004h[?1000h[?1002h[?1003h[?1015h[?1006h[?1006l[?1015l[?1003l[?1002l[?1000l[?2004l[?1049l[?1006l[?1015l[?1003l[?1002l[?1000l[?2004l[?25h[?1006l[?1015l[?1003l[?1002l[?1000l[?25h[?1006l[?1015l[?1003l[?1002l[?1000l[32mok(B[m
test surface_tests::test_surface_clear ... [32mok(B[m
test surface_tests::test_surface_create_destroy ... [32mok(B[m
test surface_tests::test_surface_dimensions ... [32mok(B[m
test surface_tests::test_surface_draw_text ... [32mok(B[m
test surface_tests::test_surface_fill_rect ... [32mok(B[m
test surface_tests::test_surface_invalid_dimensions ... [32mok(B[m
test surface_tests::test_surface_set_get_cell ... [32mok(B[m
test terminal_tests::test_terminal_create_destroy ... [?25h[?1006l[?1015l[?1003l[?1002l[?1000l[32mok(B[m
test terminal_tests::test_terminal_dimensions ... [?25h[?1006l[?1015l[?1003l[?1002l[?1000l[32mok(B[m
test terminal_tests::test_terminal_dimensions_null ... [?25h[?1006l[?1015l[?1003l[?1002l[?1000l[32mok(B[m
test terminal_tests::test_terminal_null_pointer ... [32mok(B[m
test terminal_tests::test_terminal_poll_event_timeout ... [?25h[?1006l[?1015l[?1003l[?1002l[?1000l[32mok(B[m
test terminal_tests::test_terminal_sync_operations ... [?2026h[?2026l[?25h[?1006l[?1015l[?1003l[?1002l[?1000l[32mok(B[m
test test_full_integration ... [?1049h[?2004h[?1000h[?1002h[?1003h[?1015h[?1006h[?2026h[?25l[38;2;255;255;255m[48;2;0;0;128m[11;11HFrame 0[?25h[?2026l[?2026h[?25l[38;2;255;255;255m[48;2;0;0;128m[11;17H1[?25h[?2026l[?2026h[?25l[38;2;255;255;255m[48;2;0;0;128m[11;17H2[?25h[?2026l[?1006l[?1015l[?1003l[?1002l[?1000l[?2004l[?1049l[?1006l[?1015l[?1003l[?1002l[?1000l[?2004l[?25h[?1006l[?1015l[?1003l[?1002l[?1000l[?25h[?1006l[?1015l[?1003l[?1002l[?1000l[32mok(B[m
test test_init_cleanup ... [32mok(B[m
test test_version ... [32mok(B[m

test result: [32mok(B[m. 30 passed; 0 failed; 0 ignored; 0 measured; 0 filtered out; finished in 0.01s

     Running tests/test_ffi_core_only.rs (target/debug/deps/test_ffi_core_only-0cf6e4f5c1e7b104)

running 7 tests
test ffi_core_tests::test_ffi_builder_build ... [32mok(B[m
test ffi_core_tests::test_ffi_builder_creation ... [32mok(B[m
test ffi_core_tests::test_ffi_builder_in_place_modification ... [32mok(B[m
test ffi_core_tests::test_ffi_builder_with_children ... [32mok(B[m
test ffi_core_tests::test_ffi_memory_management ... [32mok(B[m
test ffi_core_tests::test_ffi_null_pointer_safety ... [32mok(B[m
test ffi_core_tests::test_ffi_widget_creation ... [32mok(B[m

test result: [32mok(B[m. 7 passed; 0 failed; 0 ignored; 0 measured; 0 filtered out; finished in 0.00s

     Running tests/test_ffi_integration.rs (target/debug/deps/test_ffi_integration-cebcd85561180148)

running 5 tests
test ffi_integration_tests::test_builder_with_children ... [32mok(B[m
test ffi_integration_tests::test_memory_management ... [32mok(B[m
test ffi_integration_tests::test_null_pointer_safety ... [32mok(B[m
test ffi_integration_tests::test_proper_builder_pattern ... [32mok(B[m
test ffi_integration_tests::test_widget_creation ... [32mok(B[m

test result: [32mok(B[m. 5 passed; 0 failed; 0 ignored; 0 measured; 0 filtered out; finished in 0.00s

     Running tests/test_ffi_reactive_seamless.rs (target/debug/deps/test_ffi_reactive_seamless-db7ba2ac01816597)

running 11 tests
test ffi_reactive_tests::test_hooks_boolean_signals ... [32mok(B[m
test ffi_reactive_tests::test_hooks_persistence ... [32mok(B[m
test ffi_reactive_tests::test_hooks_string_signals ... [32mok(B[m
test ffi_reactive_tests::test_hooks_system ... [32mok(B[m
test ffi_reactive_tests::test_memory_management ... [32mok(B[m
test ffi_reactive_tests::test_null_pointer_safety ... [32mok(B[m
test ffi_reactive_tests::test_seamless_boolean_signals ... [32mok(B[m
test ffi_reactive_tests::test_seamless_float_signals ... [32mok(B[m
test ffi_reactive_tests::test_seamless_signal_creation ... [32mok(B[m
test ffi_reactive_tests::test_seamless_string_signals ... [32mok(B[m
test ffi_reactive_tests::test_type_safety ... [32mok(B[m

test result: [32mok(B[m. 11 passed; 0 failed; 0 ignored; 0 measured; 0 filtered out; finished in 0.00s

     Running tests/test_minimal_ffi.rs (target/debug/deps/test_minimal_ffi-bcb986c626fc78a3)

running 2 tests
test minimal_ffi_tests::test_minimal_builder_functionality ... [32mok(B[m
test minimal_ffi_tests::test_null_pointer_handling ... [32mok(B[m

test result: [32mok(B[m. 2 passed; 0 failed; 0 ignored; 0 measured; 0 filtered out; finished in 0.00s

FFI compile, C ABI and Rust lifecycle checks passed
