   Compiling reactive-tui v0.0.7 (/home/shawn/workspace2/reactive-tui)
warning: ambiguous glob re-exports
  --> src/ffi/mod.rs:85:9
   |
85 | pub use pointer::*;
   |         ^^^^^^^^^^ the name `validate_pointer` in the value namespace is first re-exported here
...
90 | pub use types::*;
   |         -------- but the name `validate_pointer` in the value namespace is also re-exported here
   |
   = note: `#[warn(ambiguous_glob_reexports)]` on by default

warning: unused variable: `width`
  --> src/ffi/lib.rs:85:14
   |
85 |         let (width, height) = renderer_box.dims();
   |              ^^^^^ help: if this is intentional, prefix it with an underscore: `_width`
   |
   = note: `#[warn(unused_variables)]` (part of `#[warn(unused)]`) on by default

warning: function `validate_pointer` is never used
   --> src/ffi/types.rs:182:15
    |
182 | pub(crate) fn validate_pointer<T>(ptr: *const T) -> bool {
    |               ^^^^^^^^^^^^^^^^
    |
    = note: `#[warn(dead_code)]` (part of `#[warn(unused)]`) on by default

warning: function `validate_mut_pointer` is never used
   --> src/ffi/types.rs:187:15
    |
187 | pub(crate) fn validate_mut_pointer<T>(ptr: *mut T) -> bool {
    |               ^^^^^^^^^^^^^^^^^^^^

warning: function `safe_cast` is never used
   --> src/ffi/types.rs:192:22
    |
192 | pub(crate) unsafe fn safe_cast<T, U>(ptr: *mut T) -> Result<*mut U, ReactiveError> {
    |                      ^^^^^^^^^

warning: function `safe_cast_const` is never used
   --> src/ffi/types.rs:206:22
    |
206 | pub(crate) unsafe fn safe_cast_const<T, U>(ptr: *const T) -> Result<*const U, ReactiveError> {
    |                      ^^^^^^^^^^^^^^^

warning: `reactive-tui` (lib test) generated 6 warnings (run `cargo fix --lib -p reactive-tui --tests` to apply 1 suggestion)
warning: `reactive-tui` (lib) generated 6 warnings (6 duplicates)
warning: unnecessary `unsafe` block
  --> tests/test_ffi_integration.rs:10:9
   |
10 |         unsafe {
   |         ^^^^^^ unnecessary `unsafe` block
   |
   = note: `#[warn(unused_unsafe)]` (part of `#[warn(unused)]`) on by default

warning: unnecessary `unsafe` block
  --> tests/test_ffi_integration.rs:60:9
   |
60 |         unsafe {
   |         ^^^^^^ unnecessary `unsafe` block

warning: unnecessary `unsafe` block
   --> tests/test_ffi_integration.rs:115:9
    |
115 |         unsafe {
    |         ^^^^^^ unnecessary `unsafe` block

warning: unnecessary `unsafe` block
   --> tests/test_ffi_integration.rs:150:9
    |
150 |         unsafe {
    |         ^^^^^^ unnecessary `unsafe` block

warning: unnecessary `unsafe` block
   --> tests/test_ffi_integration.rs:172:9
    |
172 |         unsafe {
    |         ^^^^^^ unnecessary `unsafe` block

warning: `reactive-tui` (test "test_ffi_integration") generated 5 warnings
warning: unnecessary `unsafe` block
  --> tests/test_ffi_core_only.rs:10:9
   |
10 |         unsafe {
   |         ^^^^^^ unnecessary `unsafe` block
   |
   = note: `#[warn(unused_unsafe)]` (part of `#[warn(unused)]`) on by default

warning: unnecessary `unsafe` block
  --> tests/test_ffi_core_only.rs:24:9
   |
24 |         unsafe {
   |         ^^^^^^ unnecessary `unsafe` block

warning: unnecessary `unsafe` block
  --> tests/test_ffi_core_only.rs:67:9
   |
67 |         unsafe {
   |         ^^^^^^ unnecessary `unsafe` block

warning: unnecessary `unsafe` block
  --> tests/test_ffi_core_only.rs:94:9
   |
94 |         unsafe {
   |         ^^^^^^ unnecessary `unsafe` block

warning: unnecessary `unsafe` block
   --> tests/test_ffi_core_only.rs:127:9
    |
127 |         unsafe {
    |         ^^^^^^ unnecessary `unsafe` block

warning: unnecessary `unsafe` block
   --> tests/test_ffi_core_only.rs:171:9
    |
171 |         unsafe {
    |         ^^^^^^ unnecessary `unsafe` block

warning: unnecessary `unsafe` block
   --> tests/test_ffi_core_only.rs:193:9
    |
193 |         unsafe {
    |         ^^^^^^ unnecessary `unsafe` block

warning: `reactive-tui` (test "test_ffi_core_only") generated 7 warnings
    Finished `test` profile [unoptimized + debuginfo] target(s) in 13.89s
  Executable unittests src/lib.rs (target/debug/deps/reactive_tui-c8b77a6b9c608818)
  Executable tests/advanced_table_test.rs (target/debug/deps/advanced_table_test-a29ed51ea6ac6f73)
  Executable tests/alignment_strict_tests.rs (target/debug/deps/alignment_strict_tests-1561a2f523e7f9e7)
  Executable tests/alignment_utility_tests.rs (target/debug/deps/alignment_utility_tests-63f9c6aa02d45d52)
  Executable tests/animations_integration.rs (target/debug/deps/animations_integration-45b27bac920d7c52)
  Executable tests/api_component_expansion.rs (target/debug/deps/api_component_expansion-48e29ccaeb07074d)
  Executable tests/api_editor_unicode.rs (target/debug/deps/api_editor_unicode-f23c4b5798320c06)
  Executable tests/api_event_routing.rs (target/debug/deps/api_event_routing-6e5344b319bf87d1)
  Executable tests/api_focus.rs (target/debug/deps/api_focus-16731d97c4951f86)
  Executable tests/api_hook_lifecycle.rs (target/debug/deps/api_hook_lifecycle-825ce78c9b17ef74)
  Executable tests/api_hook_state.rs (target/debug/deps/api_hook_state-9695c567c73cc8db)
  Executable tests/api_signal_ownership.rs (target/debug/deps/api_signal_ownership-defd0fcfb522b2c7)
  Executable tests/app_wakeups.rs (target/debug/deps/app_wakeups-e98ffb13579a4abb)
  Executable tests/automatic_memory_management_tests.rs (target/debug/deps/automatic_memory_management_tests-f38131a71681198d)
  Executable tests/charts_test.rs (target/debug/deps/charts_test-b3afed8bea6616d0)
  Executable tests/color_more_shades_tests.rs (target/debug/deps/color_more_shades_tests-2aea6b5dd55640ef)
  Executable tests/color_shades_tests.rs (target/debug/deps/color_shades_tests-b049174a15ec7b54)
  Executable tests/color_utility_tests.rs (target/debug/deps/color_utility_tests-ab92a76cd3cb313a)
  Executable tests/component_macro_integration.rs (target/debug/deps/component_macro_integration-865505e647c460c2)
  Executable tests/component_macro_test.rs (target/debug/deps/component_macro_test-155d9161a69326ca)
  Executable tests/component_tests.rs (target/debug/deps/component_tests-0e35fe9fbe1ec6c6)
  Executable tests/css_animation_integration_test.rs (target/debug/deps/css_animation_integration_test-4f3affee683a0b3f)
  Executable tests/css_in_rust_simple_test.rs (target/debug/deps/css_in_rust_simple_test-dfa5d54b3eca561d)
  Executable tests/debug_animate_none.rs (target/debug/deps/debug_animate_none-7c9df8202e126341)
  Executable tests/element_bridge_tests.rs (target/debug/deps/element_bridge_tests-c14b23c792fa5082)
  Executable tests/embedded_terminal.rs (target/debug/deps/embedded_terminal-60a90a652f896acf)
  Executable tests/ffi_basic_test.rs (target/debug/deps/ffi_basic_test-c79c135bf3f996c7)
  Executable tests/ffi_tests.rs (target/debug/deps/ffi_tests-522d0a0988332017)
  Executable tests/full_pipeline_integration.rs (target/debug/deps/full_pipeline_integration-f6ca8f5b7daca399)
  Executable tests/layout_paint_tests.rs (target/debug/deps/layout_paint_tests-54e41b36038d2f8c)
  Executable tests/mouse_hooks_test.rs (target/debug/deps/mouse_hooks_test-8621c44e98c9192c)
  Executable tests/opacity_tests.rs (target/debug/deps/opacity_tests-91880e87c0174f81)
  Executable tests/performance_monitoring_test.rs (target/debug/deps/performance_monitoring_test-0840ff5c0e93f9ff)
  Executable tests/production_readiness_test.rs (target/debug/deps/production_readiness_test-005a00d04164c66d)
  Executable tests/property_tests.rs (target/debug/deps/property_tests-0b576596aa7cb4d6)
  Executable tests/props_derive_test.rs (target/debug/deps/props_derive_test-c78178c66525dcb7)
  Executable tests/registry_cache_isolation.rs (target/debug/deps/registry_cache_isolation-72a0847a17177c3d)
  Executable tests/registry_concurrency.rs (target/debug/deps/registry_concurrency-edba821e35ae05d8)
  Executable tests/render_ops_snapshots.rs (target/debug/deps/render_ops_snapshots-c4ef71f3262e3af7)
  Executable tests/screen_system_tests.rs (target/debug/deps/screen_system_tests-464cafcfee22ad1b)
  Executable tests/simple_css_animation_test.rs (target/debug/deps/simple_css_animation_test-caa1e4c8f15ea0b3)
  Executable tests/simple_performance_test.rs (target/debug/deps/simple_performance_test-e7d486b8ea28a9e0)
  Executable tests/simple_props_test.rs (target/debug/deps/simple_props_test-3be664ed9b39a763)
  Executable tests/suprtui_renderer.rs (target/debug/deps/suprtui_renderer-a440f77ebe366aee)
  Executable tests/surface_integration.rs (target/debug/deps/surface_integration-26077486864d63cb)
  Executable tests/syntax_highlighting_integration.rs (target/debug/deps/syntax_highlighting_integration-95beb8ed45d08df0)
  Executable tests/test_absolute_debug.rs (target/debug/deps/test_absolute_debug-5d982c03098e3f5e)
  Executable tests/test_absolute_paint.rs (target/debug/deps/test_absolute_paint-976352386d1340e5)
  Executable tests/test_animation_api.rs (target/debug/deps/test_animation_api-8a21fa0fc38435d4)
  Executable tests/test_app_layout.rs (target/debug/deps/test_app_layout-e3b3f5c4a7d08343)
  Executable tests/test_ffi_core_only.rs (target/debug/deps/test_ffi_core_only-bb13f2620a7855d4)
  Executable tests/test_ffi_integration.rs (target/debug/deps/test_ffi_integration-cd64697c65b59560)
  Executable tests/test_ffi_reactive_seamless.rs (target/debug/deps/test_ffi_reactive_seamless-13b973233ad83e3c)
  Executable tests/test_flex_layout.rs (target/debug/deps/test_flex_layout-cf01c78268b00208)
  Executable tests/test_minimal_ffi.rs (target/debug/deps/test_minimal_ffi-242c1307750b9aa8)
  Executable tests/utility_paint_tests.rs (target/debug/deps/utility_paint_tests-73d9e38f37fde523)
  Executable tests/z_index_tests.rs (target/debug/deps/z_index_tests-1f65977be50e57de)
   Compiling reactive-tui v0.0.7 (/home/shawn/workspace2/reactive-tui)
warning: ambiguous glob re-exports
  --> src/ffi/mod.rs:85:9
   |
85 | pub use pointer::*;
   |         ^^^^^^^^^^ the name `validate_pointer` in the value namespace is first re-exported here
...
90 | pub use types::*;
   |         -------- but the name `validate_pointer` in the value namespace is also re-exported here
   |
   = note: `#[warn(ambiguous_glob_reexports)]` on by default

warning: unused variable: `width`
  --> src/ffi/lib.rs:85:14
   |
85 |         let (width, height) = renderer_box.dims();
   |              ^^^^^ help: if this is intentional, prefix it with an underscore: `_width`
   |
   = note: `#[warn(unused_variables)]` (part of `#[warn(unused)]`) on by default

warning: function `validate_pointer` is never used
   --> src/ffi/types.rs:182:15
    |
182 | pub(crate) fn validate_pointer<T>(ptr: *const T) -> bool {
    |               ^^^^^^^^^^^^^^^^
    |
    = note: `#[warn(dead_code)]` (part of `#[warn(unused)]`) on by default

warning: function `validate_mut_pointer` is never used
   --> src/ffi/types.rs:187:15
    |
187 | pub(crate) fn validate_mut_pointer<T>(ptr: *mut T) -> bool {
    |               ^^^^^^^^^^^^^^^^^^^^

warning: function `safe_cast` is never used
   --> src/ffi/types.rs:192:22
    |
192 | pub(crate) unsafe fn safe_cast<T, U>(ptr: *mut T) -> Result<*mut U, ReactiveError> {
    |                      ^^^^^^^^^

warning: function `safe_cast_const` is never used
   --> src/ffi/types.rs:206:22
    |
206 | pub(crate) unsafe fn safe_cast_const<T, U>(ptr: *const T) -> Result<*const U, ReactiveError> {
    |                      ^^^^^^^^^^^^^^^

warning: `reactive-tui` (lib) generated 6 warnings (run `cargo fix --lib -p reactive-tui` to apply 1 suggestion)
    Finished `dev` profile [unoptimized + debuginfo] target(s) in 2.34s
[?2026h[?2026l[?25h[?1006l[?1015l[?1003l[?1002l[?1000lC terminal ABI smoke passed
warning: ambiguous glob re-exports
  --> src/ffi/mod.rs:85:9
   |
85 | pub use pointer::*;
   |         ^^^^^^^^^^ the name `validate_pointer` in the value namespace is first re-exported here
...
90 | pub use types::*;
   |         -------- but the name `validate_pointer` in the value namespace is also re-exported here
   |
   = note: `#[warn(ambiguous_glob_reexports)]` on by default

warning: unused variable: `width`
  --> src/ffi/lib.rs:85:14
   |
85 |         let (width, height) = renderer_box.dims();
   |              ^^^^^ help: if this is intentional, prefix it with an underscore: `_width`
   |
   = note: `#[warn(unused_variables)]` (part of `#[warn(unused)]`) on by default

warning: function `validate_pointer` is never used
   --> src/ffi/types.rs:182:15
    |
182 | pub(crate) fn validate_pointer<T>(ptr: *const T) -> bool {
    |               ^^^^^^^^^^^^^^^^
    |
    = note: `#[warn(dead_code)]` (part of `#[warn(unused)]`) on by default

warning: function `validate_mut_pointer` is never used
   --> src/ffi/types.rs:187:15
    |
187 | pub(crate) fn validate_mut_pointer<T>(ptr: *mut T) -> bool {
    |               ^^^^^^^^^^^^^^^^^^^^

warning: function `safe_cast` is never used
   --> src/ffi/types.rs:192:22
    |
192 | pub(crate) unsafe fn safe_cast<T, U>(ptr: *mut T) -> Result<*mut U, ReactiveError> {
    |                      ^^^^^^^^^

warning: function `safe_cast_const` is never used
   --> src/ffi/types.rs:206:22
    |
206 | pub(crate) unsafe fn safe_cast_const<T, U>(ptr: *const T) -> Result<*const U, ReactiveError> {
    |                      ^^^^^^^^^^^^^^^

warning: `reactive-tui` (lib test) generated 6 warnings (run `cargo fix --lib -p reactive-tui --tests` to apply 1 suggestion)
    Finished `test` profile [unoptimized + debuginfo] target(s) in 0.08s
     Running unittests src/lib.rs (target/debug/deps/reactive_tui-c138f104f13e3c6d)

running 7 tests
test ffi::app::tests::root_callback_transfers_the_ffi_element_wrapper ... [32mok(B[m
test ffi::pointer::tests::test_multiple_pointers ... [32mok(B[m
test ffi::pointer::tests::test_null_pointer_handling ... [32mok(B[m
test ffi::pointer::tests::test_pointer_tracking ... [32mok(B[m
test ffi::terminal_legacy::tests::event_translation_preserves_resize_and_mouse_data ... [32mok(B[m
test ffi::terminal_legacy::tests::event_translation_preserves_unicode_and_modifier_bits ... [32mok(B[m
test ffi::terminal_legacy::tests::unsupported_event_payloads_return_an_error ... [32mok(B[m

test result: [32mok(B[m. 7 passed; 0 failed; 0 ignored; 0 measured; 761 filtered out; finished in 0.01s

   Compiling reactive-tui v0.0.7 (/home/shawn/workspace2/reactive-tui)
    Building [=======================> ] 287/294: reactive-tui                warning: ambiguous glob re-exports
  --> src/ffi/mod.rs:85:9
   |
85 | pub use pointer::*;
   |         ^^^^^^^^^^ the name `validate_pointer` in the value namespace is first re-exported here
...
90 | pub use types::*;
   |         -------- but the name `validate_pointer` in the value namespace is also re-exported here
   |
   = note: `#[warn(ambiguous_glob_reexports)]` on by default

warning: unused variable: `width`
  --> src/ffi/lib.rs:85:14
   |
85 |         let (width, height) = renderer_box.dims();
   |              ^^^^^ help: if this is intentional, prefix it with an underscore: `_width`
   |
   = note: `#[warn(unused_variables)]` (part of `#[warn(unused)]`) on by default

warning: function `validate_pointer` is never used
   --> src/ffi/types.rs:182:15
    |
182 | pub(crate) fn validate_pointer<T>(ptr: *const T) -> bool {
    |               ^^^^^^^^^^^^^^^^
    |
    = note: `#[warn(dead_code)]` (part of `#[warn(unused)]`) on by default

warning: function `validate_mut_pointer` is never used
   --> src/ffi/types.rs:187:15
    |
187 | pub(crate) fn validate_mut_pointer<T>(ptr: *mut T) -> bool {
    |               ^^^^^^^^^^^^^^^^^^^^

warning: function `safe_cast` is never used
   --> src/ffi/types.rs:192:22
    |
192 | pub(crate) unsafe fn safe_cast<T, U>(ptr: *mut T) -> Result<*mut U, Rea...
    |                      ^^^^^^^^^

warning: function `safe_cast_const` is never used
   --> src/ffi/types.rs:206:22
    |
206 | pub(crate) unsafe fn safe_cast_const<T, U>(ptr: *const T) -> Result<*co...
    |                      ^^^^^^^^^^^^^^^

warning: `reactive-tui` (lib) generated 6 warnings (run `cargo fix --lib -p reactive-tui` to apply 1 suggestion)
    Building [=======================> ] 288/294: test_ffi_core_only(test), t…warning: unnecessary `unsafe` block
  --> tests/test_ffi_core_only.rs:10:9
   |
10 |         unsafe {
   |         ^^^^^^ unnecessary `unsafe` block
   |
   = note: `#[warn(unused_unsafe)]` (part of `#[warn(unused)]`) on by default

warning: unnecessary `unsafe` block
  --> tests/test_ffi_core_only.rs:24:9
   |
24 |         unsafe {
   |         ^^^^^^ unnecessary `unsafe` block

warning: unnecessary `unsafe` block
  --> tests/test_ffi_core_only.rs:67:9
   |
67 |         unsafe {
   |         ^^^^^^ unnecessary `unsafe` block

warning: unnecessary `unsafe` block
  --> tests/test_ffi_core_only.rs:94:9
   |
94 |         unsafe {
   |         ^^^^^^ unnecessary `unsafe` block

warning: unnecessary `unsafe` block
   --> tests/test_ffi_core_only.rs:127:9
    |
127 |         unsafe {
    |         ^^^^^^ unnecessary `unsafe` block

warning: unnecessary `unsafe` block
   --> tests/test_ffi_core_only.rs:171:9
    |
171 |         unsafe {
    |         ^^^^^^ unnecessary `unsafe` block

warning: unnecessary `unsafe` block
   --> tests/test_ffi_core_only.rs:193:9
    |
193 |         unsafe {
    |         ^^^^^^ unnecessary `unsafe` block

warning: unnecessary `unsafe` block
  --> tests/test_ffi_integration.rs:10:9
   |
10 |         unsafe {
   |         ^^^^^^ unnecessary `unsafe` block
   |
   = note: `#[warn(unused_unsafe)]` (part of `#[warn(unused)]`) on by default

warning: unnecessary `unsafe` block
  --> tests/test_ffi_integration.rs:60:9
   |
60 |         unsafe {
   |         ^^^^^^ unnecessary `unsafe` block

warning: unnecessary `unsafe` block
   --> tests/test_ffi_integration.rs:115:9
    |
115 |         unsafe {
    |         ^^^^^^ unnecessary `unsafe` block

warning: unnecessary `unsafe` block
   --> tests/test_ffi_integration.rs:150:9
    |
150 |         unsafe {
    |         ^^^^^^ unnecessary `unsafe` block

warning: unnecessary `unsafe` block
   --> tests/test_ffi_integration.rs:172:9
    |
172 |         unsafe {
    |         ^^^^^^ unnecessary `unsafe` block

    Building [=======================> ] 289/294: test_ffi_core_only(test), t…    Building [=======================> ] 290/294: test_ffi_core_only(test), t…    Building [=======================> ] 291/294: test_ffi_core_only(test), t…warning: `reactive-tui` (test "test_ffi_integration") generated 5 warnings
    Building [=======================> ] 292/294: test_ffi_core_only(test), f…warning: `reactive-tui` (test "test_ffi_core_only") generated 7 warnings
    Building [=======================> ] 293/294: ffi_tests(test)                 Finished `test` profile [unoptimized + debuginfo] target(s) in 3.02s
     Running tests/ffi_basic_test.rs (target/debug/deps/ffi_basic_test-d66429808f1de88a)

running 8 tests
test ffi_tests::test_app_builder_creation_and_modification ... [32mok(B[m
test ffi_tests::test_button_creation ... [32mok(B[m
test ffi_tests::test_checkbox_creation ... [32mok(B[m
test ffi_tests::test_element_builder_creation_and_modification ... [32mok(B[m
test ffi_tests::test_null_pointer_safety ... [32mok(B[m
test ffi_tests::test_progress_bar_creation ... [32mok(B[m
test ffi_tests::test_root_component_functionality ... [32mok(B[m
test ffi_tests::test_widget_creation ... [32mok(B[m

test result: [32mok(B[m. 8 passed; 0 failed; 0 ignored; 0 measured; 0 filtered out; finished in 0.00s

     Running tests/ffi_tests.rs (target/debug/deps/ffi_tests-88a8fb9a546c8347)

running 30 tests
test error_handling_tests::test_error_codes ... [32mok(B[m
test error_handling_tests::test_error_is_success ... [32mok(B[m
test error_handling_tests::test_null_pointer_checks ... [32mok(B[m
test memory_safety_tests::test_bounds_checking ... [32mok(B[m
test memory_safety_tests::test_double_destroy_safety ... [?25h[?1006l[?1015l[?1003l[?1002l[?1000l[32mok(B[m
test memory_safety_tests::test_string_handling ... [32mok(B[m
test memory_safety_tests::test_use_after_free_protection ... [32mok(B[m
test renderer_tests::test_renderer_create_destroy ... [?1049h[?2004h[?1000h[?1002h[?1003h[?1015h[?1006h[?1006l[?1015l[?1003l[?1002l[?1000l[?2004l[?1049l[?25h[?1006l[?1015l[?1003l[?1002l[?1000l[?25h[?1006l[?1015l[?1003l[?1002l[?1000l[32mok(B[m
test renderer_tests::test_renderer_force_redraw ... [?1049h[?2004h[?1000h[?1002h[?1003h[?1015h[?1006h[?1006l[?1015l[?1003l[?1002l[?1000l[?2004l[?1049l[?25h[?1006l[?1015l[?1003l[?1002l[?1000l[?25h[?1006l[?1015l[?1003l[?1002l[?1000l[32mok(B[m
test renderer_tests::test_renderer_frame_operations ... [?1049h[?2004h[?1000h[?1002h[?1003h[?1015h[?1006h[?2026h[?25l[?25h[?2026l[?1006l[?1015l[?1003l[?1002l[?1000l[?2004l[?1049l[?25h[?1006l[?1015l[?1003l[?1002l[?1000l[?25h[?1006l[?1015l[?1003l[?1002l[?1000l[32mok(B[m
test renderer_tests::test_renderer_get_surface ... [?1049h[?2004h[?1000h[?1002h[?1003h[?1015h[?1006h[?2026h[?25l[38;2;255;255;255m[48;2;0;0;0m[1;1HRenderer Test[?25h[?2026l[?1006l[?1015l[?1003l[?1002l[?1000l[?2004l[?1049l[?25h[?1006l[?1015l[?1003l[?1002l[?1000l[?25h[?1006l[?1015l[?1003l[?1002l[?1000l[32mok(B[m
test renderer_tests::test_renderer_null_output ... [32mok(B[m
test renderer_tests::test_renderer_resize ... [?1049h[?2004h[?1000h[?1002h[?1003h[?1015h[?1006h[?1006l[?1015l[?1003l[?1002l[?1000l[?2004l[?1049l[?25h[?1006l[?1015l[?1003l[?1002l[?1000l[?25h[?1006l[?1015l[?1003l[?1002l[?1000l[32mok(B[m
test renderer_tests::test_renderer_shutdown ... [?1049h[?2004h[?1000h[?1002h[?1003h[?1015h[?1006h[?1006l[?1015l[?1003l[?1002l[?1000l[?2004l[?1049l[?1006l[?1015l[?1003l[?1002l[?1000l[?2004l[?25h[?1006l[?1015l[?1003l[?1002l[?1000l[?25h[?1006l[?1015l[?1003l[?1002l[?1000l[32mok(B[m
test surface_tests::test_surface_clear ... [32mok(B[m
test surface_tests::test_surface_create_destroy ... [32mok(B[m
test surface_tests::test_surface_dimensions ... [32mok(B[m
test surface_tests::test_surface_draw_text ... [32mok(B[m
test surface_tests::test_surface_fill_rect ... [32mok(B[m
test surface_tests::test_surface_invalid_dimensions ... [32mok(B[m
test surface_tests::test_surface_set_get_cell ... [32mok(B[m
test terminal_tests::test_terminal_create_destroy ... [?25h[?1006l[?1015l[?1003l[?1002l[?1000l[32mok(B[m
test terminal_tests::test_terminal_dimensions ... [?25h[?1006l[?1015l[?1003l[?1002l[?1000l[32mok(B[m
test terminal_tests::test_terminal_dimensions_null ... [?25h[?1006l[?1015l[?1003l[?1002l[?1000l[32mok(B[m
test terminal_tests::test_terminal_null_pointer ... [32mok(B[m
test terminal_tests::test_terminal_poll_event_timeout ... [?25h[?1006l[?1015l[?1003l[?1002l[?1000l[32mok(B[m
test terminal_tests::test_terminal_sync_operations ... [?2026h[?2026l[?25h[?1006l[?1015l[?1003l[?1002l[?1000l[32mok(B[m
test test_full_integration ... [?1049h[?2004h[?1000h[?1002h[?1003h[?1015h[?1006h[?2026h[?25l[38;2;255;255;255m[48;2;0;0;128m[11;11HFrame 0[?25h[?2026l[?2026h[?25l[38;2;255;255;255m[48;2;0;0;128m[11;17H1[?25h[?2026l[?2026h[?25l[38;2;255;255;255m[48;2;0;0;128m[11;17H2[?25h[?2026l[?1006l[?1015l[?1003l[?1002l[?1000l[?2004l[?1049l[?1006l[?1015l[?1003l[?1002l[?1000l[?2004l[?25h[?1006l[?1015l[?1003l[?1002l[?1000l[?25h[?1006l[?1015l[?1003l[?1002l[?1000l[32mok(B[m
test test_init_cleanup ... [32mok(B[m
test test_version ... [32mok(B[m

test result: [32mok(B[m. 30 passed; 0 failed; 0 ignored; 0 measured; 0 filtered out; finished in 0.01s

     Running tests/test_ffi_core_only.rs (target/debug/deps/test_ffi_core_only-75c2be6bb1ab5568)

running 7 tests
test ffi_core_tests::test_ffi_builder_build ... [32mok(B[m
test ffi_core_tests::test_ffi_builder_creation ... [32mok(B[m
test ffi_core_tests::test_ffi_builder_in_place_modification ... [32mok(B[m
test ffi_core_tests::test_ffi_builder_with_children ... [32mok(B[m
test ffi_core_tests::test_ffi_memory_management ... [32mok(B[m
test ffi_core_tests::test_ffi_null_pointer_safety ... [32mok(B[m
test ffi_core_tests::test_ffi_widget_creation ... [32mok(B[m

test result: [32mok(B[m. 7 passed; 0 failed; 0 ignored; 0 measured; 0 filtered out; finished in 0.00s

     Running tests/test_ffi_integration.rs (target/debug/deps/test_ffi_integration-785941586e39f9ae)

running 5 tests
test ffi_integration_tests::test_builder_with_children ... [32mok(B[m
test ffi_integration_tests::test_memory_management ... [32mok(B[m
test ffi_integration_tests::test_null_pointer_safety ... [32mok(B[m
test ffi_integration_tests::test_proper_builder_pattern ... [32mok(B[m
test ffi_integration_tests::test_widget_creation ... [32mok(B[m

test result: [32mok(B[m. 5 passed; 0 failed; 0 ignored; 0 measured; 0 filtered out; finished in 0.00s

     Running tests/test_ffi_reactive_seamless.rs (target/debug/deps/test_ffi_reactive_seamless-7e2c522f208c378d)

running 11 tests
test ffi_reactive_tests::test_hooks_boolean_signals ... [32mok(B[m
test ffi_reactive_tests::test_hooks_persistence ... [32mok(B[m
test ffi_reactive_tests::test_hooks_string_signals ... [32mok(B[m
test ffi_reactive_tests::test_hooks_system ... [32mok(B[m
test ffi_reactive_tests::test_memory_management ... [32mok(B[m
test ffi_reactive_tests::test_null_pointer_safety ... [32mok(B[m
test ffi_reactive_tests::test_seamless_boolean_signals ... [32mok(B[m
test ffi_reactive_tests::test_seamless_float_signals ... [32mok(B[m
test ffi_reactive_tests::test_seamless_signal_creation ... [32mok(B[m
test ffi_reactive_tests::test_seamless_string_signals ... [32mok(B[m
test ffi_reactive_tests::test_type_safety ... [32mok(B[m

test result: [32mok(B[m. 11 passed; 0 failed; 0 ignored; 0 measured; 0 filtered out; finished in 0.00s

     Running tests/test_minimal_ffi.rs (target/debug/deps/test_minimal_ffi-c70b6438d6eb3ab3)

running 2 tests
test minimal_ffi_tests::test_minimal_builder_functionality ... [32mok(B[m
test minimal_ffi_tests::test_null_pointer_handling ... [32mok(B[m

test result: [32mok(B[m. 2 passed; 0 failed; 0 ignored; 0 measured; 0 filtered out; finished in 0.00s

FFI compile, C ABI and Rust lifecycle checks passed
