   Compiling reactive-tui v0.0.7 (D:\a\reactive-tui\reactive-tui)
warning: unused import: `std::os::windows::io::AsRawHandle`
  --> src\core\capabilities.rs:12:5
   |
12 | use std::os::windows::io::AsRawHandle;
   |     ^^^^^^^^^^^^^^^^^^^^^^^^^^^^^^^^^
   |
   = note: `#[warn(unused_imports)]` (part of `#[warn(unused)]`) on by default

warning: unused import: `crate::terminal::TerminalConfig`
 --> src\terminal\pty\tests.rs:2:5
  |
2 | use crate::terminal::TerminalConfig;
  |     ^^^^^^^^^^^^^^^^^^^^^^^^^^^^^^^

warning: unused import: `std::time::Duration`
 --> src\terminal\pty\tests.rs:3:5
  |
3 | use std::time::Duration;
  |     ^^^^^^^^^^^^^^^^^^^

warning: variable does not need to be mutable
    --> src\platform\mod.rs:1199:13
     |
1199 |         let mut buffer = [0u8; 8192];
     |             ----^^^^^^
     |             |
     |             help: remove this `mut`
     |
     = note: `#[warn(unused_mut)]` (part of `#[warn(unused)]`) on by default

warning: variable does not need to be mutable
    --> src\platform\mod.rs:1200:13
     |
1200 |         let mut total_read = 0;
     |             ----^^^^^^^^^^
     |             |
     |             help: remove this `mut`

warning: method `serial` is never used
  --> src\event\router.rs:84:19
   |
83 | impl NodeId {
   | ----------- method in this implementation
84 |     pub(crate) fn serial(self) -> usize {
   |                   ^^^^^^
   |
   = note: `#[warn(dead_code)]` (part of `#[warn(unused)]`) on by default

warning: field `parser` is never read
   --> src\platform\mod.rs:474:5
    |
471 | pub struct DirectTty {
    |            --------- field in this struct
...
474 |     parser: parser::EscapeSequenceParser,
    |     ^^^^^^

warning: `reactive-tui` (lib test) generated 7 warnings (run `cargo fix --lib -p reactive-tui --tests` to apply 5 suggestions)
warning: `reactive-tui` (lib) generated 5 warnings (5 duplicates)
    Finished `test` profile [unoptimized + debuginfo] target(s) in 1m 11s
  Executable unittests src\lib.rs (target\debug\deps\reactive_tui-8f430f50a806aae5.exe)
  Executable tests\api_widget_behavior.rs (target\debug\deps\api_widget_behavior-ef5a3766d6e4dfba.exe)
