warning: unused import: `std::os::windows::io::AsRawHandle`
  --> src\core\capabilities.rs:12:5
   |
12 | use std::os::windows::io::AsRawHandle;
   |     ^^^^^^^^^^^^^^^^^^^^^^^^^^^^^^^^^
   |
   = note: `#[warn(unused_imports)]` (part of `#[warn(unused)]`) on by default

warning: variable does not need to be mutable
    --> src\platform\mod.rs:1204:13
     |
1204 |         let mut buffer = [0u8; 8192];
     |             ----^^^^^^
     |             |
     |             help: remove this `mut`
     |
     = note: `#[warn(unused_mut)]` (part of `#[warn(unused)]`) on by default

warning: variable does not need to be mutable
    --> src\platform\mod.rs:1205:13
     |
1205 |         let mut total_read = 0;
     |             ----^^^^^^^^^^
     |             |
     |             help: remove this `mut`

warning: method `serial` is never used
  --> src\event\router.rs:84:19
   |
83 | impl NodeId {
   | ----------- method in this implementation
84 |     pub(crate) fn serial(self) -> usize {
   |                   ^^^^^^
   |
   = note: `#[warn(dead_code)]` (part of `#[warn(unused)]`) on by default

warning: field `parser` is never read
   --> src\platform\mod.rs:474:5
    |
471 | pub struct DirectTty {
    |            --------- field in this struct
...
474 |     parser: parser::EscapeSequenceParser,
    |     ^^^^^^

warning: `reactive-tui` (lib) generated 5 warnings (run `cargo fix --lib -p reactive-tui` to apply 3 suggestions)
    Finished `test` profile [unoptimized + debuginfo] target(s) in 0.32s
     Running tests\api_widget_behavior.rs (target\debug\deps\api_widget_behavior-ef5a3766d6e4dfba.exe)

running 16 tests
test dialog_http_acceptance::autocomplete_http_debounces_edits_into_one_current_query ... ok
test dialog_http_acceptance::autocomplete_http_rejects_malformed_suggestions_and_can_cancel ... ok
test dialog_http_acceptance::autocomplete_http_replacement_discards_the_previous_query ... ok
test dialog_http_acceptance::autocomplete_http_sends_query_headers_and_renders_suggestion_objects ... ok
test dialog_http_acceptance::autocomplete_removal_cancels_a_live_http_request ... ok
test dialog_http_acceptance::dialog_engine_http_close_cancels_a_live_request_and_does_not_submit ... ok
test dialog_http_acceptance::dialog_engine_http_validation_delivers_an_awaitable_result ... ok
test dialog_http_acceptance::input_dialog_edit_cancels_pending_remote_submission ... ok
test dialog_http_acceptance::input_dialog_inline_validators_do_not_cancel_a_matching_http_request_on_redraw ... ok
test dialog_http_acceptance::input_dialog_remote_change_validation_keeps_warnings_and_reuses_the_matching_result ... ok
test dialog_http_acceptance::input_dialog_remote_completion_preserves_the_submit_veto_and_revalidates_on_retry ... ok
test dialog_http_acceptance::input_dialog_remote_completion_rechecks_current_local_validation ... ok
test dialog_http_acceptance::input_dialog_remote_http_and_json_failures_remain_open ... ok
test dialog_http_acceptance::input_dialog_remote_rejection_can_be_corrected_and_resubmitted ... ok
test dialog_http_acceptance::input_dialog_remote_validation_posts_json_and_completes_pending_submission ... ok
test dialog_http_acceptance::input_dialog_removal_cancels_a_live_request_without_waiting_for_the_server ... ok

test result: ok. 16 passed; 0 failed; 0 ignored; 0 measured; 370 filtered out; finished in 18.48s

