warning: unused import: `std::os::windows::io::AsRawHandle`
  --> src\core\capabilities.rs:12:5
   |
12 | use std::os::windows::io::AsRawHandle;
   |     ^^^^^^^^^^^^^^^^^^^^^^^^^^^^^^^^^
   |
   = note: `#[warn(unused_imports)]` (part of `#[warn(unused)]`) on by default

warning: unused import: `crate::terminal::TerminalConfig`
 --> src\terminal\pty\tests.rs:2:5
  |
2 | use crate::terminal::TerminalConfig;
  |     ^^^^^^^^^^^^^^^^^^^^^^^^^^^^^^^

warning: unused import: `std::time::Duration`
 --> src\terminal\pty\tests.rs:3:5
  |
3 | use std::time::Duration;
  |     ^^^^^^^^^^^^^^^^^^^

warning: variable does not need to be mutable
    --> src\platform\mod.rs:1199:13
     |
1199 |         let mut buffer = [0u8; 8192];
     |             ----^^^^^^
     |             |
     |             help: remove this `mut`
     |
     = note: `#[warn(unused_mut)]` (part of `#[warn(unused)]`) on by default

warning: variable does not need to be mutable
    --> src\platform\mod.rs:1200:13
     |
1200 |         let mut total_read = 0;
     |             ----^^^^^^^^^^
     |             |
     |             help: remove this `mut`

warning: method `serial` is never used
  --> src\event\router.rs:84:19
   |
83 | impl NodeId {
   | ----------- method in this implementation
84 |     pub(crate) fn serial(self) -> usize {
   |                   ^^^^^^
   |
   = note: `#[warn(dead_code)]` (part of `#[warn(unused)]`) on by default

warning: field `parser` is never read
   --> src\platform\mod.rs:474:5
    |
471 | pub struct DirectTty {
    |            --------- field in this struct
...
474 |     parser: parser::EscapeSequenceParser,
    |     ^^^^^^

warning: `reactive-tui` (lib test) generated 7 warnings (run `cargo fix --lib -p reactive-tui --tests` to apply 5 suggestions)
    Finished `test` profile [unoptimized + debuginfo] target(s) in 0.29s
     Running unittests src\lib.rs (target\debug\deps\reactive_tui-8f430f50a806aae5.exe)

running 34 tests
test widgets::display::image::decoded::tests::api_image_decode_all_advertised_encoded_formats ... ok
test widgets::display::image::decoded::tests::api_image_decode_opaque_renderers_composite_alpha ... ok
test widgets::display::image::decoded::tests::api_image_decode_rejects_malformed_and_oversized_sources ... ok
test widgets::display::image::decoded::tests::api_image_decode_sources_preserve_pixels_and_encoded_dimensions ... ok
test widgets::display::image::external_renderer::tests::api_image_external_commands_bound_resources ... ok
test widgets::display::image::external_renderer::tests::api_image_external_raw_pixels_are_encoded_as_png ... ok
test widgets::display::image::external_renderer::tests::api_image_temporary_files_are_independent_and_owned ... ok
test widgets::display::image::external_renderer::tests::test_get_display_constraints_default ... ok
test widgets::display::image::external_renderer::tests::test_get_display_constraints_with_size ... ok
test widgets::display::image::external_renderer::tests::test_write_temp_file ... ok
test widgets::display::image::image_processor::tests::api_image_ascii_obeys_both_dimensions_and_uses_decoded_pixels ... ok
test widgets::display::image::image_processor::tests::api_image_grayscale_preserves_neutral_channels ... ok
test widgets::display::image::image_processor::tests::test_ascii_config_default ... ok
test widgets::display::image::image_processor::tests::test_floyd_steinberg_dithering ... ok
test widgets::display::image::image_processor::tests::test_rgb_to_grayscale_conversion ... ok
test widgets::display::image::live::animation::tests::api_image_gif_bounds_zero_delay_and_rejects_excess_tiny_frames ... ok
test widgets::display::image::live::animation::tests::api_image_gif_composites_disposal_and_obeys_finite_and_infinite_timing ... ok
test widgets::display::image::live::animation::tests::api_image_gif_rejects_cumulative_storage_before_allocating_frames_and_cancels ... ok
test widgets::display::image::live::cells::tests::api_image_external_cells_preserve_first_row_colors_and_ignore_host_commands ... ok
test widgets::display::image::live::worker::tests::api_image_gif_worker_stops_finite_playback_and_replaces_infinite_source ... ok
test widgets::display::image::live::worker::tests::api_image_worker_publishes_latest_source_and_releases_ownership ... ok
test widgets::display::image::live::worker::tests::api_image_worker_reports_current_errors_and_joins_pending_work ... ok
test widgets::display::image::protocol_renderer::tests::api_image_protocol_background_and_fast_resize_reach_encoded_pixels ... ok
test widgets::display::image::protocol_renderer::tests::api_image_protocol_iterm_encodes_an_image_file_with_byte_size ... ok
test widgets::display::image::protocol_renderer::tests::api_image_protocol_kitty_transmits_one_chunked_rgba_image ... ok
test widgets::display::image::protocol_renderer::tests::api_image_protocol_rejects_invalid_raw_extents ... ok
test widgets::display::image::protocol_renderer::tests::test_calculate_display_size_preserve_aspect ... ok
test widgets::display::image::protocol_renderer::tests::test_generate_image_id ... ok
test widgets::display::image::protocol_renderer::tests::test_process_raw_bytes_rgb_to_rgba ... ok
test widgets::display::image::sixel_renderer::tests::test_calculate_display_size_no_upscale ... ok
test widgets::display::image::sixel_renderer::tests::test_calculate_display_size_preserve_aspect ... ok
test widgets::display::image::sixel_renderer::tests::test_ensure_rgb888_validation ... ok
test widgets::display::image::tests::api_image_empty_bounds_emit_no_protocol_or_placeholder ... ok
test widgets::display::image::tests::api_image_unavailable_protocols_fall_back_to_decoded_image ... ok

test result: ok. 34 passed; 0 failed; 0 ignored; 0 measured; 913 filtered out; finished in 7.13s

