warning: unused import: `std::os::windows::io::AsRawHandle`
  --> src\core\capabilities.rs:12:5
   |
12 | use std::os::windows::io::AsRawHandle;
   |     ^^^^^^^^^^^^^^^^^^^^^^^^^^^^^^^^^
   |
   = note: `#[warn(unused_imports)]` (part of `#[warn(unused)]`) on by default

warning: variable does not need to be mutable
    --> src\platform\mod.rs:1199:13
     |
1199 |         let mut buffer = [0u8; 8192];
     |             ----^^^^^^
     |             |
     |             help: remove this `mut`
     |
     = note: `#[warn(unused_mut)]` (part of `#[warn(unused)]`) on by default

warning: variable does not need to be mutable
    --> src\platform\mod.rs:1200:13
     |
1200 |         let mut total_read = 0;
     |             ----^^^^^^^^^^
     |             |
     |             help: remove this `mut`

warning: method `serial` is never used
  --> src\event\router.rs:84:19
   |
83 | impl NodeId {
   | ----------- method in this implementation
84 |     pub(crate) fn serial(self) -> usize {
   |                   ^^^^^^
   |
   = note: `#[warn(dead_code)]` (part of `#[warn(unused)]`) on by default

warning: field `parser` is never read
   --> src\platform\mod.rs:474:5
    |
471 | pub struct DirectTty {
    |            --------- field in this struct
...
474 |     parser: parser::EscapeSequenceParser,
    |     ^^^^^^

warning: `reactive-tui` (lib) generated 5 warnings (run `cargo fix --lib -p reactive-tui` to apply 3 suggestions)
    Finished `test` profile [unoptimized + debuginfo] target(s) in 0.35s
     Running tests\api_widget_behavior.rs (target\debug\deps\api_widget_behavior-ef5a3766d6e4dfba.exe)

running 12 tests
test image_acceptance::image_animated_gif_advances_without_input_and_repeats_through_app ... ok
test image_acceptance::image_builder_clips_to_its_parent_and_keeps_other_images_independent ... ok
test image_acceptance::image_builder_loads_encoded_file_contents ... ok
test image_acceptance::image_builder_paints_decoded_pixels_with_authored_bounds ... ok
test image_acceptance::image_builder_presents_decoded_kitty_pixels_and_releases_updated_and_removed_resources ... ok
test image_acceptance::image_builder_presents_sixel_and_inline_updates_and_removal ... ok
test image_acceptance::image_builder_reports_invalid_sources_and_empty_state ... ok
test image_acceptance::image_builder_resizes_to_its_presented_content_area ... ok
test image_acceptance::image_builder_retains_base64_data_url_and_format_hint ... ok
test image_acceptance::image_builder_updates_a_keyed_source_and_clears_on_removal ... ok
test image_acceptance::image_file_and_encoded_memory_share_kitty_payloads_in_app ... ok
test image_acceptance::image_native_element_honors_alpha_background_quality_and_text_mode ... ok

test result: ok. 12 passed; 0 failed; 0 ignored; 0 measured; 374 filtered out; finished in 2.51s

