warning: unused import: `std::os::windows::io::AsRawHandle`
  --> src\core\capabilities.rs:12:5
   |
12 | use std::os::windows::io::AsRawHandle;
   |     ^^^^^^^^^^^^^^^^^^^^^^^^^^^^^^^^^
   |
   = note: `#[warn(unused_imports)]` (part of `#[warn(unused)]`) on by default

warning: unused import: `crate::terminal::TerminalConfig`
 --> src\terminal\pty\tests.rs:2:5
  |
2 | use crate::terminal::TerminalConfig;
  |     ^^^^^^^^^^^^^^^^^^^^^^^^^^^^^^^

warning: unused import: `std::time::Duration`
 --> src\terminal\pty\tests.rs:3:5
  |
3 | use std::time::Duration;
  |     ^^^^^^^^^^^^^^^^^^^

warning: variable does not need to be mutable
    --> src\platform\mod.rs:1199:13
     |
1199 |         let mut buffer = [0u8; 8192];
     |             ----^^^^^^
     |             |
     |             help: remove this `mut`
     |
     = note: `#[warn(unused_mut)]` (part of `#[warn(unused)]`) on by default

warning: variable does not need to be mutable
    --> src\platform\mod.rs:1200:13
     |
1200 |         let mut total_read = 0;
     |             ----^^^^^^^^^^
     |             |
     |             help: remove this `mut`

warning: method `serial` is never used
  --> src\event\router.rs:84:19
   |
83 | impl NodeId {
   | ----------- method in this implementation
84 |     pub(crate) fn serial(self) -> usize {
   |                   ^^^^^^
   |
   = note: `#[warn(dead_code)]` (part of `#[warn(unused)]`) on by default

warning: field `parser` is never read
   --> src\platform\mod.rs:474:5
    |
471 | pub struct DirectTty {
    |            --------- field in this struct
...
474 |     parser: parser::EscapeSequenceParser,
    |     ^^^^^^

warning: `reactive-tui` (lib test) generated 7 warnings (run `cargo fix --lib -p reactive-tui --tests` to apply 5 suggestions)
    Finished `test` profile [unoptimized + debuginfo] target(s) in 0.22s
     Running unittests src\lib.rs (target\debug\deps\reactive_tui-cfcab0ff6c8832dd.exe)

running 12 tests
test platform::image::tests::api_image_platform_empty_clipping_and_unsupported_z_order_write_nothing ... ok
test platform::image::tests::api_image_platform_file_and_memory_decode_actual_pixels ... ok
test platform::image::tests::api_image_platform_iterm_uses_encoded_file_and_byte_count ... ok
test platform::image::tests::api_image_platform_kitty_crops_and_retains_placement_options ... ok
test platform::image::tests::api_image_platform_rejects_invalid_encoded_and_raw_data_without_output ... ok
test platform::image::tests::api_image_platform_scaling_and_pixel_offsets_use_real_raster_bounds ... ok
test platform::image::tests::api_image_platform_sixel_encoder_transmits_colors_and_decoded_sources ... ok
test platform::image::tests::api_image_platform_sixel_malformed_bodies_do_not_panic ... ok
test platform::image::tests::api_image_platform_sixel_offsets_preserve_transparent_pixels ... ok
test platform::image::tests::api_image_platform_sixel_quality_handles_more_than_256_colors ... ok
test platform::image::tests::api_image_platform_sixel_rejects_overflow_truncation_and_non_image_controls ... ok
test platform::image::tests::api_image_platform_webp_and_sixel_files_preserve_pixels ... ok

test result: ok. 12 passed; 0 failed; 0 ignored; 0 measured; 921 filtered out; finished in 0.03s

