{"started": "raw-receiver-idle", "pid": 131222}
{"case": "raw-receiver-idle", "pid": 131222, "exit": 0, "timeout": false, "reaped": true}
{"started": "parsed-receiver-idle", "pid": 131226}
{"case": "parsed-receiver-idle", "pid": 131226, "exit": 0, "timeout": false, "reaped": true}
{"started": "reused-descriptor", "pid": 131546}
{"case": "reused-descriptor", "pid": 131546, "exit": 0, "timeout": false, "reaped": true}
{"started": "raw-receiver-active", "pid": 131555}
{"case": "raw-receiver-active", "pid": 131555, "exit": 0, "timeout": false, "reaped": true}
{"started": "raw-receiver-full", "pid": 131560}
{"case": "raw-receiver-full", "pid": 131560, "exit": 0, "timeout": false, "reaped": true}
{"started": "raw-session-full", "pid": 131791}
{"case": "raw-session-full", "pid": 131791, "exit": 0, "timeout": false, "reaped": true}
{"started": "raw-session-idle", "pid": 132072}
{"case": "raw-session-idle", "pid": 132072, "exit": 0, "timeout": false, "reaped": true}
{"started": "parsed-receiver-full", "pid": 132077}
{"case": "parsed-receiver-full", "pid": 132077, "exit": 0, "timeout": false, "reaped": true}
{"started": "parsed-session-full", "pid": 132519}
{"case": "parsed-session-full", "pid": 132519, "exit": 0, "timeout": false, "reaped": true}
{"started": "parsed-session-idle", "pid": 132932}
{"case": "parsed-session-idle", "pid": 132932, "exit": 0, "timeout": false, "reaped": true}
{"started": "clone-owner", "pid": 133217}
{"case": "clone-owner", "pid": 133217, "exit": 0, "timeout": false, "reaped": true}
{"started": "independent-streams", "pid": 133223}
{"case": "independent-streams", "pid": 133223, "exit": 0, "timeout": false, "reaped": true}
{"started": "owned-iterator", "pid": 133230}
{"case": "owned-iterator", "pid": 133230, "exit": 0, "timeout": false, "reaped": true}
{"started": "concurrent-drop", "pid": 133246}
{"case": "concurrent-drop", "pid": 133246, "exit": 0, "timeout": false, "reaped": true}
