PASS checker-controls
PASS refs-discovery
PASS refs-behavior
PASS local-discovery
PASS local-behavior
PASS local-consumer
PASS mapping-discovery
PASS mapping-behavior
PASS input-unit-discovery
PASS input-unit-behavior
PASS input-lifecycle
PASS input-controller-cancellation
PASS performance-discovery
PASS performance-behavior
PASS optional_provider_changes_preserve_slots_and_recompute_quality
PASS completed_metrics_notify_other_apps_and_preserve_owner_subscription
PASS performance-consumer-library
PASS performance-consumer-compile
PASS performance-consumer-behavior
PASS updater-discovery
PASS updater-behavior
PASS updater-ordering
PASS api019-lib-discovery
PASS api019-lib-behavior
PASS gesture-app-discovery
PASS gesture-app-behavior
PASS gesture-options-discovery
PASS gesture-options-behavior
PASS editor-discovery
PASS editor-behavior
PASS nested-events-discovery
PASS nested-events-behavior
PASS css-unit-discovery
PASS css-unit-behavior
PASS css-public-discovery
PASS css-public-behavior
PASS native-platform-records
Residual outputs: .cairn/reviews/api-residual/20260913T224559919176Z
PASS API-019: all residual contracts and focused behavior checks
