   Compiling reactive-tui v0.0.7 (/home/shawn/workspace2/reactive-tui)
warning: function `with_current_scope` is never used
  --> src/reactive/local_hooks.rs:61:15
   |
61 | pub(crate) fn with_current_scope<R>(body: impl FnOnce() -> R) -> R {
   |               ^^^^^^^^^^^^^^^^^^
   |
   = note: `#[warn(dead_code)]` (part of `#[warn(unused)]`) on by default

warning: `reactive-tui` (lib) generated 1 warning
    Finished `test` profile [unoptimized + debuginfo] target(s) in 16.46s
     Running tests/api_local_hooks.rs (target/debug/deps/api_local_hooks-b68d8bd3826113d5)

running 1 test
test app_supplies_scope_for_generated_components_and_closes_on_error_and_unwind ... FAILED

failures:

---- app_supplies_scope_for_generated_components_and_closes_on_error_and_unwind stdout ----

thread 'app_supplies_scope_for_generated_components_and_closes_on_error_and_unwind' (955653) panicked at src/reactive/local_hooks.rs:114:27:
use_local_ref requires a with_local_hooks scope
note: run with `RUST_BACKTRACE=1` environment variable to display a backtrace

thread 'app_supplies_scope_for_generated_components_and_closes_on_error_and_unwind' (955653) panicked at tests/api_local_hooks.rs:355:33:
called `Result::unwrap()` on an `Err` value: Any { .. }


failures:
    app_supplies_scope_for_generated_components_and_closes_on_error_and_unwind

test result: FAILED. 0 passed; 1 failed; 0 ignored; 0 measured; 11 filtered out; finished in 0.00s

error: test failed, to rerun pass `--test api_local_hooks`
