+ /home/linuxbrew/.linuxbrew/opt/python@3.14/bin/python3.14 -B /home/shawn/workspace2/reactive-tui/verification/api-entry-points/check-harness.py
PASS terminal harness pty-raw-leak
PASS terminal harness eof
PASS terminal harness raw-leak
PASS terminal harness never-drained
PASS terminal harness pty
Terminal harness captures: /home/shawn/workspace2/reactive-tui/.cairn/reviews/api-entry-points/harness-20260913T061620635382Z
TERMINAL_HARNESS_OK
+ cargo test --locked --manifest-path src/backend/crossterm/Cargo.toml --lib --features event-stream readiness_tests -- --test-threads=1
warning: unnecessary parentheses around closure body
  --> src/terminal/sys/unix.rs:87:50
   |
87 |     let file = File::open("/dev/tty").map(|file| (FileDesc::Owned(file.into())));
   |                                                  ^                            ^
   |
   = note: `#[warn(unused_parens)]` (part of `#[warn(unused)]`) on by default
help: remove these parentheses
   |
87 -     let file = File::open("/dev/tty").map(|file| (FileDesc::Owned(file.into())));
87 +     let file = File::open("/dev/tty").map(|file| FileDesc::Owned(file.into()));
   |

warning: `crossterm` (lib test) generated 1 warning (run `cargo fix --lib -p crossterm --tests` to apply 1 suggestion)
    Finished `test` profile [unoptimized + debuginfo] target(s) in 0.03s
     Running unittests src/lib.rs (target/debug/deps/crossterm-06f1311aa8617ffe)

running 3 tests
test event::source::unix::mio::readiness_tests::new_wake_is_harvested_while_a_tty_burst_remains_readable ... ok
test event::source::unix::mio::readiness_tests::one_readiness_edge_retains_a_burst_larger_than_the_read_buffer ... ok
test event::source::unix::mio::readiness_tests::wake_return_preserves_later_readiness_without_another_input_edge ... ok

test result: ok. 3 passed; 0 failed; 0 ignored; 0 measured; 100 filtered out; finished in 0.00s

+ cargo build --locked --features ffi --message-format=json-render-diagnostics
warning: unnecessary parentheses around closure body
  --> src/backend/crossterm/src/terminal/sys/unix.rs:87:50
   |
87 |     let file = File::open("/dev/tty").map(|file| (FileDesc::Owned(file.into())));
   |                                                  ^                            ^
   |
   = note: `#[warn(unused_parens)]` (part of `#[warn(unused)]`) on by default
help: remove these parentheses
   |
87 -     let file = File::open("/dev/tty").map(|file| (FileDesc::Owned(file.into())));
87 +     let file = File::open("/dev/tty").map(|file| FileDesc::Owned(file.into()));
   |

warning: `crossterm` (lib) generated 1 warning (run `cargo fix --lib -p crossterm` to apply 1 suggestion)
   Compiling reactive-tui v0.0.7 (/home/shawn/workspace2/reactive-tui)
warning: ambiguous glob re-exports
  --> src/ffi/mod.rs:94:9
   |
94 | pub use pointer::*;
   |         ^^^^^^^^^^ the name `validate_pointer` in the value namespace is first re-exported here
...
99 | pub use types::*;
   |         -------- but the name `validate_pointer` in the value namespace is also re-exported here
   |
   = note: `#[warn(ambiguous_glob_reexports)]` on by default

warning: unused variable: `width`
  --> src/ffi/lib.rs:85:14
   |
85 |         let (width, height) = renderer_box.dims();
   |              ^^^^^ help: if this is intentional, prefix it with an underscore: `_width`
   |
   = note: `#[warn(unused_variables)]` (part of `#[warn(unused)]`) on by default

warning: function `validate_pointer` is never used
   --> src/ffi/types.rs:182:15
    |
182 | pub(crate) fn validate_pointer<T>(ptr: *const T) -> bool {
    |               ^^^^^^^^^^^^^^^^
    |
    = note: `#[warn(dead_code)]` (part of `#[warn(unused)]`) on by default

warning: function `validate_mut_pointer` is never used
   --> src/ffi/types.rs:187:15
    |
187 | pub(crate) fn validate_mut_pointer<T>(ptr: *mut T) -> bool {
    |               ^^^^^^^^^^^^^^^^^^^^

warning: function `safe_cast` is never used
   --> src/ffi/types.rs:192:22
    |
192 | pub(crate) unsafe fn safe_cast<T, U>(ptr: *mut T) -> Result<*mut U, ReactiveError> {
    |                      ^^^^^^^^^

warning: function `safe_cast_const` is never used
   --> src/ffi/types.rs:206:22
    |
206 | pub(crate) unsafe fn safe_cast_const<T, U>(ptr: *const T) -> Result<*const U, ReactiveError> {
    |                      ^^^^^^^^^^^^^^^

warning: `reactive-tui` (lib) generated 6 warnings (run `cargo fix --lib -p reactive-tui` to apply 1 suggestion)
    Finished `dev` profile [unoptimized + debuginfo] target(s) in 14.96s
+ cargo test --locked --test suprtui_renderer --no-run
warning: unnecessary parentheses around closure body
  --> src/backend/crossterm/src/terminal/sys/unix.rs:87:50
   |
87 |     let file = File::open("/dev/tty").map(|file| (FileDesc::Owned(file.into())));
   |                                                  ^                            ^
   |
   = note: `#[warn(unused_parens)]` (part of `#[warn(unused)]`) on by default
help: remove these parentheses
   |
87 -     let file = File::open("/dev/tty").map(|file| (FileDesc::Owned(file.into())));
87 +     let file = File::open("/dev/tty").map(|file| FileDesc::Owned(file.into()));
   |

warning: `crossterm` (lib) generated 1 warning (run `cargo fix --lib -p crossterm` to apply 1 suggestion)
   Compiling reactive-tui v0.0.7 (/home/shawn/workspace2/reactive-tui)
    Finished `test` profile [unoptimized + debuginfo] target(s) in 15.17s
  Executable tests/suprtui_renderer.rs (target/debug/deps/suprtui_renderer-bc3c70e2876943b8)
+ rustc --edition=2021 /home/shawn/workspace2/reactive-tui/verification/api-entry-points/legacy.rs --extern reactive_tui=/home/shawn/workspace2/reactive-tui/target/debug/libreactive_tui.rlib -L dependency=/home/shawn/workspace2/reactive-tui/target/debug/deps -o /home/shawn/workspace2/reactive-tui/target/api-entry-points-7d3qog2u/legacy --test
+ rustc --edition=2021 /home/shawn/workspace2/reactive-tui/verification/api-entry-points/host.rs --extern reactive_tui=/home/shawn/workspace2/reactive-tui/target/debug/libreactive_tui.rlib -L dependency=/home/shawn/workspace2/reactive-tui/target/debug/deps -o /home/shawn/workspace2/reactive-tui/target/api-entry-points-7d3qog2u/host
+ rustc --edition=2021 /home/shawn/workspace2/reactive-tui/verification/api-entry-points/manual.rs --extern reactive_tui=/home/shawn/workspace2/reactive-tui/target/debug/libreactive_tui.rlib -L dependency=/home/shawn/workspace2/reactive-tui/target/debug/deps -o /home/shawn/workspace2/reactive-tui/target/api-entry-points-7d3qog2u/manual
+ rustc --edition=2021 /home/shawn/workspace2/reactive-tui/verification/api-entry-points/screen.rs --extern vt100=/home/shawn/workspace2/reactive-tui/target/debug/deps/libvt100-e7285824268f2a5d.rlib -L dependency=/home/shawn/workspace2/reactive-tui/target/debug/deps -o /home/shawn/workspace2/reactive-tui/target/api-entry-points-7d3qog2u/screen
+ rustc --edition=2021 /home/shawn/workspace2/reactive-tui/verification/api-entry-points/input-burst.rs --extern crossterm=/home/shawn/workspace2/reactive-tui/target/debug/deps/libcrossterm-f0d1433d2069269d.rlib -L dependency=/home/shawn/workspace2/reactive-tui/target/debug/deps -o /home/shawn/workspace2/reactive-tui/target/api-entry-points-7d3qog2u/input-burst
+ /home/shawn/workspace2/reactive-tui/target/api-entry-points-7d3qog2u/legacy --test-threads=1

running 5 tests
test debug_app_routes_input_using_its_painted_component_geometry ... ok
test debug_frames_preserve_graphemes_and_publish_geometry_only_after_present ... ok
test initial_frame_uses_the_actual_root_insertion ... ok
test patch_present_root_and_shutdown_errors_are_returned ... ok
test unchanged_update_reorder_and_removal_use_the_last_presented_tree ... ok

test result: ok. 5 passed; 0 failed; 0 ignored; 0 measured; 0 filtered out; finished in 0.11s

PASS Rust suprtui (32, 8): paint, input, Unicode, update, reorder, removal, resize, exit and restoration
PASS Rust suprtui (48, 12): paint, input, Unicode, update, reorder, removal, resize, error and restoration
PASS Rust crossterm (32, 8): paint, input, Unicode, update, reorder, removal, resize, exit and restoration
PASS Rust crossterm (48, 12): paint, input, Unicode, update, reorder, removal, resize, error and restoration
PASS Rust crossterm-surface (32, 8): paint, input, Unicode, update, reorder, removal, resize, exit and restoration
PASS Rust crossterm-surface (48, 12): paint, input, Unicode, update, reorder, removal, resize, error and restoration
PASS Rust direct (32, 8): paint, input, Unicode, update, reorder, removal, resize, exit and restoration
PASS Rust direct (48, 12): paint, input, Unicode, update, reorder, removal, resize, error and restoration
PASS manual crossterm: patches/options, input batch or clone ownership, cleanup
PASS manual direct: patches/options, input batch or clone ownership, cleanup
PASS manual unix: patches/options, input batch or clone ownership, cleanup
BURST_DELIVERY fully-queued initially_queued=2048 total_sent=2048
PASS public Crossterm: 2048 bytes, exhausted zero-timeout poll and restoration
+ cc -std=c11 -Wall -Wextra -Werror -Iinclude /home/shawn/workspace2/reactive-tui/verification/api-entry-points/native.c -L/home/shawn/workspace2/reactive-tui/target/debug -Wl,-rpath,/home/shawn/workspace2/reactive-tui/target/debug -lreactive_tui -o /home/shawn/workspace2/reactive-tui/target/api-entry-points-7d3qog2u/native
PASS C SuprTUI (32, 8): app, callback ownership and restoration
PASS C SuprTUI (48, 12): app, callback ownership and restoration
PASS C SuprTUI (32, 8): missing-root, callback ownership and restoration
PASS C SuprTUI (32, 8): reselect, callback ownership and restoration
Terminal captures: /home/shawn/workspace2/reactive-tui/.cairn/reviews/api-entry-points/20260913T061653Z
All public entry-point workflows passed
