{"started": "raw-receiver-idle", "pid": 3945937}
{"case": "raw-receiver-idle", "pid": 3945937, "exit": 0, "timeout": false, "reaped": true}
{"started": "parsed-receiver-idle", "pid": 3945940}
{"case": "parsed-receiver-idle", "pid": 3945940, "exit": 0, "timeout": false, "reaped": true}
{"started": "reused-descriptor", "pid": 3946041}
{"case": "reused-descriptor", "pid": 3946041, "exit": 0, "timeout": false, "reaped": true}
{"started": "raw-receiver-active", "pid": 3946044}
{"case": "raw-receiver-active", "pid": 3946044, "exit": 0, "timeout": false, "reaped": true}
{"started": "raw-receiver-full", "pid": 3946047}
{"case": "raw-receiver-full", "pid": 3946047, "exit": 0, "timeout": false, "reaped": true}
{"started": "raw-session-full", "pid": 3946279}
{"case": "raw-session-full", "pid": 3946279, "exit": 0, "timeout": false, "reaped": true}
{"started": "raw-session-idle", "pid": 3946349}
{"case": "raw-session-idle", "pid": 3946349, "exit": 0, "timeout": false, "reaped": true}
{"started": "parsed-receiver-full", "pid": 3946352}
{"case": "parsed-receiver-full", "pid": 3946352, "exit": 0, "timeout": false, "reaped": true}
{"started": "parsed-session-full", "pid": 3946486}
{"case": "parsed-session-full", "pid": 3946486, "exit": 0, "timeout": false, "reaped": true}
{"started": "parsed-session-idle", "pid": 3946654}
{"case": "parsed-session-idle", "pid": 3946654, "exit": 0, "timeout": false, "reaped": true}
{"started": "clone-owner", "pid": 3946789}
{"case": "clone-owner", "pid": 3946789, "exit": 0, "timeout": false, "reaped": true}
{"started": "independent-streams", "pid": 3946792}
{"case": "independent-streams", "pid": 3946792, "exit": 0, "timeout": false, "reaped": true}
{"started": "owned-iterator", "pid": 3946796}
{"case": "owned-iterator", "pid": 3946796, "exit": 0, "timeout": false, "reaped": true}
{"started": "concurrent-drop", "pid": 3946799}
{"case": "concurrent-drop", "pid": 3946799, "exit": 0, "timeout": false, "reaped": true}
