   Compiling proc-macro2 v1.0.101
    Checking reactive-tui-suprtui v0.1.0 (/home/shawn/workspace2/reactive-tui/src/backend/engine)
    Checking quote v1.0.40
    Checking syn v3.0.5
   Compiling syn v2.0.106
   Compiling serde_derive v1.0.229
   Compiling serde_repr v0.1.21
   Compiling async-trait v0.1.92
   Compiling thiserror-impl v2.0.20
   Compiling enumflags2_derive v0.7.12
   Compiling tracing-attributes v0.1.31
   Compiling async-recursion v1.1.1
   Compiling derive_more-impl v2.0.1
   Compiling phf_macros v0.13.1
   Compiling tokio-macros v2.5.0
   Compiling futures-macro v0.3.31
    Checking derive_more v2.0.1
   Compiling reactive-tui-macros v0.1.0 (/home/shawn/workspace2/reactive-tui/reactive-tui-macros)
    Checking tracing v0.1.44
    Checking thiserror v2.0.20
    Checking tokio v1.47.1
    Checking phf v0.13.1
    Checking futures-util v0.3.31
    Checking serde v1.0.229
    Checking reactive-tui-crossterm v0.1.0 (/home/shawn/workspace2/reactive-tui/src/backend/crossterm)
    Checking comrak v0.55.0
    Checking zcheapstr v1.1.0
    Checking zvariant_utils v4.2.0
    Checking enumflags2 v0.7.12
    Checking uuid v1.18.1
    Checking plist v1.10.1
    Checking serde_json v1.0.143
    Checking bincode v1.3.3
    Checking taffy v0.9.2
   Compiling zvariant_derive v5.15.0
    Checking string_cache v0.8.9
    Checking zvariant v5.15.0
    Checking accesskit v0.25.0
    Checking syntect v5.3.0
    Checking accesskit_consumer v0.39.0
    Checking zbus_names v4.3.4
    Checking zbus_xml v5.2.1
   Compiling zbus_macros v5.19.0
    Checking zbus-lockstep v0.5.2
    Checking zbus v5.19.0
   Compiling zbus-lockstep-macros v0.5.2
    Checking atspi-common v0.13.0
    Checking atspi-proxies v0.13.0
    Checking atspi v0.29.0
 Documenting reactive-tui v0.1.0 (/home/shawn/workspace2/reactive-tui)
    Finished `dev` profile [unoptimized + debuginfo] target(s) in 20.92s
   Generated /home/shawn/workspace2/scratchpads/suprnova-target/doc/reactive_tui/index.html
