   Compiling syn v2.0.106
   Compiling cfg_aliases v0.2.2
   Compiling crossbeam-utils v0.8.21
   Compiling libm v0.2.16
   Compiling num-traits v0.2.19
    Checking smallvec v1.15.1
    Checking hashbrown v0.17.1
    Checking arrayvec v0.7.6
   Compiling thiserror v2.0.20
   Compiling thiserror-impl v2.0.20
   Compiling bytemuck_derive v1.12.1
    Checking bit-vec v0.8.0
    Checking concurrent-queue v2.5.0
    Checking indexmap v2.14.2
    Checking bytemuck v1.23.2
   Compiling phf_shared v0.13.1
    Checking parking_lot_core v0.9.11
    Checking bit-set v0.8.0
    Checking async-io v2.6.0
    Checking async-channel v2.5.0
   Compiling phf_generator v0.13.1
    Checking parking_lot v0.12.4
   Compiling naga v27.0.3
   Compiling ash v0.38.0+1.3.281
    Checking hashbrown v0.15.5
    Checking half v2.6.0
    Checking codespan-reporting v0.12.0
   Compiling wgpu-hal v27.0.4
    Checking hashbrown v0.16.1
   Compiling enumflags2_derive v0.7.12
    Checking async-signal v0.2.14
   Compiling tracing-attributes v0.1.31
   Compiling enumflags2 v0.7.12
    Checking spirv v0.3.0+sdk-1.3.268.0
    Checking libloading v0.8.9
    Checking gpu-descriptor-types v0.2.0
    Checking gpu-alloc-types v0.3.1
    Checking rustc-hash v1.1.0
    Checking hexf-parse v0.2.1
   Compiling zvariant v5.15.0
    Checking gpu-descriptor v0.3.2
    Checking gpu-alloc v0.6.2
    Checking async-process v2.5.0
    Checking tracing v0.1.44
   Compiling async-recursion v1.1.1
    Checking blocking v1.7.0
    Checking ordered-float v5.5.0
    Checking wgpu-types v27.0.1
    Checking async-executor v1.14.0
    Checking zbus_names v4.3.4
    Checking profiling v1.0.18
    Checking renderdoc-sys v1.1.0
    Checking raw-window-handle v0.6.2
    Checking zbus_xml v5.2.1
    Checking deranged v0.5.8
   Compiling zbus_macros v5.19.0
    Checking regex-automata v0.4.10
   Compiling phf_codegen v0.13.1
    Checking zbus-lockstep v0.5.2
   Compiling wgpu-core v27.0.3
    Checking zbus v5.19.0
    Checking num-conv v0.2.2
   Compiling jetscii v0.5.3
    Checking time-core v0.1.8
   Compiling entities v1.0.1
   Compiling zbus-lockstep-macros v0.5.2
    Checking tinyvec v1.13.3
   Compiling reactive-tui-libghostty-vt-sys v0.1.0 (/home/shawn/workspace2/reactive-tui/crates/libghostty-vt-sys)
   Compiling proc-macro2-diagnostics v0.10.1
   Compiling derive_more-impl v2.0.1
    Checking time v0.3.47
    Checking unicode-normalization v0.1.25
   Compiling comrak v0.55.0
   Compiling phf_macros v0.13.1
   Compiling tokio-macros v2.5.0
    Checking vte v0.15.0
   Compiling wgpu v27.0.1
    Checking quick-xml v0.42.0
    Checking base64 v0.23.1
    Checking bytes v1.11.1
    Checking caseless v0.2.2
    Checking phf v0.13.1
    Checking atspi-common v0.13.0
   Compiling int-enum v1.2.0
    Checking derive_more v2.0.1
    Checking plist v1.10.1
    Checking tokio v1.47.1
    Checking image v0.25.6
    Checking fancy-regex v0.16.2
    Checking taffy v0.13.0
   Compiling futures-macro v0.3.31
    Checking finl_unicode v1.4.0
   Compiling reactive-tui v0.1.0 (/home/shawn/workspace2/reactive-tui)
    Checking rustc-hash v2.1.3
    Checking grid v1.0.1
    Checking atspi-proxies v0.13.0
    Checking reactive-tui-suprtui v0.1.0 (/home/shawn/workspace2/reactive-tui/src/backend/engine)
    Checking string_cache v0.8.9
    Checking wgpu-core-deps-windows-linux-android v27.0.0
    Checking taffy v0.9.2
    Checking tokio-util v0.7.16
    Checking syntect v5.3.0
    Checking futures-util v0.3.31
    Checking atspi v0.29.0
    Checking accesskit_consumer v0.39.0
    Checking reactive-tui-crossterm v0.1.0 (/home/shawn/workspace2/reactive-tui/src/backend/crossterm)
    Checking vt100 v0.16.2
    Checking regex v1.11.2
   Compiling reactive-tui-macros v0.1.0 (/home/shawn/workspace2/reactive-tui/reactive-tui-macros)
    Checking lru v0.18.4
    Checking reactive-tui-libghostty-vt v0.1.0 (/home/shawn/workspace2/reactive-tui/crates/libghostty-vt)
 Documenting reactive-tui v0.1.0 (/home/shawn/workspace2/reactive-tui)
    Finished `dev` profile [unoptimized + debuginfo] target(s) in 42.05s
   Generated /home/shawn/workspace2/scratchpads/suprnova-target/doc/reactive_tui/index.html
