Scenario: capabilities-layout
Command: ["python3", "-B", "scripts/check-binding-abi.py"]
Exit: 1

warning: ambiguous glob re-exports
  --> src/ffi/mod.rs:85:9
   |
85 | pub use pointer::*;
   |         ^^^^^^^^^^ the name `validate_pointer` in the value namespace is first re-exported here
...
90 | pub use types::*;
   |         -------- but the name `validate_pointer` in the value namespace is also re-exported here
   |
   = note: `#[warn(ambiguous_glob_reexports)]` on by default

warning: unused variable: `width`
  --> src/ffi/lib.rs:85:14
   |
85 |         let (width, height) = renderer_box.dims();
   |              ^^^^^ help: if this is intentional, prefix it with an underscore: `_width`
   |
   = note: `#[warn(unused_variables)]` (part of `#[warn(unused)]`) on by default

warning: function `validate_pointer` is never used
   --> src/ffi/types.rs:182:15
    |
182 | pub(crate) fn validate_pointer<T>(ptr: *const T) -> bool {
    |               ^^^^^^^^^^^^^^^^
    |
    = note: `#[warn(dead_code)]` (part of `#[warn(unused)]`) on by default

warning: function `validate_mut_pointer` is never used
   --> src/ffi/types.rs:187:15
    |
187 | pub(crate) fn validate_mut_pointer<T>(ptr: *mut T) -> bool {
    |               ^^^^^^^^^^^^^^^^^^^^

warning: function `safe_cast` is never used
   --> src/ffi/types.rs:192:22
    |
192 | pub(crate) unsafe fn safe_cast<T, U>(ptr: *mut T) -> Result<*mut U, ReactiveError> {
    |                      ^^^^^^^^^

warning: function `safe_cast_const` is never used
   --> src/ffi/types.rs:206:22
    |
206 | pub(crate) unsafe fn safe_cast_const<T, U>(ptr: *const T) -> Result<*const U, ReactiveError> {
    |                      ^^^^^^^^^^^^^^^

warning: `reactive-tui` (lib) generated 6 warnings (run `cargo fix --lib -p reactive-tui` to apply 1 suggestion)
    Finished `dev` profile [unoptimized + debuginfo] target(s) in 0.07s
Traceback (most recent call last):
  File "/home/shawn/workspace2/reactive-tui/scripts/check-binding-abi.py", line 102, in <module>
    raise SystemExit(main())
                     ~~~~^^
  File "/home/shawn/workspace2/reactive-tui/scripts/check-binding-abi.py", line 31, in main
    audited = run_probe(json.loads(native_ast.stdout), target, scratch)
  File "/home/shawn/workspace2/reactive-tui/scripts/abi/compiler_probe.py", line 99, in run_probe
    raise RuntimeError('Rust/C layout disagreement: ' + repr((rust_layout, c_lines)))
RuntimeError: Rust/C layout disagreement: (['layout RTuiVersion 16 4', 'field RTuiVersion.major 0', 'field RTuiVersion.minor 4', 'field RTuiVersion.patch 8', 'field RTuiVersion.abi_version 12', 'layout RTuiCapabilities 10 1', 'field RTuiCapabilities.rgb 0', 'field RTuiCapabilities.color_256 1', 'field RTuiCapabilities.unicode_level 2', 'field RTuiCapabilities.kitty_keyboard 3', 'field RTuiCapabilities.mouse 4', 'field RTuiCapabilities.pixel_mouse 5', 'field RTuiCapabilities.hyperlinks 6', 'field RTuiCapabilities.images 7', 'field RTuiCapabilities.synchronized_output 8', 'field RTuiCapabilities.bracketed_paste 9', 'layout RTuiDimensions 4 2', 'field RTuiDimensions.width 0', 'field RTuiDimensions.height 2', 'layout RTuiKeyEvent 8 4', 'field RTuiKeyEvent.key_code 0', 'field RTuiKeyEvent.modifiers 4', 'layout RTuiMouseEvent 8 2', 'field RTuiMouseEvent.x 0', 'field RTuiMouseEvent.y 2', 'field RTuiMouseEvent.button 4', 'field RTuiMouseEvent.modifiers 5', 'field RTuiMouseEvent.event_type 6', 'layout RTuiResizeEvent 4 2', 'field RTuiResizeEvent.width 0', 'field RTuiResizeEvent.height 2', 'layout RTuiEventData 8 4', 'field RTuiEventData.key 0', 'field RTuiEventData.mouse 0', 'field RTuiEventData.resize 0', 'layout RTuiEvent 12 4', 'field RTuiEvent.event_type 0', 'field RTuiEvent.data 4', 'layout RTuiPerformanceMetrics 16 4', 'field RTuiPerformanceMetrics.current_fps 0', 'field RTuiPerformanceMetrics.avg_render_time_ms 4', 'field RTuiPerformanceMetrics.drop_rate_percent 8', 'field RTuiPerformanceMetrics.is_stable 12', 'layout RTuiColor 3 1', 'field RTuiColor.r 0', 'field RTuiColor.g 1', 'field RTuiColor.b 2', 'layout RTuiTextAttributes 7 1', 'field RTuiTextAttributes.bold 0', 'field RTuiTextAttributes.italic 1', 'field RTuiTextAttributes.underline 2', 'field RTuiTextAttributes.strikethrough 3', 'field RTuiTextAttributes.reverse 4', 'field RTuiTextAttributes.blink 5', 'field RTuiTextAttributes.hidden 6', 'layout RTuiCell 20 4', 'field RTuiCell.ch 0', 'field RTuiCell.fg 4', 'field RTuiCell.bg 7', 'field RTuiCell.attrs 10', 'layout RTuiRect 8 2', 'field RTuiRect.x 0', 'field RTuiRect.y 2', 'field RTuiRect.width 4', 'field RTuiRect.height 6', 'layout RTuiError 4 4', 'enum R_TUI_ERROR_SUCCESS 0', 'enum R_TUI_ERROR_INVALID_PARAMETER -1', 'enum R_TUI_ERROR_NULL_POINTER -2', 'enum R_TUI_ERROR_BUFFER_TOO_SMALL -3', 'enum R_TUI_ERROR_OUT_OF_MEMORY -4', 'enum R_TUI_ERROR_INVALID_UTF8 -5', 'enum R_TUI_ERROR_TERMINAL_NOT_AVAILABLE -6', 'enum R_TUI_ERROR_NOT_SUPPORTED -7', 'enum R_TUI_ERROR_ALREADY_EXISTS -8', 'enum R_TUI_ERROR_NOT_FOUND -9', 'enum R_TUI_ERROR_INVALID_STATE -10', 'enum R_TUI_ERROR_INVALID_POINTER -11', 'enum R_TUI_ERROR_INTERNAL_ERROR -12', 'enum R_TUI_ERROR_PANIC -99', 'enum R_TUI_ERROR_UNKNOWN -100', 'layout RTuiEventType 4 4', 'enum R_TUI_EVENT_TYPE_KEY 0', 'enum R_TUI_EVENT_TYPE_MOUSE 1', 'enum R_TUI_EVENT_TYPE_RESIZE 2', 'enum R_TUI_EVENT_TYPE_FOCUS 3', 'enum R_TUI_EVENT_TYPE_PASTE 4', 'layout RTuiEasingType 4 4', 'enum R_TUI_EASING_TYPE_LINEAR 0', 'enum R_TUI_EASING_TYPE_EASE_IN 1', 'enum R_TUI_EASING_TYPE_EASE_OUT 2', 'enum R_TUI_EASING_TYPE_EASE_IN_OUT 3', 'enum R_TUI_EASING_TYPE_BOUNCE 4', 'enum R_TUI_EASING_TYPE_ELASTIC 5', 'enum R_TUI_EASING_TYPE_BACK 6', 'enum R_TUI_EASING_TYPE_EXPO 7', 'enum R_TUI_EASING_TYPE_CIRC 8', 'enum R_TUI_EASING_TYPE_SINE 9', 'enum R_TUI_EASING_TYPE_QUAD 10', 'enum R_TUI_EASING_TYPE_CUBIC 11', 'enum R_TUI_EASING_TYPE_QUART 12', 'enum R_TUI_EASING_TYPE_QUINT 13', 'enum R_TUI_EASING_TYPE_SPRING 14', 'layout RTuiLoopMode 4 4', 'enum R_TUI_LOOP_MODE_NONE 0', 'enum R_TUI_LOOP_MODE_INFINITE 1', 'enum R_TUI_LOOP_MODE_COUNT 2', 'enum R_TUI_LOOP_MODE_PING_PONG 3', 'layout RTuiAnimatedProperty 4 4', 'enum R_TUI_ANIMATED_PROPERTY_OPACITY 0', 'enum R_TUI_ANIMATED_PROPERTY_TRANSLATE_X 1', 'enum R_TUI_ANIMATED_PROPERTY_TRANSLATE_Y 2', 'enum R_TUI_ANIMATED_PROPERTY_SCALE_X 3', 'enum R_TUI_ANIMATED_PROPERTY_SCALE_Y 4', 'enum R_TUI_ANIMATED_PROPERTY_ROTATION 5', 'enum R_TUI_ANIMATED_PROPERTY_WIDTH 6', 'enum R_TUI_ANIMATED_PROPERTY_HEIGHT 7', 'layout RTuiPerformanceMode 4 4', 'enum R_TUI_PERFORMANCE_MODE_POWER_SAVE 0', 'enum R_TUI_PERFORMANCE_MODE_BALANCED 1', 'enum R_TUI_PERFORMANCE_MODE_PERFORMANCE 2', 'layout RTuiLayoutType 4 4', 'enum R_TUI_LAYOUT_TYPE_FLEX 0', 'enum R_TUI_LAYOUT_TYPE_GRID 1', 'enum R_TUI_LAYOUT_TYPE_STACK 2', 'enum R_TUI_LAYOUT_TYPE_ABSOLUTE 3', 'layout RTuiElementType 4 4', 'enum R_TUI_ELEMENT_TYPE_COMPONENT 0', 'enum R_TUI_ELEMENT_TYPE_TEXT 1', 'enum R_TUI_ELEMENT_TYPE_LAYOUT 2', 'enum R_TUI_ELEMENT_TYPE_FRAGMENT 3', 'enum R_TUI_ELEMENT_TYPE_EMPTY 4'], ['layout RTuiVersion 16 4', 'field RTuiVersion.major 0', 'field RTuiVersion.minor 4', 'field RTuiVersion.patch 8', 'field RTuiVersion.abi_version 12', 'layout RTuiCapabilities 16 4', 'field RTuiCapabilities.rgb 0', 'field RTuiCapabilities.color_256 4', 'field RTuiCapabilities.unicode_level 5', 'field RTuiCapabilities.kitty_keyboard 6', 'field RTuiCapabilities.mouse 7', 'field RTuiCapabilities.pixel_mouse 8', 'field RTuiCapabilities.hyperlinks 9', 'field RTuiCapabilities.images 10', 'field RTuiCapabilities.synchronized_output 11', 'field RTuiCapabilities.bracketed_paste 12', 'layout RTuiDimensions 4 2', 'field RTuiDimensions.width 0', 'field RTuiDimensions.height 2', 'layout RTuiKeyEvent 8 4', 'field RTuiKeyEvent.key_code 0', 'field RTuiKeyEvent.modifiers 4', 'layout RTuiMouseEvent 8 2', 'field RTuiMouseEvent.x 0', 'field RTuiMouseEvent.y 2', 'field RTuiMouseEvent.button 4', 'field RTuiMouseEvent.modifiers 5', 'field RTuiMouseEvent.event_type 6', 'layout RTuiResizeEvent 4 2', 'field RTuiResizeEvent.width 0', 'field RTuiResizeEvent.height 2', 'layout RTuiEventData 8 4', 'field RTuiEventData.key 0', 'field RTuiEventData.mouse 0', 'field RTuiEventData.resize 0', 'layout RTuiEvent 12 4', 'field RTuiEvent.event_type 0', 'field RTuiEvent.data 4', 'layout RTuiPerformanceMetrics 16 4', 'field RTuiPerformanceMetrics.current_fps 0', 'field RTuiPerformanceMetrics.avg_render_time_ms 4', 'field RTuiPerformanceMetrics.drop_rate_percent 8', 'field RTuiPerformanceMetrics.is_stable 12', 'layout RTuiColor 3 1', 'field RTuiColor.r 0', 'field RTuiColor.g 1', 'field RTuiColor.b 2', 'layout RTuiTextAttributes 7 1', 'field RTuiTextAttributes.bold 0', 'field RTuiTextAttributes.italic 1', 'field RTuiTextAttributes.underline 2', 'field RTuiTextAttributes.strikethrough 3', 'field RTuiTextAttributes.reverse 4', 'field RTuiTextAttributes.blink 5', 'field RTuiTextAttributes.hidden 6', 'layout RTuiCell 20 4', 'field RTuiCell.ch 0', 'field RTuiCell.fg 4', 'field RTuiCell.bg 7', 'field RTuiCell.attrs 10', 'layout RTuiRect 8 2', 'field RTuiRect.x 0', 'field RTuiRect.y 2', 'field RTuiRect.width 4', 'field RTuiRect.height 6', 'layout RTuiError 4 4', 'enum R_TUI_ERROR_SUCCESS 0', 'enum R_TUI_ERROR_INVALID_PARAMETER -1', 'enum R_TUI_ERROR_NULL_POINTER -2', 'enum R_TUI_ERROR_BUFFER_TOO_SMALL -3', 'enum R_TUI_ERROR_OUT_OF_MEMORY -4', 'enum R_TUI_ERROR_INVALID_UTF8 -5', 'enum R_TUI_ERROR_TERMINAL_NOT_AVAILABLE -6', 'enum R_TUI_ERROR_NOT_SUPPORTED -7', 'enum R_TUI_ERROR_ALREADY_EXISTS -8', 'enum R_TUI_ERROR_NOT_FOUND -9', 'enum R_TUI_ERROR_INVALID_STATE -10', 'enum R_TUI_ERROR_INVALID_POINTER -11', 'enum R_TUI_ERROR_INTERNAL_ERROR -12', 'enum R_TUI_ERROR_PANIC -99', 'enum R_TUI_ERROR_UNKNOWN -100', 'layout RTuiEventType 4 4', 'enum R_TUI_EVENT_TYPE_KEY 0', 'enum R_TUI_EVENT_TYPE_MOUSE 1', 'enum R_TUI_EVENT_TYPE_RESIZE 2', 'enum R_TUI_EVENT_TYPE_FOCUS 3', 'enum R_TUI_EVENT_TYPE_PASTE 4', 'layout RTuiEasingType 4 4', 'enum R_TUI_EASING_TYPE_LINEAR 0', 'enum R_TUI_EASING_TYPE_EASE_IN 1', 'enum R_TUI_EASING_TYPE_EASE_OUT 2', 'enum R_TUI_EASING_TYPE_EASE_IN_OUT 3', 'enum R_TUI_EASING_TYPE_BOUNCE 4', 'enum R_TUI_EASING_TYPE_ELASTIC 5', 'enum R_TUI_EASING_TYPE_BACK 6', 'enum R_TUI_EASING_TYPE_EXPO 7', 'enum R_TUI_EASING_TYPE_CIRC 8', 'enum R_TUI_EASING_TYPE_SINE 9', 'enum R_TUI_EASING_TYPE_QUAD 10', 'enum R_TUI_EASING_TYPE_CUBIC 11', 'enum R_TUI_EASING_TYPE_QUART 12', 'enum R_TUI_EASING_TYPE_QUINT 13', 'enum R_TUI_EASING_TYPE_SPRING 14', 'layout RTuiLoopMode 4 4', 'enum R_TUI_LOOP_MODE_NONE 0', 'enum R_TUI_LOOP_MODE_INFINITE 1', 'enum R_TUI_LOOP_MODE_COUNT 2', 'enum R_TUI_LOOP_MODE_PING_PONG 3', 'layout RTuiAnimatedProperty 4 4', 'enum R_TUI_ANIMATED_PROPERTY_OPACITY 0', 'enum R_TUI_ANIMATED_PROPERTY_TRANSLATE_X 1', 'enum R_TUI_ANIMATED_PROPERTY_TRANSLATE_Y 2', 'enum R_TUI_ANIMATED_PROPERTY_SCALE_X 3', 'enum R_TUI_ANIMATED_PROPERTY_SCALE_Y 4', 'enum R_TUI_ANIMATED_PROPERTY_ROTATION 5', 'enum R_TUI_ANIMATED_PROPERTY_WIDTH 6', 'enum R_TUI_ANIMATED_PROPERTY_HEIGHT 7', 'layout RTuiPerformanceMode 4 4', 'enum R_TUI_PERFORMANCE_MODE_POWER_SAVE 0', 'enum R_TUI_PERFORMANCE_MODE_BALANCED 1', 'enum R_TUI_PERFORMANCE_MODE_PERFORMANCE 2', 'layout RTuiLayoutType 4 4', 'enum R_TUI_LAYOUT_TYPE_FLEX 0', 'enum R_TUI_LAYOUT_TYPE_GRID 1', 'enum R_TUI_LAYOUT_TYPE_STACK 2', 'enum R_TUI_LAYOUT_TYPE_ABSOLUTE 3', 'layout RTuiElementType 4 4', 'enum R_TUI_ELEMENT_TYPE_COMPONENT 0', 'enum R_TUI_ELEMENT_TYPE_TEXT 1', 'enum R_TUI_ELEMENT_TYPE_LAYOUT 2', 'enum R_TUI_ELEMENT_TYPE_FRAGMENT 3', 'enum R_TUI_ELEMENT_TYPE_EMPTY 4'])
