Scenario: missing-symbol
Command: ["python3", "-B", "scripts/check-binding-abi.py"]
Exit: 1

warning: ambiguous glob re-exports
  --> src/ffi/mod.rs:85:9
   |
85 | pub use pointer::*;
   |         ^^^^^^^^^^ the name `validate_pointer` in the value namespace is first re-exported here
...
90 | pub use types::*;
   |         -------- but the name `validate_pointer` in the value namespace is also re-exported here
   |
   = note: `#[warn(ambiguous_glob_reexports)]` on by default

warning: unused variable: `width`
  --> src/ffi/lib.rs:85:14
   |
85 |         let (width, height) = renderer_box.dims();
   |              ^^^^^ help: if this is intentional, prefix it with an underscore: `_width`
   |
   = note: `#[warn(unused_variables)]` (part of `#[warn(unused)]`) on by default

warning: function `validate_pointer` is never used
   --> src/ffi/types.rs:182:15
    |
182 | pub(crate) fn validate_pointer<T>(ptr: *const T) -> bool {
    |               ^^^^^^^^^^^^^^^^
    |
    = note: `#[warn(dead_code)]` (part of `#[warn(unused)]`) on by default

warning: function `validate_mut_pointer` is never used
   --> src/ffi/types.rs:187:15
    |
187 | pub(crate) fn validate_mut_pointer<T>(ptr: *mut T) -> bool {
    |               ^^^^^^^^^^^^^^^^^^^^

warning: function `safe_cast` is never used
   --> src/ffi/types.rs:192:22
    |
192 | pub(crate) unsafe fn safe_cast<T, U>(ptr: *mut T) -> Result<*mut U, ReactiveError> {
    |                      ^^^^^^^^^

warning: function `safe_cast_const` is never used
   --> src/ffi/types.rs:206:22
    |
206 | pub(crate) unsafe fn safe_cast_const<T, U>(ptr: *const T) -> Result<*const U, ReactiveError> {
    |                      ^^^^^^^^^^^^^^^

warning: `reactive-tui` (lib) generated 6 warnings (run `cargo fix --lib -p reactive-tui` to apply 1 suggestion)
    Finished `dev` profile [unoptimized + debuginfo] target(s) in 0.23s
error[E0425]: cannot find value `rtui_missing_probe` in this scope
   --> /home/shawn/workspace2/reactive-tui/target/abi-inventory-5eokxq_7/probe.rs:423:38
    |
423 | let f: unsafe extern "C" fn() -> _ = rtui_missing_probe;
    |                                      ^^^^^^^^^^^^^^^^^^ not found in this scope

error: aborting due to 1 previous error

For more information about this error, try `rustc --explain E0425`.
Traceback (most recent call last):
  File "/home/shawn/workspace2/reactive-tui/scripts/check-binding-abi.py", line 102, in <module>
    raise SystemExit(main())
                     ~~~~^^
  File "/home/shawn/workspace2/reactive-tui/scripts/check-binding-abi.py", line 31, in main
    audited = run_probe(json.loads(native_ast.stdout), target, scratch)
  File "/home/shawn/workspace2/reactive-tui/scripts/abi/compiler_probe.py", line 93, in run_probe
    subprocess.run(['rustc', '--edition=2021', str(rs), '--extern', f'reactive_tui={target}/debug/libreactive_tui.rlib', '-L', f'dependency={target}/debug/deps', '-o', str(scratch/'rust-probe')], check=True, timeout=120)
    ~~~~~~~~~~~~~~^^^^^^^^^^^^^^^^^^^^^^^^^^^^^^^^^^^^^^^^^^^^^^^^^^^^^^^^^^^^^^^^^^^^^^^^^^^^^^^^^^^^^^^^^^^^^^^^^^^^^^^^^^^^^^^^^^^^^^^^^^^^^^^^^^^^^^^^^^^^^^^^^^^^^^^^^^^^^^^^^^^^^^^^^^^^^^^^^^^^^^^^^^^^^^^^^^^^^^^^^^
  File "/home/linuxbrew/.linuxbrew/Cellar/python@3.14/3.14.7/lib/python3.14/subprocess.py", line 578, in run
    raise CalledProcessError(retcode, process.args,
                             output=stdout, stderr=stderr)
subprocess.CalledProcessError: Command '['rustc', '--edition=2021', '/home/shawn/workspace2/reactive-tui/target/abi-inventory-5eokxq_7/probe.rs', '--extern', 'reactive_tui=/home/shawn/workspace2/reactive-tui/target/debug/libreactive_tui.rlib', '-L', 'dependency=/home/shawn/workspace2/reactive-tui/target/debug/deps', '-o', '/home/shawn/workspace2/reactive-tui/target/abi-inventory-5eokxq_7/rust-probe']' returned non-zero exit status 1.
