{"started": "raw-receiver-idle", "pid": 3890066}
{"case": "raw-receiver-idle", "pid": 3890066, "exit": 101, "timeout": false, "reaped": true}
{"started": "parsed-receiver-idle", "pid": 3890323}
{"case": "parsed-receiver-idle", "pid": 3890323, "exit": 101, "timeout": false, "reaped": true}
{"started": "reused-descriptor", "pid": 3890617}
{"case": "reused-descriptor", "pid": 3890617, "exit": 101, "timeout": false, "reaped": true}
{"started": "raw-receiver-active", "pid": 3891183}
{"case": "raw-receiver-active", "pid": 3891183, "exit": 101, "timeout": false, "reaped": true}
{"started": "raw-receiver-full", "pid": 3891578}
{"case": "raw-receiver-full", "pid": 3891578, "exit": 101, "timeout": false, "reaped": true}
{"started": "raw-session-full", "pid": 3891876}
{"case": "raw-session-full", "pid": 3891876, "exit": 101, "timeout": false, "reaped": true}
{"started": "raw-session-idle", "pid": 3892638}
{"case": "raw-session-idle", "pid": 3892638, "exit": 101, "timeout": false, "reaped": true}
{"started": "parsed-receiver-full", "pid": 3893300}
{"case": "parsed-receiver-full", "pid": 3893300, "exit": 101, "timeout": false, "reaped": true}
{"started": "parsed-session-full", "pid": 3894225}
{"case": "parsed-session-full", "pid": 3894225, "exit": 101, "timeout": false, "reaped": true}
{"started": "parsed-session-idle", "pid": 3894677}
{"case": "parsed-session-idle", "pid": 3894677, "exit": 101, "timeout": false, "reaped": true}
{"started": "clone-owner", "pid": 3895582}
{"case": "clone-owner", "pid": 3895582, "exit": 101, "timeout": false, "reaped": true}
{"started": "independent-streams", "pid": 3896038}
{"case": "independent-streams", "pid": 3896038, "exit": 101, "timeout": false, "reaped": true}
{"started": "owned-iterator", "pid": 3896382}
{"case": "owned-iterator", "pid": 3896382, "exit": 101, "timeout": false, "reaped": true}
{"started": "concurrent-drop", "pid": 3897153}
{"case": "concurrent-drop", "pid": 3897153, "exit": 101, "timeout": false, "reaped": true}
