Default suite exceeded its 300-second deadline
   Compiling reactive-tui v0.0.7 (/home/shawn/workspace2/reactive-tui)
    Finished `test` profile [unoptimized + debuginfo] target(s) in 7.06s
     Running unittests src/lib.rs (target/debug/deps/reactive_tui-82073ab00bfe3025)

running 749 tests
test animation::api::tests::test_animation_targets ... ok
test animation::api::tests::test_animate_function ... ok
test animation::api::tests::test_property_value_conversion ... ok
test animation::api::tests::test_complex_animation ... ok
test animation::api::tests::test_stagger_delay ... ok
test animation::api::tests::test_spring_animation ... ok
test animation::easing::tests::test_ease_in_out ... ok
test animation::api::tests::test_timeline_creation ... ok
test animation::easing::tests::test_ease_value ... ok
test animation::api::tests::test_convenience_functions ... ok
test animation::easing::tests::test_linear_easing ... ok
test animation::easing::tests::test_steps_easing ... ok
test animation::keyframes::tests::test_bounce_in_sequence ... ok
test animation::keyframes::tests::test_complex_multi_property_sequence ... ok
test animation::keyframes::tests::test_keyframe_creation ... ok
test animation::keyframes::tests::test_keyframe_value_interpolation ... ok
test animation::keyframes::tests::test_keyframe_sequence_sampling ... ok
test animation::keyframes::tests::test_sequence_validation ... ok
test animation::lock_free::tests::test_lock_free_animation_state ... ok
test animation::api::tests::test_timeline_position_parsing ... ok
test animation::performance::tests::test_animation_batch_creation ... ok
test animation::performance::tests::test_interpolate_animated_values ... ok
test animation::performance::tests::test_interpolation_cache ... ok
test animation::performance::tests::test_performance_metrics ... ok
test animation::spring::tests::test_damping_ratios ... ok
test animation::performance::tests::test_optimized_animation_manager ... ok
test animation::spring::tests::test_preset_springs ... ok
test animation::spring::tests::test_edge_cases ... ok
test animation::spring::tests::test_spring_duration_estimation ... ok
test animation::spring::tests::test_spring_config_creation ... ok
test animation::performance::tests::test_cache_stats ... ok
test animation::spring::tests::test_spring_easing_function ... ok
test animation::spring::tests::test_spring_position_calculation ... ok
test animation::spring::tests::test_spring_settling ... ok
test animation::tests::test_animated_property_opacity ... ok
test animation::lock_free::tests::test_concurrent_updates ... ok
test animation::tests::test_animated_property_position ... ok
test animation::tests::test_animated_property_rotation ... ok
test animation::tests::test_animated_property_size ... ok
test animation::tests::test_animated_property_scale ... ok
test animation::tests::test_animation_creation ... ok
test animation::tests::test_easing_function_ease_out ... ok
test animation::tests::test_easing_function_linear ... ok
test animation::tests::test_animation_spring_creation ... ok
test animation::tests::test_easing_function_ease_in ... ok
test animation::tests::test_easing_function_ease_in_out ... ok
test animation::tests::test_easing_function_linear_points ... ok
test animation::tests::test_easing_function_steps ... ok
test animation::spring::tests::test_spring_velocity_calculation ... ok
test animation::tests::test_animated_property_color ... ok
test animation::tests::test_easing_function_steps_jump_start ... ok
test animation::tests::test_spring_config ... ok
test animation::tests::test_spring_presets ... ok
test animation::tests::test_step_easing_boundaries ... ok
test builder::test_specialized::tests::test_confirmation_dialog_builder ... ok
test builder::test_specialized::tests::test_builder_from_trait ... ok
test builder::test_specialized::tests::test_dialog_builder ... ok
test builder::test_specialized::tests::test_image_builder ... ok
test builder::test_specialized::tests::test_radio_button_builder ... ok
test builder::test_specialized::tests::test_progress_dialog_builder ... ok
test app::tests::test_app_size ... ok
test app::tests::test_app_builder ... ok
test app::tests::test_animation_integration ... ok
test app::tests::test_event_processing_integration ... ok
test builder::test_specialized::tests::test_scroll_view_builder ... ok
test builder::test_specialized::tests::test_slider_builder ... ok
test builder::test_specialized::tests::test_stack_builder ... ok
test builder::test_specialized::tests::test_tree_builder ... ok
test builder::test_specialized::tests::test_wizard_builder ... ok
test builder::widgets::accordion::tests::test_accordion_builder ... ok
test builder::widgets::accordion::tests::test_faq_accordion ... ok
test builder::widgets::accordion::tests::test_navigation_accordion ... ok
test builder::widgets::accordion::tests::test_settings_accordion ... ok
test builder::widgets::accordion::tests::test_simple_accordion ... ok
test builder::widgets::breadcrumb::tests::test_breadcrumb_builder ... ok
test builder::widgets::breadcrumb::tests::test_filesystem_breadcrumb ... ok
test builder::widgets::breadcrumb::tests::test_simple_breadcrumb ... ok
test builder::widgets::breadcrumb::tests::test_path_breadcrumb ... ok
test builder::widgets::breadcrumb::tests::test_website_breadcrumb ... ok
test builder::widgets::breadcrumb::tests::test_url_breadcrumb ... ok
test builder::widgets::breadcrumb::tests::test_title_case ... ok
test builder::widgets::file_explorer::tests::test_code_project_explorer ... ok
test builder::widgets::file_explorer::tests::test_compact_file_picker ... ok
test builder::widgets::file_explorer::tests::test_current_directory_explorer ... ok
test builder::widgets::file_explorer::tests::test_document_browser ... ok
test builder::widgets::file_explorer::tests::test_file_explorer_builder ... ok
test builder::widgets::file_explorer::tests::test_filtered_file_explorer ... ok
test builder::widgets::file_explorer::tests::test_media_gallery_explorer ... ok
test builder::widgets::file_explorer::tests::test_simple_file_browser ... ok
test component::change::tests::test_change_apply ... ok
test component::change::tests::test_change_batch_optimization ... ok
test component::change::tests::test_clear_optimization ... ok
test component::element::tests::test_component_props_equality ... ok
test component::element::tests::test_element_builder_pattern ... ok
test component::element::tests::test_element_convenience_methods ... ok
test component::element::tests::test_element_creation ... ok
test component::element::tests::test_element_debug ... ok
test component::element::tests::test_element_equality ... ok
test component::element::tests::test_element_with_children ... ok
test component::element::tests::test_element_with_props ... ok
test component::element::tests::test_layout_types ... ok
test component::element::tests::test_props_with_builder ... ok
test component::lifecycle::tests::test_is_mounted_states ... ok
test component::lifecycle::tests::test_lifecycle_creation ... ok
test component::lifecycle::tests::test_lifecycle_default ... ok
test component::lifecycle::tests::test_lifecycle_events ... ok
test component::lifecycle::tests::test_lifecycle_phases ... ok
test component::lifecycle::tests::test_mount_lifecycle ... ok
test component::lifecycle::tests::test_multiple_mount_cycles ... ok
test component::lifecycle::tests::test_multiple_updates ... ok
test component::lifecycle::tests::test_unmount_lifecycle ... ok
test component::lifecycle::tests::test_update_during_mounting ... ok
test component::lifecycle::tests::test_update_lifecycle ... ok
test component::props::tests::test_common_props ... ok
test component::props::tests::test_common_props_equality ... ok
test component::props::tests::test_custom_props_trait ... ok
test component::props::tests::test_empty_props ... ok
test component::props::tests::test_props_send_sync ... ok
test component::props::tests::test_props_type_erasure ... ok
test component::props::tests::test_props_with_children ... ok
test component::state_flags::tests::test_default_flags ... ok
test component::state_flags::tests::test_flag_operations ... ok
test component::state_flags::tests::test_state_flagged_trait ... ok
test component::state_flags::tests::test_state_methods ... ok
test core::capabilities::tests::test_color_depth_supports ... ok
test core::capabilities::tests::test_env_fallback_colorterm ... ok
test core::capabilities::tests::test_env_fallback_term_program ... ok
test core::capabilities::tests::test_parse_da1_with_sixel ... ok
test core::capabilities::tests::test_parse_kitty_graphics ... ok
test core::capabilities::tests::test_parse_unicode_enabled ... ok
test component::registry::tests::test_registry ... ok
test core::geometry::tests::test_point ... ok
test core::geometry::tests::test_rect ... ok
test core::geometry::tests::test_rect_from_points ... ok
test core::geometry::tests::test_size ... ok
test core::grapheme_cell::tests::test_combining_marks ... ok
test core::grapheme_cell::tests::test_grapheme_cluster_ascii ... ok
test core::grapheme_cell::tests::test_cjk_characters_comprehensive ... ok
test core::grapheme_cell::tests::test_emoji_comprehensive ... ok
test core::grapheme_cell::tests::test_grapheme_cluster_cjk ... ok
test core::grapheme_cell::tests::test_grapheme_cluster_emoji ... ok
test core::grapheme_cell::tests::test_row_spans_adjacent ... ok
test core::grapheme_cell::tests::test_row_spans ... ok
test core::grapheme_cell::tests::test_mixed_width_text_comprehensive ... ok
test core::grapheme_cell::tests::test_surface_write_mixed_width ... ok
test core::render_ops::tests::test_print_styled ... ok
test core::render_ops::tests::test_render_ops_builder ... ok
test core::render_ops::tests::test_style_deduplication ... ok
[?25htest core::render_stats::tests::test_fps_calculation ... [?1006l[?1015l[?1003l[?1002l[?1000lok
[?25h[?1006l[?1015l[?1003l[?1002l[?1000ltest core::render_stats::tests::test_stats_collector_basic ... ok
[?25h[?1006l[?1015l[?1003l[?1002l[?1000l[?25h[?1006l[?1015l[?1003l[?1002l[?1000ltest core::renderer::tests::test_clear_surface ... ok
[?25h[?1006l[?1015l[?1003l[?1002l[?1000ltest core::renderer::tests::test_debug_overlay_toggle ... ok
[?25h[?1006l[?1015l[?1003l[?1002l[?1000ltest core::renderer::tests::test_detailed_stats_toggle ... ok
[?25h[?1006l[?1015l[?1003l[?1002l[?1000ltest core::renderer::tests::test_frame_stats_initialization ... ok
[?25h[?1006l[?1015l[?1003l[?1002l[?1000ltest core::renderer::tests::test_memory_estimation ... ok
test core::renderer::tests::test_performance_grade ... ok
[?25h[?1006l[?1015l[?1003l[?1002l[?1000ltest core::renderer::tests::test_renderer_invalid_dimensions ... ok
[?25h[?1006l[?1015l[?1003l[?1002l[?1000ltest core::renderer::tests::test_performance_metrics ... ok
[?25h[?1006l[?1015l[?1003l[?1002l[?1000l[?25h[?1006l[?1015l[?1003l[?1002l[?1000ltest core::renderer::tests::test_renderer_creation ... ok
[?25h[?1006l[?1015l[?1003l[?1002l[?1000ltest core::renderer::tests::test_renderer_resize ... ok
test core::renderer::tests::test_renderer_resize_to ... ok
test core::renderer::tests::test_renderer_with_size ... ok
test core::renderer::tests::test_stats_management ... ok
test core::renderer::tests::test_surface_access ... ok
test core::span_diff::tests::test_span_diff_no_change ... ok
test core::span_diff::tests::test_span_diff_single_change ... ok
test core::styled_text::tests::test_builder ... ok
test core::span_diff::tests::test_span_diff_with_stats ... ok
test core::span_diff::tests::test_style_coalescing ... ok
test core::styled_text::tests::test_styled_line_merging ... ok
test core::styled_text::tests::test_styled_line_no_merging ... ok
test core::styled_text::tests::test_styled_run_width ... ok
test core::styled_text::tests::test_to_render_ops ... ok
test core::surface::tests::test_border_chars ... ok
test core::surface::tests::test_cell_image_placement ... ok
test core::surface::tests::diffwriter_counts_increase_on_changes ... ok
test core::surface::tests::test_clear_all_image_placements ... ok
test core::surface::tests::test_image_registry_basic_operations ... ok
test core::surface::tests::test_text_style ... ok
test core::surface::tests::test_surface_copy_preserves_images ... ok
test core::surface::tests::test_enhanced_surface_features ... [?25hok
[?1006l[?1015l[?1003l[?1002l[?1000ltest core::surface::tests::test_surface_image_operations ... ok
test core::terminal::tests::test_terminal_creation ... ok
test core::window::tests::test_border_rendering ... ok
test core::window::tests::test_child_window_expand ... ok
test core::surface::tests::test_image_region_placement ... ok
test core::window::tests::test_child_window_constraints ... ok
test core::surface::tests::surface_reinit_reuses_capacity ... ok
test core::window::tests::test_child_window_overflow_constraint ... ok
test core::window::tests::test_cursor_management ... ok
test core::window::tests::test_scrolling ... ok
test core::window::tests::test_nested_windows ... ok
test core::window::tests::test_mouse_event_handling ... ok
test core::window::tests::test_text_wrapping ... ok
test core::window::tests::test_text_printing ... ok
test core::window::tests::test_window_creation ... ok
test core::writer::tests::test_text_attributes ... ok
test display::adaptive::tests::test_adaptive_fps_manager_creation ... ok
test core::writer::tests::test_color_output ... ok
test core::writer::tests::test_print_run ... ok
test core::writer::tests::test_move_to ... ok
test core::writer::tests::test_synchronized_output ... ok
test display::adaptive::tests::test_frame_duration_calculation ... ok
test display::adaptive::tests::test_performance_mode_switching ... ok
test display::adaptive::tests::test_terminal_detection ... ok
test editor::cursor::tests::test_cursor_basic_movement ... ok
test editor::cursor::tests::test_cursor_selection ... ok
test editor::cursor::tests::test_cursor_vertical_movement ... ok
test editor::cursor::tests::test_cursor_word_movement ... ok
test editor::gap_buffer::tests::test_cursor_movement_efficiency ... ok
test editor::gap_buffer::tests::test_delete_char ... ok
test editor::gap_buffer::tests::test_from_string ... ok
test editor::gap_buffer::tests::test_insert_char ... ok
test editor::gap_buffer::tests::test_delete_range ... ok
test editor::gap_buffer::tests::test_insert_string ... ok
test editor::gap_buffer::tests::test_line_col_conversion ... ok
test editor::gap_buffer::tests::test_line_operations ... ok
test editor::gap_buffer::tests::test_new_buffer ... ok
test editor::text_editor::tests::test_editor_creation ... ok
test editor::text_editor::tests::test_editor_delete ... ok
test editor::text_editor::tests::test_editor_insert ... ok
test editor::text_editor::tests::test_editor_selection ... ok
test editor::gap_buffer::tests::test_large_insertions ... ok
test error::tests::test_error_creation ... ok
test error::tests::test_io_error_conversion ... ok
test error::tests::test_macros ... ok
test escape::parser::tests::test_basic_text ... ok
test escape::parser::tests::test_csi_cursor_move ... ok
test escape::parser::tests::test_mixed_content ... ok
test escape::parser::tests::test_osc_title ... ok
test escape::parser::tests::test_sgr_colors ... ok
test event::focus::tests::test_focus_edge_cases ... ok
test event::focus::tests::test_focus_events ... ok
test event::focus::tests::test_focus_history ... ok
test event::focus::tests::test_focus_system_integration ... ok
test event::focus::tests::test_focus_traps ... ok
test event::focus::tests::test_spatial_navigation ... ok
test event::focus::tests::test_tab_navigation ... ok
test event::hit::tests::test_bounds_contains ... ok
test event::hit::tests::test_bounds_intersection ... ok
test event::hit::tests::test_hit_test ... ok
test event::hit::tests::test_query_bounds ... ok
test event::router::tests::test_event_consumption ... ok
test event::types::tests::test_complex_key_combinations ... ok
test event::router::tests::test_event_routing ... ok
test event::types::tests::test_event_timestamps ... ok
test event::types::tests::test_custom_event ... ok
test event::types::tests::test_event_trait_implementations ... ok
test event::types::tests::test_focus_event ... ok
test event::types::tests::test_key_codes ... ok
test event::types::tests::test_key_event_builder ... ok
test event::types::tests::test_key_event_creation ... ok
test event::types::tests::test_key_event_kinds ... ok
test event::types::tests::test_key_event_matches ... ok
test event::types::tests::test_key_event_matches_any ... ok
test event::types::tests::test_key_modifiers ... ok
test event::types::tests::test_mouse_buttons ... ok
test event::types::tests::test_mouse_event_builder ... ok
test event::types::tests::test_mouse_event_creation ... ok
test event::types::tests::test_mouse_event_kinds ... ok
test event::types::tests::test_paste_event ... ok
test event::types::tests::test_position ... ok
test event::types::tests::test_position_conversions ... ok
test event::types::tests::test_resize_event ... ok
test event::types::tests::test_wheel_event ... ok
test event::types::tests::test_wheel_phases ... ok
test core::terminal::tests::test_image_capabilities_detection ... ok
test hooks::animation::tests::test_stagger_delays ... ok
test hooks::animation::tests::test_transition_detects_changes ... ok
test hooks::clipboard::tests::test_clipboard_backend_detection ... ok
test core::terminal::tests::test_size_detection ... ok
test hooks::clipboard::tests::test_clipboard_state_default ... ok
test editor::syntax_editor::tests::test_syntax_editor_creation ... ok
test hooks::fps::tests::test_fps_state_default ... ok
test hooks::fps::tests::test_frame_timing ... ok
test hooks::fps::tests::test_quality_level ... ok
test hooks::fps::tests::test_use_fps ... ok
test hooks::fps::tests::test_use_performance ... ok
test hooks::refs::tests::test_callback_ref ... ok
test hooks::refs::tests::test_forwarded_ref ... ok
test hooks::refs::tests::test_local_ref ... ok
test editor::syntax_editor::tests::test_cache_invalidation_on_edit ... ok
test hooks::refs::tests::test_multi_ref ... ok
test editor::syntax_editor::tests::test_syntax_editor_auto_detect ... ok
test hooks::refs::tests::test_ref_basic ... ok
test hooks::refs::tests::test_use_local_ref ... ok
test hooks::refs::tests::test_use_ref ... ok
test hooks::refs::tests::test_ref_thread_safety ... ok
test hooks::timer::tests::test_timer_handle ... ok
test layout::css::accessibility::tests::test_aria_utilities ... ok
test layout::css::accessibility::tests::test_role_utilities ... ok
test layout::css::accessibility::tests::test_tabindex_utilities ... ok
test layout::css::animations::tests::test_animation_presets ... ok
test layout::css::animations::tests::test_duration_utilities ... ok
test layout::css::animations::tests::test_easing_utilities ... ok
test layout::css::animations::tests::test_transform_utilities ... ok
test layout::css::animations::tests::test_transition_utilities ... ok
test layout::css::colors::tests::test_apply_accent_color ... ok
test layout::css::colors::tests::test_apply_bg_color ... ok
test layout::css::colors::tests::test_apply_border_color ... ok
test layout::css::colors::tests::test_apply_placeholder_color ... ok
test layout::css::colors::tests::test_apply_ring_color ... ok
test layout::css::colors::tests::test_apply_text_color ... ok
test layout::css::colors::tests::test_color_utilities_integration ... ok
test layout::css::containers::tests::test_aspect_ratio_utilities ... ok
test layout::css::containers::tests::test_centering_utilities ... ok
test layout::css::containers::tests::test_container_utilities ... ok
test layout::css::containers::tests::test_container_utilities_integration ... ok
test layout::css::containers::tests::test_custom_aspect_ratio_parsing ... ok
test layout::css::css_in_rust::tests::test_basic_css_macro ... ok
test layout::css::css_in_rust::tests::test_color_properties ... ok
test layout::css::css_in_rust::tests::test_convenience_macros ... ok
test layout::css::css_in_rust::tests::test_numeric_properties ... ok
test layout::css::css_in_rust::tests::test_spacing_properties ... ok
test layout::css::effects::tests::test_apply_backdrop ... ok
test layout::css::effects::tests::test_apply_border ... ok
test layout::css::effects::tests::test_apply_opacity ... ok
test layout::css::effects::tests::test_apply_rounded ... ok
test layout::css::effects::tests::test_apply_shadow ... ok
test layout::css::effects::tests::test_apply_z_index ... ok
test layout::css::focus::tests::test_accessibility_utilities ... ok
test layout::css::focus::tests::test_focus_ring_utilities ... ok
test layout::css::focus::tests::test_focus_variants ... ok
test layout::css::gradients::tests::test_gradient_interpolation ... ok
test layout::css::gradients::tests::test_gradient_rendering ... ok
test layout::css::gradients::tests::test_three_color_gradient ... ok
test layout::css::interactions::tests::test_cursor ... ok
test layout::css::interactions::tests::test_pointer_events ... ok
test layout::css::interactions::tests::test_user_select ... ok
test layout::css::layout::tests::test_align_items_utilities ... ok
test layout::css::layout::tests::test_display_utilities ... ok
test layout::css::layout::tests::test_flexbox_utilities ... ok
test layout::css::layout::tests::test_justify_content_utilities ... ok
test layout::css::layout::tests::test_position_utilities ... ok
test layout::css::manager::tests::test_apply_css_animation ... ok
test layout::css::manager::tests::test_css_animation_manager_creation ... ok
test layout::css::manager::tests::test_global_functions ... ok
test layout::css::manager::tests::test_remove_component_animations ... ok
test layout::css::optimizer::tests::test_cache_hit ... ok
test layout::css::optimizer::tests::test_delegation_to_existing ... ok
test layout::css::optimizer::tests::test_dynamic_spacing ... ok
test layout::css::optimizer::tests::test_fast_parsing ... ok
test editor::syntax_editor::tests::test_syntax_editor_editing ... ok
test layout::css::parsers::tests::test_parse_font_weight ... ok
test layout::css::parsers::tests::test_parse_fraction ... ok
test layout::css::parsers::tests::test_parse_opacity ... ok
test layout::css::parsers::tests::test_parse_percentage ... ok
test layout::css::parsers::tests::test_parse_spacing ... ok
test layout::css::parsers::tests::test_parse_spacing_pixels ... ok
test layout::css::parsers::tests::test_parse_spacing_terminal ... ok
test layout::css::parsers::tests::test_parse_z_index ... ok
test layout::css::sizing::tests::test_height_utilities ... ok
test layout::css::sizing::tests::test_min_max_utilities ... ok
test layout::css::sizing::tests::test_sizing_utilities_integration ... ok
test layout::css::sizing::tests::test_width_utilities ... ok
test layout::css::spacing::tests::test_gap_utilities ... ok
test layout::css::spacing::tests::test_invalid_spacing ... ok
test layout::css::spacing::tests::test_margin_utilities ... ok
test layout::css::spacing::tests::test_padding_utilities ... ok
test layout::css::spacing::tests::test_spacing_utilities_integration ... ok
test layout::css::tests::test_apply_utility_classes_colors ... ok
test layout::css::tests::test_apply_utility_classes_empty ... ok
test layout::css::tests::test_apply_utility_classes_effects ... ok
test layout::css::tests::test_apply_utility_classes_invalid ... ok
test layout::css::tests::test_apply_utility_classes_multiple ... ok
test layout::css::tests::test_apply_utility_classes_mixed ... ok
test layout::css::tests::test_apply_utility_classes_overrides ... ok
test layout::css::tests::test_apply_utility_classes_single ... ok
test layout::css::tests::test_apply_utility_classes_sizing ... ok
test layout::css::tests::test_apply_utility_classes_spacing ... ok
test layout::css::tests::test_apply_utility_classes_typography ... ok
test layout::css::typography::tests::test_font_size_utilities ... ok
test layout::css::tests::test_apply_utility_classes_whitespace ... ok
test layout::css::typography::tests::test_font_weight_utilities ... ok
test layout::css::typography::tests::test_line_height_utilities ... ok
test layout::css::typography::tests::test_text_style_utilities ... ok
test layout::css::typography::tests::test_typography_utilities_integration ... ok
test layout::css::variants::tests::test_conditional_variants ... ok
test layout::css::variants::tests::test_group_variants ... ok
test layout::css::variants::tests::test_state_variants ... ok
test layout::css::visual_style::tests::test_absolute_positioning_ignored ... ok
test layout::css::variants::tests::test_responsive_variants ... ok
test layout::css::visual_style::tests::test_extract_bg_colors ... ok
test layout::css::visual_style::tests::test_extract_multiple_styles ... ok
test layout::css::visual_style::tests::test_extract_text_colors ... ok
test layout::grid::tests::test_auto_grid ... ok
test layout::grid::tests::test_css_generation ... ok
test layout::grid::tests::test_flexible_sizing ... ok
test layout::grid::tests::test_responsive_by_default ... ok
test layout::manager::tests::test_compute_layout ... ok
test layout::manager::tests::test_generate_paint_ops ... ok
test layout::manager::tests::test_layout_manager_creation ... ok
test layout::manager::tests::test_insert_root_node ... ok
test layout::manager::tests::test_remove_node ... ok
test layout::manager::tests::test_update_node ... ok
test layout::paint_tree::tests::test_empty_node_spec ... ok
test layout::paint_tree::tests::test_layout_and_paint_constrained ... ok
test layout::paint_tree::tests::test_layout_and_paint_simple ... ok
test layout::paint_tree::tests::test_layout_and_paint_with_options ... ok
test layout::paint_tree::tests::test_layout_with_overflow_hidden ... ok
test layout::paint_tree::tests::test_layout_with_z_index ... ok
test layout::paint_tree::tests::test_node_spec_creation ... ok
test layout::paint_tree::tests::test_layout_with_nested_children ... ok
test layout::paint_tree::tests::test_node_spec_with_children ... ok
test layout::paint_tree::tests::test_padding_creation ... ok
test layout::paint_tree::tests::test_padding_default ... ok
test layout::paint_tree::tests::test_paint_options_debug ... ok
test layout::paint_tree::tests::test_paint_options_default ... ok
test layout::renderer::tests::test_area_to_node_spec ... ok
test layout::renderer::tests::test_grid_to_node_spec ... ok
test layout::renderer::tests::test_layered_demo ... ok
test layout::style::tests::test_align_items_enum ... ok
test layout::style::tests::test_align_self_enum ... ok
test layout::style::tests::test_box_spacing_calculations ... ok
test layout::style::tests::test_box_spacing_edge_cases ... ok
test layout::style::tests::test_box_spacing_new ... ok
test layout::style::tests::test_box_spacing_symmetric ... ok
test layout::style::tests::test_box_spacing_uniform ... ok
test layout::style::tests::test_direction_enum ... ok
test layout::style::tests::test_grid_auto_flow_to_taffy ... ok
test layout::style::tests::test_justify_content_enum ... ok
test layout::style::tests::test_place_items_enum ... ok
test layout::style::tests::test_style_builder_chaining ... ok
test layout::style::tests::test_style_builder_default_values ... ok
test layout::style::tests::test_style_builder_direction ... ok
test layout::style::tests::test_style_builder_display ... ok
test layout::style::tests::test_style_builder_grid_auto_flow ... ok
test layout::style::tests::test_style_builder_grid_placement ... ok
test layout::style::tests::test_style_builder_grid_positioning ... ok
test layout::style::tests::test_style_builder_grid_setup ... ok
test layout::style::tests::test_style_builder_new ... ok
test layout::style::tests::test_style_builder_size_px ... ok
test layout::style::tests::test_text_decorations_creation ... ok
test layout::style::tests::test_text_decorations_default ... ok
test layout::style::tests::test_visual_style_creation ... ok
test layout::style::tests::test_visual_style_default ... ok
test layout::style::tests::test_visual_style_equality ... ok
test markdown::tests::test_basic_markdown_rendering ... ok
test markdown::tests::test_code_block_rendering ... ok
test layout::renderer::tests::test_render_grid ... ok
test markdown::tests::test_convenience_function ... ok
test markdown::tests::test_empty_markdown ... ok
test markdown::tests::test_list_rendering ... ok
test markdown::tests::test_gfm_extensions ... ok
test platform::capabilities::tests::test_capability_conversion ... ok
test platform::parser::tests::test_parse_alt_combinations ... ok
test platform::parser::tests::test_parse_ctrl_combinations ... ok
test platform::parser::tests::test_parse_empty_input ... ok
test platform::parser::tests::test_parse_mixed_input ... ok
test platform::parser::tests::test_parse_multiple_characters ... ok
test platform::parser::tests::test_parse_result ... ok
test platform::parser::tests::test_parse_single_character ... ok
test platform::parser::tests::test_parse_special_keys ... ok
test platform::parser::tests::test_parse_utf8_characters ... ok
test platform::parser::tests::test_parser_creation ... ok
test platform::parser::tests::test_parser_state_enum ... ok
test platform::r#loop::tests::test_async_utils_timeout ... ok
test platform::r#loop::tests::test_event_queue_basic_operations ... ok
test platform::r#loop::tests::test_event_queue_capacity ... ok
test platform::r#loop::tests::test_threaded_event_loop_creation ... ok
test platform::r#loop::tests::test_tokio_event_loop_async_operations ... ok
test hooks::timer::tests::test_debounced_function ... ok
test platform::tests::tty_tests::test_control_sequences ... ok
test platform::r#loop::tests::test_tokio_event_loop_creation ... ok
test platform::tests::tty_tests::test_escape_sequence_parser ... ok
test platform::tests::tty_tests::test_focus_events ... ok
test platform::tests::tty_tests::test_kitty_image_sequence ... ok
test platform::tests::tty_tests::test_modifiers_parsing ... ok
test platform::tests::tty_tests::test_osc_parsing ... ok
test platform::tests::tty_tests::test_parser_state_machine ... ok
test platform::tests::tty_tests::test_special_keys ... ok
test platform::tests::tty_tests::test_unix_tty_basic ... ok
test platform::unicode::tests::test_char_width ... ok
test platform::unicode::tests::test_grapheme_cache ... ok
test platform::unicode::tests::test_unicode_handler ... ok
test platform::unix::tests::test_tty_init ... ok
test platform::unix::tests::test_write_read ... ok
test reactive::effect::tests::test_effect_batch ... ok
test reactive::effect::tests::test_effect_cleanup ... ok
test reactive::effect::tests::test_effect_dependencies ... ok
test reactive::effect::tests::test_effect_runs ... ok
test reactive::hooks::tests::test_thread_safe_signal ... ok
test reactive::runtime::tests::test_global_runtime ... ok
test reactive::runtime::tests::test_runtime_basic ... ok
test reactive::runtime::tests::test_runtime_batch ... ok
test reactive::runtime::tests::test_runtime_context ... ok
test reactive::scheduler::tests::test_schedule_interval ... ok
test reactive::hooks::tests::test_thread_safe_context ... ok
test reactive::scheduler::tests::test_schedule_update ... ok
test reactive::scheduler::tests::timer_can_cancel_itself_and_schedule_more_work ... ok
test reactive::signal::tests::test_memo_basic ... ok
test reactive::signal::tests::test_signal_basic ... ok
test reactive::signal::tests::test_signal_split ... ok
test reactive::signal::tests::test_signal_update ... ok
test reactive::scheduler::tests::test_schedule_timeout ... ok
test reactive::wake::tests::notifications_racing_wait_registration_are_not_lost ... ok
test reactive::wake::tests::signal_subscriptions_are_scoped_weak_and_ignore_equal_values ... ok
test render::optimize::tests::test_dirty_region_manager ... ok
test render::optimize::tests::test_dirty_region_merge ... ok
test render::optimize::tests::test_incremental_renderer ... ok
test render::optimize::tests::test_render_cache ... ok
test render::reconcile::tests::test_apply_patches ... ok
test render::reconcile::tests::test_count_nodes ... ok
test render::reconcile::tests::test_diff_both_empty ... ok
test render::reconcile::tests::test_diff_children_addition ... ok
test render::reconcile::tests::test_diff_children_removal ... ok
test render::reconcile::tests::test_diff_different_trees ... ok
test render::reconcile::tests::test_diff_empty_to_non_empty ... ok
test render::reconcile::tests::test_diff_identical_trees ... ok
test render::reconcile::tests::test_diff_node_replacement ... ok
test render::reconcile::tests::test_diff_node_update ... ok
test render::reconcile::tests::test_diff_non_empty_to_empty ... ok
test render::reconcile::tests::test_diff_with_children ... ok
test render::reconcile::tests::test_reconciler_stats ... ok
test render::scheduler::tests::test_cancel_task ... ok
test render::scheduler::tests::test_frame_budget ... ok
test render::scheduler::tests::test_priority_ordering ... ok
test render::tree::tests::test_element_node ... ok
test render::tree::tests::test_find_node_by_key ... ok
test render::tree::tests::test_fragment_node ... ok
test render::tree::tests::test_node_key ... ok
test render::tree::tests::test_render_tree ... ok
test syntax::cache::tests::test_cache_basic ... ok
test syntax::cache::tests::test_cache_eviction ... ok
test syntax::cache::tests::test_cache_invalidation ... ok
test syntax::cache::tests::test_cache_stats ... ok
test hooks::animation::tests::test_animation_runs ... ok
test syntax::highlighter::tests::test_incremental_highlighting ... ok
test syntax::highlighter::tests::test_rust_highlighting ... ok
test syntax::highlighter::tests::test_extension_detection ... ok
test syntax::resources::tests::test_find_syntax ... ok
test reactive::wake::tests::requests_coalesce_and_survive_entry_to_wait ... ok
test syntax::theme::tests::test_create_syntax_theme ... ok
test syntax::theme::tests::test_hex_to_rgba ... ok
test syntax::theme::tests::test_scope_to_css_variable ... ok
test syntax::theme::tests::test_themed_syntax_style ... ok
test terminal::ansi::tests::test_color_sequences ... ok
test terminal::ansi::tests::test_cursor_movement ... ok
test terminal::ansi::tests::test_cursor_position ... ok
test terminal::ansi::tests::test_hyperlink ... ok
test terminal::ansi::tests::test_title_sequence ... ok
test terminal::cell::tests::test_cell_clear ... ok
test terminal::cell::tests::test_cell_creation ... ok
test terminal::cell::tests::test_cell_wide_char ... ok
test terminal::cell::tests::test_cell_with_char ... ok
test terminal::cell::tests::test_char_width ... ok
test terminal::cursor::tests::test_cursor_advance ... ok
test terminal::cursor::tests::test_cursor_creation ... ok
test terminal::cursor::tests::test_cursor_movement ... ok
test terminal::cursor::tests::test_cursor_save_restore ... ok
test terminal::parser::tests::test_parse_control_characters ... ok
test terminal::parser::tests::test_parse_csi_sequence ... ok
test terminal::parser::tests::test_parse_osc_sequence ... ok
test terminal::parser::tests::test_parse_simple_text ... ok
test terminal::parser::tests::test_parser_creation ... ok
test terminal::parser::tests::test_utf8_decoder_buffer_overflow_protection ... ok
test terminal::parser::tests::test_utf8_decoder_valid_sequence_recovery ... ok
test terminal::pty::tests::test_pty_creation ... ok
test terminal::pty::tests::test_pty_resize ... ok
test terminal::terminal_impl::tests::test_key_sequences ... ok
test terminal::terminal_impl::tests::test_terminal_creation ... ok
test terminal::terminal_impl::tests::test_terminal_invalid_resize ... ok
test syntax::resources::tests::test_default_resources ... ok
test terminal::tests::test_scrolling_region ... ok
test terminal::tests::test_terminal_config_default ... ok
test terminal::tests::test_terminal_style ... ok
test theme::ansi::tests::test_hex_to_rgb ... ok
test theme::ansi::tests::test_rgb_to_ansi16 ... ok
test theme::ansi::tests::test_rgb_to_ansi256 ... ok
test terminal::terminal_impl::tests::test_terminal_resize ... ok
test theme::colors::tests::test_all_color_families ... ok
test theme::colors::tests::test_color_case_sensitivity ... ok
test theme::colors::tests::test_color_constants ... ok
test theme::colors::tests::test_color_progression ... ok
test theme::colors::tests::test_color_rgb_ranges ... ok
test theme::colors::tests::test_color_uniqueness ... ok
test theme::colors::tests::test_extreme_shades ... ok
test theme::colors::tests::test_get_color_function ... ok
test theme::colors::tests::test_get_color_invalid ... ok
test theme::colors::tests::test_standard_shades ... ok
test vdom::bridge::tests::element_with_class_converts ... ok
test vdom::bridge::tests::keys_are_preserved ... ok
test vdom::bridge::tests::roundtrip_to_nodespec_keeps_class_and_children ... ok
test vdom::bridge::tests::text_node_converts ... ok
test vdom::diff::tests::test_diff_identical_nodes ... ok
test vdom::diff::tests::test_diff_element_attributes ... ok
test vdom::diff::tests::test_diff_node_replacement ... ok
test vdom::diff::tests::test_diff_text_change ... ok
test vdom::menu::tests::test_context_menu_creation ... ok
test vdom::diff::tests::test_diff_with_keys ... ok
test vdom::menu::tests::test_menubar_creation ... ok
test vdom::menu::tests::test_popup_menu_creation ... ok
test vdom::node::tests::test_component_node ... ok
test vdom::node::tests::test_fragment_node ... ok
test vdom::node::tests::test_h_macro ... ok
test vdom::node::tests::test_vnode_creation ... ok
test vdom::node::tests::test_vnode_key ... ok
test vdom::patch::tests::test_patch_applier ... ok
test vdom::patch::tests::test_patch_list ... ok
test widgets::dialog::dialog_types::tests::test_dialog_builder_autocomplete ... ok
test widgets::dialog::dialog_types::tests::test_dialog_builder_confirm ... ok
test widgets::dialog::dialog_types::tests::test_dialog_builder_error ... ok
test widgets::dialog::dialog_types::tests::test_dialog_builder_info ... ok
test widgets::dialog::dialog_types::tests::test_dialog_builder_input ... ok
test widgets::dialog::dialog_types::tests::test_dialog_builder_ok_cancel ... ok
test widgets::dialog::dialog_types::tests::test_dialog_builder_password ... ok
test widgets::dialog::dialog_types::tests::test_dialog_builder_warning ... ok
test widgets::dialog::dialog_types::tests::test_dialog_utils_build_css_classes ... ok
test widgets::dialog::dialog_types::tests::test_dialog_utils_calculate_size ... ok
test widgets::dialog::dialog_types::tests::test_dialog_utils_parse_shortcut ... ok
test widgets::dialog::dialog_types::tests::test_dialog_utils_validate_config_empty_message ... ok
test widgets::dialog::dialog_types::tests::test_dialog_utils_validate_config_empty_title ... ok
test widgets::dialog::dialog_types::tests::test_dialog_utils_validate_config_message_too_long ... ok
test widgets::dialog::dialog_types::tests::test_dialog_utils_validate_config_title_too_long ... ok
test widgets::dialog::dialog_types::tests::test_dialog_utils_validate_config_valid ... ok
test widgets::dialog::dialog_types::tests::test_dialog_utils_generate_id ... ok
test widgets::display::image::external_renderer::tests::test_get_display_constraints_with_size ... ok
test widgets::display::image::external_renderer::tests::test_write_temp_file ... ok
test widgets::display::image::image_processor::tests::test_ascii_config_default ... ok
test widgets::display::image::image_processor::tests::test_floyd_steinberg_dithering ... ok
test widgets::display::image::image_processor::tests::test_rgb_to_grayscale_conversion ... ok
test widgets::display::image::protocol_renderer::tests::test_calculate_display_size_preserve_aspect ... ok
test widgets::display::image::protocol_renderer::tests::test_generate_image_id ... ok
test widgets::display::image::protocol_renderer::tests::test_process_raw_bytes_rgb_to_rgba ... ok
test widgets::display::image::sixel_renderer::tests::test_calculate_display_size_no_upscale ... ok
test widgets::display::image::sixel_renderer::tests::test_calculate_display_size_preserve_aspect ... ok
test widgets::display::image::sixel_renderer::tests::test_ensure_rgb888_validation ... ok
test widgets::display::modal::tests::test_animation_update ... ok
test widgets::display::modal::tests::test_builder_methods ... ok
test widgets::display::modal::tests::test_button_constructors ... ok
test widgets::display::modal::tests::test_button_handling ... ok
test widgets::display::modal::tests::test_component_update ... ok
test widgets::display::modal::tests::test_dimension_calculation ... ok
test widgets::display::modal::tests::test_escape_key_handling ... ok
test widgets::display::modal::tests::test_keyboard_navigation ... ok
test widgets::display::modal::tests::test_modal_creation ... ok
test widgets::display::modal::tests::test_modal_visibility ... ok
test widgets::display::modal::tests::test_position_calculation ... ok
test widgets::display::image::external_renderer::tests::test_get_display_constraints_default ... ok
test widgets::display::popover::tests::test_animation_easing ... ok
test widgets::display::popover::tests::test_arrow_position_calculation ... ok
test widgets::display::popover::tests::test_arrow_styles ... ok
test widgets::display::popover::tests::test_boundary_adjustment_flip ... ok
test widgets::display::popover::tests::test_boundary_adjustment_shift ... ok
test widgets::display::popover::tests::test_click_outside_closes ... ok
test widgets::display::popover::tests::test_component_update ... ok
test widgets::display::popover::tests::test_keyboard_navigation ... ok
test widgets::display::popover::tests::test_comprehensive_builder_pattern ... ok
test widgets::display::popover::tests::test_point_in_rect ... ok
test widgets::display::popover::tests::test_manual_visibility_control ... ok
test widgets::display::popover::tests::test_popover_creation ... ok
test widgets::display::popover::tests::test_popover_builder ... ok
test widgets::display::popover::tests::test_popover_position_calculation ... ok
test widgets::display::popover::tests::test_position_opposite ... ok
test widgets::display::popover::tests::test_render_empty_when_invisible ... ok
test widgets::display::popover::tests::test_render_with_content ... ok
test widgets::display::popover::tests::test_size_constraints ... ok
test widgets::display::popover::tests::test_trigger_rect_setting ... ok
test widgets::display::progress_bar::tests::test_animation_update ... ok
test widgets::display::progress_bar::tests::test_bar_creation ... ok
test widgets::display::progress_bar::tests::test_builder_methods ... ok
test widgets::display::progress_bar::tests::test_completion_detection ... ok
test widgets::display::progress_bar::tests::test_component_update ... ok
test widgets::display::progress_bar::tests::test_event_handling ... ok
test widgets::display::progress_bar::tests::test_indeterminate_bar ... ok
test widgets::display::progress_bar::tests::test_percentage_calculation ... ok
test widgets::display::progress_bar::tests::test_progress_bar_creation ... ok
test widgets::display::progress_bar::tests::test_segmented_bar ... ok
test widgets::display::progress_bar::tests::test_text_formatting ... ok
test widgets::display::table::tests::test_column_width_calculation ... ok
test widgets::display::table::tests::test_component_update ... ok
test widgets::display::table::tests::test_event_handling ... ok
test widgets::display::table::tests::test_keyboard_navigation ... ok
test widgets::display::table::tests::test_row_selection ... ok
test widgets::display::table::tests::test_scrolling ... ok
test widgets::display::table::tests::test_table_builder ... ok
test widgets::display::table::tests::test_sorting ... ok
test widgets::display::tree::tests::test_checkbox_functionality ... ok
test widgets::display::table::tests::test_table_creation ... ok
test widgets::display::tree::tests::test_component_update ... ok
test widgets::display::tree::tests::test_event_handling ... ok
test widgets::display::tree::tests::test_keyboard_navigation ... ok
test widgets::display::tree::tests::test_node_expansion ... ok
test widgets::display::tree::tests::test_node_finding ... ok
test widgets::display::tree::tests::test_node_selection ... ok
test widgets::display::tree::tests::test_scrolling ... ok
test widgets::display::tree::tests::test_tree_builder ... ok
test widgets::display::tree::tests::test_search_functionality ... ok
test widgets::display::tree::tests::test_tree_flattening ... ok
test widgets::display::tree::tests::test_tree_creation ... ok
test widgets::input::checkbox::tests::test_checkbox_disabled ... ok
test widgets::input::checkbox::tests::test_checkbox_indeterminate ... ok
test widgets::input::checkbox::tests::test_checkbox_mouse_click ... ok
test widgets::input::checkbox::tests::test_checkbox_toggle ... ok
test widgets::input::radio_button::tests::test_radio_selection ... ok
test widgets::input::radio_button::tests::test_radio_navigation ... ok
test widgets::input::slider::tests::test_slider_disabled ... ok
test widgets::input::slider::tests::test_slider_keyboard_control ... ok
test widgets::input::slider::tests::test_slider_value_clamping ... ok
test widgets::input::text_input::tests::test_text_input_basic ... ok
test widgets::input::text_input::tests::test_text_input_masking ... ok
test widgets::input::text_input::tests::test_text_input_max_length ... ok
test widgets::input::text_input::tests::test_text_input_selection ... ok
test widgets::input::text_input::tests::test_text_input_validation ... ok
test widgets::layout::scroll_view::tests::test_scroll_view_basic ... ok
test widgets::layout::scroll_view::tests::test_scroll_view_scrolling ... ok
test widgets::layout::stack::tests::test_stack_alignment ... ok
test widgets::layout::stack::tests::test_stack_justify_space_between ... ok
test widgets::layout::stack::tests::test_stack_padding ... ok
test widgets::layout::stack::tests::test_stack_horizontal_layout ... ok
test widgets::layout::stack::tests::test_stack_reverse ... ok
test widgets::layout::tabs::tests::test_tabs_basic_functionality ... ok
test widgets::layout::tabs::tests::test_tabs_closable ... ok
test widgets::layout::stack::tests::test_stack_vertical_layout ... ok
test widgets::layout::tabs::tests::test_tabs_disabled_navigation ... ok
test widgets::layout::tabs::tests::test_tabs_keyboard_activation_modes ... ok
test widgets::layout::tabs::tests::test_tabs_quick_access ... ok
test widgets::layout::tabs::tests::test_tabs_render_with_variants ... ok
test widgets::layout::tabs::tests::test_tabs_with_badges ... ok
test widgets::menu::style::tests::test_menu_style_builder ... ok
test widgets::menu::style::tests::test_menu_style_default ... ok
test widgets::menu::style::tests::test_menu_theme_to_style ... ok
test widgets::menu::style::tests::test_apply_styles ... ok
test widgets::terminal::tests::test_key_event_to_bytes_characters ... ok
test widgets::terminal::tests::test_key_event_to_bytes_arrow_keys ... ok
test widgets::terminal::tests::test_key_event_to_bytes_ctrl_combinations ... ok
test widgets::terminal::tests::test_key_event_to_bytes_function_keys ... ok
test widgets::terminal::tests::test_key_event_to_bytes_navigation_keys ... ok
test widgets::terminal::tests::test_key_event_to_bytes_special_keys ... ok
test syntax::resources::tests::test_theme_management ... ok
test widgets::terminal::tests::test_terminal_props_creation ... ok
test widgets::terminal::tests::test_terminal_props_default ... ok
test widgets::terminal::tests::test_terminal_start_stop_integration ... ignored
test widgets::terminal::tests::test_key_event_to_bytes_unsupported_keys ... ok
test widgets::terminal::tests::test_terminal_config_integration ... ok
test widgets::terminal::tests::test_terminal_state_default ... ok
test widgets::terminal::tests::test_terminal_widget_creation ... ok
test hooks::timer::tests::test_throttled_function ... ok
test widgets::terminal::tests::test_terminal_widget_focus ... ok
test widgets::terminal::tests::test_terminal_widget_running_state ... ok
test widgets::terminal::tests::test_terminal_widget_send_input ... ok
test widgets::terminal::tests::test_terminal_widget_resize ... ok
test widgets::terminal::tests::test_terminal_widget_scroll ... ok
test widgets::terminal::tests::test_terminal_widget_with_custom_props ... ok
test widgets::terminal::tests::test_terminal_widget_send_string ... ok
test hooks::animation::tests::test_spring_physics ... ok
test platform::r#loop::tests::test_async_utils_batch_collection ... ok
test hooks::clipboard::tests::test_use_clipboard has been running for over 60 seconds
test hooks::clipboard::tests::test_use_simple_clipboard has been running for over 60 seconds
