   Compiling reactive-tui v0.0.7 (/home/shawn/workspace2/reactive-tui)
    Finished `test` profile [unoptimized + debuginfo] target(s) in 10.78s
     Running unittests src/lib.rs (target/debug/deps/reactive_tui-3964df08ee016e91)

running 773 tests
test animation::api::tests::test_property_value_conversion ... ok
test animation::api::tests::test_stagger_delay ... ok
test animation::api::tests::test_timeline_position_parsing ... ok
test animation::easing::tests::test_ease_value ... ok
test animation::easing::tests::test_ease_in_out ... ok
test animation::easing::tests::test_linear_easing ... ok
test animation::easing::tests::test_steps_easing ... ok
test animation::api::tests::test_convenience_functions ... ok
test animation::api::tests::test_animate_function ... ok
test animation::api::tests::test_complex_animation ... ok
test animation::api::tests::test_spring_animation ... ok
test animation::keyframes::tests::test_keyframe_creation ... ok
test animation::api::tests::test_timeline_creation ... ok
test animation::lock_free::tests::test_lock_free_animation_state ... ok
test animation::performance::tests::test_animation_batch_creation ... ok
test animation::keyframes::tests::test_sequence_validation ... ok
test animation::keyframes::tests::test_bounce_in_sequence ... ok
test animation::performance::tests::test_cache_stats ... ok
test animation::keyframes::tests::test_keyframe_value_interpolation ... ok
test animation::performance::tests::test_interpolate_animated_values ... ok
test animation::performance::tests::test_interpolation_cache ... ok
test animation::performance::tests::test_performance_metrics ... ok
test animation::spring::tests::test_edge_cases ... ok
test animation::spring::tests::test_preset_springs ... ok
test animation::spring::tests::test_spring_duration_estimation ... ok
test animation::spring::tests::test_spring_config_creation ... ok
test animation::spring::tests::test_damping_ratios ... ok
test animation::spring::tests::test_spring_easing_function ... ok
test animation::keyframes::tests::test_complex_multi_property_sequence ... ok
test animation::performance::tests::test_optimized_animation_manager ... ok
test animation::spring::tests::test_spring_position_calculation ... ok
test animation::spring::tests::test_spring_velocity_calculation ... ok
test animation::spring::tests::test_spring_settling ... ok
test animation::api::tests::test_animation_targets ... ok
test animation::keyframes::tests::test_keyframe_sequence_sampling ... ok
test animation::tests::test_animated_property_rotation ... ok
test animation::tests::test_animated_property_color ... ok
test animation::tests::test_animated_property_position ... ok
test animation::tests::test_animated_property_opacity ... ok
test animation::tests::test_animated_property_scale ... ok
test animation::tests::test_animation_spring_creation ... ok
test animation::tests::test_easing_function_ease_in ... ok
test animation::tests::test_animated_property_size ... ok
test animation::tests::test_easing_function_ease_in_out ... ok
test animation::tests::test_animation_creation ... ok
test animation::tests::test_easing_function_ease_out ... ok
test animation::tests::test_easing_function_linear ... ok
test animation::tests::test_easing_function_steps ... ok
test animation::tests::test_easing_function_steps_jump_start ... ok
test animation::tests::test_spring_config ... ok
test animation::tests::test_spring_presets ... ok
test animation::lock_free::tests::test_concurrent_updates ... ok
test animation::tests::test_step_easing_boundaries ... ok
test animation::tests::test_easing_function_linear_points ... ok
test app::motion::tests::property_sets_keep_names_offsets_and_easing ... ok
test app::motion::tests::static_and_zero_duration_borders_do_not_start_a_clock ... ok
test app::motion::tests::incompatible_css_units_keep_endpoints_and_unknown_styles_report_errors ... ok
test app::tests::test_animation_integration ... ok
test app::tests::test_app_builder ... ok
test app::tests::test_app_size ... ok
test app::tests::test_event_processing_integration ... ok
test builder::test_specialized::tests::test_builder_from_trait ... ok
test builder::test_specialized::tests::test_confirmation_dialog_builder ... ok
test builder::test_specialized::tests::test_dialog_builder ... ok
test builder::test_specialized::tests::test_image_builder ... ok
test app::motion::tests::style_snapshots_reject_nonfinite_layout_and_paint_numbers ... ok
test builder::test_specialized::tests::test_progress_dialog_builder ... ok
test builder::test_specialized::tests::test_radio_button_builder ... ok
test app::motion::tests::keyed_reorder_preserves_animation_phase ... ok
test builder::test_specialized::tests::test_scroll_view_builder ... ok
test builder::test_specialized::tests::test_slider_builder ... ok
test app::motion::tests::removing_a_node_drops_its_clock_and_readding_starts_again ... ok
test builder::test_specialized::tests::test_stack_builder ... ok
test builder::test_specialized::tests::test_tree_builder ... ok
test builder::test_specialized::tests::test_wizard_builder ... ok
test app::motion::tests::equal_keys_in_separate_apps_have_independent_clocks ... ok
test app::motion::tests::interrupted_transition_uses_old_curve_then_new_duration ... ok
test app::motion::tests::rainbow_clock_is_keyed_owned_and_removed ... ok
test builder::widgets::accordion::tests::test_faq_accordion ... ok
test builder::widgets::accordion::tests::test_navigation_accordion ... ok
test builder::widgets::accordion::tests::test_accordion_builder ... ok
test builder::widgets::accordion::tests::test_settings_accordion ... ok
test builder::widgets::accordion::tests::test_simple_accordion ... ok
test app::motion::tests::color_transition_has_exact_midpoint_and_stops ... ok
test builder::widgets::breadcrumb::tests::test_website_breadcrumb ... ok
test builder::widgets::breadcrumb::tests::test_filesystem_breadcrumb ... ok
test builder::widgets::breadcrumb::tests::test_breadcrumb_builder ... ok
test builder::widgets::breadcrumb::tests::test_simple_breadcrumb ... ok
test builder::widgets::file_explorer::tests::test_code_project_explorer ... ok
test builder::widgets::file_explorer::tests::test_compact_file_picker ... ok
test builder::widgets::file_explorer::tests::test_current_directory_explorer ... ok
test builder::widgets::file_explorer::tests::test_document_browser ... ok
test builder::widgets::file_explorer::tests::test_file_explorer_builder ... ok
test builder::widgets::file_explorer::tests::test_filtered_file_explorer ... ok
test builder::widgets::file_explorer::tests::test_media_gallery_explorer ... ok
test builder::widgets::file_explorer::tests::test_simple_file_browser ... ok
test component::change::tests::test_change_apply ... ok
test component::change::tests::test_change_batch_optimization ... ok
test component::change::tests::test_clear_optimization ... ok
test builder::widgets::breadcrumb::tests::test_path_breadcrumb ... ok
test component::element::tests::test_component_props_equality ... ok
test builder::widgets::breadcrumb::tests::test_url_breadcrumb ... ok
test builder::widgets::breadcrumb::tests::test_title_case ... ok
test component::element::tests::test_element_builder_pattern ... ok
test component::element::tests::test_element_convenience_methods ... ok
test component::element::tests::test_element_creation ... ok
test component::element::tests::test_element_debug ... ok
test component::element::tests::test_element_equality ... ok
test component::element::tests::test_element_with_children ... ok
test component::element::tests::test_element_with_props ... ok
test component::element::tests::test_layout_types ... ok
test component::element::tests::test_props_with_builder ... ok
test component::lifecycle::tests::test_is_mounted_states ... ok
test component::lifecycle::tests::test_lifecycle_creation ... ok
test component::lifecycle::tests::test_lifecycle_default ... ok
test component::lifecycle::tests::test_lifecycle_events ... ok
test component::lifecycle::tests::test_lifecycle_phases ... ok
test component::lifecycle::tests::test_mount_lifecycle ... ok
test component::lifecycle::tests::test_multiple_mount_cycles ... ok
test component::lifecycle::tests::test_multiple_updates ... ok
test component::lifecycle::tests::test_unmount_lifecycle ... ok
test component::lifecycle::tests::test_update_during_mounting ... ok
test component::lifecycle::tests::test_update_lifecycle ... ok
test component::props::tests::test_common_props ... ok
test component::props::tests::test_common_props_equality ... ok
test component::props::tests::test_custom_props_trait ... ok
test component::props::tests::test_empty_props ... ok
test component::props::tests::test_props_send_sync ... ok
test component::props::tests::test_props_type_erasure ... ok
test component::props::tests::test_props_with_children ... ok
test component::state_flags::tests::test_default_flags ... ok
test component::state_flags::tests::test_flag_operations ... ok
test component::state_flags::tests::test_state_flagged_trait ... ok
test component::state_flags::tests::test_state_methods ... ok
test core::capabilities::tests::test_color_depth_supports ... ok
test core::capabilities::tests::test_env_fallback_colorterm ... ok
test core::capabilities::tests::test_env_fallback_term_program ... ok
test core::capabilities::tests::test_parse_da1_with_sixel ... ok
test core::capabilities::tests::test_parse_kitty_graphics ... ok
test core::capabilities::tests::test_parse_unicode_enabled ... ok
test core::geometry::tests::test_point ... ok
test core::geometry::tests::test_rect ... ok
test core::geometry::tests::test_rect_from_points ... ok
test core::geometry::tests::test_size ... ok
test core::grapheme_cell::tests::test_combining_marks ... ok
test component::registry::tests::test_registry ... ok
test core::grapheme_cell::tests::test_grapheme_cluster_ascii ... ok
test core::grapheme_cell::tests::test_grapheme_cluster_cjk ... ok
test core::grapheme_cell::tests::test_grapheme_cluster_emoji ... ok
test core::grapheme_cell::tests::test_row_spans ... ok
test core::grapheme_cell::tests::test_row_spans_adjacent ... ok
test core::grapheme_cell::tests::test_surface_write_mixed_width ... ok
test core::render_ops::tests::test_print_styled ... ok
test core::render_ops::tests::test_render_ops_builder ... ok
test core::render_ops::tests::test_style_deduplication ... ok
[?25h[?25h[?25h[?1006l[?1015l[?1003l[?1002l[?1000ltest core::grapheme_cell::tests::test_cjk_characters_comprehensive ... ok
[?1006l[?1015l[?1003l[?1002l[?1000l[?1006l[?1015l[?1003l[?1002l[?1000ltest core::renderer::tests::test_clear_surface ... ok
[?25h[?1006l[?1015l[?1003l[?1002l[?1000ltest core::renderer::tests::test_debug_overlay_toggle ... ok
test core::renderer::tests::test_detailed_stats_toggle ... ok
[?25h[?1006l[?1015l[?1003l[?1002l[?1000ltest core::renderer::tests::test_frame_stats_initialization ... ok
[?25h[?1006l[?1015l[?1003l[?1002l[?1000ltest core::renderer::tests::test_memory_estimation ... ok
[?25h[?1006l[?1015l[?1003l[?1002l[?1000ltest core::renderer::tests::test_performance_grade ... ok
[?25h[?1006l[?1015l[?1003l[?1002l[?1000ltest core::renderer::tests::test_performance_metrics ... ok
test core::renderer::tests::test_renderer_creation ... ok
[?25h[?1006l[?1015l[?1003l[?1002l[?1000ltest core::renderer::tests::test_renderer_invalid_dimensions ... ok
[?25h[?1006l[?1015l[?1003l[?1002l[?1000ltest core::grapheme_cell::tests::test_mixed_width_text_comprehensive ... ok
[?25h[?1006l[?1015l[?1003l[?1002l[?1000ltest core::renderer::tests::test_renderer_resize ... ok
[?25h[?1006l[?1015l[?1003l[?1002l[?1000l[?25h[?1006l[?1015l[?1003l[?1002l[?1000ltest core::renderer::tests::test_renderer_resize_to ... ok
test core::grapheme_cell::tests::test_emoji_comprehensive ... ok
test core::renderer::tests::test_renderer_with_size ... ok
test core::renderer::tests::test_stats_management ... ok
test core::renderer::tests::test_surface_access ... ok
test core::span_diff::tests::test_span_diff_no_change ... ok
test core::styled_text::tests::test_builder ... ok
test core::span_diff::tests::test_style_coalescing ... ok
test core::span_diff::tests::test_span_diff_single_change ... ok
test core::span_diff::tests::test_span_diff_with_stats ... ok
test core::styled_text::tests::test_styled_line_merging ... ok
test core::styled_text::tests::test_styled_line_no_merging ... ok
test core::styled_text::tests::test_styled_run_width ... ok
test core::styled_text::tests::test_to_render_ops ... ok
test core::render_stats::tests::test_stats_collector_basic ... ok
test core::render_stats::tests::test_fps_calculation ... ok
test core::surface::tests::diffwriter_counts_increase_on_changes ... ok
test core::surface::tests::test_border_chars ... ok
test core::surface::tests::test_cell_image_placement ... ok
test core::surface::tests::test_clear_all_image_placements ... ok
test core::surface::tests::test_enhanced_surface_features ... ok
test core::surface::tests::test_surface_copy_preserves_images ... ok
test core::surface::tests::test_text_style ... ok
[?25htest core::surface::tests::surface_reinit_reuses_capacity ... [?1006l[?1015l[?1003l[?1002l[?1000lok
test core::surface::tests::test_surface_image_operations ... ok
test core::terminal::tests::test_terminal_creation ... ok
test core::surface::tests::test_image_region_placement ... ok
test core::window::tests::test_child_window_constraints ... ok
test core::window::tests::test_child_window_expand ... ok
test core::window::tests::test_child_window_overflow_constraint ... ok
test core::window::tests::test_border_rendering ... ok
test core::window::tests::test_nested_windows ... ok
test core::window::tests::test_mouse_event_handling ... ok
test core::window::tests::test_scrolling ... ok
test core::window::tests::test_text_printing ... ok
test core::window::tests::test_text_wrapping ... ok
test core::surface::tests::test_image_registry_basic_operations ... ok
test core::window::tests::test_window_creation ... ok
test core::writer::tests::test_move_to ... ok
test core::writer::tests::test_color_output ... ok
test core::writer::tests::test_print_run ... ok
test core::writer::tests::test_synchronized_output ... ok
test core::writer::tests::test_text_attributes ... ok
test display::adaptive::tests::test_adaptive_fps_manager_creation ... ok
test display::adaptive::tests::test_frame_duration_calculation ... ok
test core::window::tests::test_cursor_management ... ok
test display::adaptive::tests::test_terminal_detection ... ok
test display::adaptive::tests::test_performance_mode_switching ... ok
test editor::gap_buffer::tests::test_delete_char ... ok
test editor::cursor::tests::test_cursor_selection ... ok
test editor::gap_buffer::tests::test_cursor_movement_efficiency ... ok
test editor::cursor::tests::test_cursor_basic_movement ... ok
test editor::cursor::tests::test_cursor_vertical_movement ... ok
test editor::cursor::tests::test_cursor_word_movement ... ok
test editor::gap_buffer::tests::test_delete_range ... ok
test editor::gap_buffer::tests::test_from_string ... ok
test editor::gap_buffer::tests::test_insert_char ... ok
test editor::gap_buffer::tests::test_insert_string ... ok
test editor::gap_buffer::tests::test_line_col_conversion ... ok
test editor::gap_buffer::tests::test_line_operations ... ok
test editor::gap_buffer::tests::test_new_buffer ... ok
test editor::text_editor::tests::test_editor_creation ... ok
test editor::text_editor::tests::test_editor_delete ... ok
test editor::text_editor::tests::test_editor_insert ... ok
test editor::text_editor::tests::test_editor_selection ... ok
test error::tests::test_error_creation ... ok
test error::tests::test_io_error_conversion ... ok
test error::tests::test_macros ... ok
test editor::gap_buffer::tests::test_large_insertions ... ok
test core::terminal::tests::test_image_capabilities_detection ... ok
test escape::parser::tests::test_basic_text ... ok
test core::terminal::tests::test_size_detection ... ok
test escape::parser::tests::test_osc_title ... ok
test event::focus::tests::test_focus_edge_cases ... ok
test event::focus::tests::test_focus_events ... ok
test event::focus::tests::test_focus_history ... ok
test event::focus::tests::test_focus_system_integration ... ok
test escape::parser::tests::test_sgr_colors ... ok
test escape::parser::tests::test_mixed_content ... ok
test event::focus::tests::test_tab_navigation ... ok
test event::focus::tests::test_spatial_navigation ... ok
test event::hit::tests::test_bounds_contains ... ok
test event::hit::tests::test_bounds_intersection ... ok
test event::hit::tests::test_hit_test ... ok
test event::hit::tests::test_query_bounds ... ok
test event::router::tests::test_event_consumption ... ok
test event::types::tests::test_complex_key_combinations ... ok
test event::types::tests::test_custom_event ... ok
test escape::parser::tests::test_csi_cursor_move ... ok
test event::types::tests::test_event_trait_implementations ... ok
test event::types::tests::test_focus_event ... ok
test event::types::tests::test_key_codes ... ok
test event::types::tests::test_key_event_builder ... ok
test event::types::tests::test_event_timestamps ... ok
test event::types::tests::test_key_event_creation ... ok
test event::types::tests::test_key_event_kinds ... ok
test event::types::tests::test_key_event_matches ... ok
test event::types::tests::test_key_event_matches_any ... ok
test event::types::tests::test_key_modifiers ... ok
test event::types::tests::test_mouse_buttons ... ok
test event::focus::tests::test_focus_traps ... ok
test event::types::tests::test_mouse_event_builder ... ok
test event::types::tests::test_mouse_event_creation ... ok
test event::types::tests::test_mouse_event_kinds ... ok
test event::types::tests::test_paste_event ... ok
test event::types::tests::test_position ... ok
test event::types::tests::test_position_conversions ... ok
test event::types::tests::test_resize_event ... ok
test event::types::tests::test_wheel_event ... ok
test event::types::tests::test_wheel_phases ... ok
test hooks::animation::tests::test_stagger_delays ... ok
test hooks::animation::tests::test_transition_detects_changes ... ok
test event::router::tests::test_event_routing ... ok
test hooks::clipboard::tests::test_clipboard_backend_detection ... ok
test hooks::clipboard::tests::test_clipboard_state_default ... ok
test hooks::clipboard::tests::test_use_simple_clipboard ... ok
test editor::syntax_editor::tests::test_syntax_editor_creation ... ok
test editor::syntax_editor::tests::test_cache_invalidation_on_edit ... ok
test hooks::clipboard_process::tests::sleeping_child_fixture ... ignored, child fixture invoked only by the process lifecycle tests
test hooks::fps::tests::test_fps_state_default ... ok
test hooks::fps::tests::test_frame_timing ... ok
test hooks::fps::tests::test_quality_level ... ok
test hooks::fps::tests::test_use_fps ... ok
test hooks::fps::tests::test_use_performance ... ok
test hooks::refs::tests::test_callback_ref ... ok
test hooks::refs::tests::test_forwarded_ref ... ok
test hooks::refs::tests::test_local_ref ... ok
test hooks::refs::tests::test_multi_ref ... ok
test hooks::refs::tests::test_ref_basic ... ok
test editor::syntax_editor::tests::test_syntax_editor_auto_detect ... ok
test hooks::refs::tests::test_use_local_ref ... ok
test hooks::refs::tests::test_ref_thread_safety ... ok
test hooks::refs::tests::test_use_ref ... ok
test hooks::timer::tests::dropping_standalone_hooks_releases_callback_even_with_a_retained_handle ... ok
test hooks::timer::tests::interval_callback_can_cancel_its_own_handle ... ok
test editor::syntax_editor::tests::test_syntax_editor_editing ... ok
test hooks::timer::tests::retained_debounce_cannot_schedule_after_owner_removal ... ok
test hooks::timer::tests::owned_interval_preserves_deadlines_and_refreshes_callbacks ... ok
test hooks::timer::tests::test_timer_handle ... ok
test hooks::timer::tests::timeout_completes_once_and_only_changed_duration_restarts_it ... ok
test layout::css::accessibility::tests::test_aria_utilities ... ok
test layout::css::accessibility::tests::test_role_utilities ... ok
test layout::css::accessibility::tests::test_tabindex_utilities ... ok
test layout::css::animations::tests::test_animation_presets ... ok
test layout::css::animations::tests::test_duration_utilities ... ok
test layout::css::animations::tests::test_easing_utilities ... ok
test layout::css::animations::tests::test_transform_utilities ... ok
test layout::css::animations::tests::test_transition_utilities ... ok
test layout::css::colors::tests::test_apply_accent_color ... ok
test layout::css::colors::tests::test_apply_bg_color ... ok
test layout::css::colors::tests::test_apply_border_color ... ok
test layout::css::colors::tests::test_apply_placeholder_color ... ok
test layout::css::colors::tests::test_apply_ring_color ... ok
test layout::css::colors::tests::test_apply_text_color ... ok
test layout::css::colors::tests::test_color_utilities_integration ... ok
test layout::css::containers::tests::test_aspect_ratio_utilities ... ok
test layout::css::containers::tests::test_centering_utilities ... ok
test layout::css::containers::tests::test_container_utilities ... ok
test layout::css::containers::tests::test_container_utilities_integration ... ok
test layout::css::containers::tests::test_custom_aspect_ratio_parsing ... ok
test layout::css::css_in_rust::tests::test_basic_css_macro ... ok
test layout::css::css_in_rust::tests::test_color_properties ... ok
test layout::css::css_in_rust::tests::test_convenience_macros ... ok
test layout::css::css_in_rust::tests::test_numeric_properties ... ok
test layout::css::css_in_rust::tests::test_spacing_properties ... ok
test layout::css::effects::tests::test_apply_backdrop ... ok
test layout::css::effects::tests::test_apply_border ... ok
test layout::css::effects::tests::test_apply_opacity ... ok
test layout::css::effects::tests::test_apply_rounded ... ok
test layout::css::effects::tests::test_apply_shadow ... ok
test layout::css::effects::tests::test_apply_z_index ... ok
test layout::css::focus::tests::test_accessibility_utilities ... ok
test layout::css::focus::tests::test_focus_ring_utilities ... ok
test layout::css::focus::tests::test_focus_variants ... ok
test layout::css::gradients::tests::test_gradient_interpolation ... ok
test layout::css::gradients::tests::test_gradient_rendering ... ok
test layout::css::gradients::tests::test_three_color_gradient ... ok
test layout::css::interactions::tests::test_cursor ... ok
test layout::css::interactions::tests::test_pointer_events ... ok
test layout::css::interactions::tests::test_user_select ... ok
test layout::css::layout::tests::test_align_items_utilities ... ok
test layout::css::layout::tests::test_display_utilities ... ok
test layout::css::layout::tests::test_flexbox_utilities ... ok
test layout::css::layout::tests::test_justify_content_utilities ... ok
test hooks::clipboard_process::tests::cancellation_kills_and_reaps_child ... ok
test layout::css::layout::tests::test_position_utilities ... ok
test layout::css::manager::tests::test_apply_css_animation ... ok
test layout::css::manager::tests::test_css_animation_manager_creation ... ok
test layout::css::manager::tests::test_global_functions ... ok
test layout::css::manager::tests::test_remove_component_animations ... ok
test layout::css::optimizer::tests::test_cache_hit ... ok
test layout::css::optimizer::tests::test_dynamic_spacing ... ok
test layout::css::optimizer::tests::test_delegation_to_existing ... ok
test layout::css::optimizer::tests::test_fast_parsing ... ok
test layout::css::parsers::tests::test_parse_font_weight ... ok
test layout::css::parsers::tests::test_parse_fraction ... ok
test layout::css::parsers::tests::test_parse_opacity ... ok
test layout::css::parsers::tests::test_parse_percentage ... ok
test layout::css::parsers::tests::test_parse_spacing ... ok
test layout::css::parsers::tests::test_parse_spacing_pixels ... ok
test layout::css::parsers::tests::test_parse_spacing_terminal ... ok
test layout::css::parsers::tests::test_parse_z_index ... ok
test layout::css::sizing::tests::test_height_utilities ... ok
test layout::css::sizing::tests::test_min_max_utilities ... ok
test layout::css::sizing::tests::test_sizing_utilities_integration ... ok
test layout::css::sizing::tests::test_width_utilities ... ok
test layout::css::spacing::tests::test_gap_utilities ... ok
test layout::css::spacing::tests::test_invalid_spacing ... ok
test layout::css::spacing::tests::test_margin_utilities ... ok
test layout::css::spacing::tests::test_padding_utilities ... ok
test layout::css::spacing::tests::test_spacing_utilities_integration ... ok
test layout::css::tests::test_apply_utility_classes_colors ... ok
test layout::css::tests::test_apply_utility_classes_empty ... ok
test layout::css::tests::test_apply_utility_classes_effects ... ok
test layout::css::tests::test_apply_utility_classes_invalid ... ok
test layout::css::tests::test_apply_utility_classes_mixed ... ok
test layout::css::tests::test_apply_utility_classes_multiple ... ok
test layout::css::tests::test_apply_utility_classes_overrides ... ok
test layout::css::tests::test_apply_utility_classes_single ... ok
test layout::css::tests::test_apply_utility_classes_sizing ... ok
test layout::css::tests::test_apply_utility_classes_spacing ... ok
test layout::css::tests::test_apply_utility_classes_typography ... ok
test layout::css::typography::tests::test_font_size_utilities ... ok
test layout::css::tests::test_apply_utility_classes_whitespace ... ok
test layout::css::typography::tests::test_font_weight_utilities ... ok
test layout::css::typography::tests::test_line_height_utilities ... ok
test layout::css::typography::tests::test_text_style_utilities ... ok
test layout::css::typography::tests::test_typography_utilities_integration ... ok
test layout::css::variants::tests::test_conditional_variants ... ok
test layout::css::variants::tests::test_group_variants ... ok
test layout::css::variants::tests::test_state_variants ... ok
test layout::css::visual_style::tests::test_absolute_positioning_ignored ... ok
test layout::css::variants::tests::test_responsive_variants ... ok
test layout::css::visual_style::tests::test_extract_bg_colors ... ok
test layout::css::visual_style::tests::test_extract_multiple_styles ... ok
test layout::css::visual_style::tests::test_extract_text_colors ... ok
test layout::grid::tests::test_auto_grid ... ok
test layout::grid::tests::test_css_generation ... ok
test layout::grid::tests::test_responsive_by_default ... ok
test layout::grid::tests::test_flexible_sizing ... ok
test layout::manager::tests::test_generate_paint_ops ... ok
test layout::manager::tests::test_insert_root_node ... ok
test hooks::clipboard::tests::test_use_clipboard ... ok
test layout::manager::tests::test_layout_manager_creation ... ok
test layout::manager::tests::test_remove_node ... ok
test layout::manager::tests::test_update_node ... ok
test layout::paint_tree::tests::test_empty_node_spec ... ok
test layout::manager::tests::test_compute_layout ... ok
test layout::paint_tree::tests::test_layout_and_paint_constrained ... ok
test layout::paint_tree::tests::test_layout_and_paint_with_options ... ok
test layout::paint_tree::tests::test_layout_and_paint_simple ... ok
test layout::paint_tree::tests::test_layout_with_overflow_hidden ... ok
test layout::paint_tree::tests::test_node_spec_creation ... ok
test layout::paint_tree::tests::test_node_spec_with_children ... ok
test layout::paint_tree::tests::test_layout_with_z_index ... ok
test layout::paint_tree::tests::test_layout_with_nested_children ... ok
test layout::paint_tree::tests::test_padding_creation ... ok
test layout::paint_tree::tests::test_padding_default ... ok
test layout::paint_tree::tests::test_paint_options_debug ... ok
test layout::paint_tree::tests::test_paint_options_default ... ok
test layout::renderer::tests::test_area_to_node_spec ... ok
test layout::renderer::tests::test_layered_demo ... ok
test layout::renderer::tests::test_grid_to_node_spec ... ok
test layout::style::tests::test_align_items_enum ... ok
test layout::style::tests::test_align_self_enum ... ok
test layout::style::tests::test_box_spacing_calculations ... ok
test layout::style::tests::test_box_spacing_edge_cases ... ok
test layout::style::tests::test_box_spacing_new ... ok
test layout::style::tests::test_box_spacing_symmetric ... ok
test layout::style::tests::test_box_spacing_uniform ... ok
test layout::style::tests::test_direction_enum ... ok
test layout::style::tests::test_grid_auto_flow_to_taffy ... ok
test layout::style::tests::test_justify_content_enum ... ok
test layout::style::tests::test_place_items_enum ... ok
test layout::style::tests::test_style_builder_chaining ... ok
test layout::style::tests::test_style_builder_default_values ... ok
test layout::style::tests::test_style_builder_direction ... ok
test layout::style::tests::test_style_builder_display ... ok
test layout::style::tests::test_style_builder_grid_auto_flow ... ok
test layout::style::tests::test_style_builder_grid_placement ... ok
test layout::style::tests::test_style_builder_grid_positioning ... ok
test layout::style::tests::test_style_builder_grid_setup ... ok
test layout::style::tests::test_style_builder_new ... ok
test layout::style::tests::test_style_builder_size_px ... ok
test layout::style::tests::test_text_decorations_creation ... ok
test layout::style::tests::test_text_decorations_default ... ok
test layout::style::tests::test_visual_style_creation ... ok
test layout::style::tests::test_visual_style_default ... ok
test layout::style::tests::test_visual_style_equality ... ok
test markdown::tests::test_code_block_rendering ... ok
test markdown::tests::test_basic_markdown_rendering ... ok
test markdown::tests::test_empty_markdown ... ok
test markdown::tests::test_convenience_function ... ok
test markdown::tests::test_list_rendering ... ok
test platform::capabilities::tests::test_capability_conversion ... ok
test platform::parser::tests::test_parse_alt_combinations ... ok
test platform::parser::tests::test_parse_ctrl_combinations ... ok
test markdown::tests::test_gfm_extensions ... ok
test platform::parser::tests::test_parse_empty_input ... ok
test platform::parser::tests::test_parse_mixed_input ... ok
test platform::parser::tests::test_parse_multiple_characters ... ok
test platform::parser::tests::test_parse_result ... ok
test platform::parser::tests::test_parse_single_character ... ok
test platform::parser::tests::test_parse_special_keys ... ok
test platform::parser::tests::test_parse_utf8_characters ... ok
test platform::parser::tests::test_parser_creation ... ok
test platform::parser::tests::test_parser_state_enum ... ok
test layout::renderer::tests::test_render_grid ... ok
test platform::r#loop::tests::test_event_queue_basic_operations ... ok
test platform::r#loop::tests::test_event_queue_capacity ... ok
test platform::r#loop::tests::test_threaded_event_loop_creation ... ok
test platform::r#loop::tests::test_tokio_event_loop_async_operations ... ok
test platform::r#loop::tests::test_tokio_event_loop_creation ... ok
test platform::tests::tty_tests::test_control_sequences ... ok
test platform::tests::tty_tests::test_escape_sequence_parser ... ok
test platform::tests::tty_tests::test_focus_events ... ok
test platform::tests::tty_tests::test_kitty_image_sequence ... ok
test platform::tests::tty_tests::test_modifiers_parsing ... ok
test platform::tests::tty_tests::test_osc_parsing ... ok
test platform::tests::tty_tests::test_parser_state_machine ... ok
test platform::tests::tty_tests::test_special_keys ... ok
test platform::tests::tty_tests::test_unix_tty_basic ... ok
test platform::unicode::tests::test_char_width ... ok
test platform::unicode::tests::test_grapheme_cache ... ok
test platform::unicode::tests::test_unicode_handler ... ok
test platform::unix::tests::test_tty_init ... ok
test platform::unix::tests::test_write_read ... ok
test reactive::component_scope::tests::nested_app_scopes_isolate_context_and_cleanup_retained_hooks ... ok
test reactive::effect::tests::test_effect_batch ... ok
test reactive::effect::tests::test_effect_cleanup ... ok
test reactive::effect::tests::test_effect_dependencies ... ok
test reactive::effect::tests::test_effect_runs ... ok
test reactive::hooks::tests::aborted_render_does_not_commit_effect_dependencies ... ok
test hooks::timer::tests::test_debounced_function ... ok
test reactive::hooks::tests::final_hook_clone_drop_runs_cleanup_once ... ok
test reactive::hooks::tests::overlapping_frames_fail_without_poisoning_state ... ok
test reactive::hooks::tests::panicking_effect_does_not_leave_its_slot_running ... ok
test reactive::hooks::tests::test_thread_safe_context ... ok
test reactive::hooks::tests::test_thread_safe_signal ... ok
test reactive::runtime::tests::test_global_runtime ... ok
test reactive::runtime::tests::test_runtime_basic ... ok
test reactive::runtime::tests::test_runtime_batch ... ok
test reactive::runtime::tests::test_runtime_context ... ok
test reactive::hooks::tests::repeated_frames_keep_a_bounded_slot_count ... ok
test platform::r#loop::tests::test_async_utils_timeout ... ok
test reactive::scheduler::tests::test_schedule_update ... ok
test reactive::scheduler::tests::test_schedule_interval ... ok
test reactive::scheduler::tests::timer_can_cancel_itself_and_schedule_more_work ... ok
test reactive::signal::tests::test_memo_basic ... ok
test reactive::signal::tests::test_signal_basic ... ok
test reactive::signal::tests::test_signal_split ... ok
test reactive::scheduler::tests::test_schedule_timeout ... ok
test reactive::signal::tests::test_signal_update ... ok
test reactive::wake::tests::signal_subscriptions_are_scoped_weak_and_ignore_equal_values ... ok
test render::optimize::tests::test_dirty_region_manager ... ok
test render::optimize::tests::test_dirty_region_merge ... ok
test render::optimize::tests::test_incremental_renderer ... ok
test render::optimize::tests::test_render_cache ... ok
test render::reconcile::tests::test_apply_patches ... ok
test render::reconcile::tests::test_count_nodes ... ok
test render::reconcile::tests::test_diff_both_empty ... ok
test render::reconcile::tests::test_diff_children_addition ... ok
test render::reconcile::tests::test_diff_children_removal ... ok
test render::reconcile::tests::test_diff_different_trees ... ok
test render::reconcile::tests::test_diff_empty_to_non_empty ... ok
test render::reconcile::tests::test_diff_identical_trees ... ok
test render::reconcile::tests::test_diff_node_replacement ... ok
test render::reconcile::tests::test_diff_node_update ... ok
test render::reconcile::tests::test_diff_non_empty_to_empty ... ok
test render::reconcile::tests::test_diff_with_children ... ok
test render::reconcile::tests::test_reconciler_stats ... ok
test render::scheduler::tests::test_cancel_task ... ok
test render::scheduler::tests::test_frame_budget ... ok
test render::scheduler::tests::test_priority_ordering ... ok
test render::tree::tests::test_element_node ... ok
test reactive::wake::tests::notifications_racing_wait_registration_are_not_lost ... ok
test render::tree::tests::test_find_node_by_key ... ok
test render::tree::tests::test_fragment_node ... ok
test render::tree::tests::test_node_key ... ok
test render::tree::tests::test_render_tree ... ok
test syntax::cache::tests::test_cache_basic ... ok
test syntax::cache::tests::test_cache_eviction ... ok
test syntax::cache::tests::test_cache_invalidation ... ok
test syntax::cache::tests::test_cache_stats ... ok
test hooks::animation::tests::test_animation_runs ... ok
test syntax::highlighter::tests::test_rust_highlighting ... ok
test syntax::highlighter::tests::test_incremental_highlighting ... ok
test syntax::highlighter::tests::test_extension_detection ... ok
test syntax::resources::tests::test_find_syntax ... ok
test syntax::theme::tests::test_create_syntax_theme ... ok
test syntax::theme::tests::test_hex_to_rgba ... ok
test syntax::theme::tests::test_scope_to_css_variable ... ok
test syntax::theme::tests::test_themed_syntax_style ... ok
test terminal::ansi::tests::test_color_sequences ... ok
test terminal::ansi::tests::test_cursor_movement ... ok
test reactive::wake::tests::requests_coalesce_and_survive_entry_to_wait ... ok
test terminal::ansi::tests::test_cursor_position ... ok
test terminal::ansi::tests::test_hyperlink ... ok
test terminal::ansi::tests::test_title_sequence ... ok
test terminal::cell::tests::test_cell_clear ... ok
test terminal::cell::tests::test_cell_creation ... ok
test terminal::cell::tests::test_cell_wide_char ... ok
test terminal::cell::tests::test_cell_with_char ... ok
test terminal::cell::tests::test_char_width ... ok
test terminal::cursor::tests::test_cursor_advance ... ok
test terminal::cursor::tests::test_cursor_creation ... ok
test terminal::cursor::tests::test_cursor_movement ... ok
test terminal::cursor::tests::test_cursor_save_restore ... ok
test terminal::parser::tests::test_parse_control_characters ... ok
test terminal::parser::tests::test_parse_csi_sequence ... ok
test terminal::parser::tests::test_parse_osc_sequence ... ok
test terminal::parser::tests::test_parse_simple_text ... ok
test terminal::parser::tests::test_parser_creation ... ok
test terminal::parser::tests::test_utf8_decoder_buffer_overflow_protection ... ok
test terminal::parser::tests::test_utf8_decoder_valid_sequence_recovery ... ok
test terminal::pty::tests::test_pty_resize ... ok
test terminal::pty::tests::test_pty_creation ... ok
test terminal::terminal_impl::tests::test_key_sequences ... ok
test terminal::terminal_impl::tests::test_terminal_creation ... ok
test terminal::terminal_impl::tests::test_terminal_invalid_resize ... ok
test terminal::tests::test_scrolling_region ... ok
test terminal::tests::test_terminal_config_default ... ok
test terminal::tests::test_terminal_style ... ok
test theme::ansi::tests::test_hex_to_rgb ... ok
test theme::ansi::tests::test_rgb_to_ansi16 ... ok
test theme::ansi::tests::test_rgb_to_ansi256 ... ok
test theme::colors::tests::test_all_color_families ... ok
test theme::colors::tests::test_color_case_sensitivity ... ok
test theme::colors::tests::test_color_constants ... ok
test theme::colors::tests::test_color_progression ... ok
test theme::colors::tests::test_color_rgb_ranges ... ok
test theme::colors::tests::test_color_uniqueness ... ok
test theme::colors::tests::test_extreme_shades ... ok
test theme::colors::tests::test_get_color_function ... ok
test theme::colors::tests::test_get_color_invalid ... ok
test theme::colors::tests::test_standard_shades ... ok
test vdom::bridge::tests::element_with_class_converts ... ok
test vdom::bridge::tests::keys_are_preserved ... ok
test vdom::bridge::tests::roundtrip_to_nodespec_keeps_class_and_children ... ok
test vdom::bridge::tests::text_node_converts ... ok
test vdom::diff::tests::test_diff_element_attributes ... ok
test vdom::diff::tests::test_diff_identical_nodes ... ok
test vdom::diff::tests::test_diff_node_replacement ... ok
test vdom::diff::tests::test_diff_text_change ... ok
test vdom::diff::tests::test_diff_with_keys ... ok
test vdom::menu::tests::test_context_menu_creation ... ok
test terminal::terminal_impl::tests::test_terminal_resize ... ok
test syntax::resources::tests::test_default_resources ... ok
test vdom::menu::tests::test_menubar_creation ... ok
test vdom::menu::tests::test_popup_menu_creation ... ok
test vdom::node::tests::test_component_node ... ok
test vdom::node::tests::test_fragment_node ... ok
test vdom::node::tests::test_h_macro ... ok
test vdom::node::tests::test_vnode_creation ... ok
test vdom::node::tests::test_vnode_key ... ok
test vdom::patch::tests::test_patch_applier ... ok
test vdom::patch::tests::test_patch_list ... ok
test widgets::dialog::dialog_types::tests::test_dialog_builder_autocomplete ... ok
test widgets::dialog::dialog_types::tests::test_dialog_builder_confirm ... ok
test widgets::dialog::dialog_types::tests::test_dialog_builder_error ... ok
test widgets::dialog::dialog_types::tests::test_dialog_builder_info ... ok
test widgets::dialog::dialog_types::tests::test_dialog_builder_input ... ok
test widgets::dialog::dialog_types::tests::test_dialog_builder_ok_cancel ... ok
test widgets::dialog::dialog_types::tests::test_dialog_builder_password ... ok
test widgets::dialog::dialog_types::tests::test_dialog_builder_warning ... ok
test widgets::dialog::dialog_types::tests::test_dialog_utils_calculate_size ... ok
test widgets::dialog::dialog_types::tests::test_dialog_utils_build_css_classes ... ok
test widgets::dialog::dialog_types::tests::test_dialog_utils_parse_shortcut ... ok
test widgets::dialog::dialog_types::tests::test_dialog_utils_validate_config_empty_message ... ok
test widgets::dialog::dialog_types::tests::test_dialog_utils_validate_config_empty_title ... ok
test widgets::dialog::dialog_types::tests::test_dialog_utils_validate_config_message_too_long ... ok
test widgets::dialog::dialog_types::tests::test_dialog_utils_validate_config_title_too_long ... ok
test widgets::dialog::dialog_types::tests::test_dialog_utils_validate_config_valid ... ok
test widgets::display::image::external_renderer::tests::test_get_display_constraints_with_size ... ok
test widgets::display::image::external_renderer::tests::test_write_temp_file ... ok
test widgets::display::image::image_processor::tests::test_ascii_config_default ... ok
test widgets::display::image::image_processor::tests::test_floyd_steinberg_dithering ... ok
test widgets::display::image::image_processor::tests::test_rgb_to_grayscale_conversion ... ok
test widgets::display::image::protocol_renderer::tests::test_calculate_display_size_preserve_aspect ... ok
test widgets::display::image::protocol_renderer::tests::test_generate_image_id ... ok
test widgets::display::image::protocol_renderer::tests::test_process_raw_bytes_rgb_to_rgba ... ok
test widgets::dialog::dialog_types::tests::test_dialog_utils_generate_id ... ok
test widgets::display::image::sixel_renderer::tests::test_calculate_display_size_no_upscale ... ok
test widgets::display::image::sixel_renderer::tests::test_calculate_display_size_preserve_aspect ... ok
test widgets::display::image::sixel_renderer::tests::test_ensure_rgb888_validation ... ok
test widgets::display::modal::tests::test_animation_update ... ok
test widgets::display::modal::tests::test_builder_methods ... ok
test widgets::display::modal::tests::test_button_constructors ... ok
test widgets::display::modal::tests::test_button_handling ... ok
test widgets::display::modal::tests::test_component_update ... ok
test widgets::display::modal::tests::test_dimension_calculation ... ok
test widgets::display::modal::tests::test_escape_key_handling ... ok
test widgets::display::modal::tests::test_keyboard_navigation ... ok
test widgets::display::modal::tests::test_modal_creation ... ok
test widgets::display::modal::tests::test_modal_visibility ... ok
test widgets::display::modal::tests::test_position_calculation ... ok
test widgets::display::popover::tests::test_animation_easing ... ok
test widgets::display::popover::tests::test_arrow_position_calculation ... ok
test widgets::display::popover::tests::test_arrow_styles ... ok
test widgets::display::popover::tests::test_boundary_adjustment_flip ... ok
test widgets::display::popover::tests::test_boundary_adjustment_shift ... ok
test widgets::display::popover::tests::test_click_outside_closes ... ok
test widgets::display::popover::tests::test_component_update ... ok
test widgets::display::popover::tests::test_comprehensive_builder_pattern ... ok
test widgets::display::popover::tests::test_keyboard_navigation ... ok
test widgets::display::popover::tests::test_manual_visibility_control ... ok
test widgets::display::popover::tests::test_point_in_rect ... ok
test widgets::display::popover::tests::test_popover_builder ... ok
test widgets::display::popover::tests::test_popover_creation ... ok
test widgets::display::popover::tests::test_popover_position_calculation ... ok
test widgets::display::popover::tests::test_position_opposite ... ok
test widgets::display::popover::tests::test_render_empty_when_invisible ... ok
test widgets::display::popover::tests::test_render_with_content ... ok
test widgets::display::popover::tests::test_size_constraints ... ok
test widgets::display::popover::tests::test_trigger_rect_setting ... ok
test widgets::display::progress_bar::tests::test_animation_update ... ok
test widgets::display::progress_bar::tests::test_bar_creation ... ok
test widgets::display::progress_bar::tests::test_builder_methods ... ok
test widgets::display::progress_bar::tests::test_completion_detection ... ok
test widgets::display::progress_bar::tests::test_component_update ... ok
test widgets::display::image::external_renderer::tests::test_get_display_constraints_default ... ok
test widgets::display::progress_bar::tests::test_event_handling ... ok
test widgets::display::progress_bar::tests::test_indeterminate_bar ... ok
test widgets::display::progress_bar::tests::test_percentage_calculation ... ok
test widgets::display::progress_bar::tests::test_progress_bar_creation ... ok
test widgets::display::progress_bar::tests::test_segmented_bar ... ok
test widgets::display::progress_bar::tests::test_text_formatting ... ok
test widgets::display::table::tests::test_column_width_calculation ... ok
test widgets::display::table::tests::test_event_handling ... ok
test widgets::display::table::tests::test_keyboard_navigation ... ok
test widgets::display::table::tests::test_row_selection ... ok
test widgets::display::table::tests::test_scrolling ... ok
test widgets::display::table::tests::test_component_update ... ok
test widgets::display::table::tests::test_sorting ... ok
test widgets::display::table::tests::test_table_builder ... ok
test widgets::display::tree::tests::test_checkbox_functionality ... ok
test widgets::display::table::tests::test_table_creation ... ok
test widgets::display::tree::tests::test_component_update ... ok
test widgets::display::tree::tests::test_event_handling ... ok
test widgets::display::tree::tests::test_keyboard_navigation ... ok
test widgets::display::tree::tests::test_node_expansion ... ok
test widgets::display::tree::tests::test_node_finding ... ok
test widgets::display::tree::tests::test_node_selection ... ok
test widgets::display::tree::tests::test_scrolling ... ok
test widgets::display::tree::tests::test_search_functionality ... ok
test widgets::display::tree::tests::test_tree_builder ... ok
test widgets::display::tree::tests::test_tree_creation ... ok
test widgets::display::tree::tests::test_tree_flattening ... ok
test widgets::input::checkbox::tests::test_checkbox_disabled ... ok
test widgets::input::checkbox::tests::test_checkbox_indeterminate ... ok
test widgets::input::checkbox::tests::test_checkbox_mouse_click ... ok
test widgets::input::checkbox::tests::test_checkbox_toggle ... ok
test widgets::input::radio_button::tests::test_radio_navigation ... ok
test widgets::input::radio_button::tests::test_radio_selection ... ok
test widgets::input::slider::tests::test_slider_disabled ... ok
test widgets::input::slider::tests::test_slider_keyboard_control ... ok
test widgets::input::slider::tests::test_slider_value_clamping ... ok
test widgets::input::text_input::tests::test_text_input_masking ... ok
test widgets::input::text_input::tests::test_text_input_basic ... ok
test widgets::input::text_input::tests::test_text_input_max_length ... ok
test widgets::input::text_input::tests::test_text_input_validation ... ok
test widgets::input::text_input::tests::test_text_input_selection ... ok
test widgets::layout::scroll_view::tests::test_scroll_view_basic ... ok
test widgets::layout::scroll_view::tests::test_scroll_view_scrolling ... ok
test widgets::layout::stack::tests::test_stack_alignment ... ok
test widgets::layout::stack::tests::test_stack_justify_space_between ... ok
test widgets::layout::stack::tests::test_stack_padding ... ok
test widgets::layout::stack::tests::test_stack_reverse ... ok
test widgets::layout::stack::tests::test_stack_horizontal_layout ... ok
test widgets::layout::tabs::tests::test_tabs_basic_functionality ... ok
test widgets::layout::tabs::tests::test_tabs_closable ... ok
test widgets::layout::tabs::tests::test_tabs_disabled_navigation ... ok
test widgets::layout::stack::tests::test_stack_vertical_layout ... ok
test widgets::layout::tabs::tests::test_tabs_keyboard_activation_modes ... ok
test widgets::layout::tabs::tests::test_tabs_quick_access ... ok
test widgets::layout::tabs::tests::test_tabs_render_with_variants ... ok
test widgets::layout::tabs::tests::test_tabs_with_badges ... ok
test widgets::menu::style::tests::test_menu_style_builder ... ok
test widgets::menu::style::tests::test_menu_style_default ... ok
test widgets::menu::style::tests::test_menu_theme_to_style ... ok
test widgets::menu::style::tests::test_apply_styles ... ok
test widgets::terminal::tests::test_key_event_to_bytes_characters ... ok
test widgets::terminal::tests::test_key_event_to_bytes_arrow_keys ... ok
test widgets::terminal::tests::test_key_event_to_bytes_ctrl_combinations ... ok
test syntax::resources::tests::test_theme_management ... ok
test widgets::terminal::tests::test_key_event_to_bytes_function_keys ... ok
test widgets::terminal::tests::test_key_event_to_bytes_navigation_keys ... ok
test widgets::terminal::tests::test_terminal_props_creation ... ok
test widgets::terminal::tests::test_terminal_props_default ... ok
test widgets::terminal::tests::test_terminal_start_stop_integration ... ignored
test widgets::terminal::tests::test_key_event_to_bytes_unsupported_keys ... ok
test widgets::terminal::tests::test_key_event_to_bytes_special_keys ... ok
test widgets::terminal::tests::test_terminal_state_default ... ok
test widgets::terminal::tests::test_terminal_config_integration ... ok
test widgets::terminal::tests::test_terminal_widget_creation ... ok
test widgets::terminal::tests::test_terminal_widget_focus ... ok
test widgets::terminal::tests::test_terminal_widget_running_state ... ok
test widgets::terminal::tests::test_terminal_widget_scroll ... ok
test widgets::terminal::tests::test_terminal_widget_resize ... ok
test widgets::terminal::tests::test_terminal_widget_send_input ... ok
test widgets::terminal::tests::test_terminal_widget_send_string ... ok
test widgets::terminal::tests::test_terminal_widget_with_custom_props ... ok
test hooks::timer::tests::test_throttled_function ... ok
test hooks::animation::tests::test_spring_physics ... ok
test platform::r#loop::tests::test_async_utils_batch_collection ... ok
test hooks::clipboard_process::tests::deadline_kills_and_reaps_child ... ok

test result: ok. 771 passed; 0 failed; 2 ignored; 0 measured; 0 filtered out; finished in 2.04s

     Running tests/advanced_table_test.rs (target/debug/deps/advanced_table_test-8a7c3498beed12b2)

running 5 tests
test test_pagination_config ... ok
test test_virtual_scroll_config ... ok
test test_filter_types ... ok
test test_advanced_table_creation ... ok
test test_advanced_table_features ... ok

test result: ok. 5 passed; 0 failed; 0 ignored; 0 measured; 0 filtered out; finished in 0.00s

     Running tests/alignment_strict_tests.rs (target/debug/deps/alignment_strict_tests-4b7c5a425ac25d31)

running 2 tests
test place_items_center_in_row_exact_y ... ok
test self_align_in_column_exact_positions ... ok

test result: ok. 2 passed; 0 failed; 0 ignored; 0 measured; 0 filtered out; finished in 0.00s

     Running tests/alignment_utility_tests.rs (target/debug/deps/alignment_utility_tests-13bdad461bd3e7e2)

running 2 tests
test place_items_center_rows_moves_y ... ok
test self_center_vs_self_start_changes_x_in_column ... ok

test result: ok. 2 passed; 0 failed; 0 ignored; 0 measured; 0 filtered out; finished in 0.00s

     Running tests/animations_integration.rs (target/debug/deps/animations_integration-dc93581bb593a861)

running 1 test
test tests::test_animations_integration ... ok

test result: ok. 1 passed; 0 failed; 0 ignored; 0 measured; 0 filtered out; finished in 0.01s

     Running tests/api_clipboard.rs (target/debug/deps/api_clipboard-08dcedc31c0b6c3a)

running 13 tests
test invalid_utf8_is_error ... ok
test dropping_hook_owner_prevents_new_commands ... ok
test copy_nonzero_is_error ... ok
test failed_copy_retains_last_successful_cache ... ok
test detection_does_not_spawn_which ... ok
test inherited_output_handles_do_not_block ... ok
test missing_backend_is_error ... ok
test paste_nonzero_is_error ... ok
test oversized_output_is_error ... ok
test unicode_roundtrip_retains_newlines ... ok
test cleanup_cancels_owned_child ... ok
test copy_has_deadline ... ok
test paste_has_deadline ... ok

test result: ok. 13 passed; 0 failed; 0 ignored; 0 measured; 0 filtered out; finished in 2.01s

     Running tests/api_component_expansion.rs (target/debug/deps/api_component_expansion-69ff217a6e8e92b3)

running 5 tests
test duplicate_keys_fail_without_ambiguous_instance_reuse ... ok
test nested_components_keep_instances_through_props_reorder_and_removal ... ok
test unknown_names_keep_their_container_children_and_plain_text_control_paints ... ok
test replacing_component_type_at_a_key_releases_old_state ... ok
test recursive_expansion_fails_with_a_bounded_error ... ok

test result: ok. 5 passed; 0 failed; 0 ignored; 0 measured; 0 filtered out; finished in 0.13s

     Running tests/api_editor_unicode.rs (target/debug/deps/api_editor_unicode-e5ea7887807ed2ad)

running 23 tests
test cursor_uses_scalar_offsets_and_display_columns ... ok
test line_index_tracks_edits_before_and_at_newlines ... ok
test plain::clipping_keeps_wide_graphemes_whole_and_clears_old_text ... ok
test plain::control_text_is_visible_without_becoming_terminal_commands ... ok
test plain::edits_that_join_graphemes_leave_cursor_at_a_boundary ... ok
test plain::forward_delete_and_crlf_are_atomic ... ok
test plain::painted_columns_and_selection_match_text ... ok
test plain::selection_after_syntax_runs_and_tabs_uses_text_offsets ... ok
test plain::selection_replaces_whole_graphemes_across_lines ... ok
test plain::mixed_insertion_and_grapheme_deletion ... ok
test surface_grapheme_ownership_survives_copy_and_expires_on_overwrite ... ok
test plain::rendered_terminal_cells_retain_unicode_after_updates ... ok
test syntax::clipping_keeps_wide_graphemes_whole_and_clears_old_text ... ok
test syntax::control_text_is_visible_without_becoming_terminal_commands ... ok
test syntax::selection_after_syntax_runs_and_tabs_uses_text_offsets ... ok
test syntax::forward_delete_and_crlf_are_atomic ... ok
test syntax::painted_columns_and_selection_match_text ... ok
test syntax::edits_that_join_graphemes_leave_cursor_at_a_boundary ... ok
test syntax::mixed_insertion_and_grapheme_deletion ... ok
test vertical_motion_preserves_columns_across_short_and_wide_lines ... ok
test syntax::selection_replaces_whole_graphemes_across_lines ... ok
test word_movement_retains_unicode_grapheme_boundaries ... ok
test syntax::rendered_terminal_cells_retain_unicode_after_updates ... ok

test result: ok. 23 passed; 0 failed; 0 ignored; 0 measured; 0 filtered out; finished in 0.02s

     Running tests/api_event_routing.rs (target/debug/deps/api_event_routing-e315c69cdf7901ce)

running 9 tests
test capture_target_bubble_order_and_handled_result_are_preserved ... ok
test builder_callback_receives_keyboard_activation_once ... ok
test registered_component_keeps_callers_callback_on_expanded_output ... ok
test child_activation_runs_each_registration_once_without_activating_parent ... ok
test overlap_and_ancestor_clipping_match_visible_cells ... ok
test mouse_bounds_follow_painted_resize_and_misses_do_not_activate_focus ... ok
test hit_index_uses_actual_initial_viewport_beyond_default_eighty_columns ... ok
test removed_callback_releases_its_capture_and_cannot_run_again ... ok
test redraw_replaces_callback_without_duplicate_registration ... ok

test result: ok. 9 passed; 0 failed; 0 ignored; 0 measured; 0 filtered out; finished in 0.04s

     Running tests/api_focus.rs (target/debug/deps/api_focus-ba0a1b5aba03ecc8)

running 12 tests
test an_explicit_imperative_trap_call_can_reactivate_an_existing_container ... ok
test public_app_focus_methods_share_the_router_focus_owner ... ok
test removing_an_imperative_router_subtree_also_removes_its_trap ... ok
test positive_tab_indices_precede_default_order_and_negative_indices_are_skipped ... ok
test tab_reverse_tab_and_release_follow_one_focus_order_without_a_trap ... ok
test mouse_focus_stays_in_the_active_dialog ... ok
test enabling_autofocus_requests_focus_once_on_an_existing_key ... ok
test an_empty_trap_blocks_outside_keyboard_activation_and_restores_on_close ... ok
test keyed_redraw_and_reorder_preserve_focus_without_repeat_callbacks ... ok
test removing_the_outer_dialog_with_inner_open_restores_the_original_opener ... ok
test a_removed_opener_is_not_resurrected_when_nested_dialogs_close ... ok
test nested_dialogs_autofocus_wrap_and_restore_the_last_outer_target ... ok

test result: ok. 12 passed; 0 failed; 0 ignored; 0 measured; 0 filtered out; finished in 0.07s

     Running tests/api_hook_lifecycle.rs (target/debug/deps/api_hook_lifecycle-1a0b79aae0476ac0)

running 6 tests
test app_stop_cleans_up_components_that_are_still_mounted ... ok
test app_timers_fire_and_removal_leaves_no_scheduled_work ... ok
test effects_cleanup_on_rerender_and_removal_after_the_render_body ... ok
test providers_inherit_override_and_restore_without_leaking_to_another_app ... ok
test effect_dependencies_skip_unchanged_renders_and_cleanup_before_replacement ... ok
test standalone_effect_cleanup_waits_until_explicit_cleanup ... ok

test result: ok. 6 passed; 0 failed; 0 ignored; 0 measured; 0 filtered out; finished in 0.15s

     Running tests/api_hook_state.rs (target/debug/deps/api_hook_state-bf92b7c42b555c77)

running 5 tests
test changed_hook_types_are_rejected_instead_of_detached ... ok
test generated_frames_reject_fewer_or_more_hooks ... ok
test memo_and_state_cannot_silently_swap_the_same_value_type ... ok
test memo_keeps_its_signal_and_refreshes_the_value ... ok
test generated_components_reuse_state_with_and_without_props ... ok

test result: ok. 5 passed; 0 failed; 0 ignored; 0 measured; 0 filtered out; finished in 0.00s

     Running tests/api_paint_properties.rs (target/debug/deps/api_paint_properties-fbc391f4c1d1aa8f)

running 28 tests
test empty_and_single_cell_borders_have_defined_sampling ... ok
test gradient_border_has_visible_edge_colors ... ok
test builder_gradient_paints_both_endpoints_and_midpoint ... ok
test css_gradient_keeps_the_via_stop ... ok
test a_border_does_not_paint_over_its_transparent_interior ... ok
test keyframes_keep_all_named_properties_and_color_alpha ... ok
test explicit_style_properties_reach_layout_and_paint ... ok
test offscreen_translation_clips_whole_wide_graphemes ... ok
test one_cell_gradient_samples_the_midpoint ... ok
test partial_stops_extend_the_nearest_color ... ok
test named_size_color_and_unit_properties_reach_layout_and_painting ... ok
test opacity_without_a_background_keeps_the_parent_color ... ok
test percentage_translation_uses_the_laid_out_box ... ok
test matrix_skew_and_separate_scale_axes_reach_the_painter ... ok
test registered_component_output_retains_gradient ... ok
test rotation_moves_upright_glyphs_on_the_cell_grid ... ok
test scale_changes_the_painted_box_extent ... ok
test rotated_single_axis_overflow_clips_in_local_coordinates ... ok
test rotation_radians_agree_across_direct_wrapped_and_painted_paths ... ok
test solid_color_control_reaches_the_terminal ... ok
test translate_changes_visible_text_position ... ok
test transformed_callbacks_follow_visible_and_clipped_bounds ... ok
test vertical_gradient_uses_rows ... ok
test translucent_background_preserves_underlying_wide_graphemes ... ok
test zero_scale_hides_the_complete_node ... ok
test css_pulse_schedules_intermediate_frames_without_input ... ok
test rainbow_borders_cycle_without_input_and_explicit_borders_stay_static ... ok
test spin_moves_an_asymmetric_shape_between_scheduled_frames ... ok

test result: ok. 28 passed; 0 failed; 0 ignored; 0 measured; 0 filtered out; finished in 0.16s

     Running tests/api_signal_ownership.rs (target/debug/deps/api_signal_ownership-0893f4d07b540b81)

running 0 tests

test result: ok. 0 passed; 0 failed; 0 ignored; 0 measured; 0 filtered out; finished in 0.00s

     Running tests/api_styling.rs (target/debug/deps/api_styling-c16c60688852f4e5)

running 29 tests
test hover_variant_is_inactive_without_a_pointer ... ok
test focus_variant_is_inactive_without_focus ... ok
test disabled_variant_is_inactive_on_an_enabled_element ... ok
test explicit_ellipsis_and_clip_have_distinct_output ... ok
test parent_typography_reaches_text_and_child_tokens_override_it ... ok
test font_weights_decorations_and_resets_reach_terminal_attributes ... ok
test leading_tokens_space_baselines_and_explicit_reset_overrides_inheritance ... ok
test stateless_layout_does_not_invent_interaction_state ... ok
test plain_text_and_basic_color_are_an_independent_control ... ok
test strikethrough_reaches_the_host_as_sgr_nine ... ok
test physical_font_aliases_and_fractional_tracking_keep_terminal_cell_geometry ... ok
test tabs_use_four_cell_stops_and_wrapping_keeps_combining_clusters ... ok
test text_alignment_positions_cells_instead_of_flex_children ... ok
test text_justification_expands_word_gaps_only_before_soft_wraps ... ok
test mounting_an_autofocus_target_requests_its_state_repaint ... ok
test truncation_reserves_an_ellipsis_without_splitting_graphemes ... ok
test whitespace_normal_collapses_and_wraps_at_words ... ok
test whitespace_nowrap_collapses_without_creating_a_soft_line ... ok
test unicode_text_transforms_change_the_painted_text ... ok
test whitespace_pre_line_keeps_newlines_and_collapses_spaces ... ok
test whitespace_pre_preserves_explicit_lines_and_spaces ... ok
test wrapping_measurement_places_the_next_sibling_after_all_text_rows ... ok
test word_break_modes_use_cell_width_and_keep_graphemes_whole ... ok
test focus_within_and_compound_variants_require_their_actual_states ... ok
test hover_enter_and_leave_repaint_without_application_handlers ... ok
test mouse_focus_repaints_without_an_activation_callback ... ok
test tab_moves_the_focus_style_between_actual_nodes ... ok
test disabled_nodes_skip_autofocus_tab_and_activation_then_reenable ... ok
test stationary_pointer_is_retested_after_changed_geometry_is_presented ... ok

test result: ok. 29 passed; 0 failed; 0 ignored; 0 measured; 0 filtered out; finished in 0.06s

     Running tests/app_wakeups.rs (target/debug/deps/app_wakeups-5e680b0f72b3d37b)

running 7 tests
test scheduler_cannot_be_shared_by_two_live_apps_and_detaches_after_drop ... ok
test app_error_closes_wake_handle_and_restores_backend ... ok
test redraw_burst_retains_latest_state_and_respects_frame_pacing ... ok
test input_and_legacy_polling_roots_still_progress ... ok
test queued_work_and_new_earlier_timer_wake_app_and_callbacks_are_reentrant ... ok
test signal_wakes_idle_app_without_input_and_equal_writes_do_not_redraw ... ok
test animations_advance_then_app_returns_to_idle_waiting ... ok

test result: ok. 7 passed; 0 failed; 0 ignored; 0 measured; 0 filtered out; finished in 0.14s

     Running tests/automatic_memory_management_tests.rs (target/debug/deps/automatic_memory_management_tests-8c56348d4fd02c4a)

running 7 tests
test test_automatic_cleanup_during_reconciliation ... ok
test test_global_cleanup ... ok
test test_component_replacement ... ok
test test_unregistered_component_handling ... ok
test test_automatic_component_instantiation ... ok
test test_multiple_components_lifecycle ... ok
test test_memory_leak_prevention_under_load ... ok

test result: ok. 7 passed; 0 failed; 0 ignored; 0 measured; 0 filtered out; finished in 0.00s

     Running tests/charts_test.rs (target/debug/deps/charts_test-37ae20d04d980d72)

running 8 tests
test test_chart_axis_configuration ... ok
test test_chart_legend_configuration ... ok
test test_data_point_creation ... ok
test test_chart_configuration ... ok
test test_data_series_creation ... ok
test test_line_and_fill_styles ... ok
test test_chart_creation ... ok
test test_chart_types ... ok

test result: ok. 8 passed; 0 failed; 0 ignored; 0 measured; 0 filtered out; finished in 0.00s

     Running tests/clipboard_platform.rs (target/debug/deps/clipboard_platform-c5ac8821a86d8c2d)

running 1 test
test clipboard_platform_roundtrip ... ignored, requires an explicitly dedicated desktop clipboard session

test result: ok. 0 passed; 0 failed; 1 ignored; 0 measured; 0 filtered out; finished in 0.00s

     Running tests/color_more_shades_tests.rs (target/debug/deps/color_more_shades_tests-4065ea274747c7e0)

running 1 test
test yellow_purple_orange_cyan_shades_parse ... ok

test result: ok. 1 passed; 0 failed; 0 ignored; 0 measured; 0 filtered out; finished in 0.00s

     Running tests/color_shades_tests.rs (target/debug/deps/color_shades_tests-7f455b2ce4723550)

running 2 tests
test gray_shades_monotonicity ... ok
test red_and_blue_shades_ordering ... ok

test result: ok. 2 passed; 0 failed; 0 ignored; 0 measured; 0 filtered out; finished in 0.00s

     Running tests/color_utility_tests.rs (target/debug/deps/color_utility_tests-aec930cef14232c0)

running 2 tests
test bg_color_named ... ok
test text_color_named_and_hex ... ok

test result: ok. 2 passed; 0 failed; 0 ignored; 0 measured; 0 filtered out; finished in 0.00s

     Running tests/component_macro_integration.rs (target/debug/deps/component_macro_integration-a77d25128ae76133)

running 1 test
test tests::test_component_macro_integration ... ok

test result: ok. 1 passed; 0 failed; 0 ignored; 0 measured; 0 filtered out; finished in 0.00s

     Running tests/component_macro_test.rs (target/debug/deps/component_macro_test-8ceb5a93b29b109e)

running 7 tests
test tests::test_component_instantiation ... ok
test tests::test_component_with_props ... ok
test tests::test_no_props_component ... ok
test tests::test_component_with_state ... ok
test tests::test_macro_integration_with_existing_system ... ok
test tests::test_component_with_complex_props ... ok
test tests::test_props_struct_generation ... ok

test result: ok. 7 passed; 0 failed; 0 ignored; 0 measured; 0 filtered out; finished in 0.00s

     Running tests/component_tests.rs (target/debug/deps/component_tests-899ab162b78b1eda)

running 7 tests
test test_component_lifecycle ... ok
test test_component_needs_update ... ok
test test_element_builder_pattern ... ok
test test_element_creation ... ok
test test_element_equality ... ok
test test_element_clone ... ok
test test_lifecycle_phases ... ok

test result: ok. 7 passed; 0 failed; 0 ignored; 0 measured; 0 filtered out; finished in 0.00s

     Running tests/css_animation_integration_test.rs (target/debug/deps/css_animation_integration_test-c66a35747ffc74db)

running 7 tests
test test_animate_none_disables_animations ... ok
test test_css_animation_integration_basic ... ok
test test_css_animation_cleanup ... ok
test test_css_animation_component_id_generation ... ok
test test_multiple_css_animations ... ok
test test_css_animation_available_types ... ok
test test_css_animation_parsing ... ok

test result: ok. 7 passed; 0 failed; 0 ignored; 0 measured; 0 filtered out; finished in 0.01s

     Running tests/css_in_rust_simple_test.rs (target/debug/deps/css_in_rust_simple_test-4d487a85e81e0e1a)

running 14 tests
test test_basic_css_macro ... ok
test test_color_properties ... ok
test test_builder_integration ... ok
test test_convenience_macros ... ok
test test_component_patterns ... ok
test test_integration_with_existing_system ... ok
test test_numeric_properties ... ok
test test_layout_properties ... ok
test test_complex_layout ... ok
test test_hybrid_styling ... ok
test test_spacing_properties ... ok
test test_macro_edge_cases ... ok
test test_type_safety ... ok
test test_performance_considerations ... ok

test result: ok. 14 passed; 0 failed; 0 ignored; 0 measured; 0 filtered out; finished in 0.01s

     Running tests/debug_animate_none.rs (target/debug/deps/debug_animate_none-9c0848ab63c6cb91)

running 3 tests
test test_animate_none_parsing ... ok
test test_animate_none_integration ... ok
test test_animate_none_vs_regular ... ok

test result: ok. 3 passed; 0 failed; 0 ignored; 0 measured; 0 filtered out; finished in 0.00s

     Running tests/element_bridge_tests.rs (target/debug/deps/element_bridge_tests-fc4eca5f5af53ae8)

running 3 tests
test element_with_class_overrides_default ... ok
test text_element_to_nodespec ... ok
test layout_default_class_mapping ... ok

test result: ok. 3 passed; 0 failed; 0 ignored; 0 measured; 0 filtered out; finished in 0.00s

     Running tests/embedded_terminal.rs (target/debug/deps/embedded_terminal-e89bf4ceaef092d2)

running 0 tests

test result: ok. 0 passed; 0 failed; 0 ignored; 0 measured; 0 filtered out; finished in 0.00s

     Running tests/ffi_basic_test.rs (target/debug/deps/ffi_basic_test-eb382fad1d30b858)

running 0 tests

test result: ok. 0 passed; 0 failed; 0 ignored; 0 measured; 0 filtered out; finished in 0.00s

     Running tests/ffi_tests.rs (target/debug/deps/ffi_tests-d0d8ed3949d32514)

running 0 tests

test result: ok. 0 passed; 0 failed; 0 ignored; 0 measured; 0 filtered out; finished in 0.00s

     Running tests/full_pipeline_integration.rs (target/debug/deps/full_pipeline_integration-36a492c2623da1d7)

running 12 tests
test test_app_builder_pattern ... ok
test test_app_initialization ... ok
test test_component_lifecycle ... ok
test test_component_state_isolation ... ok
test test_app_size_integration ... ok
test test_component_render_consistency ... ok
test test_component_state_thread_safety ... ok
test test_error_handling_in_builder ... ok
test test_app_with_different_backends ... ok
test test_focus_management_api ... ok
test test_focus_management_multiple_nodes ... ok
test test_multiple_app_instances ... ok

test result: ok. 12 passed; 0 failed; 0 ignored; 0 measured; 0 filtered out; finished in 0.00s

     Running tests/layout_paint_tests.rs (target/debug/deps/layout_paint_tests-3cdfbda5b863944a)

running 3 tests
test padding_shifts_text_position ... ok
test child_margin_affects_position ... ok
test flex_gap_places_second_child_further ... ok

test result: ok. 3 passed; 0 failed; 0 ignored; 0 measured; 0 filtered out; finished in 0.00s

     Running tests/mouse_hooks_test.rs (target/debug/deps/mouse_hooks_test-64ca504c7afb54db)

running 9 tests
test tests::test_drag_distance_calculation ... ok
test tests::test_drag_hook ... ok
test tests::test_clicks_hook ... ok
test tests::test_gesture_hook ... ok
test tests::test_hover_hook ... ok
test tests::test_multiple_components ... ok
test tests::test_wheel_hook ... ok
test tests::test_mouse_position_hook ... ok
test tests::test_long_press_hook ... ok

test result: ok. 9 passed; 0 failed; 0 ignored; 0 measured; 0 filtered out; finished in 0.00s

     Running tests/opacity_tests.rs (target/debug/deps/opacity_tests-d44ecd6cef493b46)

running 7 tests
test test_opacity_with_existing_alpha ... ok
test test_border_utility ... ok
test test_border_with_existing_bg ... ok
test test_opacity_edge_cases ... ok
test test_comprehensive_opacity_styling ... ok
test test_opacity_order_independence ... ok
test test_opacity_utilities ... ok

test result: ok. 7 passed; 0 failed; 0 ignored; 0 measured; 0 filtered out; finished in 0.00s

     Running tests/performance_monitoring_test.rs (target/debug/deps/performance_monitoring_test-0f283c344ff6372e)

running 3 tests
test test_component_performance_tracking ... ok
test test_performance_metrics_accuracy ... ok
test test_render_stats_component_integration ... ok

test result: ok. 3 passed; 0 failed; 0 ignored; 0 measured; 0 filtered out; finished in 0.00s

     Running tests/production_readiness_test.rs (target/debug/deps/production_readiness_test-5810bdb934b9e79a)

running 8 tests
test test_all_fixes_integration ... ok
test test_effect_cleanup ... ok
test test_component_lifecycle_safety ... ok
test test_memory_bounds ... ok
test test_panic_recovery ... ok
test test_production_scenario ... ok
test test_stress_component_creation ... ok
test test_thread_safety_fixes ... ok

test result: ok. 8 passed; 0 failed; 0 ignored; 0 measured; 0 filtered out; finished in 0.01s

     Running tests/property_tests.rs (target/debug/deps/property_tests-72c405b9d62ad5cb)

running 14 tests
test event_router_creation_consistent ... ok
test attr_bitflags_operations ... ok
test point_creation_consistent ... ok
test mathematical_properties ... ok
test rect_creation_consistent ... ok
test focus_management_consistent ... ok
test rgba_components_in_range ... ok
test rgba_creation_consistent ... ok
test size_creation_consistent ... ok
test vector_operations_consistent ... ok
test string_operations_safe ... ok
test surface_write_str_bounds_safe ... ok
test surface_creation_never_panics ... ok
test surface_clear_preserves_dimensions ... ok

test result: ok. 14 passed; 0 failed; 0 ignored; 0 measured; 0 filtered out; finished in 0.02s

     Running tests/props_derive_test.rs (target/debug/deps/props_derive_test-582964b15e89ccc6)

running 13 tests
test tests::test_basic_props_builder ... ok
test tests::test_button_props_builder ... ok
test tests::test_button_props_defaults ... ok
test tests::test_basic_props_defaults ... ok
test tests::test_clone_and_partial_eq ... ok
test tests::test_complex_props_builder ... ok
test tests::test_complex_props_defaults ... ok
test tests::test_debug_implementation ... ok
test tests::test_fluent_api_chaining ... ok
test tests::test_integration_with_component_macro ... ok
test tests::test_props_trait_implementation ... ok
test tests::test_user_profile_props ... ok
test tests::test_validation ... ok

test result: ok. 13 passed; 0 failed; 0 ignored; 0 measured; 0 filtered out; finished in 0.00s

     Running tests/registry_cache_isolation.rs (target/debug/deps/registry_cache_isolation-c13405559eefa937)

running 7 tests
test clone_before_registration_observes_shared_names ... ok
test warmed_lookup_observes_registration_through_another_clone ... ok
test clear_and_reregister_through_clone_removes_old_aliases ... ok
test independent_registries_do_not_share_names ... ok
test independent_registries_resolve_their_own_types_at_equal_versions ... ok
test dropped_registry_does_not_seed_the_next_registry ... ok
test completed_cross_thread_mutations_reach_a_warmed_reader ... ok

test result: ok. 7 passed; 0 failed; 0 ignored; 0 measured; 0 filtered out; finished in 0.00s

     Running tests/registry_concurrency.rs (target/debug/deps/registry_concurrency-7bf5a687a24eee88)

running 12 tests
test element_replacement_allows_callback_reentry ... ok
test orphan_sweep_preserves_live_instances_and_counts_removals_once ... ok
test clear_all_allows_callback_reentry ... ok
test bulk_cleanup_allows_callback_reentry ... ok
test clear_allows_callback_reentry ... ok
test registry_drop_releases_owned_instances ... ok
test orphan_cleanup_allows_callback_reentry ... ok
test replacement_allows_callback_reentry ... ok
test shared_registry_owns_instances_until_last_clone_drops ... ok
test constructors_can_register_components ... ok
test unregister_allows_callback_reentry ... ok
test metrics_and_instance_mutation_make_concurrent_progress ... ok

test result: ok. 12 passed; 0 failed; 0 ignored; 0 measured; 0 filtered out; finished in 0.01s

     Running tests/render_ops_snapshots.rs (target/debug/deps/render_ops_snapshots-0d716e93ea120209)

running 7 tests
test snapshot_cursor_operations ... ok
test snapshot_clear_operations ... ok
test snapshot_paragraph_widget ... ok
test snapshot_list_widget ... ok
test snapshot_styled_text ... ok
test snapshot_synchronized_output ... ok
test snapshot_table_widget ... ok

test result: ok. 7 passed; 0 failed; 0 ignored; 0 measured; 0 filtered out; finished in 0.00s

     Running tests/screen_system_tests.rs (target/debug/deps/screen_system_tests-f39dace24a63fc77)

running 9 tests
test test_easing_functions ... ok
test test_screen_manager_creation ... ok
test test_screen_with_hooks ... ok
test test_screen_removal ... ok
test test_screen_update ... ok
test test_create_and_switch_screens ... ok
test test_transition_types ... ok
test test_screen_transitions ... ok
test test_screen_hotkeys ... ok

test result: ok. 9 passed; 0 failed; 0 ignored; 0 measured; 0 filtered out; finished in 0.32s

     Running tests/simple_css_animation_test.rs (target/debug/deps/simple_css_animation_test-a6d6ed8baa5e2bca)

running 5 tests
test test_animate_none_works ... ok
test test_css_animation_parsing_works ... ok
test test_css_animation_cleanup_works ... ok
test test_css_animation_integration_end_to_end ... ok
test test_css_animation_system_works ... ok

test result: ok. 5 passed; 0 failed; 0 ignored; 0 measured; 0 filtered out; finished in 0.01s

     Running tests/simple_performance_test.rs (target/debug/deps/simple_performance_test-ac6ac3b7207becde)

running 2 tests
test test_performance_metrics_basic ... ok
test test_performance_metrics_cleanup ... ok

test result: ok. 2 passed; 0 failed; 0 ignored; 0 measured; 0 filtered out; finished in 0.00s

     Running tests/simple_props_test.rs (target/debug/deps/simple_props_test-e3679142557feddb)

running 1 test
test tests::test_simple_props ... ok

test result: ok. 1 passed; 0 failed; 0 ignored; 0 measured; 0 filtered out; finished in 0.00s

     Running tests/suprtui_renderer.rs (target/debug/deps/suprtui_renderer-39f1d28a0740de72)

running 9 tests
test backend_remains_send_and_sync_and_shutdown_is_idempotent ... ok
test rnd_001_explicit_black_background_covers_lower_content ... ok
test rnd_002_preserves_clusters_and_clips_at_cell_boundaries ... ok
test rnd_001_nested_layout_keeps_children_above_their_parent_background ... ok
test rnd_002_nested_absolute_text_obeys_ancestor_clip ... ok
test rnd_001_styled_layout_update_removal_and_unchanged_screen ... ok
test rnd_001_grid_and_overlapping_layers ... ok
test rnd_003_resize_matches_fresh_frame_and_ignores_zero ... ok
test rnd_004_flushes_and_repaints_after_partial_write_or_flush_failure ... ok

test result: ok. 9 passed; 0 failed; 0 ignored; 0 measured; 0 filtered out; finished in 0.00s

     Running tests/surface_integration.rs (target/debug/deps/surface_integration-fc6b479f8b8655b3)

running 1 test
test tests::test_enhanced_surface_integration ... ok

test result: ok. 1 passed; 0 failed; 0 ignored; 0 measured; 0 filtered out; finished in 0.00s

     Running tests/syntax_highlighting_integration.rs (target/debug/deps/syntax_highlighting_integration-190bda9e3080620f)

running 1 test
test tests::test_syntax_highlighting_integration ... ok

test result: ok. 1 passed; 0 failed; 0 ignored; 0 measured; 0 filtered out; finished in 0.02s

     Running tests/test_absolute_debug.rs (target/debug/deps/test_absolute_debug-55ef1a63260beed7)

running 1 test
test test_absolute_positioning_debug ... ok

test result: ok. 1 passed; 0 failed; 0 ignored; 0 measured; 0 filtered out; finished in 0.00s

     Running tests/test_absolute_paint.rs (target/debug/deps/test_absolute_paint-44b8684b580e1b7b)

running 2 tests
test test_absolute_positioning_paint ... ok
test test_nested_absolute_positioning ... ok

test result: ok. 2 passed; 0 failed; 0 ignored; 0 measured; 0 filtered out; finished in 0.00s

     Running tests/test_animation_api.rs (target/debug/deps/test_animation_api-80e375c69742ad6e)

running 1 test
test test_animation_api_accessibility ... ok

test result: ok. 1 passed; 0 failed; 0 ignored; 0 measured; 0 filtered out; finished in 0.00s

     Running tests/test_app_layout.rs (target/debug/deps/test_app_layout-b6bab82a759768b7)

running 1 test
test test_app_uses_proper_layout_system ... ok

test result: ok. 1 passed; 0 failed; 0 ignored; 0 measured; 0 filtered out; finished in 0.00s

     Running tests/test_ffi_core_only.rs (target/debug/deps/test_ffi_core_only-b8f719e6e1185ce1)

running 0 tests

test result: ok. 0 passed; 0 failed; 0 ignored; 0 measured; 0 filtered out; finished in 0.00s

     Running tests/test_ffi_integration.rs (target/debug/deps/test_ffi_integration-99dfaeb9dbee4fd5)

running 0 tests

test result: ok. 0 passed; 0 failed; 0 ignored; 0 measured; 0 filtered out; finished in 0.00s

     Running tests/test_ffi_reactive_seamless.rs (target/debug/deps/test_ffi_reactive_seamless-e8a27a9c21f47674)

running 0 tests

test result: ok. 0 passed; 0 failed; 0 ignored; 0 measured; 0 filtered out; finished in 0.00s

     Running tests/test_flex_layout.rs (target/debug/deps/test_flex_layout-274f489c5a900f7c)

running 4 tests
test test_justify_content ... ok
test test_flex_row_layout ... ok
test test_flex_column_layout ... ok
test test_grid_layout ... ok

test result: ok. 4 passed; 0 failed; 0 ignored; 0 measured; 0 filtered out; finished in 0.00s

     Running tests/test_minimal_ffi.rs (target/debug/deps/test_minimal_ffi-8130bbd9096ba4c4)

running 0 tests

test result: ok. 0 passed; 0 failed; 0 ignored; 0 measured; 0 filtered out; finished in 0.00s

     Running tests/utility_paint_tests.rs (target/debug/deps/utility_paint_tests-5af09cd795b66b76)

running 2 tests
test surface_write_str_handles_double_width ... ok
test parse_px_accepts_px_suffix_and_raw ... ok

test result: ok. 2 passed; 0 failed; 0 ignored; 0 measured; 0 filtered out; finished in 0.00s

     Running tests/windows_platform.rs (target/debug/deps/windows_platform-6dd1f5978c639ad1)

running 0 tests

test result: ok. 0 passed; 0 failed; 0 ignored; 0 measured; 0 filtered out; finished in 0.00s

     Running tests/z_index_tests.rs (target/debug/deps/z_index_tests-96bd0de91ede9cf1)

running 12 tests
test test_dropdown_z_index_scenario ... ok
test test_custom_z_index_values ... ok
test side_offsets_do_not_implicitly_choose_a_position_or_layer ... ok
test test_position_utilities_set_z_index ... ok
test test_popover_z_index_scenario ... ok
test test_invalid_z_index ... ok
test test_modal_z_index_scenario ... ok
test test_z_index_order_independence ... ok
test test_z_index_override ... ok
test test_z_index_utilities ... ok
test test_z_index_with_other_utilities ... ok
test numeric_side_offsets_preserve_position_and_layer ... ok

test result: ok. 12 passed; 0 failed; 0 ignored; 0 measured; 0 filtered out; finished in 0.00s

   Doc-tests reactive_tui

running 75 tests
test src/animation/api.rs - animation::api::animate (line 195) ... ignored
test src/animation/api.rs - animation::api::create_timeline (line 768) ... ignored
test src/animation/api.rs - animation::api::stagger_delay (line 600) ... ignored
test src/builder/core.rs - builder::core::ElementBuilder::styles (line 125) ... ignored
test src/builder/macros.rs - builder::macros::div (line 54) ... ok
test src/builder/widgets/accordion.rs - builder::widgets::accordion::simple_accordion (line 40) ... ok
test src/builder/widgets/breadcrumb.rs - builder::widgets::breadcrumb::application_breadcrumb (line 146) ... ok
test src/builder/macros.rs - builder::macros::el (line 9) ... ok
test src/builder/widgets/accordion.rs - builder::widgets::accordion::faq_accordion (line 94) ... ok
test src/builder/widgets/accordion.rs - builder::widgets::accordion::accordion (line 15) ... ok
test src/builder/widgets/accordion.rs - builder::widgets::accordion::navigation_accordion (line 120) ... ok
test src/builder/widgets/accordion.rs - builder::widgets::accordion::settings_accordion (line 66) ... ok
test src/builder/widgets/dialog.rs - builder::widgets::dialog::ModalBuilder (line 81) ... ignored
test src/builder/widgets/breadcrumb.rs - builder::widgets::breadcrumb::breadcrumb (line 15) ... ok
test src/builder/widgets/breadcrumb.rs - builder::widgets::breadcrumb::filesystem_breadcrumb (line 64) ... ok
test src/builder/widgets/breadcrumb.rs - builder::widgets::breadcrumb::path_breadcrumb (line 177) ... ok
test src/builder/widgets/display.rs - builder::widgets::display::PopoverBuilder (line 223) ... ignored
test src/builder/widgets/breadcrumb.rs - builder::widgets::breadcrumb::simple_breadcrumb (line 37) ... ok
test src/builder/widgets/breadcrumb.rs - builder::widgets::breadcrumb::compact_breadcrumb (line 119) ... ok
test src/builder/widgets/breadcrumb.rs - builder::widgets::breadcrumb::url_breadcrumb (line 217) ... ok
test src/builder/widgets/breadcrumb.rs - builder::widgets::breadcrumb::website_breadcrumb (line 93) ... ok
test src/builder/widgets/dialog.rs - builder::widgets::dialog::ToastBuilder (line 231) ... ok
test src/builder/widgets/dialog.rs - builder::widgets::dialog::modal (line 17) ... ok
test src/builder/widgets/dialog.rs - builder::widgets::dialog::toast (line 35) ... ok
test src/builder/widgets/file_explorer.rs - builder::widgets::file_explorer::code_project_explorer (line 61) ... ok
test src/builder/widgets/display.rs - builder::widgets::display::progress_bar (line 15) ... ok
test src/builder/widgets/display.rs - builder::widgets::display::ProgressBarBuilder (line 71) ... ok
test src/builder/widgets/file_explorer.rs - builder::widgets::file_explorer::compact_file_picker (line 165) ... ok
test src/builder/widgets/file_explorer.rs - builder::widgets::file_explorer::current_directory_explorer (line 220) ... ok
test src/builder/widgets/file_explorer.rs - builder::widgets::file_explorer::document_browser (line 128) ... ok
test src/builder/widgets/file_explorer.rs - builder::widgets::file_explorer::file_explorer (line 16) ... ok
test src/builder/widgets/file_explorer.rs - builder::widgets::file_explorer::home_directory_explorer (line 236) ... ok
test src/builder/widgets/file_explorer.rs - builder::widgets::file_explorer::filtered_file_explorer (line 253) ... ok
test src/builder/widgets/file_explorer.rs - builder::widgets::file_explorer::media_gallery_explorer (line 87) ... ok
test src/builder/widgets/input.rs - builder::widgets::input::CheckboxBuilder (line 216) ... ok
test src/builder/widgets/input.rs - builder::widgets::input::SelectBuilder (line 333) ... ok
test src/builder/widgets/file_explorer.rs - builder::widgets::file_explorer::system_file_manager (line 191) ... ok
test src/hooks/clipboard.rs - hooks::clipboard::use_clipboard (line 180) ... ignored
test src/hooks/clipboard.rs - hooks::clipboard::use_simple_clipboard (line 252) ... ignored
test src/hooks/fps.rs - hooks::fps::use_adaptive_quality (line 204) ... ignored
test src/hooks/fps.rs - hooks::fps::use_fps (line 39) ... ignored
test src/hooks/fps.rs - hooks::fps::use_frame_timing (line 159) ... ignored
test src/hooks/fps.rs - hooks::fps::use_performance (line 66) ... ignored
test src/hooks/fps.rs - hooks::fps::use_performance_mode (line 127) ... ignored
test src/hooks/mouse.rs - hooks::mouse::use_clicks (line 262) ... ignored
test src/hooks/mouse.rs - hooks::mouse::use_drag (line 100) ... ignored
test src/hooks/mouse.rs - hooks::mouse::use_drag_and_drop (line 166) ... ignored
test src/hooks/mouse.rs - hooks::mouse::use_gesture (line 388) ... ignored
test src/hooks/mouse.rs - hooks::mouse::use_hover (line 19) ... ignored
test src/hooks/mouse.rs - hooks::mouse::use_long_press (line 304) ... ignored
test src/hooks/mouse.rs - hooks::mouse::use_mouse_position (line 224) ... ignored
test src/hooks/mouse.rs - hooks::mouse::use_wheel (line 454) ... ignored
test src/hooks/refs.rs - hooks::refs::use_callback_ref (line 189) ... ignored
test src/hooks/refs.rs - hooks::refs::use_forwarded_ref (line 246) ... ignored
test src/hooks/refs.rs - hooks::refs::use_local_ref (line 130) ... ignored
test src/hooks/refs.rs - hooks::refs::use_multi_ref (line 318) ... ignored
test src/hooks/refs.rs - hooks::refs::use_ref (line 99) ... ignored
test src/hooks/timer.rs - hooks::timer::use_debounce (line 70) ... ignored
test src/hooks/timer.rs - hooks::timer::use_interval (line 12) ... ignored
test src/hooks/timer.rs - hooks::timer::use_throttle (line 107) ... ignored
test src/hooks/timer.rs - hooks::timer::use_timeout (line 37) ... ignored
test src/builder/widgets/file_explorer.rs - builder::widgets::file_explorer::simple_file_browser (line 39) ... ok
test src/layout/css/css_in_rust.rs - layout::css::css_in_rust::css (line 52) ... ignored
test src/layout/css/css_in_rust.rs - layout::css::css_in_rust::flex_center (line 264) ... ignored
test src/layout/css/css_in_rust.rs - layout::css::css_in_rust::responsive_css (line 308) ... ignored
test src/lib.rs - (line 18) - compile ... ok
test src/builder/widgets/input.rs - builder::widgets::input::TextInputBuilder (line 83) ... ok
test src/theme/mod.rs - theme::Theme (line 30) ... ignored
test src/builder/widgets/input.rs - builder::widgets::input::text_input (line 15) ... ok
test src/builder/widgets/input.rs - builder::widgets::input::select (line 58) ... ok
test src/builder/widgets/input.rs - builder::widgets::input::checkbox (line 33) ... ok
test src/builder/widgets/layout.rs - builder::widgets::layout::TabsBuilder (line 48) ... ok
test src/builder/widgets/layout.rs - builder::widgets::layout::tabs (line 29) ... ok
test src/layout/css/css_in_rust.rs - layout::css::css_in_rust (line 13) ... ok
test src/lib.rs - builder (line 65) ... ok

test result: ok. 41 passed; 0 failed; 34 ignored; 0 measured; 0 filtered out; finished in 4.57s

