warning: unnecessary parentheses around closure body
  --> src/backend/crossterm/src/terminal/sys/unix.rs:87:50
   |
87 |     let file = File::open("/dev/tty").map(|file| (FileDesc::Owned(file.into())));
   |                                                  ^                            ^
   |
   = note: `#[warn(unused_parens)]` (part of `#[warn(unused)]`) on by default
help: remove these parentheses
   |
87 -     let file = File::open("/dev/tty").map(|file| (FileDesc::Owned(file.into())));
87 +     let file = File::open("/dev/tty").map(|file| FileDesc::Owned(file.into()));
   |

warning: `crossterm` (lib) generated 1 warning (run `cargo fix --lib -p crossterm` to apply 1 suggestion)
warning: method `serial` is never used
  --> src/event/router.rs:84:19
   |
83 | impl NodeId {
   | ----------- method in this implementation
84 |     pub(crate) fn serial(self) -> usize {
   |                   ^^^^^^
   |
   = note: `#[warn(dead_code)]` (part of `#[warn(unused)]`) on by default

warning: `reactive-tui` (lib) generated 1 warning
    Finished `test` profile [unoptimized + debuginfo] target(s) in 0.16s
     Running tests/api_performance_context.rs (target/debug/deps/api_performance_context-609146507ee84828)

running 10 tests
test actual_fps_tracks_presentation_cadence_instead_of_render_throughput ... ok
test concurrent_apps_route_worker_mode_requests_only_to_their_owner ... ok
test descendant_provider_overrides_app_performance_context ... ok
test errors_unwinds_and_unrun_drop_close_escaped_mode_setters ... ok
test mode_bursts_keep_latest_request_and_metrics_do_not_redraw_idle_apps ... ok
test nested_app_run_restores_outer_performance_context ... ok
test performance_hooks_keep_slots_when_context_appears_and_owner_closes ... ok
test repeated_mode_effects_and_cleanup_requests_return_to_idle ... ok
test sequential_apps_keep_snapshots_and_closed_setters_isolated ... ok
test standalone_globals_are_not_read_or_written_by_apps ... 
running 1 test
test standalone_globals_are_not_read_or_written_by_apps ... ok

test result: ok. 1 passed; 0 failed; 0 ignored; 0 measured; 9 filtered out; finished in 0.03s

ok

test result: ok. 10 passed; 0 failed; 0 ignored; 0 measured; 0 filtered out; finished in 1.48s

