{"started": "raw-receiver-idle", "pid": 3932988}
{"case": "raw-receiver-idle", "pid": 3932988, "exit": 0, "timeout": false, "reaped": true}
{"started": "parsed-receiver-idle", "pid": 3932991}
{"case": "parsed-receiver-idle", "pid": 3932991, "exit": 0, "timeout": false, "reaped": true}
{"started": "reused-descriptor", "pid": 3933142}
{"case": "reused-descriptor", "pid": 3933142, "exit": 0, "timeout": false, "reaped": true}
{"started": "raw-receiver-active", "pid": 3933147}
{"case": "raw-receiver-active", "pid": 3933147, "exit": 0, "timeout": false, "reaped": true}
{"started": "raw-receiver-full", "pid": 3933151}
{"case": "raw-receiver-full", "pid": 3933151, "exit": 0, "timeout": false, "reaped": true}
{"started": "raw-session-full", "pid": 3933271}
{"case": "raw-session-full", "pid": 3933271, "exit": 0, "timeout": false, "reaped": true}
{"started": "raw-session-idle", "pid": 3933394}
{"case": "raw-session-idle", "pid": 3933394, "exit": 0, "timeout": false, "reaped": true}
{"started": "parsed-receiver-full", "pid": 3933401}
{"case": "parsed-receiver-full", "pid": 3933401, "exit": 0, "timeout": false, "reaped": true}
{"started": "parsed-session-full", "pid": 3933634}
{"case": "parsed-session-full", "pid": 3933634, "exit": 0, "timeout": false, "reaped": true}
{"started": "parsed-session-idle", "pid": 3933822}
{"case": "parsed-session-idle", "pid": 3933822, "exit": 0, "timeout": false, "reaped": true}
{"started": "clone-owner", "pid": 3933963}
{"case": "clone-owner", "pid": 3933963, "exit": 0, "timeout": false, "reaped": true}
{"started": "independent-streams", "pid": 3933966}
{"case": "independent-streams", "pid": 3933966, "exit": 0, "timeout": false, "reaped": true}
{"started": "owned-iterator", "pid": 3933971}
{"case": "owned-iterator", "pid": 3933971, "exit": 0, "timeout": false, "reaped": true}
{"started": "concurrent-drop", "pid": 3933974}
{"case": "concurrent-drop", "pid": 3933974, "exit": 0, "timeout": false, "reaped": true}
