/home/shawn/workspace2/reactive-tui/.cairn/reviews/api-documentation/20260912T175017936266Z/c-0.c: In function ‘documentation_example’:
/home/shawn/workspace2/reactive-tui/.cairn/reviews/api-documentation/20260912T175017936266Z/c-0.c:3:1: error: unknown type name ‘ReactiveTerminal’; did you mean ‘RTuiTerminal’?
    3 | ReactiveTerminal* terminal = NULL;
      | ^~~~~~~~~~~~~~~~
      | RTuiTerminal
/home/shawn/workspace2/reactive-tui/.cairn/reviews/api-documentation/20260912T175017936266Z/c-0.c:4:1: error: unknown type name ‘ReactiveError’
    4 | ReactiveError err = rtui_terminal_create(&terminal);
      | ^~~~~~~~~~~~~
/home/shawn/workspace2/reactive-tui/.cairn/reviews/api-documentation/20260912T175017936266Z/c-0.c:4:42: error: passing argument 1 of ‘rtui_terminal_create’ from incompatible pointer type [-Wincompatible-pointer-types]
    4 | ReactiveError err = rtui_terminal_create(&terminal);
      |                                          ^~~~~~~~~
      |                                          |
      |                                          int **
In file included from /home/shawn/workspace2/reactive-tui/include/reactive_tui/core.h:7,
                 from /home/shawn/workspace2/reactive-tui/include/reactive_tui.h:62,
                 from /home/shawn/workspace2/reactive-tui/.cairn/reviews/api-documentation/20260912T175017936266Z/c-0.c:1:
/home/shawn/workspace2/reactive-tui/include/reactive_tui/native.h:396:52: note: expected ‘RTuiTerminal **’ but argument is of type ‘int **’
  396 | enum RTuiError rtui_terminal_create(RTuiTerminal **out_terminal);
      |                                     ~~~~~~~~~~~~~~~^~~~~~~~~~~~
/home/shawn/workspace2/reactive-tui/.cairn/reviews/api-documentation/20260912T175017936266Z/c-0.c:7:27: error: passing argument 1 of ‘rtui_terminal_destroy’ from incompatible pointer type [-Wincompatible-pointer-types]
    7 |     rtui_terminal_destroy(terminal);
      |                           ^~~~~~~~
      |                           |
      |                           int *
/home/shawn/workspace2/reactive-tui/include/reactive_tui/native.h:398:42: note: expected ‘RTuiTerminal *’ but argument is of type ‘int *’
  398 | void rtui_terminal_destroy(RTuiTerminal *terminal);
      |                            ~~~~~~~~~~~~~~^~~~~~~~
