
running 4 tests
test /home/shawn/workspace2/reactive-tui/.cairn/reviews/api-documentation/20260912T175017936266Z/rust-12.md - (line 3) - compile ... FAILED
test /home/shawn/workspace2/reactive-tui/.cairn/reviews/api-documentation/20260912T175017936266Z/rust-12.md - (line 17) - compile ... FAILED
test /home/shawn/workspace2/reactive-tui/.cairn/reviews/api-documentation/20260912T175017936266Z/rust-12.md - (line 57) - compile ... FAILED
test /home/shawn/workspace2/reactive-tui/.cairn/reviews/api-documentation/20260912T175017936266Z/rust-12.md - (line 35) - compile ... FAILED

failures:

---- /home/shawn/workspace2/reactive-tui/.cairn/reviews/api-documentation/20260912T175017936266Z/rust-12.md - (line 3) stdout ----
error[E0425]: cannot find type `Props` in this scope
 --> /home/shawn/workspace2/reactive-tui/.cairn/reviews/api-documentation/20260912T175017936266Z/rust-12.md:4:20
  |
4 | fn Counter(props: &Props, state: &mut State) -> Element {
  |                    ^^^^^ not found in this scope

error[E0425]: cannot find type `State` in this scope
 --> /home/shawn/workspace2/reactive-tui/.cairn/reviews/api-documentation/20260912T175017936266Z/rust-12.md:4:39
  |
4 | fn Counter(props: &Props, state: &mut State) -> Element {
  |                                       ^^^^^ not found in this scope

error[E0425]: cannot find type `Element` in this scope
 --> /home/shawn/workspace2/reactive-tui/.cairn/reviews/api-documentation/20260912T175017936266Z/rust-12.md:4:49
  |
4 | fn Counter(props: &Props, state: &mut State) -> Element {
  |                                                 ^^^^^^^ not found in this scope

error[E0425]: cannot find value `hooks` in this scope
 --> /home/shawn/workspace2/reactive-tui/.cairn/reviews/api-documentation/20260912T175017936266Z/rust-12.md:5:29
  |
5 |     let count = use_signal(&hooks, 0);
  |                             ^^^^^ not found in this scope

error[E0425]: cannot find value `hooks` in this scope
 --> /home/shawn/workspace2/reactive-tui/.cairn/reviews/api-documentation/20260912T175017936266Z/rust-12.md:7:19
  |
7 |     use_interval(&hooks, Duration::from_secs(1), move || {
  |                   ^^^^^ not found in this scope

error[E0433]: cannot find type `Duration` in this scope
 --> /home/shawn/workspace2/reactive-tui/.cairn/reviews/api-documentation/20260912T175017936266Z/rust-12.md:7:26
  |
7 |     use_interval(&hooks, Duration::from_secs(1), move || {
  |                          ^^^^^^^^ use of undeclared type `Duration`
  |
help: consider importing this struct
  |
3 + use std::time::Duration;
  |

error[E0425]: cannot find function `use_signal` in this scope
 --> /home/shawn/workspace2/reactive-tui/.cairn/reviews/api-documentation/20260912T175017936266Z/rust-12.md:5:17
  |
5 |     let count = use_signal(&hooks, 0);
  |                 ^^^^^^^^^^ not found in this scope

error[E0425]: cannot find function `use_interval` in this scope
 --> /home/shawn/workspace2/reactive-tui/.cairn/reviews/api-documentation/20260912T175017936266Z/rust-12.md:7:5
  |
7 |     use_interval(&hooks, Duration::from_secs(1), move || {
  |     ^^^^^^^^^^^^ not found in this scope

error[E0433]: cannot find type `Element` in this scope
  --> /home/shawn/workspace2/reactive-tui/.cairn/reviews/api-documentation/20260912T175017936266Z/rust-12.md:11:5
   |
11 |     Element::text(format!("Count: {}", count.get()))
   |     ^^^^^^^ use of undeclared type `Element`

error: aborting due to 9 previous errors

Some errors have detailed explanations: E0425, E0433.
For more information about an error, try `rustc --explain E0425`.
Couldn't compile the test.
---- /home/shawn/workspace2/reactive-tui/.cairn/reviews/api-documentation/20260912T175017936266Z/rust-12.md - (line 17) stdout ----
error[E0425]: cannot find type `Props` in this scope
  --> /home/shawn/workspace2/reactive-tui/.cairn/reviews/api-documentation/20260912T175017936266Z/rust-12.md:18:27
   |
18 | fn DelayedMessage(props: &Props, state: &mut State) -> Element {
   |                           ^^^^^ not found in this scope

error[E0425]: cannot find type `State` in this scope
  --> /home/shawn/workspace2/reactive-tui/.cairn/reviews/api-documentation/20260912T175017936266Z/rust-12.md:18:46
   |
18 | fn DelayedMessage(props: &Props, state: &mut State) -> Element {
   |                                              ^^^^^ not found in this scope

error[E0425]: cannot find type `Element` in this scope
  --> /home/shawn/workspace2/reactive-tui/.cairn/reviews/api-documentation/20260912T175017936266Z/rust-12.md:18:56
   |
18 | fn DelayedMessage(props: &Props, state: &mut State) -> Element {
   |                                                        ^^^^^^^ not found in this scope

error[E0425]: cannot find value `hooks` in this scope
  --> /home/shawn/workspace2/reactive-tui/.cairn/reviews/api-documentation/20260912T175017936266Z/rust-12.md:19:36
   |
19 |     let show_message = use_signal(&hooks, false);
   |                                    ^^^^^ not found in this scope

error[E0425]: cannot find value `hooks` in this scope
  --> /home/shawn/workspace2/reactive-tui/.cairn/reviews/api-documentation/20260912T175017936266Z/rust-12.md:21:18
   |
21 |     use_timeout(&hooks, Duration::from_secs(3), move || {
   |                  ^^^^^ not found in this scope

error[E0433]: cannot find type `Duration` in this scope
  --> /home/shawn/workspace2/reactive-tui/.cairn/reviews/api-documentation/20260912T175017936266Z/rust-12.md:21:25
   |
21 |     use_timeout(&hooks, Duration::from_secs(3), move || {
   |                         ^^^^^^^^ use of undeclared type `Duration`
   |
help: consider importing this struct
   |
17 + use std::time::Duration;
   |

error[E0425]: cannot find function `use_signal` in this scope
  --> /home/shawn/workspace2/reactive-tui/.cairn/reviews/api-documentation/20260912T175017936266Z/rust-12.md:19:24
   |
19 |     let show_message = use_signal(&hooks, false);
   |                        ^^^^^^^^^^ not found in this scope

error[E0425]: cannot find function `use_timeout` in this scope
  --> /home/shawn/workspace2/reactive-tui/.cairn/reviews/api-documentation/20260912T175017936266Z/rust-12.md:21:5
   |
21 |     use_timeout(&hooks, Duration::from_secs(3), move || {
   |     ^^^^^^^^^^^ not found in this scope

error[E0433]: cannot find type `Element` in this scope
  --> /home/shawn/workspace2/reactive-tui/.cairn/reviews/api-documentation/20260912T175017936266Z/rust-12.md:26:9
   |
26 |         Element::text("Time's up!")
   |         ^^^^^^^ use of undeclared type `Element`

error[E0433]: cannot find type `Element` in this scope
  --> /home/shawn/workspace2/reactive-tui/.cairn/reviews/api-documentation/20260912T175017936266Z/rust-12.md:28:9
   |
28 |         Element::text("Waiting...")
   |         ^^^^^^^ use of undeclared type `Element`

error: aborting due to 10 previous errors

Some errors have detailed explanations: E0425, E0433.
For more information about an error, try `rustc --explain E0425`.
Couldn't compile the test.
---- /home/shawn/workspace2/reactive-tui/.cairn/reviews/api-documentation/20260912T175017936266Z/rust-12.md - (line 57) stdout ----
error[E0425]: cannot find type `Props` in this scope
  --> /home/shawn/workspace2/reactive-tui/.cairn/reviews/api-documentation/20260912T175017936266Z/rust-12.md:58:26
   |
58 | fn ScrollTracker(props: &Props, state: &mut State) -> Element {
   |                          ^^^^^ not found in this scope

error[E0425]: cannot find type `State` in this scope
  --> /home/shawn/workspace2/reactive-tui/.cairn/reviews/api-documentation/20260912T175017936266Z/rust-12.md:58:45
   |
58 | fn ScrollTracker(props: &Props, state: &mut State) -> Element {
   |                                             ^^^^^ not found in this scope

error[E0425]: cannot find type `Element` in this scope
  --> /home/shawn/workspace2/reactive-tui/.cairn/reviews/api-documentation/20260912T175017936266Z/rust-12.md:58:55
   |
58 | fn ScrollTracker(props: &Props, state: &mut State) -> Element {
   |                                                       ^^^^^^^ not found in this scope

error[E0425]: cannot find value `hooks` in this scope
  --> /home/shawn/workspace2/reactive-tui/.cairn/reviews/api-documentation/20260912T175017936266Z/rust-12.md:59:39
   |
59 |     let scroll_position = use_signal(&hooks, 0);
   |                                       ^^^^^ not found in this scope

error[E0425]: cannot find value `hooks` in this scope
  --> /home/shawn/workspace2/reactive-tui/.cairn/reviews/api-documentation/20260912T175017936266Z/rust-12.md:61:40
   |
61 |     let throttled_save = use_throttle(&hooks, Duration::from_millis(1000), move |pos: i32| {
   |                                        ^^^^^ not found in this scope

error[E0433]: cannot find type `Duration` in this scope
  --> /home/shawn/workspace2/reactive-tui/.cairn/reviews/api-documentation/20260912T175017936266Z/rust-12.md:61:47
   |
61 |     let throttled_save = use_throttle(&hooks, Duration::from_millis(1000), move |pos: i32| {
   |                                               ^^^^^^^^ use of undeclared type `Duration`
   |
help: consider importing this struct
   |
57 + use std::time::Duration;
   |

error[E0425]: cannot find function `use_signal` in this scope
  --> /home/shawn/workspace2/reactive-tui/.cairn/reviews/api-documentation/20260912T175017936266Z/rust-12.md:59:27
   |
59 |     let scroll_position = use_signal(&hooks, 0);
   |                           ^^^^^^^^^^ not found in this scope

error[E0425]: cannot find function `save_scroll_position` in this scope
  --> /home/shawn/workspace2/reactive-tui/.cairn/reviews/api-documentation/20260912T175017936266Z/rust-12.md:63:9
   |
63 |         save_scroll_position(pos);
   |         ^^^^^^^^^^^^^^^^^^^^
   |
help: a local variable with a similar name exists
   |
63 -         save_scroll_position(pos);
63 +         scroll_position(pos);
   |

error[E0425]: cannot find function `use_throttle` in this scope
  --> /home/shawn/workspace2/reactive-tui/.cairn/reviews/api-documentation/20260912T175017936266Z/rust-12.md:61:26
   |
61 |     let throttled_save = use_throttle(&hooks, Duration::from_millis(1000), move |pos: i32| {
   |                          ^^^^^^^^^^^^ not found in this scope

error[E0433]: cannot find type `Element` in this scope
  --> /home/shawn/workspace2/reactive-tui/.cairn/reviews/api-documentation/20260912T175017936266Z/rust-12.md:66:5
   |
66 |     Element::scrollable()
   |     ^^^^^^^ use of undeclared type `Element`

error: aborting due to 10 previous errors

Some errors have detailed explanations: E0425, E0433.
For more information about an error, try `rustc --explain E0425`.
Couldn't compile the test.
---- /home/shawn/workspace2/reactive-tui/.cairn/reviews/api-documentation/20260912T175017936266Z/rust-12.md - (line 35) stdout ----
error[E0425]: cannot find type `Props` in this scope
  --> /home/shawn/workspace2/reactive-tui/.cairn/reviews/api-documentation/20260912T175017936266Z/rust-12.md:36:22
   |
36 | fn SearchBox(props: &Props, state: &mut State) -> Element {
   |                      ^^^^^ not found in this scope

error[E0425]: cannot find type `State` in this scope
  --> /home/shawn/workspace2/reactive-tui/.cairn/reviews/api-documentation/20260912T175017936266Z/rust-12.md:36:41
   |
36 | fn SearchBox(props: &Props, state: &mut State) -> Element {
   |                                         ^^^^^ not found in this scope

error[E0425]: cannot find type `Element` in this scope
  --> /home/shawn/workspace2/reactive-tui/.cairn/reviews/api-documentation/20260912T175017936266Z/rust-12.md:36:51
   |
36 | fn SearchBox(props: &Props, state: &mut State) -> Element {
   |                                                   ^^^^^^^ not found in this scope

error[E0425]: cannot find value `hooks` in this scope
  --> /home/shawn/workspace2/reactive-tui/.cairn/reviews/api-documentation/20260912T175017936266Z/rust-12.md:37:35
   |
37 |     let search_term = use_signal(&hooks, String::new());
   |                                   ^^^^^ not found in this scope

error[E0425]: cannot find value `hooks` in this scope
  --> /home/shawn/workspace2/reactive-tui/.cairn/reviews/api-documentation/20260912T175017936266Z/rust-12.md:38:38
   |
38 |     let search_results = use_signal(&hooks, Vec::<String>::new());
   |                                      ^^^^^ not found in this scope

error[E0425]: cannot find value `hooks` in this scope
  --> /home/shawn/workspace2/reactive-tui/.cairn/reviews/api-documentation/20260912T175017936266Z/rust-12.md:40:42
   |
40 |     let debounced_search = use_debounce(&hooks, Duration::from_millis(300), move |term: String| {
   |                                          ^^^^^ not found in this scope

error[E0433]: cannot find type `Duration` in this scope
  --> /home/shawn/workspace2/reactive-tui/.cairn/reviews/api-documentation/20260912T175017936266Z/rust-12.md:40:49
   |
40 |     let debounced_search = use_debounce(&hooks, Duration::from_millis(300), move |term: String| {
   |                                                 ^^^^^^^^ use of undeclared type `Duration`
   |
help: consider importing this struct
   |
35 + use std::time::Duration;
   |

error[E0425]: cannot find function `use_signal` in this scope
  --> /home/shawn/workspace2/reactive-tui/.cairn/reviews/api-documentation/20260912T175017936266Z/rust-12.md:37:23
   |
37 |     let search_term = use_signal(&hooks, String::new());
   |                       ^^^^^^^^^^ not found in this scope

error[E0425]: cannot find function `use_signal` in this scope
  --> /home/shawn/workspace2/reactive-tui/.cairn/reviews/api-documentation/20260912T175017936266Z/rust-12.md:38:26
   |
38 |     let search_results = use_signal(&hooks, Vec::<String>::new());
   |                          ^^^^^^^^^^ not found in this scope

error[E0425]: cannot find function `perform_search` in this scope
  --> /home/shawn/workspace2/reactive-tui/.cairn/reviews/api-documentation/20260912T175017936266Z/rust-12.md:42:23
   |
42 |         let results = perform_search(&term);
   |                       ^^^^^^^^^^^^^^ not found in this scope

error[E0425]: cannot find function `use_debounce` in this scope
  --> /home/shawn/workspace2/reactive-tui/.cairn/reviews/api-documentation/20260912T175017936266Z/rust-12.md:40:28
   |
40 |     let debounced_search = use_debounce(&hooks, Duration::from_millis(300), move |term: String| {
   |                            ^^^^^^^^^^^^ not found in this scope

error[E0433]: cannot find type `Element` in this scope
  --> /home/shawn/workspace2/reactive-tui/.cairn/reviews/api-documentation/20260912T175017936266Z/rust-12.md:46:5
   |
46 |     Element::input()
   |     ^^^^^^^ use of undeclared type `Element`

error: aborting due to 12 previous errors

Some errors have detailed explanations: E0425, E0433.
For more information about an error, try `rustc --explain E0425`.
Couldn't compile the test.

failures:
    /home/shawn/workspace2/reactive-tui/.cairn/reviews/api-documentation/20260912T175017936266Z/rust-12.md - (line 17)
    /home/shawn/workspace2/reactive-tui/.cairn/reviews/api-documentation/20260912T175017936266Z/rust-12.md - (line 3)
    /home/shawn/workspace2/reactive-tui/.cairn/reviews/api-documentation/20260912T175017936266Z/rust-12.md - (line 35)
    /home/shawn/workspace2/reactive-tui/.cairn/reviews/api-documentation/20260912T175017936266Z/rust-12.md - (line 57)

test result: FAILED. 0 passed; 4 failed; 0 ignored; 0 measured; 0 filtered out; finished in 0.18s

