
running 2 tests
test /home/shawn/workspace2/reactive-tui/.cairn/reviews/api-documentation/20260912T175017936266Z/rust-8.md - (line 16) - compile ... FAILED
test /home/shawn/workspace2/reactive-tui/.cairn/reviews/api-documentation/20260912T175017936266Z/rust-8.md - (line 3) - compile ... FAILED

failures:

---- /home/shawn/workspace2/reactive-tui/.cairn/reviews/api-documentation/20260912T175017936266Z/rust-8.md - (line 16) stdout ----
error[E0425]: cannot find type `Props` in this scope
  --> /home/shawn/workspace2/reactive-tui/.cairn/reviews/api-documentation/20260912T175017936266Z/rust-8.md:17:23
   |
17 | fn TextEditor(props: &Props, state: &mut State) -> Element {
   |                       ^^^^^ not found in this scope

error[E0425]: cannot find type `State` in this scope
  --> /home/shawn/workspace2/reactive-tui/.cairn/reviews/api-documentation/20260912T175017936266Z/rust-8.md:17:42
   |
17 | fn TextEditor(props: &Props, state: &mut State) -> Element {
   |                                          ^^^^^ not found in this scope

error[E0425]: cannot find type `Element` in this scope
  --> /home/shawn/workspace2/reactive-tui/.cairn/reviews/api-documentation/20260912T175017936266Z/rust-8.md:17:52
   |
17 | fn TextEditor(props: &Props, state: &mut State) -> Element {
   |                                                    ^^^^^^^ not found in this scope

error[E0425]: cannot find value `hooks` in this scope
  --> /home/shawn/workspace2/reactive-tui/.cairn/reviews/api-documentation/20260912T175017936266Z/rust-8.md:18:47
   |
18 |     let (copy, paste) = use_simple_clipboard(&hooks);
   |                                               ^^^^^ not found in this scope

error[E0425]: cannot find function `use_simple_clipboard` in this scope
  --> /home/shawn/workspace2/reactive-tui/.cairn/reviews/api-documentation/20260912T175017936266Z/rust-8.md:18:25
   |
18 |     let (copy, paste) = use_simple_clipboard(&hooks);
   |                         ^^^^^^^^^^^^^^^^^^^^ not found in this scope

error[E0433]: cannot find type `Element` in this scope
  --> /home/shawn/workspace2/reactive-tui/.cairn/reviews/api-documentation/20260912T175017936266Z/rust-8.md:20:5
   |
20 |     Element::textarea()
   |     ^^^^^^^ use of undeclared type `Element`

error[E0433]: cannot find type `KeyCode` in this scope
  --> /home/shawn/workspace2/reactive-tui/.cairn/reviews/api-documentation/20260912T175017936266Z/rust-8.md:22:46
   |
22 |             if e.modifiers.ctrl && e.code == KeyCode::Char('c') {
   |                                              ^^^^^^^ use of undeclared type `KeyCode`

error[E0433]: cannot find type `KeyCode` in this scope
  --> /home/shawn/workspace2/reactive-tui/.cairn/reviews/api-documentation/20260912T175017936266Z/rust-8.md:24:53
   |
24 |             } else if e.modifiers.ctrl && e.code == KeyCode::Char('v') {
   |                                                     ^^^^^^^ use of undeclared type `KeyCode`

error: aborting due to 8 previous errors

Some errors have detailed explanations: E0425, E0433.
For more information about an error, try `rustc --explain E0425`.
Couldn't compile the test.
---- /home/shawn/workspace2/reactive-tui/.cairn/reviews/api-documentation/20260912T175017936266Z/rust-8.md - (line 3) stdout ----
error: cannot find macro `text` in this scope
  --> /home/shawn/workspace2/reactive-tui/.cairn/reviews/api-documentation/20260912T175017936266Z/rust-8.md:10:16
   |
10 |         .child(text!("Copy to clipboard"))
   |                ^^^^

error[E0425]: cannot find type `Props` in this scope
 --> /home/shawn/workspace2/reactive-tui/.cairn/reviews/api-documentation/20260912T175017936266Z/rust-8.md:4:23
  |
4 | fn CopyButton(props: &Props, state: &State) -> Element {
  |                       ^^^^^ not found in this scope

error[E0425]: cannot find type `State` in this scope
 --> /home/shawn/workspace2/reactive-tui/.cairn/reviews/api-documentation/20260912T175017936266Z/rust-8.md:4:38
  |
4 | fn CopyButton(props: &Props, state: &State) -> Element {
  |                                      ^^^^^ not found in this scope

error[E0425]: cannot find type `Element` in this scope
 --> /home/shawn/workspace2/reactive-tui/.cairn/reviews/api-documentation/20260912T175017936266Z/rust-8.md:4:48
  |
4 | fn CopyButton(props: &Props, state: &State) -> Element {
  |                                                ^^^^^^^ not found in this scope

error[E0425]: cannot find value `hooks` in this scope
 --> /home/shawn/workspace2/reactive-tui/.cairn/reviews/api-documentation/20260912T175017936266Z/rust-8.md:5:51
  |
5 |     let (clipboard, copy, paste) = use_clipboard(&hooks);
  |                                                   ^^^^^ not found in this scope

error[E0425]: cannot find function `use_clipboard` in this scope
 --> /home/shawn/workspace2/reactive-tui/.cairn/reviews/api-documentation/20260912T175017936266Z/rust-8.md:5:36
  |
5 |     let (clipboard, copy, paste) = use_clipboard(&hooks);
  |                                    ^^^^^^^^^^^^^ not found in this scope

error[E0433]: cannot find type `Element` in this scope
 --> /home/shawn/workspace2/reactive-tui/.cairn/reviews/api-documentation/20260912T175017936266Z/rust-8.md:7:5
  |
7 |     Element::button()
  |     ^^^^^^^ use of undeclared type `Element`

error: aborting due to 7 previous errors

Some errors have detailed explanations: E0425, E0433.
For more information about an error, try `rustc --explain E0425`.
Couldn't compile the test.

failures:
    /home/shawn/workspace2/reactive-tui/.cairn/reviews/api-documentation/20260912T175017936266Z/rust-8.md - (line 16)
    /home/shawn/workspace2/reactive-tui/.cairn/reviews/api-documentation/20260912T175017936266Z/rust-8.md - (line 3)

test result: FAILED. 0 passed; 2 failed; 0 ignored; 0 measured; 0 filtered out; finished in 0.06s

