
running 8 tests
test /home/shawn/workspace2/reactive-tui/.cairn/reviews/api-documentation/20260912T175017936266Z/rust-10.md - (line 135) - compile ... FAILED
test /home/shawn/workspace2/reactive-tui/.cairn/reviews/api-documentation/20260912T175017936266Z/rust-10.md - (line 3) - compile ... FAILED
test /home/shawn/workspace2/reactive-tui/.cairn/reviews/api-documentation/20260912T175017936266Z/rust-10.md - (line 66) - compile ... FAILED
test /home/shawn/workspace2/reactive-tui/.cairn/reviews/api-documentation/20260912T175017936266Z/rust-10.md - (line 78) - compile ... FAILED
test /home/shawn/workspace2/reactive-tui/.cairn/reviews/api-documentation/20260912T175017936266Z/rust-10.md - (line 95) - compile ... FAILED
test /home/shawn/workspace2/reactive-tui/.cairn/reviews/api-documentation/20260912T175017936266Z/rust-10.md - (line 18) - compile ... FAILED
test /home/shawn/workspace2/reactive-tui/.cairn/reviews/api-documentation/20260912T175017936266Z/rust-10.md - (line 117) - compile ... FAILED
test /home/shawn/workspace2/reactive-tui/.cairn/reviews/api-documentation/20260912T175017936266Z/rust-10.md - (line 36) - compile ... FAILED

failures:

---- /home/shawn/workspace2/reactive-tui/.cairn/reviews/api-documentation/20260912T175017936266Z/rust-10.md - (line 135) stdout ----
error: cannot find macro `text` in this scope
   --> /home/shawn/workspace2/reactive-tui/.cairn/reviews/api-documentation/20260912T175017936266Z/rust-10.md:142:16
    |
142 |         .child(text!("Scroll content here"))
    |                ^^^^

error[E0425]: cannot find type `Props` in this scope
   --> /home/shawn/workspace2/reactive-tui/.cairn/reviews/api-documentation/20260912T175017936266Z/rust-10.md:136:30
    |
136 | fn ScrollableContent(props: &Props, state: &mut State) -> Element {
    |                              ^^^^^ not found in this scope

error[E0425]: cannot find type `State` in this scope
   --> /home/shawn/workspace2/reactive-tui/.cairn/reviews/api-documentation/20260912T175017936266Z/rust-10.md:136:49
    |
136 | fn ScrollableContent(props: &Props, state: &mut State) -> Element {
    |                                                 ^^^^^ not found in this scope

error[E0425]: cannot find type `Element` in this scope
   --> /home/shawn/workspace2/reactive-tui/.cairn/reviews/api-documentation/20260912T175017936266Z/rust-10.md:136:59
    |
136 | fn ScrollableContent(props: &Props, state: &mut State) -> Element {
    |                                                           ^^^^^^^ not found in this scope

error[E0425]: cannot find function `use_wheel` in this scope
   --> /home/shawn/workspace2/reactive-tui/.cairn/reviews/api-documentation/20260912T175017936266Z/rust-10.md:137:17
    |
137 |     let wheel = use_wheel();
    |                 ^^^^^^^^^ not found in this scope

error[E0433]: cannot find type `Element` in this scope
   --> /home/shawn/workspace2/reactive-tui/.cairn/reviews/api-documentation/20260912T175017936266Z/rust-10.md:139:5
    |
139 |     Element::new("div")
    |     ^^^^^^^ use of undeclared type `Element`

error: aborting due to 6 previous errors

Some errors have detailed explanations: E0425, E0433.
For more information about an error, try `rustc --explain E0425`.
Couldn't compile the test.
---- /home/shawn/workspace2/reactive-tui/.cairn/reviews/api-documentation/20260912T175017936266Z/rust-10.md - (line 3) stdout ----
error: cannot find macro `text` in this scope
  --> /home/shawn/workspace2/reactive-tui/.cairn/reviews/api-documentation/20260912T175017936266Z/rust-10.md:12:16
   |
12 |         .child(text!("Hover over me!"))
   |                ^^^^

error[E0425]: cannot find type `Props` in this scope
 --> /home/shawn/workspace2/reactive-tui/.cairn/reviews/api-documentation/20260912T175017936266Z/rust-10.md:4:17
  |
4 | fn Card(props: &Props, state: &State) -> Element {
  |                 ^^^^^ not found in this scope

error[E0425]: cannot find type `State` in this scope
 --> /home/shawn/workspace2/reactive-tui/.cairn/reviews/api-documentation/20260912T175017936266Z/rust-10.md:4:32
  |
4 | fn Card(props: &Props, state: &State) -> Element {
  |                                ^^^^^ not found in this scope

error[E0425]: cannot find type `Element` in this scope
 --> /home/shawn/workspace2/reactive-tui/.cairn/reviews/api-documentation/20260912T175017936266Z/rust-10.md:4:42
  |
4 | fn Card(props: &Props, state: &State) -> Element {
  |                                          ^^^^^^^ not found in this scope

error[E0425]: cannot find function `use_hover` in this scope
 --> /home/shawn/workspace2/reactive-tui/.cairn/reviews/api-documentation/20260912T175017936266Z/rust-10.md:5:17
  |
5 |     let hover = use_hover();
  |                 ^^^^^^^^^ not found in this scope

error[E0433]: cannot find type `Element` in this scope
 --> /home/shawn/workspace2/reactive-tui/.cairn/reviews/api-documentation/20260912T175017936266Z/rust-10.md:7:5
  |
7 |     Element::new("div")
  |     ^^^^^^^ use of undeclared type `Element`

error: aborting due to 6 previous errors

Some errors have detailed explanations: E0425, E0433.
For more information about an error, try `rustc --explain E0425`.
Couldn't compile the test.
---- /home/shawn/workspace2/reactive-tui/.cairn/reviews/api-documentation/20260912T175017936266Z/rust-10.md - (line 66) stdout ----
error: cannot find macro `text` in this scope
  --> /home/shawn/workspace2/reactive-tui/.cairn/reviews/api-documentation/20260912T175017936266Z/rust-10.md:72:16
   |
72 |         .child(text!("Mouse position: {:?}", mouse.position))
   |                ^^^^

error[E0425]: cannot find type `Props` in this scope
  --> /home/shawn/workspace2/reactive-tui/.cairn/reviews/api-documentation/20260912T175017936266Z/rust-10.md:67:25
   |
67 | fn MouseTracker(props: &Props, state: &State) -> Element {
   |                         ^^^^^ not found in this scope

error[E0425]: cannot find type `State` in this scope
  --> /home/shawn/workspace2/reactive-tui/.cairn/reviews/api-documentation/20260912T175017936266Z/rust-10.md:67:40
   |
67 | fn MouseTracker(props: &Props, state: &State) -> Element {
   |                                        ^^^^^ not found in this scope

error[E0425]: cannot find type `Element` in this scope
  --> /home/shawn/workspace2/reactive-tui/.cairn/reviews/api-documentation/20260912T175017936266Z/rust-10.md:67:50
   |
67 | fn MouseTracker(props: &Props, state: &State) -> Element {
   |                                                  ^^^^^^^ not found in this scope

error[E0425]: cannot find function `use_mouse_position` in this scope
  --> /home/shawn/workspace2/reactive-tui/.cairn/reviews/api-documentation/20260912T175017936266Z/rust-10.md:68:17
   |
68 |     let mouse = use_mouse_position();
   |                 ^^^^^^^^^^^^^^^^^^ not found in this scope

error[E0433]: cannot find type `Element` in this scope
  --> /home/shawn/workspace2/reactive-tui/.cairn/reviews/api-documentation/20260912T175017936266Z/rust-10.md:70:5
   |
70 |     Element::new("div")
   |     ^^^^^^^ use of undeclared type `Element`

error: aborting due to 6 previous errors

Some errors have detailed explanations: E0425, E0433.
For more information about an error, try `rustc --explain E0425`.
Couldn't compile the test.
---- /home/shawn/workspace2/reactive-tui/.cairn/reviews/api-documentation/20260912T175017936266Z/rust-10.md - (line 78) stdout ----
error: cannot find macro `text` in this scope
  --> /home/shawn/workspace2/reactive-tui/.cairn/reviews/api-documentation/20260912T175017936266Z/rust-10.md:85:16
   |
85 |         .child(text!(
   |                ^^^^

error[E0425]: cannot find type `Props` in this scope
  --> /home/shawn/workspace2/reactive-tui/.cairn/reviews/api-documentation/20260912T175017936266Z/rust-10.md:79:26
   |
79 | fn ClickableItem(props: &Props, state: &mut State) -> Element {
   |                          ^^^^^ not found in this scope

error[E0425]: cannot find type `State` in this scope
  --> /home/shawn/workspace2/reactive-tui/.cairn/reviews/api-documentation/20260912T175017936266Z/rust-10.md:79:45
   |
79 | fn ClickableItem(props: &Props, state: &mut State) -> Element {
   |                                             ^^^^^ not found in this scope

error[E0425]: cannot find type `Element` in this scope
  --> /home/shawn/workspace2/reactive-tui/.cairn/reviews/api-documentation/20260912T175017936266Z/rust-10.md:79:55
   |
79 | fn ClickableItem(props: &Props, state: &mut State) -> Element {
   |                                                       ^^^^^^^ not found in this scope

error[E0425]: cannot find function `use_clicks` in this scope
  --> /home/shawn/workspace2/reactive-tui/.cairn/reviews/api-documentation/20260912T175017936266Z/rust-10.md:80:18
   |
80 |     let clicks = use_clicks();
   |                  ^^^^^^^^^^ not found in this scope

error[E0433]: cannot find type `Element` in this scope
  --> /home/shawn/workspace2/reactive-tui/.cairn/reviews/api-documentation/20260912T175017936266Z/rust-10.md:82:5
   |
82 |     Element::new("div")
   |     ^^^^^^^ use of undeclared type `Element`

error: aborting due to 6 previous errors

Some errors have detailed explanations: E0425, E0433.
For more information about an error, try `rustc --explain E0425`.
Couldn't compile the test.
---- /home/shawn/workspace2/reactive-tui/.cairn/reviews/api-documentation/20260912T175017936266Z/rust-10.md - (line 95) stdout ----
error: cannot find macro `text` in this scope
   --> /home/shawn/workspace2/reactive-tui/.cairn/reviews/api-documentation/20260912T175017936266Z/rust-10.md:104:16
    |
104 |         .child(text!(
    |                ^^^^

error[E0425]: cannot find type `Props` in this scope
  --> /home/shawn/workspace2/reactive-tui/.cairn/reviews/api-documentation/20260912T175017936266Z/rust-10.md:96:28
   |
96 | fn LongPressButton(props: &Props, state: &mut State) -> Element {
   |                            ^^^^^ not found in this scope

error[E0425]: cannot find type `State` in this scope
  --> /home/shawn/workspace2/reactive-tui/.cairn/reviews/api-documentation/20260912T175017936266Z/rust-10.md:96:47
   |
96 | fn LongPressButton(props: &Props, state: &mut State) -> Element {
   |                                               ^^^^^ not found in this scope

error[E0425]: cannot find type `Element` in this scope
  --> /home/shawn/workspace2/reactive-tui/.cairn/reviews/api-documentation/20260912T175017936266Z/rust-10.md:96:57
   |
96 | fn LongPressButton(props: &Props, state: &mut State) -> Element {
   |                                                         ^^^^^^^ not found in this scope

error[E0433]: cannot find type `Duration` in this scope
  --> /home/shawn/workspace2/reactive-tui/.cairn/reviews/api-documentation/20260912T175017936266Z/rust-10.md:97:37
   |
97 |     let long_press = use_long_press(Duration::from_millis(800));
   |                                     ^^^^^^^^ use of undeclared type `Duration`
   |
help: consider importing this struct
   |
95 + use std::time::Duration;
   |

error[E0425]: cannot find function `use_long_press` in this scope
  --> /home/shawn/workspace2/reactive-tui/.cairn/reviews/api-documentation/20260912T175017936266Z/rust-10.md:97:22
   |
97 |     let long_press = use_long_press(Duration::from_millis(800));
   |                      ^^^^^^^^^^^^^^ not found in this scope

error[E0433]: cannot find type `Element` in this scope
  --> /home/shawn/workspace2/reactive-tui/.cairn/reviews/api-documentation/20260912T175017936266Z/rust-10.md:99:5
   |
99 |     Element::new("button")
   |     ^^^^^^^ use of undeclared type `Element`

error: aborting due to 7 previous errors

Some errors have detailed explanations: E0425, E0433.
For more information about an error, try `rustc --explain E0425`.
Couldn't compile the test.
---- /home/shawn/workspace2/reactive-tui/.cairn/reviews/api-documentation/20260912T175017936266Z/rust-10.md - (line 18) stdout ----
error: cannot find macro `text` in this scope
  --> /home/shawn/workspace2/reactive-tui/.cairn/reviews/api-documentation/20260912T175017936266Z/rust-10.md:30:16
   |
30 |         .child(text!("Drag me around!"))
   |                ^^^^

error[E0425]: cannot find type `Props` in this scope
  --> /home/shawn/workspace2/reactive-tui/.cairn/reviews/api-documentation/20260912T175017936266Z/rust-10.md:19:26
   |
19 | fn DraggableItem(props: &Props, state: &mut State) -> Element {
   |                          ^^^^^ not found in this scope

error[E0425]: cannot find type `State` in this scope
  --> /home/shawn/workspace2/reactive-tui/.cairn/reviews/api-documentation/20260912T175017936266Z/rust-10.md:19:45
   |
19 | fn DraggableItem(props: &Props, state: &mut State) -> Element {
   |                                             ^^^^^ not found in this scope

error[E0425]: cannot find type `Element` in this scope
  --> /home/shawn/workspace2/reactive-tui/.cairn/reviews/api-documentation/20260912T175017936266Z/rust-10.md:19:55
   |
19 | fn DraggableItem(props: &Props, state: &mut State) -> Element {
   |                                                       ^^^^^^^ not found in this scope

error[E0425]: cannot find function `use_drag` in this scope
  --> /home/shawn/workspace2/reactive-tui/.cairn/reviews/api-documentation/20260912T175017936266Z/rust-10.md:20:16
   |
20 |     let drag = use_drag();
   |                ^^^^^^^^ not found in this scope

error[E0433]: cannot find type `Element` in this scope
  --> /home/shawn/workspace2/reactive-tui/.cairn/reviews/api-documentation/20260912T175017936266Z/rust-10.md:22:5
   |
22 |     Element::new("div")
   |     ^^^^^^^ use of undeclared type `Element`

error: aborting due to 6 previous errors

Some errors have detailed explanations: E0425, E0433.
For more information about an error, try `rustc --explain E0425`.
Couldn't compile the test.
---- /home/shawn/workspace2/reactive-tui/.cairn/reviews/api-documentation/20260912T175017936266Z/rust-10.md - (line 117) stdout ----
error: cannot find macro `text` in this scope
   --> /home/shawn/workspace2/reactive-tui/.cairn/reviews/api-documentation/20260912T175017936266Z/rust-10.md:129:16
    |
129 |         .child(text!("{}", message))
    |                ^^^^

error[E0425]: cannot find type `Props` in this scope
   --> /home/shawn/workspace2/reactive-tui/.cairn/reviews/api-documentation/20260912T175017936266Z/rust-10.md:118:26
    |
118 | fn SwipeableCard(props: &Props, state: &mut State) -> Element {
    |                          ^^^^^ not found in this scope

error[E0425]: cannot find type `State` in this scope
   --> /home/shawn/workspace2/reactive-tui/.cairn/reviews/api-documentation/20260912T175017936266Z/rust-10.md:118:45
    |
118 | fn SwipeableCard(props: &Props, state: &mut State) -> Element {
    |                                             ^^^^^ not found in this scope

error[E0425]: cannot find type `Element` in this scope
   --> /home/shawn/workspace2/reactive-tui/.cairn/reviews/api-documentation/20260912T175017936266Z/rust-10.md:118:55
    |
118 | fn SwipeableCard(props: &Props, state: &mut State) -> Element {
    |                                                       ^^^^^^^ not found in this scope

error[E0425]: cannot find function `use_gesture` in this scope
   --> /home/shawn/workspace2/reactive-tui/.cairn/reviews/api-documentation/20260912T175017936266Z/rust-10.md:119:19
    |
119 |     let gesture = use_gesture();
    |                   ^^^^^^^^^^^ not found in this scope

error[E0433]: cannot find type `Element` in this scope
   --> /home/shawn/workspace2/reactive-tui/.cairn/reviews/api-documentation/20260912T175017936266Z/rust-10.md:127:5
    |
127 |     Element::new("div")
    |     ^^^^^^^ use of undeclared type `Element`

error[E0433]: cannot find type `GestureType` in this scope
   --> /home/shawn/workspace2/reactive-tui/.cairn/reviews/api-documentation/20260912T175017936266Z/rust-10.md:122:9
    |
122 |         GestureType::Swipe(SwipeDirection::Left) => "Swiped left!",
    |         ^^^^^^^^^^^ use of undeclared type `GestureType`

error[E0433]: cannot find type `SwipeDirection` in this scope
   --> /home/shawn/workspace2/reactive-tui/.cairn/reviews/api-documentation/20260912T175017936266Z/rust-10.md:122:28
    |
122 |         GestureType::Swipe(SwipeDirection::Left) => "Swiped left!",
    |                            ^^^^^^^^^^^^^^ use of undeclared type `SwipeDirection`

error[E0433]: cannot find type `GestureType` in this scope
   --> /home/shawn/workspace2/reactive-tui/.cairn/reviews/api-documentation/20260912T175017936266Z/rust-10.md:123:9
    |
123 |         GestureType::Swipe(SwipeDirection::Right) => "Swiped right!",
    |         ^^^^^^^^^^^ use of undeclared type `GestureType`

error[E0433]: cannot find type `SwipeDirection` in this scope
   --> /home/shawn/workspace2/reactive-tui/.cairn/reviews/api-documentation/20260912T175017936266Z/rust-10.md:123:28
    |
123 |         GestureType::Swipe(SwipeDirection::Right) => "Swiped right!",
    |                            ^^^^^^^^^^^^^^ use of undeclared type `SwipeDirection`

error: aborting due to 10 previous errors

Some errors have detailed explanations: E0425, E0433.
For more information about an error, try `rustc --explain E0425`.
Couldn't compile the test.
---- /home/shawn/workspace2/reactive-tui/.cairn/reviews/api-documentation/20260912T175017936266Z/rust-10.md - (line 36) stdout ----
error: cannot find macro `text` in this scope
  --> /home/shawn/workspace2/reactive-tui/.cairn/reviews/api-documentation/20260912T175017936266Z/rust-10.md:49:24
   |
49 |                 .child(text!("Drag me to a drop zone")),
   |                        ^^^^

error: cannot find macro `text` in this scope
  --> /home/shawn/workspace2/reactive-tui/.cairn/reviews/api-documentation/20260912T175017936266Z/rust-10.md:59:24
   |
59 |                 .child(text!("Drop Zone 1")),
   |                        ^^^^

error[E0425]: cannot find type `Props` in this scope
  --> /home/shawn/workspace2/reactive-tui/.cairn/reviews/api-documentation/20260912T175017936266Z/rust-10.md:37:28
   |
37 | fn DragAndDropDemo(props: &Props, state: &mut State) -> Element {
   |                            ^^^^^ not found in this scope

error[E0425]: cannot find type `State` in this scope
  --> /home/shawn/workspace2/reactive-tui/.cairn/reviews/api-documentation/20260912T175017936266Z/rust-10.md:37:47
   |
37 | fn DragAndDropDemo(props: &Props, state: &mut State) -> Element {
   |                                               ^^^^^ not found in this scope

error[E0425]: cannot find type `Element` in this scope
  --> /home/shawn/workspace2/reactive-tui/.cairn/reviews/api-documentation/20260912T175017936266Z/rust-10.md:37:57
   |
37 | fn DragAndDropDemo(props: &Props, state: &mut State) -> Element {
   |                                                         ^^^^^^^ not found in this scope

error[E0422]: cannot find struct, variant or union type `DragAndDropOptions` in this scope
  --> /home/shawn/workspace2/reactive-tui/.cairn/reviews/api-documentation/20260912T175017936266Z/rust-10.md:38:33
   |
38 |     let dnd = use_drag_and_drop(DragAndDropOptions {
   |                                 ^^^^^^^^^^^^^^^^^^ not found in this scope

error[E0425]: cannot find function `use_drag_and_drop` in this scope
  --> /home/shawn/workspace2/reactive-tui/.cairn/reviews/api-documentation/20260912T175017936266Z/rust-10.md:38:15
   |
38 |     let dnd = use_drag_and_drop(DragAndDropOptions {
   |               ^^^^^^^^^^^^^^^^^ not found in this scope

error[E0433]: cannot find type `Element` in this scope
  --> /home/shawn/workspace2/reactive-tui/.cairn/reviews/api-documentation/20260912T175017936266Z/rust-10.md:43:5
   |
43 |     Element::new("div")
   |     ^^^^^^^ use of undeclared type `Element`

error[E0433]: cannot find type `Element` in this scope
  --> /home/shawn/workspace2/reactive-tui/.cairn/reviews/api-documentation/20260912T175017936266Z/rust-10.md:46:13
   |
46 |             Element::new("div")
   |             ^^^^^^^ use of undeclared type `Element`

error[E0433]: cannot find type `Element` in this scope
  --> /home/shawn/workspace2/reactive-tui/.cairn/reviews/api-documentation/20260912T175017936266Z/rust-10.md:51:13
   |
51 |             Element::new("div")
   |             ^^^^^^^ use of undeclared type `Element`

error: aborting due to 10 previous errors

Some errors have detailed explanations: E0422, E0425, E0433.
For more information about an error, try `rustc --explain E0422`.
Couldn't compile the test.

failures:
    /home/shawn/workspace2/reactive-tui/.cairn/reviews/api-documentation/20260912T175017936266Z/rust-10.md - (line 117)
    /home/shawn/workspace2/reactive-tui/.cairn/reviews/api-documentation/20260912T175017936266Z/rust-10.md - (line 135)
    /home/shawn/workspace2/reactive-tui/.cairn/reviews/api-documentation/20260912T175017936266Z/rust-10.md - (line 18)
    /home/shawn/workspace2/reactive-tui/.cairn/reviews/api-documentation/20260912T175017936266Z/rust-10.md - (line 3)
    /home/shawn/workspace2/reactive-tui/.cairn/reviews/api-documentation/20260912T175017936266Z/rust-10.md - (line 36)
    /home/shawn/workspace2/reactive-tui/.cairn/reviews/api-documentation/20260912T175017936266Z/rust-10.md - (line 66)
    /home/shawn/workspace2/reactive-tui/.cairn/reviews/api-documentation/20260912T175017936266Z/rust-10.md - (line 78)
    /home/shawn/workspace2/reactive-tui/.cairn/reviews/api-documentation/20260912T175017936266Z/rust-10.md - (line 95)

test result: FAILED. 0 passed; 8 failed; 0 ignored; 0 measured; 0 filtered out; finished in 0.08s

