
running 14 tests
test /home/shawn/workspace2/reactive-tui/.cairn/reviews/api-documentation/20260912T175017936266Z/rust-2.md - (line 3) ... FAILED
test /home/shawn/workspace2/reactive-tui/.cairn/reviews/api-documentation/20260912T175017936266Z/rust-2.md - (line 100) ... FAILED
test /home/shawn/workspace2/reactive-tui/.cairn/reviews/api-documentation/20260912T175017936266Z/rust-2.md - (line 117) ... FAILED
test /home/shawn/workspace2/reactive-tui/.cairn/reviews/api-documentation/20260912T175017936266Z/rust-2.md - (line 29) ... FAILED
test /home/shawn/workspace2/reactive-tui/.cairn/reviews/api-documentation/20260912T175017936266Z/rust-2.md - (line 44) ... FAILED
test /home/shawn/workspace2/reactive-tui/.cairn/reviews/api-documentation/20260912T175017936266Z/rust-2.md - (line 126) ... FAILED
test /home/shawn/workspace2/reactive-tui/.cairn/reviews/api-documentation/20260912T175017936266Z/rust-2.md - (line 148) ... FAILED
test /home/shawn/workspace2/reactive-tui/.cairn/reviews/api-documentation/20260912T175017936266Z/rust-2.md - (line 107) ... FAILED
test /home/shawn/workspace2/reactive-tui/.cairn/reviews/api-documentation/20260912T175017936266Z/rust-2.md - (line 177) ... FAILED
test /home/shawn/workspace2/reactive-tui/.cairn/reviews/api-documentation/20260912T175017936266Z/rust-2.md - (line 140) ... FAILED
test /home/shawn/workspace2/reactive-tui/.cairn/reviews/api-documentation/20260912T175017936266Z/rust-2.md - (line 163) ... FAILED
test /home/shawn/workspace2/reactive-tui/.cairn/reviews/api-documentation/20260912T175017936266Z/rust-2.md - (line 18) ... FAILED
test /home/shawn/workspace2/reactive-tui/.cairn/reviews/api-documentation/20260912T175017936266Z/rust-2.md - (line 65) ... FAILED
test /home/shawn/workspace2/reactive-tui/.cairn/reviews/api-documentation/20260912T175017936266Z/rust-2.md - (line 82) ... FAILED

failures:

---- /home/shawn/workspace2/reactive-tui/.cairn/reviews/api-documentation/20260912T175017936266Z/rust-2.md - (line 3) stdout ----
error: expected one of `!` or `::`, found `EasingFunction`
 --> /home/shawn/workspace2/reactive-tui/.cairn/reviews/api-documentation/20260912T175017936266Z/rust-2.md:6:1
  |
5 | EasingFunction::SlideSmooth     // Perfect for screen slides with slight overshoot
  |                            - expected one of `!` or `::`
6 | EasingFunction::SnapBounce      // Quick snap with bounce - great for scale transitions
  | ^^^^^^^^^^^^^^ unexpected token

error: aborting due to 1 previous error

Couldn't compile the test.
---- /home/shawn/workspace2/reactive-tui/.cairn/reviews/api-documentation/20260912T175017936266Z/rust-2.md - (line 100) stdout ----
error[E0433]: cannot find type `TransitionConfig` in this scope
   --> /home/shawn/workspace2/reactive-tui/.cairn/reviews/api-documentation/20260912T175017936266Z/rust-2.md:101:14
    |
101 | let config = TransitionConfig::default()
    |              ^^^^^^^^^^^^^^^^ use of undeclared type `TransitionConfig`

error: aborting due to 1 previous error

For more information about this error, try `rustc --explain E0433`.
Couldn't compile the test.
---- /home/shawn/workspace2/reactive-tui/.cairn/reviews/api-documentation/20260912T175017936266Z/rust-2.md - (line 117) stdout ----
error[E0433]: cannot find type `TransitionConfig` in this scope
   --> /home/shawn/workspace2/reactive-tui/.cairn/reviews/api-documentation/20260912T175017936266Z/rust-2.md:118:14
    |
118 | let config = TransitionConfig::default()
    |              ^^^^^^^^^^^^^^^^ use of undeclared type `TransitionConfig`

error: aborting due to 1 previous error

For more information about this error, try `rustc --explain E0433`.
Couldn't compile the test.
---- /home/shawn/workspace2/reactive-tui/.cairn/reviews/api-documentation/20260912T175017936266Z/rust-2.md - (line 29) stdout ----
error[E0425]: cannot find type `TransitionType` in this scope
  --> /home/shawn/workspace2/reactive-tui/.cairn/reviews/api-documentation/20260912T175017936266Z/rust-2.md:31:26
   |
31 |     pub transition_type: TransitionType,
   |                          ^^^^^^^^^^^^^^ not found in this scope

error[E0425]: cannot find type `Duration` in this scope
  --> /home/shawn/workspace2/reactive-tui/.cairn/reviews/api-documentation/20260912T175017936266Z/rust-2.md:32:19
   |
32 |     pub duration: Duration,
   |                   ^^^^^^^^ not found in this scope
   |
help: consider importing this struct
   |
29 + use std::time::Duration;
   |

error[E0425]: cannot find type `EasingFunction` in this scope
  --> /home/shawn/workspace2/reactive-tui/.cairn/reviews/api-documentation/20260912T175017936266Z/rust-2.md:33:17
   |
33 |     pub easing: EasingFunction,
   |                 ^^^^^^^^^^^^^^ not found in this scope

error[E0425]: cannot find type `HashMap` in this scope
  --> /home/shawn/workspace2/reactive-tui/.cairn/reviews/api-documentation/20260912T175017936266Z/rust-2.md:38:28
   |
38 |     pub custom_properties: HashMap<String, f32>,         // Custom animation properties
   |                            ^^^^^^^ not found in this scope
   |
help: consider importing this struct
   |
29 + use std::collections::HashMap;
   |

error: aborting due to 4 previous errors

For more information about this error, try `rustc --explain E0425`.
Couldn't compile the test.
---- /home/shawn/workspace2/reactive-tui/.cairn/reviews/api-documentation/20260912T175017936266Z/rust-2.md - (line 44) stdout ----
error[E0433]: cannot find type `TransitionConfig` in this scope
  --> /home/shawn/workspace2/reactive-tui/.cairn/reviews/api-documentation/20260912T175017936266Z/rust-2.md:46:19
   |
46 | let smooth_fade = TransitionConfig::preset_smooth_fade()
   |                   ^^^^^^^^^^^^^^^^ use of undeclared type `TransitionConfig`

error[E0433]: cannot find type `TransitionConfig` in this scope
  --> /home/shawn/workspace2/reactive-tui/.cairn/reviews/api-documentation/20260912T175017936266Z/rust-2.md:50:19
   |
50 | let quick_slide = TransitionConfig::preset_quick_slide()
   |                   ^^^^^^^^^^^^^^^^ use of undeclared type `TransitionConfig`

error[E0433]: cannot find type `TransitionConfig` in this scope
  --> /home/shawn/workspace2/reactive-tui/.cairn/reviews/api-documentation/20260912T175017936266Z/rust-2.md:54:20
   |
54 | let bouncy_scale = TransitionConfig::preset_bouncy_scale()
   |                    ^^^^^^^^^^^^^^^^ use of undeclared type `TransitionConfig`

error[E0433]: cannot find type `TransitionConfig` in this scope
  --> /home/shawn/workspace2/reactive-tui/.cairn/reviews/api-documentation/20260912T175017936266Z/rust-2.md:58:21
   |
58 | let dramatic_flip = TransitionConfig::preset_dramatic_flip()
   |                     ^^^^^^^^^^^^^^^^ use of undeclared type `TransitionConfig`

error: aborting due to 4 previous errors

For more information about this error, try `rustc --explain E0433`.
Couldn't compile the test.
---- /home/shawn/workspace2/reactive-tui/.cairn/reviews/api-documentation/20260912T175017936266Z/rust-2.md - (line 126) stdout ----
error[E0433]: cannot find type `EasingFunction` in this scope
   --> /home/shawn/workspace2/reactive-tui/.cairn/reviews/api-documentation/20260912T175017936266Z/rust-2.md:128:19
    |
128 | let description = EasingFunction::SpringGentle.description();
    |                   ^^^^^^^^^^^^^^ use of undeclared type `EasingFunction`

error[E0433]: cannot find type `EasingFunction` in this scope
   --> /home/shawn/workspace2/reactive-tui/.cairn/reviews/api-documentation/20260912T175017936266Z/rust-2.md:132:14
    |
132 | let easing = EasingFunction::EaseOutBounce;
    |              ^^^^^^^^^^^^^^ use of undeclared type `EasingFunction`

error: aborting due to 2 previous errors

For more information about this error, try `rustc --explain E0433`.
Couldn't compile the test.
---- /home/shawn/workspace2/reactive-tui/.cairn/reviews/api-documentation/20260912T175017936266Z/rust-2.md - (line 148) stdout ----
error[E0425]: cannot find value `screen_manager` in this scope
   --> /home/shawn/workspace2/reactive-tui/.cairn/reviews/api-documentation/20260912T175017936266Z/rust-2.md:150:1
    |
150 | screen_manager.switch_to_with_transition(
    | ^^^^^^^^^^^^^^ not found in this scope

error[E0422]: cannot find struct, variant or union type `TransitionConfig` in this scope
   --> /home/shawn/workspace2/reactive-tui/.cairn/reviews/api-documentation/20260912T175017936266Z/rust-2.md:152:10
    |
152 |     Some(TransitionConfig {
    |          ^^^^^^^^^^^^^^^^ not found in this scope

error[E0433]: cannot find type `Duration` in this scope
   --> /home/shawn/workspace2/reactive-tui/.cairn/reviews/api-documentation/20260912T175017936266Z/rust-2.md:154:19
    |
154 |         duration: Duration::from_millis(300),
    |                   ^^^^^^^^ use of undeclared type `Duration`
    |
help: consider importing this struct
    |
148 + use std::time::Duration;
    |

error[E0433]: cannot find type `ScreenId` in this scope
   --> /home/shawn/workspace2/reactive-tui/.cairn/reviews/api-documentation/20260912T175017936266Z/rust-2.md:151:5
    |
151 |     ScreenId::new("settings"),
    |     ^^^^^^^^ use of undeclared type `ScreenId`

error[E0433]: cannot find type `TransitionType` in this scope
   --> /home/shawn/workspace2/reactive-tui/.cairn/reviews/api-documentation/20260912T175017936266Z/rust-2.md:153:26
    |
153 |         transition_type: TransitionType::SlideLeft,
    |                          ^^^^^^^^^^^^^^ use of undeclared type `TransitionType`

error[E0433]: cannot find type `EasingFunction` in this scope
   --> /home/shawn/workspace2/reactive-tui/.cairn/reviews/api-documentation/20260912T175017936266Z/rust-2.md:155:17
    |
155 |         easing: EasingFunction::SlideSmooth,
    |                 ^^^^^^^^^^^^^^ use of undeclared type `EasingFunction`

error: aborting due to 6 previous errors

Some errors have detailed explanations: E0422, E0425, E0433.
For more information about an error, try `rustc --explain E0422`.
Couldn't compile the test.
---- /home/shawn/workspace2/reactive-tui/.cairn/reviews/api-documentation/20260912T175017936266Z/rust-2.md - (line 107) stdout ----
error[E0425]: cannot find value `screen_manager` in this scope
   --> /home/shawn/workspace2/reactive-tui/.cairn/reviews/api-documentation/20260912T175017936266Z/rust-2.md:110:1
    |
110 | screen_manager.switch_to_with_transition(screen_id, Some(config))?;
    | ^^^^^^^^^^^^^^ not found in this scope

error[E0425]: cannot find value `screen_id` in this scope
   --> /home/shawn/workspace2/reactive-tui/.cairn/reviews/api-documentation/20260912T175017936266Z/rust-2.md:110:42
    |
110 | screen_manager.switch_to_with_transition(screen_id, Some(config))?;
    |                                          ^^^^^^^^^ not found in this scope

error[E0425]: cannot find value `config` in this scope
   --> /home/shawn/workspace2/reactive-tui/.cairn/reviews/api-documentation/20260912T175017936266Z/rust-2.md:110:58
    |
110 | screen_manager.switch_to_with_transition(screen_id, Some(config))?;
    |                                                          ^^^^^^ not found in this scope

error: aborting due to 3 previous errors

For more information about this error, try `rustc --explain E0425`.
Couldn't compile the test.
---- /home/shawn/workspace2/reactive-tui/.cairn/reviews/api-documentation/20260912T175017936266Z/rust-2.md - (line 177) stdout ----
error[E0422]: cannot find struct, variant or union type `TransitionConfig` in this scope
   --> /home/shawn/workspace2/reactive-tui/.cairn/reviews/api-documentation/20260912T175017936266Z/rust-2.md:179:21
    |
179 | let mobile_config = TransitionConfig {
    |                     ^^^^^^^^^^^^^^^^ not found in this scope

error[E0433]: cannot find type `Duration` in this scope
   --> /home/shawn/workspace2/reactive-tui/.cairn/reviews/api-documentation/20260912T175017936266Z/rust-2.md:181:15
    |
181 |     duration: Duration::from_millis(200),
    |               ^^^^^^^^ use of undeclared type `Duration`
    |
help: consider importing this struct
    |
177 + use std::time::Duration;
    |

error[E0433]: cannot find type `HashMap` in this scope
   --> /home/shawn/workspace2/reactive-tui/.cairn/reviews/api-documentation/20260912T175017936266Z/rust-2.md:186:25
    |
186 |         let mut props = HashMap::new();
    |                         ^^^^^^^ use of undeclared type `HashMap`
    |
help: consider importing this struct
    |
177 + use std::collections::HashMap;
    |

error[E0433]: cannot find type `TransitionType` in this scope
   --> /home/shawn/workspace2/reactive-tui/.cairn/reviews/api-documentation/20260912T175017936266Z/rust-2.md:180:22
    |
180 |     transition_type: TransitionType::Fade,
    |                      ^^^^^^^^^^^^^^ use of undeclared type `TransitionType`

error[E0433]: cannot find type `EasingFunction` in this scope
   --> /home/shawn/workspace2/reactive-tui/.cairn/reviews/api-documentation/20260912T175017936266Z/rust-2.md:182:13
    |
182 |     easing: EasingFunction::Linear,
    |             ^^^^^^^^^^^^^^ use of undeclared type `EasingFunction`

error: aborting due to 5 previous errors

Some errors have detailed explanations: E0422, E0433.
For more information about an error, try `rustc --explain E0422`.
Couldn't compile the test.
---- /home/shawn/workspace2/reactive-tui/.cairn/reviews/api-documentation/20260912T175017936266Z/rust-2.md - (line 140) stdout ----
error[E0433]: cannot find type `TransitionConfig` in this scope
   --> /home/shawn/workspace2/reactive-tui/.cairn/reviews/api-documentation/20260912T175017936266Z/rust-2.md:141:14
    |
141 | let config = TransitionConfig::preset_bouncy_scale();
    |              ^^^^^^^^^^^^^^^^ use of undeclared type `TransitionConfig`

error: aborting due to 1 previous error

For more information about this error, try `rustc --explain E0433`.
Couldn't compile the test.
---- /home/shawn/workspace2/reactive-tui/.cairn/reviews/api-documentation/20260912T175017936266Z/rust-2.md - (line 163) stdout ----
error[E0425]: cannot find value `screen_manager` in this scope
   --> /home/shawn/workspace2/reactive-tui/.cairn/reviews/api-documentation/20260912T175017936266Z/rust-2.md:172:1
    |
172 | screen_manager.switch_to_with_transition(ScreenId::new("game"), Some(config))?;
    | ^^^^^^^^^^^^^^ not found in this scope

error[E0433]: cannot find type `TransitionConfig` in this scope
   --> /home/shawn/workspace2/reactive-tui/.cairn/reviews/api-documentation/20260912T175017936266Z/rust-2.md:165:14
    |
165 | let config = TransitionConfig::preset_dramatic_flip()
    |              ^^^^^^^^^^^^^^^^ use of undeclared type `TransitionConfig`

error[E0433]: cannot find type `ScreenId` in this scope
   --> /home/shawn/workspace2/reactive-tui/.cairn/reviews/api-documentation/20260912T175017936266Z/rust-2.md:172:42
    |
172 | screen_manager.switch_to_with_transition(ScreenId::new("game"), Some(config))?;
    |                                          ^^^^^^^^ use of undeclared type `ScreenId`

error: aborting due to 3 previous errors

Some errors have detailed explanations: E0425, E0433.
For more information about an error, try `rustc --explain E0425`.
Couldn't compile the test.
---- /home/shawn/workspace2/reactive-tui/.cairn/reviews/api-documentation/20260912T175017936266Z/rust-2.md - (line 18) stdout ----
error[E0433]: cannot find type `EasingFunction` in this scope
  --> /home/shawn/workspace2/reactive-tui/.cairn/reviews/api-documentation/20260912T175017936266Z/rust-2.md:20:23
   |
20 | let recommendations = EasingFunction::recommended_for_transition(TransitionType::Fade);
   |                       ^^^^^^^^^^^^^^ use of undeclared type `EasingFunction`

error[E0433]: cannot find type `TransitionType` in this scope
  --> /home/shawn/workspace2/reactive-tui/.cairn/reviews/api-documentation/20260912T175017936266Z/rust-2.md:20:66
   |
20 | let recommendations = EasingFunction::recommended_for_transition(TransitionType::Fade);
   |                                                                  ^^^^^^^^^^^^^^ use of undeclared type `TransitionType`

error[E0433]: cannot find type `EasingFunction` in this scope
  --> /home/shawn/workspace2/reactive-tui/.cairn/reviews/api-documentation/20260912T175017936266Z/rust-2.md:23:29
   |
23 | let slide_recommendations = EasingFunction::recommended_for_transition(TransitionType::SlideLeft);
   |                             ^^^^^^^^^^^^^^ use of undeclared type `EasingFunction`

error[E0433]: cannot find type `TransitionType` in this scope
  --> /home/shawn/workspace2/reactive-tui/.cairn/reviews/api-documentation/20260912T175017936266Z/rust-2.md:23:72
   |
23 | let slide_recommendations = EasingFunction::recommended_for_transition(TransitionType::SlideLeft);
   |                                                                        ^^^^^^^^^^^^^^ use of undeclared type `TransitionType`

error: aborting due to 4 previous errors

For more information about this error, try `rustc --explain E0433`.
Couldn't compile the test.
---- /home/shawn/workspace2/reactive-tui/.cairn/reviews/api-documentation/20260912T175017936266Z/rust-2.md - (line 65) stdout ----
error[E0433]: cannot find type `TransitionConfig` in this scope
  --> /home/shawn/workspace2/reactive-tui/.cairn/reviews/api-documentation/20260912T175017936266Z/rust-2.md:67:14
   |
67 | let config = TransitionConfig::default()
   |              ^^^^^^^^^^^^^^^^ use of undeclared type `TransitionConfig`

error: aborting due to 1 previous error

For more information about this error, try `rustc --explain E0433`.
Couldn't compile the test.
---- /home/shawn/workspace2/reactive-tui/.cairn/reviews/api-documentation/20260912T175017936266Z/rust-2.md - (line 82) stdout ----
error[E0425]: cannot find value `screen_manager` in this scope
  --> /home/shawn/workspace2/reactive-tui/.cairn/reviews/api-documentation/20260912T175017936266Z/rust-2.md:84:1
   |
84 | screen_manager.switch_to_with_transition(
   | ^^^^^^^^^^^^^^ not found in this scope

error[E0433]: cannot find type `ScreenId` in this scope
  --> /home/shawn/workspace2/reactive-tui/.cairn/reviews/api-documentation/20260912T175017936266Z/rust-2.md:85:5
   |
85 |     ScreenId::new("settings"),
   |     ^^^^^^^^ use of undeclared type `ScreenId`

error[E0433]: cannot find type `TransitionConfig` in this scope
  --> /home/shawn/workspace2/reactive-tui/.cairn/reviews/api-documentation/20260912T175017936266Z/rust-2.md:86:10
   |
86 |     Some(TransitionConfig::preset_smooth_fade()
   |          ^^^^^^^^^^^^^^^^ use of undeclared type `TransitionConfig`

error: aborting due to 3 previous errors

Some errors have detailed explanations: E0425, E0433.
For more information about an error, try `rustc --explain E0425`.
Couldn't compile the test.

failures:
    /home/shawn/workspace2/reactive-tui/.cairn/reviews/api-documentation/20260912T175017936266Z/rust-2.md - (line 100)
    /home/shawn/workspace2/reactive-tui/.cairn/reviews/api-documentation/20260912T175017936266Z/rust-2.md - (line 107)
    /home/shawn/workspace2/reactive-tui/.cairn/reviews/api-documentation/20260912T175017936266Z/rust-2.md - (line 117)
    /home/shawn/workspace2/reactive-tui/.cairn/reviews/api-documentation/20260912T175017936266Z/rust-2.md - (line 126)
    /home/shawn/workspace2/reactive-tui/.cairn/reviews/api-documentation/20260912T175017936266Z/rust-2.md - (line 140)
    /home/shawn/workspace2/reactive-tui/.cairn/reviews/api-documentation/20260912T175017936266Z/rust-2.md - (line 148)
    /home/shawn/workspace2/reactive-tui/.cairn/reviews/api-documentation/20260912T175017936266Z/rust-2.md - (line 163)
    /home/shawn/workspace2/reactive-tui/.cairn/reviews/api-documentation/20260912T175017936266Z/rust-2.md - (line 177)
    /home/shawn/workspace2/reactive-tui/.cairn/reviews/api-documentation/20260912T175017936266Z/rust-2.md - (line 18)
    /home/shawn/workspace2/reactive-tui/.cairn/reviews/api-documentation/20260912T175017936266Z/rust-2.md - (line 29)
    /home/shawn/workspace2/reactive-tui/.cairn/reviews/api-documentation/20260912T175017936266Z/rust-2.md - (line 3)
    /home/shawn/workspace2/reactive-tui/.cairn/reviews/api-documentation/20260912T175017936266Z/rust-2.md - (line 44)
    /home/shawn/workspace2/reactive-tui/.cairn/reviews/api-documentation/20260912T175017936266Z/rust-2.md - (line 65)
    /home/shawn/workspace2/reactive-tui/.cairn/reviews/api-documentation/20260912T175017936266Z/rust-2.md - (line 82)

test result: FAILED. 0 passed; 14 failed; 0 ignored; 0 measured; 0 filtered out; finished in 0.11s

