
running 5 tests
test /home/shawn/workspace2/reactive-tui/.cairn/reviews/api-documentation/20260912T175017936266Z/rust-11.md - (line 24) - compile ... FAILED
test /home/shawn/workspace2/reactive-tui/.cairn/reviews/api-documentation/20260912T175017936266Z/rust-11.md - (line 41) - compile ... FAILED
test /home/shawn/workspace2/reactive-tui/.cairn/reviews/api-documentation/20260912T175017936266Z/rust-11.md - (line 57) - compile ... FAILED
test /home/shawn/workspace2/reactive-tui/.cairn/reviews/api-documentation/20260912T175017936266Z/rust-11.md - (line 3) - compile ... FAILED
test /home/shawn/workspace2/reactive-tui/.cairn/reviews/api-documentation/20260912T175017936266Z/rust-11.md - (line 73) - compile ... FAILED

failures:

---- /home/shawn/workspace2/reactive-tui/.cairn/reviews/api-documentation/20260912T175017936266Z/rust-11.md - (line 24) stdout ----
error[E0425]: cannot find type `Props` in this scope
  --> /home/shawn/workspace2/reactive-tui/.cairn/reviews/api-documentation/20260912T175017936266Z/rust-11.md:25:22
   |
25 | fn TextInput(props: &Props, state: &mut State) -> Element {
   |                      ^^^^^ not found in this scope

error[E0425]: cannot find type `State` in this scope
  --> /home/shawn/workspace2/reactive-tui/.cairn/reviews/api-documentation/20260912T175017936266Z/rust-11.md:25:41
   |
25 | fn TextInput(props: &Props, state: &mut State) -> Element {
   |                                         ^^^^^ not found in this scope

error[E0425]: cannot find type `Element` in this scope
  --> /home/shawn/workspace2/reactive-tui/.cairn/reviews/api-documentation/20260912T175017936266Z/rust-11.md:25:51
   |
25 | fn TextInput(props: &Props, state: &mut State) -> Element {
   |                                                   ^^^^^^^ not found in this scope

error[E0425]: cannot find value `hooks` in this scope
  --> /home/shawn/workspace2/reactive-tui/.cairn/reviews/api-documentation/20260912T175017936266Z/rust-11.md:26:36
   |
26 |     let input_ref = use_local_ref(&hooks, String::new());
   |                                    ^^^^^ not found in this scope

error[E0425]: cannot find function `use_local_ref` in this scope
  --> /home/shawn/workspace2/reactive-tui/.cairn/reviews/api-documentation/20260912T175017936266Z/rust-11.md:26:21
   |
26 |     let input_ref = use_local_ref(&hooks, String::new());
   |                     ^^^^^^^^^^^^^ not found in this scope

error[E0433]: cannot find type `Element` in this scope
  --> /home/shawn/workspace2/reactive-tui/.cairn/reviews/api-documentation/20260912T175017936266Z/rust-11.md:28:5
   |
28 |     Element::input()
   |     ^^^^^^^ use of undeclared type `Element`

error[E0425]: cannot find function `submit_form` in this scope
  --> /home/shawn/workspace2/reactive-tui/.cairn/reviews/api-documentation/20260912T175017936266Z/rust-11.md:34:13
   |
34 |             submit_form(value);
   |             ^^^^^^^^^^^ not found in this scope

error: aborting due to 7 previous errors

Some errors have detailed explanations: E0425, E0433.
For more information about an error, try `rustc --explain E0425`.
Couldn't compile the test.
---- /home/shawn/workspace2/reactive-tui/.cairn/reviews/api-documentation/20260912T175017936266Z/rust-11.md - (line 41) stdout ----
error[E0425]: cannot find type `Props` in this scope
  --> /home/shawn/workspace2/reactive-tui/.cairn/reviews/api-documentation/20260912T175017936266Z/rust-11.md:42:27
   |
42 | fn FocusableInput(props: &Props, state: &mut State) -> Element {
   |                           ^^^^^ not found in this scope

error[E0425]: cannot find type `State` in this scope
  --> /home/shawn/workspace2/reactive-tui/.cairn/reviews/api-documentation/20260912T175017936266Z/rust-11.md:42:46
   |
42 | fn FocusableInput(props: &Props, state: &mut State) -> Element {
   |                                              ^^^^^ not found in this scope

error[E0425]: cannot find type `Element` in this scope
  --> /home/shawn/workspace2/reactive-tui/.cairn/reviews/api-documentation/20260912T175017936266Z/rust-11.md:42:56
   |
42 | fn FocusableInput(props: &Props, state: &mut State) -> Element {
   |                                                        ^^^^^^^ not found in this scope

error[E0425]: cannot find value `hooks` in this scope
  --> /home/shawn/workspace2/reactive-tui/.cairn/reviews/api-documentation/20260912T175017936266Z/rust-11.md:43:39
   |
43 |     let input_ref = use_callback_ref(&hooks, |element: Option<DomElement>| {
   |                                       ^^^^^ not found in this scope

error[E0425]: cannot find type `DomElement` in this scope
  --> /home/shawn/workspace2/reactive-tui/.cairn/reviews/api-documentation/20260912T175017936266Z/rust-11.md:43:63
   |
43 |     let input_ref = use_callback_ref(&hooks, |element: Option<DomElement>| {
   |                                                               ^^^^^^^^^^ not found in this scope
   |
help: you might be missing a type parameter
   |
42 | fn FocusableInput<DomElement>(props: &Props, state: &mut State) -> Element {
   |                  ++++++++++++

error[E0425]: cannot find function `use_callback_ref` in this scope
  --> /home/shawn/workspace2/reactive-tui/.cairn/reviews/api-documentation/20260912T175017936266Z/rust-11.md:43:21
   |
43 |     let input_ref = use_callback_ref(&hooks, |element: Option<DomElement>| {
   |                     ^^^^^^^^^^^^^^^^ not found in this scope

error[E0433]: cannot find type `Element` in this scope
  --> /home/shawn/workspace2/reactive-tui/.cairn/reviews/api-documentation/20260912T175017936266Z/rust-11.md:49:5
   |
49 |     Element::input()
   |     ^^^^^^^ use of undeclared type `Element`

error: aborting due to 7 previous errors

Some errors have detailed explanations: E0425, E0433.
For more information about an error, try `rustc --explain E0425`.
Couldn't compile the test.
---- /home/shawn/workspace2/reactive-tui/.cairn/reviews/api-documentation/20260912T175017936266Z/rust-11.md - (line 57) stdout ----
error: cannot find macro `text` in this scope
  --> /home/shawn/workspace2/reactive-tui/.cairn/reviews/api-documentation/20260912T175017936266Z/rust-11.md:67:16
   |
67 |         .child(text!(props.label))
   |                ^^^^

error[E0425]: cannot find type `ButtonProps` in this scope
  --> /home/shawn/workspace2/reactive-tui/.cairn/reviews/api-documentation/20260912T175017936266Z/rust-11.md:58:24
   |
58 | fn FancyButton(props: &ButtonProps, state: &mut State) -> Element {
   |                        ^^^^^^^^^^^ not found in this scope

error[E0425]: cannot find type `State` in this scope
  --> /home/shawn/workspace2/reactive-tui/.cairn/reviews/api-documentation/20260912T175017936266Z/rust-11.md:58:49
   |
58 | fn FancyButton(props: &ButtonProps, state: &mut State) -> Element {
   |                                                 ^^^^^ not found in this scope

error[E0425]: cannot find type `Element` in this scope
  --> /home/shawn/workspace2/reactive-tui/.cairn/reviews/api-documentation/20260912T175017936266Z/rust-11.md:58:59
   |
58 | fn FancyButton(props: &ButtonProps, state: &mut State) -> Element {
   |                                                           ^^^^^^^ not found in this scope

error[E0425]: cannot find value `hooks` in this scope
  --> /home/shawn/workspace2/reactive-tui/.cairn/reviews/api-documentation/20260912T175017936266Z/rust-11.md:59:40
   |
59 |     let forwarded = use_forwarded_ref(&hooks, props.forward_ref.clone());
   |                                        ^^^^^ not found in this scope

error[E0425]: cannot find function `use_forwarded_ref` in this scope
  --> /home/shawn/workspace2/reactive-tui/.cairn/reviews/api-documentation/20260912T175017936266Z/rust-11.md:59:21
   |
59 |     let forwarded = use_forwarded_ref(&hooks, props.forward_ref.clone());
   |                     ^^^^^^^^^^^^^^^^^ not found in this scope

error[E0433]: cannot find type `Element` in this scope
  --> /home/shawn/workspace2/reactive-tui/.cairn/reviews/api-documentation/20260912T175017936266Z/rust-11.md:61:5
   |
61 |     Element::button()
   |     ^^^^^^^ use of undeclared type `Element`

error: aborting due to 7 previous errors

Some errors have detailed explanations: E0425, E0433.
For more information about an error, try `rustc --explain E0425`.
Couldn't compile the test.
---- /home/shawn/workspace2/reactive-tui/.cairn/reviews/api-documentation/20260912T175017936266Z/rust-11.md - (line 3) stdout ----
error[E0425]: cannot find type `Props` in this scope
 --> /home/shawn/workspace2/reactive-tui/.cairn/reviews/api-documentation/20260912T175017936266Z/rust-11.md:4:18
  |
4 | fn Timer(props: &Props, state: &mut State) -> Element {
  |                  ^^^^^ not found in this scope

error[E0425]: cannot find type `State` in this scope
 --> /home/shawn/workspace2/reactive-tui/.cairn/reviews/api-documentation/20260912T175017936266Z/rust-11.md:4:37
  |
4 | fn Timer(props: &Props, state: &mut State) -> Element {
  |                                     ^^^^^ not found in this scope

error[E0425]: cannot find type `Element` in this scope
 --> /home/shawn/workspace2/reactive-tui/.cairn/reviews/api-documentation/20260912T175017936266Z/rust-11.md:4:47
  |
4 | fn Timer(props: &Props, state: &mut State) -> Element {
  |                                               ^^^^^^^ not found in this scope

error[E0425]: cannot find value `hooks` in this scope
 --> /home/shawn/workspace2/reactive-tui/.cairn/reviews/api-documentation/20260912T175017936266Z/rust-11.md:5:29
  |
5 |     let timer_id = use_ref(&hooks, None::<TimerId>);
  |                             ^^^^^ not found in this scope

error[E0425]: cannot find type `TimerId` in this scope
 --> /home/shawn/workspace2/reactive-tui/.cairn/reviews/api-documentation/20260912T175017936266Z/rust-11.md:5:43
  |
5 |     let timer_id = use_ref(&hooks, None::<TimerId>);
  |                                           ^^^^^^^ not found in this scope
  |
help: you might be missing a type parameter
  |
4 | fn Timer<TimerId>(props: &Props, state: &mut State) -> Element {
  |         +++++++++

error[E0425]: cannot find value `hooks` in this scope
 --> /home/shawn/workspace2/reactive-tui/.cairn/reviews/api-documentation/20260912T175017936266Z/rust-11.md:7:17
  |
7 |     use_effect(&hooks, move || {
  |                 ^^^^^ not found in this scope

error[E0425]: cannot find function `use_ref` in this scope
 --> /home/shawn/workspace2/reactive-tui/.cairn/reviews/api-documentation/20260912T175017936266Z/rust-11.md:5:20
  |
5 |     let timer_id = use_ref(&hooks, None::<TimerId>);
  |                    ^^^^^^^ not found in this scope

error[E0425]: cannot find function `start_timer` in this scope
 --> /home/shawn/workspace2/reactive-tui/.cairn/reviews/api-documentation/20260912T175017936266Z/rust-11.md:8:18
  |
8 |         let id = start_timer();
  |                  ^^^^^^^^^^^ not found in this scope

error[E0425]: cannot find function `cancel_timer` in this scope
  --> /home/shawn/workspace2/reactive-tui/.cairn/reviews/api-documentation/20260912T175017936266Z/rust-11.md:13:17
   |
13 |                 cancel_timer(id);
   |                 ^^^^^^^^^^^^ not found in this scope

error[E0425]: cannot find function `use_effect` in this scope
 --> /home/shawn/workspace2/reactive-tui/.cairn/reviews/api-documentation/20260912T175017936266Z/rust-11.md:7:5
  |
7 |     use_effect(&hooks, move || {
  |     ^^^^^^^^^^ not found in this scope

error[E0433]: cannot find type `Element` in this scope
  --> /home/shawn/workspace2/reactive-tui/.cairn/reviews/api-documentation/20260912T175017936266Z/rust-11.md:18:5
   |
18 |     Element::text("Timer running...")
   |     ^^^^^^^ use of undeclared type `Element`

error: aborting due to 11 previous errors

Some errors have detailed explanations: E0425, E0433.
For more information about an error, try `rustc --explain E0425`.
Couldn't compile the test.
---- /home/shawn/workspace2/reactive-tui/.cairn/reviews/api-documentation/20260912T175017936266Z/rust-11.md - (line 73) stdout ----
error: cannot find macro `text` in this scope
  --> /home/shawn/workspace2/reactive-tui/.cairn/reviews/api-documentation/20260912T175017936266Z/rust-11.md:91:24
   |
91 |                 .child(text!("Clear All"))
   |                        ^^^^

error[E0425]: cannot find type `Props` in this scope
  --> /home/shawn/workspace2/reactive-tui/.cairn/reviews/api-documentation/20260912T175017936266Z/rust-11.md:74:24
   |
74 | fn MultiSelect(props: &Props, state: &mut State) -> Element {
   |                        ^^^^^ not found in this scope

error[E0425]: cannot find type `State` in this scope
  --> /home/shawn/workspace2/reactive-tui/.cairn/reviews/api-documentation/20260912T175017936266Z/rust-11.md:74:43
   |
74 | fn MultiSelect(props: &Props, state: &mut State) -> Element {
   |                                           ^^^^^ not found in this scope

error[E0425]: cannot find type `Element` in this scope
  --> /home/shawn/workspace2/reactive-tui/.cairn/reviews/api-documentation/20260912T175017936266Z/rust-11.md:74:53
   |
74 | fn MultiSelect(props: &Props, state: &mut State) -> Element {
   |                                                     ^^^^^^^ not found in this scope

error[E0425]: cannot find value `hooks` in this scope
  --> /home/shawn/workspace2/reactive-tui/.cairn/reviews/api-documentation/20260912T175017936266Z/rust-11.md:75:40
   |
75 |     let selected_refs = use_multi_ref(&hooks);
   |                                        ^^^^^ not found in this scope

error[E0425]: cannot find function `use_multi_ref` in this scope
  --> /home/shawn/workspace2/reactive-tui/.cairn/reviews/api-documentation/20260912T175017936266Z/rust-11.md:75:25
   |
75 |     let selected_refs = use_multi_ref(&hooks);
   |                         ^^^^^^^^^^^^^ not found in this scope

error[E0433]: cannot find type `Element` in this scope
  --> /home/shawn/workspace2/reactive-tui/.cairn/reviews/api-documentation/20260912T175017936266Z/rust-11.md:77:5
   |
77 |     Element::div()
   |     ^^^^^^^ use of undeclared type `Element`

error[E0433]: cannot find type `Element` in this scope
  --> /home/shawn/workspace2/reactive-tui/.cairn/reviews/api-documentation/20260912T175017936266Z/rust-11.md:81:13
   |
81 |             Element::checkbox()
   |             ^^^^^^^ use of undeclared type `Element`

error[E0433]: cannot find type `Element` in this scope
  --> /home/shawn/workspace2/reactive-tui/.cairn/reviews/api-documentation/20260912T175017936266Z/rust-11.md:87:13
   |
87 |             Element::button()
   |             ^^^^^^^ use of undeclared type `Element`

error: aborting due to 9 previous errors

Some errors have detailed explanations: E0425, E0433.
For more information about an error, try `rustc --explain E0425`.
Couldn't compile the test.

failures:
    /home/shawn/workspace2/reactive-tui/.cairn/reviews/api-documentation/20260912T175017936266Z/rust-11.md - (line 24)
    /home/shawn/workspace2/reactive-tui/.cairn/reviews/api-documentation/20260912T175017936266Z/rust-11.md - (line 3)
    /home/shawn/workspace2/reactive-tui/.cairn/reviews/api-documentation/20260912T175017936266Z/rust-11.md - (line 41)
    /home/shawn/workspace2/reactive-tui/.cairn/reviews/api-documentation/20260912T175017936266Z/rust-11.md - (line 57)
    /home/shawn/workspace2/reactive-tui/.cairn/reviews/api-documentation/20260912T175017936266Z/rust-11.md - (line 73)

test result: FAILED. 0 passed; 5 failed; 0 ignored; 0 measured; 0 filtered out; finished in 0.07s

