
running 3 tests
test /home/shawn/workspace2/reactive-tui/.cairn/reviews/api-documentation/20260912T175017936266Z/rust-13.md - (line 3) - compile ... FAILED
test /home/shawn/workspace2/reactive-tui/.cairn/reviews/api-documentation/20260912T175017936266Z/rust-13.md - (line 19) - compile ... FAILED
test /home/shawn/workspace2/reactive-tui/.cairn/reviews/api-documentation/20260912T175017936266Z/rust-13.md - (line 29) - compile ... FAILED

failures:

---- /home/shawn/workspace2/reactive-tui/.cairn/reviews/api-documentation/20260912T175017936266Z/rust-13.md - (line 3) stdout ----
error[E0433]: cannot find type `Display` in this scope
 --> /home/shawn/workspace2/reactive-tui/.cairn/reviews/api-documentation/20260912T175017936266Z/rust-13.md:7:14
  |
7 |     display: Display::Flex,
  |              ^^^^^^^ use of undeclared type `Display`
  |
help: consider importing one of these items
  |
3 + use std::ffi::os_str::Display;
  |
3 + use std::fmt::Display;
  |
3 + use std::path::Display;
  |
3 + use core::fmt::Display;
  |

error[E0433]: cannot find type `AlignItems` in this scope
 --> /home/shawn/workspace2/reactive-tui/.cairn/reviews/api-documentation/20260912T175017936266Z/rust-13.md:8:18
  |
8 |     align_items: AlignItems::Center,
  |                  ^^^^^^^^^^ use of undeclared type `AlignItems`

error[E0433]: cannot find type `JustifyContent` in this scope
 --> /home/shawn/workspace2/reactive-tui/.cairn/reviews/api-documentation/20260912T175017936266Z/rust-13.md:9:22
  |
9 |     justify_content: JustifyContent::Center,
  |                      ^^^^^^^^^^^^^^ use of undeclared type `JustifyContent`

error: aborting due to 3 previous errors

For more information about this error, try `rustc --explain E0433`.
Couldn't compile the test.
---- /home/shawn/workspace2/reactive-tui/.cairn/reviews/api-documentation/20260912T175017936266Z/rust-13.md - (line 19) stdout ----
error[E0433]: cannot find module or crate `taffy` in this scope
  --> /home/shawn/workspace2/reactive-tui/.cairn/reviews/api-documentation/20260912T175017936266Z/rust-13.md:22:19
   |
22 | let flex_center = flex_center!();
   |                   ^^^^^^^^^^^^^^ use of unresolved module or unlinked crate `taffy`
   |
   = help: you might be missing a crate named `taffy`
   = note: this error originates in the macro `flex_center` (in Nightly builds, run with -Z macro-backtrace for more info)

error[E0433]: cannot find module or crate `taffy` in this scope
  --> /home/shawn/workspace2/reactive-tui/.cairn/reviews/api-documentation/20260912T175017936266Z/rust-13.md:22:19
   |
22 | let flex_center = flex_center!();
   |                   ^^^^^^^^^^^^^^ use of unresolved module or unlinked crate `taffy`
   |
   = help: you might be missing a crate named `taffy`
   = note: this error originates in the macro `flex_center` (in Nightly builds, run with -Z macro-backtrace for more info)

error[E0433]: cannot find module or crate `taffy` in this scope
  --> /home/shawn/workspace2/reactive-tui/.cairn/reviews/api-documentation/20260912T175017936266Z/rust-13.md:23:19
   |
23 | let flex_column = flex_column!();
   |                   ^^^^^^^^^^^^^^ use of unresolved module or unlinked crate `taffy`
   |
   = help: you might be missing a crate named `taffy`
   = note: this error originates in the macro `flex_column` (in Nightly builds, run with -Z macro-backtrace for more info)

error[E0433]: cannot find module or crate `taffy` in this scope
  --> /home/shawn/workspace2/reactive-tui/.cairn/reviews/api-documentation/20260912T175017936266Z/rust-13.md:24:21
   |
24 | let absolute_fill = absolute_fill!();
   |                     ^^^^^^^^^^^^^^^^ use of unresolved module or unlinked crate `taffy`
   |
   = help: you might be missing a crate named `taffy`
   = note: this error originates in the macro `absolute_fill` (in Nightly builds, run with -Z macro-backtrace for more info)

error[E0433]: cannot find module or crate `taffy` in this scope
  --> /home/shawn/workspace2/reactive-tui/.cairn/reviews/api-documentation/20260912T175017936266Z/rust-13.md:22:19
   |
22 | let flex_center = flex_center!();
   |                   ^^^^^^^^^^^^^^ use of unresolved module or unlinked crate `taffy`
   |
   = help: you might be missing a crate named `taffy`
   = note: this error originates in the macro `flex_center` (in Nightly builds, run with -Z macro-backtrace for more info)
help: consider importing one of these items
   |
19 + use std::ffi::os_str::Display;
   |
19 + use std::fmt::Display;
   |
19 + use std::path::Display;
   |
19 + use core::fmt::Display;
   |

error[E0433]: cannot find module or crate `taffy` in this scope
  --> /home/shawn/workspace2/reactive-tui/.cairn/reviews/api-documentation/20260912T175017936266Z/rust-13.md:23:19
   |
23 | let flex_column = flex_column!();
   |                   ^^^^^^^^^^^^^^ use of unresolved module or unlinked crate `taffy`
   |
   = help: you might be missing a crate named `taffy`
   = note: this error originates in the macro `flex_column` (in Nightly builds, run with -Z macro-backtrace for more info)
help: consider importing one of these items
   |
19 + use std::ffi::os_str::Display;
   |
19 + use std::fmt::Display;
   |
19 + use std::path::Display;
   |
19 + use core::fmt::Display;
   |

error: aborting due to 6 previous errors

For more information about this error, try `rustc --explain E0433`.
Couldn't compile the test.
---- /home/shawn/workspace2/reactive-tui/.cairn/reviews/api-documentation/20260912T175017936266Z/rust-13.md - (line 29) stdout ----
error[E0433]: cannot find type `Display` in this scope
  --> /home/shawn/workspace2/reactive-tui/.cairn/reviews/api-documentation/20260912T175017936266Z/rust-13.md:34:18
   |
34 |         display: Display::Block,
   |                  ^^^^^^^ use of undeclared type `Display`
   |
help: consider importing one of these items
   |
29 + use std::ffi::os_str::Display;
   |
29 + use std::fmt::Display;
   |
29 + use std::path::Display;
   |
29 + use core::fmt::Display;
   |

error[E0433]: cannot find type `BoxSpacing` in this scope
  --> /home/shawn/workspace2/reactive-tui/.cairn/reviews/api-documentation/20260912T175017936266Z/rust-13.md:35:18
   |
35 |         padding: BoxSpacing::all(8.0),
   |                  ^^^^^^^^^^ use of undeclared type `BoxSpacing`

error[E0599]: no method named `class` found for struct `StyleBuilder` in the current scope
  --> /home/shawn/workspace2/reactive-tui/.cairn/reviews/api-documentation/20260912T175017936266Z/rust-13.md:32:25
   |
32 |   let responsive_styles = responsive_css! {
   |  _________________________^
33 | |     base: {
34 | |         display: Display::Block,
35 | |         padding: BoxSpacing::all(8.0),
...  |
43 | |     },
44 | | };
   | |_^ method not found in `StyleBuilder`
   |
   = note: this error originates in the macro `responsive_css` (in Nightly builds, run with -Z macro-backtrace for more info)

error: aborting due to 3 previous errors

Some errors have detailed explanations: E0433, E0599.
For more information about an error, try `rustc --explain E0433`.
Couldn't compile the test.

failures:
    /home/shawn/workspace2/reactive-tui/.cairn/reviews/api-documentation/20260912T175017936266Z/rust-13.md - (line 19)
    /home/shawn/workspace2/reactive-tui/.cairn/reviews/api-documentation/20260912T175017936266Z/rust-13.md - (line 29)
    /home/shawn/workspace2/reactive-tui/.cairn/reviews/api-documentation/20260912T175017936266Z/rust-13.md - (line 3)

test result: FAILED. 0 passed; 3 failed; 0 ignored; 0 measured; 0 filtered out; finished in 0.06s

