
running 3 tests
test /home/shawn/workspace2/reactive-tui/.cairn/reviews/api-documentation/20260912T175017936266Z/rust-4.md - (line 43) - compile ... FAILED
test /home/shawn/workspace2/reactive-tui/.cairn/reviews/api-documentation/20260912T175017936266Z/rust-4.md - (line 3) - compile ... FAILED
test /home/shawn/workspace2/reactive-tui/.cairn/reviews/api-documentation/20260912T175017936266Z/rust-4.md - (line 27) - compile ... FAILED

failures:

---- /home/shawn/workspace2/reactive-tui/.cairn/reviews/api-documentation/20260912T175017936266Z/rust-4.md - (line 43) stdout ----
error[E0432]: unresolved import `reactive_tui::widgets::animation`
  --> /home/shawn/workspace2/reactive-tui/.cairn/reviews/api-documentation/20260912T175017936266Z/rust-4.md:44:28
   |
44 | use reactive_tui::widgets::animation::*;
   |                            ^^^^^^^^^ could not find `animation` in `widgets`

error: aborting due to 1 previous error

For more information about this error, try `rustc --explain E0432`.
Couldn't compile the test.
---- /home/shawn/workspace2/reactive-tui/.cairn/reviews/api-documentation/20260912T175017936266Z/rust-4.md - (line 3) stdout ----
error[E0432]: unresolved import `reactive_tui::widgets::animation`
 --> /home/shawn/workspace2/reactive-tui/.cairn/reviews/api-documentation/20260912T175017936266Z/rust-4.md:4:28
  |
4 | use reactive_tui::widgets::animation::*;
  |                            ^^^^^^^^^ could not find `animation` in `widgets`

error: aborting due to 1 previous error

For more information about this error, try `rustc --explain E0432`.
Couldn't compile the test.
---- /home/shawn/workspace2/reactive-tui/.cairn/reviews/api-documentation/20260912T175017936266Z/rust-4.md - (line 27) stdout ----
error[E0432]: unresolved import `reactive_tui::widgets::animation`
  --> /home/shawn/workspace2/reactive-tui/.cairn/reviews/api-documentation/20260912T175017936266Z/rust-4.md:28:28
   |
28 | use reactive_tui::widgets::animation::*;
   |                            ^^^^^^^^^ could not find `animation` in `widgets`

error: aborting due to 1 previous error

For more information about this error, try `rustc --explain E0432`.
Couldn't compile the test.

failures:
    /home/shawn/workspace2/reactive-tui/.cairn/reviews/api-documentation/20260912T175017936266Z/rust-4.md - (line 27)
    /home/shawn/workspace2/reactive-tui/.cairn/reviews/api-documentation/20260912T175017936266Z/rust-4.md - (line 3)
    /home/shawn/workspace2/reactive-tui/.cairn/reviews/api-documentation/20260912T175017936266Z/rust-4.md - (line 43)

test result: FAILED. 0 passed; 3 failed; 0 ignored; 0 measured; 0 filtered out; finished in 0.07s

