
running 2 tests
test /home/shawn/workspace2/reactive-tui/.cairn/reviews/api-documentation/20260912T175017936266Z/rust-0.md - (line 23) ... FAILED
test /home/shawn/workspace2/reactive-tui/.cairn/reviews/api-documentation/20260912T175017936266Z/rust-0.md - (line 3) ... FAILED

failures:

---- /home/shawn/workspace2/reactive-tui/.cairn/reviews/api-documentation/20260912T175017936266Z/rust-0.md - (line 23) stdout ----
error[E0277]: the `?` operator can only be used in a function that returns `Result` or `Option` (or another type that implements `FromResidual`)
  --> /home/shawn/workspace2/reactive-tui/.cairn/reviews/api-documentation/20260912T175017936266Z/rust-0.md:32:41
   |
23 | ...)] fn _doctest_main__home_shawn_workspace2_reactive_tui__cairn_reviews_api_documentation_20260912T175017936266Z_rust_0_md_23_0() {
   |       ----------------------------------------------------------------------------------------------------------------------------- this function should return `Result` or `Option` to accept `?`
...
32 | ...ities)?;
   |          ^ cannot use the `?` operator in a function that returns `()`
   |
help: consider adding return type
   |
23 ~ fn main() { #[allow(non_snake_case)] fn _doctest_main__home_shawn_workspace2_reactive_tui__cairn_reviews_api_documentation_20260912T175017936266Z_rust_0_md_23_0() -> Result<(), Box<dyn std::error::Error>> {
24 | use reactive_tui::widgets::Image;
...
33 | println!("{}", output);
34 +     Ok(())
   |

error: aborting due to 1 previous error

For more information about this error, try `rustc --explain E0277`.
Couldn't compile the test.
---- /home/shawn/workspace2/reactive-tui/.cairn/reviews/api-documentation/20260912T175017936266Z/rust-0.md - (line 3) stdout ----
error[E0107]: type alias takes 1 generic argument but 2 generic arguments were supplied
  --> /home/shawn/workspace2/reactive-tui/.cairn/reviews/api-documentation/20260912T175017936266Z/rust-0.md:6:14
   |
 6 | fn main() -> Result<(), Box<dyn std::error::Error>> {
   |              ^^^^^^   ---------------------------- help: remove the unnecessary generic argument
   |              |
   |              expected 1 generic argument
   |
note: type alias defined here, with 1 generic parameter: `T`
  --> src/error.rs:89:10
   |
89 | pub type Result<T> = std::result::Result<T, ReactiveError>;
   |          ^^^^^^ -

error[E0599]: no method named `title` found for struct `AppBuilder` in the current scope
 --> /home/shawn/workspace2/reactive-tui/.cairn/reviews/api-documentation/20260912T175017936266Z/rust-0.md:8:10
  |
7 |       let app = App::builder()
  |  _______________-
8 | |         .title("My App")
  | |         -^^^^^ method not found in `AppBuilder`
  | |_________|
  |

error[E0599]: no function or associated item named `new` found for struct `reactive_tui::component::Element` in the current scope
   --> /home/shawn/workspace2/reactive-tui/.cairn/reviews/api-documentation/20260912T175017936266Z/rust-0.md:11:22
    |
 11 |             Element::new("div")
    |                      ^^^ function or associated item not found in `reactive_tui::component::Element`
    |
note: if you're trying to build a new `reactive_tui::component::Element` consider using one of the following associated functions:
      reactive_tui::component::Element::typed
      reactive_tui::component::Element::typed_with
      reactive_tui::component::Element::component_with_props
      reactive_tui::component::Element::component
      and 4 others
   --> src/component/element.rs:250:5
    |
250 |       pub fn typed<C: super::Component>(props: C::Props) -> Self {
    |       ^^^^^^^^^^^^^^^^^^^^^^^^^^^^^^^^^^^^^^^^^^^^^^^^^^^^^^^^^^
...
256 | /     pub fn typed_with<C: super::Component>(
257 | |         props: C::Props,
258 | |         create: impl Fn(C::Props) -> C + Send + Sync + 'static,
259 | |     ) -> Self {
    | |_____________^
...
275 | /     pub fn component_with_props(
276 | |         name: impl Into<String>,
277 | |         props: impl Any + Send + Sync + 'static,
278 | |     ) -> Self {
    | |_____________^
...
291 |       pub fn component(name: impl Into<String>) -> Self {
    |       ^^^^^^^^^^^^^^^^^^^^^^^^^^^^^^^^^^^^^^^^^^^^^^^^^
help: there is a method `ne` with a similar name
    |
 11 -             Element::new("div")
 11 +             Element::ne("div")
    |

error: aborting due to 3 previous errors

Some errors have detailed explanations: E0107, E0599.
For more information about an error, try `rustc --explain E0107`.
Couldn't compile the test.

failures:
    /home/shawn/workspace2/reactive-tui/.cairn/reviews/api-documentation/20260912T175017936266Z/rust-0.md - (line 23)
    /home/shawn/workspace2/reactive-tui/.cairn/reviews/api-documentation/20260912T175017936266Z/rust-0.md - (line 3)

test result: FAILED. 0 passed; 2 failed; 0 ignored; 0 measured; 0 filtered out; finished in 0.07s

