warning: function `click` is never used
   --> tests/support/app_input.rs:138:8
    |
138 | pub fn click(x: u16, y: u16) -> Option<Event> {
    |        ^^^^^
    |
    = note: `#[warn(dead_code)]` (part of `#[warn(unused)]`) on by default

warning: `reactive-tui` (test "api_focus") generated 1 warning
    Finished `test` profile [unoptimized + debuginfo] target(s) in 0.07s
     Running tests/api_focus.rs (target/debug/deps/api_focus-1f9a06d8653f30b7)

running 3 tests
test keyed_redraw_and_reorder_preserve_focus_without_repeat_callbacks ... FAILED
test nested_dialogs_autofocus_wrap_and_restore_the_last_outer_target ... FAILED
test tab_reverse_tab_and_release_follow_one_focus_order_without_a_trap ... FAILED

failures:

---- keyed_redraw_and_reorder_preserve_focus_without_repeat_callbacks stdout ----

thread 'keyed_redraw_and_reorder_preserve_focus_without_repeat_callbacks' (2171805) panicked at tests/api_focus.rs:93:5:
assertion `left == right` failed
  left: ["A+", "A+", "A+"]
 right: ["A+", "A-", "B+"]
note: run with `RUST_BACKTRACE=1` environment variable to display a backtrace

---- nested_dialogs_autofocus_wrap_and_restore_the_last_outer_target stdout ----

thread 'nested_dialogs_autofocus_wrap_and_restore_the_last_outer_target' (2171811) panicked at tests/api_focus.rs:226:5:
assertion `left == right` failed
  left: ["OPENER", "OUTER1", "OUTER1", "OUTER1", "INNER1", "OPENER", "OPENER"]
 right: ["OUTER1", "OUTER2", "INNER1", "INNER2", "INNER1", "OUTER2", "OPENER"]

---- tab_reverse_tab_and_release_follow_one_focus_order_without_a_trap stdout ----

thread 'tab_reverse_tab_and_release_follow_one_focus_order_without_a_trap' (2171832) panicked at tests/api_focus.rs:128:5:
assertion `left == right` failed
  left: ["B", "B", "A", "B"]
 right: ["B", "A", "C", "C"]


failures:
    keyed_redraw_and_reorder_preserve_focus_without_repeat_callbacks
    nested_dialogs_autofocus_wrap_and_restore_the_last_outer_target
    tab_reverse_tab_and_release_follow_one_focus_order_without_a_trap

test result: FAILED. 0 passed; 3 failed; 0 ignored; 0 measured; 0 filtered out; finished in 0.11s

error: test failed, to rerun pass `--test api_focus`
Traceback (most recent call last):
  File "/home/shawn/workspace2/reactive-tui/scripts/check-api-focus.py", line 7, in <module>
    subprocess.run(
    ~~~~~~~~~~~~~~^
        ["cargo", "test", "--locked", *arguments, "--", "--test-threads=1"],
        ^^^^^^^^^^^^^^^^^^^^^^^^^^^^^^^^^^^^^^^^^^^^^^^^^^^^^^^^^^^^^^^^^^^^
        cwd=Path(__file__).resolve().parents[1], check=True, timeout=120,
        ^^^^^^^^^^^^^^^^^^^^^^^^^^^^^^^^^^^^^^^^^^^^^^^^^^^^^^^^^^^^^^^^^
    )
    ^
  File "/home/linuxbrew/.linuxbrew/Cellar/python@3.14/3.14.7/lib/python3.14/subprocess.py", line 578, in run
    raise CalledProcessError(retcode, process.args,
                             output=stdout, stderr=stderr)
subprocess.CalledProcessError: Command '['cargo', 'test', '--locked', '--test', 'api_focus', '--', '--test-threads=1']' returned non-zero exit status 101.
