   Compiling reactive-tui v0.1.0 (/home/shawn/workspace2/reactive-tui)
    Finished `test` profile [unoptimized + debuginfo] target(s) in 0.22s
     Running tests/pre_release_terminal_helper_lifecycle.rs (/home/shawn/workspace2/scratchpads/suprnova-target/debug/deps/pre_release_terminal_helper_lifecycle-93accaa58de7e950)
error: test failed, to rerun pass `--test pre_release_terminal_helper_lifecycle`
Traceback (most recent call last):
  File "/home/shawn/workspace2/reactive-tui/scripts/check-pre-release-terminal-helper-lifecycle.py", line 41, in <module>
    raise SystemExit(main())
                     ~~~~^^
  File "/home/shawn/workspace2/reactive-tui/scripts/check-pre-release-terminal-helper-lifecycle.py", line 20, in main
    subprocess.run(
    ~~~~~~~~~~~~~~^
        [
        ^
    ...<13 lines>...
        timeout=600,
        ^^^^^^^^^^^^
    )
    ^
  File "/home/linuxbrew/.linuxbrew/Cellar/python@3.14/3.14.7/lib/python3.14/subprocess.py", line 578, in run
    raise CalledProcessError(retcode, process.args,
                             output=stdout, stderr=stderr)
subprocess.CalledProcessError: Command '['cargo', 'test', '--locked', '--test', 'pre_release_terminal_helper_lifecycle', '--jobs', '8', '--', '--test-threads=1']' returned non-zero exit status 101.
