   Compiling reactive-tui v0.1.0 (/home/shawn/workspace2/reactive-tui)
    Finished `test` profile [unoptimized + debuginfo] target(s) in 0.22s
     Running tests/pre_release_terminal_helper_lifecycle.rs (/home/shawn/workspace2/scratchpads/suprnova-target/debug/deps/pre_release_terminal_helper_lifecycle-93accaa58de7e950)

running 1 test
test trl_004_helper_lifecycle_not_implemented ... FAILED

failures:

---- trl_004_helper_lifecycle_not_implemented stdout ----

thread 'trl_004_helper_lifecycle_not_implemented' (734090) panicked at tests/pre_release_terminal_helper_lifecycle.rs:3:5:
TRL-004 helper lifecycle mechanism is not implemented
note: run with `RUST_BACKTRACE=1` environment variable to display a backtrace


failures:
    trl_004_helper_lifecycle_not_implemented

test result: FAILED. 0 passed; 1 failed; 0 ignored; 0 measured; 0 filtered out; finished in 0.00s

error: test failed, to rerun pass `--test pre_release_terminal_helper_lifecycle`
Traceback (most recent call last):
  File "/home/shawn/workspace2/reactive-tui/scripts/check-pre-release-terminal-helper-lifecycle.py", line 41, in <module>
    raise SystemExit(main())
                     ~~~~^^
  File "/home/shawn/workspace2/reactive-tui/scripts/check-pre-release-terminal-helper-lifecycle.py", line 20, in main
    subprocess.run(
    ~~~~~~~~~~~~~~^
        [
        ^
    ...<13 lines>...
        timeout=600,
        ^^^^^^^^^^^^
    )
    ^
  File "/home/linuxbrew/.linuxbrew/Cellar/python@3.14/3.14.7/lib/python3.14/subprocess.py", line 578, in run
    raise CalledProcessError(retcode, process.args,
                             output=stdout, stderr=stderr)
subprocess.CalledProcessError: Command '['cargo', 'test', '--locked', '--test', 'pre_release_terminal_helper_lifecycle', '--jobs', '8', '--', '--test-threads=1']' returned non-zero exit status 101.
