documentation retention check failed
tracked documentation exists outside Cairn directories:
  docs/ADAPTIVE_PERFORMANCE.md
  docs/ANIMATION_INTEGRATION.md
  docs/FFI_ABI_POLICY.md
  docs/analysis/api-image-hosts/20260911T151506905323Z/build.out
  docs/analysis/api-image-hosts/20260911T151506905323Z/forced-ascii-negative/host.log
  docs/analysis/api-image-hosts/20260911T151506905323Z/forced-ascii-negative/pixels.json
  docs/analysis/api-image-hosts/20260911T151506905323Z/forced-ascii-negative/stage-0.png
  docs/analysis/api-image-hosts/20260911T151506905323Z/forced-ascii-negative/stage-1.png
  docs/analysis/api-image-hosts/20260911T151506905323Z/forced-ascii-negative/stage-2.png
  docs/analysis/api-image-hosts/20260911T151506905323Z/forced-ascii-negative/terminal.bin
  docs/analysis/api-image-hosts/20260911T151506905323Z/forced-ascii-negative/xvfb.log
  docs/analysis/api-image-hosts/20260911T151506905323Z/ghostty-app-auto.out
  docs/analysis/api-image-hosts/20260911T151506905323Z/ghostty-app-auto/host.log
  docs/analysis/api-image-hosts/20260911T151506905323Z/ghostty-app-auto/pixels.json
  docs/analysis/api-image-hosts/20260911T151506905323Z/ghostty-app-auto/stage-0.png
  docs/analysis/api-image-hosts/20260911T151506905323Z/ghostty-app-auto/stage-1.png
  docs/analysis/api-image-hosts/20260911T151506905323Z/ghostty-app-auto/stage-2.png
  docs/analysis/api-image-hosts/20260911T151506905323Z/ghostty-app-auto/xvfb.log
  docs/analysis/api-image-hosts/20260911T151506905323Z/kitty-app-auto.out
  docs/analysis/api-image-hosts/20260911T151506905323Z/kitty-app-auto/host.log
  docs/analysis/api-image-hosts/20260911T151506905323Z/kitty-app-auto/pixels.json
  docs/analysis/api-image-hosts/20260911T151506905323Z/kitty-app-auto/stage-0.png
  docs/analysis/api-image-hosts/20260911T151506905323Z/kitty-app-auto/stage-1.png
  docs/analysis/api-image-hosts/20260911T151506905323Z/kitty-app-auto/stage-2.png
  docs/analysis/api-image-hosts/20260911T151506905323Z/kitty-app-auto/terminal.bin
  docs/analysis/api-image-hosts/20260911T151506905323Z/kitty-app-auto/xvfb.log
  docs/analysis/api-image-hosts/20260911T151506905323Z/kitty-app-chafa.out
  docs/analysis/api-image-hosts/20260911T151506905323Z/kitty-app-chafa/host.log
  docs/analysis/api-image-hosts/20260911T151506905323Z/kitty-app-chafa/pixels.json
  docs/analysis/api-image-hosts/20260911T151506905323Z/kitty-app-chafa/stage-0.png
  docs/analysis/api-image-hosts/20260911T151506905323Z/kitty-app-chafa/stage-1.png
  docs/analysis/api-image-hosts/20260911T151506905323Z/kitty-app-chafa/stage-2.png
  docs/analysis/api-image-hosts/20260911T151506905323Z/kitty-app-chafa/terminal.bin
  docs/analysis/api-image-hosts/20260911T151506905323Z/kitty-app-chafa/xvfb.log
  docs/analysis/api-image-hosts/20260911T151506905323Z/native-records.out
  docs/analysis/api-image-hosts/20260911T151506905323Z/negative.out
  docs/analysis/api-image-hosts/20260911T151506905323Z/tests-0.out
  docs/analysis/api-image-hosts/20260911T151506905323Z/tests-1.out
  docs/analysis/api-image-hosts/20260911T151506905323Z/tests-2.out
  docs/analysis/api-image-hosts/20260911T151506905323Z/tests-3.out
  docs/analysis/api-image-hosts/20260911T151506905323Z/tests-4.out
  docs/analysis/api-image-hosts/20260911T151506905323Z/wezterm-app-iterm-full.out
  docs/analysis/api-image-hosts/20260911T151506905323Z/wezterm-app-iterm-full/host.log
  docs/analysis/api-image-hosts/20260911T151506905323Z/wezterm-app-iterm-full/pixels.json
  docs/analysis/api-image-hosts/20260911T151506905323Z/wezterm-app-iterm-full/stage-0.png
  docs/analysis/api-image-hosts/20260911T151506905323Z/wezterm-app-iterm-full/stage-1.png
  docs/analysis/api-image-hosts/20260911T151506905323Z/wezterm-app-iterm-full/stage-2.png
  docs/analysis/api-image-hosts/20260911T151506905323Z/wezterm-app-iterm-full/xvfb.log
  docs/analysis/api-image-hosts/20260911T151506905323Z/wezterm-app-iterm.out
  docs/analysis/api-image-hosts/20260911T151506905323Z/wezterm-app-iterm/host.log
  docs/analysis/api-image-hosts/20260911T151506905323Z/wezterm-app-iterm/pixels.json
  docs/analysis/api-image-hosts/20260911T151506905323Z/wezterm-app-iterm/stage-0.png
  docs/analysis/api-image-hosts/20260911T151506905323Z/wezterm-app-iterm/stage-1.png
  docs/analysis/api-image-hosts/20260911T151506905323Z/wezterm-app-iterm/stage-2.png
  docs/analysis/api-image-hosts/20260911T151506905323Z/wezterm-app-iterm/xvfb.log
  docs/analysis/api-image-hosts/20260911T151506905323Z/xterm-app-sixel-full.out
  docs/analysis/api-image-hosts/20260911T151506905323Z/xterm-app-sixel-full/host.log
  docs/analysis/api-image-hosts/20260911T151506905323Z/xterm-app-sixel-full/pixels.json
  docs/analysis/api-image-hosts/20260911T151506905323Z/xterm-app-sixel-full/stage-0.png
  docs/analysis/api-image-hosts/20260911T151506905323Z/xterm-app-sixel-full/stage-1.png
  docs/analysis/api-image-hosts/20260911T151506905323Z/xterm-app-sixel-full/stage-2.png
  docs/analysis/api-image-hosts/20260911T151506905323Z/xterm-app-sixel-full/xvfb.log
  docs/analysis/api-image-hosts/20260911T151506905323Z/xterm-app-sixel.out
  docs/analysis/api-image-hosts/20260911T151506905323Z/xterm-app-sixel/host.log
  docs/analysis/api-image-hosts/20260911T151506905323Z/xterm-app-sixel/pixels.json
  docs/analysis/api-image-hosts/20260911T151506905323Z/xterm-app-sixel/stage-0.png
  docs/analysis/api-image-hosts/20260911T151506905323Z/xterm-app-sixel/stage-1.png
  docs/analysis/api-image-hosts/20260911T151506905323Z/xterm-app-sixel/stage-2.png
  docs/analysis/api-image-hosts/20260911T151506905323Z/xterm-app-sixel/xvfb.log
  docs/analysis/api-image-hosts/20260911T151827568883Z/build.out
  docs/analysis/api-image-hosts/20260911T151827568883Z/chafa-version.out
  docs/analysis/api-image-hosts/20260911T151827568883Z/forced-ascii-negative/host.log
  docs/analysis/api-image-hosts/20260911T151827568883Z/forced-ascii-negative/pixels.json
  docs/analysis/api-image-hosts/20260911T151827568883Z/forced-ascii-negative/stage-0.png
  docs/analysis/api-image-hosts/20260911T151827568883Z/forced-ascii-negative/stage-1.png
  docs/analysis/api-image-hosts/20260911T151827568883Z/forced-ascii-negative/stage-2.png
  docs/analysis/api-image-hosts/20260911T151827568883Z/forced-ascii-negative/terminal.bin
  docs/analysis/api-image-hosts/20260911T151827568883Z/forced-ascii-negative/xvfb.log
  docs/analysis/api-image-hosts/20260911T151827568883Z/ghostty-version.out
  docs/analysis/api-image-hosts/20260911T151827568883Z/gnome-app-auto.out
  docs/analysis/api-image-hosts/20260911T151827568883Z/gnome-app-auto/host.log
  docs/analysis/api-image-hosts/20260911T151827568883Z/gnome-app-auto/pixels.json
  docs/analysis/api-image-hosts/20260911T151827568883Z/gnome-app-auto/stage-0.png
  docs/analysis/api-image-hosts/20260911T151827568883Z/gnome-app-auto/stage-1.png
  docs/analysis/api-image-hosts/20260911T151827568883Z/gnome-app-auto/stage-2.png
  docs/analysis/api-image-hosts/20260911T151827568883Z/gnome-app-auto/xvfb.log
  docs/analysis/api-image-hosts/20260911T151827568883Z/gnome-surface-fallback.out
  docs/analysis/api-image-hosts/20260911T151827568883Z/gnome-surface-fallback/host.log
  docs/analysis/api-image-hosts/20260911T151827568883Z/gnome-surface-fallback/pixels.json
  docs/analysis/api-image-hosts/20260911T151827568883Z/gnome-surface-fallback/stage-0.png
  docs/analysis/api-image-hosts/20260911T151827568883Z/gnome-surface-fallback/stage-1.png
  docs/analysis/api-image-hosts/20260911T151827568883Z/gnome-surface-fallback/stage-2.png
  docs/analysis/api-image-hosts/20260911T151827568883Z/gnome-surface-fallback/xvfb.log
  docs/analysis/api-image-hosts/20260911T151827568883Z/kitty-app-chafa.out
  docs/analysis/api-image-hosts/20260911T151827568883Z/kitty-app-chafa/host.log
  docs/analysis/api-image-hosts/20260911T151827568883Z/kitty-app-chafa/pixels.json
  docs/analysis/api-image-hosts/20260911T151827568883Z/kitty-app-chafa/stage-0.png
  docs/analysis/api-image-hosts/20260911T151827568883Z/kitty-app-chafa/stage-1.png
  docs/analysis/api-image-hosts/20260911T151827568883Z/kitty-app-chafa/stage-2.png
  docs/analysis/api-image-hosts/20260911T151827568883Z/kitty-app-chafa/terminal.bin
  docs/analysis/api-image-hosts/20260911T151827568883Z/kitty-app-chafa/xvfb.log
  docs/analysis/api-image-hosts/20260911T151827568883Z/kitty-app-gif-chafa.out
  docs/analysis/api-image-hosts/20260911T151827568883Z/kitty-app-gif-chafa/host.log
  docs/analysis/api-image-hosts/20260911T151827568883Z/kitty-app-gif-chafa/pixels.json
  docs/analysis/api-image-hosts/20260911T151827568883Z/kitty-app-gif-chafa/stage-0.png
  docs/analysis/api-image-hosts/20260911T151827568883Z/kitty-app-gif-chafa/stage-1.png
  docs/analysis/api-image-hosts/20260911T151827568883Z/kitty-app-gif-chafa/stage-2.png
  docs/analysis/api-image-hosts/20260911T151827568883Z/kitty-app-gif-chafa/terminal.bin
  docs/analysis/api-image-hosts/20260911T151827568883Z/kitty-app-gif-chafa/xvfb.log
  docs/analysis/api-image-hosts/20260911T151827568883Z/kitty-app-gif-viu.out
  docs/analysis/api-image-hosts/20260911T151827568883Z/kitty-app-gif-viu/host.log
  docs/analysis/api-image-hosts/20260911T151827568883Z/kitty-app-gif-viu/pixels.json
  docs/analysis/api-image-hosts/20260911T151827568883Z/kitty-app-gif-viu/stage-0.png
  docs/analysis/api-image-hosts/20260911T151827568883Z/kitty-app-gif-viu/stage-1.png
  docs/analysis/api-image-hosts/20260911T151827568883Z/kitty-app-gif-viu/stage-2.png
  docs/analysis/api-image-hosts/20260911T151827568883Z/kitty-app-gif-viu/terminal.bin
  docs/analysis/api-image-hosts/20260911T151827568883Z/kitty-app-gif-viu/xvfb.log
  docs/analysis/api-image-hosts/20260911T151827568883Z/kitty-app-gif.out
  docs/analysis/api-image-hosts/20260911T151827568883Z/kitty-app-gif/host.log
  docs/analysis/api-image-hosts/20260911T151827568883Z/kitty-app-gif/pixels.json
  docs/analysis/api-image-hosts/20260911T151827568883Z/kitty-app-gif/stage-0.png
  docs/analysis/api-image-hosts/20260911T151827568883Z/kitty-app-gif/stage-1.png
  docs/analysis/api-image-hosts/20260911T151827568883Z/kitty-app-gif/stage-2.png
  docs/analysis/api-image-hosts/20260911T151827568883Z/kitty-app-gif/terminal.bin
  docs/analysis/api-image-hosts/20260911T151827568883Z/kitty-app-gif/xvfb.log
  docs/analysis/api-image-hosts/20260911T151827568883Z/kitty-app-viu.out
  docs/analysis/api-image-hosts/20260911T151827568883Z/kitty-app-viu/host.log
  docs/analysis/api-image-hosts/20260911T151827568883Z/kitty-app-viu/pixels.json
  docs/analysis/api-image-hosts/20260911T151827568883Z/kitty-app-viu/stage-0.png
  docs/analysis/api-image-hosts/20260911T151827568883Z/kitty-app-viu/stage-1.png
  docs/analysis/api-image-hosts/20260911T151827568883Z/kitty-app-viu/stage-2.png
  docs/analysis/api-image-hosts/20260911T151827568883Z/kitty-app-viu/terminal.bin
  docs/analysis/api-image-hosts/20260911T151827568883Z/kitty-app-viu/xvfb.log
  docs/analysis/api-image-hosts/20260911T151827568883Z/kitty-kitty.out
  docs/analysis/api-image-hosts/20260911T151827568883Z/kitty-kitty/host.log
  docs/analysis/api-image-hosts/20260911T151827568883Z/kitty-kitty/pixels.json
  docs/analysis/api-image-hosts/20260911T151827568883Z/kitty-kitty/stage-0.png
  docs/analysis/api-image-hosts/20260911T151827568883Z/kitty-kitty/stage-1.png
  docs/analysis/api-image-hosts/20260911T151827568883Z/kitty-kitty/stage-2.png
  docs/analysis/api-image-hosts/20260911T151827568883Z/kitty-kitty/terminal.bin
  docs/analysis/api-image-hosts/20260911T151827568883Z/kitty-kitty/xvfb.log
  docs/analysis/api-image-hosts/20260911T151827568883Z/kitty-surface-kitty-behind.out
  docs/analysis/api-image-hosts/20260911T151827568883Z/kitty-surface-kitty-behind/host.log
  docs/analysis/api-image-hosts/20260911T151827568883Z/kitty-surface-kitty-behind/pixels.json
  docs/analysis/api-image-hosts/20260911T151827568883Z/kitty-surface-kitty-behind/stage-0.png
  docs/analysis/api-image-hosts/20260911T151827568883Z/kitty-surface-kitty-behind/stage-1.png
  docs/analysis/api-image-hosts/20260911T151827568883Z/kitty-surface-kitty-behind/stage-2.png
  docs/analysis/api-image-hosts/20260911T151827568883Z/kitty-surface-kitty-behind/terminal.bin
  docs/analysis/api-image-hosts/20260911T151827568883Z/kitty-surface-kitty-behind/xvfb.log
  docs/analysis/api-image-hosts/20260911T151827568883Z/kitty-surface-kitty-retry.out
  docs/analysis/api-image-hosts/20260911T151827568883Z/kitty-surface-kitty-retry/host.log
  docs/analysis/api-image-hosts/20260911T151827568883Z/kitty-surface-kitty-retry/pixels.json
  docs/analysis/api-image-hosts/20260911T151827568883Z/kitty-surface-kitty-retry/stage-0.png
  docs/analysis/api-image-hosts/20260911T151827568883Z/kitty-surface-kitty-retry/stage-1.png
  docs/analysis/api-image-hosts/20260911T151827568883Z/kitty-surface-kitty-retry/stage-2.png
  docs/analysis/api-image-hosts/20260911T151827568883Z/kitty-surface-kitty-retry/terminal.bin
  docs/analysis/api-image-hosts/20260911T151827568883Z/kitty-surface-kitty-retry/xvfb.log
  docs/analysis/api-image-hosts/20260911T151827568883Z/kitty-surface-kitty.out
  docs/analysis/api-image-hosts/20260911T151827568883Z/kitty-surface-kitty/host.log
  docs/analysis/api-image-hosts/20260911T151827568883Z/kitty-surface-kitty/pixels.json
  docs/analysis/api-image-hosts/20260911T151827568883Z/kitty-surface-kitty/stage-0.png
  docs/analysis/api-image-hosts/20260911T151827568883Z/kitty-surface-kitty/stage-1.png
  docs/analysis/api-image-hosts/20260911T151827568883Z/kitty-surface-kitty/stage-2.png
  docs/analysis/api-image-hosts/20260911T151827568883Z/kitty-surface-kitty/terminal.bin
  docs/analysis/api-image-hosts/20260911T151827568883Z/kitty-surface-kitty/xvfb.log
  docs/analysis/api-image-hosts/20260911T151827568883Z/kitty-version.out
  docs/analysis/api-image-hosts/20260911T151827568883Z/native-records.out
  docs/analysis/api-image-hosts/20260911T151827568883Z/negative.out
  docs/analysis/api-image-hosts/20260911T151827568883Z/tests-0.out
  docs/analysis/api-image-hosts/20260911T151827568883Z/tests-1.out
  docs/analysis/api-image-hosts/20260911T151827568883Z/tests-2.out
  docs/analysis/api-image-hosts/20260911T151827568883Z/tests-3.out
  docs/analysis/api-image-hosts/20260911T151827568883Z/tests-4.out
  docs/analysis/api-image-hosts/20260911T151827568883Z/viu-version.out
  docs/analysis/api-image-hosts/20260911T151827568883Z/wezterm-app-gif-iterm.out
  docs/analysis/api-image-hosts/20260911T151827568883Z/wezterm-app-gif-iterm/host.log
  docs/analysis/api-image-hosts/20260911T151827568883Z/wezterm-app-gif-iterm/pixels.json
  docs/analysis/api-image-hosts/20260911T151827568883Z/wezterm-app-gif-iterm/stage-0.png
  docs/analysis/api-image-hosts/20260911T151827568883Z/wezterm-app-gif-iterm/stage-1.png
  docs/analysis/api-image-hosts/20260911T151827568883Z/wezterm-app-gif-iterm/stage-2.png
  docs/analysis/api-image-hosts/20260911T151827568883Z/wezterm-app-gif-iterm/xvfb.log
  docs/analysis/api-image-hosts/20260911T151827568883Z/wezterm-iterm.out
  docs/analysis/api-image-hosts/20260911T151827568883Z/wezterm-iterm/host.log
  docs/analysis/api-image-hosts/20260911T151827568883Z/wezterm-iterm/pixels.json
  docs/analysis/api-image-hosts/20260911T151827568883Z/wezterm-iterm/stage-0.png
  docs/analysis/api-image-hosts/20260911T151827568883Z/wezterm-iterm/stage-1.png
  docs/analysis/api-image-hosts/20260911T151827568883Z/wezterm-iterm/stage-2.png
  docs/analysis/api-image-hosts/20260911T151827568883Z/wezterm-iterm/xvfb.log
  docs/analysis/api-image-hosts/20260911T151827568883Z/wezterm-surface-iterm.out
  docs/analysis/api-image-hosts/20260911T151827568883Z/wezterm-surface-iterm/host.log
  docs/analysis/api-image-hosts/20260911T151827568883Z/wezterm-surface-iterm/pixels.json
  docs/analysis/api-image-hosts/20260911T151827568883Z/wezterm-surface-iterm/stage-0.png
  docs/analysis/api-image-hosts/20260911T151827568883Z/wezterm-surface-iterm/stage-1.png
  docs/analysis/api-image-hosts/20260911T151827568883Z/wezterm-surface-iterm/stage-2.png
  docs/analysis/api-image-hosts/20260911T151827568883Z/wezterm-surface-iterm/xvfb.log
  docs/analysis/api-image-hosts/20260911T151827568883Z/wezterm-version.out
  docs/analysis/api-image-hosts/20260911T151827568883Z/xterm-app-gif-sixel.out
  docs/analysis/api-image-hosts/20260911T151827568883Z/xterm-app-gif-sixel/host.log
  docs/analysis/api-image-hosts/20260911T151827568883Z/xterm-app-gif-sixel/pixels.json
  docs/analysis/api-image-hosts/20260911T151827568883Z/xterm-app-gif-sixel/stage-0.png
  docs/analysis/api-image-hosts/20260911T151827568883Z/xterm-app-gif-sixel/stage-1.png
  docs/analysis/api-image-hosts/20260911T151827568883Z/xterm-app-gif-sixel/stage-2.png
  docs/analysis/api-image-hosts/20260911T151827568883Z/xterm-app-gif-sixel/xvfb.log
  docs/analysis/api-image-hosts/20260911T151827568883Z/xterm-sixel.out
  docs/analysis/api-image-hosts/20260911T151827568883Z/xterm-sixel/host.log
  docs/analysis/api-image-hosts/20260911T151827568883Z/xterm-sixel/pixels.json
  docs/analysis/api-image-hosts/20260911T151827568883Z/xterm-sixel/stage-0.png
  docs/analysis/api-image-hosts/20260911T151827568883Z/xterm-sixel/stage-1.png
  docs/analysis/api-image-hosts/20260911T151827568883Z/xterm-sixel/stage-2.png
  docs/analysis/api-image-hosts/20260911T151827568883Z/xterm-sixel/xvfb.log
  docs/analysis/api-image-hosts/20260911T151827568883Z/xterm-surface-sixel-behind.out
  docs/analysis/api-image-hosts/20260911T151827568883Z/xterm-surface-sixel-behind/host.log
  docs/analysis/api-image-hosts/20260911T151827568883Z/xterm-surface-sixel-behind/pixels.json
  docs/analysis/api-image-hosts/20260911T151827568883Z/xterm-surface-sixel-behind/stage-0.png
  docs/analysis/api-image-hosts/20260911T151827568883Z/xterm-surface-sixel-behind/stage-1.png
  docs/analysis/api-image-hosts/20260911T151827568883Z/xterm-surface-sixel-behind/stage-2.png
  docs/analysis/api-image-hosts/20260911T151827568883Z/xterm-surface-sixel-behind/xvfb.log
  docs/analysis/api-image-hosts/20260911T151827568883Z/xterm-surface-sixel-full.out
  docs/analysis/api-image-hosts/20260911T151827568883Z/xterm-surface-sixel-full/host.log
  docs/analysis/api-image-hosts/20260911T151827568883Z/xterm-surface-sixel-full/pixels.json
  docs/analysis/api-image-hosts/20260911T151827568883Z/xterm-surface-sixel-full/stage-0.png
  docs/analysis/api-image-hosts/20260911T151827568883Z/xterm-surface-sixel-full/stage-1.png
  docs/analysis/api-image-hosts/20260911T151827568883Z/xterm-surface-sixel-full/stage-2.png
  docs/analysis/api-image-hosts/20260911T151827568883Z/xterm-surface-sixel-full/xvfb.log
  docs/analysis/api-image-hosts/20260911T151827568883Z/xterm-surface-sixel.out
  docs/analysis/api-image-hosts/20260911T151827568883Z/xterm-surface-sixel/host.log
  docs/analysis/api-image-hosts/20260911T151827568883Z/xterm-surface-sixel/pixels.json
  docs/analysis/api-image-hosts/20260911T151827568883Z/xterm-surface-sixel/stage-0.png
  docs/analysis/api-image-hosts/20260911T151827568883Z/xterm-surface-sixel/stage-1.png
  docs/analysis/api-image-hosts/20260911T151827568883Z/xterm-surface-sixel/stage-2.png
  docs/analysis/api-image-hosts/20260911T151827568883Z/xterm-surface-sixel/xvfb.log
  docs/analysis/clipboard-platforms/README.md
  docs/analysis/clipboard-platforms/macos.json
  docs/analysis/clipboard-platforms/macos.out
  docs/analysis/clipboard-platforms/macos.process.out
  docs/analysis/clipboard-platforms/wayland.json
  docs/analysis/clipboard-platforms/wayland.out
  docs/analysis/clipboard-platforms/wayland.process.out
  docs/analysis/clipboard-platforms/windows.json
  docs/analysis/clipboard-platforms/windows.out
  docs/analysis/clipboard-platforms/windows.process.out
  docs/analysis/clipboard-platforms/xclip.json
  docs/analysis/clipboard-platforms/xclip.out
  docs/analysis/clipboard-platforms/xclip.process.out
  docs/analysis/clipboard-platforms/xsel.json
  docs/analysis/clipboard-platforms/xsel.out
  docs/analysis/clipboard-platforms/xsel.process.out
  docs/analysis/conpty-platform/build.out
  docs/analysis/conpty-platform/corrected.out
  docs/analysis/conpty-platform/ffi-exports.out
  docs/analysis/conpty-platform/negative-build.out
  docs/analysis/conpty-platform/negative.out
  docs/analysis/conpty-platform/runtime-errors.out
  docs/analysis/conpty-platform/windows.json
  docs/analysis/rust-api-audit/README.md
  docs/analysis/rust-api-audit/compile.log
  docs/analysis/rust-api-audit/no-default-features.log
  docs/analysis/rust-api-audit/package-list.log
  docs/analysis/rust-api-audit/probes.log
  docs/analysis/rust-api-audit/probes.rs
  docs/analysis/rust-api-audit/run-probes.py
  docs/analysis/widget-platforms/darwin/build.out
  docs/analysis/widget-platforms/darwin/curl.out
  docs/analysis/widget-platforms/darwin/filesystem-app.out
  docs/analysis/widget-platforms/darwin/filesystem-native.out
  docs/analysis/widget-platforms/darwin/http-app.out
  docs/analysis/widget-platforms/darwin/http-transport.out
  docs/analysis/widget-platforms/darwin/https.out
  docs/analysis/widget-platforms/darwin/image-app.out
  docs/analysis/widget-platforms/darwin/image-native.out
  docs/analysis/widget-platforms/darwin/iterm-build.out
  docs/analysis/widget-platforms/darwin/iterm-host.out
  docs/analysis/widget-platforms/darwin/iterm-host/app-ascii/fixture-exit.txt
  docs/analysis/widget-platforms/darwin/iterm-host/app-ascii/geometry-pixels.json
  docs/analysis/widget-platforms/darwin/iterm-host/app-ascii/host-settings.json
  docs/analysis/widget-platforms/darwin/iterm-host/app-ascii/host.log
  docs/analysis/widget-platforms/darwin/iterm-host/app-ascii/pixels.json
  docs/analysis/widget-platforms/darwin/iterm-host/app-ascii/stage-0.png
  docs/analysis/widget-platforms/darwin/iterm-host/app-ascii/stage-1.png
  docs/analysis/widget-platforms/darwin/iterm-host/app-ascii/stage-2.png
  docs/analysis/widget-platforms/darwin/iterm-host/app-ascii/startup-windows.json
  docs/analysis/widget-platforms/darwin/iterm-host/app-ascii/startup-windows.stderr
  docs/analysis/widget-platforms/darwin/iterm-host/app-ascii/terminal-size.json
  docs/analysis/widget-platforms/darwin/iterm-host/app-auto/fixture-exit.txt
  docs/analysis/widget-platforms/darwin/iterm-host/app-auto/geometry-pixels.json
  docs/analysis/widget-platforms/darwin/iterm-host/app-auto/host-settings.json
  docs/analysis/widget-platforms/darwin/iterm-host/app-auto/host.log
  docs/analysis/widget-platforms/darwin/iterm-host/app-auto/pixels.json
  docs/analysis/widget-platforms/darwin/iterm-host/app-auto/stage-0.png
  docs/analysis/widget-platforms/darwin/iterm-host/app-auto/stage-1.png
  docs/analysis/widget-platforms/darwin/iterm-host/app-auto/stage-2.png
  docs/analysis/widget-platforms/darwin/iterm-host/app-auto/startup-windows.json
  docs/analysis/widget-platforms/darwin/iterm-host/app-auto/startup-windows.stderr
  docs/analysis/widget-platforms/darwin/iterm-host/app-auto/terminal-size.json
  docs/analysis/widget-platforms/darwin/iterm-host/app-iterm/fixture-exit.txt
  docs/analysis/widget-platforms/darwin/iterm-host/app-iterm/geometry-pixels.json
  docs/analysis/widget-platforms/darwin/iterm-host/app-iterm/host-settings.json
  docs/analysis/widget-platforms/darwin/iterm-host/app-iterm/host.log
  docs/analysis/widget-platforms/darwin/iterm-host/app-iterm/pixels.json
  docs/analysis/widget-platforms/darwin/iterm-host/app-iterm/stage-0.png
  docs/analysis/widget-platforms/darwin/iterm-host/app-iterm/stage-1.png
  docs/analysis/widget-platforms/darwin/iterm-host/app-iterm/stage-2.png
  docs/analysis/widget-platforms/darwin/iterm-host/app-iterm/startup-windows.json
  docs/analysis/widget-platforms/darwin/iterm-host/app-iterm/startup-windows.stderr
  docs/analysis/widget-platforms/darwin/iterm-host/app-iterm/terminal-size.json
  docs/analysis/widget-platforms/darwin/iterm-host/host.json
  docs/analysis/widget-platforms/darwin/iterm-host/iterm/fixture-exit.txt
  docs/analysis/widget-platforms/darwin/iterm-host/iterm/geometry-pixels.json
  docs/analysis/widget-platforms/darwin/iterm-host/iterm/host-settings.json
  docs/analysis/widget-platforms/darwin/iterm-host/iterm/host.log
  docs/analysis/widget-platforms/darwin/iterm-host/iterm/pixels.json
  docs/analysis/widget-platforms/darwin/iterm-host/iterm/stage-0.png
  docs/analysis/widget-platforms/darwin/iterm-host/iterm/stage-1.png
  docs/analysis/widget-platforms/darwin/iterm-host/iterm/stage-2.png
  docs/analysis/widget-platforms/darwin/iterm-host/iterm/startup-windows.json
  docs/analysis/widget-platforms/darwin/iterm-host/iterm/startup-windows.stderr
  docs/analysis/widget-platforms/darwin/iterm-host/iterm/terminal-size.json
  docs/analysis/widget-platforms/darwin/iterm-host/surface-iterm/fixture-exit.txt
  docs/analysis/widget-platforms/darwin/iterm-host/surface-iterm/geometry-pixels.json
  docs/analysis/widget-platforms/darwin/iterm-host/surface-iterm/host-settings.json
  docs/analysis/widget-platforms/darwin/iterm-host/surface-iterm/host.log
  docs/analysis/widget-platforms/darwin/iterm-host/surface-iterm/pixels.json
  docs/analysis/widget-platforms/darwin/iterm-host/surface-iterm/stage-0.png
  docs/analysis/widget-platforms/darwin/iterm-host/surface-iterm/stage-1.png
  docs/analysis/widget-platforms/darwin/iterm-host/surface-iterm/stage-2.png
  docs/analysis/widget-platforms/darwin/iterm-host/surface-iterm/startup-windows.json
  docs/analysis/widget-platforms/darwin/iterm-host/surface-iterm/startup-windows.stderr
  docs/analysis/widget-platforms/darwin/iterm-host/surface-iterm/terminal-size.json
  docs/analysis/widget-platforms/darwin/platform-image-native.out
  docs/analysis/widget-platforms/darwin/record.json
  docs/analysis/widget-platforms/darwin/surface-native.out
  docs/analysis/widget-platforms/darwin/terminal-app.out
  docs/analysis/widget-platforms/darwin/terminal-native.out
  docs/analysis/widget-platforms/darwin/terminal-screen.out
  docs/analysis/widget-platforms/windows/build.out
  docs/analysis/widget-platforms/windows/curl.out
  docs/analysis/widget-platforms/windows/filesystem-app.out
  docs/analysis/widget-platforms/windows/filesystem-native.out
  docs/analysis/widget-platforms/windows/http-app.out
  docs/analysis/widget-platforms/windows/http-transport.out
  docs/analysis/widget-platforms/windows/https.out
  docs/analysis/widget-platforms/windows/image-app.out
  docs/analysis/widget-platforms/windows/image-native.out
  docs/analysis/widget-platforms/windows/platform-image-native.out
  docs/analysis/widget-platforms/windows/record.json
  docs/analysis/widget-platforms/windows/runtime-install.out
  docs/analysis/widget-platforms/windows/surface-native.out
  docs/analysis/widget-platforms/windows/terminal-app.out
  docs/analysis/widget-platforms/windows/terminal-native.out
  docs/analysis/widget-platforms/windows/terminal-screen.out
  docs/api-audit.md
  docs/app-events.md
  docs/app-focus.md
  docs/app-wakeups.md
  docs/application-entry-points.md
  docs/binding-abi-audit.md
  docs/binding-abi-baseline.json
  docs/binding-abi-demonstrations/README.md
  docs/binding-abi-demonstrations/builder-alias.log
  docs/binding-abi-demonstrations/c-signature.log
  docs/binding-abi-demonstrations/capabilities-layout.log
  docs/binding-abi-demonstrations/corrected-c-final.log
  docs/binding-abi-demonstrations/corrected-c.log
  docs/binding-abi-demonstrations/corrected-typescript-final.log
  docs/binding-abi-demonstrations/corrected-typescript.log
  docs/binding-abi-demonstrations/koffi-layout.log
  docs/binding-abi-demonstrations/migration-omission.log
  docs/binding-abi-demonstrations/missing-symbol.log
  docs/binding-abi-demonstrations/npm-ci.log
  docs/binding-abi-demonstrations/package.json
  docs/binding-abi-demonstrations/ripwire-quality.xml
  docs/binding-abi-demonstrations/ripwire-test-gate.xml
  docs/binding-abi-demonstrations/string-release.log
  docs/binding-abi-demonstrations/tool-versions.json
  docs/binding-abi-demonstrations/typescript-lint.log
  docs/binding-abi-demonstrations/typescript-signature.log
  docs/binding-abi-demonstrations/typescript-value.log
  docs/binding-abi-migration.json
  docs/binding-abi-migration.md
  docs/binding-native-baseline.json
  docs/binding-typescript-migration.json
  docs/binding-typescript-migration.md
  docs/binding-typescript-native-baseline.json
  docs/binding-typescript-public-api.json
  docs/dialog-http.md
  docs/dialog-input.md
  docs/dialog-lifecycle.md
  docs/editor-positions.md
  docs/embedded-terminal.md
  docs/feature-configurations.md
  docs/ffi-maintenance.md
  docs/image-acceptance.md
  docs/local-hooks.md
  docs/native-components.md
  docs/paint-properties.md
  docs/recon-evidence/baseline.txt
  docs/recon-evidence/cache-isolation/assessment.md
  docs/recon-evidence/cache-isolation/clippy.txt
  docs/recon-evidence/cache-isolation/default-tests-local-tmp.txt
  docs/recon-evidence/cache-isolation/default-tests.txt
  docs/recon-evidence/cache-isolation/ffi-api-compile.txt
  docs/recon-evidence/cache-isolation/ffi-compile.txt
  docs/recon-evidence/cache-isolation/format.txt
  docs/recon-evidence/cache-isolation/inherited-build-ice.txt
  docs/recon-evidence/cache-isolation/runs.json
  docs/recon-evidence/clippy.log
  docs/recon-evidence/default-tests.txt
  docs/recon-evidence/ffi-check.txt
  docs/recon-evidence/ffi-tests.txt
  docs/recon-evidence/history.txt
  docs/recon-evidence/inventory.txt
  docs/recon.md
  docs/renderer-foundation.md
  docs/residual-api-inventory.md
  docs/supported-api.md
  docs/suprtui-renderer.md
  docs/text-styling.md
  docs/unix-input.md
  docs/widget-acceptance.md
  docs/windows-terminal.md
