   Compiling reactive-tui v0.1.0 (/home/shawn/workspace2/reactive-tui)
warning: ambiguous glob re-exports
   --> src/ffi/mod.rs:143:9
    |
143 | pub use pointer::*;
    |         ^^^^^^^^^^ the name `validate_pointer` in the value namespace is first re-exported here
...
148 | pub use types::*;
    |         -------- but the name `validate_pointer` in the value namespace is also re-exported here
    |
    = note: `#[warn(ambiguous_glob_reexports)]` on by default

warning: unused variable: `width`
   --> src/ffi/lib.rs:122:14
    |
122 |         let (width, height) = renderer_box.dims();
    |              ^^^^^ help: if this is intentional, prefix it with an underscore: `_width`
    |
    = note: `#[warn(unused_variables)]` (part of `#[warn(unused)]`) on by default

warning: function `validate_pointer` is never used
   --> src/ffi/types.rs:182:15
    |
182 | pub(crate) fn validate_pointer<T>(ptr: *const T) -> bool {
    |               ^^^^^^^^^^^^^^^^
    |
    = note: `#[warn(dead_code)]` (part of `#[warn(unused)]`) on by default

warning: function `validate_mut_pointer` is never used
   --> src/ffi/types.rs:187:15
    |
187 | pub(crate) fn validate_mut_pointer<T>(ptr: *mut T) -> bool {
    |               ^^^^^^^^^^^^^^^^^^^^

warning: function `safe_cast` is never used
   --> src/ffi/types.rs:192:22
    |
192 | pub(crate) unsafe fn safe_cast<T, U>(ptr: *mut T) -> Result<*mut U, ReactiveError> {
    |                      ^^^^^^^^^

warning: function `safe_cast_const` is never used
   --> src/ffi/types.rs:206:22
    |
206 | pub(crate) unsafe fn safe_cast_const<T, U>(ptr: *const T) -> Result<*const U, ReactiveError> {
    |                      ^^^^^^^^^^^^^^^

warning: `reactive-tui` (lib) generated 6 warnings (run `cargo fix --lib -p reactive-tui` to apply 1 suggestion)
    Finished `test` profile [unoptimized + debuginfo] target(s) in 4.64s
     Running tests/ffi_app_representation.rs (/home/shawn/workspace2/scratchpads/suprnova-target/debug/deps/ffi_app_representation-4c760a207ed5fda0)

running 3 tests
test nullable_callback_aliases_have_exact_function_pointer_types ... ok
test inventory_rejects_moved_app_ownership ... ok
test app_handle_retains_ownership_until_run ... ok

test result: ok. 3 passed; 0 failed; 0 ignored; 0 measured; 0 filtered out; finished in 0.02s

warning: ambiguous glob re-exports
   --> src/ffi/mod.rs:143:9
    |
143 | pub use pointer::*;
    |         ^^^^^^^^^^ the name `validate_pointer` in the value namespace is first re-exported here
...
148 | pub use types::*;
    |         -------- but the name `validate_pointer` in the value namespace is also re-exported here
    |
    = note: `#[warn(ambiguous_glob_reexports)]` on by default

warning: unused variable: `width`
   --> src/ffi/lib.rs:122:14
    |
122 |         let (width, height) = renderer_box.dims();
    |              ^^^^^ help: if this is intentional, prefix it with an underscore: `_width`
    |
    = note: `#[warn(unused_variables)]` (part of `#[warn(unused)]`) on by default

warning: function `validate_pointer` is never used
   --> src/ffi/types.rs:182:15
    |
182 | pub(crate) fn validate_pointer<T>(ptr: *const T) -> bool {
    |               ^^^^^^^^^^^^^^^^
    |
    = note: `#[warn(dead_code)]` (part of `#[warn(unused)]`) on by default

warning: function `validate_mut_pointer` is never used
   --> src/ffi/types.rs:187:15
    |
187 | pub(crate) fn validate_mut_pointer<T>(ptr: *mut T) -> bool {
    |               ^^^^^^^^^^^^^^^^^^^^

warning: function `safe_cast` is never used
   --> src/ffi/types.rs:192:22
    |
192 | pub(crate) unsafe fn safe_cast<T, U>(ptr: *mut T) -> Result<*mut U, ReactiveError> {
    |                      ^^^^^^^^^

warning: function `safe_cast_const` is never used
   --> src/ffi/types.rs:206:22
    |
206 | pub(crate) unsafe fn safe_cast_const<T, U>(ptr: *const T) -> Result<*const U, ReactiveError> {
    |                      ^^^^^^^^^^^^^^^

warning: `reactive-tui` (lib) generated 6 warnings (run `cargo fix --lib -p reactive-tui` to apply 1 suggestion)
    Finished `test` profile [unoptimized + debuginfo] target(s) in 0.11s
   Doc-tests reactive_tui

running 86 tests
test src/animation/api.rs - animation::api::animate (line 281) ... ignored
test src/animation/api.rs - animation::api::create_timeline (line 858) ... ignored
test src/animation/api.rs - animation::api::stagger_delay (line 690) ... ignored
test src/builder/core.rs - builder::core::ElementBuilder::styles (line 131) ... ignored
test src/builder/widgets/accordion.rs - builder::widgets::accordion::accordion (line 15) ... ok
test src/builder/widgets/breadcrumb.rs - builder::widgets::breadcrumb::compact_breadcrumb (line 119) ... ok
test src/builder/widgets/breadcrumb.rs - builder::widgets::breadcrumb::application_breadcrumb (line 146) ... ok
test src/builder/widgets/breadcrumb.rs - builder::widgets::breadcrumb::breadcrumb (line 15) ... ok
test src/builder/widgets/accordion.rs - builder::widgets::accordion::settings_accordion (line 66) ... ok
test src/builder/macros.rs - builder::macros::div (line 54) ... ok
test src/builder/widgets/dialog.rs - builder::widgets::dialog::ModalBuilder (line 81) ... ignored
test src/builder/widgets/accordion.rs - builder::widgets::accordion::faq_accordion (line 94) ... ok
test src/builder/widgets/accordion.rs - builder::widgets::accordion::simple_accordion (line 40) ... ok
test src/animation/keyframes/typed.rs - animation::keyframes::typed::KeyframeType (line 33) ... ok
test src/builder/widgets/display.rs - builder::widgets::display::PopoverBuilder (line 216) ... ignored
test src/builder/macros.rs - builder::macros::el (line 9) ... ok
test src/builder/widgets/accordion.rs - builder::widgets::accordion::navigation_accordion (line 120) ... ok
test src/animation/mod.rs - animation::api (line 26) ... ok
test src/builder/widgets/breadcrumb.rs - builder::widgets::breadcrumb::path_breadcrumb (line 177) ... ok
test src/builder/widgets/breadcrumb.rs - builder::widgets::breadcrumb::url_breadcrumb (line 217) ... ok
test src/builder/widgets/breadcrumb.rs - builder::widgets::breadcrumb::filesystem_breadcrumb (line 64) ... ok
test src/builder/widgets/dialog.rs - builder::widgets::dialog::modal (line 17) ... ok
test src/builder/widgets/dialog.rs - builder::widgets::dialog::ToastBuilder (line 230) ... ok
test src/builder/widgets/breadcrumb.rs - builder::widgets::breadcrumb::simple_breadcrumb (line 37) ... ok
test src/builder/widgets/display.rs - builder::widgets::display::progress_bar (line 15) ... ok
test src/builder/widgets/dialog.rs - builder::widgets::dialog::toast (line 35) ... ok
test src/builder/widgets/display.rs - builder::widgets::display::ProgressBarBuilder (line 71) ... ok
test src/builder/widgets/breadcrumb.rs - builder::widgets::breadcrumb::website_breadcrumb (line 93) ... ok
test src/builder/widgets/file_explorer.rs - builder::widgets::file_explorer::code_project_explorer (line 61) ... ok
test src/builder/widgets/file_explorer.rs - builder::widgets::file_explorer::compact_file_picker (line 165) ... ok
test src/builder/widgets/file_explorer.rs - builder::widgets::file_explorer::document_browser (line 128) ... ok
test src/builder/widgets/file_explorer.rs - builder::widgets::file_explorer::current_directory_explorer (line 220) ... ok
test src/builder/widgets/file_explorer.rs - builder::widgets::file_explorer::file_explorer (line 16) ... ok
test src/builder/widgets/file_explorer.rs - builder::widgets::file_explorer::filtered_file_explorer (line 253) ... ok
test src/builder/widgets/file_explorer.rs - builder::widgets::file_explorer::home_directory_explorer (line 236) ... ok
test src/builder/widgets/file_explorer.rs - builder::widgets::file_explorer::media_gallery_explorer (line 87) ... ok
test src/component/props.rs - component::props::Props (line 30) - compile fail ... ok
test src/builder/widgets/input.rs - builder::widgets::input::TextInputBuilder (line 83) ... ok
test src/component/props.rs - component::props::Props (line 41) - compile fail ... ok
test src/builder/widgets/input.rs - builder::widgets::input::checkbox (line 33) ... ok
test src/ffi/reactive.rs - ffi::reactive::RTuiEffectCleanupCallback (line 111) - compile fail ... ok
test src/builder/widgets/file_explorer.rs - builder::widgets::file_explorer::simple_file_browser (line 39) ... ok
test src/component/props.rs - component::props::Props (line 52) - compile fail ... ok
test src/builder/widgets/input.rs - builder::widgets::input::SelectBuilder (line 419) ... ok
test src/ffi/app.rs - ffi::app::RTuiRootComponentCallback (line 101) - compile fail ... ok
test src/hooks/clipboard.rs - hooks::clipboard::use_simple_clipboard (line 254) - compile ... ok
test src/builder/widgets/input.rs - builder::widgets::input::CheckboxBuilder (line 310) ... ok
test src/hooks/clipboard.rs - hooks::clipboard::use_clipboard (line 180) - compile ... ok
test src/builder/widgets/file_explorer.rs - builder::widgets::file_explorer::system_file_manager (line 191) ... ok
test src/hooks/fps.rs - hooks::fps::use_fps (line 44) - compile ... ok
test src/hooks/fps.rs - hooks::fps::use_adaptive_quality (line 157) - compile ... ok
test src/hooks/fps.rs - hooks::fps::use_frame_timing (line 118) - compile ... ok
test src/hooks/fps.rs - hooks::fps::use_performance_mode (line 91) - compile ... ok
test src/hooks/fps.rs - hooks::fps::use_performance (line 62) - compile ... ok
test src/hooks/mouse.rs - hooks::mouse::use_clicks (line 243) - compile ... ok
test src/hooks/mouse.rs - hooks::mouse::use_drag (line 106) - compile ... ok
test src/hooks/mouse.rs - hooks::mouse::use_gesture (line 352) - compile ... ok
test src/hooks/mouse.rs - hooks::mouse::use_drag_and_drop (line 168) - compile ... ok
test src/hooks/mouse.rs - hooks::mouse::use_hover (line 23) - compile ... ok
test src/hooks/refs.rs - hooks::refs::use_forwarded_ref (line 253) - compile ... ok
test src/hooks/mouse.rs - hooks::mouse::use_mouse_position (line 205) - compile ... ok
test src/hooks/mouse.rs - hooks::mouse::use_long_press (line 279) - compile ... ok
test src/hooks/refs.rs - hooks::refs::use_callback_ref (line 189) - compile ... ok
test src/hooks/refs.rs - hooks::refs::use_multi_ref (line 321) - compile ... ok
test src/hooks/mouse.rs - hooks::mouse::use_wheel (line 416) - compile ... ok
test src/hooks/refs.rs - hooks::refs::use_local_ref (line 126) - compile ... ok
test src/layout/css/css_in_rust.rs - layout::css::css_in_rust::css (line 52) ... ignored
test src/layout/css/css_in_rust.rs - layout::css::css_in_rust::flex_center (line 265) ... ignored
test src/layout/css/css_in_rust.rs - layout::css::css_in_rust::responsive_css (line 318) ... ignored
test src/hooks/refs.rs - hooks::refs::use_ref (line 99) - compile ... ok
test src/hooks/timer.rs - hooks::timer::use_debounce (line 70) - compile ... ok
test src/hooks/timer.rs - hooks::timer::use_throttle (line 100) - compile ... ok
test src/hooks/timer.rs - hooks::timer::use_timeout (line 40) - compile ... ok
test src/layout/css/css_in_rust.rs - layout::css::css_in_rust::responsive_css (line 337) - compile fail ... ok
test src/hooks/timer.rs - hooks::timer::use_interval (line 12) - compile ... ok
test src/theme/mod.rs - theme::Theme (line 29) ... ignored
test src/lib.rs - (line 22) - compile ... ok
test src/builder/widgets/input.rs - builder::widgets::input::select (line 58) ... ok
test src/builder/widgets/layout.rs - builder::widgets::layout::TabsBuilder (line 48) ... ok
test src/builder/widgets/input.rs - builder::widgets::input::text_input (line 15) ... ok
test src/component/props.rs - component::props::Props (line 12) ... ok
test src/builder/widgets/layout.rs - builder::widgets::layout::tabs (line 29) ... ok
test src/layout/css/css_in_rust.rs - layout::css::css_in_rust (line 13) ... ok
test src/lib.rs - builder (line 72) ... ok
test src/layout/css/focus.rs - layout::css::focus::apply_aria_attribute (line 130) ... ok
test src/lib.rs - markdown (line 95) ... ok

test result: ok. 76 passed; 0 failed; 10 ignored; 0 measured; 0 filtered out; finished in 7.25s

   Compiling reactive-tui v0.1.0 (/home/shawn/workspace2/reactive-tui)
warning: ambiguous glob re-exports
   --> src/ffi/mod.rs:143:9
    |
143 | pub use pointer::*;
    |         ^^^^^^^^^^ the name `validate_pointer` in the value namespace is first re-exported here
...
148 | pub use types::*;
    |         -------- but the name `validate_pointer` in the value namespace is also re-exported here
    |
    = note: `#[warn(ambiguous_glob_reexports)]` on by default

warning: unused variable: `width`
   --> src/ffi/lib.rs:122:14
    |
122 |         let (width, height) = renderer_box.dims();
    |              ^^^^^ help: if this is intentional, prefix it with an underscore: `_width`
    |
    = note: `#[warn(unused_variables)]` (part of `#[warn(unused)]`) on by default

warning: function `validate_pointer` is never used
   --> src/ffi/types.rs:182:15
    |
182 | pub(crate) fn validate_pointer<T>(ptr: *const T) -> bool {
    |               ^^^^^^^^^^^^^^^^
    |
    = note: `#[warn(dead_code)]` (part of `#[warn(unused)]`) on by default

warning: function `validate_mut_pointer` is never used
   --> src/ffi/types.rs:187:15
    |
187 | pub(crate) fn validate_mut_pointer<T>(ptr: *mut T) -> bool {
    |               ^^^^^^^^^^^^^^^^^^^^

warning: function `safe_cast` is never used
   --> src/ffi/types.rs:192:22
    |
192 | pub(crate) unsafe fn safe_cast<T, U>(ptr: *mut T) -> Result<*mut U, ReactiveError> {
    |                      ^^^^^^^^^

warning: function `safe_cast_const` is never used
   --> src/ffi/types.rs:206:22
    |
206 | pub(crate) unsafe fn safe_cast_const<T, U>(ptr: *const T) -> Result<*const U, ReactiveError> {
    |                      ^^^^^^^^^^^^^^^

warning: `reactive-tui` (lib) generated 6 warnings (run `cargo fix --lib -p reactive-tui` to apply 1 suggestion)
    Finished `dev` profile [unoptimized + debuginfo] target(s) in 3.80s
FFS-001 app lifetime and nullable callbacks passed
FFS-001 focused C ABI safety checks passed
