    Blocking waiting for file lock on package cache
   Compiling reactive-tui v0.0.7 (/home/shawn/workspace2/reactive-tui)
warning: variable does not need to be mutable
  --> src/app/performance.rs:38:21
   |
38 |                 let mut requests = requests.lock().unwrap();
   |                     ----^^^^^^^^
   |                     |
   |                     help: remove this `mut`
   |
   = note: `#[warn(unused_mut)]` (part of `#[warn(unused)]`) on by default

warning: `reactive-tui` (lib) generated 1 warning (run `cargo fix --lib -p reactive-tui` to apply 1 suggestion)
    Finished `test` profile [unoptimized + debuginfo] target(s) in 15.78s
     Running tests/api_performance_context.rs (target/debug/deps/api_performance_context-092283dc47f5c0c7)

running 1 test
test standalone_globals_are_not_read_or_written_by_apps ... 
running 1 test
test standalone_globals_are_not_read_or_written_by_apps ... 
thread 'standalone_globals_are_not_read_or_written_by_apps' (2111705) panicked at tests/api_performance_context.rs:443:9:
assertion `left == right` failed
  left: PowerSave
 right: Balanced
note: run with `RUST_BACKTRACE=1` environment variable to display a backtrace
FAILED

failures:

failures:
    standalone_globals_are_not_read_or_written_by_apps

test result: FAILED. 0 passed; 1 failed; 0 ignored; 0 measured; 9 filtered out; finished in 0.00s

FAILED

failures:

---- standalone_globals_are_not_read_or_written_by_apps stdout ----

thread 'standalone_globals_are_not_read_or_written_by_apps' (2111702) panicked at tests/api_performance_context.rs:470:13:
global compatibility child failed: exit status: 101
note: run with `RUST_BACKTRACE=1` environment variable to display a backtrace


failures:
    standalone_globals_are_not_read_or_written_by_apps

test result: FAILED. 0 passed; 1 failed; 0 ignored; 0 measured; 9 filtered out; finished in 0.01s

error: test failed, to rerun pass `--test api_performance_context`
