A11Y # GNOME Terminal 3.58.0 using VTE 0.84.0 +BIDI +GNUTLS +ICU +SYSTEMD
dbus-daemon[2761106]: [session uid=1000 pid=2761106 pidfd=5] Activating service name='org.a11y.Bus' requested by ':1.0' (uid=1000 pid=2761145 comm="/usr/bin/python3 /usr/bin/orca --version" label="unconfined")
dbus-daemon[2761106]: [session uid=1000 pid=2761106 pidfd=5] Successfully activated service 'org.a11y.Bus'
dbus-daemon[2761106]: [session uid=1000 pid=2761106 pidfd=5] Activating service name='org.gtk.vfs.Daemon' requested by ':1.3' (uid=1000 pid=2761225 comm="/usr/lib/x86_64-linux-gnu/../../lib/x86_64-linux-g" label="unconfined")
dbus-daemon[2761106]: [session uid=1000 pid=2761106 pidfd=5] Successfully activated service 'org.gtk.vfs.Daemon'
dbus-daemon[2761193]: Activating service name='org.a11y.atspi.Registry' requested by ':1.0' (uid=1000 pid=2761145 comm="/usr/bin/python3 /usr/bin/orca --version" label="unconfined")
dbus-daemon[2761193]: Successfully activated service 'org.a11y.atspi.Registry'
SpiRegistry daemon is running with well-known name - org.a11y.atspi.Registry
A11Y Orca version 50.1.2, AT-SPI2 version: 2.60.0, Session: x11 gnome
A11Y isolated X11/Xvfb viewport 32x10
dbus-daemon[2761106]: [session uid=1000 pid=2761106 pidfd=5] Activating service name='ca.desrt.dconf' requested by ':1.7' (uid=1000 pid=2761717 comm="/usr/bin/python3 /usr/bin/orca --debug-file /tmp/r" label="unconfined")
dbus-daemon[2761106]: [session uid=1000 pid=2761106 pidfd=5] Successfully activated service 'ca.desrt.dconf'
dbus-daemon[2761106]: [session uid=1000 pid=2761106 pidfd=5] Activating service name='org.gnome.Terminal' requested by ':1.9' (uid=1000 pid=2761886 comm="gnome-terminal --display=:1 --geometry=32x10 --wai" label="unconfined")
dbus-daemon[2761106]: [session uid=1000 pid=2761106 pidfd=5] Activating service name='org.freedesktop.portal.Desktop' requested by ':1.10' (uid=1000 pid=2761893 comm="/usr/libexec/gnome-terminal-server" label="unconfined")
dbus-daemon[2761106]: [session uid=1000 pid=2761106 pidfd=5] Activating service name='org.freedesktop.impl.portal.PermissionStore' requested by ':1.11' (uid=1000 pid=2761901 comm="/usr/libexec/xdg-desktop-portal" label="unconfined")
dbus-daemon[2761106]: [session uid=1000 pid=2761106 pidfd=5] Successfully activated service 'org.freedesktop.impl.portal.PermissionStore'
dbus-daemon[2761106]: [session uid=1000 pid=2761106 pidfd=5] Activating service name='org.freedesktop.portal.Documents' requested by ':1.11' (uid=1000 pid=2761901 comm="/usr/libexec/xdg-desktop-portal" label="unconfined")
dbus-daemon[2761106]: [session uid=1000 pid=2761106 pidfd=5] Successfully activated service 'org.freedesktop.portal.Documents'

(/usr/libexec/xdg-desktop-portal:2761901): xdg-desktop-portal-WARNING **: 09:19:34.925: Choosing gnome.portal for org.freedesktop.impl.portal.Lockdown via the deprecated UseIn key

(/usr/libexec/xdg-desktop-portal:2761901): xdg-desktop-portal-WARNING **: 09:19:34.925: The preferred method to match portal implementations to desktop environments is to use the portals.conf(5) configuration file
dbus-daemon[2761106]: [session uid=1000 pid=2761106 pidfd=5] Activating service name='org.freedesktop.impl.portal.desktop.gnome' requested by ':1.11' (uid=1000 pid=2761901 comm="/usr/libexec/xdg-desktop-portal" label="unconfined")
libEGL warning: DRI3 error: Could not get DRI3 device
libEGL warning: Ensure your X server supports DRI3 to get accelerated rendering
dbus-daemon[2761106]: [session uid=1000 pid=2761106 pidfd=5] Successfully activated service 'org.freedesktop.impl.portal.desktop.gnome'

(/usr/libexec/xdg-desktop-portal:2761901): xdg-desktop-portal-WARNING **: 09:19:35.048: Choosing gnome.portal for org.freedesktop.impl.portal.Access via the deprecated UseIn key

(/usr/libexec/xdg-desktop-portal:2761901): xdg-desktop-portal-WARNING **: 09:19:35.055: Choosing gnome.portal for org.freedesktop.impl.portal.Settings via the deprecated UseIn key

(/usr/libexec/xdg-desktop-portal:2761901): xdg-desktop-portal-WARNING **: 09:19:35.055: Choosing gtk.portal for org.freedesktop.impl.portal.Settings via the deprecated UseIn key
dbus-daemon[2761106]: [session uid=1000 pid=2761106 pidfd=5] Activating service name='org.freedesktop.impl.portal.desktop.gtk' requested by ':1.11' (uid=1000 pid=2761901 comm="/usr/libexec/xdg-desktop-portal" label="unconfined")
dbus-daemon[2761106]: [session uid=1000 pid=2761106 pidfd=5] Successfully activated service 'org.freedesktop.impl.portal.desktop.gtk'

(/usr/libexec/xdg-desktop-portal:2761901): xdg-desktop-portal-WARNING **: 09:19:35.080: Choosing gnome.portal for org.freedesktop.impl.portal.FileChooser via the deprecated UseIn key

(/usr/libexec/xdg-desktop-portal:2761901): xdg-desktop-portal-WARNING **: 09:19:35.081: Choosing gnome.portal for org.freedesktop.impl.portal.AppChooser via the deprecated UseIn key

(/usr/libexec/xdg-desktop-portal:2761901): xdg-desktop-portal-WARNING **: 09:19:35.081: Choosing gnome.portal for org.freedesktop.impl.portal.Print via the deprecated UseIn key

(/usr/libexec/xdg-desktop-portal:2761901): xdg-desktop-portal-WARNING **: 09:19:35.082: Choosing gnome.portal for org.freedesktop.impl.portal.Notification via the deprecated UseIn key

(/usr/libexec/xdg-desktop-portal:2761901): xdg-desktop-portal-WARNING **: 09:19:35.082: Choosing gtk.portal for org.freedesktop.impl.portal.Inhibit via the deprecated UseIn key

(/usr/libexec/xdg-desktop-portal:2761901): xdg-desktop-portal-WARNING **: 09:19:35.084: Failed to connect to PipeWire: Couldn't connect to PipeWire

(/usr/libexec/xdg-desktop-portal:2761901): xdg-desktop-portal-WARNING **: 09:19:35.084: Choosing gnome.portal for org.freedesktop.impl.portal.Screenshot via the deprecated UseIn key

(/usr/libexec/xdg-desktop-portal:2761901): xdg-desktop-portal-WARNING **: 09:19:35.085: Choosing gnome.portal for org.freedesktop.impl.portal.Background via the deprecated UseIn key

(/usr/libexec/xdg-desktop-portal:2761901): xdg-desktop-portal-WARNING **: 09:19:35.086: Choosing gnome.portal for org.freedesktop.impl.portal.Wallpaper via the deprecated UseIn key

(/usr/libexec/xdg-desktop-portal:2761901): xdg-desktop-portal-WARNING **: 09:19:35.086: Choosing gnome.portal for org.freedesktop.impl.portal.Account via the deprecated UseIn key

(/usr/libexec/xdg-desktop-portal:2761901): xdg-desktop-portal-WARNING **: 09:19:35.086: Choosing gtk.portal for org.freedesktop.impl.portal.Email via the deprecated UseIn key

(/usr/libexec/xdg-desktop-portal:2761901): xdg-desktop-portal-WARNING **: 09:19:35.087: Choosing gnome-keyring.portal for org.freedesktop.impl.portal.Secret via the deprecated UseIn key

(/usr/libexec/xdg-desktop-portal:2761901): xdg-desktop-portal-WARNING **: 09:19:35.087: Choosing gnome.portal for org.freedesktop.impl.portal.GlobalShortcuts via the deprecated UseIn key
dbus-daemon[2761106]: [session uid=1000 pid=2761106 pidfd=5] Activating service name='org.freedesktop.secrets' requested by ':1.11' (uid=1000 pid=2761901 comm="/usr/libexec/xdg-desktop-portal" label="unconfined")

(/usr/libexec/xdg-desktop-portal:2761901): xdg-desktop-portal-WARNING **: 09:19:35.088: Choosing gnome.portal for org.freedesktop.impl.portal.DynamicLauncher via the deprecated UseIn key

(/usr/libexec/xdg-desktop-portal:2761901): xdg-desktop-portal-WARNING **: 09:19:35.088: Choosing gnome.portal for org.freedesktop.impl.portal.ScreenCast via the deprecated UseIn key

(/usr/libexec/xdg-desktop-portal:2761901): xdg-desktop-portal-WARNING **: 09:19:35.089: Choosing gnome.portal for org.freedesktop.impl.portal.RemoteDesktop via the deprecated UseIn key

(/usr/libexec/xdg-desktop-portal:2761901): xdg-desktop-portal-WARNING **: 09:19:35.089: Choosing gnome.portal for org.freedesktop.impl.portal.Clipboard via the deprecated UseIn key

(/usr/libexec/xdg-desktop-portal:2761901): xdg-desktop-portal-WARNING **: 09:19:35.089: Choosing gnome.portal for org.freedesktop.impl.portal.InputCapture via the deprecated UseIn key

(/usr/libexec/xdg-desktop-portal:2761901): xdg-desktop-portal-WARNING **: 09:19:35.090: Choosing gnome.portal for org.freedesktop.impl.portal.Usb via the deprecated UseIn key
** Message: 09:19:35.091: couldn't access control socket: /tmp/rtui-orca-a1u_bj5u/runtime/keyring/control: No such file or directory
discover_other_daemon: 0dbus-daemon[2761106]: [session uid=1000 pid=2761106 pidfd=5] Successfully activated service 'org.freedesktop.secrets'
dbus-daemon[2761106]: [session uid=1000 pid=2761106 pidfd=5] Successfully activated service 'org.freedesktop.portal.Desktop'
dbus-daemon[2761106]: [session uid=1000 pid=2761106 pidfd=5] Successfully activated service 'org.gnome.Terminal'
dbus-daemon[2761106]: [session uid=1000 pid=2761106 pidfd=5] Activating service name='org.gtk.vfs.Metadata' requested by ':1.10' (uid=1000 pid=2761893 comm="/usr/libexec/gnome-terminal-server" label="unconfined")
dbus-daemon[2761106]: [session uid=1000 pid=2761106 pidfd=5] Successfully activated service 'org.gtk.vfs.Metadata'

(process:2761115): dbind-WARNING **: 09:19:35.388: AT-SPI: AddAccessible with unknown signature (so)(so)(so)iiassusau


(process:2761115): dbind-WARNING **: 09:19:35.388: AT-SPI: Unknown signature so for RemoveAccessible

(process:2761115): dbind-WARNING **: 09:19:35.388: AT-SPI: Unknown signature so for RemoveAccessible

(process:2761115): dbind-WARNING **: 09:19:35.388: AT-SPI: Unknown signature so for RemoveAccessible

(process:2761115): dbind-WARNING **: 09:19:35.419: AT-SPI: AddAccessible with unknown signature (so)(so)(so)iiassusau


(process:2761115): dbind-WARNING **: 09:19:35.419: AT-SPI: AddAccessible with unknown signature (so)(so)(so)iiassusau


(process:2761115): dbind-WARNING **: 09:19:35.419: AT-SPI: AddAccessible with unknown signature (so)(so)(so)iiassusau


(process:2761115): dbind-WARNING **: 09:19:35.419: AT-SPI: AddAccessible with unknown signature (so)(so)(so)iiassusau


(process:2761115): dbind-WARNING **: 09:19:35.419: AT-SPI: AddAccessible with unknown signature (so)(so)(so)iiassusau


(process:2761115): dbind-WARNING **: 09:19:35.419: AT-SPI: AddAccessible with unknown signature (so)(so)(so)iiassusau


(process:2761115): dbind-WARNING **: 09:19:35.419: AT-SPI: AddAccessible with unknown signature (so)(so)(so)iiassusau

A11Y table: roles, labels, keyboard selection and disabled skipping announced

(process:2761115): dbind-WARNING **: 09:19:35.995: AT-SPI: AddAccessible with unknown signature (so)(so)(so)iiassusau


(process:2761115): dbind-WARNING **: 09:19:35.995: AT-SPI: AddAccessible with unknown signature (so)(so)(so)iiassusau


(process:2761115): dbind-WARNING **: 09:19:35.995: AT-SPI: AddAccessible with unknown signature (so)(so)(so)iiassusau


(process:2761115): dbind-WARNING **: 09:19:35.995: AT-SPI: AddAccessible with unknown signature (so)(so)(so)iiassusau


(process:2761115): dbind-WARNING **: 09:19:35.995: AT-SPI: AddAccessible with unknown signature (so)(so)(so)iiassusau


(process:2761115): dbind-WARNING **: 09:19:35.995: AT-SPI: AddAccessible with unknown signature (so)(so)(so)iiassusau


(process:2761115): dbind-WARNING **: 09:19:35.995: AT-SPI: AddAccessible with unknown signature (so)(so)(so)iiassusau


(process:2761115): dbind-WARNING **: 09:19:35.995: AT-SPI: AddAccessible with unknown signature (so)(so)(so)iiassusau


(process:2761115): dbind-WARNING **: 09:19:35.995: AT-SPI: Unknown signature so for RemoveAccessible

(process:2761115): dbind-WARNING **: 09:19:35.995: AT-SPI: Unknown signature so for RemoveAccessible

(process:2761115): dbind-WARNING **: 09:19:35.995: AT-SPI: Unknown signature so for RemoveAccessible

(process:2761115): dbind-WARNING **: 09:19:35.995: AT-SPI: Unknown signature so for RemoveAccessible

(process:2761115): dbind-WARNING **: 09:19:35.995: AT-SPI: Unknown signature so for RemoveAccessible

(process:2761115): dbind-WARNING **: 09:19:35.995: AT-SPI: Unknown signature so for RemoveAccessible

(process:2761115): dbind-WARNING **: 09:19:35.995: AT-SPI: Unknown signature so for RemoveAccessible

(process:2761115): dbind-WARNING **: 09:19:35.995: AT-SPI: Unknown signature so for RemoveAccessible

(process:2761115): dbind-WARNING **: 09:19:36.026: AT-SPI: AddAccessible with unknown signature (so)(so)(so)iiassusau


(process:2761115): dbind-WARNING **: 09:19:36.026: AT-SPI: AddAccessible with unknown signature (so)(so)(so)iiassusau


(process:2761115): dbind-WARNING **: 09:19:36.026: AT-SPI: AddAccessible with unknown signature (so)(so)(so)iiassusau


(process:2761115): dbind-WARNING **: 09:19:36.026: AT-SPI: AddAccessible with unknown signature (so)(so)(so)iiassusau


(process:2761115): dbind-WARNING **: 09:19:36.026: AT-SPI: AddAccessible with unknown signature (so)(so)(so)iiassusau


(process:2761115): dbind-WARNING **: 09:19:36.063: AT-SPI: AddAccessible with unknown signature (so)(so)(so)iiassusau

/home/shawn/workspace2/reactive-tui/tests/api_widget_behavior/orca.py:240: DeprecationWarning: Atspi.Action.get_action_name is deprecated
  assert action.get_action_name(0) == "click"

(process:2761115): dbind-WARNING **: 09:19:36.186: AT-SPI: AddAccessible with unknown signature (so)(so)(so)iiassusau


(process:2761115): dbind-WARNING **: 09:19:36.186: AT-SPI: AddAccessible with unknown signature (so)(so)(so)iiassusau


(process:2761115): dbind-WARNING **: 09:19:36.186: AT-SPI: Unknown signature so for RemoveAccessible

(process:2761115): dbind-WARNING **: 09:19:36.186: AT-SPI: Unknown signature so for RemoveAccessible

(process:2761115): dbind-WARNING **: 09:19:36.186: AT-SPI: Unknown signature so for RemoveAccessible

(process:2761115): dbind-WARNING **: 09:19:36.186: AT-SPI: Unknown signature so for RemoveAccessible

(process:2761115): dbind-WARNING **: 09:19:36.186: AT-SPI: Unknown signature so for RemoveAccessible

(process:2761115): dbind-WARNING **: 09:19:36.344: AT-SPI: AddAccessible with unknown signature (so)(so)(so)iiassusau


(process:2761115): dbind-WARNING **: 09:19:36.386: AT-SPI: AddAccessible with unknown signature (so)(so)(so)iiassusau


(process:2761115): dbind-WARNING **: 09:19:36.386: AT-SPI: AddAccessible with unknown signature (so)(so)(so)iiassusau


(process:2761115): dbind-WARNING **: 09:19:36.386: AT-SPI: Unknown signature so for RemoveAccessible

(process:2761115): dbind-WARNING **: 09:19:36.386: AT-SPI: Unknown signature so for RemoveAccessible

(process:2761115): dbind-WARNING **: 09:19:36.386: AT-SPI: Unknown signature so for RemoveAccessible

(process:2761115): dbind-WARNING **: 09:19:36.443: AT-SPI: Unknown signature so for RemoveAccessible

(process:2761115): dbind-WARNING **: 09:19:36.443: AT-SPI: Unknown signature so for RemoveAccessible
A11Y DataTable: search entry, paging actions, disabled controls, filtered and paged cell focus announced

(process:2761115): dbind-WARNING **: 09:19:36.621: AT-SPI: AddAccessible with unknown signature (so)(so)(so)iiassusau


(process:2761115): dbind-WARNING **: 09:19:36.621: AT-SPI: AddAccessible with unknown signature (so)(so)(so)iiassusau


(process:2761115): dbind-WARNING **: 09:19:36.621: AT-SPI: AddAccessible with unknown signature (so)(so)(so)iiassusau


(process:2761115): dbind-WARNING **: 09:19:36.621: AT-SPI: AddAccessible with unknown signature (so)(so)(so)iiassusau


(process:2761115): dbind-WARNING **: 09:19:36.621: AT-SPI: AddAccessible with unknown signature (so)(so)(so)iiassusau


(process:2761115): dbind-WARNING **: 09:19:36.621: AT-SPI: AddAccessible with unknown signature (so)(so)(so)iiassusau


(process:2761115): dbind-WARNING **: 09:19:36.621: AT-SPI: AddAccessible with unknown signature (so)(so)(so)iiassusau


(process:2761115): dbind-WARNING **: 09:19:36.621: AT-SPI: AddAccessible with unknown signature (so)(so)(so)iiassusau


(process:2761115): dbind-WARNING **: 09:19:36.621: AT-SPI: AddAccessible with unknown signature (so)(so)(so)iiassusau


(process:2761115): dbind-WARNING **: 09:19:36.621: AT-SPI: AddAccessible with unknown signature (so)(so)(so)iiassusau


(process:2761115): dbind-WARNING **: 09:19:36.621: AT-SPI: Unknown signature so for RemoveAccessible

(process:2761115): dbind-WARNING **: 09:19:36.621: AT-SPI: Unknown signature so for RemoveAccessible

(process:2761115): dbind-WARNING **: 09:19:36.621: AT-SPI: Unknown signature so for RemoveAccessible

(process:2761115): dbind-WARNING **: 09:19:36.621: AT-SPI: Unknown signature so for RemoveAccessible

(process:2761115): dbind-WARNING **: 09:19:36.621: AT-SPI: Unknown signature so for RemoveAccessible

(process:2761115): dbind-WARNING **: 09:19:36.621: AT-SPI: Unknown signature so for RemoveAccessible

(process:2761115): dbind-WARNING **: 09:19:36.621: AT-SPI: Unknown signature so for RemoveAccessible

(process:2761115): dbind-WARNING **: 09:19:36.621: AT-SPI: Unknown signature so for RemoveAccessible

(process:2761115): dbind-WARNING **: 09:19:36.621: AT-SPI: Unknown signature so for RemoveAccessible

(process:2761115): dbind-WARNING **: 09:19:36.652: AT-SPI: AddAccessible with unknown signature (so)(so)(so)iiassusau


(process:2761115): dbind-WARNING **: 09:19:36.652: AT-SPI: AddAccessible with unknown signature (so)(so)(so)iiassusau


(process:2761115): dbind-WARNING **: 09:19:36.652: AT-SPI: AddAccessible with unknown signature (so)(so)(so)iiassusau


(process:2761115): dbind-WARNING **: 09:19:36.724: AT-SPI: AddAccessible with unknown signature (so)(so)(so)iiassusau


(process:2761115): dbind-WARNING **: 09:19:36.724: AT-SPI: AddAccessible with unknown signature (so)(so)(so)iiassusau


(process:2761115): dbind-WARNING **: 09:19:36.724: AT-SPI: AddAccessible with unknown signature (so)(so)(so)iiassusau


(process:2761115): dbind-WARNING **: 09:19:36.724: AT-SPI: AddAccessible with unknown signature (so)(so)(so)iiassusau


(process:2761115): dbind-WARNING **: 09:19:36.724: AT-SPI: Unknown signature so for RemoveAccessible

(process:2761115): dbind-WARNING **: 09:19:36.724: AT-SPI: Unknown signature so for RemoveAccessible

(process:2761115): dbind-WARNING **: 09:19:36.724: AT-SPI: Unknown signature so for RemoveAccessible

(process:2761115): dbind-WARNING **: 09:19:36.757: AT-SPI: AddAccessible with unknown signature (so)(so)(so)iiassusau


(process:2761115): dbind-WARNING **: 09:19:36.757: AT-SPI: AddAccessible with unknown signature (so)(so)(so)iiassusau


(process:2761115): dbind-WARNING **: 09:19:36.757: AT-SPI: AddAccessible with unknown signature (so)(so)(so)iiassusau


(process:2761115): dbind-WARNING **: 09:19:37.695: AT-SPI: Unknown signature so for RemoveAccessible

(process:2761115): dbind-WARNING **: 09:19:37.695: AT-SPI: Unknown signature so for RemoveAccessible

(process:2761115): dbind-WARNING **: 09:19:37.695: AT-SPI: Unknown signature so for RemoveAccessible

(process:2761115): dbind-WARNING **: 09:19:37.695: AT-SPI: Unknown signature so for RemoveAccessible
A11Y Tree: hierarchy roles, labels, expansion, child focus and disabled skipping announced

(process:2761115): dbind-WARNING **: 09:19:37.749: AT-SPI: AddAccessible with unknown signature (so)(so)(so)iiassusau


(process:2761115): dbind-WARNING **: 09:19:37.749: AT-SPI: AddAccessible with unknown signature (so)(so)(so)iiassusau


(process:2761115): dbind-WARNING **: 09:19:37.749: AT-SPI: AddAccessible with unknown signature (so)(so)(so)iiassusau


(process:2761115): dbind-WARNING **: 09:19:37.749: AT-SPI: AddAccessible with unknown signature (so)(so)(so)iiassusau


(process:2761115): dbind-WARNING **: 09:19:37.749: AT-SPI: AddAccessible with unknown signature (so)(so)(so)iiassusau


(process:2761115): dbind-WARNING **: 09:19:37.749: AT-SPI: AddAccessible with unknown signature (so)(so)(so)iiassusau


(process:2761115): dbind-WARNING **: 09:19:37.749: AT-SPI: AddAccessible with unknown signature (so)(so)(so)iiassusau


(process:2761115): dbind-WARNING **: 09:19:37.749: AT-SPI: AddAccessible with unknown signature (so)(so)(so)iiassusau


(process:2761115): dbind-WARNING **: 09:19:37.749: AT-SPI: AddAccessible with unknown signature (so)(so)(so)iiassusau


(process:2761115): dbind-WARNING **: 09:19:37.749: AT-SPI: AddAccessible with unknown signature (so)(so)(so)iiassusau


(process:2761115): dbind-WARNING **: 09:19:37.749: AT-SPI: Unknown signature so for RemoveAccessible

(process:2761115): dbind-WARNING **: 09:19:37.749: AT-SPI: Unknown signature so for RemoveAccessible

(process:2761115): dbind-WARNING **: 09:19:37.749: AT-SPI: Unknown signature so for RemoveAccessible

(process:2761115): dbind-WARNING **: 09:19:37.749: AT-SPI: Unknown signature so for RemoveAccessible

(process:2761115): dbind-WARNING **: 09:19:37.749: AT-SPI: Unknown signature so for RemoveAccessible

(process:2761115): dbind-WARNING **: 09:19:37.749: AT-SPI: Unknown signature so for RemoveAccessible

(process:2761115): dbind-WARNING **: 09:19:37.749: AT-SPI: Unknown signature so for RemoveAccessible

(process:2761115): dbind-WARNING **: 09:19:37.749: AT-SPI: Unknown signature so for RemoveAccessible

(process:2761115): dbind-WARNING **: 09:19:37.749: AT-SPI: Unknown signature so for RemoveAccessible

(process:2761115): dbind-WARNING **: 09:19:37.749: AT-SPI: Unknown signature so for RemoveAccessible

(process:2761115): dbind-WARNING **: 09:19:37.749: AT-SPI: Unknown signature so for RemoveAccessible

(process:2761115): dbind-WARNING **: 09:19:37.749: AT-SPI: Unknown signature so for RemoveAccessible

(process:2761115): dbind-WARNING **: 09:19:37.749: AT-SPI: Unknown signature so for RemoveAccessible

(process:2761115): dbind-WARNING **: 09:19:37.782: AT-SPI: AddAccessible with unknown signature (so)(so)(so)iiassusau


(process:2761115): dbind-WARNING **: 09:19:37.782: AT-SPI: AddAccessible with unknown signature (so)(so)(so)iiassusau


(process:2761115): dbind-WARNING **: 09:19:37.782: AT-SPI: AddAccessible with unknown signature (so)(so)(so)iiassusau


(process:2761115): dbind-WARNING **: 09:19:37.782: AT-SPI: AddAccessible with unknown signature (so)(so)(so)iiassusau


(process:2761115): dbind-WARNING **: 09:19:37.782: AT-SPI: AddAccessible with unknown signature (so)(so)(so)iiassusau


(process:2761115): dbind-WARNING **: 09:19:37.839: AT-SPI: AddAccessible with unknown signature (so)(so)(so)iiassusau


(process:2761115): dbind-WARNING **: 09:19:37.839: AT-SPI: AddAccessible with unknown signature (so)(so)(so)iiassusau


(process:2761115): dbind-WARNING **: 09:19:37.839: AT-SPI: Unknown signature so for RemoveAccessible

(process:2761115): dbind-WARNING **: 09:19:38.034: AT-SPI: AddAccessible with unknown signature (so)(so)(so)iiassusau


(process:2761115): dbind-WARNING **: 09:19:38.034: AT-SPI: AddAccessible with unknown signature (so)(so)(so)iiassusau


(process:2761115): dbind-WARNING **: 09:19:38.034: AT-SPI: AddAccessible with unknown signature (so)(so)(so)iiassusau


(process:2761115): dbind-WARNING **: 09:19:38.034: AT-SPI: Unknown signature so for RemoveAccessible

(process:2761115): dbind-WARNING **: 09:19:38.034: AT-SPI: Unknown signature so for RemoveAccessible

(process:2761115): dbind-WARNING **: 09:19:38.034: AT-SPI: Unknown signature so for RemoveAccessible

(process:2761115): dbind-WARNING **: 09:19:38.034: AT-SPI: Unknown signature so for RemoveAccessible

(process:2761115): dbind-WARNING **: 09:19:38.078: AT-SPI: AddAccessible with unknown signature (so)(so)(so)iiassusau


(process:2761115): dbind-WARNING **: 09:19:38.128: AT-SPI: AddAccessible with unknown signature (so)(so)(so)iiassusau


(process:2761115): dbind-WARNING **: 09:19:38.128: AT-SPI: AddAccessible with unknown signature (so)(so)(so)iiassusau


(process:2761115): dbind-WARNING **: 09:19:38.128: AT-SPI: Unknown signature so for RemoveAccessible

(process:2761115): dbind-WARNING **: 09:19:38.128: AT-SPI: Unknown signature so for RemoveAccessible

(process:2761115): dbind-WARNING **: 09:19:38.128: AT-SPI: Unknown signature so for RemoveAccessible

(process:2761115): dbind-WARNING **: 09:19:38.169: AT-SPI: AddAccessible with unknown signature (so)(so)(so)iiassusau


(process:2761115): dbind-WARNING **: 09:19:38.170: AT-SPI: Unknown signature so for RemoveAccessible

(process:2761115): dbind-WARNING **: 09:19:38.221: AT-SPI: AddAccessible with unknown signature (so)(so)(so)iiassusau


(process:2761115): dbind-WARNING **: 09:19:38.221: AT-SPI: AddAccessible with unknown signature (so)(so)(so)iiassusau


(process:2761115): dbind-WARNING **: 09:19:38.221: AT-SPI: Unknown signature so for RemoveAccessible

(process:2761115): dbind-WARNING **: 09:19:38.268: AT-SPI: AddAccessible with unknown signature (so)(so)(so)iiassusau


(process:2761115): dbind-WARNING **: 09:19:38.268: AT-SPI: Unknown signature so for RemoveAccessible

(process:2761115): dbind-WARNING **: 09:19:38.296: AT-SPI: AddAccessible with unknown signature (so)(so)(so)iiassusau


(process:2761115): dbind-WARNING **: 09:19:38.296: AT-SPI: Unknown signature so for RemoveAccessible

(process:2761115): dbind-WARNING **: 09:19:38.296: AT-SPI: Unknown signature so for RemoveAccessible
A11Y FileExplorer: directory/file roles, focus speech, navigation and filter controls passed

(process:2761115): dbind-WARNING **: 09:19:38.343: AT-SPI: AddAccessible with unknown signature (so)(so)(so)iiassusau


(process:2761115): dbind-WARNING **: 09:19:38.344: AT-SPI: AddAccessible with unknown signature (so)(so)(so)iiassusau


(process:2761115): dbind-WARNING **: 09:19:38.344: AT-SPI: AddAccessible with unknown signature (so)(so)(so)iiassusau


(process:2761115): dbind-WARNING **: 09:19:38.344: AT-SPI: AddAccessible with unknown signature (so)(so)(so)iiassusau

A11Y data controls: reader delivery and adapter removal passed
