+ /Library/Frameworks/Python.framework/Versions/3.14/bin/python -B /Users/runner/work/reactive-tui/reactive-tui/verification/api-entry-points/check-harness.py
PASS terminal harness pty-raw-leak
PASS terminal harness eof
PASS terminal harness raw-leak
PASS terminal harness never-drained
PASS terminal harness pty
Terminal harness captures: /Users/runner/work/reactive-tui/reactive-tui/.cairn/reviews/api-entry-points/harness-20260913T062326291857Z
TERMINAL_HARNESS_OK
+ cargo test --locked --manifest-path src/backend/crossterm/Cargo.toml --lib --features event-stream readiness_tests -- --test-threads=1
    Updating crates.io index
 Downloading crates ...
  Downloaded async-channel v1.9.0
  Downloaded async-channel v2.3.1
  Downloaded sdd v3.0.8
  Downloaded value-bag v1.11.1
  Downloaded parking_lot v0.12.3
  Downloaded event-listener v2.5.3
  Downloaded futures-timer v3.0.3
  Downloaded futures-lite v2.6.0
  Downloaded memchr v2.7.4
  Downloaded temp-env v0.3.6
  Downloaded slab v0.4.9
  Downloaded tracing-core v0.1.33
  Downloaded smallvec v1.15.0
  Downloaded tracing v0.1.41
  Downloaded serde_json v1.0.140
  Downloaded unicode-segmentation v1.12.0
  Downloaded scc v2.3.3
  Downloaded socket2 v0.5.9
  Downloaded serde v1.0.219
  Downloaded mio v1.0.3
  Downloaded signal-hook v0.3.17
  Downloaded signal-hook-registry v1.4.2
  Downloaded proc-macro2 v1.0.94
  Downloaded polling v3.7.4
  Downloaded parking_lot_core v0.9.10
  Downloaded syn v2.0.100
  Downloaded litrs v0.4.1
  Downloaded rustix v0.38.44
  Downloaded event-listener v5.4.0
  Downloaded blocking v1.6.1
  Downloaded piper v0.2.4
  Downloaded rustix v1.0.5
  Downloaded bitflags v2.9.0
  Downloaded cfg-if v1.0.0
  Downloaded autocfg v1.4.0
  Downloaded atomic-waker v1.1.2
  Downloaded async-task v4.7.1
  Downloaded lock_api v0.4.12
  Downloaded kv-log-macro v1.0.7
  Downloaded errno v0.3.11
  Downloaded async-std v1.13.1
  Downloaded async-lock v3.4.0
  Downloaded async-io v2.4.0
  Downloaded async-global-executor v2.4.1
  Downloaded async-executor v1.13.1
  Downloaded libc v0.2.171
  Downloaded tokio v1.44.1
   Compiling libc v0.2.171
   Compiling autocfg v1.4.0
   Compiling proc-macro2 v1.0.94
   Compiling cfg-if v1.0.0
   Compiling value-bag v1.11.1
   Compiling memchr v2.7.4
   Compiling rustix v0.38.44
   Compiling parking_lot_core v0.9.10
   Compiling bitflags v2.9.0
   Compiling futures-lite v2.6.0
   Compiling smallvec v1.15.0
   Compiling concurrent-queue v2.5.0
   Compiling tracing-core v0.1.33
   Compiling atomic-waker v1.1.2
   Compiling async-task v4.7.1
   Compiling event-listener v5.4.0
   Compiling piper v0.2.4
   Compiling unicode-segmentation v1.12.0
   Compiling serde v1.0.219
   Compiling log v0.4.27
   Compiling signal-hook v0.3.17
   Compiling sdd v3.0.8
   Compiling event-listener v2.5.3
   Compiling slab v0.4.9
   Compiling lock_api v0.4.12
   Compiling event-listener-strategy v0.5.4
   Compiling async-channel v2.3.1
   Compiling async-lock v3.4.0
   Compiling serde_json v1.0.140
   Compiling rustix v1.0.5
   Compiling tracing v0.1.41
   Compiling kv-log-macro v1.0.7
   Compiling scc v2.3.3
   Compiling async-channel v1.9.0
   Compiling litrs v0.4.1
   Compiling futures-timer v3.0.3
   Compiling convert_case v0.7.1
   Compiling quote v1.0.40
   Compiling syn v2.0.100
   Compiling document-features v0.2.11
   Compiling async-executor v1.13.1
   Compiling blocking v1.6.1
   Compiling errno v0.3.11
   Compiling signal-hook-registry v1.4.2
   Compiling mio v1.0.3
   Compiling socket2 v0.5.9
   Compiling parking_lot v0.12.3
   Compiling temp-env v0.3.6
   Compiling signal-hook-mio v0.2.4
   Compiling polling v3.7.4
   Compiling async-io v2.4.0
   Compiling async-global-executor v2.4.1
   Compiling futures-macro v0.3.31
   Compiling derive_more-impl v2.0.1
   Compiling serial_test_derive v3.2.0
   Compiling tokio-macros v2.5.0
   Compiling async-std v1.13.1
   Compiling tokio v1.44.1
   Compiling derive_more v2.0.1
   Compiling futures-util v0.3.31
   Compiling futures-executor v0.3.31
   Compiling futures v0.3.31
   Compiling serial_test v3.2.0
   Compiling crossterm v0.29.0 (/Users/runner/work/reactive-tui/reactive-tui/src/backend/crossterm)
warning: unnecessary parentheses around closure body
  --> src/terminal/sys/unix.rs:87:50
   |
87 |     let file = File::open("/dev/tty").map(|file| (FileDesc::Owned(file.into())));
   |                                                  ^                            ^
   |
   = note: `#[warn(unused_parens)]` (part of `#[warn(unused)]`) on by default
help: remove these parentheses
   |
87 -     let file = File::open("/dev/tty").map(|file| (FileDesc::Owned(file.into())));
87 +     let file = File::open("/dev/tty").map(|file| FileDesc::Owned(file.into()));
   |

warning: `crossterm` (lib test) generated 1 warning (run `cargo fix --lib -p crossterm --tests` to apply 1 suggestion)
    Finished `test` profile [unoptimized + debuginfo] target(s) in 12.41s
     Running unittests src/lib.rs (target/debug/deps/crossterm-bc11e0db9ad631ec)

running 3 tests
test event::source::unix::mio::readiness_tests::new_wake_is_harvested_while_a_tty_burst_remains_readable ... ok
test event::source::unix::mio::readiness_tests::one_readiness_edge_retains_a_burst_larger_than_the_read_buffer ... ok
test event::source::unix::mio::readiness_tests::wake_return_preserves_later_readiness_without_another_input_edge ... ok

test result: ok. 3 passed; 0 failed; 0 ignored; 0 measured; 100 filtered out; finished in 0.00s

+ cargo build --locked --features ffi --message-format=json-render-diagnostics
   Compiling getrandom v0.3.3
   Compiling reactive-tui v0.0.7 (/Users/runner/work/reactive-tui/reactive-tui)
warning: unnecessary parentheses around closure body
  --> src/backend/crossterm/src/terminal/sys/unix.rs:87:50
   |
87 |     let file = File::open("/dev/tty").map(|file| (FileDesc::Owned(file.into())));
   |                                                  ^                            ^
   |
   = note: `#[warn(unused_parens)]` (part of `#[warn(unused)]`) on by default
help: remove these parentheses
   |
87 -     let file = File::open("/dev/tty").map(|file| (FileDesc::Owned(file.into())));
87 +     let file = File::open("/dev/tty").map(|file| FileDesc::Owned(file.into()));
   |

warning: `crossterm` (lib) generated 1 warning (run `cargo fix --lib -p crossterm` to apply 1 suggestion)
   Compiling futures-util v0.3.31
   Compiling uuid v1.18.1
   Compiling tempfile v3.21.0
   Compiling accesskit v0.25.0
warning: ambiguous glob re-exports
  --> src/ffi/mod.rs:94:9
   |
94 | pub use pointer::*;
   |         ^^^^^^^^^^ the name `validate_pointer` in the value namespace is first re-exported here
...
99 | pub use types::*;
   |         -------- but the name `validate_pointer` in the value namespace is also re-exported here
   |
   = note: `#[warn(ambiguous_glob_reexports)]` on by default

warning: unused variable: `width`
  --> src/ffi/lib.rs:85:14
   |
85 |         let (width, height) = renderer_box.dims();
   |              ^^^^^ help: if this is intentional, prefix it with an underscore: `_width`
   |
   = note: `#[warn(unused_variables)]` (part of `#[warn(unused)]`) on by default

warning: method `serial` is never used
  --> src/event/router.rs:84:19
   |
83 | impl NodeId {
   | ----------- method in this implementation
84 |     pub(crate) fn serial(self) -> usize {
   |                   ^^^^^^
   |
   = note: `#[warn(dead_code)]` (part of `#[warn(unused)]`) on by default

warning: function `validate_pointer` is never used
   --> src/ffi/types.rs:182:15
    |
182 | pub(crate) fn validate_pointer<T>(ptr: *const T) -> bool {
    |               ^^^^^^^^^^^^^^^^

warning: function `validate_mut_pointer` is never used
   --> src/ffi/types.rs:187:15
    |
187 | pub(crate) fn validate_mut_pointer<T>(ptr: *mut T) -> bool {
    |               ^^^^^^^^^^^^^^^^^^^^

warning: function `safe_cast` is never used
   --> src/ffi/types.rs:192:22
    |
192 | pub(crate) unsafe fn safe_cast<T, U>(ptr: *mut T) -> Result<*mut U, ReactiveError> {
    |                      ^^^^^^^^^

warning: function `safe_cast_const` is never used
   --> src/ffi/types.rs:206:22
    |
206 | pub(crate) unsafe fn safe_cast_const<T, U>(ptr: *const T) -> Result<*const U, ReactiveError> {
    |                      ^^^^^^^^^^^^^^^

warning: `reactive-tui` (lib) generated 7 warnings (run `cargo fix --lib -p reactive-tui` to apply 1 suggestion)
    Finished `dev` profile [unoptimized + debuginfo] target(s) in 21.27s
+ cargo test --locked --test suprtui_renderer --no-run
warning: unnecessary parentheses around closure body
  --> src/backend/crossterm/src/terminal/sys/unix.rs:87:50
   |
87 |     let file = File::open("/dev/tty").map(|file| (FileDesc::Owned(file.into())));
   |                                                  ^                            ^
   |
   = note: `#[warn(unused_parens)]` (part of `#[warn(unused)]`) on by default
help: remove these parentheses
   |
87 -     let file = File::open("/dev/tty").map(|file| (FileDesc::Owned(file.into())));
87 +     let file = File::open("/dev/tty").map(|file| FileDesc::Owned(file.into()));
   |

warning: `crossterm` (lib) generated 1 warning (run `cargo fix --lib -p crossterm` to apply 1 suggestion)
   Compiling reactive-tui v0.0.7 (/Users/runner/work/reactive-tui/reactive-tui)
warning: method `serial` is never used
  --> src/event/router.rs:84:19
   |
83 | impl NodeId {
   | ----------- method in this implementation
84 |     pub(crate) fn serial(self) -> usize {
   |                   ^^^^^^
   |
   = note: `#[warn(dead_code)]` (part of `#[warn(unused)]`) on by default

warning: `reactive-tui` (lib) generated 1 warning
    Finished `test` profile [unoptimized + debuginfo] target(s) in 18.61s
  Executable tests/suprtui_renderer.rs (target/debug/deps/suprtui_renderer-5c1304a7a19d7c15)
+ rustc --edition=2021 /Users/runner/work/reactive-tui/reactive-tui/verification/api-entry-points/legacy.rs --extern reactive_tui=/Users/runner/work/reactive-tui/reactive-tui/target/debug/libreactive_tui.rlib -L dependency=/Users/runner/work/reactive-tui/reactive-tui/target/debug/deps -o /Users/runner/work/reactive-tui/reactive-tui/target/api-entry-points-imggj5wo/legacy --test
+ rustc --edition=2021 /Users/runner/work/reactive-tui/reactive-tui/verification/api-entry-points/host.rs --extern reactive_tui=/Users/runner/work/reactive-tui/reactive-tui/target/debug/libreactive_tui.rlib -L dependency=/Users/runner/work/reactive-tui/reactive-tui/target/debug/deps -o /Users/runner/work/reactive-tui/reactive-tui/target/api-entry-points-imggj5wo/host
+ rustc --edition=2021 /Users/runner/work/reactive-tui/reactive-tui/verification/api-entry-points/manual.rs --extern reactive_tui=/Users/runner/work/reactive-tui/reactive-tui/target/debug/libreactive_tui.rlib -L dependency=/Users/runner/work/reactive-tui/reactive-tui/target/debug/deps -o /Users/runner/work/reactive-tui/reactive-tui/target/api-entry-points-imggj5wo/manual
+ rustc --edition=2021 /Users/runner/work/reactive-tui/reactive-tui/verification/api-entry-points/screen.rs --extern vt100=/Users/runner/work/reactive-tui/reactive-tui/target/debug/deps/libvt100-b0d62b76369d23ae.rlib -L dependency=/Users/runner/work/reactive-tui/reactive-tui/target/debug/deps -o /Users/runner/work/reactive-tui/reactive-tui/target/api-entry-points-imggj5wo/screen
+ rustc --edition=2021 /Users/runner/work/reactive-tui/reactive-tui/verification/api-entry-points/input-burst.rs --extern crossterm=/Users/runner/work/reactive-tui/reactive-tui/target/debug/deps/libcrossterm-9d087dd4836b918a.rlib -L dependency=/Users/runner/work/reactive-tui/reactive-tui/target/debug/deps -o /Users/runner/work/reactive-tui/reactive-tui/target/api-entry-points-imggj5wo/input-burst
+ /Users/runner/work/reactive-tui/reactive-tui/target/api-entry-points-imggj5wo/legacy --test-threads=1

running 5 tests
test debug_app_routes_input_using_its_painted_component_geometry ... ok
test debug_frames_preserve_graphemes_and_publish_geometry_only_after_present ... ok
test initial_frame_uses_the_actual_root_insertion ... ok
test patch_present_root_and_shutdown_errors_are_returned ... ok
test unchanged_update_reorder_and_removal_use_the_last_presented_tree ... ok

test result: ok. 5 passed; 0 failed; 0 ignored; 0 measured; 0 filtered out; finished in 0.51s

PASS Rust suprtui (32, 8): paint, input, Unicode, update, reorder, removal, resize, exit and restoration
PASS Rust suprtui (48, 12): paint, input, Unicode, update, reorder, removal, resize, error and restoration
PASS Rust crossterm (32, 8): paint, input, Unicode, update, reorder, removal, resize, exit and restoration
PASS Rust crossterm (48, 12): paint, input, Unicode, update, reorder, removal, resize, error and restoration
PASS Rust crossterm-surface (32, 8): paint, input, Unicode, update, reorder, removal, resize, exit and restoration
PASS Rust crossterm-surface (48, 12): paint, input, Unicode, update, reorder, removal, resize, error and restoration
PASS Rust direct (32, 8): paint, input, Unicode, update, reorder, removal, resize, exit and restoration
PASS Rust direct (48, 12): paint, input, Unicode, update, reorder, removal, resize, error and restoration
PASS manual crossterm: patches/options, input batch or clone ownership, cleanup
PASS manual direct: patches/options, input batch or clone ownership, cleanup
PASS manual unix: patches/options, input batch or clone ownership, cleanup
BURST_DELIVERY streamed initially_queued=1022 total_sent=2048
PASS public Crossterm: 2048 bytes, exhausted zero-timeout poll and restoration
+ cc -std=c11 -Wall -Wextra -Werror -Iinclude /Users/runner/work/reactive-tui/reactive-tui/verification/api-entry-points/native.c -L/Users/runner/work/reactive-tui/reactive-tui/target/debug -Wl,-rpath,/Users/runner/work/reactive-tui/reactive-tui/target/debug -lreactive_tui -o /Users/runner/work/reactive-tui/reactive-tui/target/api-entry-points-imggj5wo/native
FAIL C SuprTUI (32, 8): entry point did not paint 'NATIVE size 32 8'; screen='ve-tui/target/api-entry-points-imggj5wo/native\n  Expected in:     <DEDE3EDD-648C-356E-BB6E-86C7EE93EE93> /Users/runner/work/reactive-tui/reactive-tui/target/debug/deps/libreactive_tui.dylib'; output=b'dyld[31314]: Symbol not found: _rtui_app_builder_backend_crossterm\r\n  Referenced from: <DAF40D8F-25D1-383D-B10D-2DF56CA4950C> /Users/runner/work/reactive-tui/reactive-tui/target/api-entry-points-imggj5wo/native\r\n  Expected in:     <DEDE3EDD-648C-356E-BB6E-86C7EE93EE93> /Users/runner/work/reactive-tui/reactive-tui/target/debug/deps/libreactive_tui.dylib\r\n'
FAIL C SuprTUI (48, 12): entry point did not paint 'NATIVE size 48 12'; screen='dyld[31318]: Symbol not found: _rtui_app_builder_backend_crossterm\n  Referenced from: <DAF40D8F-25D1-383D-B10D-2DF56CA4950C> /Users/runner/work/reactive-tui/reactive-tui/target/api-entry-points-imggj5wo/native\n  Expected in:     <DEDE3EDD-648C-356E-BB6E-86C7EE93EE93> /Users/runner/work/reactive-tui/reactive-tui/target/debug/deps/libreactive_tui.dylib'; output=b'dyld[31318]: Symbol not found: _rtui_app_builder_backend_crossterm\r\n  Referenced from: <DAF40D8F-25D1-383D-B10D-2DF56CA4950C> /Users/runner/work/reactive-tui/reactive-tui/target/api-entry-points-imggj5wo/native\r\n  Expected in:     <DEDE3EDD-648C-356E-BB6E-86C7EE93EE93> /Users/runner/work/reactive-tui/reactive-tui/target/debug/deps/libreactive_tui.dylib\r\n'
FAIL C missing root restores terminal: (-6, 0, b'dyld[31321]: Symbol not found: _rtui_app_builder_backend_crossterm\r\n  Referenced from: <DAF40D8F-25D1-383D-B10D-2DF56CA4950C> /Users/runner/work/reactive-tui/reactive-tui/target/api-entry-points-imggj5wo/native\r\n  Expected in:     <DEDE3EDD-648C-356E-BB6E-86C7EE93EE93> /Users/runner/work/reactive-tui/reactive-tui/target/debug/deps/libreactive_tui.dylib\r\n')
FAIL C terminal re-selection retains ownership: entry point did not paint 'NATIVE size 32 8'; screen='ve-tui/target/api-entry-points-imggj5wo/native\n  Expected in:     <DEDE3EDD-648C-356E-BB6E-86C7EE93EE93> /Users/runner/work/reactive-tui/reactive-tui/target/debug/deps/libreactive_tui.dylib'; output=b'dyld[31322]: Symbol not found: _rtui_app_builder_backend_crossterm\r\n  Referenced from: <DAF40D8F-25D1-383D-B10D-2DF56CA4950C> /Users/runner/work/reactive-tui/reactive-tui/target/api-entry-points-imggj5wo/native\r\n  Expected in:     <DEDE3EDD-648C-356E-BB6E-86C7EE93EE93> /Users/runner/work/reactive-tui/reactive-tui/target/debug/deps/libreactive_tui.dylib\r\n'
Terminal captures: /Users/runner/work/reactive-tui/reactive-tui/.cairn/reviews/api-entry-points/20260913T062421Z
Entry-point failures: C SuprTUI (32, 8), C SuprTUI (48, 12), C missing root restores terminal, C terminal re-selection retains ownership
