+ cargo test --locked --test api_dialog_lifecycle
error: no test target named `api_dialog_lifecycle` in default-run packages
help: available test targets:
    advanced_table_test
    alignment_strict_tests
    alignment_utility_tests
    animations_integration
    api_clipboard
    api_component_expansion
    api_editor_unicode
    api_event_routing
    api_focus
    api_hook_lifecycle
    api_hook_state
    api_paint_properties
    api_signal_ownership
    api_styling
    api_widget_behavior
    app_wakeups
    automatic_memory_management_tests
    charts_test
    clipboard_platform
    color_more_shades_tests
    color_shades_tests
    color_utility_tests
    component_macro_integration
    component_macro_test
    component_tests
    css_animation_integration_test
    css_in_rust_simple_test
    debug_animate_none
    element_bridge_tests
    embedded_terminal
    ffi_basic_test
    ffi_tests
    full_pipeline_integration
    layout_paint_tests
    mouse_hooks_test
    opacity_tests
    performance_monitoring_test
    production_readiness_test
    property_tests
    props_derive_test
    registry_cache_isolation
    registry_concurrency
    render_ops_snapshots
    screen_system_tests
    simple_css_animation_test
    simple_performance_test
    simple_props_test
    suprtui_renderer
    surface_integration
    syntax_highlighting_integration
    test_absolute_debug
    test_absolute_paint
    test_animation_api
    test_app_layout
    test_ffi_core_only
    test_ffi_integration
    test_ffi_reactive_seamless
    test_flex_layout
    test_minimal_ffi
    utility_paint_tests
    windows_platform
    z_index_tests
