+ cargo test --locked --test api_dialog_lifecycle
   Compiling reactive-tui v0.0.7 (/home/shawn/workspace2/reactive-tui)
    Finished `test` profile [unoptimized + debuginfo] target(s) in 1.68s
     Running tests/api_dialog_lifecycle.rs (target/debug/deps/api_dialog_lifecycle-9645d5f14941ec83)

running 25 tests
test app::dropping_the_app_cancels_sessions_even_when_a_controller_survives ... ok
test async_event_wakers_can_reenter_without_an_engine_lock ... ok
test asynchronous_completion_waits_then_delivers_without_tokio ... ok
test close_callbacks_can_reenter_and_see_the_closed_session_removed ... ok
test close_preserves_the_actual_result_once_and_in_order ... ok
test dialog_buffer_orders_by_z_and_replaces_existing_ids_without_duplicate_hits ... ok
test dropping_an_unmounted_engine_cancels_waiters_and_closes_the_event_stream ... ok
test invalid_animation_configuration_is_an_observable_rejection ... ok
test limits_reject_without_inventing_a_live_id_or_an_open_event ... ok
test one_panicking_close_callback_does_not_strand_other_sessions_or_waiters ... ok
test shutdown_reentry_cannot_leave_replacement_dialogs_running ... ok
test unread_events_are_bounded_and_every_accepted_dialog_can_still_close ... ok
test updates_reject_wrong_types_unknown_ids_and_nonfinite_progress ... ok
test weak_callbacks_do_not_keep_abandoned_sessions_alive ... ok
test app::invalid_custom_animation_completes_with_error_instead_of_silent_success ... ok
test app::progress_updates_change_the_presented_control_and_deliver_completion ... ok
test app::custom_animation_receives_intermediate_progress_and_changes_app_frames ... ok
test app::explicit_input_reset_replaces_edits_even_when_the_seed_value_is_unchanged ... ok
test app::engine_escape_configuration_preserves_keyboard_cancel ... ok
test app::engine_confirmation_callback_and_close_event_fire_once ... ok
test app::engine_input_paints_edits_and_delivers_the_resized_pointer_result ... ok
test app::engine_z_priority_controls_both_paint_and_pointer_target ... ok
test app::autocomplete_selection_and_wizard_data_reach_engine_results ... ok
test app::engine_toast_expiration_delivers_completion_without_input ... ok
test app::nested_dialogs_restore_the_underlying_control_and_then_the_background ... ok

test result: ok. 25 passed; 0 failed; 0 ignored; 0 measured; 0 filtered out; finished in 2.97s

+ cargo test --locked --lib widgets::dialog::
    Finished `test` profile [unoptimized + debuginfo] target(s) in 0.12s
     Running unittests src/lib.rs (target/debug/deps/reactive_tui-3b9bd581c091ab71)

running 40 tests
test widgets::dialog::autocomplete::tests::native_minimum_counts_displayed_characters ... ok
test widgets::dialog::autocomplete::tests::native_editing_preserves_whole_graphemes ... ok
test widgets::dialog::autocomplete::live::tests::suggestions_require_a_value_and_preserve_metadata ... ok
test widgets::dialog::autocomplete::tests::native_selection_without_callback_closes ... ok
test widgets::dialog::dialog_types::tests::test_dialog_builder_confirm ... ok
test widgets::dialog::dialog_types::tests::test_dialog_builder_error ... ok
test widgets::dialog::dialog_types::tests::test_dialog_builder_autocomplete ... ok
test widgets::dialog::dialog_types::tests::test_dialog_builder_input ... ok
test widgets::dialog::dialog_types::tests::test_dialog_builder_ok_cancel ... ok
test widgets::dialog::autocomplete::tests::native_submit_honors_selection_veto_once_without_mutation ... ok
test widgets::dialog::dialog_types::tests::test_dialog_builder_password ... ok
test widgets::dialog::dialog_types::tests::test_dialog_builder_warning ... ok
test widgets::dialog::dialog_types::tests::test_dialog_utils_calculate_size ... ok
test widgets::dialog::dialog_types::tests::test_dialog_builder_info ... ok
test widgets::dialog::dialog_types::tests::test_dialog_utils_parse_shortcut ... ok
test widgets::dialog::dialog_types::tests::test_dialog_utils_validate_config_empty_message ... ok
test widgets::dialog::dialog_types::tests::test_dialog_utils_validate_config_empty_title ... ok
test widgets::dialog::dialog_types::tests::test_dialog_utils_validate_config_title_too_long ... ok
test widgets::dialog::dialog_types::tests::test_dialog_utils_validate_config_valid ... ok
test widgets::dialog::dialog_types::tests::test_dialog_utils_validate_config_message_too_long ... ok
test widgets::dialog::http::tests::tls_certificate_probe ... ignored, invoked with a trusted/untrusted HTTPS fixture by scripts/check-dialog-http.py
test widgets::dialog::autocomplete::live::tests::suggestion_highlighting_preserves_expanded_case_and_graphemes ... ok
test widgets::dialog::engine::tests::exhausted_identifiers_never_wrap_to_zero_or_an_existing_session ... ok
test widgets::dialog::engine::tests::shutdown_cancels_retired_dialog_deadlines_without_waiting ... ok
test widgets::dialog::dialog_types::tests::test_dialog_utils_build_css_classes ... ok
test widgets::dialog::dialog_types::tests::test_dialog_utils_generate_id ... ok
test widgets::dialog::wizard::tests::empty_wizard_rejects_navigation_and_completion_without_panicking ... ok
test widgets::dialog::toast::live::tests::unmount_before_presentation_cannot_start_a_retained_deadline ... ok
test widgets::dialog::toast::live::tests::presented_toast_preserves_duration_updates_and_does_not_restart_on_redraw ... ok
test widgets::dialog::wizard::tests::wizard_data_reaches_validator_and_completion_and_skip_is_optional ... ok
test widgets::dialog::wizard::tests::wizard_validates_before_navigation_and_completion ... ok
test widgets::dialog::wizard::tests::wizard_rejects_ambiguous_step_identifiers ... ok
test widgets::dialog::toast::live::tests::unmount_and_manual_close_cancel_toast_deadlines_with_retained_output ... ok
test widgets::dialog::engine::tests::closing_transition_releases_retained_content_and_its_deadline ... ok
test widgets::dialog::http::tests::missing_curl_is_an_explicit_error_in_an_isolated_process ... ok
test widgets::dialog::http::tests::cancellation_joins_worker_and_closes_the_actual_connection ... ok
test widgets::dialog::http::tests::request_preserves_json_escaping_and_custom_headers ... ok
test widgets::dialog::http::tests::chunked_response_cannot_bypass_the_size_limit ... ok
test widgets::dialog::http::tests::unsafe_configuration_and_oversized_requests_fail_before_spawn ... ok
test widgets::dialog::http::tests::a_silent_endpoint_hits_the_owned_deadline ... ok

test result: ok. 39 passed; 0 failed; 1 ignored; 0 measured; 961 filtered out; finished in 0.20s

+ cargo test --locked --lib widgets::display::modal::
    Finished `test` profile [unoptimized + debuginfo] target(s) in 0.11s
     Running unittests src/lib.rs (target/debug/deps/reactive_tui-3b9bd581c091ab71)

running 12 tests
test widgets::display::modal::tests::test_component_update ... ok
test widgets::display::modal::tests::test_button_constructors ... ok
test widgets::display::modal::tests::test_builder_methods ... ok
test widgets::display::modal::tests::test_button_handling ... ok
test widgets::display::modal::tests::test_modal_visibility ... ok
test widgets::display::modal::live::tests::a_closed_owner_ignores_repeated_button_activation ... ok
test widgets::display::modal::tests::test_position_calculation ... ok
test widgets::display::modal::tests::test_dimension_calculation ... ok
test widgets::display::modal::tests::test_modal_creation ... ok
test widgets::display::modal::live::tests::configured_duration_controls_opening_closing_and_zero_duration ... ok
test widgets::display::modal::live::tests::transition_reverses_from_current_progress_and_releases_deadline ... ok
test widgets::display::modal::live::tests::unmount_cancels_transition_while_rendered_output_is_retained ... ok

test result: ok. 12 passed; 0 failed; 0 ignored; 0 measured; 989 filtered out; finished in 0.00s

+ cargo test --locked --test api_widget_behavior dialog_engine_http_
    Finished `test` profile [unoptimized + debuginfo] target(s) in 0.12s
     Running tests/api_widget_behavior.rs (target/debug/deps/api_widget_behavior-166dfc94d6f50275)

running 2 tests
test dialog_http_acceptance::dialog_engine_http_close_cancels_a_live_request_and_does_not_submit ... ok
test dialog_http_acceptance::dialog_engine_http_validation_delivers_an_awaitable_result ... ok

test result: ok. 2 passed; 0 failed; 0 ignored; 0 measured; 399 filtered out; finished in 0.68s

+ cargo check --locked --example dialog_engine
   Compiling unicode-ident v1.0.18
    Checking cfg-if v1.0.3
    Checking bitflags v2.11.0
    Checking memchr v2.7.5
    Checking linux-raw-sys v0.12.1
    Checking pin-project-lite v0.2.16
    Checking once_cell v1.21.3
    Checking libc v0.2.189
    Checking serde_core v1.0.229
    Checking crossbeam-utils v0.8.21
   Compiling winnow v1.0.4
    Checking futures-core v0.3.31
   Compiling proc-macro2 v1.0.101
   Compiling equivalent v1.0.2
    Checking parking v2.2.1
    Checking futures-io v0.3.31
    Checking fastrand v2.3.0
    Checking num-traits v0.2.19
    Checking slab v0.4.11
    Checking rustix v1.1.4
    Checking getrandom v0.3.3
   Compiling toml_parser v1.1.3+spec-1.1.0
    Checking arrayvec v0.7.6
    Checking simd-adler32 v0.3.7
   Compiling indexmap v2.14.2
    Checking event-listener v5.4.2
    Checking crossbeam-epoch v0.9.18
   Compiling quote v1.0.40
    Checking concurrent-queue v2.5.0
   Compiling endi v1.1.1
    Checking log v0.4.27
    Checking either v1.15.0
    Checking event-listener-strategy v0.5.4
    Checking futures-lite v2.6.1
    Checking crossbeam-deque v0.8.6
   Compiling syn v2.0.106
   Compiling syn v3.0.5
   Compiling toml_edit v0.25.13+spec-1.1.0
    Checking signal-hook-registry v1.4.6
    Checking adler2 v2.0.1
    Checking smallvec v1.15.1
    Checking itoa v1.0.15
    Checking rayon-core v1.13.0
    Checking polling v3.11.0
    Checking crc32fast v1.5.0
    Checking num-integer v0.1.46
   Compiling proc-macro-crate v3.5.0
    Checking regex-syntax v0.8.6
    Checking async-task v4.7.1
    Checking miniz_oxide v0.8.9
    Checking rayon v1.11.0
    Checking async-channel v2.5.0
    Checking async-io v2.6.0
    Checking aho-corasick v1.1.3
    Checking num-bigint v0.4.6
    Checking half v2.6.0
   Compiling serde_derive v1.0.229
    Checking minimal-lexical v0.2.1
    Checking flate2 v1.1.2
   Compiling enumflags2_derive v0.7.12
   Compiling equator-macro v0.4.2
   Compiling thiserror-impl v1.0.69
    Checking atomic-waker v1.1.2
   Compiling fnv v1.0.7
    Checking serde v1.0.229
    Checking equator v0.4.2
    Checking utf8parse v0.2.2
    Checking foldhash v0.2.0
   Compiling strsim v0.11.1
    Checking thiserror v1.0.69
    Checking num-rational v0.4.2
    Checking regex-automata v0.4.10
    Checking nom v7.1.3
    Checking async-signal v0.2.14
    Checking piper v0.2.5
    Checking zcheapstr v1.1.0
    Checking enumflags2 v0.7.12
   Compiling zvariant_utils v4.2.0
    Checking aligned-vec v0.6.4
    Checking uuid v1.18.1
   Compiling darling_core v0.21.3
    Checking hashbrown v0.17.1
    Checking anstyle-parse v0.2.7
   Compiling tracing-attributes v0.1.31
   Compiling profiling-procmacros v1.0.17
    Checking anyhow v1.0.99
    Checking async-lock v3.4.2
    Checking v_frame v0.3.9
    Checking tracing-core v0.1.36
   Compiling zvariant_derive v5.15.0
    Checking powerfmt v0.2.0
    Checking bitflags v1.3.2
    Checking anstyle v1.0.11
   Compiling zvariant v5.15.0
    Checking futures-sink v0.3.31
    Checking ryu v1.0.20
    Checking colorchoice v1.0.4
    Checking scopeguard v1.2.0
    Checking new_debug_unreachable v1.0.6
    Checking anstyle-query v1.1.4
    Checking is_terminal_polyfill v1.70.1
    Checking deranged v0.4.0
    Checking futures-channel v0.3.31
    Checking tracing v0.1.44
   Compiling darling_macro v0.21.3
    Checking serde_json v1.0.143
    Checking av1-grain v0.2.4
    Checking async-process v2.5.0
    Checking regex v1.11.2
    Checking lock_api v0.4.13
    Checking anstream v0.6.20
   Compiling zbus_names v4.3.4
    Checking profiling v1.0.17
    Checking blocking v1.7.0
    Checking parking_lot_core v0.9.11
    Checking io-lifetimes v3.0.1
    Checking io-lifetimes v2.0.4
    Checking maybe-rayon v0.1.1
   Compiling arg_enum_proc_macro v0.3.4
   Compiling async-recursion v1.1.1
   Compiling futures-macro v0.3.31
   Compiling num-derive v0.4.2
    Checking async-executor v1.14.0
   Compiling async-trait v0.1.92
   Compiling serde_repr v0.1.21
    Checking zbus_xml v5.2.1
    Checking terminal_size v0.4.3
    Checking async-broadcast v0.7.2
    Checking itertools v0.12.1
   Compiling zbus_macros v5.19.0
   Compiling simd_helpers v0.1.0
    Checking ordered-stream v0.2.0
    Checking futures-task v0.3.31
    Checking bitstream-io v2.6.0
    Checking tinyvec_macros v0.1.1
    Checking time-core v0.1.4
    Checking hex v0.4.3
    Checking pin-utils v0.1.0
    Checking siphasher v1.0.1
    Checking clap_lex v0.7.5
   Compiling unicode-segmentation v1.13.3
    Checking weezl v0.1.10
   Compiling zbus-lockstep v0.5.2
    Checking num-conv v0.1.0
    Checking bit-vec v0.6.3
    Checking imgref v1.11.0
    Checking quick-error v2.0.1
    Checking same-file v1.0.6
    Checking zbus v5.19.0
    Checking futures-util v0.3.31
    Checking tinyvec v1.10.0
   Compiling phf_shared v0.14.0
   Compiling convert_case v0.7.1
    Checking bit-set v0.5.3
    Checking loop9 v0.1.5
    Checking time v0.3.41
   Compiling zbus-lockstep-macros v0.5.2
    Checking walkdir v2.5.0
    Checking rav1e v0.7.1
    Checking clap_builder v4.5.46
   Compiling clap_derive v4.5.45
    Checking fs-set-times v0.20.3
    Checking parking_lot v0.12.4
    Checking io-extras v0.19.0
    Checking onig_sys v69.9.1
    Checking slotmap v1.0.7
   Compiling darling v0.21.3
   Compiling prettyplease v0.2.37
    Checking rustix-linux-procfs v0.1.1
    Checking mio v1.0.4
    Checking fdeflate v0.3.7
    Checking zune-inflate v0.2.54
    Checking avif-serialize v0.8.6
    Checking rand_core v0.9.3
    Checking quick-xml v0.38.3
    Checking ipnet v2.12.2
    Checking bytemuck v1.23.2
    Checking zune-core v0.4.12
    Checking jpeg-decoder v0.3.2
    Checking static_assertions v1.1.0
    Checking bit_field v0.10.3
    Checking color_quant v1.1.0
    Checking byteorder-lite v0.1.0
    Checking rgb v0.8.52
    Checking maybe-owned v0.3.4
    Checking lebe v0.5.2
    Checking base64 v0.22.1
    Checking linked-hash-map v0.5.6
    Checking ambient-authority v0.0.2
    Checking qoi v0.4.1
    Checking atspi-common v0.13.0
    Checking tiff v0.9.1
    Checking gif v0.13.3
    Checking zune-jpeg v0.4.20
    Checking png v0.17.16
    Checking image-webp v0.2.4
    Checking exr v1.73.0
    Checking ravif v0.11.20
    Checking cap-primitives v4.0.3
    Checking plist v1.7.4
    Checking yaml-rust v0.4.5
   Compiling phf_generator v0.14.0
   Compiling bon-macros v3.7.1
    Checking clap v4.5.46
    Checking onig v6.5.1
   Compiling derive_more-impl v2.0.1
    Checking zerocopy v0.8.26
    Checking fancy-regex v0.11.0
    Checking signal-hook v0.3.18
    Checking unicode-normalization v0.1.24
    Checking bincode v1.3.3
    Checking tempfile v3.21.0
    Checking deunicode v1.6.2
    Checking ciborium-io v0.2.2
    Checking plotters-backend v0.3.7
    Checking option-ext v0.2.0
    Checking foldhash v0.1.5
    Checking allocator-api2 v0.2.21
    Checking image v0.25.6
    Checking signal-hook-mio v0.2.4
    Checking syntect v5.2.0
    Checking caseless v0.2.2
    Checking atspi-proxies v0.13.0
    Checking plotters-svg v0.3.7
    Checking ciborium-ll v0.2.2
    Checking slug v0.1.6
    Checking dirs-sys v0.4.1
    Checking ppv-lite86 v0.2.21
    Checking bon v3.7.1
    Checking cap-std v4.0.3
   Compiling phf_macros v0.14.0
    Checking hashbrown v0.15.5
    Checking derive_more v2.0.1
    Checking taffy v0.13.0
    Checking futures-executor v0.3.31
    Checking phf_shared v0.11.3
    Checking accesskit v0.25.0
   Compiling tokio-macros v2.5.0
    Checking itertools v0.10.5
    Checking vte v0.15.0
    Checking vte v0.14.1
    Checking socket2 v0.6.0
    Checking wait-timeout v0.2.1
    Checking typed-arena v2.0.2
    Checking entities v1.0.1
    Checking xdg v2.5.2
    Checking lazy_static v1.5.0
    Checking grid v0.18.0
    Checking quick-error v1.2.3
    Checking unicode-width v0.2.1
    Checking sdd v3.0.10
    Checking precomputed-hash v0.1.1
    Checking bit-vec v0.8.0
    Checking unicode_categories v0.1.1
    Checking cast v0.3.0
    Checking bytes v1.10.1
    Checking unicode-properties v0.1.4
    Checking shell-words v1.1.0
    Checking taffy v0.9.1
    Checking rusty-fork v0.3.0
    Checking scc v2.4.0
    Checking vt100 v0.16.2
    Checking bit-set v0.8.0
    Checking accesskit_consumer v0.39.0
    Checking criterion-plot v0.5.0
    Checking string_cache v0.8.9
    Checking tokio v1.47.1
    Checking comrak v0.41.0
    Checking phf v0.14.0
    Checking suprtui v0.1.0 (/home/shawn/workspace2/reactive-tui/src/backend/engine)
    Checking futures v0.3.31
    Checking lru v0.16.0
    Checking crossterm v0.29.0
    Checking cap-fs-ext v4.0.3
    Checking dirs v5.0.1
    Checking rand_chacha v0.9.0
    Checking atspi v0.29.0
    Checking plotters v0.3.7
    Checking ciborium v0.2.2
    Checking rand v0.9.2
    Checking rand_xorshift v0.4.0
    Checking tinytemplate v1.2.1
   Compiling serial_test_derive v3.2.0
   Compiling reactive-tui-macros v0.1.0 (/home/shawn/workspace2/reactive-tui/reactive-tui-macros)
    Checking atty v0.2.14
    Checking is-terminal v0.4.16
    Checking anes v0.1.6
    Checking oorandom v11.1.5
    Checking unarray v0.1.4
    Checking serial_test v3.2.0
    Checking reactive-tui v0.0.7 (/home/shawn/workspace2/reactive-tui)
    Checking proptest v1.7.0
    Checking criterion v0.5.1
    Finished `dev` profile [unoptimized + debuginfo] target(s) in 42.23s
