{"started": "raw-receiver-idle", "pid": 2338118}
{"case": "raw-receiver-idle", "pid": 2338118, "exit": 0, "timeout": false, "reaped": true}
{"started": "parsed-receiver-idle", "pid": 2338120}
{"case": "parsed-receiver-idle", "pid": 2338120, "exit": 0, "timeout": false, "reaped": true}
{"started": "reused-descriptor", "pid": 2338289}
{"case": "reused-descriptor", "pid": 2338289, "exit": 0, "timeout": false, "reaped": true}
{"started": "raw-receiver-active", "pid": 2338291}
{"case": "raw-receiver-active", "pid": 2338291, "exit": 0, "timeout": false, "reaped": true}
{"started": "raw-receiver-full", "pid": 2338293}
{"case": "raw-receiver-full", "pid": 2338293, "exit": 0, "timeout": false, "reaped": true}
{"started": "raw-session-full", "pid": 2338380}
{"case": "raw-session-full", "pid": 2338380, "exit": 0, "timeout": false, "reaped": true}
{"started": "raw-session-idle", "pid": 2338447}
{"case": "raw-session-idle", "pid": 2338447, "exit": 0, "timeout": false, "reaped": true}
{"started": "parsed-receiver-full", "pid": 2338449}
{"case": "parsed-receiver-full", "pid": 2338449, "exit": 0, "timeout": false, "reaped": true}
{"started": "parsed-session-full", "pid": 2338634}
{"case": "parsed-session-full", "pid": 2338634, "exit": 0, "timeout": false, "reaped": true}
{"started": "parsed-session-idle", "pid": 2338960}
{"case": "parsed-session-idle", "pid": 2338960, "exit": 0, "timeout": false, "reaped": true}
{"started": "clone-owner", "pid": 2339093}
{"case": "clone-owner", "pid": 2339093, "exit": 0, "timeout": false, "reaped": true}
{"started": "independent-streams", "pid": 2339095}
{"case": "independent-streams", "pid": 2339095, "exit": 0, "timeout": false, "reaped": true}
{"started": "owned-iterator", "pid": 2339098}
{"case": "owned-iterator", "pid": 2339098, "exit": 0, "timeout": false, "reaped": true}
{"started": "concurrent-drop", "pid": 2339100}
{"case": "concurrent-drop", "pid": 2339100, "exit": 0, "timeout": false, "reaped": true}
