{"started": "raw-receiver-idle", "pid": 4154914}
{"case": "raw-receiver-idle", "pid": 4154914, "exit": 0, "timeout": false, "reaped": true}
{"started": "parsed-receiver-idle", "pid": 4154919}
{"case": "parsed-receiver-idle", "pid": 4154919, "exit": 0, "timeout": false, "reaped": true}
{"started": "reused-descriptor", "pid": 4155033}
{"case": "reused-descriptor", "pid": 4155033, "exit": 0, "timeout": false, "reaped": true}
{"started": "raw-receiver-active", "pid": 4155035}
{"case": "raw-receiver-active", "pid": 4155035, "exit": 0, "timeout": false, "reaped": true}
{"started": "raw-receiver-full", "pid": 4155038}
{"case": "raw-receiver-full", "pid": 4155038, "exit": 0, "timeout": false, "reaped": true}
{"started": "raw-session-full", "pid": 4155141}
{"case": "raw-session-full", "pid": 4155141, "exit": 0, "timeout": false, "reaped": true}
{"started": "raw-session-idle", "pid": 4155295}
{"case": "raw-session-idle", "pid": 4155295, "exit": 0, "timeout": false, "reaped": true}
{"started": "parsed-receiver-full", "pid": 4155300}
{"case": "parsed-receiver-full", "pid": 4155300, "exit": 0, "timeout": false, "reaped": true}
{"started": "parsed-session-full", "pid": 4155599}
{"case": "parsed-session-full", "pid": 4155599, "exit": 0, "timeout": false, "reaped": true}
{"started": "parsed-session-idle", "pid": 4156005}
{"case": "parsed-session-idle", "pid": 4156005, "exit": 0, "timeout": false, "reaped": true}
{"started": "clone-owner", "pid": 4156155}
{"case": "clone-owner", "pid": 4156155, "exit": 0, "timeout": false, "reaped": true}
{"started": "independent-streams", "pid": 4156157}
{"case": "independent-streams", "pid": 4156157, "exit": 0, "timeout": false, "reaped": true}
{"started": "owned-iterator", "pid": 4156160}
{"case": "owned-iterator", "pid": 4156160, "exit": 0, "timeout": false, "reaped": true}
{"started": "concurrent-drop", "pid": 4156163}
{"case": "concurrent-drop", "pid": 4156163, "exit": 0, "timeout": false, "reaped": true}
