   Compiling reactive-tui v0.0.7 (/home/shawn/workspace2/reactive-tui)
    Finished `test` profile [unoptimized + debuginfo] target(s) in 17.28s
     Running unittests src/lib.rs (target/debug/deps/reactive_tui-8db3a30746e1a23f)

running 3 tests
test widgets::dialog::wizard::tests::empty_wizard_rejects_navigation_and_completion_without_panicking ... FAILED
test widgets::dialog::wizard::tests::wizard_rejects_ambiguous_step_identifiers ... FAILED
test widgets::dialog::wizard::tests::wizard_validates_before_navigation_and_completion ... FAILED

failures:

---- widgets::dialog::wizard::tests::empty_wizard_rejects_navigation_and_completion_without_panicking stdout ----

thread 'widgets::dialog::wizard::tests::empty_wizard_rejects_navigation_and_completion_without_panicking' (308360) panicked at src/widgets/dialog/wizard.rs:94:32:
attempt to subtract with overflow
note: run with `RUST_BACKTRACE=1` environment variable to display a backtrace

---- widgets::dialog::wizard::tests::wizard_rejects_ambiguous_step_identifiers stdout ----

thread 'widgets::dialog::wizard::tests::wizard_rejects_ambiguous_step_identifiers' (308361) panicked at src/widgets/dialog/wizard/tests.rs:46:9:
assertion failed: !dialog.validate().valid

---- widgets::dialog::wizard::tests::wizard_validates_before_navigation_and_completion stdout ----

thread 'widgets::dialog::wizard::tests::wizard_validates_before_navigation_and_completion' (308362) panicked at src/widgets/dialog/wizard/tests.rs:30:5:
assertion failed: !dialog.next_step()


failures:
    widgets::dialog::wizard::tests::empty_wizard_rejects_navigation_and_completion_without_panicking
    widgets::dialog::wizard::tests::wizard_rejects_ambiguous_step_identifiers
    widgets::dialog::wizard::tests::wizard_validates_before_navigation_and_completion

test result: FAILED. 0 passed; 3 failed; 0 ignored; 0 measured; 843 filtered out; finished in 0.00s

error: test failed, to rerun pass `--lib`
