+ cargo build --locked --features ffi
   Compiling reactive-tui v0.0.7 (/home/shawn/workspace2/reactive-tui)
warning: ambiguous glob re-exports
  --> src/ffi/mod.rs:85:9
   |
85 | pub use pointer::*;
   |         ^^^^^^^^^^ the name `validate_pointer` in the value namespace is first re-exported here
...
90 | pub use types::*;
   |         -------- but the name `validate_pointer` in the value namespace is also re-exported here
   |
   = note: `#[warn(ambiguous_glob_reexports)]` on by default

warning: unused variable: `width`
  --> src/ffi/lib.rs:85:14
   |
85 |         let (width, height) = renderer_box.dims();
   |              ^^^^^ help: if this is intentional, prefix it with an underscore: `_width`
   |
   = note: `#[warn(unused_variables)]` (part of `#[warn(unused)]`) on by default

warning: function `validate_pointer` is never used
   --> src/ffi/types.rs:182:15
    |
182 | pub(crate) fn validate_pointer<T>(ptr: *const T) -> bool {
    |               ^^^^^^^^^^^^^^^^
    |
    = note: `#[warn(dead_code)]` (part of `#[warn(unused)]`) on by default

warning: function `validate_mut_pointer` is never used
   --> src/ffi/types.rs:187:15
    |
187 | pub(crate) fn validate_mut_pointer<T>(ptr: *mut T) -> bool {
    |               ^^^^^^^^^^^^^^^^^^^^

warning: function `safe_cast` is never used
   --> src/ffi/types.rs:192:22
    |
192 | pub(crate) unsafe fn safe_cast<T, U>(ptr: *mut T) -> Result<*mut U, ReactiveError> {
    |                      ^^^^^^^^^

warning: function `safe_cast_const` is never used
   --> src/ffi/types.rs:206:22
    |
206 | pub(crate) unsafe fn safe_cast_const<T, U>(ptr: *const T) -> Result<*const U, ReactiveError> {
    |                      ^^^^^^^^^^^^^^^

warning: `reactive-tui` (lib) generated 6 warnings (run `cargo fix --lib -p reactive-tui` to apply 1 suggestion)
    Finished `dev` profile [unoptimized + debuginfo] target(s) in 15.37s
+ cargo test --locked --test suprtui_renderer --no-run
   Compiling reactive-tui v0.0.7 (/home/shawn/workspace2/reactive-tui)
    Finished `test` profile [unoptimized + debuginfo] target(s) in 15.02s
  Executable tests/suprtui_renderer.rs (target/debug/deps/suprtui_renderer-2419599ab9d0badf)
+ rustc --edition=2021 /home/shawn/workspace2/reactive-tui/verification/api-entry-points/legacy.rs --extern reactive_tui=/home/shawn/workspace2/reactive-tui/target/debug/libreactive_tui.rlib -L dependency=/home/shawn/workspace2/reactive-tui/target/debug/deps -o /home/shawn/workspace2/reactive-tui/target/api-entry-points-ojc79i6o/legacy --test
+ rustc --edition=2021 /home/shawn/workspace2/reactive-tui/verification/api-entry-points/host.rs --extern reactive_tui=/home/shawn/workspace2/reactive-tui/target/debug/libreactive_tui.rlib -L dependency=/home/shawn/workspace2/reactive-tui/target/debug/deps -o /home/shawn/workspace2/reactive-tui/target/api-entry-points-ojc79i6o/host
+ rustc --edition=2021 /home/shawn/workspace2/reactive-tui/verification/api-entry-points/screen.rs --extern vt100=/home/shawn/workspace2/reactive-tui/target/debug/deps/libvt100-da219aef7cf0116f.rlib -L dependency=/home/shawn/workspace2/reactive-tui/target/debug/deps -o /home/shawn/workspace2/reactive-tui/target/api-entry-points-ojc79i6o/screen
+ /home/shawn/workspace2/reactive-tui/target/api-entry-points-ojc79i6o/legacy --test-threads=1

running 3 tests
test initial_frame_uses_the_actual_root_insertion ... FAILED
test patch_present_root_and_shutdown_errors_are_returned ... ok
test unchanged_update_reorder_and_removal_use_the_last_presented_tree ... FAILED

failures:

---- initial_frame_uses_the_actual_root_insertion stdout ----

thread 'initial_frame_uses_the_actual_root_insertion' (619162) panicked at /home/shawn/workspace2/reactive-tui/verification/api-entry-points/legacy.rs:143:5:
fabricated initial patches: [Insert { parent_key: None, index: 0, node_key: Index(0) }, Insert { parent_key: None, index: 0, node_key: Index(1) }, Insert { parent_key: None, index: 0, node_key: Index(2) }, Insert { parent_key: None, index: 0, node_key: Index(3) }, Insert { parent_key: None, index: 0, node_key: Index(4) }, Insert { parent_key: None, index: 0, node_key: Index(5) }, Insert { parent_key: None, index: 0, node_key: Index(6) }, Insert { parent_key: None, index: 0, node_key: Index(7) }, Insert { parent_key: None, index: 0, node_key: Index(8) }, Insert { parent_key: None, index: 0, node_key: Index(9) }, Insert { parent_key: None, index: 0, node_key: Index(10) }]
note: run with `RUST_BACKTRACE=1` environment variable to display a backtrace

---- unchanged_update_reorder_and_removal_use_the_last_presented_tree stdout ----

thread 'unchanged_update_reorder_and_removal_use_the_last_presented_tree' (619164) panicked at /home/shawn/workspace2/reactive-tui/verification/api-entry-points/legacy.rs:171:5:
unchanged frame reapplied patches: [Insert { parent_key: None, index: 0, node_key: Index(0) }, Insert { parent_key: None, index: 0, node_key: Index(1) }, Insert { parent_key: None, index: 0, node_key: Index(2) }, Insert { parent_key: None, index: 0, node_key: Index(3) }, Insert { parent_key: None, index: 0, node_key: Index(4) }, Insert { parent_key: None, index: 0, node_key: Index(5) }, Insert { parent_key: None, index: 0, node_key: Index(6) }, Insert { parent_key: None, index: 0, node_key: Index(7) }, Insert { parent_key: None, index: 0, node_key: Index(8) }, Insert { parent_key: None, index: 0, node_key: Index(9) }, Insert { parent_key: None, index: 0, node_key: Index(10) }]


failures:
    initial_frame_uses_the_actual_root_insertion
    unchanged_update_reorder_and_removal_use_the_last_presented_tree

test result: FAILED. 1 passed; 2 failed; 0 ignored; 0 measured; 0 filtered out; finished in 0.09s

FAIL legacy App state/errors: Command '['/home/shawn/workspace2/reactive-tui/target/api-entry-points-ojc79i6o/legacy', '--test-threads=1']' returned non-zero exit status 101.
PASS Rust suprtui (32, 8): paint, input, Unicode, update, reorder, removal, resize, exit and restoration
PASS Rust suprtui (48, 12): paint, input, Unicode, update, reorder, removal, resize, error and restoration
FAIL Rust crossterm (32, 8): entry point did not paint 'state alpha clicks0'; screen=''; output=b'\x1b[?1049h\x1b[?2004h\x1b[?1000h\x1b[?1002h\x1b[?1003h\x1b[?1015h\x1b[?1006h\x1b[?2026h\x1b[?25l\x1b[?25h\x1b[?2026l'
FAIL Rust crossterm (48, 12): entry point did not paint 'state alpha clicks0'; screen=''; output=b'\x1b[?1049h\x1b[?2004h\x1b[?1000h\x1b[?1002h\x1b[?1003h\x1b[?1015h\x1b[?1006h\x1b[?2026h\x1b[?25l\x1b[?25h\x1b[?2026l'
FAIL Rust crossterm-surface (32, 8): entry point did not paint 'state alpha clicks0'; screen='                                \n                                \n                                \n                                \n                                \n                                \n                                \n                                '; output=b'\x1b[?1049h\x1b[?2004h\x1b[?1000h\x1b[?1002h\x1b[?1003h\x1b[?1015h\x1b[?1006h\x1b[?2026h\x1b[?25l\x1b[38;2;255;255;255m\x1b[48;2;0;0;0m\x1b[1;1H                                \x1b[2;1H                                \x1b[3;1H                                \x1b[4;1H                                \x1b[5;1H                                \x1b[6;1H                                \x1b[7;1H                                \x1b[8;1H                                \x1b[?25h\x1b[?2026l'
FAIL Rust crossterm-surface (48, 12): entry point did not paint 'state alpha clicks0'; screen='                                                \n                                                \n                                                \n                                                \n                                                \n                                                \n                                                \n                                                \n                                                \n                                                \n                                                \n                                                '; output=b'\x1b[?1049h\x1b[?2004h\x1b[?1000h\x1b[?1002h\x1b[?1003h\x1b[?1015h\x1b[?1006h\x1b[?2026h\x1b[?25l\x1b[38;2;255;255;255m\x1b[48;2;0;0;0m\x1b[1;1H                                                \x1b[2;1H                                                \x1b[3;1H                                                \x1b[4;1H                                                \x1b[5;1H                                                \x1b[6;1H                                                \x1b[7;1H                                                \x1b[8;1H                                                \x1b[9;1H                                                \x1b[10;1H                                                \x1b[11;1H                                                \x1b[12;1H                                                \x1b[?25h\x1b[?2026l'
FAIL Rust direct (32, 8): entry point did not paint 'state alpha clicks0'; screen=''; output=b'\x1b[c\x1b[>c\x1b_Gi=1,a=q\x1b\\\x1b[?2026$p\x1b[?1016$p\x1b[?u\x1b[?1;2c\x1b]10;?\x1b\\\x1b]11;?\x1b\\\x1b[?1049h\x1b[?2004h\x1b[?1000h\x1b[?1002h\x1b[?1003h\x1b[?1015h\x1b[?1006h\x1b[?1002;1003;1004;1016h\x1b[?2026h\x1b[?1049h\x1b[?25l\x1b[?2026h\x1b[?2026l'
FAIL Rust direct (48, 12): entry point did not paint 'state alpha clicks0'; screen=''; output=b'\x1b[c\x1b[>c\x1b_Gi=1,a=q\x1b\\\x1b[?2026$p\x1b[?1016$p\x1b[?u\x1b[?1;2c\x1b]10;?\x1b\\\x1b]11;?\x1b\\\x1b[?1049h\x1b[?2004h\x1b[?1000h\x1b[?1002h\x1b[?1003h\x1b[?1015h\x1b[?1006h\x1b[?1002;1003;1004;1016h\x1b[?2026h\x1b[?1049h\x1b[?25l\x1b[?2026h\x1b[?2026l'
+ cc -std=c11 -Wall -Wextra -Werror -Iinclude /home/shawn/workspace2/reactive-tui/verification/api-entry-points/native.c -L/home/shawn/workspace2/reactive-tui/target/debug -Wl,-rpath,/home/shawn/workspace2/reactive-tui/target/debug -lreactive_tui -o /home/shawn/workspace2/reactive-tui/target/api-entry-points-ojc79i6o/native
In file included from /home/shawn/workspace2/reactive-tui/verification/api-entry-points/native.c:3:
/home/shawn/workspace2/reactive-tui/verification/api-entry-points/native.c: In function ‘main’:
/home/shawn/workspace2/reactive-tui/verification/api-entry-points/native.c:33:12: error: implicit declaration of function ‘rtui_app_builder_backend_suprtui’; did you mean ‘rtui_app_builder_backend_debug’? [-Wimplicit-function-declaration]
   33 |     assert(rtui_app_builder_backend_suprtui(NULL) == RTUI_NULL_POINTER);
      |            ^~~~~~~~~~~~~~~~~~~~~~~~~~~~~~~~
FAIL C SuprTUI construction compiles and links: Command '['cc', '-std=c11', '-Wall', '-Wextra', '-Werror', '-Iinclude', '/home/shawn/workspace2/reactive-tui/verification/api-entry-points/native.c', '-L/home/shawn/workspace2/reactive-tui/target/debug', '-Wl,-rpath,/home/shawn/workspace2/reactive-tui/target/debug', '-lreactive_tui', '-o', '/home/shawn/workspace2/reactive-tui/target/api-entry-points-ojc79i6o/native']' returned non-zero exit status 1.
Terminal captures: /home/shawn/workspace2/reactive-tui/.cairn/reviews/api-entry-points/20260911T220928Z
Entry-point failures: legacy App state/errors, Rust crossterm (32, 8), Rust crossterm (48, 12), Rust crossterm-surface (32, 8), Rust crossterm-surface (48, 12), Rust direct (32, 8), Rust direct (48, 12), C SuprTUI construction compiles and links
