   Compiling reactive-tui v0.0.7 (/home/shawn/workspace2/reactive-tui)
    Finished `test` profile [unoptimized + debuginfo] target(s) in 2.45s
     Running tests/api_component_expansion.rs (target/debug/deps/api_component_expansion-f2f8582c1db535be)

running 5 tests
test duplicate_keys_fail_without_ambiguous_instance_reuse ... ok
test nested_components_keep_instances_through_props_reorder_and_removal ... ok
test recursive_expansion_fails_with_a_bounded_error ... ok
test replacing_component_type_at_a_key_releases_old_state ... ok
test unknown_names_keep_their_container_children_and_plain_text_control_paints ... ok

test result: ok. 5 passed; 0 failed; 0 ignored; 0 measured; 0 filtered out; finished in 0.13s

     Running tests/api_event_routing.rs (target/debug/deps/api_event_routing-b064a19f258bda67)

running 9 tests
test builder_callback_receives_keyboard_activation_once ... ok
test capture_target_bubble_order_and_handled_result_are_preserved ... ok
test child_activation_runs_each_registration_once_without_activating_parent ... ok
test hit_index_uses_actual_initial_viewport_beyond_default_eighty_columns ... ok
test mouse_bounds_follow_painted_resize_and_misses_do_not_activate_focus ... ok
test overlap_and_ancestor_clipping_match_visible_cells ... ok
test redraw_replaces_callback_without_duplicate_registration ... ok
test registered_component_keeps_callers_callback_on_expanded_output ... ok
test removed_callback_releases_its_capture_and_cannot_run_again ... ok

test result: ok. 9 passed; 0 failed; 0 ignored; 0 measured; 0 filtered out; finished in 0.07s

     Running tests/api_focus.rs (target/debug/deps/api_focus-a3a6e2c9ddec5e1d)

running 12 tests
test a_removed_opener_is_not_resurrected_when_nested_dialogs_close ... ok
test an_empty_trap_blocks_outside_keyboard_activation_and_restores_on_close ... ok
test an_explicit_imperative_trap_call_can_reactivate_an_existing_container ... ok
test enabling_autofocus_requests_focus_once_on_an_existing_key ... ok
test keyed_redraw_and_reorder_preserve_focus_without_repeat_callbacks ... ok
test mouse_focus_stays_in_the_active_dialog ... ok
test nested_dialogs_autofocus_wrap_and_restore_the_last_outer_target ... ok
test positive_tab_indices_precede_default_order_and_negative_indices_are_skipped ... ok
test public_app_focus_methods_share_the_router_focus_owner ... ok
test removing_an_imperative_router_subtree_also_removes_its_trap ... ok
test removing_the_outer_dialog_with_inner_open_restores_the_original_opener ... ok
test tab_reverse_tab_and_release_follow_one_focus_order_without_a_trap ... ok

test result: ok. 12 passed; 0 failed; 0 ignored; 0 measured; 0 filtered out; finished in 0.34s

     Running tests/api_hook_lifecycle.rs (target/debug/deps/api_hook_lifecycle-70b03e0fcb675a81)

running 6 tests
test app_stop_cleans_up_components_that_are_still_mounted ... ok
test app_timers_fire_and_removal_leaves_no_scheduled_work ... ok
test effect_dependencies_skip_unchanged_renders_and_cleanup_before_replacement ... ok
test effects_cleanup_on_rerender_and_removal_after_the_render_body ... ok
test providers_inherit_override_and_restore_without_leaking_to_another_app ... ok
test standalone_effect_cleanup_waits_until_explicit_cleanup ... ok

test result: ok. 6 passed; 0 failed; 0 ignored; 0 measured; 0 filtered out; finished in 0.15s

     Running tests/api_hook_state.rs (target/debug/deps/api_hook_state-ff9e7a02d4364baf)

running 5 tests
test changed_hook_types_are_rejected_instead_of_detached ... ok
test generated_components_reuse_state_with_and_without_props ... ok
test generated_frames_reject_fewer_or_more_hooks ... ok
test memo_and_state_cannot_silently_swap_the_same_value_type ... ok
test memo_keeps_its_signal_and_refreshes_the_value ... ok

test result: ok. 5 passed; 0 failed; 0 ignored; 0 measured; 0 filtered out; finished in 0.00s

     Running tests/api_paint_properties.rs (target/debug/deps/api_paint_properties-4ab15ca55c79177e)

running 28 tests
test a_border_does_not_paint_over_its_transparent_interior ... ok
test builder_gradient_paints_both_endpoints_and_midpoint ... ok
test css_gradient_keeps_the_via_stop ... ok
test css_pulse_schedules_intermediate_frames_without_input ... ok
test empty_and_single_cell_borders_have_defined_sampling ... ok
test explicit_style_properties_reach_layout_and_paint ... ok
test gradient_border_has_visible_edge_colors ... ok
test keyframes_keep_all_named_properties_and_color_alpha ... ok
test matrix_skew_and_separate_scale_axes_reach_the_painter ... ok
test named_size_color_and_unit_properties_reach_layout_and_painting ... ok
test offscreen_translation_clips_whole_wide_graphemes ... ok
test one_cell_gradient_samples_the_midpoint ... ok
test opacity_without_a_background_keeps_the_parent_color ... ok
test partial_stops_extend_the_nearest_color ... ok
test percentage_translation_uses_the_laid_out_box ... ok
test rainbow_borders_cycle_without_input_and_explicit_borders_stay_static ... ok
test registered_component_output_retains_gradient ... ok
test rotated_single_axis_overflow_clips_in_local_coordinates ... ok
test rotation_moves_upright_glyphs_on_the_cell_grid ... ok
test rotation_radians_agree_across_direct_wrapped_and_painted_paths ... ok
test scale_changes_the_painted_box_extent ... ok
test solid_color_control_reaches_the_terminal ... ok
test spin_moves_an_asymmetric_shape_between_scheduled_frames ... ok
test transformed_callbacks_follow_visible_and_clipped_bounds ... ok
test translate_changes_visible_text_position ... ok
test translucent_background_preserves_underlying_wide_graphemes ... ok
test vertical_gradient_uses_rows ... ok
test zero_scale_hides_the_complete_node ... ok

test result: ok. 28 passed; 0 failed; 0 ignored; 0 measured; 0 filtered out; finished in 0.44s

     Running tests/api_styling.rs (target/debug/deps/api_styling-de326b07096314d7)

running 29 tests
test disabled_nodes_skip_autofocus_tab_and_activation_then_reenable ... ok
test disabled_variant_is_inactive_on_an_enabled_element ... ok
test explicit_ellipsis_and_clip_have_distinct_output ... ok
test focus_variant_is_inactive_without_focus ... ok
test focus_within_and_compound_variants_require_their_actual_states ... ok
test font_weights_decorations_and_resets_reach_terminal_attributes ... ok
test hover_enter_and_leave_repaint_without_application_handlers ... ok
test hover_variant_is_inactive_without_a_pointer ... ok
test leading_tokens_space_baselines_and_explicit_reset_overrides_inheritance ... ok
test mounting_an_autofocus_target_requests_its_state_repaint ... ok
test mouse_focus_repaints_without_an_activation_callback ... ok
test parent_typography_reaches_text_and_child_tokens_override_it ... ok
test physical_font_aliases_and_fractional_tracking_keep_terminal_cell_geometry ... ok
test plain_text_and_basic_color_are_an_independent_control ... ok
test stateless_layout_does_not_invent_interaction_state ... ok
test stationary_pointer_is_retested_after_changed_geometry_is_presented ... ok
test strikethrough_reaches_the_host_as_sgr_nine ... ok
test tab_moves_the_focus_style_between_actual_nodes ... ok
test tabs_use_four_cell_stops_and_wrapping_keeps_combining_clusters ... ok
test text_alignment_positions_cells_instead_of_flex_children ... ok
test text_justification_expands_word_gaps_only_before_soft_wraps ... ok
test truncation_reserves_an_ellipsis_without_splitting_graphemes ... ok
test unicode_text_transforms_change_the_painted_text ... ok
test whitespace_normal_collapses_and_wraps_at_words ... ok
test whitespace_nowrap_collapses_without_creating_a_soft_line ... ok
test whitespace_pre_line_keeps_newlines_and_collapses_spaces ... ok
test whitespace_pre_preserves_explicit_lines_and_spaces ... ok
test word_break_modes_use_cell_width_and_keep_graphemes_whole ... ok
test wrapping_measurement_places_the_next_sibling_after_all_text_rows ... ok

test result: ok. 29 passed; 0 failed; 0 ignored; 0 measured; 0 filtered out; finished in 0.33s

