   Compiling reactive-tui v0.0.7 (/home/shawn/workspace2/reactive-tui)
    Finished `test` profile [unoptimized + debuginfo] target(s) in 2.47s
     Running tests/api_animation_screens.rs (target/debug/deps/api_animation_screens-00f751b862ca4b6a)

running 27 tests
test a_custom_keyframe_type_defines_conversion_and_interpolation ... ok
test discrete_values_do_not_switch_early_when_easing_overshoots ... ok
test invalid_offsets_return_errors_and_empty_sampling_stays_empty ... ok
test checked_conversion_requires_a_named_property_and_rejects_value_loss ... ok
test sparse_untyped_properties_interpolate_between_their_own_keyframes ... ok
test active_screen_routes_keyboard_activation_to_its_control ... ok
test screens::relative_opacity_must_start_from_the_presented_target_property ... ok
test targets::relative_component_targets_inherit_declared_values_and_reject_replaced_instances ... ok
test targets::relative_custom_values_are_explicit_and_duplicate_target_ids_are_rejected ... ok
test screens::keyboard_targets_only_the_active_screen_and_ignores_releases ... ok
test targets::relative_target_removal_and_owner_drop_invalidate_handles_without_rebinding ... ok
test targets::relative_multi_target_and_owner_isolation_keep_distinct_start_values ... ok
test screens::screens_retain_registered_components_and_remove_their_effects_once ... ok
test typed_css_transform_and_compound_values_keep_units_and_alpha ... ok
test typed_keyframes_use_destination_easing_and_native_precision ... ok
test typed_numeric_midpoint_interpolates ... ok
test typed_offsets_are_sorted_and_duplicate_offsets_use_the_last_value ... ok
test untyped_animation_wrapper_preserves_every_property_unit_and_alpha ... ok
test untyped_conversion_keeps_tuples_colors_and_discrete_values ... ok
test untyped_conversion_preserves_numeric_endpoints ... ok
test screens::keyed_focus_survives_updates_and_mouse_bounds_follow_resize ... ok
test targets::numeric_array_keyframes_keep_middle_values_in_samples_and_presented_frames ... ok
test targets::relative_values_reject_guesses_invalid_expressions_and_undeclared_custom_values ... ok
test untyped_discrete_properties_remain_present_between_keyframes ... ok
test targets::relative_targets_resolve_current_values_at_play_and_restart_but_not_resume ... ok
test targets::relative_transform_arithmetic_uses_presented_values_and_preserves_units ... ok
test targets::relative_target_samples_paint_and_clear_restores_authored_values ... ok

test result: ok. 27 passed; 0 failed; 0 ignored; 0 measured; 0 filtered out; finished in 0.01s

     Running tests/api_component_expansion.rs (target/debug/deps/api_component_expansion-c5c3407a5bdab583)

running 5 tests
test recursive_expansion_fails_with_a_bounded_error ... ok
test duplicate_keys_fail_without_ambiguous_instance_reuse ... ok
test nested_components_keep_instances_through_props_reorder_and_removal ... ok
test replacing_component_type_at_a_key_releases_old_state ... ok
test unknown_names_keep_their_container_children_and_plain_text_control_paints ... ok

test result: ok. 5 passed; 0 failed; 0 ignored; 0 measured; 0 filtered out; finished in 0.15s

     Running tests/api_focus.rs (target/debug/deps/api_focus-5c00976239e499b5)

running 12 tests
test an_explicit_imperative_trap_call_can_reactivate_an_existing_container ... ok
test public_app_focus_methods_share_the_router_focus_owner ... ok
test removing_an_imperative_router_subtree_also_removes_its_trap ... ok
test positive_tab_indices_precede_default_order_and_negative_indices_are_skipped ... ok
test tab_reverse_tab_and_release_follow_one_focus_order_without_a_trap ... ok
test mouse_focus_stays_in_the_active_dialog ... ok
test enabling_autofocus_requests_focus_once_on_an_existing_key ... ok
test keyed_redraw_and_reorder_preserve_focus_without_repeat_callbacks ... ok
test an_empty_trap_blocks_outside_keyboard_activation_and_restores_on_close ... ok
test removing_the_outer_dialog_with_inner_open_restores_the_original_opener ... ok
test nested_dialogs_autofocus_wrap_and_restore_the_last_outer_target ... ok
test a_removed_opener_is_not_resurrected_when_nested_dialogs_close ... ok

test result: ok. 12 passed; 0 failed; 0 ignored; 0 measured; 0 filtered out; finished in 0.08s

     Running tests/api_hook_lifecycle.rs (target/debug/deps/api_hook_lifecycle-c90f22e45e1909e7)

running 7 tests
test effects_cleanup_on_rerender_and_removal_after_the_render_body ... ok
test app_timers_fire_and_removal_leaves_no_scheduled_work ... ok
test keyframe_values_paint_through_app_and_removal_disables_the_escaped_handle ... ok
test app_stop_cleans_up_components_that_are_still_mounted ... ok
test effect_dependencies_skip_unchanged_renders_and_cleanup_before_replacement ... ok
test providers_inherit_override_and_restore_without_leaking_to_another_app ... ok
test standalone_effect_cleanup_waits_until_explicit_cleanup ... ok

test result: ok. 7 passed; 0 failed; 0 ignored; 0 measured; 0 filtered out; finished in 0.21s

     Running tests/screen_system_tests.rs (target/debug/deps/screen_system_tests-c82f05d73ea5b3f5)

running 9 tests
test test_easing_functions ... ok
test test_screen_manager_creation ... ok
test test_screen_with_hooks ... ok
test test_screen_update ... ok
test test_screen_removal ... ok
test test_transition_types ... ok
test test_create_and_switch_screens ... ok
test test_screen_transitions ... ok
test test_screen_hotkeys ... ok

test result: ok. 9 passed; 0 failed; 0 ignored; 0 measured; 0 filtered out; finished in 0.32s

     Running tests/suprtui_renderer.rs (target/debug/deps/suprtui_renderer-2419599ab9d0badf)

running 9 tests
test backend_remains_send_and_sync_and_shutdown_is_idempotent ... ok
test rnd_001_explicit_black_background_covers_lower_content ... ok
test rnd_002_nested_absolute_text_obeys_ancestor_clip ... ok
test rnd_001_grid_and_overlapping_layers ... ok
test rnd_001_styled_layout_update_removal_and_unchanged_screen ... ok
test rnd_002_preserves_clusters_and_clips_at_cell_boundaries ... ok
test rnd_001_nested_layout_keeps_children_above_their_parent_background ... ok
test rnd_003_resize_matches_fresh_frame_and_ignores_zero ... ok
test rnd_004_flushes_and_repaints_after_partial_write_or_flush_failure ... ok

test result: ok. 9 passed; 0 failed; 0 ignored; 0 measured; 0 filtered out; finished in 0.01s

