warning: unused import: `std::os::windows::io::AsRawHandle`
  --> src\core\capabilities.rs:12:5
   |
12 | use std::os::windows::io::AsRawHandle;
   |     ^^^^^^^^^^^^^^^^^^^^^^^^^^^^^^^^^
   |
   = note: `#[warn(unused_imports)]` (part of `#[warn(unused)]`) on by default

warning: variable does not need to be mutable
    --> src\platform\mod.rs:1199:13
     |
1199 |         let mut buffer = [0u8; 8192];
     |             ----^^^^^^
     |             |
     |             help: remove this `mut`
     |
     = note: `#[warn(unused_mut)]` (part of `#[warn(unused)]`) on by default

warning: variable does not need to be mutable
    --> src\platform\mod.rs:1200:13
     |
1200 |         let mut total_read = 0;
     |             ----^^^^^^^^^^
     |             |
     |             help: remove this `mut`

warning: method `serial` is never used
  --> src\event\router.rs:84:19
   |
83 | impl NodeId {
   | ----------- method in this implementation
84 |     pub(crate) fn serial(self) -> usize {
   |                   ^^^^^^
   |
   = note: `#[warn(dead_code)]` (part of `#[warn(unused)]`) on by default

warning: field `parser` is never read
   --> src\platform\mod.rs:474:5
    |
471 | pub struct DirectTty {
    |            --------- field in this struct
...
474 |     parser: parser::EscapeSequenceParser,
    |     ^^^^^^

warning: `reactive-tui` (lib) generated 5 warnings (run `cargo fix --lib -p reactive-tui` to apply 3 suggestions)
    Finished `test` profile [unoptimized + debuginfo] target(s) in 0.35s
     Running tests\api_widget_behavior.rs (target\debug\deps\api_widget_behavior-461a1b9595786a43.exe)

running 17 tests
test file_explorer_acceptance::explorer_all_sort_criteria_and_orders_use_real_metadata ... ok
test file_explorer_acceptance::explorer_breadcrumbs_respect_root_and_notify_new_location ... ok
test file_explorer_acceptance::explorer_changed_props_replace_location_but_keep_user_view_and_remeasure_input ... ok
test file_explorer_acceptance::explorer_convenience_builders_produce_browsable_controls ... FAILED
test file_explorer_acceptance::explorer_copy_rename_move_and_confirmed_delete_change_real_files ... ok
test file_explorer_acceptance::explorer_disabled_empty_and_no_selection_modes_are_inert_where_requested ... ok
test file_explorer_acceptance::explorer_grid_limits_keep_the_last_item_reachable_after_column_changes ... ok
test file_explorer_acceptance::explorer_loads_real_directory_and_navigates_with_app_input ... ok
test file_explorer_acceptance::explorer_multiple_selection_uses_paths_and_emits_callbacks_once ... ok
test file_explorer_acceptance::explorer_native_callbacks_are_lossless_and_rename_uses_the_native_path ... ok
test file_explorer_acceptance::explorer_preview_wakes_an_idle_app ... ok
test file_explorer_acceptance::explorer_reports_invalid_paths_limits_and_overwrite_errors ... ok
test file_explorer_acceptance::explorer_signed_wheels_and_release_events_preserve_selection_until_activation ... ok
test file_explorer_acceptance::explorer_typed_construction_and_public_seed_state_render_through_app ... ok
test file_explorer_acceptance::explorer_uses_padded_parent_layout_and_handles_resize ... ok
test file_explorer_acceptance::explorer_views_filter_hidden_files_and_render_a_real_expanded_tree ... ok
test file_explorer_acceptance::explorer_virtual_rows_and_resize_keep_mouse_targets_on_the_painted_entries ... ok

failures:

---- file_explorer_acceptance::explorer_convenience_builders_produce_browsable_controls stdout ----

thread 'file_explorer_acceptance::explorer_convenience_builders_produce_browsable_controls' (4468) panicked at tests\support\app_input.rs:102:13:
App painted 3 frames but input needs Some((1, ["code.rs"])) before the deadline. Last frame:
Root/                   
List Name ↑ . / P ⟳     
Copy Move Ren Del       
Filesystem: Path is     
Filesystem: Path is out…
                        
                        
                        
                        
                        
note: run with `RUST_BACKTRACE=1` environment variable to display a backtrace


failures:
    file_explorer_acceptance::explorer_convenience_builders_produce_browsable_controls

test result: FAILED. 16 passed; 1 failed; 0 ignored; 0 measured; 364 filtered out; finished in 13.92s

error: test failed, to rerun pass `--test api_widget_behavior`
