A11Y # GNOME Terminal 3.58.0 using VTE 0.84.0 +BIDI +GNUTLS +ICU +SYSTEMD
A11Y Orca version 50.1.2, AT-SPI2 version: 2.60.0, Session: x11 gnome
A11Y isolated X11/Xvfb viewport 60x16
A11Y round 1: labels, roles, focus, disabled actions, expansion, nested input and removal passed
A11Y breadcrumb: labels, link roles, current page announcement, inert actions, assistive and keyboard focus, activation and removal passed
A11Y CSS: reference labels, description, role, focus, pressed update, live announcement and hidden state passed
A11Y checkbox: role, distinct label, mixed/checked/unchecked speech, focus, assistive/keyboard toggles and disabled actions passed
A11Y slider: label, role, focus, numeric bounds, keyboard step and changed value speech passed
A11Y radio: group/option roles, labels, focus, disabled skipping, exclusive keyboard and assistive selection passed
A11Y named radios: roles, labels, focus and exclusive group selection passed
A11Y select: combo/list/option roles, labels, expansion, focus, disabled skipping, single/multiple assistive and keyboard selection with selection speech passed
A11Y menu family 1: roles, disabled actions, assistive/keyboard focus, nested activation and removal passed
A11Y menu family 2: roles, disabled actions, assistive/keyboard focus, nested activation and removal passed
A11Y menu family 3: roles, disabled actions, assistive/keyboard focus, nested activation and removal passed
A11Y menu family 4: roles, disabled actions, assistive/keyboard focus, nested activation and removal passed
A11Y round 2: simultaneous and successive App isolation, action delivery, exactly-once callbacks and adapter cleanup passed
A11Y 20:32:01.111797 - SPEECH OUTPUT: 'Account preferences accessible label' {'established': False, 'family': {'name': '', 'gender': None, 'lang': 'C', 'dialect': '', 'variant': None}}
A11Y 20:32:01.111826 - SPEECH OUTPUT: 'collapsed button.' {'established': False}
A11Y 20:32:01.284513 - SPEECH OUTPUT: 'Account preferences accessible label' {'established': False, 'family': {'name': '', 'gender': None, 'lang': 'C', 'dialect': '', 'variant': None}}
A11Y 20:32:01.323487 - SPEECH OUTPUT: 'expanded' {'established': False}
A11Y 20:32:01.402985 - SPEECH OUTPUT: 'Nested account entry' {'established': False, 'family': {'name': '', 'gender': None, 'lang': 'C', 'dialect': '', 'variant': None}}
A11Y 20:32:01.462261 - SPEECH OUTPUT: 'Privacy preferences accessible label' {'established': False, 'family': {'name': '', 'gender': None, 'lang': 'C', 'dialect': '', 'variant': None}}
A11Y 20:32:01.462305 - SPEECH OUTPUT: 'collapsed button.' {'established': False}
A11Y 20:32:01.508560 - SPEECH OUTPUT: 'expanded' {'established': False}
A11Y 20:32:01.599452 - SPEECH OUTPUT: 'Account preferences accessible label' {'established': False, 'family': {'name': '', 'gender': None, 'lang': 'C', 'dialect': '', 'variant': None}}
A11Y 20:32:01.599522 - SPEECH OUTPUT: 'collapsed button.' {'established': False}
A11Y 20:32:01.696931 - SPEECH OUTPUT: 'Breadcrumb docs accessible label' {'established': False, 'family': {'name': '', 'gender': None, 'lang': 'C', 'dialect': '', 'variant': None}}
A11Y 20:32:01.746781 - SPEECH OUTPUT: 'Breadcrumb home accessible label' {'established': False, 'family': {'name': '', 'gender': None, 'lang': 'C', 'dialect': '', 'variant': None}}
A11Y 20:32:01.847979 - SPEECH OUTPUT: 'Breadcrumb docs accessible label' {'established': False, 'family': {'name': '', 'gender': None, 'lang': 'C', 'dialect': '', 'variant': None}}
A11Y 20:32:01.906846 - SPEECH OUTPUT: 'Breadcrumb current accessible label' {'established': False, 'family': {'name': '', 'gender': None, 'lang': 'C', 'dialect': '', 'variant': None}}
A11Y 20:32:01.906890 - SPEECH OUTPUT: 'static (Current page)' {'established': False}
A11Y 20:32:02.070910 - SPEECH OUTPUT: 'Independent App action' {'established': False, 'family': {'name': '', 'gender': None, 'lang': 'C', 'dialect': '', 'variant': None}}
A11Y 20:32:02.249214 - SPEECH OUTPUT: 'Background calls 1' {'established': False}
A11Y 20:32:02.263060 - SPEECH OUTPUT: 'pressed' {'established': False}
A11Y 20:32:02.329627 - SPEECH OUTPUT: 'Notification preference' {'established': False, 'family': {'name': '', 'gender': None, 'lang': 'C', 'dialect': '', 'variant': None}}
A11Y 20:32:02.329670 - SPEECH OUTPUT: 'check box partially checked.' {'established': False}
A11Y 20:32:02.380870 - SPEECH OUTPUT: 'checked' {'established': False}
A11Y 20:32:02.441235 - SPEECH OUTPUT: 'not checked' {'established': False}
A11Y 20:32:02.504409 - SPEECH OUTPUT: 'Playback volume' {'established': False, 'family': {'name': '', 'gender': None, 'lang': 'C', 'dialect': '', 'variant': None}}
A11Y 20:32:02.709044 - SPEECH OUTPUT: 'Standard delivery' {'established': False, 'family': {'name': '', 'gender': None, 'lang': 'C', 'dialect': '', 'variant': None}}
A11Y 20:32:02.709073 - SPEECH OUTPUT: 'selected radio button.' {'established': False}
A11Y 20:32:02.787931 - SPEECH OUTPUT: 'Express delivery' {'established': False, 'family': {'name': '', 'gender': None, 'lang': 'C', 'dialect': '', 'variant': None}}
A11Y 20:32:02.787954 - SPEECH OUTPUT: 'not selected radio button.' {'established': False}
A11Y 20:32:02.857304 - SPEECH OUTPUT: 'selected' {'established': False}
A11Y 20:32:03.017402 - SPEECH OUTPUT: 'Named beta' {'established': False, 'family': {'name': '', 'gender': None, 'lang': 'C', 'dialect': '', 'variant': None}}
A11Y 20:32:03.017427 - SPEECH OUTPUT: 'not selected radio button.' {'established': False}
A11Y 20:32:03.945582 - SPEECH OUTPUT: 'selected' {'established': False}
A11Y 20:32:04.185041 - SPEECH OUTPUT: 'Menu file' {'established': False, 'family': {'name': '', 'gender': None, 'lang': 'C', 'dialect': '', 'variant': None}}
A11Y 20:32:04.254328 - SPEECH OUTPUT: 'Enable notifications' {'established': False, 'family': {'name': '', 'gender': None, 'lang': 'C', 'dialect': '', 'variant': None}}
A11Y 20:32:04.254356 - SPEECH OUTPUT: 'check menu item not checked.' {'established': False}
A11Y 20:32:04.342073 - SPEECH OUTPUT: 'Menu file' {'established': False, 'family': {'name': '', 'gender': None, 'lang': 'C', 'dialect': '', 'variant': None}}
A11Y 20:32:04.409300 - SPEECH OUTPUT: 'Enable notifications' {'established': False, 'family': {'name': '', 'gender': None, 'lang': 'C', 'dialect': '', 'variant': None}}
A11Y 20:32:04.409327 - SPEECH OUTPUT: 'check menu item checked.' {'established': False}
A11Y 20:32:04.485728 - SPEECH OUTPUT: 'Recent menu' {'established': False, 'family': {'name': '', 'gender': None, 'lang': 'C', 'dialect': '', 'variant': None}}
A11Y 20:32:04.584670 - SPEECH OUTPUT: 'Recent document.' {'established': False, 'family': {'name': '', 'gender': None, 'lang': 'C', 'dialect': '', 'variant': None}}
A11Y 20:32:04.782044 - SPEECH OUTPUT: 'Enable notifications' {'established': False, 'family': {'name': '', 'gender': None, 'lang': 'C', 'dialect': '', 'variant': None}}
A11Y 20:32:04.782076 - SPEECH OUTPUT: 'check menu item not checked.' {'established': False}
A11Y 20:32:04.988499 - SPEECH OUTPUT: 'checked' {'established': False}
A11Y 20:32:05.092653 - SPEECH OUTPUT: 'Recent menu' {'established': False, 'family': {'name': '', 'gender': None, 'lang': 'C', 'dialect': '', 'variant': None}}
A11Y 20:32:05.198683 - SPEECH OUTPUT: 'Recent document.' {'established': False, 'family': {'name': '', 'gender': None, 'lang': 'C', 'dialect': '', 'variant': None}}
A11Y 20:32:05.227206 - SPEECH OUTPUT: 'expanded' {'established': False}
A11Y 20:32:05.307050 - SPEECH OUTPUT: 'Recent menu' {'established': False, 'family': {'name': '', 'gender': None, 'lang': 'C', 'dialect': '', 'variant': None}}
A11Y 20:32:05.410000 - SPEECH OUTPUT: 'Enable notifications' {'established': False, 'family': {'name': '', 'gender': None, 'lang': 'C', 'dialect': '', 'variant': None}}
A11Y 20:32:05.410032 - SPEECH OUTPUT: 'check menu item not checked.' {'established': False}
A11Y 20:32:05.470222 - SPEECH OUTPUT: 'Recent menu' {'established': False, 'family': {'name': '', 'gender': None, 'lang': 'C', 'dialect': '', 'variant': None}}
A11Y 20:32:05.565440 - SPEECH OUTPUT: 'Recent document.' {'established': False, 'family': {'name': '', 'gender': None, 'lang': 'C', 'dialect': '', 'variant': None}}
A11Y 20:32:05.700487 - SPEECH OUTPUT: 'Enable notifications' {'established': False, 'family': {'name': '', 'gender': None, 'lang': 'C', 'dialect': '', 'variant': None}}
A11Y 20:32:05.700516 - SPEECH OUTPUT: 'check menu item not checked.' {'established': False}
A11Y 20:32:05.810135 - SPEECH OUTPUT: 'checked' {'established': False}
A11Y 20:32:05.901073 - SPEECH OUTPUT: 'Recent menu' {'established': False, 'family': {'name': '', 'gender': None, 'lang': 'C', 'dialect': '', 'variant': None}}
A11Y 20:32:06.016662 - SPEECH OUTPUT: 'Recent document' {'established': False, 'family': {'name': '', 'gender': None, 'lang': 'C', 'dialect': '', 'variant': None}}
A11Y 20:32:06.016700 - SPEECH OUTPUT: 'check menu item not checked.' {'established': False}
A11Y 20:32:06.049874 - SPEECH OUTPUT: 'expanded' {'established': False}
A11Y 20:32:06.140087 - SPEECH OUTPUT: 'Background calls 1' {'established': False}
A11Y 20:32:06.233557 - SPEECH OUTPUT: 'Background calls 1' {'established': False}
A11Y 20:32:06.320391 - SPEECH OUTPUT: 'Account preferences accessible label' {'established': False, 'family': {'name': '', 'gender': None, 'lang': 'C', 'dialect': '', 'variant': None}}
A11Y 20:32:06.320439 - SPEECH OUTPUT: 'collapsed button.' {'established': False}
A11Y 20:32:06.420228 - SPEECH OUTPUT: 'expanded' {'established': False}
Orca diagnostic logs: /home/shawn/workspace2/reactive-tui/target/api011-check-tmp/rtui-orca-5wq8j_hf
