   Compiling reactive-tui v0.0.7 (/home/shawn/workspace2/reactive-tui)
    Finished `test` profile [unoptimized + debuginfo] target(s) in 22.42s
     Running tests/api_widget_behavior.rs (target/debug/deps/api_widget_behavior-591f6bff9f7c0602)

running 1 test
test autocomplete_acceptance::autocomplete_reveals_the_keyboard_selection_in_a_long_list ... autocomplete diagnostic selected=9 first=0 clipped=false row=Some(LayoutInfo { size: (30.0, 1.0), content_extent: (30.0, 1.0), clip: Bounds { x: 1.0, y: 2.0, width: 29.0, height: 8.0 }, transform: [1.0, 0.0, 0.0, 1.0, 1.0, 13.0], insets: [0.0, 0.0, 0.0, 0.0] })

thread 'autocomplete_acceptance::autocomplete_reveals_the_keyboard_selection_in_a_long_list' (4152474) panicked at tests/support/app_input.rs:100:13:
App painted 8 frames but input needs Some((1, ["Item9"])) before the deadline. Last frame:
┌──────────────────────────────┐
│    LONG LIST                ✕│
│QUERY                        █│
│▶ [Item                     ]█│
│Item0                        █│
│Item1                        █│
│Item2                        █│
│Item3                        ░│
│Item4                        ░│
│                              │
│                     Cancel OK│
└──────────────────────────────┘
note: run with `RUST_BACKTRACE=1` environment variable to display a backtrace
FAILED

failures:

failures:
    autocomplete_acceptance::autocomplete_reveals_the_keyboard_selection_in_a_long_list

test result: FAILED. 0 passed; 1 failed; 0 ignored; 0 measured; 308 filtered out; finished in 3.00s

error: test failed, to rerun pass `--test api_widget_behavior`
