   Compiling reactive-tui v0.0.7 (/home/shawn/workspace2/reactive-tui)
warning: function `color` is never used
  --> src/widgets/terminal/paint.rs:18:4
   |
18 | fn color(value: TerminalColor, background: bool) -> (f32, f32, f32) {
   |    ^^^^^
   |
   = note: `#[warn(dead_code)]` (part of `#[warn(unused)]`) on by default

warning: function `cell` is never used
  --> src/widgets/terminal/paint.rs:27:4
   |
27 | fn cell(text: String, x: u16, y: u16, width: u16, style: TerminalStyle, cursor: bool) -> Element {
   |    ^^^^

warning: function `render` is never used
  --> src/widgets/terminal/paint.rs:51:15
   |
51 | pub(super) fn render(widget: &TerminalWidget) -> Element {
   |               ^^^^^^

warning: `reactive-tui` (lib) generated 3 warnings
    Finished `test` profile [unoptimized + debuginfo] target(s) in 7.75s
     Running tests/api_widget_behavior.rs (target/debug/deps/api_widget_behavior-7f38c785954f09a5)

running 1 test

thread 'terminal_acceptance::terminal_widget_launch_failure_is_visible' (3752810) panicked at tests/support/app_input.rs:102:13:
App painted 2 frames but input needs Some((1, ["Terminal error:"])) before the deadline. Last frame:
[Terminal Content - Custom Rendered]                        
                                                            
                                                            
                                                            
                                                            
                                                            
note: run with `RUST_BACKTRACE=1` environment variable to display a backtrace
test terminal_acceptance::terminal_widget_launch_failure_is_visible ... FAILED

failures:

failures:
    terminal_acceptance::terminal_widget_launch_failure_is_visible

test result: FAILED. 0 passed; 1 failed; 0 ignored; 0 measured; 344 filtered out; finished in 3.00s

error: test failed, to rerun pass `--test api_widget_behavior`
