A11Y # GNOME Terminal 3.58.0 using VTE 0.84.0 +BIDI +GNUTLS +ICU +SYSTEMD
dbus-daemon[1848326]: [session uid=1000 pid=1848326 pidfd=5] Activating service name='org.a11y.Bus' requested by ':1.0' (uid=1000 pid=1848373 comm="/usr/bin/python3 /usr/bin/orca --version" label="unconfined")
dbus-daemon[1848326]: [session uid=1000 pid=1848326 pidfd=5] Successfully activated service 'org.a11y.Bus'
dbus-daemon[1848326]: [session uid=1000 pid=1848326 pidfd=5] Activating service name='org.gtk.vfs.Daemon' requested by ':1.3' (uid=1000 pid=1848440 comm="/usr/lib/x86_64-linux-gnu/../../lib/x86_64-linux-g" label="unconfined")
dbus-daemon[1848326]: [session uid=1000 pid=1848326 pidfd=5] Successfully activated service 'org.gtk.vfs.Daemon'
dbus-daemon[1848426]: Activating service name='org.a11y.atspi.Registry' requested by ':1.0' (uid=1000 pid=1848373 comm="/usr/bin/python3 /usr/bin/orca --version" label="unconfined")
dbus-daemon[1848426]: Successfully activated service 'org.a11y.atspi.Registry'
SpiRegistry daemon is running with well-known name - org.a11y.atspi.Registry
A11Y Orca version 50.1.2, AT-SPI2 version: 2.60.0, Session: x11 gnome
A11Y isolated X11/Xvfb viewport 60x16
dbus-daemon[1848326]: [session uid=1000 pid=1848326 pidfd=5] Activating service name='ca.desrt.dconf' requested by ':1.7' (uid=1000 pid=1849183 comm="/usr/bin/python3 /usr/bin/orca --debug-file /home/" label="unconfined")
dbus-daemon[1848326]: [session uid=1000 pid=1848326 pidfd=5] Successfully activated service 'ca.desrt.dconf'
dbus-daemon[1848326]: [session uid=1000 pid=1848326 pidfd=5] Activating service name='org.gnome.Terminal' requested by ':1.9' (uid=1000 pid=1849330 comm="gnome-terminal --display=:1 --geometry=60x16 --wai" label="unconfined")
dbus-daemon[1848326]: [session uid=1000 pid=1848326 pidfd=5] Activating service name='org.freedesktop.portal.Desktop' requested by ':1.10' (uid=1000 pid=1849365 comm="/usr/libexec/gnome-terminal-server" label="unconfined")
dbus-daemon[1848326]: [session uid=1000 pid=1848326 pidfd=5] Activating service name='org.freedesktop.impl.portal.PermissionStore' requested by ':1.11' (uid=1000 pid=1849381 comm="/usr/libexec/xdg-desktop-portal" label="unconfined")
dbus-daemon[1848326]: [session uid=1000 pid=1848326 pidfd=5] Successfully activated service 'org.freedesktop.impl.portal.PermissionStore'
dbus-daemon[1848326]: [session uid=1000 pid=1848326 pidfd=5] Activating service name='org.freedesktop.portal.Documents' requested by ':1.11' (uid=1000 pid=1849381 comm="/usr/libexec/xdg-desktop-portal" label="unconfined")
dbus-daemon[1848326]: [session uid=1000 pid=1848326 pidfd=5] Successfully activated service 'org.freedesktop.portal.Documents'

(/usr/libexec/xdg-desktop-portal:1849381): xdg-desktop-portal-WARNING **: 20:27:59.332: Choosing gnome.portal for org.freedesktop.impl.portal.Lockdown via the deprecated UseIn key

(/usr/libexec/xdg-desktop-portal:1849381): xdg-desktop-portal-WARNING **: 20:27:59.332: The preferred method to match portal implementations to desktop environments is to use the portals.conf(5) configuration file
dbus-daemon[1848326]: [session uid=1000 pid=1848326 pidfd=5] Activating service name='org.freedesktop.impl.portal.desktop.gnome' requested by ':1.11' (uid=1000 pid=1849381 comm="/usr/libexec/xdg-desktop-portal" label="unconfined")
libEGL warning: DRI3 error: Could not get DRI3 device
libEGL warning: Ensure your X server supports DRI3 to get accelerated rendering
dbus-daemon[1848326]: [session uid=1000 pid=1848326 pidfd=5] Successfully activated service 'org.freedesktop.impl.portal.desktop.gnome'

(/usr/libexec/xdg-desktop-portal:1849381): xdg-desktop-portal-WARNING **: 20:27:59.436: Choosing gnome.portal for org.freedesktop.impl.portal.Access via the deprecated UseIn key

(/usr/libexec/xdg-desktop-portal:1849381): xdg-desktop-portal-WARNING **: 20:27:59.443: Choosing gnome.portal for org.freedesktop.impl.portal.Settings via the deprecated UseIn key

(/usr/libexec/xdg-desktop-portal:1849381): xdg-desktop-portal-WARNING **: 20:27:59.444: Choosing gtk.portal for org.freedesktop.impl.portal.Settings via the deprecated UseIn key
dbus-daemon[1848326]: [session uid=1000 pid=1848326 pidfd=5] Activating service name='org.freedesktop.impl.portal.desktop.gtk' requested by ':1.11' (uid=1000 pid=1849381 comm="/usr/libexec/xdg-desktop-portal" label="unconfined")
dbus-daemon[1848326]: [session uid=1000 pid=1848326 pidfd=5] Successfully activated service 'org.freedesktop.impl.portal.desktop.gtk'

** (xdg-desktop-portal-gtk:1849537): WARNING **: 20:27:59.464: atk-bridge: Couldn't listen on dbus server: Socket name too long


(/usr/libexec/xdg-desktop-portal:1849381): xdg-desktop-portal-WARNING **: 20:27:59.465: Choosing gnome.portal for org.freedesktop.impl.portal.FileChooser via the deprecated UseIn key

(/usr/libexec/xdg-desktop-portal:1849381): xdg-desktop-portal-WARNING **: 20:27:59.465: Choosing gnome.portal for org.freedesktop.impl.portal.AppChooser via the deprecated UseIn key

(/usr/libexec/xdg-desktop-portal:1849381): xdg-desktop-portal-WARNING **: 20:27:59.466: Choosing gnome.portal for org.freedesktop.impl.portal.Print via the deprecated UseIn key

(/usr/libexec/xdg-desktop-portal:1849381): xdg-desktop-portal-WARNING **: 20:27:59.466: Choosing gnome.portal for org.freedesktop.impl.portal.Notification via the deprecated UseIn key

(/usr/libexec/xdg-desktop-portal:1849381): xdg-desktop-portal-WARNING **: 20:27:59.466: Choosing gtk.portal for org.freedesktop.impl.portal.Inhibit via the deprecated UseIn key

(/usr/libexec/xdg-desktop-portal:1849381): xdg-desktop-portal-WARNING **: 20:27:59.468: Failed to connect to PipeWire: Couldn't connect to PipeWire

(/usr/libexec/xdg-desktop-portal:1849381): xdg-desktop-portal-WARNING **: 20:27:59.468: Choosing gnome.portal for org.freedesktop.impl.portal.Screenshot via the deprecated UseIn key

(/usr/libexec/xdg-desktop-portal:1849381): xdg-desktop-portal-WARNING **: 20:27:59.468: Choosing gnome.portal for org.freedesktop.impl.portal.Background via the deprecated UseIn key

(/usr/libexec/xdg-desktop-portal:1849381): xdg-desktop-portal-WARNING **: 20:27:59.469: Choosing gnome.portal for org.freedesktop.impl.portal.Wallpaper via the deprecated UseIn key

(/usr/libexec/xdg-desktop-portal:1849381): xdg-desktop-portal-WARNING **: 20:27:59.469: Choosing gnome.portal for org.freedesktop.impl.portal.Account via the deprecated UseIn key

(/usr/libexec/xdg-desktop-portal:1849381): xdg-desktop-portal-WARNING **: 20:27:59.470: Choosing gtk.portal for org.freedesktop.impl.portal.Email via the deprecated UseIn key

(/usr/libexec/xdg-desktop-portal:1849381): xdg-desktop-portal-WARNING **: 20:27:59.470: Choosing gnome-keyring.portal for org.freedesktop.impl.portal.Secret via the deprecated UseIn key

(/usr/libexec/xdg-desktop-portal:1849381): xdg-desktop-portal-WARNING **: 20:27:59.470: Choosing gnome.portal for org.freedesktop.impl.portal.GlobalShortcuts via the deprecated UseIn key
dbus-daemon[1848326]: [session uid=1000 pid=1848326 pidfd=5] Activating service name='org.freedesktop.secrets' requested by ':1.11' (uid=1000 pid=1849381 comm="/usr/libexec/xdg-desktop-portal" label="unconfined")

(/usr/libexec/xdg-desktop-portal:1849381): xdg-desktop-portal-WARNING **: 20:27:59.471: Choosing gnome.portal for org.freedesktop.impl.portal.DynamicLauncher via the deprecated UseIn key

(/usr/libexec/xdg-desktop-portal:1849381): xdg-desktop-portal-WARNING **: 20:27:59.471: Choosing gnome.portal for org.freedesktop.impl.portal.ScreenCast via the deprecated UseIn key

(/usr/libexec/xdg-desktop-portal:1849381): xdg-desktop-portal-WARNING **: 20:27:59.472: Choosing gnome.portal for org.freedesktop.impl.portal.RemoteDesktop via the deprecated UseIn key

(/usr/libexec/xdg-desktop-portal:1849381): xdg-desktop-portal-WARNING **: 20:27:59.472: Choosing gnome.portal for org.freedesktop.impl.portal.Clipboard via the deprecated UseIn key

(/usr/libexec/xdg-desktop-portal:1849381): xdg-desktop-portal-WARNING **: 20:27:59.472: Choosing gnome.portal for org.freedesktop.impl.portal.InputCapture via the deprecated UseIn key

(/usr/libexec/xdg-desktop-portal:1849381): xdg-desktop-portal-WARNING **: 20:27:59.473: Choosing gnome.portal for org.freedesktop.impl.portal.Usb via the deprecated UseIn key
** Message: 20:27:59.474: couldn't access control socket: /home/shawn/workspace2/reactive-tui/target/api011-check-tmp/rtui-orca-_pz6hohy/runtime/keyring/control: No such file or directory
discover_other_daemon: 0dbus-daemon[1848326]: [session uid=1000 pid=1848326 pidfd=5] Successfully activated service 'org.freedesktop.secrets'
dbus-daemon[1848326]: [session uid=1000 pid=1848326 pidfd=5] Successfully activated service 'org.freedesktop.portal.Desktop'
dbus-daemon[1848326]: [session uid=1000 pid=1848326 pidfd=5] Successfully activated service 'org.gnome.Terminal'

** (org.gnome.Terminal:1849365): WARNING **: 20:27:59.535: atk-bridge: Couldn't listen on dbus server: Socket name too long

dbus-daemon[1848326]: [session uid=1000 pid=1848326 pidfd=5] Activating service name='org.gtk.vfs.Metadata' requested by ':1.10' (uid=1000 pid=1849365 comm="/usr/libexec/gnome-terminal-server" label="unconfined")
dbus-daemon[1848326]: [session uid=1000 pid=1848326 pidfd=5] Successfully activated service 'org.gtk.vfs.Metadata'

(process:1848327): dbind-WARNING **: 20:27:59.767: AT-SPI: AddAccessible with unknown signature (so)(so)(so)iiassusau


(process:1848327): dbind-WARNING **: 20:27:59.767: AT-SPI: AddAccessible with unknown signature (so)(so)(so)iiassusau


(process:1848327): dbind-WARNING **: 20:27:59.767: AT-SPI: AddAccessible with unknown signature (so)(so)(so)iiassusau

/home/shawn/workspace2/reactive-tui/tests/api_widget_behavior/orca.py:260: DeprecationWarning: Atspi.Action.get_action_name is deprecated
  assert action.get_action_name(0) == "click"

(process:1848327): dbind-WARNING **: 20:28:00.012: AT-SPI: AddAccessible with unknown signature (so)(so)(so)iiassusau


(process:1848327): dbind-WARNING **: 20:28:00.012: AT-SPI: AddAccessible with unknown signature (so)(so)(so)iiassusau


(process:1848327): dbind-WARNING **: 20:28:00.309: AT-SPI: AddAccessible with unknown signature (so)(so)(so)iiassusau


(process:1848327): dbind-WARNING **: 20:28:00.309: AT-SPI: Unknown signature so for RemoveAccessible

(process:1848327): dbind-WARNING **: 20:28:00.309: AT-SPI: Unknown signature so for RemoveAccessible

(process:1848327): dbind-WARNING **: 20:28:00.352: AT-SPI: Unknown signature so for RemoveAccessible

(process:1848327): dbind-WARNING **: 20:28:00.414: AT-SPI: AddAccessible with unknown signature (so)(so)(so)iiassusau


(process:1848327): dbind-WARNING **: 20:28:00.414: AT-SPI: AddAccessible with unknown signature (so)(so)(so)iiassusau


(process:1848327): dbind-WARNING **: 20:28:00.448: AT-SPI: AddAccessible with unknown signature (so)(so)(so)iiassusau


(process:1848327): dbind-WARNING **: 20:28:00.448: AT-SPI: AddAccessible with unknown signature (so)(so)(so)iiassusau


(process:1848327): dbind-WARNING **: 20:28:00.448: AT-SPI: AddAccessible with unknown signature (so)(so)(so)iiassusau


(process:1848327): dbind-WARNING **: 20:28:00.448: AT-SPI: AddAccessible with unknown signature (so)(so)(so)iiassusau


(process:1848327): dbind-WARNING **: 20:28:00.448: AT-SPI: AddAccessible with unknown signature (so)(so)(so)iiassusau


(process:1848327): dbind-WARNING **: 20:28:00.448: AT-SPI: Unknown signature so for RemoveAccessible

(process:1848327): dbind-WARNING **: 20:28:00.448: AT-SPI: Unknown signature so for RemoveAccessible

(process:1848327): dbind-WARNING **: 20:28:00.448: AT-SPI: Unknown signature so for RemoveAccessible

(process:1848327): dbind-WARNING **: 20:28:00.448: AT-SPI: Unknown signature so for RemoveAccessible

(process:1848327): dbind-WARNING **: 20:28:00.448: AT-SPI: Unknown signature so for RemoveAccessible
A11Y round 1: labels, roles, focus, disabled actions, expansion, nested input and removal passed

(process:1848327): dbind-WARNING **: 20:28:00.746: AT-SPI: AddAccessible with unknown signature (so)(so)(so)iiassusau


(process:1848327): dbind-WARNING **: 20:28:00.746: AT-SPI: Unknown signature so for RemoveAccessible

(process:1848327): dbind-WARNING **: 20:28:00.746: AT-SPI: Unknown signature so for RemoveAccessible

(process:1848327): dbind-WARNING **: 20:28:00.746: AT-SPI: Unknown signature so for RemoveAccessible

(process:1848327): dbind-WARNING **: 20:28:00.746: AT-SPI: Unknown signature so for RemoveAccessible

(process:1848327): dbind-WARNING **: 20:28:00.746: AT-SPI: Unknown signature so for RemoveAccessible
A11Y breadcrumb: labels, link roles, current page announcement, inert actions, assistive and keyboard focus, activation and removal passed

(process:1848327): dbind-WARNING **: 20:28:00.780: AT-SPI: AddAccessible with unknown signature (so)(so)(so)iiassusau


(process:1848327): dbind-WARNING **: 20:28:00.780: AT-SPI: AddAccessible with unknown signature (so)(so)(so)iiassusau


(process:1848327): dbind-WARNING **: 20:28:00.780: AT-SPI: AddAccessible with unknown signature (so)(so)(so)iiassusau


(process:1848327): dbind-WARNING **: 20:28:00.780: AT-SPI: AddAccessible with unknown signature (so)(so)(so)iiassusau


(process:1848327): dbind-WARNING **: 20:28:00.780: AT-SPI: AddAccessible with unknown signature (so)(so)(so)iiassusau


(process:1848327): dbind-WARNING **: 20:28:00.780: AT-SPI: AddAccessible with unknown signature (so)(so)(so)iiassusau


(process:1848327): dbind-WARNING **: 20:28:00.780: AT-SPI: AddAccessible with unknown signature (so)(so)(so)iiassusau


(process:1848327): dbind-WARNING **: 20:28:00.780: AT-SPI: Unknown signature so for RemoveAccessible
A11Y CSS: reference labels, description, role, focus, pressed update, live announcement and hidden state passed

(process:1848327): dbind-WARNING **: 20:28:01.098: AT-SPI: AddAccessible with unknown signature (so)(so)(so)iiassusau


(process:1848327): dbind-WARNING **: 20:28:01.098: AT-SPI: AddAccessible with unknown signature (so)(so)(so)iiassusau


(process:1848327): dbind-WARNING **: 20:28:01.098: AT-SPI: AddAccessible with unknown signature (so)(so)(so)iiassusau


(process:1848327): dbind-WARNING **: 20:28:01.098: AT-SPI: Unknown signature so for RemoveAccessible

(process:1848327): dbind-WARNING **: 20:28:01.098: AT-SPI: Unknown signature so for RemoveAccessible

(process:1848327): dbind-WARNING **: 20:28:01.098: AT-SPI: Unknown signature so for RemoveAccessible

(process:1848327): dbind-WARNING **: 20:28:01.098: AT-SPI: Unknown signature so for RemoveAccessible

(process:1848327): dbind-WARNING **: 20:28:01.098: AT-SPI: Unknown signature so for RemoveAccessible

(process:1848327): dbind-WARNING **: 20:28:01.098: AT-SPI: Unknown signature so for RemoveAccessible

(process:1848327): dbind-WARNING **: 20:28:01.098: AT-SPI: Unknown signature so for RemoveAccessible
A11Y checkbox: role, distinct label, mixed/checked/unchecked speech, focus, assistive/keyboard toggles and disabled actions passed
A11Y slider: label, role, focus, numeric bounds, keyboard step and changed value speech passed

(process:1848327): dbind-WARNING **: 20:28:01.378: AT-SPI: AddAccessible with unknown signature (so)(so)(so)iiassusau


(process:1848327): dbind-WARNING **: 20:28:01.378: AT-SPI: AddAccessible with unknown signature (so)(so)(so)iiassusau


(process:1848327): dbind-WARNING **: 20:28:01.378: AT-SPI: AddAccessible with unknown signature (so)(so)(so)iiassusau


(process:1848327): dbind-WARNING **: 20:28:01.378: AT-SPI: AddAccessible with unknown signature (so)(so)(so)iiassusau


(process:1848327): dbind-WARNING **: 20:28:01.378: AT-SPI: Unknown signature so for RemoveAccessible

(process:1848327): dbind-WARNING **: 20:28:01.378: AT-SPI: Unknown signature so for RemoveAccessible

(process:1848327): dbind-WARNING **: 20:28:01.378: AT-SPI: Unknown signature so for RemoveAccessible
A11Y radio: group/option roles, labels, focus, disabled skipping, exclusive keyboard and assistive selection passed

(process:1848327): dbind-WARNING **: 20:28:01.680: AT-SPI: AddAccessible with unknown signature (so)(so)(so)iiassusau


(process:1848327): dbind-WARNING **: 20:28:01.680: AT-SPI: AddAccessible with unknown signature (so)(so)(so)iiassusau


(process:1848327): dbind-WARNING **: 20:28:01.680: AT-SPI: Unknown signature so for RemoveAccessible

(process:1848327): dbind-WARNING **: 20:28:01.680: AT-SPI: Unknown signature so for RemoveAccessible

(process:1848327): dbind-WARNING **: 20:28:01.680: AT-SPI: Unknown signature so for RemoveAccessible

(process:1848327): dbind-WARNING **: 20:28:01.680: AT-SPI: Unknown signature so for RemoveAccessible
A11Y named radios: roles, labels, focus and exclusive group selection passed

(process:1848327): dbind-WARNING **: 20:28:01.796: AT-SPI: AddAccessible with unknown signature (so)(so)(so)iiassusau


(process:1848327): dbind-WARNING **: 20:28:01.796: AT-SPI: Unknown signature so for RemoveAccessible

(process:1848327): dbind-WARNING **: 20:28:01.796: AT-SPI: Unknown signature so for RemoveAccessible

(process:1848327): dbind-WARNING **: 20:28:01.861: AT-SPI: AddAccessible with unknown signature (so)(so)(so)iiassusau


(process:1848327): dbind-WARNING **: 20:28:01.861: AT-SPI: AddAccessible with unknown signature (so)(so)(so)iiassusau


(process:1848327): dbind-WARNING **: 20:28:01.861: AT-SPI: AddAccessible with unknown signature (so)(so)(so)iiassusau


(process:1848327): dbind-WARNING **: 20:28:01.861: AT-SPI: AddAccessible with unknown signature (so)(so)(so)iiassusau


(process:1848327): dbind-WARNING **: 20:28:01.893: AT-SPI: Unknown signature so for RemoveAccessible

(process:1848327): dbind-WARNING **: 20:28:01.893: AT-SPI: Unknown signature so for RemoveAccessible

(process:1848327): dbind-WARNING **: 20:28:01.893: AT-SPI: Unknown signature so for RemoveAccessible

(process:1848327): dbind-WARNING **: 20:28:01.893: AT-SPI: Unknown signature so for RemoveAccessible

(process:1848327): dbind-WARNING **: 20:28:01.925: AT-SPI: AddAccessible with unknown signature (so)(so)(so)iiassusau


(process:1848327): dbind-WARNING **: 20:28:01.925: AT-SPI: AddAccessible with unknown signature (so)(so)(so)iiassusau


(process:1848327): dbind-WARNING **: 20:28:01.925: AT-SPI: AddAccessible with unknown signature (so)(so)(so)iiassusau


(process:1848327): dbind-WARNING **: 20:28:01.925: AT-SPI: AddAccessible with unknown signature (so)(so)(so)iiassusau


(process:1848327): dbind-WARNING **: 20:28:02.099: AT-SPI: Unknown signature so for RemoveAccessible

(process:1848327): dbind-WARNING **: 20:28:02.099: AT-SPI: Unknown signature so for RemoveAccessible

(process:1848327): dbind-WARNING **: 20:28:02.099: AT-SPI: Unknown signature so for RemoveAccessible

(process:1848327): dbind-WARNING **: 20:28:02.099: AT-SPI: Unknown signature so for RemoveAccessible

(process:1848327): dbind-WARNING **: 20:28:02.133: AT-SPI: AddAccessible with unknown signature (so)(so)(so)iiassusau


(process:1848327): dbind-WARNING **: 20:28:02.133: AT-SPI: AddAccessible with unknown signature (so)(so)(so)iiassusau


(process:1848327): dbind-WARNING **: 20:28:02.133: AT-SPI: AddAccessible with unknown signature (so)(so)(so)iiassusau


(process:1848327): dbind-WARNING **: 20:28:02.133: AT-SPI: AddAccessible with unknown signature (so)(so)(so)iiassusau


(process:1848327): dbind-WARNING **: 20:28:02.369: AT-SPI: Unknown signature so for RemoveAccessible

(process:1848327): dbind-WARNING **: 20:28:02.369: AT-SPI: Unknown signature so for RemoveAccessible

(process:1848327): dbind-WARNING **: 20:28:02.369: AT-SPI: Unknown signature so for RemoveAccessible

(process:1848327): dbind-WARNING **: 20:28:02.369: AT-SPI: Unknown signature so for RemoveAccessible

(process:1848327): dbind-WARNING **: 20:28:02.403: AT-SPI: AddAccessible with unknown signature (so)(so)(so)iiassusau


(process:1848327): dbind-WARNING **: 20:28:02.403: AT-SPI: Unknown signature so for RemoveAccessible

(process:1848327): dbind-WARNING **: 20:28:02.408: AT-SPI: AddAccessible with unknown signature (so)(so)(so)iiassusau


(process:1848327): dbind-WARNING **: 20:28:02.408: AT-SPI: AddAccessible with unknown signature (so)(so)(so)iiassusau


(process:1848327): dbind-WARNING **: 20:28:02.408: AT-SPI: AddAccessible with unknown signature (so)(so)(so)iiassusau


(process:1848327): dbind-WARNING **: 20:28:02.758: AT-SPI: Unknown signature so for RemoveAccessible

(process:1848327): dbind-WARNING **: 20:28:02.758: AT-SPI: Unknown signature so for RemoveAccessible

(process:1848327): dbind-WARNING **: 20:28:02.758: AT-SPI: Unknown signature so for RemoveAccessible
A11Y select: combo/list/option roles, labels, expansion, focus, disabled skipping, single/multiple assistive and keyboard selection with selection speech passed

(process:1848327): dbind-WARNING **: 20:28:02.793: AT-SPI: AddAccessible with unknown signature (so)(so)(so)iiassusau


(process:1848327): dbind-WARNING **: 20:28:02.793: AT-SPI: AddAccessible with unknown signature (so)(so)(so)iiassusau


(process:1848327): dbind-WARNING **: 20:28:02.793: AT-SPI: AddAccessible with unknown signature (so)(so)(so)iiassusau


(process:1848327): dbind-WARNING **: 20:28:02.793: AT-SPI: AddAccessible with unknown signature (so)(so)(so)iiassusau


(process:1848327): dbind-WARNING **: 20:28:02.793: AT-SPI: Unknown signature so for RemoveAccessible

(process:1848327): dbind-WARNING **: 20:28:02.805: AT-SPI: AddAccessible with unknown signature (so)(so)(so)iiassusau


(process:1848327): dbind-WARNING **: 20:28:02.805: AT-SPI: AddAccessible with unknown signature (so)(so)(so)iiassusau


(process:1848327): dbind-WARNING **: 20:28:02.805: AT-SPI: AddAccessible with unknown signature (so)(so)(so)iiassusau


(process:1848327): dbind-WARNING **: 20:28:02.805: AT-SPI: AddAccessible with unknown signature (so)(so)(so)iiassusau


(process:1848327): dbind-WARNING **: 20:28:02.805: AT-SPI: AddAccessible with unknown signature (so)(so)(so)iiassusau


(process:1848327): dbind-WARNING **: 20:28:02.805: AT-SPI: AddAccessible with unknown signature (so)(so)(so)iiassusau


(process:1848327): dbind-WARNING **: 20:28:02.805: AT-SPI: AddAccessible with unknown signature (so)(so)(so)iiassusau


(process:1848327): dbind-WARNING **: 20:28:02.805: AT-SPI: AddAccessible with unknown signature (so)(so)(so)iiassusau


(process:1848327): dbind-WARNING **: 20:28:02.959: AT-SPI: Unknown signature so for RemoveAccessible

(process:1848327): dbind-WARNING **: 20:28:02.959: AT-SPI: Unknown signature so for RemoveAccessible

(process:1848327): dbind-WARNING **: 20:28:02.959: AT-SPI: Unknown signature so for RemoveAccessible

(process:1848327): dbind-WARNING **: 20:28:02.959: AT-SPI: Unknown signature so for RemoveAccessible

(process:1848327): dbind-WARNING **: 20:28:02.959: AT-SPI: Unknown signature so for RemoveAccessible

(process:1848327): dbind-WARNING **: 20:28:02.959: AT-SPI: Unknown signature so for RemoveAccessible

(process:1848327): dbind-WARNING **: 20:28:02.959: AT-SPI: Unknown signature so for RemoveAccessible

(process:1848327): dbind-WARNING **: 20:28:02.959: AT-SPI: Unknown signature so for RemoveAccessible
Traceback (most recent call last):
  File "/home/shawn/workspace2/reactive-tui/tests/api_widget_behavior/orca.py", line 663, in <module>
    inside(arguments)
    ~~~~~~^^^^^^^^^^^
  File "/home/shawn/workspace2/reactive-tui/tests/api_widget_behavior/orca.py", line 596, in inside
    exercise_menus(root, keyboard, wait, named, state, click, speech, Atspi,
    ~~~~~~~~~~~~~~^^^^^^^^^^^^^^^^^^^^^^^^^^^^^^^^^^^^^^^^^^^^^^^^^^^^^^^^^^
                   lambda: len((run / "orca.log").read_text().splitlines()))
                   ^^^^^^^^^^^^^^^^^^^^^^^^^^^^^^^^^^^^^^^^^^^^^^^^^^^^^^^^^
  File "/home/shawn/workspace2/reactive-tui/tests/api_widget_behavior/orca_menus.py", line 36, in exercise
    wait("menu checked state absent", lambda: state(checkbox, Atspi.StateType.CHECKED))
    ~~~~^^^^^^^^^^^^^^^^^^^^^^^^^^^^^^^^^^^^^^^^^^^^^^^^^^^^^^^^^^^^^^^^^^^^^^^^^^^^^^^
  File "/home/shawn/workspace2/reactive-tui/tests/api_widget_behavior/orca.py", line 196, in wait
    raise AssertionError(reason)
AssertionError: menu checked state absent
A connection to the bus can't be made
