   Compiling reactive-tui v0.0.7 (/home/shawn/workspace2/reactive-tui)
    Finished `test` profile [unoptimized + debuginfo] target(s) in 9.15s
     Running unittests src/lib.rs (target/debug/deps/reactive_tui-29efd94ed46ffee2)

running 4 tests
test platform::image::tests::api_image_platform_file_and_memory_decode_actual_pixels ... FAILED
test platform::image::tests::api_image_platform_iterm_uses_encoded_file_and_byte_count ... FAILED
test platform::image::tests::api_image_platform_kitty_crops_and_retains_placement_options ... FAILED
test platform::image::tests::api_image_platform_rejects_invalid_encoded_and_raw_data_without_output ... FAILED

failures:

---- platform::image::tests::api_image_platform_file_and_memory_decode_actual_pixels stdout ----

thread 'platform::image::tests::api_image_platform_file_and_memory_decode_actual_pixels' (2162891) panicked at src/platform/image/tests.rs:33:5:
assertion `left == right` failed
  left: (0, 0)
 right: (2, 1)
note: run with `RUST_BACKTRACE=1` environment variable to display a backtrace

---- platform::image::tests::api_image_platform_iterm_uses_encoded_file_and_byte_count stdout ----

thread 'platform::image::tests::api_image_platform_iterm_uses_encoded_file_and_byte_count' (2162892) panicked at src/platform/image/tests.rs:65:5:
assertion failed: header.split(';').any(|field| field == "inline=1")

---- platform::image::tests::api_image_platform_kitty_crops_and_retains_placement_options stdout ----

thread 'platform::image::tests::api_image_platform_kitty_crops_and_retains_placement_options' (2162893) panicked at src/platform/image/tests.rs:18:5:
_Gf=32,i=3,s=2,v=1,m=1;/wAAAAD/\_Ga=p,i=3,X=2,Y=3,z=-4;\

---- platform::image::tests::api_image_platform_rejects_invalid_encoded_and_raw_data_without_output stdout ----

thread 'platform::image::tests::api_image_platform_rejects_invalid_encoded_and_raw_data_without_output' (2162894) panicked at src/platform/image/tests.rs:49:9:
Jpeg


failures:
    platform::image::tests::api_image_platform_file_and_memory_decode_actual_pixels
    platform::image::tests::api_image_platform_iterm_uses_encoded_file_and_byte_count
    platform::image::tests::api_image_platform_kitty_crops_and_retains_placement_options
    platform::image::tests::api_image_platform_rejects_invalid_encoded_and_raw_data_without_output

test result: FAILED. 0 passed; 4 failed; 0 ignored; 0 measured; 872 filtered out; finished in 0.00s

error: test failed, to rerun pass `--lib`
