A11Y # GNOME Terminal 3.58.0 using VTE 0.84.0 +BIDI +GNUTLS +ICU +SYSTEMD
A11Y Orca version 50.1.2, AT-SPI2 version: 2.60.0, Session: x11 gnome
A11Y isolated X11/Xvfb viewport 60x16
A11Y round 1: labels, roles, focus, disabled actions, expansion, nested input and removal passed
A11Y breadcrumb: labels, link roles, current page announcement, inert actions, assistive and keyboard focus, activation and removal passed
A11Y CSS: reference labels, description, role, focus, pressed update, live announcement and hidden state passed
A11Y checkbox: role, distinct label, mixed/checked/unchecked speech, focus, assistive/keyboard toggles and disabled actions passed
A11Y slider: label, role, focus, numeric bounds, keyboard step and changed value speech passed
A11Y radio: group/option roles, labels, focus, disabled skipping, exclusive keyboard and assistive selection passed
A11Y named radios: roles, labels, focus and exclusive group selection passed
A11Y select: combo/list/option roles, labels, expansion, focus, disabled skipping, single/multiple assistive and keyboard selection with selection speech passed
A11Y menu family 1: roles, disabled actions, assistive/keyboard focus, nested activation and removal passed
A11Y menu family 2: roles, disabled actions, assistive/keyboard focus, nested activation and removal passed
A11Y menu family 3: roles, disabled actions, assistive/keyboard focus, nested activation and removal passed
A11Y menu family 4: roles, disabled actions, assistive/keyboard focus, nested activation and removal passed
A11Y round 2: simultaneous and successive App isolation, action delivery, exactly-once callbacks and adapter cleanup passed
A11Y 20:31:45.091938 - SPEECH OUTPUT: 'Account preferences accessible label' {'established': False, 'family': {'name': '', 'gender': None, 'lang': 'C', 'dialect': '', 'variant': None}}
A11Y 20:31:45.091967 - SPEECH OUTPUT: 'collapsed button.' {'established': False}
A11Y 20:31:45.259346 - SPEECH OUTPUT: 'Account preferences accessible label' {'established': False, 'family': {'name': '', 'gender': None, 'lang': 'C', 'dialect': '', 'variant': None}}
A11Y 20:31:45.295032 - SPEECH OUTPUT: 'expanded' {'established': False}
A11Y 20:31:45.360905 - SPEECH OUTPUT: 'Nested account entry' {'established': False, 'family': {'name': '', 'gender': None, 'lang': 'C', 'dialect': '', 'variant': None}}
A11Y 20:31:45.418908 - SPEECH OUTPUT: 'Privacy preferences accessible label' {'established': False, 'family': {'name': '', 'gender': None, 'lang': 'C', 'dialect': '', 'variant': None}}
A11Y 20:31:45.418954 - SPEECH OUTPUT: 'collapsed button.' {'established': False}
A11Y 20:31:45.471677 - SPEECH OUTPUT: 'expanded' {'established': False}
A11Y 20:31:45.554578 - SPEECH OUTPUT: 'Account preferences accessible label' {'established': False, 'family': {'name': '', 'gender': None, 'lang': 'C', 'dialect': '', 'variant': None}}
A11Y 20:31:45.554624 - SPEECH OUTPUT: 'collapsed button.' {'established': False}
A11Y 20:31:45.595557 - SPEECH OUTPUT: 'expanded' {'established': False}
A11Y 20:31:45.660431 - SPEECH OUTPUT: 'Breadcrumb docs accessible label' {'established': False, 'family': {'name': '', 'gender': None, 'lang': 'C', 'dialect': '', 'variant': None}}
A11Y 20:31:45.711085 - SPEECH OUTPUT: 'Breadcrumb home accessible label' {'established': False, 'family': {'name': '', 'gender': None, 'lang': 'C', 'dialect': '', 'variant': None}}
A11Y 20:31:45.806447 - SPEECH OUTPUT: 'Breadcrumb docs accessible label' {'established': False, 'family': {'name': '', 'gender': None, 'lang': 'C', 'dialect': '', 'variant': None}}
A11Y 20:31:45.874489 - SPEECH OUTPUT: 'Breadcrumb current accessible label' {'established': False, 'family': {'name': '', 'gender': None, 'lang': 'C', 'dialect': '', 'variant': None}}
A11Y 20:31:45.874532 - SPEECH OUTPUT: 'static (Current page)' {'established': False}
A11Y 20:31:46.042945 - SPEECH OUTPUT: 'Independent App action' {'established': False, 'family': {'name': '', 'gender': None, 'lang': 'C', 'dialect': '', 'variant': None}}
A11Y 20:31:46.233508 - SPEECH OUTPUT: 'Background calls 1' {'established': False}
A11Y 20:31:46.242504 - SPEECH OUTPUT: 'pressed' {'established': False}
A11Y 20:31:46.312129 - SPEECH OUTPUT: 'Notification preference' {'established': False, 'family': {'name': '', 'gender': None, 'lang': 'C', 'dialect': '', 'variant': None}}
A11Y 20:31:46.312199 - SPEECH OUTPUT: 'check box partially checked.' {'established': False}
A11Y 20:31:46.350511 - SPEECH OUTPUT: 'checked' {'established': False}
A11Y 20:31:46.383420 - SPEECH OUTPUT: 'not checked' {'established': False}
A11Y 20:31:46.443898 - SPEECH OUTPUT: 'Playback volume' {'established': False, 'family': {'name': '', 'gender': None, 'lang': 'C', 'dialect': '', 'variant': None}}
A11Y 20:31:46.660453 - SPEECH OUTPUT: 'Standard delivery' {'established': False, 'family': {'name': '', 'gender': None, 'lang': 'C', 'dialect': '', 'variant': None}}
A11Y 20:31:46.660483 - SPEECH OUTPUT: 'selected radio button.' {'established': False}
A11Y 20:31:46.736239 - SPEECH OUTPUT: 'Express delivery' {'established': False, 'family': {'name': '', 'gender': None, 'lang': 'C', 'dialect': '', 'variant': None}}
A11Y 20:31:46.736266 - SPEECH OUTPUT: 'not selected radio button.' {'established': False}
A11Y 20:31:46.798371 - SPEECH OUTPUT: 'selected' {'established': False}
A11Y 20:31:46.866612 - SPEECH OUTPUT: 'Standard delivery' {'established': False, 'family': {'name': '', 'gender': None, 'lang': 'C', 'dialect': '', 'variant': None}}
A11Y 20:31:46.866667 - SPEECH OUTPUT: 'selected radio button.' {'established': False}
A11Y 20:31:46.939252 - SPEECH OUTPUT: 'selected radio button' {'established': False}
A11Y 20:31:46.990341 - SPEECH OUTPUT: 'Named beta' {'established': False, 'family': {'name': '', 'gender': None, 'lang': 'C', 'dialect': '', 'variant': None}}
A11Y 20:31:46.990386 - SPEECH OUTPUT: 'not selected radio button.' {'established': False}
A11Y 20:31:47.763441 - SPEECH OUTPUT: 'selected' {'established': False}
A11Y 20:31:47.991492 - SPEECH OUTPUT: 'Menu file' {'established': False, 'family': {'name': '', 'gender': None, 'lang': 'C', 'dialect': '', 'variant': None}}
A11Y 20:31:48.069373 - SPEECH OUTPUT: 'Enable notifications' {'established': False, 'family': {'name': '', 'gender': None, 'lang': 'C', 'dialect': '', 'variant': None}}
A11Y 20:31:48.069431 - SPEECH OUTPUT: 'check menu item not checked.' {'established': False}
A11Y 20:31:48.208501 - SPEECH OUTPUT: 'Enable notifications' {'established': False, 'family': {'name': '', 'gender': None, 'lang': 'C', 'dialect': '', 'variant': None}}
A11Y 20:31:48.208527 - SPEECH OUTPUT: 'check menu item checked.' {'established': False}
A11Y 20:31:48.261191 - SPEECH OUTPUT: 'expanded' {'established': False}
A11Y 20:31:48.315778 - SPEECH OUTPUT: 'Recent menu' {'established': False, 'family': {'name': '', 'gender': None, 'lang': 'C', 'dialect': '', 'variant': None}}
A11Y 20:31:48.396010 - SPEECH OUTPUT: 'Recent document.' {'established': False, 'family': {'name': '', 'gender': None, 'lang': 'C', 'dialect': '', 'variant': None}}
A11Y 20:31:48.427070 - SPEECH OUTPUT: 'expanded' {'established': False}
A11Y 20:31:48.564331 - SPEECH OUTPUT: 'Enable notifications' {'established': False, 'family': {'name': '', 'gender': None, 'lang': 'C', 'dialect': '', 'variant': None}}
A11Y 20:31:48.564361 - SPEECH OUTPUT: 'check menu item not checked.' {'established': False}
A11Y 20:31:48.675356 - SPEECH OUTPUT: 'checked' {'established': False}
A11Y 20:31:48.759245 - SPEECH OUTPUT: 'Recent menu' {'established': False, 'family': {'name': '', 'gender': None, 'lang': 'C', 'dialect': '', 'variant': None}}
A11Y 20:31:48.860860 - SPEECH OUTPUT: 'Recent document.' {'established': False, 'family': {'name': '', 'gender': None, 'lang': 'C', 'dialect': '', 'variant': None}}
A11Y 20:31:48.882974 - SPEECH OUTPUT: 'expanded' {'established': False}
A11Y 20:31:48.984262 - SPEECH OUTPUT: 'Recent menu' {'established': False, 'family': {'name': '', 'gender': None, 'lang': 'C', 'dialect': '', 'variant': None}}
A11Y 20:31:49.092923 - SPEECH OUTPUT: 'Enable notifications' {'established': False, 'family': {'name': '', 'gender': None, 'lang': 'C', 'dialect': '', 'variant': None}}
A11Y 20:31:49.092949 - SPEECH OUTPUT: 'check menu item not checked.' {'established': False}
A11Y 20:31:49.204243 - SPEECH OUTPUT: 'Recent menu' {'established': False, 'family': {'name': '', 'gender': None, 'lang': 'C', 'dialect': '', 'variant': None}}
A11Y 20:31:49.317800 - SPEECH OUTPUT: 'Recent document.' {'established': False, 'family': {'name': '', 'gender': None, 'lang': 'C', 'dialect': '', 'variant': None}}
A11Y 20:31:49.357593 - SPEECH OUTPUT: 'expanded' {'established': False}
A11Y 20:31:49.464461 - SPEECH OUTPUT: 'Enable notifications' {'established': False, 'family': {'name': '', 'gender': None, 'lang': 'C', 'dialect': '', 'variant': None}}
A11Y 20:31:49.464486 - SPEECH OUTPUT: 'check menu item not checked.' {'established': False}
A11Y 20:31:49.534058 - SPEECH OUTPUT: 'Recent menu' {'established': False, 'family': {'name': '', 'gender': None, 'lang': 'C', 'dialect': '', 'variant': None}}
A11Y 20:31:49.603303 - SPEECH OUTPUT: 'Enable notifications' {'established': False, 'family': {'name': '', 'gender': None, 'lang': 'C', 'dialect': '', 'variant': None}}
A11Y 20:31:49.603393 - SPEECH OUTPUT: 'check menu item checked.' {'established': False}
A11Y 20:31:49.730349 - SPEECH OUTPUT: 'Recent menu' {'established': False, 'family': {'name': '', 'gender': None, 'lang': 'C', 'dialect': '', 'variant': None}}
A11Y 20:31:49.834283 - SPEECH OUTPUT: 'Recent document' {'established': False, 'family': {'name': '', 'gender': None, 'lang': 'C', 'dialect': '', 'variant': None}}
A11Y 20:31:49.834311 - SPEECH OUTPUT: 'check menu item not checked.' {'established': False}
A11Y 20:31:49.867348 - SPEECH OUTPUT: 'expanded' {'established': False}
A11Y 20:31:49.920171 - SPEECH OUTPUT: 'checked' {'established': False}
A11Y 20:31:50.013063 - SPEECH OUTPUT: 'Background calls 1' {'established': False}
A11Y 20:31:50.048880 - SPEECH OUTPUT: 'Background calls 1' {'established': False}
A11Y 20:31:50.138528 - SPEECH OUTPUT: 'Account preferences accessible label' {'established': False, 'family': {'name': '', 'gender': None, 'lang': 'C', 'dialect': '', 'variant': None}}
A11Y 20:31:50.138624 - SPEECH OUTPUT: 'collapsed button.' {'established': False}
Orca diagnostic logs: /home/shawn/workspace2/reactive-tui/target/api011-check-tmp/rtui-orca-k7ubphpw
