   Compiling reactive-tui v0.0.7 (/home/shawn/workspace2/reactive-tui)
    Finished `test` profile [unoptimized + debuginfo] target(s) in 14.14s
     Running unittests src/lib.rs (target/debug/deps/reactive_tui-ff7f40ac5b910bef)

running 6 tests
test terminal::screen::reflow_tests::alternate_screen_stays_fixed_while_its_saved_main_cursor_reflows ... FAILED
test terminal::screen::reflow_tests::reflow_preserves_styled_graphemes_and_omits_wide_wrap_padding ... FAILED
test terminal::screen::reflow_tests::resizing_preserves_hard_breaks_and_pending_wrap_insertion ... FAILED
test terminal::screen::reflow_tests::saved_cursor_follows_its_text_after_reflow ... FAILED
test terminal::screen::reflow_tests::shrinking_keeps_the_cursor_visible_and_bounds_new_history ... FAILED
test terminal::screen::reflow_tests::wider_main_screen_reflows_the_native_command_banner_before_next_input ... FAILED

failures:

---- terminal::screen::reflow_tests::alternate_screen_stays_fixed_while_its_saved_main_cursor_reflows stdout ----

thread 'terminal::screen::reflow_tests::alternate_screen_stays_fixed_while_its_saved_main_cursor_reflows' (1961711) panicked at src/terminal/screen/reflow_tests.rs:87:5:
assertion `left == right` failed
  left: "abcd"
 right: "abcdefg"
note: run with `RUST_BACKTRACE=1` environment variable to display a backtrace

---- terminal::screen::reflow_tests::reflow_preserves_styled_graphemes_and_omits_wide_wrap_padding stdout ----

thread 'terminal::screen::reflow_tests::reflow_preserves_styled_graphemes_and_omits_wide_wrap_padding' (1961712) panicked at src/terminal/screen/reflow_tests.rs:47:5:
assertion `left == right` failed
  left: "ab界e\u{301}"
 right: "ab界e\u{301}Z"

---- terminal::screen::reflow_tests::resizing_preserves_hard_breaks_and_pending_wrap_insertion stdout ----

thread 'terminal::screen::reflow_tests::resizing_preserves_hard_breaks_and_pending_wrap_insertion' (1961713) panicked at src/terminal/screen/reflow_tests.rs:35:5:
assertion `left == right` failed
  left: (3, 2)
 right: (4, 2)

---- terminal::screen::reflow_tests::saved_cursor_follows_its_text_after_reflow stdout ----

thread 'terminal::screen::reflow_tests::saved_cursor_follows_its_text_after_reflow' (1961714) panicked at src/terminal/screen/reflow_tests.rs:97:5:
assertion `left == right` failed
  left: (3, 1)
 right: (7, 0)

---- terminal::screen::reflow_tests::shrinking_keeps_the_cursor_visible_and_bounds_new_history stdout ----

thread 'terminal::screen::reflow_tests::shrinking_keeps_the_cursor_visible_and_bounds_new_history' (1961715) panicked at src/terminal/screen/reflow_tests.rs:67:5:
assertion `left == right` failed
  left: (2, 2)
 right: (1, 2)

---- terminal::screen::reflow_tests::wider_main_screen_reflows_the_native_command_banner_before_next_input stdout ----

thread 'terminal::screen::reflow_tests::wider_main_screen_reflows_the_native_command_banner_before_next_input' (1961716) panicked at src/terminal/screen/reflow_tests.rs:23:5:
assertion `left == right` failed
  left: (6, 6)
 right: (6, 5)


failures:
    terminal::screen::reflow_tests::alternate_screen_stays_fixed_while_its_saved_main_cursor_reflows
    terminal::screen::reflow_tests::reflow_preserves_styled_graphemes_and_omits_wide_wrap_padding
    terminal::screen::reflow_tests::resizing_preserves_hard_breaks_and_pending_wrap_insertion
    terminal::screen::reflow_tests::saved_cursor_follows_its_text_after_reflow
    terminal::screen::reflow_tests::shrinking_keeps_the_cursor_visible_and_bounds_new_history
    terminal::screen::reflow_tests::wider_main_screen_reflows_the_native_command_banner_before_next_input

test result: FAILED. 0 passed; 6 failed; 0 ignored; 0 measured; 955 filtered out; finished in 0.00s

error: test failed, to rerun pass `--lib`
