Feature configuration: default
    Checking reactive-tui v0.0.7 (/home/shawn/workspace2/reactive-tui)
    Finished `dev` profile [unoptimized + debuginfo] target(s) in 7.26s

running 2 tests
test fast_color_paths_preserve_scalar_results ... ok
test async_fps_preserves_state_without_a_tokio_runtime ... ok

test result: ok. 2 passed; 0 failed; 0 ignored; 0 measured; 0 filtered out; finished in 0.00s

    Compiling reactive-tui v0.0.7 (/home/shawn/workspace2/reactive-tui)
    Finished `test` profile [unoptimized + debuginfo] target(s) in 16.07s
     Running tests/api_feature_configurations.rs (target/debug/deps/api_feature_configurations-c04f814a33d200f1)

Feature configuration: --no-default-features
    Checking reactive-tui v0.0.7 (/home/shawn/workspace2/reactive-tui)
warning: unused import: `std::time::Duration`
   --> src/platform/loop.rs:603:9
    |
603 |     use std::time::Duration;
    |         ^^^^^^^^^^^^^^^^^^^
    |
    = note: `#[warn(unused_imports)]` (part of `#[warn(unused)]`) on by default

warning: `reactive-tui` (lib test) generated 1 warning (run `cargo fix --lib -p reactive-tui --tests` to apply 1 suggestion)
    Finished `dev` profile [unoptimized + debuginfo] target(s) in 7.10s

running 2 tests
test fast_color_paths_preserve_scalar_results ... ok
test async_fps_preserves_state_without_a_tokio_runtime ... ok

test result: ok. 2 passed; 0 failed; 0 ignored; 0 measured; 0 filtered out; finished in 0.00s

    Compiling reactive-tui v0.0.7 (/home/shawn/workspace2/reactive-tui)
    Finished `test` profile [unoptimized + debuginfo] target(s) in 15.94s
     Running tests/api_feature_configurations.rs (target/debug/deps/api_feature_configurations-ac45ce01905c404f)

Feature configuration: --no-default-features --features tokio
   Compiling reactive-tui v0.0.7 (/home/shawn/workspace2/reactive-tui)
    Finished `dev` profile [unoptimized + debuginfo] target(s) in 7.13s

running 2 tests
test fast_color_paths_preserve_scalar_results ... ok
test async_fps_preserves_state_without_a_tokio_runtime ... ok

test result: ok. 2 passed; 0 failed; 0 ignored; 0 measured; 0 filtered out; finished in 0.00s

    Compiling reactive-tui v0.0.7 (/home/shawn/workspace2/reactive-tui)
    Finished `test` profile [unoptimized + debuginfo] target(s) in 15.50s
     Running tests/api_feature_configurations.rs (target/debug/deps/api_feature_configurations-387a89ff27625c76)

Feature configuration: --no-default-features --features tokio-util
    Checking futures-sink v0.3.31
    Checking tokio v1.47.1
   Compiling reactive-tui v0.0.7 (/home/shawn/workspace2/reactive-tui)
    Checking futures-channel v0.3.31
    Checking tokio-util v0.7.16
    Checking futures-util v0.3.31
    Checking futures-executor v0.3.31
    Checking futures v0.3.31
    Checking serial_test v3.2.0
warning: unused import: `std::time::Duration`
   --> src/platform/loop.rs:603:9
    |
603 |     use std::time::Duration;
    |         ^^^^^^^^^^^^^^^^^^^
    |
    = note: `#[warn(unused_imports)]` (part of `#[warn(unused)]`) on by default

warning: `reactive-tui` (lib test) generated 1 warning (run `cargo fix --lib -p reactive-tui --tests` to apply 1 suggestion)
    Finished `dev` profile [unoptimized + debuginfo] target(s) in 10.82s

running 2 tests
test fast_color_paths_preserve_scalar_results ... ok
test async_fps_preserves_state_without_a_tokio_runtime ... ok

test result: ok. 2 passed; 0 failed; 0 ignored; 0 measured; 0 filtered out; finished in 0.00s

    Compiling futures-sink v0.3.31
   Compiling tokio v1.47.1
   Compiling futures-channel v0.3.31
   Compiling futures-util v0.3.31
   Compiling tokio-util v0.7.16
   Compiling futures-executor v0.3.31
   Compiling reactive-tui v0.0.7 (/home/shawn/workspace2/reactive-tui)
   Compiling futures v0.3.31
   Compiling serial_test v3.2.0
    Finished `test` profile [unoptimized + debuginfo] target(s) in 17.95s
     Running tests/api_feature_configurations.rs (target/debug/deps/api_feature_configurations-539f3fcbff37e9da)

Feature configuration: --no-default-features --features debug
   Compiling reactive-tui v0.0.7 (/home/shawn/workspace2/reactive-tui)
warning: unused import: `std::time::Duration`
   --> src/platform/loop.rs:603:9
    |
603 |     use std::time::Duration;
    |         ^^^^^^^^^^^^^^^^^^^
    |
    = note: `#[warn(unused_imports)]` (part of `#[warn(unused)]`) on by default

warning: `reactive-tui` (lib test) generated 1 warning (run `cargo fix --lib -p reactive-tui --tests` to apply 1 suggestion)
    Finished `dev` profile [unoptimized + debuginfo] target(s) in 7.47s

running 2 tests
test async_fps_preserves_state_without_a_tokio_runtime ... ok
test fast_color_paths_preserve_scalar_results ... ok

test result: ok. 2 passed; 0 failed; 0 ignored; 0 measured; 0 filtered out; finished in 0.00s

    Compiling reactive-tui v0.0.7 (/home/shawn/workspace2/reactive-tui)
    Finished `test` profile [unoptimized + debuginfo] target(s) in 15.36s
     Running tests/api_feature_configurations.rs (target/debug/deps/api_feature_configurations-031d8fabedb361be)

Feature configuration: --no-default-features --features debug_patches
   Compiling reactive-tui v0.0.7 (/home/shawn/workspace2/reactive-tui)
warning: unused import: `std::time::Duration`
   --> src/platform/loop.rs:603:9
    |
603 |     use std::time::Duration;
    |         ^^^^^^^^^^^^^^^^^^^
    |
    = note: `#[warn(unused_imports)]` (part of `#[warn(unused)]`) on by default

warning: `reactive-tui` (lib test) generated 1 warning (run `cargo fix --lib -p reactive-tui --tests` to apply 1 suggestion)
    Finished `dev` profile [unoptimized + debuginfo] target(s) in 7.33s

running 2 tests
test async_fps_preserves_state_without_a_tokio_runtime ... ok
test fast_color_paths_preserve_scalar_results ... ok

test result: ok. 2 passed; 0 failed; 0 ignored; 0 measured; 0 filtered out; finished in 0.00s

    Compiling reactive-tui v0.0.7 (/home/shawn/workspace2/reactive-tui)
    Finished `test` profile [unoptimized + debuginfo] target(s) in 15.05s
     Running tests/api_feature_configurations.rs (target/debug/deps/api_feature_configurations-05e56dd5aebd7746)

Feature configuration: --no-default-features --features async-capabilities
   Compiling reactive-tui v0.0.7 (/home/shawn/workspace2/reactive-tui)
    Finished `dev` profile [unoptimized + debuginfo] target(s) in 7.70s

running 2 tests
test fast_color_paths_preserve_scalar_results ... ok
test async_fps_preserves_state_without_a_tokio_runtime ... ok

test result: ok. 2 passed; 0 failed; 0 ignored; 0 measured; 0 filtered out; finished in 0.00s

    Compiling reactive-tui v0.0.7 (/home/shawn/workspace2/reactive-tui)
    Finished `test` profile [unoptimized + debuginfo] target(s) in 15.80s
     Running tests/api_feature_configurations.rs (target/debug/deps/api_feature_configurations-d38333c2c2d07682)

Feature configuration: --no-default-features --features ffi
   Compiling reactive-tui v0.0.7 (/home/shawn/workspace2/reactive-tui)
warning: ambiguous glob re-exports
  --> src/ffi/mod.rs:85:9
   |
85 | pub use pointer::*;
   |         ^^^^^^^^^^ the name `validate_pointer` in the value namespace is first re-exported here
...
90 | pub use types::*;
   |         -------- but the name `validate_pointer` in the value namespace is also re-exported here
   |
   = note: `#[warn(ambiguous_glob_reexports)]` on by default

warning: unused variable: `width`
  --> src/ffi/lib.rs:85:14
   |
85 |         let (width, height) = renderer_box.dims();
   |              ^^^^^ help: if this is intentional, prefix it with an underscore: `_width`
   |
   = note: `#[warn(unused_variables)]` (part of `#[warn(unused)]`) on by default

warning: function `validate_pointer` is never used
   --> src/ffi/types.rs:182:15
    |
182 | pub(crate) fn validate_pointer<T>(ptr: *const T) -> bool {
    |               ^^^^^^^^^^^^^^^^
    |
    = note: `#[warn(dead_code)]` (part of `#[warn(unused)]`) on by default

warning: function `validate_mut_pointer` is never used
   --> src/ffi/types.rs:187:15
    |
187 | pub(crate) fn validate_mut_pointer<T>(ptr: *mut T) -> bool {
    |               ^^^^^^^^^^^^^^^^^^^^

warning: function `safe_cast` is never used
   --> src/ffi/types.rs:192:22
    |
192 | pub(crate) unsafe fn safe_cast<T, U>(ptr: *mut T) -> Result<*mut U, ReactiveError> {
    |                      ^^^^^^^^^

warning: function `safe_cast_const` is never used
   --> src/ffi/types.rs:206:22
    |
206 | pub(crate) unsafe fn safe_cast_const<T, U>(ptr: *const T) -> Result<*const U, ReactiveError> {
    |                      ^^^^^^^^^^^^^^^

warning: `reactive-tui` (lib) generated 6 warnings (run `cargo fix --lib -p reactive-tui` to apply 1 suggestion)
warning: unnecessary `unsafe` block
  --> tests/test_ffi_core_only.rs:10:9
   |
10 |         unsafe {
   |         ^^^^^^ unnecessary `unsafe` block
   |
   = note: `#[warn(unused_unsafe)]` (part of `#[warn(unused)]`) on by default

warning: unnecessary `unsafe` block
  --> tests/test_ffi_core_only.rs:24:9
   |
24 |         unsafe {
   |         ^^^^^^ unnecessary `unsafe` block

warning: unnecessary `unsafe` block
  --> tests/test_ffi_core_only.rs:67:9
   |
67 |         unsafe {
   |         ^^^^^^ unnecessary `unsafe` block

warning: unnecessary `unsafe` block
  --> tests/test_ffi_core_only.rs:94:9
   |
94 |         unsafe {
   |         ^^^^^^ unnecessary `unsafe` block

warning: unnecessary `unsafe` block
   --> tests/test_ffi_core_only.rs:127:9
    |
127 |         unsafe {
    |         ^^^^^^ unnecessary `unsafe` block

warning: unnecessary `unsafe` block
   --> tests/test_ffi_core_only.rs:171:9
    |
171 |         unsafe {
    |         ^^^^^^ unnecessary `unsafe` block

warning: unnecessary `unsafe` block
   --> tests/test_ffi_core_only.rs:193:9
    |
193 |         unsafe {
    |         ^^^^^^ unnecessary `unsafe` block

warning: `reactive-tui` (test "test_ffi_core_only") generated 7 warnings
warning: unnecessary `unsafe` block
  --> tests/test_ffi_integration.rs:10:9
   |
10 |         unsafe {
   |         ^^^^^^ unnecessary `unsafe` block
   |
   = note: `#[warn(unused_unsafe)]` (part of `#[warn(unused)]`) on by default

warning: unnecessary `unsafe` block
  --> tests/test_ffi_integration.rs:60:9
   |
60 |         unsafe {
   |         ^^^^^^ unnecessary `unsafe` block

warning: unnecessary `unsafe` block
   --> tests/test_ffi_integration.rs:115:9
    |
115 |         unsafe {
    |         ^^^^^^ unnecessary `unsafe` block

warning: unnecessary `unsafe` block
   --> tests/test_ffi_integration.rs:150:9
    |
150 |         unsafe {
    |         ^^^^^^ unnecessary `unsafe` block

warning: unnecessary `unsafe` block
   --> tests/test_ffi_integration.rs:172:9
    |
172 |         unsafe {
    |         ^^^^^^ unnecessary `unsafe` block

warning: `reactive-tui` (test "test_ffi_integration") generated 5 warnings
warning: `reactive-tui` (lib test) generated 6 warnings (6 duplicates)
    Finished `dev` profile [unoptimized + debuginfo] target(s) in 7.66s

running 2 tests
test fast_color_paths_preserve_scalar_results ... ok
test async_fps_preserves_state_without_a_tokio_runtime ... ok

test result: ok. 2 passed; 0 failed; 0 ignored; 0 measured; 0 filtered out; finished in 0.00s

    Compiling reactive-tui v0.0.7 (/home/shawn/workspace2/reactive-tui)
warning: ambiguous glob re-exports
  --> src/ffi/mod.rs:85:9
   |
85 | pub use pointer::*;
   |         ^^^^^^^^^^ the name `validate_pointer` in the value namespace is first re-exported here
...
90 | pub use types::*;
   |         -------- but the name `validate_pointer` in the value namespace is also re-exported here
   |
   = note: `#[warn(ambiguous_glob_reexports)]` on by default

warning: unused variable: `width`
  --> src/ffi/lib.rs:85:14
   |
85 |         let (width, height) = renderer_box.dims();
   |              ^^^^^ help: if this is intentional, prefix it with an underscore: `_width`
   |
   = note: `#[warn(unused_variables)]` (part of `#[warn(unused)]`) on by default

warning: function `validate_pointer` is never used
   --> src/ffi/types.rs:182:15
    |
182 | pub(crate) fn validate_pointer<T>(ptr: *const T) -> bool {
    |               ^^^^^^^^^^^^^^^^
    |
    = note: `#[warn(dead_code)]` (part of `#[warn(unused)]`) on by default

warning: function `validate_mut_pointer` is never used
   --> src/ffi/types.rs:187:15
    |
187 | pub(crate) fn validate_mut_pointer<T>(ptr: *mut T) -> bool {
    |               ^^^^^^^^^^^^^^^^^^^^

warning: function `safe_cast` is never used
   --> src/ffi/types.rs:192:22
    |
192 | pub(crate) unsafe fn safe_cast<T, U>(ptr: *mut T) -> Result<*mut U, ReactiveError> {
    |                      ^^^^^^^^^

warning: function `safe_cast_const` is never used
   --> src/ffi/types.rs:206:22
    |
206 | pub(crate) unsafe fn safe_cast_const<T, U>(ptr: *const T) -> Result<*const U, ReactiveError> {
    |                      ^^^^^^^^^^^^^^^

warning: `reactive-tui` (lib) generated 6 warnings (run `cargo fix --lib -p reactive-tui` to apply 1 suggestion)
    Finished `test` profile [unoptimized + debuginfo] target(s) in 16.13s
     Running tests/api_feature_configurations.rs (target/debug/deps/api_feature_configurations-0e64044e86b41d37)

Feature configuration: --no-default-features --features embedded-terminal
   Compiling proc-macro2-diagnostics v0.10.1
   Compiling reactive-tui v0.0.7 (/home/shawn/workspace2/reactive-tui)
   Compiling int-enum v1.2.0
    Checking libghostty-vt v0.2.1 (https://github.com/Uzaaft/libghostty-rs?rev=5988a0b78b4aa804d1c12e66bbfe662bd97d81c0#5988a0b7)
    Finished `dev` profile [unoptimized + debuginfo] target(s) in 10.73s

running 2 tests
test async_fps_preserves_state_without_a_tokio_runtime ... ok
test fast_color_paths_preserve_scalar_results ... ok

test result: ok. 2 passed; 0 failed; 0 ignored; 0 measured; 0 filtered out; finished in 0.00s

    Compiling reactive-tui v0.0.7 (/home/shawn/workspace2/reactive-tui)
    Finished `test` profile [unoptimized + debuginfo] target(s) in 20.46s
     Running tests/api_feature_configurations.rs (target/debug/deps/api_feature_configurations-c19d8591c7dadc64)

Feature configuration: --no-default-features --features tokio,tokio-util,debug,debug_patches,async-capabilities,ffi,embedded-terminal
   Compiling reactive-tui v0.0.7 (/home/shawn/workspace2/reactive-tui)
    Checking tokio-util v0.7.16
warning: ambiguous glob re-exports
  --> src/ffi/mod.rs:85:9
   |
85 | pub use pointer::*;
   |         ^^^^^^^^^^ the name `validate_pointer` in the value namespace is first re-exported here
...
90 | pub use types::*;
   |         -------- but the name `validate_pointer` in the value namespace is also re-exported here
   |
   = note: `#[warn(ambiguous_glob_reexports)]` on by default

warning: unused variable: `width`
  --> src/ffi/lib.rs:85:14
   |
85 |         let (width, height) = renderer_box.dims();
   |              ^^^^^ help: if this is intentional, prefix it with an underscore: `_width`
   |
   = note: `#[warn(unused_variables)]` (part of `#[warn(unused)]`) on by default

warning: function `validate_pointer` is never used
   --> src/ffi/types.rs:182:15
    |
182 | pub(crate) fn validate_pointer<T>(ptr: *const T) -> bool {
    |               ^^^^^^^^^^^^^^^^
    |
    = note: `#[warn(dead_code)]` (part of `#[warn(unused)]`) on by default

warning: function `validate_mut_pointer` is never used
   --> src/ffi/types.rs:187:15
    |
187 | pub(crate) fn validate_mut_pointer<T>(ptr: *mut T) -> bool {
    |               ^^^^^^^^^^^^^^^^^^^^

warning: function `safe_cast` is never used
   --> src/ffi/types.rs:192:22
    |
192 | pub(crate) unsafe fn safe_cast<T, U>(ptr: *mut T) -> Result<*mut U, ReactiveError> {
    |                      ^^^^^^^^^

warning: function `safe_cast_const` is never used
   --> src/ffi/types.rs:206:22
    |
206 | pub(crate) unsafe fn safe_cast_const<T, U>(ptr: *const T) -> Result<*const U, ReactiveError> {
    |                      ^^^^^^^^^^^^^^^

warning: `reactive-tui` (lib) generated 6 warnings (run `cargo fix --lib -p reactive-tui` to apply 1 suggestion)
warning: unnecessary `unsafe` block
  --> tests/test_ffi_core_only.rs:10:9
   |
10 |         unsafe {
   |         ^^^^^^ unnecessary `unsafe` block
   |
   = note: `#[warn(unused_unsafe)]` (part of `#[warn(unused)]`) on by default

warning: unnecessary `unsafe` block
  --> tests/test_ffi_core_only.rs:24:9
   |
24 |         unsafe {
   |         ^^^^^^ unnecessary `unsafe` block

warning: unnecessary `unsafe` block
  --> tests/test_ffi_core_only.rs:67:9
   |
67 |         unsafe {
   |         ^^^^^^ unnecessary `unsafe` block

warning: unnecessary `unsafe` block
  --> tests/test_ffi_core_only.rs:94:9
   |
94 |         unsafe {
   |         ^^^^^^ unnecessary `unsafe` block

warning: unnecessary `unsafe` block
   --> tests/test_ffi_core_only.rs:127:9
    |
127 |         unsafe {
    |         ^^^^^^ unnecessary `unsafe` block

warning: unnecessary `unsafe` block
   --> tests/test_ffi_core_only.rs:171:9
    |
171 |         unsafe {
    |         ^^^^^^ unnecessary `unsafe` block

warning: unnecessary `unsafe` block
   --> tests/test_ffi_core_only.rs:193:9
    |
193 |         unsafe {
    |         ^^^^^^ unnecessary `unsafe` block

warning: `reactive-tui` (test "test_ffi_core_only") generated 7 warnings
warning: unnecessary `unsafe` block
  --> tests/test_ffi_integration.rs:10:9
   |
10 |         unsafe {
   |         ^^^^^^ unnecessary `unsafe` block
   |
   = note: `#[warn(unused_unsafe)]` (part of `#[warn(unused)]`) on by default

warning: unnecessary `unsafe` block
  --> tests/test_ffi_integration.rs:60:9
   |
60 |         unsafe {
   |         ^^^^^^ unnecessary `unsafe` block

warning: unnecessary `unsafe` block
   --> tests/test_ffi_integration.rs:115:9
    |
115 |         unsafe {
    |         ^^^^^^ unnecessary `unsafe` block

warning: unnecessary `unsafe` block
   --> tests/test_ffi_integration.rs:150:9
    |
150 |         unsafe {
    |         ^^^^^^ unnecessary `unsafe` block

warning: unnecessary `unsafe` block
   --> tests/test_ffi_integration.rs:172:9
    |
172 |         unsafe {
    |         ^^^^^^ unnecessary `unsafe` block

warning: `reactive-tui` (test "test_ffi_integration") generated 5 warnings
warning: `reactive-tui` (lib test) generated 6 warnings (6 duplicates)
    Finished `dev` profile [unoptimized + debuginfo] target(s) in 11.00s

running 2 tests
test async_fps_preserves_state_without_a_tokio_runtime ... ok
test fast_color_paths_preserve_scalar_results ... ok

test result: ok. 2 passed; 0 failed; 0 ignored; 0 measured; 0 filtered out; finished in 0.00s

     Blocking waiting for file lock on package cache
   Compiling tokio-util v0.7.16
   Compiling reactive-tui v0.0.7 (/home/shawn/workspace2/reactive-tui)
warning: ambiguous glob re-exports
  --> src/ffi/mod.rs:85:9
   |
85 | pub use pointer::*;
   |         ^^^^^^^^^^ the name `validate_pointer` in the value namespace is first re-exported here
...
90 | pub use types::*;
   |         -------- but the name `validate_pointer` in the value namespace is also re-exported here
   |
   = note: `#[warn(ambiguous_glob_reexports)]` on by default

warning: unused variable: `width`
  --> src/ffi/lib.rs:85:14
   |
85 |         let (width, height) = renderer_box.dims();
   |              ^^^^^ help: if this is intentional, prefix it with an underscore: `_width`
   |
   = note: `#[warn(unused_variables)]` (part of `#[warn(unused)]`) on by default

warning: function `validate_pointer` is never used
   --> src/ffi/types.rs:182:15
    |
182 | pub(crate) fn validate_pointer<T>(ptr: *const T) -> bool {
    |               ^^^^^^^^^^^^^^^^
    |
    = note: `#[warn(dead_code)]` (part of `#[warn(unused)]`) on by default

warning: function `validate_mut_pointer` is never used
   --> src/ffi/types.rs:187:15
    |
187 | pub(crate) fn validate_mut_pointer<T>(ptr: *mut T) -> bool {
    |               ^^^^^^^^^^^^^^^^^^^^

warning: function `safe_cast` is never used
   --> src/ffi/types.rs:192:22
    |
192 | pub(crate) unsafe fn safe_cast<T, U>(ptr: *mut T) -> Result<*mut U, ReactiveError> {
    |                      ^^^^^^^^^

warning: function `safe_cast_const` is never used
   --> src/ffi/types.rs:206:22
    |
206 | pub(crate) unsafe fn safe_cast_const<T, U>(ptr: *const T) -> Result<*const U, ReactiveError> {
    |                      ^^^^^^^^^^^^^^^

warning: `reactive-tui` (lib) generated 6 warnings (run `cargo fix --lib -p reactive-tui` to apply 1 suggestion)
    Finished `test` profile [unoptimized + debuginfo] target(s) in 26.63s
     Running tests/api_feature_configurations.rs (target/debug/deps/api_feature_configurations-c90c3805a3952b57)

Feature configuration: +nightly --no-default-features --features simd
   Compiling proc-macro2 v1.0.101
   Compiling unicode-ident v1.0.18
    Checking cfg-if v1.0.3
   Compiling libc v0.2.189
   Compiling autocfg v1.5.0
   Compiling serde_core v1.0.229
   Compiling serde v1.0.229
    Checking bitflags v2.11.0
   Compiling rustix v1.1.4
   Compiling crossbeam-utils v0.8.21
    Checking memchr v2.7.5
    Checking linux-raw-sys v0.12.1
    Checking once_cell v1.21.3
    Checking pin-project-lite v0.2.16
   Compiling winnow v1.0.4
    Checking futures-core v0.3.31
   Compiling equivalent v1.0.2
   Compiling hashbrown v0.17.1
   Compiling quote v1.0.40
   Compiling toml_datetime v1.1.1+spec-1.1.0
   Compiling getrandom v0.3.3
    Checking parking v2.2.1
    Checking futures-io v0.3.31
   Compiling syn v2.0.106
   Compiling syn v3.0.5
   Compiling indexmap v2.14.2
   Compiling toml_parser v1.1.3+spec-1.1.0
   Compiling num-traits v0.2.19
    Checking fastrand v2.3.0
    Checking slab v0.4.11
    Checking simd-adler32 v0.3.7
   Compiling toml_edit v0.25.13+spec-1.1.0
    Checking arrayvec v0.7.6
    Checking event-listener v5.4.2
    Checking concurrent-queue v2.5.0
    Checking crossbeam-epoch v0.9.18
   Compiling endi v1.1.1
    Checking either v1.15.0
   Compiling proc-macro-crate v3.5.0
   Compiling rayon-core v1.13.0
   Compiling enumflags2_derive v0.7.12
    Checking event-listener-strategy v0.5.4
    Checking crossbeam-deque v0.8.6
    Checking futures-lite v2.6.1
   Compiling serde_derive v1.0.229
    Checking signal-hook-registry v1.4.6
    Checking log v0.4.27
    Checking adler2 v2.0.1
   Compiling crc32fast v1.5.0
    Checking smallvec v1.15.1
   Compiling equator-macro v0.4.2
    Checking miniz_oxide v0.8.9
   Compiling async-io v2.6.0
   Compiling thiserror v1.0.69
    Checking itoa v1.0.15
    Checking equator v0.4.2
   Compiling thiserror-impl v1.0.69
    Checking zcheapstr v1.1.0
    Checking enumflags2 v0.7.12
    Checking zvariant_utils v4.2.0
    Checking polling v3.11.0
    Checking num-integer v0.1.46
    Checking regex-syntax v0.8.6
   Compiling anyhow v1.0.99
    Checking async-task v4.7.1
   Compiling shlex v1.3.0
   Compiling zvariant_derive v5.15.0
    Checking num-bigint v0.4.6
   Compiling cc v1.2.34
    Checking aligned-vec v0.6.4
    Checking flate2 v1.1.2
   Compiling zvariant v5.15.0
    Checking uuid v1.18.1
    Checking rayon v1.11.0
    Checking async-channel v2.5.0
    Checking aho-corasick v1.1.3
    Checking half v2.6.0
   Compiling lock_api v0.4.13
   Compiling ident_case v1.0.1
    Checking foldhash v0.2.0
   Compiling pkg-config v0.3.32
    Checking zbus_names v4.3.4
   Compiling built v0.7.7
   Compiling paste v1.0.15
    Checking minimal-lexical v0.2.1
   Compiling serde_json v1.0.143
    Checking atomic-waker v1.1.2
   Compiling version_check v0.9.5
    Checking utf8parse v0.2.2
   Compiling parking_lot_core v0.9.11
   Compiling io-lifetimes v2.0.4
   Compiling io-lifetimes v3.0.1
   Compiling strsim v0.11.1
   Compiling fnv v1.0.7
    Checking nom v7.1.3
    Checking piper v0.2.5
    Checking anstyle-parse v0.2.7
   Compiling zbus_xml v5.2.1
   Compiling rav1e v0.7.1
   Compiling slotmap v1.0.7
   Compiling darling_core v0.21.3
   Compiling onig_sys v69.9.1
    Checking regex-automata v0.4.10
    Checking num-rational v0.4.2
    Checking async-signal v0.2.14
    Checking v_frame v0.3.9
    Checking async-lock v3.4.2
   Compiling profiling-procmacros v1.0.17
   Compiling tracing-attributes v0.1.31
    Checking tracing-core v0.1.36
    Checking bitflags v1.3.2
    Checking new_debug_unreachable v1.0.6
   Compiling prettyplease v0.2.37
    Checking futures-sink v0.3.31
   Compiling rustversion v1.0.22
    Checking ryu v1.0.20
   Compiling io-extras v0.19.0
    Checking colorchoice v1.0.4
    Checking powerfmt v0.2.0
    Checking anstyle v1.0.11
    Checking anstyle-query v1.1.4
    Checking scopeguard v1.2.0
    Checking is_terminal_polyfill v1.70.1
    Checking futures-channel v0.3.31
    Checking deranged v0.4.0
   Compiling darling_macro v0.21.3
    Checking async-process v2.5.0
    Checking tracing v0.1.44
    Checking av1-grain v0.2.4
    Checking anstream v0.6.20
    Checking regex v1.11.2
    Checking profiling v1.0.17
   Compiling zbus-lockstep v0.5.2
    Checking blocking v1.7.0
   Compiling zbus_macros v5.19.0
    Checking maybe-rayon v0.1.1
    Checking async-executor v1.14.0
    Checking async-broadcast v0.7.2
    Checking itertools v0.12.1
   Compiling async-trait v0.1.92
   Compiling serde_repr v0.1.21
   Compiling async-recursion v1.1.1
   Compiling futures-macro v0.3.31
   Compiling arg_enum_proc_macro v0.3.4
   Compiling num-derive v0.4.2
    Checking terminal_size v0.4.3
   Compiling simd_helpers v0.1.0
    Checking ordered-stream v0.2.0
   Compiling siphasher v1.0.1
    Checking pin-utils v0.1.0
    Checking imgref v1.11.0
    Checking quick-error v2.0.1
   Compiling noop_proc_macro v0.3.0
    Checking bitstream-io v2.6.0
   Compiling signal-hook v0.3.18
    Checking num-conv v0.1.0
   Compiling zerocopy v0.8.26
    Checking clap_lex v0.7.5
    Checking time-core v0.1.4
    Checking same-file v1.0.6
    Checking futures-task v0.3.31
    Checking hex v0.4.3
    Checking weezl v0.1.10
    Checking tinyvec_macros v0.1.1
   Compiling cap-primitives v4.0.3
   Compiling heck v0.5.0
   Compiling unicode-segmentation v1.13.3
    Checking bit-vec v0.6.3
    Checking tinyvec v1.10.0
    Checking zbus v5.19.0
    Checking futures-util v0.3.31
   Compiling clap_derive v4.5.45
   Compiling convert_case v0.7.1
    Checking time v0.3.41
    Checking walkdir v2.5.0
    Checking bit-set v0.5.3
    Checking clap_builder v4.5.46
    Checking loop9 v0.1.5
   Compiling phf_shared v0.14.0
   Compiling zbus-lockstep-macros v0.5.2
    Checking parking_lot v0.12.4
    Checking fs-set-times v0.20.3
   Compiling darling v0.21.3
    Checking avif-serialize v0.8.6
    Checking rustix-linux-procfs v0.1.1
    Checking zune-inflate v0.2.54
    Checking fdeflate v0.3.7
    Checking rand_core v0.9.3
    Checking quick-xml v0.38.3
    Checking ipnet v2.12.2
    Checking color_quant v1.1.0
    Checking bit_field v0.10.3
    Checking rgb v0.8.52
    Checking bytemuck v1.23.2
    Checking lebe v0.5.2
    Checking jpeg-decoder v0.3.2
    Checking linked-hash-map v0.5.6
   Compiling cap-std v4.0.3
    Checking static_assertions v1.1.0
    Checking byteorder-lite v0.1.0
    Checking maybe-owned v0.3.4
    Checking zune-core v0.4.12
    Checking ambient-authority v0.0.2
    Checking base64 v0.22.1
    Checking tiff v0.9.1
    Checking image-webp v0.2.4
    Checking yaml-rust v0.4.5
    Checking atspi-common v0.13.0
    Checking zune-jpeg v0.4.20
    Checking plist v1.7.4
    Checking qoi v0.4.1
    Checking exr v1.73.0
    Checking ravif v0.11.20
   Compiling phf_generator v0.14.0
    Checking gif v0.13.3
    Checking png v0.17.16
   Compiling bon-macros v3.7.1
    Checking clap v4.5.46
    Checking fancy-regex v0.11.0
    Checking unicode-normalization v0.1.24
   Compiling derive_more-impl v2.0.1
    Checking bincode v1.3.3
    Checking mio v1.0.4
    Checking tempfile v3.21.0
    Checking plotters-backend v0.3.7
    Checking deunicode v1.6.2
    Checking ciborium-io v0.2.2
   Compiling litrs v0.4.2
   Compiling cap-fs-ext v4.0.3
    Checking foldhash v0.1.5
    Checking option-ext v0.2.0
    Checking allocator-api2 v0.2.21
    Checking ppv-lite86 v0.2.21
    Checking slug v0.1.6
    Checking plotters-svg v0.3.7
    Checking ciborium-ll v0.2.2
    Checking signal-hook-mio v0.2.4
    Checking dirs-sys v0.4.1
    Checking caseless v0.2.2
    Checking image v0.25.6
    Checking hashbrown v0.15.5
    Checking derive_more v2.0.1
    Checking bon v3.7.1
   Compiling document-features v0.2.11
    Checking atspi-proxies v0.13.0
   Compiling phf_macros v0.14.0
    Checking taffy v0.13.0
    Checking futures-executor v0.3.31
    Checking phf_shared v0.11.3
    Checking accesskit v0.25.0
    Checking itertools v0.10.5
    Checking vte v0.14.1
    Checking vte v0.15.0
    Checking wait-timeout v0.2.1
   Compiling reactive-tui v0.0.7 (/home/shawn/workspace2/reactive-tui)
    Checking lazy_static v1.5.0
    Checking unicode_categories v0.1.1
    Checking entities v1.0.1
    Checking sdd v3.0.10
    Checking cast v0.3.0
    Checking typed-arena v2.0.2
    Checking unicode-properties v0.1.4
    Checking shell-words v1.1.0
    Checking precomputed-hash v0.1.1
    Checking bit-vec v0.8.0
    Checking grid v0.18.0
    Checking xdg v2.5.2
    Checking unicode-width v0.2.1
    Checking quick-error v1.2.3
    Checking string_cache v0.8.9
    Checking suprtui v0.1.0 (/home/shawn/workspace2/reactive-tui/src/backend/engine)
    Checking bit-set v0.8.0
    Checking taffy v0.9.1
    Checking scc v2.4.0
    Checking rusty-fork v0.3.0
    Checking vt100 v0.16.2
    Checking criterion-plot v0.5.0
    Checking accesskit_consumer v0.39.0
    Checking atspi v0.29.0
    Checking phf v0.14.0
    Checking futures v0.3.31
    Checking lru v0.16.0
    Checking crossterm v0.29.0
    Checking ciborium v0.2.2
    Checking dirs v5.0.1
    Checking rand_chacha v0.9.0
    Checking plotters v0.3.7
    Checking rand_xorshift v0.4.0
    Checking rand v0.9.2
    Checking tinytemplate v1.2.1
   Compiling reactive-tui-macros v0.1.0 (/home/shawn/workspace2/reactive-tui/reactive-tui-macros)
   Compiling serial_test_derive v3.2.0
    Checking is-terminal v0.4.16
    Checking atty v0.2.14
    Checking anes v0.1.6
    Checking unarray v0.1.4
    Checking oorandom v11.1.5
    Checking serial_test v3.2.0
    Checking criterion v0.5.1
    Checking proptest v1.7.0
    Checking onig v6.5.1
    Checking syntect v5.2.0
    Checking comrak v0.41.0
warning: unused attribute
   --> src/layout/css/optimizer.rs:583:1
    |
583 | #[path = "optimizer_test.rs"]
    | ^^^^^^^^^^^^^^^^^^^^^^^^^^^^^ help: remove this attribute
    |
    = note: `#[path]` is unused on this inline module
    = note: `#[warn(unused_attributes)]` (part of `#[warn(unused)]`) on by default

warning: use of deprecated method `std::sync::atomic::Atomic::<usize>::fetch_update`: renamed to `try_update` for consistency
   --> src/hooks/animation.rs:169:14
    |
169 |             .fetch_update(Ordering::Relaxed, Ordering::Relaxed, |id| id.checked_add(1))
    |              ^^^^^^^^^^^^
    |
    = note: `#[warn(deprecated)]` on by default
help: replace the use of the deprecated method
    |
169 -             .fetch_update(Ordering::Relaxed, Ordering::Relaxed, |id| id.checked_add(1))
169 +             .try_update(Ordering::Relaxed, Ordering::Relaxed, |id| id.checked_add(1))
    |

warning: falling back to `f32` as the trait bound `f32: From<f64>` is not satisfied
    --> src/layout/style.rs:1507:83
     |
1507 |                 .map(|_| GridTemplateComponent::from(TrackSizingFunction::from_fr(1.0)))
     |                                                                                   ^^^ help: explicitly specify the type as `f32`: `1.0_f32`
     |
     = warning: this was previously accepted by the compiler but is being phased out; it will become a hard error in a future release!
     = note: for more information, see issue #154024 <https://github.com/rust-lang/rust/issues/154024>
     = note: `#[warn(float_literal_f32_fallback)]` (part of `#[warn(future_incompatible)]`) on by default

warning: falling back to `f32` as the trait bound `f32: From<f64>` is not satisfied
    --> src/layout/style.rs:1513:83
     |
1513 |                 .map(|_| GridTemplateComponent::from(TrackSizingFunction::from_fr(1.0)))
     |                                                                                   ^^^ help: explicitly specify the type as `f32`: `1.0_f32`
     |
     = warning: this was previously accepted by the compiler but is being phased out; it will become a hard error in a future release!
     = note: for more information, see issue #154024 <https://github.com/rust-lang/rust/issues/154024>

warning: use of deprecated method `std::sync::atomic::Atomic::<u32>::fetch_update`: renamed to `try_update` for consistency
   --> src/widgets/display/image/protocol_renderer.rs:238:14
    |
238 |             .fetch_update(Ordering::Relaxed, Ordering::Relaxed, |id| {
    |              ^^^^^^^^^^^^
    |
help: replace the use of the deprecated method
    |
238 -             .fetch_update(Ordering::Relaxed, Ordering::Relaxed, |id| {
238 +             .try_update(Ordering::Relaxed, Ordering::Relaxed, |id| {
    |

warning: `reactive-tui` (lib) generated 4 warnings (run `cargo fix --lib -p reactive-tui` to apply 4 suggestions)
warning: use of deprecated method `std::sync::atomic::Atomic::<usize>::fetch_update`: renamed to `try_update` for consistency
   --> tests/api_focus.rs:216:22
    |
216 |                     .fetch_update(Ordering::SeqCst, Ordering::SeqCst, |n| {
    |                      ^^^^^^^^^^^^
    |
    = note: `#[warn(deprecated)]` on by default
help: replace the use of the deprecated method
    |
216 -                     .fetch_update(Ordering::SeqCst, Ordering::SeqCst, |n| {
216 +                     .try_update(Ordering::SeqCst, Ordering::SeqCst, |n| {
    |

warning: `reactive-tui` (test "api_focus") generated 1 warning (run `cargo fix --test "api_focus" -p reactive-tui` to apply 1 suggestion)
warning: `reactive-tui` (lib test) generated 5 warnings (4 duplicates) (run `cargo fix --lib -p reactive-tui --tests` to apply 1 suggestion)
    Finished `dev` profile [unoptimized + debuginfo] target(s) in 1m 25s

running 3 tests
test fast_color_paths_preserve_scalar_results ... ok
test async_fps_preserves_state_without_a_tokio_runtime ... ok
test simd_alpha_operations_preserve_channels ... ok

test result: ok. 3 passed; 0 failed; 0 ignored; 0 measured; 0 filtered out; finished in 0.00s

    Compiling unicode-ident v1.0.18
   Compiling cfg-if v1.0.3
   Compiling bitflags v2.11.0
   Compiling equivalent v1.0.2
   Compiling libc v0.2.189
   Compiling serde_core v1.0.229
   Compiling memchr v2.7.5
   Compiling linux-raw-sys v0.12.1
   Compiling crossbeam-utils v0.8.21
   Compiling once_cell v1.21.3
   Compiling proc-macro2 v1.0.101
   Compiling pin-project-lite v0.2.16
   Compiling winnow v1.0.4
   Compiling futures-core v0.3.31
   Compiling indexmap v2.14.2
   Compiling futures-io v0.3.31
   Compiling rustix v1.1.4
   Compiling parking v2.2.1
   Compiling quote v1.0.40
   Compiling getrandom v0.3.3
   Compiling endi v1.1.1
   Compiling fastrand v2.3.0
   Compiling syn v2.0.106
   Compiling syn v3.0.5
   Compiling toml_parser v1.1.3+spec-1.1.0
   Compiling slab v0.4.11
   Compiling simd-adler32 v0.3.7
   Compiling num-traits v0.2.19
   Compiling arrayvec v0.7.6
   Compiling event-listener v5.4.2
   Compiling concurrent-queue v2.5.0
   Compiling toml_edit v0.25.13+spec-1.1.0
   Compiling crossbeam-epoch v0.9.18
   Compiling either v1.15.0
   Compiling futures-lite v2.6.1
   Compiling event-listener-strategy v0.5.4
   Compiling signal-hook-registry v1.4.6
   Compiling fnv v1.0.7
   Compiling crossbeam-deque v0.8.6
   Compiling proc-macro-crate v3.5.0
   Compiling serde_derive v1.0.229
   Compiling enumflags2_derive v0.7.12
   Compiling strsim v0.11.1
   Compiling adler2 v2.0.1
   Compiling log v0.4.27
   Compiling smallvec v1.15.1
   Compiling equator-macro v0.4.2
   Compiling rayon-core v1.13.0
   Compiling itoa v1.0.15
   Compiling serde v1.0.229
   Compiling miniz_oxide v0.8.9
   Compiling equator v0.4.2
   Compiling crc32fast v1.5.0
   Compiling thiserror-impl v1.0.69
   Compiling num-integer v0.1.46
   Compiling zvariant_utils v4.2.0
   Compiling enumflags2 v0.7.12
   Compiling zcheapstr v1.1.0
   Compiling polling v3.11.0
   Compiling async-task v4.7.1
   Compiling regex-syntax v0.8.6
   Compiling siphasher v1.0.1
   Compiling num-bigint v0.4.6
   Compiling aligned-vec v0.6.4
   Compiling zvariant_derive v5.15.0
   Compiling zvariant v5.15.0
   Compiling async-io v2.6.0
   Compiling flate2 v1.1.2
   Compiling rayon v1.11.0
   Compiling uuid v1.18.1
   Compiling thiserror v1.0.69
   Compiling async-channel v2.5.0
   Compiling aho-corasick v1.1.3
   Compiling half v2.6.0
   Compiling atomic-waker v1.1.2
   Compiling foldhash v0.2.0
   Compiling zbus_names v4.3.4
   Compiling minimal-lexical v0.2.1
   Compiling utf8parse v0.2.2
   Compiling hashbrown v0.17.1
   Compiling piper v0.2.5
   Compiling darling_core v0.21.3
   Compiling regex-automata v0.4.10
   Compiling anstyle-parse v0.2.7
   Compiling nom v7.1.3
   Compiling num-rational v0.4.2
   Compiling zbus_xml v5.2.1
   Compiling async-signal v0.2.14
   Compiling v_frame v0.3.9
   Compiling anyhow v1.0.99
   Compiling profiling-procmacros v1.0.17
   Compiling tracing-attributes v0.1.31
   Compiling async-lock v3.4.2
   Compiling tracing-core v0.1.36
   Compiling new_debug_unreachable v1.0.6
   Compiling unicode-segmentation v1.13.3
   Compiling is_terminal_polyfill v1.70.1
   Compiling colorchoice v1.0.4
   Compiling ryu v1.0.20
   Compiling powerfmt v0.2.0
   Compiling anstyle v1.0.11
   Compiling bitflags v1.3.2
   Compiling anstyle-query v1.1.4
   Compiling futures-sink v0.3.31
   Compiling scopeguard v1.2.0
   Compiling tracing v0.1.44
   Compiling serde_json v1.0.143
   Compiling deranged v0.4.0
   Compiling futures-channel v0.3.31
   Compiling anstream v0.6.20
   Compiling async-process v2.5.0
   Compiling lock_api v0.4.13
   Compiling regex v1.11.2
   Compiling av1-grain v0.2.4
   Compiling zbus-lockstep v0.5.2
   Compiling profiling v1.0.17
   Compiling darling_macro v0.21.3
   Compiling zbus_macros v5.19.0
   Compiling parking_lot_core v0.9.11
   Compiling blocking v1.7.0
   Compiling io-lifetimes v3.0.1
   Compiling io-lifetimes v2.0.4
   Compiling maybe-rayon v0.1.1
   Compiling async-executor v1.14.0
   Compiling num-derive v0.4.2
   Compiling futures-macro v0.3.31
   Compiling arg_enum_proc_macro v0.3.4
   Compiling async-recursion v1.1.1
   Compiling async-trait v0.1.92
   Compiling serde_repr v0.1.21
   Compiling async-broadcast v0.7.2
   Compiling itertools v0.12.1
   Compiling terminal_size v0.4.3
   Compiling simd_helpers v0.1.0
   Compiling ordered-stream v0.2.0
   Compiling bitstream-io v2.6.0
   Compiling hex v0.4.3
   Compiling clap_lex v0.7.5
   Compiling num-conv v0.1.0
   Compiling pin-utils v0.1.0
   Compiling futures-task v0.3.31
   Compiling bit-vec v0.6.3
   Compiling time-core v0.1.4
   Compiling quick-error v2.0.1
   Compiling same-file v1.0.6
   Compiling weezl v0.1.10
   Compiling tinyvec_macros v0.1.1
   Compiling imgref v1.11.0
   Compiling futures-util v0.3.31
   Compiling bit-set v0.5.3
   Compiling time v0.3.41
   Compiling rav1e v0.7.1
   Compiling walkdir v2.5.0
   Compiling tinyvec v1.10.0
   Compiling clap_builder v4.5.46
   Compiling zbus v5.19.0
   Compiling loop9 v0.1.5
   Compiling fs-set-times v0.20.3
   Compiling clap_derive v4.5.45
   Compiling io-extras v0.19.0
   Compiling parking_lot v0.12.4
   Compiling onig_sys v69.9.1
   Compiling zbus-lockstep-macros v0.5.2
   Compiling slotmap v1.0.7
   Compiling darling v0.21.3
   Compiling prettyplease v0.2.37
   Compiling convert_case v0.7.1
   Compiling phf_shared v0.14.0
   Compiling avif-serialize v0.8.6
   Compiling rustix-linux-procfs v0.1.1
   Compiling fdeflate v0.3.7
   Compiling zune-inflate v0.2.54
   Compiling rand_core v0.9.3
   Compiling quick-xml v0.38.3
   Compiling bytemuck v1.23.2
   Compiling ipnet v2.12.2
   Compiling lebe v0.5.2
   Compiling ambient-authority v0.0.2
   Compiling maybe-owned v0.3.4
   Compiling rgb v0.8.52
   Compiling base64 v0.22.1
   Compiling linked-hash-map v0.5.6
   Compiling jpeg-decoder v0.3.2
   Compiling zune-core v0.4.12
   Compiling color_quant v1.1.0
   Compiling byteorder-lite v0.1.0
   Compiling static_assertions v1.1.0
   Compiling bit_field v0.10.3
   Compiling yaml-rust v0.4.5
   Compiling zune-jpeg v0.4.20
   Compiling plist v1.7.4
   Compiling gif v0.13.3
   Compiling tiff v0.9.1
   Compiling image-webp v0.2.4
   Compiling atspi-common v0.13.0
   Compiling exr v1.73.0
   Compiling ravif v0.11.20
   Compiling cap-primitives v4.0.3
   Compiling qoi v0.4.1
   Compiling phf_generator v0.14.0
   Compiling png v0.17.16
   Compiling bon-macros v3.7.1
   Compiling clap v4.5.46
   Compiling derive_more-impl v2.0.1
   Compiling onig v6.5.1
   Compiling signal-hook v0.3.18
   Compiling unicode-normalization v0.1.24
   Compiling fancy-regex v0.11.0
   Compiling zerocopy v0.8.26
   Compiling bincode v1.3.3
   Compiling mio v1.0.4
   Compiling tempfile v3.21.0
   Compiling deunicode v1.6.2
   Compiling foldhash v0.1.5
   Compiling ciborium-io v0.2.2
   Compiling option-ext v0.2.0
   Compiling allocator-api2 v0.2.21
   Compiling plotters-backend v0.3.7
   Compiling slug v0.1.6
   Compiling signal-hook-mio v0.2.4
   Compiling image v0.25.6
   Compiling syntect v5.2.0
   Compiling ciborium-ll v0.2.2
   Compiling ppv-lite86 v0.2.21
   Compiling dirs-sys v0.4.1
   Compiling hashbrown v0.15.5
   Compiling atspi-proxies v0.13.0
   Compiling plotters-svg v0.3.7
   Compiling caseless v0.2.2
   Compiling bon v3.7.1
   Compiling cap-std v4.0.3
   Compiling derive_more v2.0.1
   Compiling phf_macros v0.14.0
   Compiling taffy v0.13.0
   Compiling futures-executor v0.3.31
   Compiling accesskit v0.25.0
   Compiling phf_shared v0.11.3
   Compiling itertools v0.10.5
   Compiling vte v0.15.0
   Compiling vte v0.14.1
   Compiling wait-timeout v0.2.1
   Compiling precomputed-hash v0.1.1
   Compiling entities v1.0.1
   Compiling lazy_static v1.5.0
   Compiling bit-vec v0.8.0
   Compiling unicode-width v0.2.1
   Compiling typed-arena v2.0.2
   Compiling xdg v2.5.2
   Compiling shell-words v1.1.0
   Compiling sdd v3.0.10
   Compiling grid v0.18.0
   Compiling cast v0.3.0
   Compiling quick-error v1.2.3
   Compiling unicode_categories v0.1.1
   Compiling unicode-properties v0.1.4
   Compiling vt100 v0.16.2
   Compiling taffy v0.9.1
   Compiling criterion-plot v0.5.0
   Compiling bit-set v0.8.0
   Compiling scc v2.4.0
   Compiling comrak v0.41.0
   Compiling rusty-fork v0.3.0
   Compiling suprtui v0.1.0 (/home/shawn/workspace2/reactive-tui/src/backend/engine)
   Compiling string_cache v0.8.9
   Compiling accesskit_consumer v0.39.0
   Compiling phf v0.14.0
   Compiling futures v0.3.31
   Compiling atspi v0.29.0
   Compiling cap-fs-ext v4.0.3
   Compiling crossterm v0.29.0
   Compiling lru v0.16.0
   Compiling plotters v0.3.7
   Compiling rand_chacha v0.9.0
   Compiling dirs v5.0.1
   Compiling ciborium v0.2.2
   Compiling rand_xorshift v0.4.0
   Compiling rand v0.9.2
   Compiling tinytemplate v1.2.1
   Compiling reactive-tui-macros v0.1.0 (/home/shawn/workspace2/reactive-tui/reactive-tui-macros)
   Compiling serial_test_derive v3.2.0
   Compiling is-terminal v0.4.16
   Compiling atty v0.2.14
   Compiling unarray v0.1.4
   Compiling oorandom v11.1.5
   Compiling anes v0.1.6
   Compiling serial_test v3.2.0
   Compiling proptest v1.7.0
   Compiling reactive-tui v0.0.7 (/home/shawn/workspace2/reactive-tui)
   Compiling criterion v0.5.1
warning: use of deprecated method `std::sync::atomic::Atomic::<usize>::fetch_update`: renamed to `try_update` for consistency
   --> src/hooks/animation.rs:169:14
    |
169 |             .fetch_update(Ordering::Relaxed, Ordering::Relaxed, |id| id.checked_add(1))
    |              ^^^^^^^^^^^^
    |
    = note: `#[warn(deprecated)]` on by default
help: replace the use of the deprecated method
    |
169 -             .fetch_update(Ordering::Relaxed, Ordering::Relaxed, |id| id.checked_add(1))
169 +             .try_update(Ordering::Relaxed, Ordering::Relaxed, |id| id.checked_add(1))
    |

warning: falling back to `f32` as the trait bound `f32: From<f64>` is not satisfied
    --> src/layout/style.rs:1507:83
     |
1507 |                 .map(|_| GridTemplateComponent::from(TrackSizingFunction::from_fr(1.0)))
     |                                                                                   ^^^ help: explicitly specify the type as `f32`: `1.0_f32`
     |
     = warning: this was previously accepted by the compiler but is being phased out; it will become a hard error in a future release!
     = note: for more information, see issue #154024 <https://github.com/rust-lang/rust/issues/154024>
     = note: `#[warn(float_literal_f32_fallback)]` (part of `#[warn(future_incompatible)]`) on by default

warning: falling back to `f32` as the trait bound `f32: From<f64>` is not satisfied
    --> src/layout/style.rs:1513:83
     |
1513 |                 .map(|_| GridTemplateComponent::from(TrackSizingFunction::from_fr(1.0)))
     |                                                                                   ^^^ help: explicitly specify the type as `f32`: `1.0_f32`
     |
     = warning: this was previously accepted by the compiler but is being phased out; it will become a hard error in a future release!
     = note: for more information, see issue #154024 <https://github.com/rust-lang/rust/issues/154024>

warning: use of deprecated method `std::sync::atomic::Atomic::<u32>::fetch_update`: renamed to `try_update` for consistency
   --> src/widgets/display/image/protocol_renderer.rs:238:14
    |
238 |             .fetch_update(Ordering::Relaxed, Ordering::Relaxed, |id| {
    |              ^^^^^^^^^^^^
    |
help: replace the use of the deprecated method
    |
238 -             .fetch_update(Ordering::Relaxed, Ordering::Relaxed, |id| {
238 +             .try_update(Ordering::Relaxed, Ordering::Relaxed, |id| {
    |

warning: `reactive-tui` (lib) generated 4 warnings (run `cargo fix --lib -p reactive-tui` to apply 4 suggestions)
    Finished `test` profile [unoptimized + debuginfo] target(s) in 1m 12s
     Running tests/api_feature_configurations.rs (target/debug/build/reactive-tui/6b6163aa7497fc89/out/api_feature_configurations-6b6163aa7497fc89)

Feature configuration: +nightly --all-features
    Checking futures-sink v0.3.31
   Compiling proc-macro2-diagnostics v0.10.1
   Compiling libghostty-vt-sys v0.2.1 (https://github.com/Uzaaft/libghostty-rs?rev=5988a0b78b4aa804d1c12e66bbfe662bd97d81c0#5988a0b7)
   Compiling tokio-macros v2.5.0
    Checking socket2 v0.6.0
    Checking bytes v1.10.1
   Compiling reactive-tui v0.0.7 (/home/shawn/workspace2/reactive-tui)
    Checking futures-channel v0.3.31
    Checking tokio v1.47.1
   Compiling int-enum v1.2.0
    Checking futures-util v0.3.31
    Checking futures-executor v0.3.31
    Checking tokio-util v0.7.16
    Checking futures v0.3.31
    Checking serial_test v3.2.0
    Checking libghostty-vt v0.2.1 (https://github.com/Uzaaft/libghostty-rs?rev=5988a0b78b4aa804d1c12e66bbfe662bd97d81c0#5988a0b7)
warning: ambiguous glob re-exports
  --> src/ffi/mod.rs:85:9
   |
85 | pub use pointer::*;
   |         ^^^^^^^^^^ the name `validate_pointer` in the value namespace is first re-exported here
...
90 | pub use types::*;
   |         -------- but the name `validate_pointer` in the value namespace is also re-exported here
   |
   = note: `#[warn(ambiguous_glob_reexports)]` on by default

warning: unused attribute
   --> src/layout/css/optimizer.rs:583:1
    |
583 | #[path = "optimizer_test.rs"]
    | ^^^^^^^^^^^^^^^^^^^^^^^^^^^^^ help: remove this attribute
    |
    = note: `#[path]` is unused on this inline module
    = note: `#[warn(unused_attributes)]` (part of `#[warn(unused)]`) on by default

warning: use of deprecated method `std::sync::atomic::Atomic::<usize>::fetch_update`: renamed to `try_update` for consistency
   --> src/hooks/animation.rs:169:14
    |
169 |             .fetch_update(Ordering::Relaxed, Ordering::Relaxed, |id| id.checked_add(1))
    |              ^^^^^^^^^^^^
    |
    = note: `#[warn(deprecated)]` on by default
help: replace the use of the deprecated method
    |
169 -             .fetch_update(Ordering::Relaxed, Ordering::Relaxed, |id| id.checked_add(1))
169 +             .try_update(Ordering::Relaxed, Ordering::Relaxed, |id| id.checked_add(1))
    |

warning: falling back to `f32` as the trait bound `f32: From<f64>` is not satisfied
    --> src/layout/style.rs:1507:83
     |
1507 |                 .map(|_| GridTemplateComponent::from(TrackSizingFunction::from_fr(1.0)))
     |                                                                                   ^^^ help: explicitly specify the type as `f32`: `1.0_f32`
     |
     = warning: this was previously accepted by the compiler but is being phased out; it will become a hard error in a future release!
     = note: for more information, see issue #154024 <https://github.com/rust-lang/rust/issues/154024>
     = note: `#[warn(float_literal_f32_fallback)]` (part of `#[warn(future_incompatible)]`) on by default

warning: falling back to `f32` as the trait bound `f32: From<f64>` is not satisfied
    --> src/layout/style.rs:1513:83
     |
1513 |                 .map(|_| GridTemplateComponent::from(TrackSizingFunction::from_fr(1.0)))
     |                                                                                   ^^^ help: explicitly specify the type as `f32`: `1.0_f32`
     |
     = warning: this was previously accepted by the compiler but is being phased out; it will become a hard error in a future release!
     = note: for more information, see issue #154024 <https://github.com/rust-lang/rust/issues/154024>

warning: use of deprecated method `std::sync::atomic::Atomic::<u32>::fetch_update`: renamed to `try_update` for consistency
   --> src/widgets/display/image/protocol_renderer.rs:238:14
    |
238 |             .fetch_update(Ordering::Relaxed, Ordering::Relaxed, |id| {
    |              ^^^^^^^^^^^^
    |
help: replace the use of the deprecated method
    |
238 -             .fetch_update(Ordering::Relaxed, Ordering::Relaxed, |id| {
238 +             .try_update(Ordering::Relaxed, Ordering::Relaxed, |id| {
    |

warning: unused variable: `width`
  --> src/ffi/lib.rs:85:14
   |
85 |         let (width, height) = renderer_box.dims();
   |              ^^^^^ help: if this is intentional, prefix it with an underscore: `_width`
   |
   = note: `#[warn(unused_variables)]` (part of `#[warn(unused)]`) on by default

warning: function `validate_pointer` is never used
   --> src/ffi/types.rs:182:15
    |
182 | pub(crate) fn validate_pointer<T>(ptr: *const T) -> bool {
    |               ^^^^^^^^^^^^^^^^
    |
    = note: `#[warn(dead_code)]` (part of `#[warn(unused)]`) on by default

warning: function `validate_mut_pointer` is never used
   --> src/ffi/types.rs:187:15
    |
187 | pub(crate) fn validate_mut_pointer<T>(ptr: *mut T) -> bool {
    |               ^^^^^^^^^^^^^^^^^^^^

warning: function `safe_cast` is never used
   --> src/ffi/types.rs:192:22
    |
192 | pub(crate) unsafe fn safe_cast<T, U>(ptr: *mut T) -> Result<*mut U, ReactiveError> {
    |                      ^^^^^^^^^

warning: function `safe_cast_const` is never used
   --> src/ffi/types.rs:206:22
    |
206 | pub(crate) unsafe fn safe_cast_const<T, U>(ptr: *const T) -> Result<*const U, ReactiveError> {
    |                      ^^^^^^^^^^^^^^^

warning: `reactive-tui` (lib) generated 10 warnings (run `cargo fix --lib -p reactive-tui` to apply 5 suggestions)
warning: unnecessary `unsafe` block
  --> tests/test_ffi_core_only.rs:10:9
   |
10 |         unsafe {
   |         ^^^^^^ unnecessary `unsafe` block
   |
   = note: `#[warn(unused_unsafe)]` (part of `#[warn(unused)]`) on by default

warning: unnecessary `unsafe` block
  --> tests/test_ffi_core_only.rs:24:9
   |
24 |         unsafe {
   |         ^^^^^^ unnecessary `unsafe` block

warning: unnecessary `unsafe` block
  --> tests/test_ffi_core_only.rs:67:9
   |
67 |         unsafe {
   |         ^^^^^^ unnecessary `unsafe` block

warning: unnecessary `unsafe` block
  --> tests/test_ffi_core_only.rs:94:9
   |
94 |         unsafe {
   |         ^^^^^^ unnecessary `unsafe` block

warning: unnecessary `unsafe` block
   --> tests/test_ffi_core_only.rs:127:9
    |
127 |         unsafe {
    |         ^^^^^^ unnecessary `unsafe` block

warning: unnecessary `unsafe` block
   --> tests/test_ffi_core_only.rs:171:9
    |
171 |         unsafe {
    |         ^^^^^^ unnecessary `unsafe` block

warning: unnecessary `unsafe` block
   --> tests/test_ffi_core_only.rs:193:9
    |
193 |         unsafe {
    |         ^^^^^^ unnecessary `unsafe` block

warning: unnecessary `unsafe` block
  --> tests/test_ffi_integration.rs:10:9
   |
10 |         unsafe {
   |         ^^^^^^ unnecessary `unsafe` block
   |
   = note: `#[warn(unused_unsafe)]` (part of `#[warn(unused)]`) on by default

warning: unnecessary `unsafe` block
  --> tests/test_ffi_integration.rs:60:9
   |
60 |         unsafe {
   |         ^^^^^^ unnecessary `unsafe` block

warning: unnecessary `unsafe` block
   --> tests/test_ffi_integration.rs:115:9
    |
115 |         unsafe {
    |         ^^^^^^ unnecessary `unsafe` block

warning: unnecessary `unsafe` block
   --> tests/test_ffi_integration.rs:150:9
    |
150 |         unsafe {
    |         ^^^^^^ unnecessary `unsafe` block

warning: unnecessary `unsafe` block
   --> tests/test_ffi_integration.rs:172:9
    |
172 |         unsafe {
    |         ^^^^^^ unnecessary `unsafe` block

warning: `reactive-tui` (test "test_ffi_core_only") generated 7 warnings
warning: `reactive-tui` (test "test_ffi_integration") generated 5 warnings
warning: use of deprecated method `std::sync::atomic::Atomic::<usize>::fetch_update`: renamed to `try_update` for consistency
   --> tests/api_focus.rs:216:22
    |
216 |                     .fetch_update(Ordering::SeqCst, Ordering::SeqCst, |n| {
    |                      ^^^^^^^^^^^^
    |
    = note: `#[warn(deprecated)]` on by default
help: replace the use of the deprecated method
    |
216 -                     .fetch_update(Ordering::SeqCst, Ordering::SeqCst, |n| {
216 +                     .try_update(Ordering::SeqCst, Ordering::SeqCst, |n| {
    |

warning: `reactive-tui` (test "api_focus") generated 1 warning (run `cargo fix --test "api_focus" -p reactive-tui` to apply 1 suggestion)
warning: `reactive-tui` (lib test) generated 11 warnings (10 duplicates) (run `cargo fix --lib -p reactive-tui --tests` to apply 1 suggestion)
    Finished `dev` profile [unoptimized + debuginfo] target(s) in 39.68s

running 3 tests
test async_fps_preserves_state_without_a_tokio_runtime ... ok
test fast_color_paths_preserve_scalar_results ... ok
test simd_alpha_operations_preserve_channels ... ok

test result: ok. 3 passed; 0 failed; 0 ignored; 0 measured; 0 filtered out; finished in 0.00s

    Compiling futures-sink v0.3.31
   Compiling proc-macro2-diagnostics v0.10.1
   Compiling tokio-macros v2.5.0
   Compiling socket2 v0.6.0
   Compiling bytes v1.10.1
   Compiling libghostty-vt-sys v0.2.1 (https://github.com/Uzaaft/libghostty-rs?rev=5988a0b78b4aa804d1c12e66bbfe662bd97d81c0#5988a0b7)
   Compiling futures-channel v0.3.31
   Compiling int-enum v1.2.0
   Compiling tokio v1.47.1
   Compiling futures-util v0.3.31
   Compiling libghostty-vt v0.2.1 (https://github.com/Uzaaft/libghostty-rs?rev=5988a0b78b4aa804d1c12e66bbfe662bd97d81c0#5988a0b7)
   Compiling futures-executor v0.3.31
   Compiling futures v0.3.31
   Compiling serial_test v3.2.0
   Compiling tokio-util v0.7.16
   Compiling reactive-tui v0.0.7 (/home/shawn/workspace2/reactive-tui)
warning: ambiguous glob re-exports
  --> src/ffi/mod.rs:85:9
   |
85 | pub use pointer::*;
   |         ^^^^^^^^^^ the name `validate_pointer` in the value namespace is first re-exported here
...
90 | pub use types::*;
   |         -------- but the name `validate_pointer` in the value namespace is also re-exported here
   |
   = note: `#[warn(ambiguous_glob_reexports)]` on by default

warning: use of deprecated method `std::sync::atomic::Atomic::<usize>::fetch_update`: renamed to `try_update` for consistency
   --> src/hooks/animation.rs:169:14
    |
169 |             .fetch_update(Ordering::Relaxed, Ordering::Relaxed, |id| id.checked_add(1))
    |              ^^^^^^^^^^^^
    |
    = note: `#[warn(deprecated)]` on by default
help: replace the use of the deprecated method
    |
169 -             .fetch_update(Ordering::Relaxed, Ordering::Relaxed, |id| id.checked_add(1))
169 +             .try_update(Ordering::Relaxed, Ordering::Relaxed, |id| id.checked_add(1))
    |

warning: falling back to `f32` as the trait bound `f32: From<f64>` is not satisfied
    --> src/layout/style.rs:1507:83
     |
1507 |                 .map(|_| GridTemplateComponent::from(TrackSizingFunction::from_fr(1.0)))
     |                                                                                   ^^^ help: explicitly specify the type as `f32`: `1.0_f32`
     |
     = warning: this was previously accepted by the compiler but is being phased out; it will become a hard error in a future release!
     = note: for more information, see issue #154024 <https://github.com/rust-lang/rust/issues/154024>
     = note: `#[warn(float_literal_f32_fallback)]` (part of `#[warn(future_incompatible)]`) on by default

warning: falling back to `f32` as the trait bound `f32: From<f64>` is not satisfied
    --> src/layout/style.rs:1513:83
     |
1513 |                 .map(|_| GridTemplateComponent::from(TrackSizingFunction::from_fr(1.0)))
     |                                                                                   ^^^ help: explicitly specify the type as `f32`: `1.0_f32`
     |
     = warning: this was previously accepted by the compiler but is being phased out; it will become a hard error in a future release!
     = note: for more information, see issue #154024 <https://github.com/rust-lang/rust/issues/154024>

warning: use of deprecated method `std::sync::atomic::Atomic::<u32>::fetch_update`: renamed to `try_update` for consistency
   --> src/widgets/display/image/protocol_renderer.rs:238:14
    |
238 |             .fetch_update(Ordering::Relaxed, Ordering::Relaxed, |id| {
    |              ^^^^^^^^^^^^
    |
help: replace the use of the deprecated method
    |
238 -             .fetch_update(Ordering::Relaxed, Ordering::Relaxed, |id| {
238 +             .try_update(Ordering::Relaxed, Ordering::Relaxed, |id| {
    |

warning: unused variable: `width`
  --> src/ffi/lib.rs:85:14
   |
85 |         let (width, height) = renderer_box.dims();
   |              ^^^^^ help: if this is intentional, prefix it with an underscore: `_width`
   |
   = note: `#[warn(unused_variables)]` (part of `#[warn(unused)]`) on by default

warning: function `validate_pointer` is never used
   --> src/ffi/types.rs:182:15
    |
182 | pub(crate) fn validate_pointer<T>(ptr: *const T) -> bool {
    |               ^^^^^^^^^^^^^^^^
    |
    = note: `#[warn(dead_code)]` (part of `#[warn(unused)]`) on by default

warning: function `validate_mut_pointer` is never used
   --> src/ffi/types.rs:187:15
    |
187 | pub(crate) fn validate_mut_pointer<T>(ptr: *mut T) -> bool {
    |               ^^^^^^^^^^^^^^^^^^^^

warning: function `safe_cast` is never used
   --> src/ffi/types.rs:192:22
    |
192 | pub(crate) unsafe fn safe_cast<T, U>(ptr: *mut T) -> Result<*mut U, ReactiveError> {
    |                      ^^^^^^^^^

warning: function `safe_cast_const` is never used
   --> src/ffi/types.rs:206:22
    |
206 | pub(crate) unsafe fn safe_cast_const<T, U>(ptr: *const T) -> Result<*const U, ReactiveError> {
    |                      ^^^^^^^^^^^^^^^

warning: `reactive-tui` (lib) generated 10 warnings (run `cargo fix --lib -p reactive-tui` to apply 5 suggestions)
    Finished `test` profile [unoptimized + debuginfo] target(s) in 26.62s
     Running tests/api_feature_configurations.rs (target/debug/build/reactive-tui/2774abe6dbf881f6/out/api_feature_configurations-2774abe6dbf881f6)

   Compiling reactive-tui v0.0.7 (/home/shawn/workspace2/reactive-tui)
    Finished `test` profile [unoptimized + debuginfo] target(s) in 21.43s
     Running tests/api_component_expansion.rs (target/debug/deps/api_component_expansion-c5c3407a5bdab583)

running 5 tests
test replacing_component_type_at_a_key_releases_old_state ... ok
test recursive_expansion_fails_with_a_bounded_error ... ok
test duplicate_keys_fail_without_ambiguous_instance_reuse ... ok
test unknown_names_keep_their_container_children_and_plain_text_control_paints ... ok
test nested_components_keep_instances_through_props_reorder_and_removal ... ok

test result: ok. 5 passed; 0 failed; 0 ignored; 0 measured; 0 filtered out; finished in 0.13s

   Compiling reactive-tui v0.0.7 (/home/shawn/workspace2/reactive-tui)
    Finished `test` profile [unoptimized + debuginfo] target(s) in 18.42s
     Running tests/api_component_expansion.rs (target/debug/deps/api_component_expansion-d1cdb6a43de9f91a)

running 5 tests
test nested_components_keep_instances_through_props_reorder_and_removal ... ok
test duplicate_keys_fail_without_ambiguous_instance_reuse ... ok
test recursive_expansion_fails_with_a_bounded_error ... ok
test replacing_component_type_at_a_key_releases_old_state ... ok
test unknown_names_keep_their_container_children_and_plain_text_control_paints ... ok

test result: ok. 5 passed; 0 failed; 0 ignored; 0 measured; 0 filtered out; finished in 0.13s

PASS API-015: feature catalog, independent builds and runtime behavior
