   Compiling reactive-tui v0.0.7 (/home/shawn/workspace2/reactive-tui)
    Finished `test` profile [unoptimized + debuginfo] target(s) in 3.98s
     Running tests/api_widget_behavior.rs (target/debug/deps/api_widget_behavior-66ec4a102f587287)

running 4 tests
test dialog_notification_acceptance::indeterminate_progress_dialog_animates_without_a_false_percentage ... ok
test dialog_notification_acceptance::progress_dialog_cancels_once_from_its_resized_button ... FAILED
test dialog_notification_acceptance::toast_pointer_close_tracks_resize_and_emits_one_callback ... ok
test dialog_notification_acceptance::toast_updates_message_duration_and_callback_without_reconstructing_its_owner ... ok

failures:

---- dialog_notification_acceptance::progress_dialog_cancels_once_from_its_resized_button stdout ----

thread 'dialog_notification_acceptance::progress_dialog_cancels_once_from_its_resized_button' (379986) panicked at tests/support/app_input.rs:172:17:
Click target "Cancel" is not painted:                                 
                                
                                
                                
                                
                                
          ┌─────────────────────
          │    TRANSFER         
          │COPYING              
          │████████████▒▒▒▒▒▒▒▒▒
          │50.0%                
          │                     
note: run with `RUST_BACKTRACE=1` environment variable to display a backtrace


failures:
    dialog_notification_acceptance::progress_dialog_cancels_once_from_its_resized_button

test result: FAILED. 3 passed; 1 failed; 0 ignored; 0 measured; 386 filtered out; finished in 1.37s

error: test failed, to rerun pass `--test api_widget_behavior`
