   Compiling reactive-tui v0.0.7 (/home/shawn/workspace2/reactive-tui)
    Finished `test` profile [unoptimized + debuginfo] target(s) in 14.62s
     Running unittests src/lib.rs (target/debug/deps/reactive_tui-8db3a30746e1a23f)

running 2 tests

thread 'widgets::display::image::tests::api_image_empty_bounds_emit_no_protocol_or_placeholder' (1048375) panicked at src/widgets/display/image/mod.rs:338:13:
assertion `left == right` failed: Auto
  left: "\u{1b}Pq\"1;1;1;1#0;2;0;0;0-#0@\u{1b}\\"
 right: ""
note: run with `RUST_BACKTRACE=1` environment variable to display a backtrace

thread 'widgets::display::image::tests::api_image_unavailable_protocols_fall_back_to_decoded_image' (1048376) panicked at src/widgets/display/image/mod.rs:327:13:
assertion `left == right` failed: Sixel
  left: "📷 [Image]"
 right: "@@\n"
test widgets::display::image::tests::api_image_unavailable_protocols_fall_back_to_decoded_image ... FAILED
test widgets::display::image::tests::api_image_empty_bounds_emit_no_protocol_or_placeholder ... FAILED

failures:

failures:
    widgets::display::image::tests::api_image_empty_bounds_emit_no_protocol_or_placeholder
    widgets::display::image::tests::api_image_unavailable_protocols_fall_back_to_decoded_image

test result: FAILED. 0 passed; 2 failed; 0 ignored; 0 measured; 861 filtered out; finished in 0.00s

error: test failed, to rerun pass `--lib`
