   Compiling reactive-tui v0.0.7 (/home/shawn/workspace2/reactive-tui)
warning: unused variable: `shape`
  --> src/widgets/terminal/blink.rs:35:48
   |
35 |     pub(super) fn visible(&self, active: bool, shape: CursorShape, activity: Instant) -> bool {
   |                                                ^^^^^ help: if this is intentional, prefix it with an underscore: `_shape`
   |
   = note: `#[warn(unused_variables)]` (part of `#[warn(unused)]`) on by default

warning: `reactive-tui` (lib) generated 1 warning (run `cargo fix --lib -p reactive-tui` to apply 1 suggestion)
    Finished `test` profile [unoptimized + debuginfo] target(s) in 5.32s
     Running tests/api_widget_behavior.rs (target/debug/deps/api_widget_behavior-7f38c785954f09a5)

running 1 test

thread 'terminal_acceptance::terminal_widget_blinks_without_child_output_or_input' (131246) panicked at tests/support/app_input.rs:102:13:
App painted 2 frames but input needs Some((1, ["READY"])) before the deadline. Last frame:
Terminal                    
READY                      │
                           │
                           │
                           │
                           │
                           │
                           █
note: run with `RUST_BACKTRACE=1` environment variable to display a backtrace
test terminal_acceptance::terminal_widget_blinks_without_child_output_or_input ... FAILED

failures:

failures:
    terminal_acceptance::terminal_widget_blinks_without_child_output_or_input

test result: FAILED. 0 passed; 1 failed; 0 ignored; 0 measured; 349 filtered out; finished in 3.01s

error: test failed, to rerun pass `--test api_widget_behavior`
