warning: method `serial` is never used
  --> src/event/router.rs:84:19
   |
83 | impl NodeId {
   | ----------- method in this implementation
84 |     pub(crate) fn serial(self) -> usize {
   |                   ^^^^^^
   |
   = note: `#[warn(dead_code)]` (part of `#[warn(unused)]`) on by default

warning: `reactive-tui` (lib test) generated 1 warning
    Finished `test` profile [unoptimized + debuginfo] target(s) in 0.15s
     Running unittests src/lib.rs (target/debug/deps/reactive_tui-ba54f0cf170e0cff)

running 38 tests
test widgets::display::image::decoded::tests::api_image_decode_all_advertised_encoded_formats ... ok
test widgets::display::image::decoded::tests::api_image_decode_opaque_renderers_composite_alpha ... ok
test widgets::display::image::decoded::tests::api_image_decode_rejects_malformed_and_oversized_sources ... ok
test widgets::display::image::decoded::tests::api_image_decode_sources_preserve_pixels_and_encoded_dimensions ... ok
test widgets::display::image::external_renderer::tests::api_image_external_commands_bound_resources ... FAILED
test widgets::display::image::external_renderer::tests::api_image_external_raw_pixels_are_encoded_as_png ... ok
test widgets::display::image::external_renderer::tests::api_image_external_render_preserves_caller_file ... ok
test widgets::display::image::external_renderer::tests::api_image_temporary_files_are_independent_and_owned ... ok
test widgets::display::image::external_renderer::tests::api_image_viu_prepares_aspect_background_and_stretched_pixels ... ok
test widgets::display::image::external_renderer::tests::test_get_display_constraints_default ... ok
test widgets::display::image::external_renderer::tests::test_get_display_constraints_with_size ... ok
test widgets::display::image::external_renderer::tests::test_write_temp_file ... ok
test widgets::display::image::image_processor::tests::api_image_ascii_obeys_both_dimensions_and_uses_decoded_pixels ... ok
test widgets::display::image::image_processor::tests::api_image_grayscale_preserves_neutral_channels ... ok
test widgets::display::image::image_processor::tests::test_ascii_config_default ... ok
test widgets::display::image::image_processor::tests::test_floyd_steinberg_dithering ... ok
test widgets::display::image::image_processor::tests::test_rgb_to_grayscale_conversion ... ok
test widgets::display::image::live::animation::tests::api_image_gif_bounds_zero_delay_and_rejects_excess_tiny_frames ... ok
test widgets::display::image::live::animation::tests::api_image_gif_composites_disposal_and_obeys_finite_and_infinite_timing ... ok
test widgets::display::image::live::animation::tests::api_image_gif_rejects_cumulative_storage_before_allocating_frames_and_cancels ... ok
test widgets::display::image::live::cells::tests::api_image_external_cells_preserve_first_row_colors_and_ignore_host_commands ... ok
test widgets::display::image::live::worker::external_tests::api_image_external_auto_keeps_graphics_priority_and_falls_back_between_tools ... ok
test widgets::display::image::live::worker::external_tests::api_image_external_worker_reuses_decoded_source_and_cancels_owned_child ... ok
test widgets::display::image::live::worker::tests::api_image_gif_worker_stops_finite_playback_and_replaces_infinite_source ... ok
test widgets::display::image::live::worker::tests::api_image_worker_publishes_latest_source_and_releases_ownership ... ok
test widgets::display::image::live::worker::tests::api_image_worker_reports_current_errors_and_joins_pending_work ... ok
test widgets::display::image::protocol_renderer::tests::api_image_protocol_background_and_fast_resize_reach_encoded_pixels ... ok
test widgets::display::image::protocol_renderer::tests::api_image_protocol_iterm_encodes_an_image_file_with_byte_size ... ok
test widgets::display::image::protocol_renderer::tests::api_image_protocol_kitty_transmits_one_chunked_rgba_image ... ok
test widgets::display::image::protocol_renderer::tests::api_image_protocol_rejects_invalid_raw_extents ... ok
test widgets::display::image::protocol_renderer::tests::test_calculate_display_size_preserve_aspect ... ok
test widgets::display::image::protocol_renderer::tests::test_generate_image_id ... ok
test widgets::display::image::protocol_renderer::tests::test_process_raw_bytes_rgb_to_rgba ... ok
test widgets::display::image::sixel_renderer::tests::test_calculate_display_size_no_upscale ... ok
test widgets::display::image::sixel_renderer::tests::test_calculate_display_size_preserve_aspect ... ok
test widgets::display::image::sixel_renderer::tests::test_ensure_rgb888_validation ... ok
test widgets::display::image::tests::api_image_empty_bounds_emit_no_protocol_or_placeholder ... ok
test widgets::display::image::tests::api_image_unavailable_protocols_fall_back_to_decoded_image ... ok

failures:

---- widgets::display::image::external_renderer::tests::api_image_external_commands_bound_resources stdout ----

thread 'widgets::display::image::external_renderer::tests::api_image_external_commands_bound_resources' (36708) panicked at src/widgets/display/image/external_renderer.rs:516:13:
flood: External tool error: Image renderer output exceeds the 16 MiB transfer limit; child cleanup failed: Operation not permitted (os error 1)
note: run with `RUST_BACKTRACE=1` environment variable to display a backtrace


failures:
    widgets::display::image::external_renderer::tests::api_image_external_commands_bound_resources

test result: FAILED. 37 passed; 1 failed; 0 ignored; 0 measured; 889 filtered out; finished in 7.57s

error: test failed, to rerun pass `--lib`
