   Compiling reactive-tui v0.0.7 (/home/shawn/workspace2/reactive-tui)
    Finished `test` profile [unoptimized + debuginfo] target(s) in 1.93s
     Running tests/api_widget_behavior.rs (target/debug/deps/api_widget_behavior-7f38c785954f09a5)

running 1 test
test terminal_acceptance::terminal_widget_uses_child_cursor_and_paste_modes ... FAILED

failures:

---- terminal_acceptance::terminal_widget_uses_child_cursor_and_paste_modes stdout ----

thread 'terminal_acceptance::terminal_widget_uses_child_cursor_and_paste_modes' (4074812) panicked at tests/support/app_input.rs:102:13:
App painted 4 frames but input needs Some((1, ["NORMAL-READY"])) before the deadline. Last frame:
Terminal                    
APP-READY                  │
                           │
                           │
                           │
                           │
                           │
                           █
note: run with `RUST_BACKTRACE=1` environment variable to display a backtrace


failures:
    terminal_acceptance::terminal_widget_uses_child_cursor_and_paste_modes

test result: FAILED. 0 passed; 1 failed; 0 ignored; 0 measured; 347 filtered out; finished in 3.00s

error: test failed, to rerun pass `--test api_widget_behavior`
