    Finished `test` profile [unoptimized + debuginfo] target(s) in 0.42s
     Running tests/api_widget_behavior.rs (target/debug/deps/api_widget_behavior-591f6bff9f7c0602)

running 1 test
test dialog_http_acceptance::autocomplete_http_replacement_discards_the_previous_query ... FAILED

failures:

---- dialog_http_acceptance::autocomplete_http_replacement_discards_the_previous_query stdout ----

thread 'dialog_http_acceptance::autocomplete_http_replacement_discards_the_previous_query' (4191214) panicked at tests/support/app_input.rs:100:13:
App painted 17 frames but input needs Some((1, ["New result"])) before the deadline. Last frame:
                                
                                
┌──────────────────────────────┐
│    REMOTE SEARCH            ✕│
│QUERY                         │
│▶ [a                         ]│
│Old result                    │
│                     Cancel OK│
└──────────────────────────────┘
                                
                                
                                
note: run with `RUST_BACKTRACE=1` environment variable to display a backtrace


failures:
    dialog_http_acceptance::autocomplete_http_replacement_discards_the_previous_query

test result: FAILED. 0 passed; 1 failed; 0 ignored; 0 measured; 308 filtered out; finished in 3.00s

error: test failed, to rerun pass `--test api_widget_behavior`
