    Checking reactive-tui v0.0.7 (/home/shawn/workspace2/reactive-tui)
error: items after a test module
   --> src/component/anchors.rs:56:1
    |
 56 |   mod tests {
    |   ^^^^^^^^^
...
103 | / fn collect(
104 | |     element: &Element,
105 | |     geometry: &HashMap<usize, Bounds>,
106 | |     requested: &HashSet<String>,
107 | |     index: &mut usize,
108 | |     found: &mut HashMap<String, Option<Bounds>>,
109 | | ) {
    | |_^
    |
    = help: for further information visit https://rust-lang.github.io/rust-clippy/rust-1.95.0/index.html#items_after_test_module
    = note: `-D clippy::items-after-test-module` implied by `-D warnings`
    = help: to override `-D warnings` add `#[allow(clippy::items_after_test_module)]`
    = help: move the items to before the test module was defined

error: could not compile `reactive-tui` (lib test) due to 1 previous error
warning: build failed, waiting for other jobs to finish...
