   Compiling reactive-tui v0.0.7 (/home/shawn/workspace2/reactive-tui)
error[E0609]: no field `errors` on type `widgets::dialog::ValidationResult`
  --> src/widgets/dialog/wizard/live.rs:84:49
   |
84 |                 let mut errors: Vec<_> = result.errors.into_values().collect();
   |                                                 ^^^^^^ unknown field
   |
   = note: available fields are: `valid`, `message`, `warnings`

error[E0308]: mismatched types
   --> src/widgets/dialog/wizard.rs:244:9
    |
243 |     fn validate(&self) -> super::dialog_component::ValidationResult {
    |                           ----------------------------------------- expected `dialog_component::ValidationResult` because of return type
244 |         validate_step(&self.options, self.current_step, &self.step_data)
    |         ^^^^^^^^^^^^^^^^^^^^^^^^^^^^^^^^^^^^^^^^^^^^^^^^^^^^^^^^^^^^^^^^ expected `dialog_component::ValidationResult`, found `widgets::dialog::ValidationResult`
    |
    = note: `widgets::dialog::ValidationResult` and `dialog_component::ValidationResult` have similar names, but are actually distinct types
note: `widgets::dialog::ValidationResult` is defined in module `crate::widgets::dialog` of the current crate
   --> src/widgets/dialog/mod.rs:247:1
    |
247 | pub struct ValidationResult {
    | ^^^^^^^^^^^^^^^^^^^^^^^^^^^
note: `dialog_component::ValidationResult` is defined in module `crate::widgets::dialog::dialog_component` of the current crate
   --> src/widgets/dialog/dialog_component.rs:367:1
    |
367 | pub struct ValidationResult {
    | ^^^^^^^^^^^^^^^^^^^^^^^^^^^

error[E0560]: struct `widgets::dialog::ValidationResult` has no field named `errors`
   --> src/widgets/dialog/wizard.rs:373:13
    |
373 |             errors: HashMap::from([("wizard".into(), error)]),
    |             ^^^^^^ `widgets::dialog::ValidationResult` does not have this field
    |
    = note: available fields are: `message`, `warnings`

error[E0560]: struct `widgets::dialog::ValidationResult` has no field named `errors`
   --> src/widgets/dialog/wizard.rs:380:13
    |
380 |             errors: HashMap::from([("wizard".into(), "Wizard step is out of range".into())]),
    |             ^^^^^^ `widgets::dialog::ValidationResult` does not have this field
    |
    = note: available fields are: `message`, `warnings`

Some errors have detailed explanations: E0308, E0560, E0609.
For more information about an error, try `rustc --explain E0308`.
error: could not compile `reactive-tui` (lib test) due to 4 previous errors
