+ python3 -B scripts/check-binding-abi.py
   Compiling reactive-tui v0.0.7 (/home/shawn/workspace2/reactive-tui)
warning: ambiguous glob re-exports
  --> src/ffi/mod.rs:85:9
   |
85 | pub use pointer::*;
   |         ^^^^^^^^^^ the name `validate_pointer` in the value namespace is first re-exported here
...
90 | pub use types::*;
   |         -------- but the name `validate_pointer` in the value namespace is also re-exported here
   |
   = note: `#[warn(ambiguous_glob_reexports)]` on by default

warning: unused variable: `width`
  --> src/ffi/lib.rs:85:14
   |
85 |         let (width, height) = renderer_box.dims();
   |              ^^^^^ help: if this is intentional, prefix it with an underscore: `_width`
   |
   = note: `#[warn(unused_variables)]` (part of `#[warn(unused)]`) on by default

warning: function `validate_pointer` is never used
   --> src/ffi/types.rs:182:15
    |
182 | pub(crate) fn validate_pointer<T>(ptr: *const T) -> bool {
    |               ^^^^^^^^^^^^^^^^
    |
    = note: `#[warn(dead_code)]` (part of `#[warn(unused)]`) on by default

warning: function `validate_mut_pointer` is never used
   --> src/ffi/types.rs:187:15
    |
187 | pub(crate) fn validate_mut_pointer<T>(ptr: *mut T) -> bool {
    |               ^^^^^^^^^^^^^^^^^^^^

warning: function `safe_cast` is never used
   --> src/ffi/types.rs:192:22
    |
192 | pub(crate) unsafe fn safe_cast<T, U>(ptr: *mut T) -> Result<*mut U, ReactiveError> {
    |                      ^^^^^^^^^

warning: function `safe_cast_const` is never used
   --> src/ffi/types.rs:206:22
    |
206 | pub(crate) unsafe fn safe_cast_const<T, U>(ptr: *const T) -> Result<*const U, ReactiveError> {
    |                      ^^^^^^^^^^^^^^^

warning: `reactive-tui` (lib) generated 6 warnings (run `cargo fix --lib -p reactive-tui` to apply 1 suggestion)
    Finished `dev` profile [unoptimized + debuginfo] target(s) in 17.45s
Public TypeScript declaration inventory reconciled: 17 original modules
Independent compilers agree: 211 signatures, 13 record layouts
Koffi agrees with independent compiler signatures and layouts: 211 exports
{
  "c_declarations": {
    "rtui_version": "struct RTuiVersion (void)",
    "rtui_init": "enum RTuiError (void)",
    "rtui_cleanup": "void (void)",
    "createRenderer": "RTuiRenderer *(uint32_t, uint32_t)",
    "destroyRenderer": "void (RTuiRenderer *, _Bool, uint32_t)",
    "setBackgroundColor": "void (RTuiRenderer *, const float *)",
    "render": "void (RTuiRenderer *, _Bool)",
    "resizeRenderer": "void (RTuiRenderer *, uint32_t, uint32_t)",
    "createOptimizedBuffer": "RTuiBuffer *(uint32_t, uint32_t, _Bool, uint8_t, const uint8_t *, size_t)",
    "destroyOptimizedBuffer": "void (RTuiBuffer *)",
    "getBufferWidth": "uint32_t (const RTuiBuffer *)",
    "getBufferHeight": "uint32_t (const RTuiBuffer *)",
    "bufferClear": "void (RTuiBuffer *, const float *)",
    "bufferDrawText": "void (RTuiBuffer *, const uint8_t *, size_t, uint32_t, uint32_t, const float *, const float *, uint8_t)",
    "bufferSetCellWithAlphaBlending": "void (RTuiBuffer *, uint32_t, uint32_t, uint32_t, const float *, const float *, uint8_t)",
    "bufferFillRect": "void (RTuiBuffer *, uint32_t, uint32_t, uint32_t, uint32_t, const float *)",
    "bufferGetCharPtr": "uint32_t *(RTuiBuffer *)",
    "bufferReleaseCharPtr": "void (uint32_t *, size_t)",
    "bufferGetFgPtr": "float *(RTuiBuffer *)",
    "bufferReleaseFgPtr": "void (float *, size_t)",
    "bufferGetBgPtr": "float *(RTuiBuffer *)",
    "bufferReleaseBgPtr": "void (float *, size_t)",
    "bufferGetAttributesPtr": "uint8_t *(RTuiBuffer *)",
    "bufferReleaseAttrPtr": "void (uint8_t *, size_t)",
    "bufferGetRespectAlpha": "_Bool (const RTuiBuffer *)",
    "bufferSetRespectAlpha": "void (RTuiBuffer *, _Bool)",
    "bufferResize": "void (RTuiBuffer *, uint32_t, uint32_t)",
    "renderSurfaceToTerminal": "_Bool (const RTuiBuffer *, RTuiTerminal *)",
    "renderTextToTerminal": "_Bool (const RTuiTextBuffer *, RTuiTerminal *, uint32_t, uint32_t, uint32_t, uint32_t)",
    "renderWithStats": "_Bool (RTuiRenderer *, RTuiTerminal *, _Bool)",
    "updateStats": "void (RTuiRenderer *, double, uint32_t, double)",
    "updateMemoryStats": "void (RTuiRenderer *, uint32_t, uint32_t, uint32_t)",
    "setRenderOffset": "void (RTuiRenderer *, uint32_t)",
    "setDebugOverlay": "void (RTuiRenderer *, _Bool, uint8_t)",
    "addToHitGrid": "void (RTuiRenderer *, int32_t, int32_t, uint32_t, uint32_t, uint32_t)",
    "checkHit": "uint32_t (RTuiRenderer *, uint32_t, uint32_t)",
    "dumpHitGrid": "void (RTuiRenderer *)",
    "dumpBuffers": "void (RTuiRenderer *, int64_t)",
    "dumpStdoutBuffer": "void (RTuiRenderer *, int64_t)",
    "setLogCallback": "void (void (*)(uint8_t, const uint8_t *, size_t))",
    "startProfiling": "void (RTuiRenderer *)",
    "stopProfiling": "void (RTuiRenderer *)",
    "getFrameStats": "void (const RTuiRenderer *, float *, float *, float *, uint32_t *)",
    "resetPerformanceCounters": "void (RTuiRenderer *)",
    "createTerminal": "RTuiTerminal *(void)",
    "destroyTerminal": "void (RTuiTerminal *)",
    "setupTerminal": "void (RTuiTerminal *, _Bool)",
    "clearTerminal": "void (RTuiTerminal *)",
    "getTerminalCapabilities": "void (const RTuiTerminal *, struct RTuiCapabilities *)",
    "processCapabilityResponse": "void (RTuiTerminal *, const uint8_t *, size_t)",
    "setCursorPosition": "void (RTuiTerminal *, int32_t, int32_t, _Bool)",
    "setCursorStyle": "void (RTuiTerminal *, const uint8_t *, size_t, _Bool)",
    "setCursorColor": "void (RTuiTerminal *, const float *)",
    "setTerminalTitle": "void (RTuiTerminal *, const uint8_t *, size_t)",
    "enableMouse": "void (RTuiTerminal *, _Bool)",
    "disableMouse": "void (RTuiTerminal *)",
    "enableKittyKeyboard": "void (RTuiTerminal *, uint8_t)",
    "disableKittyKeyboard": "void (RTuiTerminal *)",
    "rtui_terminal_create": "enum RTuiError (RTuiTerminal **)",
    "rtui_terminal_destroy": "void (RTuiTerminal *)",
    "rtui_terminal_get_dimensions": "enum RTuiError (const RTuiTerminal *, struct RTuiDimensions *)",
    "rtui_terminal_sync": "enum RTuiError (RTuiTerminal *, _Bool)",
    "rtui_terminal_poll_event": "enum RTuiError (uint32_t, struct RTuiEvent *)",
    "createTextBuffer": "RTuiTextBuffer *(uint32_t, uint8_t)",
    "destroyTextBuffer": "void (RTuiTextBuffer *)",
    "textBufferGetCharPtr": "uint32_t *(RTuiTextBuffer *)",
    "textBufferGetLength": "uint32_t (const RTuiTextBuffer *)",
    "textBufferGetCapacity": "uint32_t (const RTuiTextBuffer *)",
    "textBufferResize": "void (RTuiTextBuffer *, uint32_t)",
    "textBufferReset": "void (RTuiTextBuffer *)",
    "textBufferWriteChunk": "uint32_t (RTuiTextBuffer *, const uint8_t *, uint32_t, const float *, const float *, const uint8_t *)",
    "textBufferSetSelection": "void (RTuiTextBuffer *, uint32_t, uint32_t, const float *, const float *)",
    "renderTextBufferToSurface": "uint32_t (const RTuiTextBuffer *, RTuiBuffer *, uint32_t, uint32_t, uint32_t)",
    "renderTextBufferToRenderer": "uint32_t (const RTuiTextBuffer *, RTuiRenderer *, uint32_t, uint32_t, uint32_t)",
    "renderTextBufferDirect": "_Bool (const RTuiTextBuffer *, RTuiTerminal *, uint32_t, uint32_t, uint32_t, uint32_t)",
    "textBufferResetSelection": "void (RTuiTextBuffer *)",
    "textBufferGetSelectionInfo": "uint64_t (const RTuiTextBuffer *)",
    "textBufferSetDefaultFg": "void (RTuiTextBuffer *, const float *)",
    "textBufferSetDefaultBg": "void (RTuiTextBuffer *, const float *)",
    "textBufferSetDefaultAttributes": "void (RTuiTextBuffer *, const uint8_t *)",
    "textBufferResetDefaults": "void (RTuiTextBuffer *)",
    "rtui_animation_manager_create": "enum RTuiError (RTuiAnimationManager **)",
    "rtui_animation_manager_destroy": "void (RTuiAnimationManager *)",
    "rtui_animation_manager_update": "enum RTuiError (RTuiAnimationManager *)",
    "rtui_animation_create": "enum RTuiError (const char *, uint32_t, enum RTuiEasingType, enum RTuiLoopMode, uint32_t, RTuiAnimation **)",
    "rtui_animation_destroy": "void (RTuiAnimation *)",
    "rtui_animation_set_property": "enum RTuiError (RTuiAnimation *, enum RTuiAnimatedProperty, float, float)",
    "rtui_animation_manager_add": "enum RTuiError (RTuiAnimationManager *, RTuiAnimation *, char **)",
    "rtui_animation_manager_remove": "enum RTuiError (RTuiAnimationManager *, const char *)",
    "rtui_animation_play": "enum RTuiError (RTuiAnimation *)",
    "rtui_animation_pause": "enum RTuiError (RTuiAnimation *)",
    "rtui_animation_stop": "enum RTuiError (RTuiAnimation *)",
    "rtui_animation_is_playing": "enum RTuiError (const RTuiAnimation *, _Bool *)",
    "rtui_animation_get_progress": "enum RTuiError (const RTuiAnimation *, float *)",
    "rtui_animation_create_spring": "enum RTuiError (const char *, float, float, float, RTuiAnimation **)",
    "rtui_app_builder_create": "enum RTuiError (RTuiAppBuilder **)",
    "rtui_app_builder_destroy": "void (RTuiAppBuilder *)",
    "rtui_app_builder_debug": "enum RTuiError (RTuiAppBuilder *, _Bool)",
    "rtui_app_builder_performance_mode": "enum RTuiError (RTuiAppBuilder *, enum RTuiPerformanceMode)",
    "rtui_app_builder_backend_debug": "enum RTuiError (RTuiAppBuilder *, uint16_t, uint16_t)",
    "rtui_app_builder_backend_suprtui": "enum RTuiError (RTuiAppBuilder *)",
    "rtui_app_builder_backend_crossterm": "enum RTuiError (RTuiAppBuilder *)",
    "rtui_app_builder_root_component": "enum RTuiError (RTuiAppBuilder *, RTuiRootComponentCallback, void *)",
    "rtui_app_builder_build": "enum RTuiError (RTuiAppBuilder *, RTuiApp **)",
    "rtui_app_destroy": "void (RTuiApp *)",
    "rtui_app_run": "enum RTuiError (RTuiApp *)",
    "rtui_app_quit": "enum RTuiError (RTuiApp *)",
    "rtui_app_get_size": "enum RTuiError (const RTuiApp *, struct RTuiDimensions *)",
    "rtui_app_set_performance_mode": "enum RTuiError (RTuiApp *, enum RTuiPerformanceMode)",
    "rtui_app_get_current_fps": "enum RTuiError (const RTuiApp *, uint32_t *)",
    "rtui_app_get_performance_metrics": "enum RTuiError (const RTuiApp *, struct RTuiPerformanceMetrics *)",
    "rtui_element_builder_div": "enum RTuiError (RTuiElementBuilder **)",
    "rtui_element_builder_span": "enum RTuiError (RTuiElementBuilder **)",
    "rtui_element_builder_button": "enum RTuiError (RTuiElementBuilder **)",
    "rtui_element_builder_add_class": "enum RTuiError (RTuiElementBuilder *, const char *)",
    "rtui_element_builder_set_text": "enum RTuiError (RTuiElementBuilder *, const char *)",
    "rtui_element_builder_set_key": "enum RTuiError (RTuiElementBuilder *, const char *)",
    "rtui_element_builder_add_child": "enum RTuiError (RTuiElementBuilder *, RTuiElement *)",
    "rtui_element_builder_build": "enum RTuiError (RTuiElementBuilder *, RTuiElement **)",
    "rtui_element_builder_destroy": "void (RTuiElementBuilder *)",
    "rtui_element_destroy": "void (RTuiElement *)",
    "rtui_div": "enum RTuiError (RTuiElementBuilder **)",
    "rtui_span": "enum RTuiError (RTuiElementBuilder **)",
    "rtui_button": "enum RTuiError (RTuiElementBuilder **)",
    "rtui_p": "enum RTuiError (RTuiElementBuilder **)",
    "rtui_h1": "enum RTuiError (RTuiElementBuilder **)",
    "rtui_h2": "enum RTuiError (RTuiElementBuilder **)",
    "rtui_h3": "enum RTuiError (RTuiElementBuilder **)",
    "rtui_element_builder_class": "enum RTuiError (RTuiElementBuilder *, const char *)",
    "rtui_element_builder_text": "enum RTuiError (RTuiElementBuilder *, const char *)",
    "rtui_element_builder_key": "enum RTuiError (RTuiElementBuilder *, const char *)",
    "rtui_element_builder_child": "enum RTuiError (RTuiElementBuilder *, RTuiElement *)",
    "rtui_element_builder_children": "enum RTuiError (RTuiElementBuilder *, RTuiElement *const *, size_t)",
    "rtui_element_text": "enum RTuiError (const char *, RTuiElement **)",
    "rtui_element_empty": "enum RTuiError (RTuiElement **)",
    "rtui_card": "enum RTuiError (RTuiElement *const *, size_t, RTuiElement **)",
    "rtui_free_string": "void (char *)",
    "rtui_element_create_component": "enum RTuiError (const char *, RTuiElement **)",
    "rtui_element_create_text": "enum RTuiError (const char *, RTuiElement **)",
    "rtui_element_create_layout": "enum RTuiError (enum RTuiLayoutType, RTuiElement **)",
    "rtui_element_create_fragment": "enum RTuiError (RTuiElement **)",
    "rtui_element_create_empty": "enum RTuiError (RTuiElement **)",
    "rtui_element_set_key": "enum RTuiError (RTuiElement *, const char *)",
    "rtui_element_set_class": "enum RTuiError (RTuiElement *, const char *)",
    "rtui_element_add_child": "enum RTuiError (RTuiElement *, RTuiElement *)",
    "rtui_element_get_type": "enum RTuiError (const RTuiElement *, enum RTuiElementType *)",
    "rtui_element_get_key": "enum RTuiError (const RTuiElement *, char **)",
    "rtui_element_get_class": "enum RTuiError (const RTuiElement *, char **)",
    "rtui_element_get_child_count": "enum RTuiError (const RTuiElement *, size_t *)",
    "rtui_element_get_child": "enum RTuiError (const RTuiElement *, size_t, RTuiElement **)",
    "rtui_element_get_component_name": "enum RTuiError (const RTuiElement *, char **)",
    "rtui_element_get_text_content": "enum RTuiError (const RTuiElement *, char **)",
    "rtui_signal_string_create": "enum RTuiError (const char *, RTuiSignal **)",
    "rtui_signal_int_create": "enum RTuiError (int64_t, RTuiSignal **)",
    "rtui_signal_float_create": "enum RTuiError (double, RTuiSignal **)",
    "rtui_signal_bool_create": "enum RTuiError (_Bool, RTuiSignal **)",
    "rtui_signal_destroy": "void (RTuiSignal *)",
    "rtui_signal_string_get": "enum RTuiError (const RTuiSignal *, char *, size_t)",
    "rtui_signal_string_set": "enum RTuiError (RTuiSignal *, const char *)",
    "rtui_signal_int_get": "enum RTuiError (const RTuiSignal *, int64_t *)",
    "rtui_signal_int_set": "enum RTuiError (RTuiSignal *, int64_t)",
    "rtui_signal_float_get": "enum RTuiError (const RTuiSignal *, double *)",
    "rtui_signal_float_set": "enum RTuiError (RTuiSignal *, double)",
    "rtui_signal_bool_get": "enum RTuiError (const RTuiSignal *, _Bool *)",
    "rtui_signal_bool_set": "enum RTuiError (RTuiSignal *, _Bool)",
    "rtui_thread_safe_signal_string_create": "enum RTuiError (const char *, RTuiThreadSafeSignal **)",
    "rtui_thread_safe_signal_destroy": "void (RTuiThreadSafeSignal *)",
    "rtui_thread_safe_signal_string_get": "enum RTuiError (const RTuiThreadSafeSignal *, char *, size_t)",
    "rtui_thread_safe_signal_string_set": "enum RTuiError (RTuiThreadSafeSignal *, const char *)",
    "rtui_effect_create": "enum RTuiError (RTuiEffectCallback, RTuiEffectCleanupCallback, void *, RTuiEffect **)",
    "rtui_effect_destroy": "void (RTuiEffect *)",
    "rtui_effect_run": "enum RTuiError (const RTuiEffect *)",
    "rtui_signal_new_int": "RTuiSignal *(int)",
    "rtui_signal_new_string": "RTuiSignal *(const char *)",
    "rtui_signal_new_bool": "RTuiSignal *(_Bool)",
    "rtui_signal_new_float": "RTuiSignal *(double)",
    "rtui_signal_get_int": "int (const RTuiSignal *)",
    "rtui_signal_set_int": "enum RTuiError (RTuiSignal *, int)",
    "rtui_signal_get_string_owned": "char *(const RTuiSignal *)",
    "rtui_signal_set_string_new": "enum RTuiError (RTuiSignal *, const char *)",
    "rtui_signal_get_bool_new": "_Bool (const RTuiSignal *)",
    "rtui_signal_set_bool_new": "enum RTuiError (RTuiSignal *, _Bool)",
    "rtui_signal_get_float_new": "double (const RTuiSignal *)",
    "rtui_signal_set_float_new": "enum RTuiError (RTuiSignal *, double)",
    "rtui_signal_destroy_new": "void (RTuiSignal *)",
    "rtui_string_free": "void (char *)",
    "rtui_hooks_new": "RTuiHooks *(void)",
    "rtui_hooks_destroy": "void (RTuiHooks *)",
    "rtui_use_signal_int": "RTuiSignal *(RTuiHooks *, const char *, int)",
    "rtui_use_signal_string": "RTuiSignal *(RTuiHooks *, const char *, const char *)",
    "rtui_use_signal_bool": "RTuiSignal *(RTuiHooks *, const char *, _Bool)",
    "rtui_renderer_create": "enum RTuiError (uint16_t, uint16_t, RTuiRenderer **)",
    "rtui_renderer_destroy": "void (RTuiRenderer *)",
    "rtui_renderer_resize": "enum RTuiError (RTuiRenderer *, uint16_t, uint16_t)",
    "rtui_renderer_clear": "enum RTuiError (RTuiRenderer *, uint8_t, uint8_t, uint8_t)",
    "rtui_renderer_frame": "enum RTuiError (RTuiRenderer *, _Bool)",
    "rtui_renderer_get_surface": "enum RTuiError (RTuiRenderer *, RTuiSurface **)",
    "rtui_renderer_shutdown": "enum RTuiError (RTuiRenderer *)",
    "rtui_surface_create": "enum RTuiError (uint16_t, uint16_t, RTuiSurface **)",
    "rtui_surface_destroy": "void (RTuiSurface *)",
    "rtui_surface_get_dimensions": "enum RTuiError (const RTuiSurface *, struct RTuiDimensions *)",
    "rtui_surface_clear": "enum RTuiError (RTuiSurface *, uint8_t, uint8_t, uint8_t)",
    "rtui_surface_set_cell": "enum RTuiError (RTuiSurface *, uint16_t, uint16_t, const struct RTuiCell *)",
    "rtui_surface_get_cell": "enum RTuiError (const RTuiSurface *, uint16_t, uint16_t, struct RTuiCell *)",
    "rtui_surface_draw_text": "enum RTuiError (RTuiSurface *, uint16_t, uint16_t, const char *, const struct RTuiColor *, const struct RTuiColor *)",
    "rtui_surface_fill_rect": "enum RTuiError (RTuiSurface *, const struct RTuiRect *, uint32_t, const struct RTuiColor *, const struct RTuiColor *)",
    "rtui_text_input_create": "enum RTuiError (const char *, const char *, RTuiElement **)",
    "rtui_checkbox_create": "enum RTuiError (const char *, _Bool, RTuiElement **)",
    "rtui_progress_bar_create": "enum RTuiError (double, double, double, const char *, RTuiElement **)",
    "rtui_button_create": "enum RTuiError (const char *, RTuiElement **)",
    "rtui_text_element_create": "enum RTuiError (const char *, RTuiElement **)"
  },
  "typescript_symbols": [
    "addToHitGrid",
    "bufferClear",
    "bufferDrawText",
    "bufferFillRect",
    "bufferGetAttributesPtr",
    "bufferGetBgPtr",
    "bufferGetCharPtr",
    "bufferGetFgPtr",
    "bufferGetRespectAlpha",
    "bufferReleaseAttrPtr",
    "bufferReleaseBgPtr",
    "bufferReleaseCharPtr",
    "bufferReleaseFgPtr",
    "bufferResize",
    "bufferSetCellWithAlphaBlending",
    "bufferSetRespectAlpha",
    "checkHit",
    "clearTerminal",
    "createOptimizedBuffer",
    "createRenderer",
    "createTerminal",
    "createTextBuffer",
    "destroyOptimizedBuffer",
    "destroyRenderer",
    "destroyTerminal",
    "destroyTextBuffer",
    "disableKittyKeyboard",
    "disableMouse",
    "dumpBuffers",
    "dumpHitGrid",
    "dumpStdoutBuffer",
    "enableKittyKeyboard",
    "enableMouse",
    "getBufferHeight",
    "getBufferWidth",
    "getFrameStats",
    "getTerminalCapabilities",
    "processCapabilityResponse",
    "render",
    "renderSurfaceToTerminal",
    "renderTextBufferDirect",
    "renderTextBufferToRenderer",
    "renderTextBufferToSurface",
    "renderTextToTerminal",
    "renderWithStats",
    "resetPerformanceCounters",
    "resizeRenderer",
    "rtui_animation_create",
    "rtui_animation_create_spring",
    "rtui_animation_destroy",
    "rtui_animation_get_progress",
    "rtui_animation_is_playing",
    "rtui_animation_manager_add",
    "rtui_animation_manager_create",
    "rtui_animation_manager_destroy",
    "rtui_animation_manager_remove",
    "rtui_animation_manager_update",
    "rtui_animation_pause",
    "rtui_animation_play",
    "rtui_animation_set_property",
    "rtui_animation_stop",
    "rtui_app_builder_backend_crossterm",
    "rtui_app_builder_backend_debug",
    "rtui_app_builder_backend_suprtui",
    "rtui_app_builder_build",
    "rtui_app_builder_create",
    "rtui_app_builder_debug",
    "rtui_app_builder_destroy",
    "rtui_app_builder_performance_mode",
    "rtui_app_builder_root_component",
    "rtui_app_destroy",
    "rtui_app_get_current_fps",
    "rtui_app_get_performance_metrics",
    "rtui_app_get_size",
    "rtui_app_quit",
    "rtui_app_run",
    "rtui_app_set_performance_mode",
    "rtui_button",
    "rtui_button_create",
    "rtui_card",
    "rtui_checkbox_create",
    "rtui_cleanup",
    "rtui_div",
    "rtui_effect_create",
    "rtui_effect_destroy",
    "rtui_effect_run",
    "rtui_element_add_child",
    "rtui_element_builder_add_child",
    "rtui_element_builder_add_class",
    "rtui_element_builder_build",
    "rtui_element_builder_button",
    "rtui_element_builder_child",
    "rtui_element_builder_children",
    "rtui_element_builder_class",
    "rtui_element_builder_destroy",
    "rtui_element_builder_div",
    "rtui_element_builder_key",
    "rtui_element_builder_set_key",
    "rtui_element_builder_set_text",
    "rtui_element_builder_span",
    "rtui_element_builder_text",
    "rtui_element_create_component",
    "rtui_element_create_empty",
    "rtui_element_create_fragment",
    "rtui_element_create_layout",
    "rtui_element_create_text",
    "rtui_element_destroy",
    "rtui_element_empty",
    "rtui_element_get_child",
    "rtui_element_get_child_count",
    "rtui_element_get_class",
    "rtui_element_get_component_name",
    "rtui_element_get_key",
    "rtui_element_get_text_content",
    "rtui_element_get_type",
    "rtui_element_set_class",
    "rtui_element_set_key",
    "rtui_element_text",
    "rtui_free_string",
    "rtui_h1",
    "rtui_h2",
    "rtui_h3",
    "rtui_hooks_destroy",
    "rtui_hooks_new",
    "rtui_init",
    "rtui_p",
    "rtui_progress_bar_create",
    "rtui_renderer_clear",
    "rtui_renderer_create",
    "rtui_renderer_destroy",
    "rtui_renderer_frame",
    "rtui_renderer_get_surface",
    "rtui_renderer_resize",
    "rtui_renderer_shutdown",
    "rtui_signal_bool_create",
    "rtui_signal_bool_get",
    "rtui_signal_bool_set",
    "rtui_signal_destroy",
    "rtui_signal_destroy_new",
    "rtui_signal_float_create",
    "rtui_signal_float_get",
    "rtui_signal_float_set",
    "rtui_signal_get_bool_new",
    "rtui_signal_get_float_new",
    "rtui_signal_get_int",
    "rtui_signal_get_string_owned",
    "rtui_signal_int_create",
    "rtui_signal_int_get",
    "rtui_signal_int_set",
    "rtui_signal_new_bool",
    "rtui_signal_new_float",
    "rtui_signal_new_int",
    "rtui_signal_new_string",
    "rtui_signal_set_bool_new",
    "rtui_signal_set_float_new",
    "rtui_signal_set_int",
    "rtui_signal_set_string_new",
    "rtui_signal_string_create",
    "rtui_signal_string_get",
    "rtui_signal_string_set",
    "rtui_span",
    "rtui_string_free",
    "rtui_surface_clear",
    "rtui_surface_create",
    "rtui_surface_destroy",
    "rtui_surface_draw_text",
    "rtui_surface_fill_rect",
    "rtui_surface_get_cell",
    "rtui_surface_get_dimensions",
    "rtui_surface_set_cell",
    "rtui_terminal_create",
    "rtui_terminal_destroy",
    "rtui_terminal_get_dimensions",
    "rtui_terminal_poll_event",
    "rtui_terminal_sync",
    "rtui_text_element_create",
    "rtui_text_input_create",
    "rtui_thread_safe_signal_destroy",
    "rtui_thread_safe_signal_string_create",
    "rtui_thread_safe_signal_string_get",
    "rtui_thread_safe_signal_string_set",
    "rtui_use_signal_bool",
    "rtui_use_signal_int",
    "rtui_use_signal_string",
    "rtui_version",
    "setBackgroundColor",
    "setCursorColor",
    "setCursorPosition",
    "setCursorStyle",
    "setDebugOverlay",
    "setLogCallback",
    "setRenderOffset",
    "setTerminalTitle",
    "setupTerminal",
    "startProfiling",
    "stopProfiling",
    "textBufferGetCapacity",
    "textBufferGetCharPtr",
    "textBufferGetLength",
    "textBufferGetSelectionInfo",
    "textBufferReset",
    "textBufferResetDefaults",
    "textBufferResetSelection",
    "textBufferResize",
    "textBufferSetDefaultAttributes",
    "textBufferSetDefaultBg",
    "textBufferSetDefaultFg",
    "textBufferSetSelection",
    "textBufferWriteChunk",
    "updateMemoryStats",
    "updateStats"
  ],
  "rust_exports": [
    "addToHitGrid",
    "bufferClear",
    "bufferDrawText",
    "bufferFillRect",
    "bufferGetAttributesPtr",
    "bufferGetBgPtr",
    "bufferGetCharPtr",
    "bufferGetFgPtr",
    "bufferGetRespectAlpha",
    "bufferReleaseAttrPtr",
    "bufferReleaseBgPtr",
    "bufferReleaseCharPtr",
    "bufferReleaseFgPtr",
    "bufferResize",
    "bufferSetCellWithAlphaBlending",
    "bufferSetRespectAlpha",
    "checkHit",
    "clearTerminal",
    "createOptimizedBuffer",
    "createRenderer",
    "createTerminal",
    "createTextBuffer",
    "destroyOptimizedBuffer",
    "destroyRenderer",
    "destroyTerminal",
    "destroyTextBuffer",
    "disableKittyKeyboard",
    "disableMouse",
    "dumpBuffers",
    "dumpHitGrid",
    "dumpStdoutBuffer",
    "enableKittyKeyboard",
    "enableMouse",
    "getBufferHeight",
    "getBufferWidth",
    "getFrameStats",
    "getTerminalCapabilities",
    "processCapabilityResponse",
    "render",
    "renderSurfaceToTerminal",
    "renderTextBufferDirect",
    "renderTextBufferToRenderer",
    "renderTextBufferToSurface",
    "renderTextToTerminal",
    "renderWithStats",
    "resetPerformanceCounters",
    "resizeRenderer",
    "rtui_animation_create",
    "rtui_animation_create_spring",
    "rtui_animation_destroy",
    "rtui_animation_get_progress",
    "rtui_animation_is_playing",
    "rtui_animation_manager_add",
    "rtui_animation_manager_create",
    "rtui_animation_manager_destroy",
    "rtui_animation_manager_remove",
    "rtui_animation_manager_update",
    "rtui_animation_pause",
    "rtui_animation_play",
    "rtui_animation_set_property",
    "rtui_animation_stop",
    "rtui_app_builder_backend_crossterm",
    "rtui_app_builder_backend_debug",
    "rtui_app_builder_backend_suprtui",
    "rtui_app_builder_build",
    "rtui_app_builder_create",
    "rtui_app_builder_debug",
    "rtui_app_builder_destroy",
    "rtui_app_builder_performance_mode",
    "rtui_app_builder_root_component",
    "rtui_app_destroy",
    "rtui_app_get_current_fps",
    "rtui_app_get_performance_metrics",
    "rtui_app_get_size",
    "rtui_app_quit",
    "rtui_app_run",
    "rtui_app_set_performance_mode",
    "rtui_button",
    "rtui_button_create",
    "rtui_card",
    "rtui_checkbox_create",
    "rtui_cleanup",
    "rtui_div",
    "rtui_effect_create",
    "rtui_effect_destroy",
    "rtui_effect_run",
    "rtui_element_add_child",
    "rtui_element_builder_add_child",
    "rtui_element_builder_add_class",
    "rtui_element_builder_build",
    "rtui_element_builder_button",
    "rtui_element_builder_child",
    "rtui_element_builder_children",
    "rtui_element_builder_class",
    "rtui_element_builder_destroy",
    "rtui_element_builder_div",
    "rtui_element_builder_key",
    "rtui_element_builder_set_key",
    "rtui_element_builder_set_text",
    "rtui_element_builder_span",
    "rtui_element_builder_text",
    "rtui_element_create_component",
    "rtui_element_create_empty",
    "rtui_element_create_fragment",
    "rtui_element_create_layout",
    "rtui_element_create_text",
    "rtui_element_destroy",
    "rtui_element_empty",
    "rtui_element_get_child",
    "rtui_element_get_child_count",
    "rtui_element_get_class",
    "rtui_element_get_component_name",
    "rtui_element_get_key",
    "rtui_element_get_text_content",
    "rtui_element_get_type",
    "rtui_element_set_class",
    "rtui_element_set_key",
    "rtui_element_text",
    "rtui_free_string",
    "rtui_h1",
    "rtui_h2",
    "rtui_h3",
    "rtui_hooks_destroy",
    "rtui_hooks_new",
    "rtui_init",
    "rtui_p",
    "rtui_progress_bar_create",
    "rtui_renderer_clear",
    "rtui_renderer_create",
    "rtui_renderer_destroy",
    "rtui_renderer_frame",
    "rtui_renderer_get_surface",
    "rtui_renderer_resize",
    "rtui_renderer_shutdown",
    "rtui_signal_bool_create",
    "rtui_signal_bool_get",
    "rtui_signal_bool_set",
    "rtui_signal_destroy",
    "rtui_signal_destroy_new",
    "rtui_signal_float_create",
    "rtui_signal_float_get",
    "rtui_signal_float_set",
    "rtui_signal_get_bool_new",
    "rtui_signal_get_float_new",
    "rtui_signal_get_int",
    "rtui_signal_get_string_owned",
    "rtui_signal_int_create",
    "rtui_signal_int_get",
    "rtui_signal_int_set",
    "rtui_signal_new_bool",
    "rtui_signal_new_float",
    "rtui_signal_new_int",
    "rtui_signal_new_string",
    "rtui_signal_set_bool_new",
    "rtui_signal_set_float_new",
    "rtui_signal_set_int",
    "rtui_signal_set_string_new",
    "rtui_signal_string_create",
    "rtui_signal_string_get",
    "rtui_signal_string_set",
    "rtui_span",
    "rtui_string_free",
    "rtui_surface_clear",
    "rtui_surface_create",
    "rtui_surface_destroy",
    "rtui_surface_draw_text",
    "rtui_surface_fill_rect",
    "rtui_surface_get_cell",
    "rtui_surface_get_dimensions",
    "rtui_surface_set_cell",
    "rtui_terminal_create",
    "rtui_terminal_destroy",
    "rtui_terminal_get_dimensions",
    "rtui_terminal_poll_event",
    "rtui_terminal_sync",
    "rtui_text_element_create",
    "rtui_text_input_create",
    "rtui_thread_safe_signal_destroy",
    "rtui_thread_safe_signal_string_create",
    "rtui_thread_safe_signal_string_get",
    "rtui_thread_safe_signal_string_set",
    "rtui_use_signal_bool",
    "rtui_use_signal_int",
    "rtui_use_signal_string",
    "rtui_version",
    "setBackgroundColor",
    "setCursorColor",
    "setCursorPosition",
    "setCursorStyle",
    "setDebugOverlay",
    "setLogCallback",
    "setRenderOffset",
    "setTerminalTitle",
    "setupTerminal",
    "startProfiling",
    "stopProfiling",
    "textBufferGetCapacity",
    "textBufferGetCharPtr",
    "textBufferGetLength",
    "textBufferGetSelectionInfo",
    "textBufferReset",
    "textBufferResetDefaults",
    "textBufferResetSelection",
    "textBufferResize",
    "textBufferSetDefaultAttributes",
    "textBufferSetDefaultBg",
    "textBufferSetDefaultFg",
    "textBufferSetSelection",
    "textBufferWriteChunk",
    "updateMemoryStats",
    "updateStats"
  ],
  "missing_c": [],
  "missing_typescript": []
}
Captures: /home/shawn/workspace2/reactive-tui/.cairn/reviews/api-native-components/20260911T235937Z
+ cc -std=c11 -Wall -Wextra -Werror -Iinclude /home/shawn/workspace2/reactive-tui/verification/api-native-components/consumer.c -L/home/shawn/workspace2/reactive-tui/target/debug -Wl,-rpath,/home/shawn/workspace2/reactive-tui/target/debug -lreactive_tui -pthread -o /home/shawn/workspace2/reactive-tui/target/api-native-components-phgl7eaf/consumer
/home/shawn/workspace2/reactive-tui/verification/api-native-components/consumer.c:13:5: error: unknown type name ‘RTuiForeignComponent’
   13 |     RTuiForeignComponent *component;
      |     ^~~~~~~~~~~~~~~~~~~~
/home/shawn/workspace2/reactive-tui/verification/api-native-components/consumer.c:14:5: error: unknown type name ‘RTuiTextEditor’
   14 |     RTuiTextEditor *editor;
      |     ^~~~~~~~~~~~~~
/home/shawn/workspace2/reactive-tui/verification/api-native-components/consumer.c:15:5: error: unknown type name ‘RTuiDialogEngine’
   15 |     RTuiDialogEngine *dialogs;
      |     ^~~~~~~~~~~~~~~~
/home/shawn/workspace2/reactive-tui/verification/api-native-components/consumer.c: In function ‘style’:
/home/shawn/workspace2/reactive-tui/verification/api-native-components/consumer.c:28:5: error: unknown type name ‘RTuiNativeStyle’
   28 |     RTuiNativeStyle *value = NULL;
      |     ^~~~~~~~~~~~~~~
In file included from /home/shawn/workspace2/reactive-tui/verification/api-native-components/consumer.c:2:
/home/shawn/workspace2/reactive-tui/verification/api-native-components/consumer.c:29:8: error: implicit declaration of function ‘rtui_native_style_create’ [-Wimplicit-function-declaration]
   29 |     OK(rtui_native_style_create(css, &value));
      |        ^~~~~~~~~~~~~~~~~~~~~~~~
/home/shawn/workspace2/reactive-tui/verification/api-native-components/consumer.c:29:5: note: in expansion of macro ‘OK’
   29 |     OK(rtui_native_style_create(css, &value));
      |     ^~
/home/shawn/workspace2/reactive-tui/verification/api-native-components/consumer.c:30:8: error: implicit declaration of function ‘rtui_native_style_apply’ [-Wimplicit-function-declaration]
   30 |     OK(rtui_native_style_apply(value, element));
      |        ^~~~~~~~~~~~~~~~~~~~~~~
/home/shawn/workspace2/reactive-tui/verification/api-native-components/consumer.c:30:5: note: in expansion of macro ‘OK’
   30 |     OK(rtui_native_style_apply(value, element));
      |     ^~
/home/shawn/workspace2/reactive-tui/verification/api-native-components/consumer.c:31:5: error: implicit declaration of function ‘rtui_native_style_destroy’; did you mean ‘rtui_animation_destroy’? [-Wimplicit-function-declaration]
   31 |     rtui_native_style_destroy(value);
      |     ^~~~~~~~~~~~~~~~~~~~~~~~~
      |     rtui_animation_destroy
/home/shawn/workspace2/reactive-tui/verification/api-native-components/consumer.c: At top level:
/home/shawn/workspace2/reactive-tui/verification/api-native-components/consumer.c:41:16: error: conflicting types for ‘render’; have ‘int32_t(const char *, const char *, void *, RTuiElement **)’ {aka ‘int(const char *, const char *, void *, RTuiElement **)’}
   41 | static int32_t render(const char *props, const char *state, void *data, RTuiElement **out) {
      |                ^~~~~~
In file included from /home/shawn/workspace2/reactive-tui/verification/api-native-components/consumer.c:1:
include/reactive_tui/native.h:237:6: note: previous declaration of ‘render’ with type ‘void(RTuiRenderer *, _Bool)’
  237 | void render(RTuiRenderer *renderer, bool force);
      |      ^~~~~~
/home/shawn/workspace2/reactive-tui/verification/api-native-components/consumer.c: In function ‘render’:
/home/shawn/workspace2/reactive-tui/verification/api-native-components/consumer.c:46:8: error: implicit declaration of function ‘rtui_foreign_component_get_state’ [-Wimplicit-function-declaration]
   46 |     OK(rtui_foreign_component_get_state(ctx->component, &copy));
      |        ^~~~~~~~~~~~~~~~~~~~~~~~~~~~~~~~
/home/shawn/workspace2/reactive-tui/verification/api-native-components/consumer.c:46:5: note: in expansion of macro ‘OK’
   46 |     OK(rtui_foreign_component_get_state(ctx->component, &copy));
      |     ^~
/home/shawn/workspace2/reactive-tui/verification/api-native-components/consumer.c:50:12: error: implicit declaration of function ‘rtui_foreign_component_render’ [-Wimplicit-function-declaration]
   50 |     assert(rtui_foreign_component_render(ctx->component, &recursive) == -10);
      |            ^~~~~~~~~~~~~~~~~~~~~~~~~~~~~
/home/shawn/workspace2/reactive-tui/verification/api-native-components/consumer.c:52:12: error: implicit declaration of function ‘rtui_foreign_component_destroy’ [-Wimplicit-function-declaration]
   52 |     assert(rtui_foreign_component_destroy(ctx->component) == -10);
      |            ^~~~~~~~~~~~~~~~~~~~~~~~~~~~~~
/home/shawn/workspace2/reactive-tui/verification/api-native-components/consumer.c:59:16: error: implicit declaration of function ‘rtui_dialog_engine_take_event’ [-Wimplicit-function-declaration]
   59 |         while (rtui_dialog_engine_take_event(ctx->dialogs, &event) == 0 && event) {
      |                ^~~~~~~~~~~~~~~~~~~~~~~~~~~~~
/home/shawn/workspace2/reactive-tui/verification/api-native-components/consumer.c:74:8: error: implicit declaration of function ‘rtui_element_set_focus’; did you mean ‘rtui_element_set_class’? [-Wimplicit-function-declaration]
   74 |     OK(rtui_element_set_focus(label, true, true));
      |        ^~~~~~~~~~~~~~~~~~~~~~
/home/shawn/workspace2/reactive-tui/verification/api-native-components/consumer.c:74:5: note: in expansion of macro ‘OK’
   74 |     OK(rtui_element_set_focus(label, true, true));
      |     ^~
/home/shawn/workspace2/reactive-tui/verification/api-native-components/consumer.c:83:12: error: implicit declaration of function ‘rtui_text_editor_element’ [-Wimplicit-function-declaration]
   83 |         OK(rtui_text_editor_element(ctx->editor, &editor));
      |            ^~~~~~~~~~~~~~~~~~~~~~~~
/home/shawn/workspace2/reactive-tui/verification/api-native-components/consumer.c:83:9: note: in expansion of macro ‘OK’
   83 |         OK(rtui_text_editor_element(ctx->editor, &editor));
      |         ^~
/home/shawn/workspace2/reactive-tui/verification/api-native-components/consumer.c:88:12: error: implicit declaration of function ‘rtui_dialog_engine_element’ [-Wimplicit-function-declaration]
   88 |         OK(rtui_dialog_engine_element(ctx->dialogs, &dialogs));
      |            ^~~~~~~~~~~~~~~~~~~~~~~~~~
/home/shawn/workspace2/reactive-tui/verification/api-native-components/consumer.c:88:9: note: in expansion of macro ‘OK’
   88 |         OK(rtui_dialog_engine_element(ctx->dialogs, &dialogs));
      |         ^~
/home/shawn/workspace2/reactive-tui/verification/api-native-components/consumer.c: In function ‘event’:
/home/shawn/workspace2/reactive-tui/verification/api-native-components/consumer.c:101:12: error: implicit declaration of function ‘rtui_foreign_component_dispatch’ [-Wimplicit-function-declaration]
  101 |     assert(rtui_foreign_component_dispatch(ctx->component, input, &recursive) == -10);
      |            ^~~~~~~~~~~~~~~~~~~~~~~~~~~~~~~
/home/shawn/workspace2/reactive-tui/verification/api-native-components/consumer.c:108:12: error: implicit declaration of function ‘rtui_foreign_component_set_state’ [-Wimplicit-function-declaration]
  108 |         OK(rtui_foreign_component_set_state(ctx->component, next));
      |            ^~~~~~~~~~~~~~~~~~~~~~~~~~~~~~~~
/home/shawn/workspace2/reactive-tui/verification/api-native-components/consumer.c:108:9: note: in expansion of macro ‘OK’
  108 |         OK(rtui_foreign_component_set_state(ctx->component, next));
      |         ^~
/home/shawn/workspace2/reactive-tui/verification/api-native-components/consumer.c:110:12: error: implicit declaration of function ‘rtui_foreign_component_set_props’ [-Wimplicit-function-declaration]
  110 |         OK(rtui_foreign_component_set_props(ctx->component, "\"omega\""));
      |            ^~~~~~~~~~~~~~~~~~~~~~~~~~~~~~~~
/home/shawn/workspace2/reactive-tui/verification/api-native-components/consumer.c:110:9: note: in expansion of macro ‘OK’
  110 |         OK(rtui_foreign_component_set_props(ctx->component, "\"omega\""));
      |         ^~
/home/shawn/workspace2/reactive-tui/verification/api-native-components/consumer.c:112:12: error: implicit declaration of function ‘rtui_text_editor_insert_text’ [-Wimplicit-function-declaration]
  112 |         OK(rtui_text_editor_insert_text(ctx->editor, "界é"));
      |            ^~~~~~~~~~~~~~~~~~~~~~~~~~~~
/home/shawn/workspace2/reactive-tui/verification/api-native-components/consumer.c:112:9: note: in expansion of macro ‘OK’
  112 |         OK(rtui_text_editor_insert_text(ctx->editor, "界é"));
      |         ^~
/home/shawn/workspace2/reactive-tui/verification/api-native-components/consumer.c:116:12: error: implicit declaration of function ‘rtui_dialog_engine_open’ [-Wimplicit-function-declaration]
  116 |         OK(rtui_dialog_engine_open(ctx->dialogs,
      |            ^~~~~~~~~~~~~~~~~~~~~~~
/home/shawn/workspace2/reactive-tui/verification/api-native-components/consumer.c:116:9: note: in expansion of macro ‘OK’
  116 |         OK(rtui_dialog_engine_open(ctx->dialogs,
      |         ^~
/home/shawn/workspace2/reactive-tui/verification/api-native-components/consumer.c: In function ‘create’:
/home/shawn/workspace2/reactive-tui/verification/api-native-components/consumer.c:129:8: error: implicit declaration of function ‘rtui_foreign_component_create’ [-Wimplicit-function-declaration]
  129 |     OK(rtui_foreign_component_create("\"alpha\"", "0", render, event, dispose, ctx, &ctx->component));
      |        ^~~~~~~~~~~~~~~~~~~~~~~~~~~~~
/home/shawn/workspace2/reactive-tui/verification/api-native-components/consumer.c:129:5: note: in expansion of macro ‘OK’
  129 |     OK(rtui_foreign_component_create("\"alpha\"", "0", render, event, dispose, ctx, &ctx->component));
      |     ^~
/home/shawn/workspace2/reactive-tui/verification/api-native-components/consumer.c: In function ‘units’:
/home/shawn/workspace2/reactive-tui/verification/api-native-components/consumer.c:148:8: error: implicit declaration of function ‘rtui_foreign_component_element’ [-Wimplicit-function-declaration]
  148 |     OK(rtui_foreign_component_element(a.component, &snapshot));
      |        ^~~~~~~~~~~~~~~~~~~~~~~~~~~~~~
/home/shawn/workspace2/reactive-tui/verification/api-native-components/consumer.c:148:5: note: in expansion of macro ‘OK’
  148 |     OK(rtui_foreign_component_element(a.component, &snapshot));
      |     ^~
/home/shawn/workspace2/reactive-tui/verification/api-native-components/consumer.c:173:5: error: unknown type name ‘RTuiTextEditor’
  173 |     RTuiTextEditor *editor = NULL;
      |     ^~~~~~~~~~~~~~
/home/shawn/workspace2/reactive-tui/verification/api-native-components/consumer.c:174:8: error: implicit declaration of function ‘rtui_text_editor_create’; did you mean ‘rtui_text_element_create’? [-Wimplicit-function-declaration]
  174 |     OK(rtui_text_editor_create(&editor));
      |        ^~~~~~~~~~~~~~~~~~~~~~~
/home/shawn/workspace2/reactive-tui/verification/api-native-components/consumer.c:174:5: note: in expansion of macro ‘OK’
  174 |     OK(rtui_text_editor_create(&editor));
      |     ^~
/home/shawn/workspace2/reactive-tui/verification/api-native-components/consumer.c:176:8: error: implicit declaration of function ‘rtui_text_editor_delete’ [-Wimplicit-function-declaration]
  176 |     OK(rtui_text_editor_delete(editor, true));
      |        ^~~~~~~~~~~~~~~~~~~~~~~
/home/shawn/workspace2/reactive-tui/verification/api-native-components/consumer.c:176:5: note: in expansion of macro ‘OK’
  176 |     OK(rtui_text_editor_delete(editor, true));
      |     ^~
/home/shawn/workspace2/reactive-tui/verification/api-native-components/consumer.c:177:8: error: implicit declaration of function ‘rtui_text_editor_get_content_owned’ [-Wimplicit-function-declaration]
  177 |     OK(rtui_text_editor_get_content_owned(editor, &value));
      |        ^~~~~~~~~~~~~~~~~~~~~~~~~~~~~~~~~~
/home/shawn/workspace2/reactive-tui/verification/api-native-components/consumer.c:177:5: note: in expansion of macro ‘OK’
  177 |     OK(rtui_text_editor_get_content_owned(editor, &value));
      |     ^~
/home/shawn/workspace2/reactive-tui/verification/api-native-components/consumer.c:179:8: error: implicit declaration of function ‘rtui_text_editor_move’ [-Wimplicit-function-declaration]
  179 |     OK(rtui_text_editor_move(editor, 0, true)); /* Left selects one grapheme. */
      |        ^~~~~~~~~~~~~~~~~~~~~
/home/shawn/workspace2/reactive-tui/verification/api-native-components/consumer.c:179:5: note: in expansion of macro ‘OK’
  179 |     OK(rtui_text_editor_move(editor, 0, true)); /* Left selects one grapheme. */
      |     ^~
/home/shawn/workspace2/reactive-tui/verification/api-native-components/consumer.c:184:12: error: implicit declaration of function ‘rtui_text_editor_set_size’ [-Wimplicit-function-declaration]
  184 |     assert(rtui_text_editor_set_size(editor, UINT32_MAX, 2) == -1);
      |            ^~~~~~~~~~~~~~~~~~~~~~~~~
/home/shawn/workspace2/reactive-tui/verification/api-native-components/consumer.c:185:5: error: implicit declaration of function ‘rtui_text_editor_destroy’; did you mean ‘rtui_renderer_destroy’? [-Wimplicit-function-declaration]
  185 |     rtui_text_editor_destroy(editor);
      |     ^~~~~~~~~~~~~~~~~~~~~~~~
      |     rtui_renderer_destroy
/home/shawn/workspace2/reactive-tui/verification/api-native-components/consumer.c:186:5: error: unknown type name ‘RTuiNativeStyle’
  186 |     RTuiNativeStyle *css = NULL;
      |     ^~~~~~~~~~~~~~~
/home/shawn/workspace2/reactive-tui/verification/api-native-components/consumer.c:190:5: error: unknown type name ‘RTuiDialogEngine’
  190 |     RTuiDialogEngine *engine = NULL;
      |     ^~~~~~~~~~~~~~~~
/home/shawn/workspace2/reactive-tui/verification/api-native-components/consumer.c:191:8: error: implicit declaration of function ‘rtui_dialog_engine_create’; did you mean ‘rtui_signal_int_create’? [-Wimplicit-function-declaration]
  191 |     OK(rtui_dialog_engine_create(&engine));
      |        ^~~~~~~~~~~~~~~~~~~~~~~~~
/home/shawn/workspace2/reactive-tui/verification/api-native-components/consumer.c:191:5: note: in expansion of macro ‘OK’
  191 |     OK(rtui_dialog_engine_create(&engine));
      |     ^~
/home/shawn/workspace2/reactive-tui/verification/api-native-components/consumer.c:201:16: error: implicit declaration of function ‘rtui_dialog_engine_update’ [-Wimplicit-function-declaration]
  201 |             OK(rtui_dialog_engine_update(engine, id, "{\"progress\":0.5}"));
      |                ^~~~~~~~~~~~~~~~~~~~~~~~~
/home/shawn/workspace2/reactive-tui/verification/api-native-components/consumer.c:201:13: note: in expansion of macro ‘OK’
  201 |             OK(rtui_dialog_engine_update(engine, id, "{\"progress\":0.5}"));
      |             ^~
/home/shawn/workspace2/reactive-tui/verification/api-native-components/consumer.c:204:12: error: implicit declaration of function ‘rtui_dialog_engine_close’ [-Wimplicit-function-declaration]
  204 |         OK(rtui_dialog_engine_close(engine, id, "{\"kind\":\"confirmed\",\"data\":\"saved\"}"));
      |            ^~~~~~~~~~~~~~~~~~~~~~~~
/home/shawn/workspace2/reactive-tui/verification/api-native-components/consumer.c:204:9: note: in expansion of macro ‘OK’
  204 |         OK(rtui_dialog_engine_close(engine, id, "{\"kind\":\"confirmed\",\"data\":\"saved\"}"));
      |         ^~
/home/shawn/workspace2/reactive-tui/verification/api-native-components/consumer.c:216:5: error: implicit declaration of function ‘rtui_dialog_engine_destroy’ [-Wimplicit-function-declaration]
  216 |     rtui_dialog_engine_destroy(engine);
      |     ^~~~~~~~~~~~~~~~~~~~~~~~~~
/home/shawn/workspace2/reactive-tui/verification/api-native-components/consumer.c: In function ‘main’:
/home/shawn/workspace2/reactive-tui/verification/api-native-components/consumer.c:231:8: error: implicit declaration of function ‘rtui_text_editor_set_show_line_numbers’ [-Wimplicit-function-declaration]
  231 |     OK(rtui_text_editor_set_show_line_numbers(ctx.editor, false));
      |        ^~~~~~~~~~~~~~~~~~~~~~~~~~~~~~~~~~~~~~
/home/shawn/workspace2/reactive-tui/verification/api-native-components/consumer.c:231:5: note: in expansion of macro ‘OK’
  231 |     OK(rtui_text_editor_set_show_line_numbers(ctx.editor, false));
      |     ^~
+ node /home/shawn/workspace2/reactive-tui/bindings/typescript/scripts/build.cjs
+ /home/shawn/workspace2/reactive-tui/bindings/typescript/node_modules/.bin/tsc /home/shawn/workspace2/reactive-tui/verification/api-native-components/consumer.ts --strict --target ES2020 --module commonjs --moduleResolution node --esModuleInterop --resolveJsonModule --skipLibCheck --types node --typeRoots /home/shawn/workspace2/reactive-tui/bindings/typescript/node_modules/@types --outDir /home/shawn/workspace2/reactive-tui/target/api-native-components-phgl7eaf/typescript
verification/api-native-components/consumer.ts(3,3): error TS2305: Module '"../../bindings/typescript/src/index"' has no exported member 'NativeTextEditor'.
verification/api-native-components/consumer.ts(3,21): error TS2305: Module '"../../bindings/typescript/src/index"' has no exported member 'NativeLayoutStyle'.
verification/api-native-components/consumer.ts(3,40): error TS2305: Module '"../../bindings/typescript/src/index"' has no exported member 'NativeDialogEngine'.
verification/api-native-components/consumer.ts(3,60): error TS2305: Module '"../../bindings/typescript/src/index"' has no exported member 'ForeignComponent'.
verification/api-native-components/consumer.ts(4,3): error TS2305: Module '"../../bindings/typescript/src/index"' has no exported member 'NativeApp'.
verification/api-native-components/consumer.ts(43,14): error TS7006: Parameter 'props' implicitly has an 'any' type.
verification/api-native-components/consumer.ts(43,21): error TS7006: Parameter 'state' implicitly has an 'any' type.
verification/api-native-components/consumer.ts(80,14): error TS7006: Parameter 'props' implicitly has an 'any' type.
verification/api-native-components/consumer.ts(80,21): error TS7006: Parameter 'state' implicitly has an 'any' type.
verification/api-native-components/consumer.ts(87,46): error TS2339: Property 'focus' does not exist on type 'Component'.
verification/api-native-components/consumer.ts(92,12): error TS7006: Parameter 'input' implicitly has an 'any' type.
Native consumer failures: C compilation, TypeScript compilation
