A11Y # GNOME Terminal 3.58.0 using VTE 0.84.0 +BIDI +GNUTLS +ICU +SYSTEMD
dbus-daemon[1378082]: [session uid=1000 pid=1378082 pidfd=5] Activating service name='org.a11y.Bus' requested by ':1.0' (uid=1000 pid=1378103 comm="/usr/bin/python3 /usr/bin/orca --version" label="unconfined")
dbus-daemon[1378082]: [session uid=1000 pid=1378082 pidfd=5] Successfully activated service 'org.a11y.Bus'
dbus-daemon[1378082]: [session uid=1000 pid=1378082 pidfd=5] Activating service name='org.gtk.vfs.Daemon' requested by ':1.3' (uid=1000 pid=1378139 comm="/usr/lib/x86_64-linux-gnu/../../lib/x86_64-linux-g" label="unconfined")
dbus-daemon[1378082]: [session uid=1000 pid=1378082 pidfd=5] Successfully activated service 'org.gtk.vfs.Daemon'
dbus-daemon[1378125]: Activating service name='org.a11y.atspi.Registry' requested by ':1.0' (uid=1000 pid=1378103 comm="/usr/bin/python3 /usr/bin/orca --version" label="unconfined")
dbus-daemon[1378125]: Successfully activated service 'org.a11y.atspi.Registry'
SpiRegistry daemon is running with well-known name - org.a11y.atspi.Registry
A11Y Orca version 50.1.2, AT-SPI2 version: 2.60.0, Session: x11 gnome
A11Y isolated X11/Xvfb viewport 60x16
dbus-daemon[1378082]: [session uid=1000 pid=1378082 pidfd=5] Activating service name='ca.desrt.dconf' requested by ':1.7' (uid=1000 pid=1378871 comm="/usr/bin/python3 /usr/bin/orca --debug-file /tmp/r" label="unconfined")
dbus-daemon[1378082]: [session uid=1000 pid=1378082 pidfd=5] Successfully activated service 'ca.desrt.dconf'
dbus-daemon[1378082]: [session uid=1000 pid=1378082 pidfd=5] Activating service name='org.gnome.Terminal' requested by ':1.9' (uid=1000 pid=1379181 comm="gnome-terminal --display=:1 --geometry=60x16 --wai" label="unconfined")
dbus-daemon[1378082]: [session uid=1000 pid=1378082 pidfd=5] Activating service name='org.freedesktop.portal.Desktop' requested by ':1.10' (uid=1000 pid=1379245 comm="/usr/libexec/gnome-terminal-server" label="unconfined")
dbus-daemon[1378082]: [session uid=1000 pid=1378082 pidfd=5] Activating service name='org.freedesktop.impl.portal.PermissionStore' requested by ':1.11' (uid=1000 pid=1379388 comm="/usr/libexec/xdg-desktop-portal" label="unconfined")
dbus-daemon[1378082]: [session uid=1000 pid=1378082 pidfd=5] Successfully activated service 'org.freedesktop.impl.portal.PermissionStore'
dbus-daemon[1378082]: [session uid=1000 pid=1378082 pidfd=5] Activating service name='org.freedesktop.portal.Documents' requested by ':1.11' (uid=1000 pid=1379388 comm="/usr/libexec/xdg-desktop-portal" label="unconfined")
dbus-daemon[1378082]: [session uid=1000 pid=1378082 pidfd=5] Successfully activated service 'org.freedesktop.portal.Documents'

(/usr/libexec/xdg-desktop-portal:1379388): xdg-desktop-portal-WARNING **: 21:48:26.279: Choosing gnome.portal for org.freedesktop.impl.portal.Lockdown via the deprecated UseIn key

(/usr/libexec/xdg-desktop-portal:1379388): xdg-desktop-portal-WARNING **: 21:48:26.279: The preferred method to match portal implementations to desktop environments is to use the portals.conf(5) configuration file
dbus-daemon[1378082]: [session uid=1000 pid=1378082 pidfd=5] Activating service name='org.freedesktop.impl.portal.desktop.gnome' requested by ':1.11' (uid=1000 pid=1379388 comm="/usr/libexec/xdg-desktop-portal" label="unconfined")
libEGL warning: DRI3 error: Could not get DRI3 device
libEGL warning: Ensure your X server supports DRI3 to get accelerated rendering
dbus-daemon[1378082]: [session uid=1000 pid=1378082 pidfd=5] Successfully activated service 'org.freedesktop.impl.portal.desktop.gnome'

(/usr/libexec/xdg-desktop-portal:1379388): xdg-desktop-portal-WARNING **: 21:48:26.392: Choosing gnome.portal for org.freedesktop.impl.portal.Access via the deprecated UseIn key

(/usr/libexec/xdg-desktop-portal:1379388): xdg-desktop-portal-WARNING **: 21:48:26.401: Choosing gnome.portal for org.freedesktop.impl.portal.Settings via the deprecated UseIn key

(/usr/libexec/xdg-desktop-portal:1379388): xdg-desktop-portal-WARNING **: 21:48:26.401: Choosing gtk.portal for org.freedesktop.impl.portal.Settings via the deprecated UseIn key
dbus-daemon[1378082]: [session uid=1000 pid=1378082 pidfd=5] Activating service name='org.freedesktop.impl.portal.desktop.gtk' requested by ':1.11' (uid=1000 pid=1379388 comm="/usr/libexec/xdg-desktop-portal" label="unconfined")
dbus-daemon[1378082]: [session uid=1000 pid=1378082 pidfd=5] Successfully activated service 'org.freedesktop.impl.portal.desktop.gtk'

(/usr/libexec/xdg-desktop-portal:1379388): xdg-desktop-portal-WARNING **: 21:48:26.420: Choosing gnome.portal for org.freedesktop.impl.portal.FileChooser via the deprecated UseIn key

(/usr/libexec/xdg-desktop-portal:1379388): xdg-desktop-portal-WARNING **: 21:48:26.421: Choosing gnome.portal for org.freedesktop.impl.portal.AppChooser via the deprecated UseIn key

(/usr/libexec/xdg-desktop-portal:1379388): xdg-desktop-portal-WARNING **: 21:48:26.421: Choosing gnome.portal for org.freedesktop.impl.portal.Print via the deprecated UseIn key

(/usr/libexec/xdg-desktop-portal:1379388): xdg-desktop-portal-WARNING **: 21:48:26.422: Choosing gnome.portal for org.freedesktop.impl.portal.Notification via the deprecated UseIn key

(/usr/libexec/xdg-desktop-portal:1379388): xdg-desktop-portal-WARNING **: 21:48:26.422: Choosing gtk.portal for org.freedesktop.impl.portal.Inhibit via the deprecated UseIn key

(/usr/libexec/xdg-desktop-portal:1379388): xdg-desktop-portal-WARNING **: 21:48:26.425: Failed to connect to PipeWire: Couldn't connect to PipeWire

(/usr/libexec/xdg-desktop-portal:1379388): xdg-desktop-portal-WARNING **: 21:48:26.425: Choosing gnome.portal for org.freedesktop.impl.portal.Screenshot via the deprecated UseIn key

(/usr/libexec/xdg-desktop-portal:1379388): xdg-desktop-portal-WARNING **: 21:48:26.425: Choosing gnome.portal for org.freedesktop.impl.portal.Background via the deprecated UseIn key

(/usr/libexec/xdg-desktop-portal:1379388): xdg-desktop-portal-WARNING **: 21:48:26.426: Choosing gnome.portal for org.freedesktop.impl.portal.Wallpaper via the deprecated UseIn key

(/usr/libexec/xdg-desktop-portal:1379388): xdg-desktop-portal-WARNING **: 21:48:26.426: Choosing gnome.portal for org.freedesktop.impl.portal.Account via the deprecated UseIn key

(/usr/libexec/xdg-desktop-portal:1379388): xdg-desktop-portal-WARNING **: 21:48:26.426: Choosing gtk.portal for org.freedesktop.impl.portal.Email via the deprecated UseIn key

(/usr/libexec/xdg-desktop-portal:1379388): xdg-desktop-portal-WARNING **: 21:48:26.426: Choosing gnome-keyring.portal for org.freedesktop.impl.portal.Secret via the deprecated UseIn key

(/usr/libexec/xdg-desktop-portal:1379388): xdg-desktop-portal-WARNING **: 21:48:26.426: Choosing gnome.portal for org.freedesktop.impl.portal.GlobalShortcuts via the deprecated UseIn key
dbus-daemon[1378082]: [session uid=1000 pid=1378082 pidfd=5] Activating service name='org.freedesktop.secrets' requested by ':1.11' (uid=1000 pid=1379388 comm="/usr/libexec/xdg-desktop-portal" label="unconfined")

(/usr/libexec/xdg-desktop-portal:1379388): xdg-desktop-portal-WARNING **: 21:48:26.427: Choosing gnome.portal for org.freedesktop.impl.portal.DynamicLauncher via the deprecated UseIn key

(/usr/libexec/xdg-desktop-portal:1379388): xdg-desktop-portal-WARNING **: 21:48:26.427: Choosing gnome.portal for org.freedesktop.impl.portal.ScreenCast via the deprecated UseIn key

(/usr/libexec/xdg-desktop-portal:1379388): xdg-desktop-portal-WARNING **: 21:48:26.427: Choosing gnome.portal for org.freedesktop.impl.portal.RemoteDesktop via the deprecated UseIn key

(/usr/libexec/xdg-desktop-portal:1379388): xdg-desktop-portal-WARNING **: 21:48:26.428: Choosing gnome.portal for org.freedesktop.impl.portal.Clipboard via the deprecated UseIn key

(/usr/libexec/xdg-desktop-portal:1379388): xdg-desktop-portal-WARNING **: 21:48:26.428: Choosing gnome.portal for org.freedesktop.impl.portal.InputCapture via the deprecated UseIn key

(/usr/libexec/xdg-desktop-portal:1379388): xdg-desktop-portal-WARNING **: 21:48:26.428: Choosing gnome.portal for org.freedesktop.impl.portal.Usb via the deprecated UseIn key
** Message: 21:48:26.429: couldn't access control socket: /tmp/rtui-orca-0rkub796/runtime/keyring/control: No such file or directory
discover_other_daemon: 0dbus-daemon[1378082]: [session uid=1000 pid=1378082 pidfd=5] Successfully activated service 'org.freedesktop.secrets'
dbus-daemon[1378082]: [session uid=1000 pid=1378082 pidfd=5] Successfully activated service 'org.freedesktop.portal.Desktop'
dbus-daemon[1378082]: [session uid=1000 pid=1378082 pidfd=5] Successfully activated service 'org.gnome.Terminal'
dbus-daemon[1378082]: [session uid=1000 pid=1378082 pidfd=5] Activating service name='org.gtk.vfs.Metadata' requested by ':1.10' (uid=1000 pid=1379245 comm="/usr/libexec/gnome-terminal-server" label="unconfined")
dbus-daemon[1378082]: [session uid=1000 pid=1378082 pidfd=5] Successfully activated service 'org.gtk.vfs.Metadata'

(process:1378083): dbind-WARNING **: 21:48:26.668: AT-SPI: AddAccessible with unknown signature (so)(so)(so)iiassusau


(process:1378083): dbind-WARNING **: 21:48:26.668: AT-SPI: AddAccessible with unknown signature (so)(so)(so)iiassusau


(process:1378083): dbind-WARNING **: 21:48:26.668: AT-SPI: AddAccessible with unknown signature (so)(so)(so)iiassusau


(process:1378083): dbind-WARNING **: 21:48:26.668: AT-SPI: AddAccessible with unknown signature (so)(so)(so)iiassusau


(process:1378083): dbind-WARNING **: 21:48:26.668: AT-SPI: AddAccessible with unknown signature (so)(so)(so)iiassusau


(process:1378083): dbind-WARNING **: 21:48:26.668: AT-SPI: AddAccessible with unknown signature (so)(so)(so)iiassusau


(process:1378083): dbind-WARNING **: 21:48:26.668: AT-SPI: AddAccessible with unknown signature (so)(so)(so)iiassusau


(process:1378083): dbind-WARNING **: 21:48:26.702: AT-SPI: AddAccessible with unknown signature (so)(so)(so)iiassusau


(process:1378083): dbind-WARNING **: 21:48:26.702: AT-SPI: AddAccessible with unknown signature (so)(so)(so)iiassusau


(process:1378083): dbind-WARNING **: 21:48:26.702: AT-SPI: AddAccessible with unknown signature (so)(so)(so)iiassusau

/home/shawn/workspace2/reactive-tui/tests/api_widget_behavior/orca.py:238: DeprecationWarning: Atspi.Action.get_action_name is deprecated
  assert action.get_action_name(0) == "click"

(process:1378083): dbind-WARNING **: 21:48:27.015: AT-SPI: AddAccessible with unknown signature (so)(so)(so)iiassusau


(process:1378083): dbind-WARNING **: 21:48:27.015: AT-SPI: AddAccessible with unknown signature (so)(so)(so)iiassusau


(process:1378083): dbind-WARNING **: 21:48:27.015: AT-SPI: AddAccessible with unknown signature (so)(so)(so)iiassusau


(process:1378083): dbind-WARNING **: 21:48:27.278: AT-SPI: AddAccessible with unknown signature (so)(so)(so)iiassusau


(process:1378083): dbind-WARNING **: 21:48:27.278: AT-SPI: AddAccessible with unknown signature (so)(so)(so)iiassusau


(process:1378083): dbind-WARNING **: 21:48:27.344: AT-SPI: Unknown signature so for RemoveAccessible

(process:1378083): dbind-WARNING **: 21:48:27.344: AT-SPI: Unknown signature so for RemoveAccessible

(process:1378083): dbind-WARNING **: 21:48:27.411: AT-SPI: AddAccessible with unknown signature (so)(so)(so)iiassusau


(process:1378083): dbind-WARNING **: 21:48:27.411: AT-SPI: Unknown signature so for RemoveAccessible

(process:1378083): dbind-WARNING **: 21:48:27.411: AT-SPI: Unknown signature so for RemoveAccessible

(process:1378083): dbind-WARNING **: 21:48:27.411: AT-SPI: Unknown signature so for RemoveAccessible

(process:1378083): dbind-WARNING **: 21:48:27.452: AT-SPI: Unknown signature so for RemoveAccessible

(process:1378083): dbind-WARNING **: 21:48:27.516: AT-SPI: AddAccessible with unknown signature (so)(so)(so)iiassusau


(process:1378083): dbind-WARNING **: 21:48:27.516: AT-SPI: AddAccessible with unknown signature (so)(so)(so)iiassusau


(process:1378083): dbind-WARNING **: 21:48:27.516: AT-SPI: AddAccessible with unknown signature (so)(so)(so)iiassusau


(process:1378083): dbind-WARNING **: 21:48:27.549: AT-SPI: AddAccessible with unknown signature (so)(so)(so)iiassusau


(process:1378083): dbind-WARNING **: 21:48:27.549: AT-SPI: AddAccessible with unknown signature (so)(so)(so)iiassusau


(process:1378083): dbind-WARNING **: 21:48:27.549: AT-SPI: AddAccessible with unknown signature (so)(so)(so)iiassusau


(process:1378083): dbind-WARNING **: 21:48:27.549: AT-SPI: AddAccessible with unknown signature (so)(so)(so)iiassusau


(process:1378083): dbind-WARNING **: 21:48:27.549: AT-SPI: AddAccessible with unknown signature (so)(so)(so)iiassusau


(process:1378083): dbind-WARNING **: 21:48:27.549: AT-SPI: Unknown signature so for RemoveAccessible

(process:1378083): dbind-WARNING **: 21:48:27.549: AT-SPI: Unknown signature so for RemoveAccessible

(process:1378083): dbind-WARNING **: 21:48:27.549: AT-SPI: Unknown signature so for RemoveAccessible

(process:1378083): dbind-WARNING **: 21:48:27.549: AT-SPI: Unknown signature so for RemoveAccessible

(process:1378083): dbind-WARNING **: 21:48:27.549: AT-SPI: Unknown signature so for RemoveAccessible

(process:1378083): dbind-WARNING **: 21:48:27.549: AT-SPI: Unknown signature so for RemoveAccessible
A11Y round 1: labels, roles, focus, disabled actions, expansion, nested input and removal passed

(process:1378083): dbind-WARNING **: 21:48:27.938: AT-SPI: AddAccessible with unknown signature (so)(so)(so)iiassusau


(process:1378083): dbind-WARNING **: 21:48:27.938: AT-SPI: Unknown signature so for RemoveAccessible

(process:1378083): dbind-WARNING **: 21:48:27.938: AT-SPI: Unknown signature so for RemoveAccessible

(process:1378083): dbind-WARNING **: 21:48:27.938: AT-SPI: Unknown signature so for RemoveAccessible

(process:1378083): dbind-WARNING **: 21:48:27.938: AT-SPI: Unknown signature so for RemoveAccessible

(process:1378083): dbind-WARNING **: 21:48:27.938: AT-SPI: Unknown signature so for RemoveAccessible
A11Y breadcrumb: labels, link roles, current page announcement, inert actions, assistive and keyboard focus, activation and removal passed

(process:1378083): dbind-WARNING **: 21:48:27.975: AT-SPI: AddAccessible with unknown signature (so)(so)(so)iiassusau


(process:1378083): dbind-WARNING **: 21:48:27.975: AT-SPI: AddAccessible with unknown signature (so)(so)(so)iiassusau


(process:1378083): dbind-WARNING **: 21:48:27.975: AT-SPI: AddAccessible with unknown signature (so)(so)(so)iiassusau


(process:1378083): dbind-WARNING **: 21:48:27.975: AT-SPI: AddAccessible with unknown signature (so)(so)(so)iiassusau


(process:1378083): dbind-WARNING **: 21:48:27.975: AT-SPI: AddAccessible with unknown signature (so)(so)(so)iiassusau


(process:1378083): dbind-WARNING **: 21:48:27.975: AT-SPI: AddAccessible with unknown signature (so)(so)(so)iiassusau


(process:1378083): dbind-WARNING **: 21:48:27.975: AT-SPI: AddAccessible with unknown signature (so)(so)(so)iiassusau


(process:1378083): dbind-WARNING **: 21:48:27.975: AT-SPI: Unknown signature so for RemoveAccessible
A11Y CSS: reference labels, description, role, focus, pressed update, live announcement and hidden state passed

(process:1378083): dbind-WARNING **: 21:48:28.316: AT-SPI: AddAccessible with unknown signature (so)(so)(so)iiassusau


(process:1378083): dbind-WARNING **: 21:48:28.316: AT-SPI: AddAccessible with unknown signature (so)(so)(so)iiassusau


(process:1378083): dbind-WARNING **: 21:48:28.316: AT-SPI: AddAccessible with unknown signature (so)(so)(so)iiassusau


(process:1378083): dbind-WARNING **: 21:48:28.316: AT-SPI: Unknown signature so for RemoveAccessible

(process:1378083): dbind-WARNING **: 21:48:28.316: AT-SPI: Unknown signature so for RemoveAccessible

(process:1378083): dbind-WARNING **: 21:48:28.316: AT-SPI: Unknown signature so for RemoveAccessible

(process:1378083): dbind-WARNING **: 21:48:28.316: AT-SPI: Unknown signature so for RemoveAccessible

(process:1378083): dbind-WARNING **: 21:48:28.316: AT-SPI: Unknown signature so for RemoveAccessible

(process:1378083): dbind-WARNING **: 21:48:28.316: AT-SPI: Unknown signature so for RemoveAccessible

(process:1378083): dbind-WARNING **: 21:48:28.357: AT-SPI: AddAccessible with unknown signature (so)(so)(so)iiassusau


(process:1378083): dbind-WARNING **: 21:48:28.357: AT-SPI: AddAccessible with unknown signature (so)(so)(so)iiassusau


(process:1378083): dbind-WARNING **: 21:48:28.357: AT-SPI: AddAccessible with unknown signature (so)(so)(so)iiassusau


(process:1378083): dbind-WARNING **: 21:48:28.357: AT-SPI: AddAccessible with unknown signature (so)(so)(so)iiassusau


(process:1378083): dbind-WARNING **: 21:48:28.357: AT-SPI: AddAccessible with unknown signature (so)(so)(so)iiassusau


(process:1378083): dbind-WARNING **: 21:48:28.357: AT-SPI: AddAccessible with unknown signature (so)(so)(so)iiassusau


(process:1378083): dbind-WARNING **: 21:48:28.357: AT-SPI: AddAccessible with unknown signature (so)(so)(so)iiassusau


(process:1378083): dbind-WARNING **: 21:48:28.357: AT-SPI: AddAccessible with unknown signature (so)(so)(so)iiassusau


(process:1378083): dbind-WARNING **: 21:48:28.619: AT-SPI: Unknown signature so for RemoveAccessible

(process:1378083): dbind-WARNING **: 21:48:28.619: AT-SPI: Unknown signature so for RemoveAccessible

(process:1378083): dbind-WARNING **: 21:48:28.619: AT-SPI: Unknown signature so for RemoveAccessible

(process:1378083): dbind-WARNING **: 21:48:28.619: AT-SPI: Unknown signature so for RemoveAccessible

(process:1378083): dbind-WARNING **: 21:48:28.619: AT-SPI: Unknown signature so for RemoveAccessible

(process:1378083): dbind-WARNING **: 21:48:28.619: AT-SPI: Unknown signature so for RemoveAccessible

(process:1378083): dbind-WARNING **: 21:48:28.619: AT-SPI: Unknown signature so for RemoveAccessible

(process:1378083): dbind-WARNING **: 21:48:28.619: AT-SPI: Unknown signature so for RemoveAccessible

(process:1378083): dbind-WARNING **: 21:48:28.651: AT-SPI: AddAccessible with unknown signature (so)(so)(so)iiassusau


(process:1378083): dbind-WARNING **: 21:48:28.651: AT-SPI: AddAccessible with unknown signature (so)(so)(so)iiassusau


(process:1378083): dbind-WARNING **: 21:48:28.651: AT-SPI: AddAccessible with unknown signature (so)(so)(so)iiassusau


(process:1378083): dbind-WARNING **: 21:48:28.651: AT-SPI: AddAccessible with unknown signature (so)(so)(so)iiassusau


(process:1378083): dbind-WARNING **: 21:48:28.651: AT-SPI: AddAccessible with unknown signature (so)(so)(so)iiassusau


(process:1378083): dbind-WARNING **: 21:48:28.651: AT-SPI: AddAccessible with unknown signature (so)(so)(so)iiassusau


(process:1378083): dbind-WARNING **: 21:48:28.651: AT-SPI: AddAccessible with unknown signature (so)(so)(so)iiassusau


(process:1378083): dbind-WARNING **: 21:48:28.651: AT-SPI: AddAccessible with unknown signature (so)(so)(so)iiassusau


(process:1378083): dbind-WARNING **: 21:48:28.775: AT-SPI: AddAccessible with unknown signature (so)(so)(so)iiassusau


(process:1378083): dbind-WARNING **: 21:48:28.775: AT-SPI: AddAccessible with unknown signature (so)(so)(so)iiassusau


(process:1378083): dbind-WARNING **: 21:48:28.775: AT-SPI: AddAccessible with unknown signature (so)(so)(so)iiassusau


(process:1378083): dbind-WARNING **: 21:48:28.904: AT-SPI: Unknown signature so for RemoveAccessible

(process:1378083): dbind-WARNING **: 21:48:28.904: AT-SPI: Unknown signature so for RemoveAccessible

(process:1378083): dbind-WARNING **: 21:48:28.905: AT-SPI: Unknown signature so for RemoveAccessible

(process:1378083): dbind-WARNING **: 21:48:28.905: AT-SPI: Unknown signature so for RemoveAccessible

(process:1378083): dbind-WARNING **: 21:48:28.905: AT-SPI: Unknown signature so for RemoveAccessible

(process:1378083): dbind-WARNING **: 21:48:28.905: AT-SPI: Unknown signature so for RemoveAccessible

(process:1378083): dbind-WARNING **: 21:48:28.905: AT-SPI: Unknown signature so for RemoveAccessible

(process:1378083): dbind-WARNING **: 21:48:28.905: AT-SPI: Unknown signature so for RemoveAccessible

(process:1378083): dbind-WARNING **: 21:48:28.905: AT-SPI: Unknown signature so for RemoveAccessible

(process:1378083): dbind-WARNING **: 21:48:28.905: AT-SPI: Unknown signature so for RemoveAccessible

(process:1378083): dbind-WARNING **: 21:48:28.905: AT-SPI: Unknown signature so for RemoveAccessible
A11Y menu family 1: roles, disabled actions, assistive/keyboard focus, nested activation and removal passed

(process:1378083): dbind-WARNING **: 21:48:28.947: AT-SPI: Unknown signature so for RemoveAccessible

(process:1378083): dbind-WARNING **: 21:48:28.947: AT-SPI: Unknown signature so for RemoveAccessible

(process:1378083): dbind-WARNING **: 21:48:28.947: AT-SPI: Unknown signature so for RemoveAccessible

(process:1378083): dbind-WARNING **: 21:48:28.947: AT-SPI: AddAccessible with unknown signature (so)(so)(so)iiassusau


(process:1378083): dbind-WARNING **: 21:48:28.947: AT-SPI: AddAccessible with unknown signature (so)(so)(so)iiassusau


(process:1378083): dbind-WARNING **: 21:48:28.947: AT-SPI: AddAccessible with unknown signature (so)(so)(so)iiassusau


(process:1378083): dbind-WARNING **: 21:48:28.947: AT-SPI: AddAccessible with unknown signature (so)(so)(so)iiassusau


(process:1378083): dbind-WARNING **: 21:48:28.947: AT-SPI: AddAccessible with unknown signature (so)(so)(so)iiassusau


(process:1378083): dbind-WARNING **: 21:48:28.947: AT-SPI: AddAccessible with unknown signature (so)(so)(so)iiassusau


(process:1378083): dbind-WARNING **: 21:48:28.947: AT-SPI: AddAccessible with unknown signature (so)(so)(so)iiassusau


(process:1378083): dbind-WARNING **: 21:48:28.947: AT-SPI: AddAccessible with unknown signature (so)(so)(so)iiassusau


(process:1378083): dbind-WARNING **: 21:48:28.947: AT-SPI: AddAccessible with unknown signature (so)(so)(so)iiassusau


(process:1378083): dbind-WARNING **: 21:48:29.196: AT-SPI: AddAccessible with unknown signature (so)(so)(so)iiassusau


(process:1378083): dbind-WARNING **: 21:48:29.196: AT-SPI: AddAccessible with unknown signature (so)(so)(so)iiassusau


(process:1378083): dbind-WARNING **: 21:48:29.196: AT-SPI: AddAccessible with unknown signature (so)(so)(so)iiassusau


(process:1378083): dbind-WARNING **: 21:48:29.356: AT-SPI: Unknown signature so for RemoveAccessible

(process:1378083): dbind-WARNING **: 21:48:29.356: AT-SPI: Unknown signature so for RemoveAccessible

(process:1378083): dbind-WARNING **: 21:48:29.356: AT-SPI: Unknown signature so for RemoveAccessible

(process:1378083): dbind-WARNING **: 21:48:29.382: AT-SPI: Unknown signature so for RemoveAccessible

(process:1378083): dbind-WARNING **: 21:48:29.382: AT-SPI: Unknown signature so for RemoveAccessible

(process:1378083): dbind-WARNING **: 21:48:29.382: AT-SPI: Unknown signature so for RemoveAccessible

(process:1378083): dbind-WARNING **: 21:48:29.382: AT-SPI: Unknown signature so for RemoveAccessible

(process:1378083): dbind-WARNING **: 21:48:29.382: AT-SPI: Unknown signature so for RemoveAccessible

(process:1378083): dbind-WARNING **: 21:48:29.382: AT-SPI: Unknown signature so for RemoveAccessible

(process:1378083): dbind-WARNING **: 21:48:29.382: AT-SPI: Unknown signature so for RemoveAccessible

(process:1378083): dbind-WARNING **: 21:48:29.382: AT-SPI: Unknown signature so for RemoveAccessible

(process:1378083): dbind-WARNING **: 21:48:29.382: AT-SPI: Unknown signature so for RemoveAccessible
A11Y menu family 2: roles, disabled actions, assistive/keyboard focus, nested activation and removal passed

(process:1378083): dbind-WARNING **: 21:48:29.423: AT-SPI: AddAccessible with unknown signature (so)(so)(so)iiassusau


(process:1378083): dbind-WARNING **: 21:48:29.423: AT-SPI: AddAccessible with unknown signature (so)(so)(so)iiassusau


(process:1378083): dbind-WARNING **: 21:48:29.423: AT-SPI: AddAccessible with unknown signature (so)(so)(so)iiassusau


(process:1378083): dbind-WARNING **: 21:48:29.423: AT-SPI: AddAccessible with unknown signature (so)(so)(so)iiassusau


(process:1378083): dbind-WARNING **: 21:48:29.423: AT-SPI: AddAccessible with unknown signature (so)(so)(so)iiassusau


(process:1378083): dbind-WARNING **: 21:48:29.423: AT-SPI: AddAccessible with unknown signature (so)(so)(so)iiassusau


(process:1378083): dbind-WARNING **: 21:48:29.423: AT-SPI: AddAccessible with unknown signature (so)(so)(so)iiassusau


(process:1378083): dbind-WARNING **: 21:48:29.423: AT-SPI: AddAccessible with unknown signature (so)(so)(so)iiassusau


(process:1378083): dbind-WARNING **: 21:48:29.423: AT-SPI: AddAccessible with unknown signature (so)(so)(so)iiassusau


(process:1378083): dbind-WARNING **: 21:48:29.571: AT-SPI: AddAccessible with unknown signature (so)(so)(so)iiassusau


(process:1378083): dbind-WARNING **: 21:48:29.571: AT-SPI: AddAccessible with unknown signature (so)(so)(so)iiassusau


(process:1378083): dbind-WARNING **: 21:48:29.571: AT-SPI: AddAccessible with unknown signature (so)(so)(so)iiassusau


(process:1378083): dbind-WARNING **: 21:48:29.696: AT-SPI: Unknown signature so for RemoveAccessible

(process:1378083): dbind-WARNING **: 21:48:29.696: AT-SPI: Unknown signature so for RemoveAccessible

(process:1378083): dbind-WARNING **: 21:48:29.696: AT-SPI: Unknown signature so for RemoveAccessible

(process:1378083): dbind-WARNING **: 21:48:29.696: AT-SPI: Unknown signature so for RemoveAccessible

(process:1378083): dbind-WARNING **: 21:48:29.696: AT-SPI: Unknown signature so for RemoveAccessible

(process:1378083): dbind-WARNING **: 21:48:29.696: AT-SPI: Unknown signature so for RemoveAccessible

(process:1378083): dbind-WARNING **: 21:48:29.696: AT-SPI: Unknown signature so for RemoveAccessible

(process:1378083): dbind-WARNING **: 21:48:29.696: AT-SPI: Unknown signature so for RemoveAccessible

(process:1378083): dbind-WARNING **: 21:48:29.696: AT-SPI: Unknown signature so for RemoveAccessible

(process:1378083): dbind-WARNING **: 21:48:29.696: AT-SPI: Unknown signature so for RemoveAccessible

(process:1378083): dbind-WARNING **: 21:48:29.696: AT-SPI: Unknown signature so for RemoveAccessible

(process:1378083): dbind-WARNING **: 21:48:29.696: AT-SPI: Unknown signature so for RemoveAccessible
A11Y menu family 3: roles, disabled actions, assistive/keyboard focus, nested activation and removal passed

(process:1378083): dbind-WARNING **: 21:48:29.763: AT-SPI: AddAccessible with unknown signature (so)(so)(so)iiassusau


(process:1378083): dbind-WARNING **: 21:48:29.764: AT-SPI: AddAccessible with unknown signature (so)(so)(so)iiassusau


(process:1378083): dbind-WARNING **: 21:48:29.764: AT-SPI: AddAccessible with unknown signature (so)(so)(so)iiassusau


(process:1378083): dbind-WARNING **: 21:48:29.764: AT-SPI: AddAccessible with unknown signature (so)(so)(so)iiassusau


(process:1378083): dbind-WARNING **: 21:48:29.764: AT-SPI: AddAccessible with unknown signature (so)(so)(so)iiassusau


(process:1378083): dbind-WARNING **: 21:48:29.764: AT-SPI: AddAccessible with unknown signature (so)(so)(so)iiassusau


(process:1378083): dbind-WARNING **: 21:48:29.764: AT-SPI: AddAccessible with unknown signature (so)(so)(so)iiassusau


(process:1378083): dbind-WARNING **: 21:48:29.764: AT-SPI: AddAccessible with unknown signature (so)(so)(so)iiassusau


(process:1378083): dbind-WARNING **: 21:48:29.764: AT-SPI: AddAccessible with unknown signature (so)(so)(so)iiassusau


(process:1378083): dbind-WARNING **: 21:48:29.764: AT-SPI: AddAccessible with unknown signature (so)(so)(so)iiassusau


(process:1378083): dbind-WARNING **: 21:48:30.004: AT-SPI: AddAccessible with unknown signature (so)(so)(so)iiassusau


(process:1378083): dbind-WARNING **: 21:48:30.004: AT-SPI: AddAccessible with unknown signature (so)(so)(so)iiassusau


(process:1378083): dbind-WARNING **: 21:48:30.004: AT-SPI: AddAccessible with unknown signature (so)(so)(so)iiassusau

Traceback (most recent call last):
  File "/home/shawn/workspace2/reactive-tui/tests/api_widget_behavior/orca.py", line 455, in <module>
    inside(arguments)
    ~~~~~~^^^^^^^^^^^
  File "/home/shawn/workspace2/reactive-tui/tests/api_widget_behavior/orca.py", line 390, in inside
    exercise_menus(root, keyboard, wait, named, state, click, speech, Atspi,
    ~~~~~~~~~~~~~~^^^^^^^^^^^^^^^^^^^^^^^^^^^^^^^^^^^^^^^^^^^^^^^^^^^^^^^^^^
                   lambda: len((run / "orca.log").read_text().splitlines()))
                   ^^^^^^^^^^^^^^^^^^^^^^^^^^^^^^^^^^^^^^^^^^^^^^^^^^^^^^^^^
  File "/home/shawn/workspace2/reactive-tui/tests/api_widget_behavior/orca_menus.py", line 44, in exercise
    wait("nested menu focus absent", lambda: state(leaf, Atspi.StateType.FOCUSED))
    ~~~~^^^^^^^^^^^^^^^^^^^^^^^^^^^^^^^^^^^^^^^^^^^^^^^^^^^^^^^^^^^^^^^^^^^^^^^^^^
  File "/home/shawn/workspace2/reactive-tui/tests/api_widget_behavior/orca.py", line 194, in wait
    raise AssertionError(reason)
AssertionError: nested menu focus absent
A connection to the bus can't be made
