A11Y # GNOME Terminal 3.58.0 using VTE 0.84.0 +BIDI +GNUTLS +ICU +SYSTEMD
A11Y Orca version 50.1.2, AT-SPI2 version: 2.60.0, Session: x11 gnome
A11Y isolated X11/Xvfb viewport 32x10
A11Y round 1: labels, roles, focus, disabled actions, expansion, nested input and removal passed
A11Y breadcrumb: labels, link roles, current page announcement, inert actions, assistive and keyboard focus, activation and removal passed
A11Y CSS: reference labels, description, role, focus, pressed update, live announcement and hidden state passed
A11Y checkbox: role, distinct label, mixed/checked/unchecked speech, focus, assistive/keyboard toggles and disabled actions passed
A11Y slider: label, role, focus, numeric bounds, keyboard step and changed value speech passed
A11Y radio: group/option roles, labels, focus, disabled skipping, exclusive keyboard and assistive selection passed
A11Y named radios: roles, labels, focus and exclusive group selection passed
A11Y select: combo/list/option roles, labels, expansion, focus, disabled skipping, single/multiple assistive and keyboard selection with selection speech passed
A11Y menu family 1: roles, disabled actions, assistive/keyboard focus, nested activation and removal passed
A11Y menu family 2: roles, disabled actions, assistive/keyboard focus, nested activation and removal passed
A11Y menu family 3: roles, disabled actions, assistive/keyboard focus, nested activation and removal passed
A11Y menu family 4: roles, disabled actions, assistive/keyboard focus, nested activation and removal passed
A11Y round 2: simultaneous and successive App isolation, action delivery, exactly-once callbacks and adapter cleanup passed
A11Y 20:31:37.296356 - SPEECH OUTPUT: 'Account preferences accessible label' {'established': False, 'family': {'name': '', 'gender': None, 'lang': 'C', 'dialect': '', 'variant': None}}
A11Y 20:31:37.296384 - SPEECH OUTPUT: 'collapsed button.' {'established': False}
A11Y 20:31:37.460102 - SPEECH OUTPUT: 'Account preferences accessible label' {'established': False, 'family': {'name': '', 'gender': None, 'lang': 'C', 'dialect': '', 'variant': None}}
A11Y 20:31:37.497931 - SPEECH OUTPUT: 'expanded' {'established': False}
A11Y 20:31:37.554622 - SPEECH OUTPUT: 'Nested account entry' {'established': False, 'family': {'name': '', 'gender': None, 'lang': 'C', 'dialect': '', 'variant': None}}
A11Y 20:31:37.614059 - SPEECH OUTPUT: 'Privacy preferences accessible label' {'established': False, 'family': {'name': '', 'gender': None, 'lang': 'C', 'dialect': '', 'variant': None}}
A11Y 20:31:37.614108 - SPEECH OUTPUT: 'collapsed button.' {'established': False}
A11Y 20:31:37.671362 - SPEECH OUTPUT: 'expanded' {'established': False}
A11Y 20:31:37.755992 - SPEECH OUTPUT: 'Account preferences accessible label' {'established': False, 'family': {'name': '', 'gender': None, 'lang': 'C', 'dialect': '', 'variant': None}}
A11Y 20:31:37.756040 - SPEECH OUTPUT: 'collapsed button.' {'established': False}
A11Y 20:31:37.846740 - SPEECH OUTPUT: 'Breadcrumb docs accessible label' {'established': False, 'family': {'name': '', 'gender': None, 'lang': 'C', 'dialect': '', 'variant': None}}
A11Y 20:31:37.892926 - SPEECH OUTPUT: 'Breadcrumb home accessible label' {'established': False, 'family': {'name': '', 'gender': None, 'lang': 'C', 'dialect': '', 'variant': None}}
A11Y 20:31:37.955492 - SPEECH OUTPUT: 'Breadcrumb docs accessible label' {'established': False, 'family': {'name': '', 'gender': None, 'lang': 'C', 'dialect': '', 'variant': None}}
A11Y 20:31:38.011455 - SPEECH OUTPUT: 'Breadcrumb current accessible label' {'established': False, 'family': {'name': '', 'gender': None, 'lang': 'C', 'dialect': '', 'variant': None}}
A11Y 20:31:38.011498 - SPEECH OUTPUT: 'static (Current page)' {'established': False}
A11Y 20:31:38.147929 - SPEECH OUTPUT: 'Independent App action' {'established': False, 'family': {'name': '', 'gender': None, 'lang': 'C', 'dialect': '', 'variant': None}}
A11Y 20:31:38.339707 - SPEECH OUTPUT: 'Background calls 1' {'established': False}
A11Y 20:31:38.352850 - SPEECH OUTPUT: 'pressed' {'established': False}
A11Y 20:31:38.407956 - SPEECH OUTPUT: 'Notification preference' {'established': False, 'family': {'name': '', 'gender': None, 'lang': 'C', 'dialect': '', 'variant': None}}
A11Y 20:31:38.408050 - SPEECH OUTPUT: 'check box partially checked.' {'established': False}
A11Y 20:31:38.456475 - SPEECH OUTPUT: 'checked' {'established': False}
A11Y 20:31:38.488674 - SPEECH OUTPUT: 'not checked' {'established': False}
A11Y 20:31:38.541485 - SPEECH OUTPUT: 'Playback volume' {'established': False, 'family': {'name': '', 'gender': None, 'lang': 'C', 'dialect': '', 'variant': None}}
A11Y 20:31:38.722602 - SPEECH OUTPUT: 'Standard delivery' {'established': False, 'family': {'name': '', 'gender': None, 'lang': 'C', 'dialect': '', 'variant': None}}
A11Y 20:31:38.722626 - SPEECH OUTPUT: 'selected radio button.' {'established': False}
A11Y 20:31:38.797117 - SPEECH OUTPUT: 'Express delivery' {'established': False, 'family': {'name': '', 'gender': None, 'lang': 'C', 'dialect': '', 'variant': None}}
A11Y 20:31:38.797140 - SPEECH OUTPUT: 'not selected radio button.' {'established': False}
A11Y 20:31:38.846119 - SPEECH OUTPUT: 'selected' {'established': False}
A11Y 20:31:38.903427 - SPEECH OUTPUT: 'Standard delivery' {'established': False, 'family': {'name': '', 'gender': None, 'lang': 'C', 'dialect': '', 'variant': None}}
A11Y 20:31:38.903452 - SPEECH OUTPUT: 'selected radio button.' {'established': False}
A11Y 20:31:38.981214 - SPEECH OUTPUT: 'Named beta' {'established': False, 'family': {'name': '', 'gender': None, 'lang': 'C', 'dialect': '', 'variant': None}}
A11Y 20:31:38.981254 - SPEECH OUTPUT: 'not selected radio button.' {'established': False}
A11Y 20:31:39.707404 - SPEECH OUTPUT: 'selected' {'established': False}
A11Y 20:31:40.027357 - SPEECH OUTPUT: 'Enable notifications' {'established': False, 'family': {'name': '', 'gender': None, 'lang': 'C', 'dialect': '', 'variant': None}}
A11Y 20:31:40.027385 - SPEECH OUTPUT: 'check menu item not checked.' {'established': False}
A11Y 20:31:40.134363 - SPEECH OUTPUT: 'Menu file' {'established': False, 'family': {'name': '', 'gender': None, 'lang': 'C', 'dialect': '', 'variant': None}}
A11Y 20:31:40.218888 - SPEECH OUTPUT: 'Enable notifications' {'established': False, 'family': {'name': '', 'gender': None, 'lang': 'C', 'dialect': '', 'variant': None}}
A11Y 20:31:40.218930 - SPEECH OUTPUT: 'check menu item checked.' {'established': False}
A11Y 20:31:40.319422 - SPEECH OUTPUT: 'Recent menu' {'established': False, 'family': {'name': '', 'gender': None, 'lang': 'C', 'dialect': '', 'variant': None}}
A11Y 20:31:40.430321 - SPEECH OUTPUT: 'Recent document.' {'established': False, 'family': {'name': '', 'gender': None, 'lang': 'C', 'dialect': '', 'variant': None}}
A11Y 20:31:40.592335 - SPEECH OUTPUT: 'Enable notifications' {'established': False, 'family': {'name': '', 'gender': None, 'lang': 'C', 'dialect': '', 'variant': None}}
A11Y 20:31:40.592359 - SPEECH OUTPUT: 'check menu item not checked.' {'established': False}
A11Y 20:31:40.706245 - SPEECH OUTPUT: 'checked' {'established': False}
A11Y 20:31:40.776849 - SPEECH OUTPUT: 'Recent menu' {'established': False, 'family': {'name': '', 'gender': None, 'lang': 'C', 'dialect': '', 'variant': None}}
A11Y 20:31:40.865457 - SPEECH OUTPUT: 'Recent document.' {'established': False, 'family': {'name': '', 'gender': None, 'lang': 'C', 'dialect': '', 'variant': None}}
A11Y 20:31:40.896008 - SPEECH OUTPUT: 'expanded' {'established': False}
A11Y 20:31:40.991014 - SPEECH OUTPUT: 'Recent menu' {'established': False, 'family': {'name': '', 'gender': None, 'lang': 'C', 'dialect': '', 'variant': None}}
A11Y 20:31:41.124132 - SPEECH OUTPUT: 'Enable notifications' {'established': False, 'family': {'name': '', 'gender': None, 'lang': 'C', 'dialect': '', 'variant': None}}
A11Y 20:31:41.124169 - SPEECH OUTPUT: 'check menu item not checked.' {'established': False}
A11Y 20:31:41.216099 - SPEECH OUTPUT: 'Recent menu' {'established': False, 'family': {'name': '', 'gender': None, 'lang': 'C', 'dialect': '', 'variant': None}}
A11Y 20:31:41.338461 - SPEECH OUTPUT: 'Recent document.' {'established': False, 'family': {'name': '', 'gender': None, 'lang': 'C', 'dialect': '', 'variant': None}}
A11Y 20:31:41.521466 - SPEECH OUTPUT: 'Enable notifications' {'established': False, 'family': {'name': '', 'gender': None, 'lang': 'C', 'dialect': '', 'variant': None}}
A11Y 20:31:41.521492 - SPEECH OUTPUT: 'check menu item not checked.' {'established': False}
A11Y 20:31:41.676674 - SPEECH OUTPUT: 'checked' {'established': False}
A11Y 20:31:41.780147 - SPEECH OUTPUT: 'Recent menu' {'established': False, 'family': {'name': '', 'gender': None, 'lang': 'C', 'dialect': '', 'variant': None}}
A11Y 20:31:41.864453 - SPEECH OUTPUT: 'Recent document' {'established': False, 'family': {'name': '', 'gender': None, 'lang': 'C', 'dialect': '', 'variant': None}}
A11Y 20:31:41.864479 - SPEECH OUTPUT: 'check menu item not checked.' {'established': False}
A11Y 20:31:41.905182 - SPEECH OUTPUT: 'expanded' {'established': False}
A11Y 20:31:41.970714 - SPEECH OUTPUT: 'Background calls 1' {'established': False}
A11Y 20:31:42.014636 - SPEECH OUTPUT: 'Background calls 1' {'established': False}
A11Y 20:31:42.139426 - SPEECH OUTPUT: 'Account preferences accessible label' {'established': False, 'family': {'name': '', 'gender': None, 'lang': 'C', 'dialect': '', 'variant': None}}
A11Y 20:31:42.139472 - SPEECH OUTPUT: 'collapsed button.' {'established': False}
A11Y 20:31:42.222933 - SPEECH OUTPUT: 'expanded' {'established': False}
Orca diagnostic logs: /home/shawn/workspace2/reactive-tui/target/api011-check-tmp/rtui-orca-1ntjdf1c
