warning: unused import: `std::os::windows::io::AsRawHandle`
  --> src\core\capabilities.rs:12:5
   |
12 | use std::os::windows::io::AsRawHandle;
   |     ^^^^^^^^^^^^^^^^^^^^^^^^^^^^^^^^^
   |
   = note: `#[warn(unused_imports)]` (part of `#[warn(unused)]`) on by default

warning: variable does not need to be mutable
    --> src\platform\mod.rs:1199:13
     |
1199 |         let mut buffer = [0u8; 8192];
     |             ----^^^^^^
     |             |
     |             help: remove this `mut`
     |
     = note: `#[warn(unused_mut)]` (part of `#[warn(unused)]`) on by default

warning: variable does not need to be mutable
    --> src\platform\mod.rs:1200:13
     |
1200 |         let mut total_read = 0;
     |             ----^^^^^^^^^^
     |             |
     |             help: remove this `mut`

warning: method `serial` is never used
  --> src\event\router.rs:84:19
   |
83 | impl NodeId {
   | ----------- method in this implementation
84 |     pub(crate) fn serial(self) -> usize {
   |                   ^^^^^^
   |
   = note: `#[warn(dead_code)]` (part of `#[warn(unused)]`) on by default

warning: field `parser` is never read
   --> src\platform\mod.rs:474:5
    |
471 | pub struct DirectTty {
    |            --------- field in this struct
...
474 |     parser: parser::EscapeSequenceParser,
    |     ^^^^^^

warning: `reactive-tui` (lib) generated 5 warnings (run `cargo fix --lib -p reactive-tui` to apply 3 suggestions)
    Finished `test` profile [unoptimized + debuginfo] target(s) in 0.33s
     Running tests\api_widget_behavior.rs (target\debug\deps\api_widget_behavior-461a1b9595786a43.exe)

running 1 test
test terminal_acceptance::terminal_widget_windows_app_routes_input_and_paints_after_resize ... FAILED

failures:

---- terminal_acceptance::terminal_widget_windows_app_routes_input_and_paints_after_resize stdout ----

thread 'terminal_acceptance::terminal_widget_windows_app_routes_input_and_paints_after_resize' (4048) panicked at tests\support\app_input.rs:102:13:
App painted 9 frames but input needs Some((1, ["\n53                                             │"])) before the deadline. Last frame:
Administrator: C:\Windows\system32\cmd.exe      
Microsoft Windows [Version 10.0.20348.5499]    │
(c) Microsoft Corporation. All rights reser    │
ved.                                           │
                                               │
READY>@set /a 41+1                             │
42    @set /a 52+1                             │
53ADY>                                         │
READY>                                         │
                                               │
                                               │
                                               │
                                               │
                                               █
note: run with `RUST_BACKTRACE=1` environment variable to display a backtrace


failures:
    terminal_acceptance::terminal_widget_windows_app_routes_input_and_paints_after_resize

test result: FAILED. 0 passed; 1 failed; 0 ignored; 0 measured; 383 filtered out; finished in 13.33s

error: test failed, to rerun pass `--test api_widget_behavior`
