   Compiling reactive-tui v0.0.7 (/home/shawn/workspace2/reactive-tui)
    Finished `test` profile [unoptimized + debuginfo] target(s) in 17.73s
     Running unittests src/lib.rs (target/debug/deps/reactive_tui-8db3a30746e1a23f)

running 1 test

thread 'widgets::display::image::external_renderer::tests::api_image_external_render_preserves_caller_file' (863849) panicked at src/widgets/display/image/external_renderer.rs:370:13:
success: 
running 1 test
test widgets::display::image::external_renderer::tests::api_image_external_render_preserves_caller_file ... FAILED

failures:

failures:
    widgets::display::image::external_renderer::tests::api_image_external_render_preserves_caller_file

test result: FAILED. 0 passed; 1 failed; 0 ignored; 0 measured; 849 filtered out; finished in 0.00s


thread 'widgets::display::image::external_renderer::tests::api_image_external_render_preserves_caller_file' (863851) panicked at src/widgets/display/image/external_renderer.rs:347:45:
renderer deleted caller-owned image: Os { code: 2, kind: NotFound, message: "No such file or directory" }
note: run with `RUST_BACKTRACE=1` environment variable to display a backtrace

note: run with `RUST_BACKTRACE=1` environment variable to display a backtrace
test widgets::display::image::external_renderer::tests::api_image_external_render_preserves_caller_file ... FAILED

failures:

failures:
    widgets::display::image::external_renderer::tests::api_image_external_render_preserves_caller_file

test result: FAILED. 0 passed; 1 failed; 0 ignored; 0 measured; 849 filtered out; finished in 0.00s

error: test failed, to rerun pass `--lib`
