warning: unused import: `std::os::windows::io::AsRawHandle`
  --> src\core\capabilities.rs:12:5
   |
12 | use std::os::windows::io::AsRawHandle;
   |     ^^^^^^^^^^^^^^^^^^^^^^^^^^^^^^^^^
   |
   = note: `#[warn(unused_imports)]` (part of `#[warn(unused)]`) on by default

warning: unused import: `crate::terminal::TerminalConfig`
 --> src\terminal\pty\tests.rs:2:5
  |
2 | use crate::terminal::TerminalConfig;
  |     ^^^^^^^^^^^^^^^^^^^^^^^^^^^^^^^

warning: unused import: `std::time::Duration`
 --> src\terminal\pty\tests.rs:3:5
  |
3 | use std::time::Duration;
  |     ^^^^^^^^^^^^^^^^^^^

warning: variable does not need to be mutable
    --> src\platform\mod.rs:1199:13
     |
1199 |         let mut buffer = [0u8; 8192];
     |             ----^^^^^^
     |             |
     |             help: remove this `mut`
     |
     = note: `#[warn(unused_mut)]` (part of `#[warn(unused)]`) on by default

warning: variable does not need to be mutable
    --> src\platform\mod.rs:1200:13
     |
1200 |         let mut total_read = 0;
     |             ----^^^^^^^^^^
     |             |
     |             help: remove this `mut`

warning: method `serial` is never used
  --> src\event\router.rs:84:19
   |
83 | impl NodeId {
   | ----------- method in this implementation
84 |     pub(crate) fn serial(self) -> usize {
   |                   ^^^^^^
   |
   = note: `#[warn(dead_code)]` (part of `#[warn(unused)]`) on by default

warning: field `parser` is never read
   --> src\platform\mod.rs:474:5
    |
471 | pub struct DirectTty {
    |            --------- field in this struct
...
474 |     parser: parser::EscapeSequenceParser,
    |     ^^^^^^

warning: `reactive-tui` (lib test) generated 7 warnings (run `cargo fix --lib -p reactive-tui --tests` to apply 5 suggestions)
    Finished `test` profile [unoptimized + debuginfo] target(s) in 0.34s
     Running unittests src\lib.rs (target\debug\deps\reactive_tui-8e00796a9692f97d.exe)

running 6 tests
test widgets::dialog::http::tests::a_silent_endpoint_hits_the_owned_deadline ... ok
test widgets::dialog::http::tests::cancellation_joins_worker_and_closes_the_actual_connection ... FAILED
test widgets::dialog::http::tests::chunked_response_cannot_bypass_the_size_limit ... FAILED
test widgets::dialog::http::tests::request_preserves_json_escaping_and_custom_headers ... ok
test widgets::dialog::http::tests::tls_certificate_probe ... ignored, invoked with a trusted/untrusted HTTPS fixture by scripts/check-dialog-http.py
test widgets::dialog::http::tests::unsafe_configuration_and_oversized_requests_fail_before_spawn ... ok

failures:

---- widgets::dialog::http::tests::cancellation_joins_worker_and_closes_the_actual_connection stdout ----

thread 'widgets::dialog::http::tests::cancellation_joins_worker_and_closes_the_actual_connection' (916) panicked at src\widgets\dialog\http\tests.rs:100:40:
called `Result::unwrap()` on an `Err` value: Os { code: 10054, kind: ConnectionReset, message: "An existing connection was forcibly closed by the remote host." }
note: run with `RUST_BACKTRACE=1` environment variable to display a backtrace

---- widgets::dialog::http::tests::chunked_response_cannot_bypass_the_size_limit stdout ----

thread '<unnamed>' (1980) panicked at src\widgets\dialog\http\tests.rs:41:46:
called `Result::unwrap()` on an `Err` value: Os { code: 10035, kind: WouldBlock, message: "A non-blocking socket operation could not be completed immediately." }

thread 'widgets::dialog::http::tests::chunked_response_cannot_bypass_the_size_limit' (2840) panicked at src\widgets\dialog\http\tests.rs:134:5:
curl exited with exit code: 56


failures:
    widgets::dialog::http::tests::cancellation_joins_worker_and_closes_the_actual_connection
    widgets::dialog::http::tests::chunked_response_cannot_bypass_the_size_limit

test result: FAILED. 3 passed; 2 failed; 1 ignored; 0 measured; 903 filtered out; finished in 0.43s

error: test failed, to rerun pass `--lib`
