    Checking rtui-rename-typecheck v0.0.0 (/tmp/rtui-rename-typecheck-kipe7nvf)
warning: function `exclusive` is never used
  --> /home/shawn/workspace2/reactive-tui/src/widgets/display/file_explorer/worker/operations/rename.rs:27:15
   |
27 | pub(super) fn exclusive(
   |               ^^^^^^^^^
   |
   = note: `#[warn(dead_code)]` (part of `#[warn(unused)]`) on by default

warning: function `copy` is never used
  --> /home/shawn/workspace2/reactive-tui/src/widgets/display/file_explorer/worker/operations/symlink.rs:14:15
   |
14 | pub(super) fn copy(
   |               ^^^^

warning: function `context` is never used
  --> /home/shawn/workspace2/reactive-tui/src/widgets/display/file_explorer/worker/operations/symlink.rs:67:4
   |
67 | fn context(action: &str, error: io::Error) -> io::Error {
   |    ^^^^^^^

warning: `rtui-rename-typecheck` (lib) generated 3 warnings
    Finished `dev` profile [unoptimized + debuginfo] target(s) in 0.10s
