   Compiling reactive-tui v0.0.7 (/home/shawn/workspace2/reactive-tui)
    Finished `test` profile [unoptimized + debuginfo] target(s) in 18.83s
     Running unittests src/lib.rs (target/debug/deps/reactive_tui-8db3a30746e1a23f)

running 847 tests
test accessibility::connection::tests::assistive_action_overload_is_bounded_and_wakes_app ... ok
test accessibility::platform::translation::adapter::tests::add_node_emits_one_added ... ok
test accessibility::platform::translation::adapter::tests::filter_transition_into_tree_emits_added ... ok
test accessibility::platform::translation::adapter::tests::filter_transition_out_of_tree_emits_removed ... ok
test accessibility::platform::translation::adapter::tests::no_cache_events_on_construction ... ok
test accessibility::platform::translation::adapter::tests::remove_node_emits_removed_for_same_id ... ok
test accessibility::platform::translation::adapter::tests::subtree_add_emits_added_per_node ... ok
test accessibility::platform::translation::adapter::tests::subtree_remove_emits_removed_per_node ... ok
test accessibility::platform::translation::state_tests::current_item_tokens_are_active_without_becoming_focused_or_selected ... ok
test accessibility::platform::translation::state_tests::disabled_buttons_are_neither_enabled_nor_sensitive ... ok
test accessibility::platform::translation::state_tests::disclosure_states_distinguish_plain_collapsed_and_expanded_buttons ... ok
test accessibility::platform::translation::state_tests::focus_without_pixel_bounds_exposes_component_but_not_activation ... ok
test accessibility::platform::translation::state_tests::read_only_text_remains_enabled_without_becoming_editable ... ok
test accessibility::platform::unix::atspi::interfaces::cache::tests::filtered_child_excluded_from_items_and_counts ... ok
test accessibility::platform::unix::atspi::interfaces::cache::tests::get_items_prepends_application_root ... ok
test accessibility::platform::unix::atspi::interfaces::cache::tests::multi_adapter_windows_have_distinct_indices ... ok
test accessibility::platform::unix::atspi::interfaces::cache::tests::object_ref_encodes_bus_name_and_node_path ... ok
test accessibility::platform::unix::atspi::interfaces::cache::tests::top_window_parent_is_application_root ... ok
test accessibility::platform::unix::transport::tests::failure_is_reported_without_poisoning_other_or_later_apps ... ok
test accessibility::platform::unix::transport::tests::queue_overload_is_bounded_wakes_app_and_cancels_the_worker ... ok
test accessibility::platform::unix::transport::tests::shutdown_cancels_a_pending_operation_and_joins_before_returning ... ok
test accessibility::platform::unix::transport::tests::stalled_bus_operation_has_a_deadline ... ok
test accessibility::platform::unix::transport::tests::worker_panic_wakes_app_and_still_joins ... ok
test accessibility::style::tests::invalid_values_missing_duplicate_and_cyclic_references_fail_before_presentation ... ok
test accessibility::style::tests::label_marker_preserves_explicit_element_labels_and_false_states ... ok
test accessibility::style::tests::style_snapshots_preserve_values_roles_states_and_label_relationships ... ok
test animation::api::tests::test_animate_function ... ok
test animation::api::tests::test_animation_targets ... ok
test animation::api::tests::test_complex_animation ... ok
test animation::api::tests::test_convenience_functions ... ok
test animation::api::tests::test_property_value_conversion ... ok
test animation::api::tests::test_spring_animation ... ok
test animation::api::tests::test_stagger_delay ... ok
test animation::api::tests::test_timeline_creation ... ok
test animation::api::tests::test_timeline_position_parsing ... ok
test animation::easing::tests::test_ease_in_out ... ok
test animation::easing::tests::test_ease_value ... ok
test animation::easing::tests::test_linear_easing ... ok
test animation::easing::tests::test_steps_easing ... ok
test animation::keyframes::tests::test_bounce_in_sequence ... ok
test animation::keyframes::tests::test_complex_multi_property_sequence ... ok
test animation::keyframes::tests::test_keyframe_creation ... ok
test animation::keyframes::tests::test_keyframe_sequence_sampling ... ok
test animation::keyframes::tests::test_keyframe_value_interpolation ... ok
test animation::keyframes::tests::test_sequence_validation ... ok
test animation::lock_free::tests::test_concurrent_updates ... ok
test animation::lock_free::tests::test_lock_free_animation_state ... ok
test animation::performance::tests::test_animation_batch_creation ... ok
test animation::performance::tests::test_cache_stats ... ok
test animation::performance::tests::test_interpolate_animated_values ... ok
test animation::performance::tests::test_interpolation_cache ... ok
test animation::performance::tests::test_optimized_animation_manager ... ok
test animation::performance::tests::test_performance_metrics ... ok
test animation::spring::tests::test_damping_ratios ... ok
test animation::spring::tests::test_edge_cases ... ok
test animation::spring::tests::test_preset_springs ... ok
test animation::spring::tests::test_spring_config_creation ... ok
test animation::spring::tests::test_spring_duration_estimation ... ok
test animation::spring::tests::test_spring_easing_function ... ok
test animation::spring::tests::test_spring_position_calculation ... ok
test animation::spring::tests::test_spring_settling ... ok
test animation::spring::tests::test_spring_velocity_calculation ... ok
test animation::tests::test_animated_property_color ... ok
test animation::tests::test_animated_property_opacity ... ok
test animation::tests::test_animated_property_position ... ok
test animation::tests::test_animated_property_rotation ... ok
test animation::tests::test_animated_property_scale ... ok
test animation::tests::test_animated_property_size ... ok
test animation::tests::test_animation_creation ... ok
test animation::tests::test_animation_spring_creation ... ok
test animation::tests::test_easing_function_ease_in ... ok
test animation::tests::test_easing_function_ease_in_out ... ok
test animation::tests::test_easing_function_ease_out ... ok
test animation::tests::test_easing_function_linear ... ok
test animation::tests::test_easing_function_linear_points ... ok
test animation::tests::test_easing_function_steps ... ok
test animation::tests::test_easing_function_steps_jump_start ... ok
test animation::tests::test_spring_config ... ok
test animation::tests::test_spring_presets ... ok
test animation::tests::test_step_easing_boundaries ... ok
test app::event_tree::capture_tests::capture_observes_consuming_child_once_and_redraw_replaces_handlers ... ok
test app::event_tree::capture_tests::component_expansion_preserves_capture_before_activation ... ok
test app::event_tree::capture_tests::disabled_and_inert_capture_handlers_do_not_run_and_removal_releases_capture ... ok
test app::motion::tests::color_transition_has_exact_midpoint_and_stops ... ok
test app::motion::tests::equal_keys_in_separate_apps_have_independent_clocks ... ok
test app::motion::tests::incompatible_css_units_keep_endpoints_and_unknown_styles_report_errors ... ok
test app::motion::tests::interrupted_transition_uses_old_curve_then_new_duration ... ok
test app::motion::tests::keyed_reorder_preserves_animation_phase ... ok
test app::motion::tests::property_sets_keep_names_offsets_and_easing ... ok
test app::motion::tests::rainbow_clock_is_keyed_owned_and_removed ... ok
test app::motion::tests::reduced_motion_releases_clocks_and_applies_static_values_immediately ... ok
test app::motion::tests::removing_a_node_drops_its_clock_and_readding_starts_again ... ok
test app::motion::tests::static_and_zero_duration_borders_do_not_start_a_clock ... ok
test app::motion::tests::style_snapshots_reject_nonfinite_layout_and_paint_numbers ... ok
test app::tests::test_animation_integration ... ok
test app::tests::test_app_builder ... ok
test app::tests::test_app_size ... ok
test app::tests::test_event_processing_integration ... ok
test builder::test_specialized::tests::test_builder_from_trait ... ok
test builder::test_specialized::tests::test_confirmation_dialog_builder ... ok
test builder::test_specialized::tests::test_dialog_builder ... ok
test builder::test_specialized::tests::test_image_builder ... ok
test builder::test_specialized::tests::test_progress_dialog_builder ... ok
test builder::test_specialized::tests::test_radio_button_builder ... ok
test builder::test_specialized::tests::test_scroll_view_builder ... ok
test builder::test_specialized::tests::test_slider_builder ... ok
test builder::test_specialized::tests::test_stack_builder ... ok
test builder::test_specialized::tests::test_tree_builder ... ok
test builder::test_specialized::tests::test_wizard_builder ... ok
test builder::widgets::accordion::tests::test_accordion_builder ... ok
test builder::widgets::accordion::tests::test_faq_accordion ... ok
test builder::widgets::accordion::tests::test_navigation_accordion ... ok
test builder::widgets::accordion::tests::test_settings_accordion ... ok
test builder::widgets::accordion::tests::test_simple_accordion ... ok
test builder::widgets::breadcrumb::tests::test_breadcrumb_builder ... ok
test builder::widgets::breadcrumb::tests::test_filesystem_breadcrumb ... ok
test builder::widgets::breadcrumb::tests::test_path_breadcrumb ... ok
test builder::widgets::breadcrumb::tests::test_simple_breadcrumb ... ok
test builder::widgets::breadcrumb::tests::test_title_case ... ok
test builder::widgets::breadcrumb::tests::test_url_breadcrumb ... ok
test builder::widgets::breadcrumb::tests::test_website_breadcrumb ... ok
test builder::widgets::file_explorer::tests::test_code_project_explorer ... ok
test builder::widgets::file_explorer::tests::test_compact_file_picker ... ok
test builder::widgets::file_explorer::tests::test_current_directory_explorer ... ok
test builder::widgets::file_explorer::tests::test_document_browser ... ok
test builder::widgets::file_explorer::tests::test_file_explorer_builder ... ok
test builder::widgets::file_explorer::tests::test_filtered_file_explorer ... ok
test builder::widgets::file_explorer::tests::test_media_gallery_explorer ... ok
test builder::widgets::file_explorer::tests::test_simple_file_browser ... ok
test component::change::tests::test_change_apply ... ok
test component::change::tests::test_change_batch_optimization ... ok
test component::change::tests::test_clear_optimization ... ok
test component::element::tests::test_component_props_equality ... ok
test component::element::tests::test_element_builder_pattern ... ok
test component::element::tests::test_element_convenience_methods ... ok
test component::element::tests::test_element_creation ... ok
test component::element::tests::test_element_debug ... ok
test component::element::tests::test_element_equality ... ok
test component::element::tests::test_element_with_children ... ok
test component::element::tests::test_element_with_props ... ok
test component::element::tests::test_layout_types ... ok
test component::element::tests::test_props_with_builder ... ok
test component::lifecycle::tests::test_is_mounted_states ... ok
test component::lifecycle::tests::test_lifecycle_creation ... ok
test component::lifecycle::tests::test_lifecycle_default ... ok
test component::lifecycle::tests::test_lifecycle_events ... ok
test component::lifecycle::tests::test_lifecycle_phases ... ok
test component::lifecycle::tests::test_mount_lifecycle ... ok
test component::lifecycle::tests::test_multiple_mount_cycles ... ok
test component::lifecycle::tests::test_multiple_updates ... ok
test component::lifecycle::tests::test_unmount_lifecycle ... ok
test component::lifecycle::tests::test_update_during_mounting ... ok
test component::lifecycle::tests::test_update_lifecycle ... ok
test component::props::tests::test_common_props ... ok
test component::props::tests::test_common_props_equality ... ok
test component::props::tests::test_custom_props_trait ... ok
test component::props::tests::test_empty_props ... ok
test component::props::tests::test_props_send_sync ... ok
test component::props::tests::test_props_type_erasure ... ok
test component::props::tests::test_props_with_children ... ok
test component::registry::tests::test_registry ... ok
test component::state_flags::tests::test_default_flags ... ok
test component::state_flags::tests::test_flag_operations ... ok
test component::state_flags::tests::test_state_flagged_trait ... ok
test component::state_flags::tests::test_state_methods ... ok
test core::capabilities::tests::test_color_depth_supports ... ok
test core::capabilities::tests::test_env_fallback_colorterm ... ok
test core::capabilities::tests::test_env_fallback_term_program ... ok
test core::capabilities::tests::test_parse_da1_with_sixel ... ok
test core::capabilities::tests::test_parse_kitty_graphics ... ok
test core::capabilities::tests::test_parse_unicode_enabled ... ok
test core::geometry::tests::test_point ... ok
test core::geometry::tests::test_rect ... ok
test core::geometry::tests::test_rect_from_points ... ok
test core::geometry::tests::test_size ... ok
test core::grapheme_cell::tests::test_cjk_characters_comprehensive ... ok
test core::grapheme_cell::tests::test_combining_marks ... ok
test core::grapheme_cell::tests::test_emoji_comprehensive ... ok
test core::grapheme_cell::tests::test_grapheme_cluster_ascii ... ok
test core::grapheme_cell::tests::test_grapheme_cluster_cjk ... ok
test core::grapheme_cell::tests::test_grapheme_cluster_emoji ... ok
test core::grapheme_cell::tests::test_mixed_width_text_comprehensive ... ok
test core::grapheme_cell::tests::test_row_spans ... ok
test core::grapheme_cell::tests::test_row_spans_adjacent ... ok
test core::grapheme_cell::tests::test_surface_write_mixed_width ... ok
test core::render_ops::tests::test_print_styled ... ok
test core::render_ops::tests::test_render_ops_builder ... ok
test core::render_ops::tests::test_style_deduplication ... ok
test core::render_stats::tests::test_fps_calculation ... ok
test core::render_stats::tests::test_stats_collector_basic ... ok
test core::renderer::tests::test_clear_surface ... [?25h[?1006l[?1015l[?1003l[?1002l[?1000lok
test core::renderer::tests::test_debug_overlay_toggle ... [?25h[?1006l[?1015l[?1003l[?1002l[?1000lok
test core::renderer::tests::test_detailed_stats_toggle ... [?25h[?1006l[?1015l[?1003l[?1002l[?1000lok
test core::renderer::tests::test_frame_stats_initialization ... [?25h[?1006l[?1015l[?1003l[?1002l[?1000lok
test core::renderer::tests::test_memory_estimation ... [?25h[?1006l[?1015l[?1003l[?1002l[?1000lok
test core::renderer::tests::test_performance_grade ... [?25h[?1006l[?1015l[?1003l[?1002l[?1000lok
test core::renderer::tests::test_performance_metrics ... [?25h[?1006l[?1015l[?1003l[?1002l[?1000lok
test core::renderer::tests::test_renderer_creation ... [?25h[?1006l[?1015l[?1003l[?1002l[?1000lok
test core::renderer::tests::test_renderer_invalid_dimensions ... ok
test core::renderer::tests::test_renderer_resize ... [?25h[?1006l[?1015l[?1003l[?1002l[?1000lok
test core::renderer::tests::test_renderer_resize_to ... [?25h[?1006l[?1015l[?1003l[?1002l[?1000lok
test core::renderer::tests::test_renderer_with_size ... [?25h[?1006l[?1015l[?1003l[?1002l[?1000lok
test core::renderer::tests::test_stats_management ... [?25h[?1006l[?1015l[?1003l[?1002l[?1000lok
test core::renderer::tests::test_surface_access ... [?25h[?1006l[?1015l[?1003l[?1002l[?1000lok
test core::span_diff::tests::test_span_diff_no_change ... ok
test core::span_diff::tests::test_span_diff_single_change ... ok
test core::span_diff::tests::test_span_diff_with_stats ... ok
test core::span_diff::tests::test_style_coalescing ... ok
test core::styled_text::tests::test_builder ... ok
test core::styled_text::tests::test_styled_line_merging ... ok
test core::styled_text::tests::test_styled_line_no_merging ... ok
test core::styled_text::tests::test_styled_run_width ... ok
test core::styled_text::tests::test_to_render_ops ... ok
test core::surface::tests::diffwriter_counts_increase_on_changes ... ok
test core::surface::tests::surface_reinit_reuses_capacity ... ok
test core::surface::tests::test_border_chars ... ok
test core::surface::tests::test_cell_image_placement ... ok
test core::surface::tests::test_clear_all_image_placements ... ok
test core::surface::tests::test_enhanced_surface_features ... ok
test core::surface::tests::test_image_region_placement ... ok
test core::surface::tests::test_image_registry_basic_operations ... ok
test core::surface::tests::test_surface_copy_preserves_images ... ok
test core::surface::tests::test_surface_image_operations ... ok
test core::surface::tests::test_text_style ... ok
test core::terminal::tests::test_image_capabilities_detection ... ok
test core::terminal::tests::test_size_detection ... ok
test core::terminal::tests::test_terminal_creation ... [?25h[?1006l[?1015l[?1003l[?1002l[?1000lok
test core::window::tests::test_border_rendering ... ok
test core::window::tests::test_child_window_constraints ... ok
test core::window::tests::test_child_window_expand ... ok
test core::window::tests::test_child_window_overflow_constraint ... ok
test core::window::tests::test_cursor_management ... ok
test core::window::tests::test_mouse_event_handling ... ok
test core::window::tests::test_nested_windows ... ok
test core::window::tests::test_scrolling ... ok
test core::window::tests::test_text_printing ... ok
test core::window::tests::test_text_wrapping ... ok
test core::window::tests::test_window_creation ... ok
test core::writer::tests::test_color_output ... ok
test core::writer::tests::test_move_to ... ok
test core::writer::tests::test_print_run ... ok
test core::writer::tests::test_synchronized_output ... ok
test core::writer::tests::test_text_attributes ... ok
test display::adaptive::tests::test_adaptive_fps_manager_creation ... ok
test display::adaptive::tests::test_frame_duration_calculation ... ok
test display::adaptive::tests::test_performance_mode_switching ... ok
test display::adaptive::tests::test_terminal_detection ... ok
test editor::cursor::tests::test_cursor_basic_movement ... ok
test editor::cursor::tests::test_cursor_selection ... ok
test editor::cursor::tests::test_cursor_vertical_movement ... ok
test editor::cursor::tests::test_cursor_word_movement ... ok
test editor::gap_buffer::tests::test_cursor_movement_efficiency ... ok
test editor::gap_buffer::tests::test_delete_char ... ok
test editor::gap_buffer::tests::test_delete_range ... ok
test editor::gap_buffer::tests::test_from_string ... ok
test editor::gap_buffer::tests::test_insert_char ... ok
test editor::gap_buffer::tests::test_insert_string ... ok
test editor::gap_buffer::tests::test_large_insertions ... ok
test editor::gap_buffer::tests::test_line_col_conversion ... ok
test editor::gap_buffer::tests::test_line_operations ... ok
test editor::gap_buffer::tests::test_new_buffer ... ok
test editor::syntax_editor::tests::test_cache_invalidation_on_edit ... ok
test editor::syntax_editor::tests::test_syntax_editor_auto_detect ... ok
test editor::syntax_editor::tests::test_syntax_editor_creation ... ok
test editor::syntax_editor::tests::test_syntax_editor_editing ... ok
test editor::text_editor::tests::test_editor_creation ... ok
test editor::text_editor::tests::test_editor_delete ... ok
test editor::text_editor::tests::test_editor_insert ... ok
test editor::text_editor::tests::test_editor_selection ... ok
test error::tests::test_error_creation ... ok
test error::tests::test_io_error_conversion ... ok
test error::tests::test_macros ... ok
test escape::parser::tests::test_basic_text ... ok
test escape::parser::tests::test_csi_cursor_move ... ok
test escape::parser::tests::test_mixed_content ... ok
test escape::parser::tests::test_osc_title ... ok
test escape::parser::tests::test_sgr_colors ... ok
test event::focus::tests::test_focus_edge_cases ... ok
test event::focus::tests::test_focus_events ... ok
test event::focus::tests::test_focus_history ... ok
test event::focus::tests::test_focus_system_integration ... ok
test event::focus::tests::test_focus_traps ... ok
test event::focus::tests::test_spatial_navigation ... ok
test event::focus::tests::test_tab_navigation ... ok
test event::hit::tests::test_bounds_contains ... ok
test event::hit::tests::test_bounds_intersection ... ok
test event::hit::tests::test_hit_test ... ok
test event::hit::tests::test_query_bounds ... ok
test event::notifications::tests::nested_dispatch_and_abandonment_do_not_leak_notifications ... ok
test event::router::tests::hover_boundaries_preserve_shared_ancestors_and_follow_layout ... ok
test event::router::tests::hover_capture_receives_each_own_boundary_once ... ok
test event::router::tests::test_event_consumption ... ok
test event::router::tests::test_event_routing ... ok
test event::types::tests::test_complex_key_combinations ... ok
test event::types::tests::test_custom_event ... ok
test event::types::tests::test_event_timestamps ... ok
test event::types::tests::test_event_trait_implementations ... ok
test event::types::tests::test_focus_event ... ok
test event::types::tests::test_key_codes ... ok
test event::types::tests::test_key_event_builder ... ok
test event::types::tests::test_key_event_creation ... ok
test event::types::tests::test_key_event_kinds ... ok
test event::types::tests::test_key_event_matches ... ok
test event::types::tests::test_key_event_matches_any ... ok
test event::types::tests::test_key_modifiers ... ok
test event::types::tests::test_mouse_buttons ... ok
test event::types::tests::test_mouse_event_builder ... ok
test event::types::tests::test_mouse_event_creation ... ok
test event::types::tests::test_mouse_event_kinds ... ok
test event::types::tests::test_paste_event ... ok
test event::types::tests::test_position ... ok
test event::types::tests::test_position_conversions ... ok
test event::types::tests::test_resize_event ... ok
test event::types::tests::test_wheel_event ... ok
test event::types::tests::test_wheel_phases ... ok
test hooks::animation::tests::test_animation_runs ... ok
test hooks::animation::tests::test_spring_physics ... ok
test hooks::animation::tests::test_stagger_delays ... ok
test hooks::animation::tests::test_transition_detects_changes ... ok
test hooks::clipboard::tests::test_clipboard_backend_detection ... ok
test hooks::clipboard::tests::test_clipboard_state_default ... ok
test hooks::clipboard::tests::test_use_clipboard ... ok
test hooks::clipboard::tests::test_use_simple_clipboard ... ok
test hooks::clipboard_process::tests::cancellation_kills_and_reaps_child ... ok
test hooks::clipboard_process::tests::deadline_kills_and_reaps_child ... ok
test hooks::clipboard_process::tests::sleeping_child_fixture ... ignored, child fixture invoked only by the process lifecycle tests
test hooks::fps::tests::test_fps_state_default ... ok
test hooks::fps::tests::test_frame_timing ... ok
test hooks::fps::tests::test_quality_level ... ok
test hooks::fps::tests::test_use_fps ... ok
test hooks::fps::tests::test_use_performance ... ok
test hooks::refs::tests::test_callback_ref ... ok
test hooks::refs::tests::test_forwarded_ref ... ok
test hooks::refs::tests::test_local_ref ... ok
test hooks::refs::tests::test_multi_ref ... ok
test hooks::refs::tests::test_ref_basic ... ok
test hooks::refs::tests::test_ref_thread_safety ... ok
test hooks::refs::tests::test_use_local_ref ... ok
test hooks::refs::tests::test_use_ref ... ok
test hooks::timer::tests::dropping_standalone_hooks_releases_callback_even_with_a_retained_handle ... ok
test hooks::timer::tests::interval_callback_can_cancel_its_own_handle ... ok
test hooks::timer::tests::owned_interval_preserves_deadlines_and_refreshes_callbacks ... ok
test hooks::timer::tests::retained_debounce_cannot_schedule_after_owner_removal ... ok
test hooks::timer::tests::test_debounced_function ... ok
test hooks::timer::tests::test_throttled_function ... ok
test hooks::timer::tests::test_timer_handle ... ok
test hooks::timer::tests::timeout_completes_once_and_only_changed_duration_restarts_it ... ok
test layout::css::accessibility::tests::test_aria_utilities ... ok
test layout::css::accessibility::tests::test_role_utilities ... ok
test layout::css::accessibility::tests::test_tabindex_utilities ... ok
test layout::css::animations::tests::test_animation_presets ... ok
test layout::css::animations::tests::test_duration_utilities ... ok
test layout::css::animations::tests::test_easing_utilities ... ok
test layout::css::animations::tests::test_transform_utilities ... ok
test layout::css::animations::tests::test_transition_utilities ... ok
test layout::css::colors::tests::test_apply_accent_color ... ok
test layout::css::colors::tests::test_apply_bg_color ... ok
test layout::css::colors::tests::test_apply_border_color ... ok
test layout::css::colors::tests::test_apply_placeholder_color ... ok
test layout::css::colors::tests::test_apply_ring_color ... ok
test layout::css::colors::tests::test_apply_text_color ... ok
test layout::css::colors::tests::test_color_utilities_integration ... ok
test layout::css::containers::tests::test_aspect_ratio_utilities ... ok
test layout::css::containers::tests::test_centering_utilities ... ok
test layout::css::containers::tests::test_container_utilities ... ok
test layout::css::containers::tests::test_container_utilities_integration ... ok
test layout::css::containers::tests::test_custom_aspect_ratio_parsing ... ok
test layout::css::css_in_rust::tests::test_basic_css_macro ... ok
test layout::css::css_in_rust::tests::test_color_properties ... ok
test layout::css::css_in_rust::tests::test_convenience_macros ... ok
test layout::css::css_in_rust::tests::test_numeric_properties ... ok
test layout::css::css_in_rust::tests::test_spacing_properties ... ok
test layout::css::effects::tests::test_apply_backdrop ... ok
test layout::css::effects::tests::test_apply_border ... ok
test layout::css::effects::tests::test_apply_opacity ... ok
test layout::css::effects::tests::test_apply_rounded ... ok
test layout::css::effects::tests::test_apply_shadow ... ok
test layout::css::effects::tests::test_apply_z_index ... ok
test layout::css::focus::tests::test_accessibility_utilities ... ok
test layout::css::focus::tests::test_focus_ring_utilities ... ok
test layout::css::focus::tests::test_focus_variants ... ok
test layout::css::gradients::tests::test_gradient_interpolation ... ok
test layout::css::gradients::tests::test_gradient_rendering ... ok
test layout::css::gradients::tests::test_three_color_gradient ... ok
test layout::css::interactions::tests::test_cursor ... ok
test layout::css::interactions::tests::test_pointer_events ... ok
test layout::css::interactions::tests::test_user_select ... ok
test layout::css::layout::tests::test_align_items_utilities ... ok
test layout::css::layout::tests::test_display_utilities ... ok
test layout::css::layout::tests::test_flexbox_utilities ... ok
test layout::css::layout::tests::test_justify_content_utilities ... ok
test layout::css::layout::tests::test_position_utilities ... ok
test layout::css::manager::tests::test_apply_css_animation ... ok
test layout::css::manager::tests::test_css_animation_manager_creation ... ok
test layout::css::manager::tests::test_global_functions ... ok
test layout::css::manager::tests::test_remove_component_animations ... ok
test layout::css::optimizer::tests::test_cache_hit ... ok
test layout::css::optimizer::tests::test_delegation_to_existing ... ok
test layout::css::optimizer::tests::test_dynamic_spacing ... ok
test layout::css::optimizer::tests::test_fast_parsing ... ok
test layout::css::parsers::tests::test_parse_font_weight ... ok
test layout::css::parsers::tests::test_parse_fraction ... ok
test layout::css::parsers::tests::test_parse_opacity ... ok
test layout::css::parsers::tests::test_parse_percentage ... ok
test layout::css::parsers::tests::test_parse_spacing ... ok
test layout::css::parsers::tests::test_parse_spacing_pixels ... ok
test layout::css::parsers::tests::test_parse_spacing_terminal ... ok
test layout::css::parsers::tests::test_parse_z_index ... ok
test layout::css::sizing::tests::test_height_utilities ... ok
test layout::css::sizing::tests::test_min_max_utilities ... ok
test layout::css::sizing::tests::test_sizing_utilities_integration ... ok
test layout::css::sizing::tests::test_width_utilities ... ok
test layout::css::spacing::tests::test_gap_utilities ... ok
test layout::css::spacing::tests::test_invalid_spacing ... ok
test layout::css::spacing::tests::test_margin_utilities ... ok
test layout::css::spacing::tests::test_padding_utilities ... ok
test layout::css::spacing::tests::test_spacing_utilities_integration ... ok
test layout::css::tests::test_apply_utility_classes_colors ... ok
test layout::css::tests::test_apply_utility_classes_effects ... ok
test layout::css::tests::test_apply_utility_classes_empty ... ok
test layout::css::tests::test_apply_utility_classes_invalid ... ok
test layout::css::tests::test_apply_utility_classes_mixed ... ok
test layout::css::tests::test_apply_utility_classes_multiple ... ok
test layout::css::tests::test_apply_utility_classes_overrides ... ok
test layout::css::tests::test_apply_utility_classes_single ... ok
test layout::css::tests::test_apply_utility_classes_sizing ... ok
test layout::css::tests::test_apply_utility_classes_spacing ... ok
test layout::css::tests::test_apply_utility_classes_typography ... ok
test layout::css::tests::test_apply_utility_classes_whitespace ... ok
test layout::css::typography::tests::test_font_size_utilities ... ok
test layout::css::typography::tests::test_font_weight_utilities ... ok
test layout::css::typography::tests::test_line_height_utilities ... ok
test layout::css::typography::tests::test_text_style_utilities ... ok
test layout::css::typography::tests::test_typography_utilities_integration ... ok
test layout::css::variants::tests::test_conditional_variants ... ok
test layout::css::variants::tests::test_group_variants ... ok
test layout::css::variants::tests::test_responsive_variants ... ok
test layout::css::variants::tests::test_state_variants ... ok
test layout::css::visual_style::tests::test_absolute_positioning_ignored ... ok
test layout::css::visual_style::tests::test_extract_bg_colors ... ok
test layout::css::visual_style::tests::test_extract_multiple_styles ... ok
test layout::css::visual_style::tests::test_extract_text_colors ... ok
test layout::grid::tests::test_auto_grid ... ok
test layout::grid::tests::test_css_generation ... ok
test layout::grid::tests::test_flexible_sizing ... ok
test layout::grid::tests::test_responsive_by_default ... ok
test layout::manager::tests::test_compute_layout ... ok
test layout::manager::tests::test_generate_paint_ops ... ok
test layout::manager::tests::test_insert_root_node ... ok
test layout::manager::tests::test_layout_manager_creation ... ok
test layout::manager::tests::test_remove_node ... ok
test layout::manager::tests::test_update_node ... ok
test layout::paint_tree::tests::test_empty_node_spec ... ok
test layout::paint_tree::tests::test_layout_and_paint_constrained ... ok
test layout::paint_tree::tests::test_layout_and_paint_simple ... ok
test layout::paint_tree::tests::test_layout_and_paint_with_options ... ok
test layout::paint_tree::tests::test_layout_with_nested_children ... ok
test layout::paint_tree::tests::test_layout_with_overflow_hidden ... ok
test layout::paint_tree::tests::test_layout_with_z_index ... ok
test layout::paint_tree::tests::test_node_spec_creation ... ok
test layout::paint_tree::tests::test_node_spec_with_children ... ok
test layout::paint_tree::tests::test_padding_creation ... ok
test layout::paint_tree::tests::test_padding_default ... ok
test layout::paint_tree::tests::test_paint_options_debug ... ok
test layout::paint_tree::tests::test_paint_options_default ... ok
test layout::renderer::tests::test_area_to_node_spec ... ok
test layout::renderer::tests::test_grid_to_node_spec ... ok
test layout::renderer::tests::test_layered_demo ... ok
test layout::renderer::tests::test_render_grid ... ok
test layout::style::tests::test_align_items_enum ... ok
test layout::style::tests::test_align_self_enum ... ok
test layout::style::tests::test_box_spacing_calculations ... ok
test layout::style::tests::test_box_spacing_edge_cases ... ok
test layout::style::tests::test_box_spacing_new ... ok
test layout::style::tests::test_box_spacing_symmetric ... ok
test layout::style::tests::test_box_spacing_uniform ... ok
test layout::style::tests::test_direction_enum ... ok
test layout::style::tests::test_grid_auto_flow_to_taffy ... ok
test layout::style::tests::test_justify_content_enum ... ok
test layout::style::tests::test_place_items_enum ... ok
test layout::style::tests::test_style_builder_chaining ... ok
test layout::style::tests::test_style_builder_default_values ... ok
test layout::style::tests::test_style_builder_direction ... ok
test layout::style::tests::test_style_builder_display ... ok
test layout::style::tests::test_style_builder_grid_auto_flow ... ok
test layout::style::tests::test_style_builder_grid_placement ... ok
test layout::style::tests::test_style_builder_grid_positioning ... ok
test layout::style::tests::test_style_builder_grid_setup ... ok
test layout::style::tests::test_style_builder_new ... ok
test layout::style::tests::test_style_builder_size_px ... ok
test layout::style::tests::test_text_decorations_creation ... ok
test layout::style::tests::test_text_decorations_default ... ok
test layout::style::tests::test_visual_style_creation ... ok
test layout::style::tests::test_visual_style_default ... ok
test layout::style::tests::test_visual_style_equality ... ok
test markdown::tests::test_basic_markdown_rendering ... ok
test markdown::tests::test_code_block_rendering ... ok
test markdown::tests::test_convenience_function ... ok
test markdown::tests::test_empty_markdown ... ok
test markdown::tests::test_gfm_extensions ... ok
test markdown::tests::test_list_rendering ... ok
test platform::capabilities::tests::test_capability_conversion ... ok
test platform::parser::tests::test_parse_alt_combinations ... ok
test platform::parser::tests::test_parse_ctrl_combinations ... ok
test platform::parser::tests::test_parse_empty_input ... ok
test platform::parser::tests::test_parse_mixed_input ... ok
test platform::parser::tests::test_parse_multiple_characters ... ok
test platform::parser::tests::test_parse_result ... ok
test platform::parser::tests::test_parse_single_character ... ok
test platform::parser::tests::test_parse_special_keys ... ok
test platform::parser::tests::test_parse_utf8_characters ... ok
test platform::parser::tests::test_parser_creation ... ok
test platform::parser::tests::test_parser_state_enum ... ok
test platform::r#loop::tests::test_async_utils_batch_collection ... ok
test platform::r#loop::tests::test_async_utils_timeout ... ok
test platform::r#loop::tests::test_event_queue_basic_operations ... ok
test platform::r#loop::tests::test_event_queue_capacity ... ok
test platform::r#loop::tests::test_threaded_event_loop_creation ... ok
test platform::r#loop::tests::test_tokio_event_loop_async_operations ... ok
test platform::r#loop::tests::test_tokio_event_loop_creation ... ok
test platform::tests::tty_tests::test_control_sequences ... ok
test platform::tests::tty_tests::test_escape_sequence_parser ... ok
test platform::tests::tty_tests::test_focus_events ... ok
test platform::tests::tty_tests::test_kitty_image_sequence ... ok
test platform::tests::tty_tests::test_modifiers_parsing ... ok
test platform::tests::tty_tests::test_osc_parsing ... ok
test platform::tests::tty_tests::test_parser_state_machine ... ok
test platform::tests::tty_tests::test_special_keys ... ok
test platform::tests::tty_tests::test_unix_tty_basic ... ok
test platform::unicode::tests::test_char_width ... ok
test platform::unicode::tests::test_grapheme_cache ... ok
test platform::unicode::tests::test_unicode_handler ... ok
test platform::unix::tests::test_tty_init ... ok
test platform::unix::tests::test_write_read ... ok
test reactive::component_scope::tests::nested_app_scopes_isolate_context_and_cleanup_retained_hooks ... ok
test reactive::effect::tests::test_effect_batch ... ok
test reactive::effect::tests::test_effect_cleanup ... ok
test reactive::effect::tests::test_effect_dependencies ... ok
test reactive::effect::tests::test_effect_runs ... ok
test reactive::hooks::tests::aborted_render_does_not_commit_effect_dependencies ... ok
test reactive::hooks::tests::final_hook_clone_drop_runs_cleanup_once ... ok
test reactive::hooks::tests::overlapping_frames_fail_without_poisoning_state ... ok
test reactive::hooks::tests::panicking_effect_does_not_leave_its_slot_running ... ok
test reactive::hooks::tests::repeated_frames_keep_a_bounded_slot_count ... ok
test reactive::hooks::tests::test_thread_safe_context ... ok
test reactive::hooks::tests::test_thread_safe_signal ... ok
test reactive::runtime::tests::test_global_runtime ... ok
test reactive::runtime::tests::test_runtime_basic ... ok
test reactive::runtime::tests::test_runtime_batch ... ok
test reactive::runtime::tests::test_runtime_context ... ok
test reactive::scheduler::tests::test_schedule_interval ... ok
test reactive::scheduler::tests::test_schedule_timeout ... ok
test reactive::scheduler::tests::test_schedule_update ... ok
test reactive::scheduler::tests::timer_can_cancel_itself_and_schedule_more_work ... ok
test reactive::signal::tests::test_memo_basic ... ok
test reactive::signal::tests::test_signal_basic ... ok
test reactive::signal::tests::test_signal_split ... ok
test reactive::signal::tests::test_signal_update ... ok
test reactive::wake::tests::notifications_racing_wait_registration_are_not_lost ... ok
test reactive::wake::tests::requests_coalesce_and_survive_entry_to_wait ... ok
test reactive::wake::tests::signal_subscriptions_are_scoped_weak_and_ignore_equal_values ... ok
test render::optimize::tests::test_dirty_region_manager ... ok
test render::optimize::tests::test_dirty_region_merge ... ok
test render::optimize::tests::test_incremental_renderer ... ok
test render::optimize::tests::test_render_cache ... ok
test render::reconcile::tests::test_apply_patches ... ok
test render::reconcile::tests::test_count_nodes ... ok
test render::reconcile::tests::test_diff_both_empty ... ok
test render::reconcile::tests::test_diff_children_addition ... ok
test render::reconcile::tests::test_diff_children_removal ... ok
test render::reconcile::tests::test_diff_different_trees ... ok
test render::reconcile::tests::test_diff_empty_to_non_empty ... ok
test render::reconcile::tests::test_diff_identical_trees ... ok
test render::reconcile::tests::test_diff_node_replacement ... ok
test render::reconcile::tests::test_diff_node_update ... ok
test render::reconcile::tests::test_diff_non_empty_to_empty ... ok
test render::reconcile::tests::test_diff_with_children ... ok
test render::reconcile::tests::test_reconciler_stats ... ok
test render::scheduler::tests::test_cancel_task ... ok
test render::scheduler::tests::test_frame_budget ... ok
test render::scheduler::tests::test_priority_ordering ... ok
test render::tree::tests::test_element_node ... ok
test render::tree::tests::test_find_node_by_key ... ok
test render::tree::tests::test_fragment_node ... ok
test render::tree::tests::test_node_key ... ok
test render::tree::tests::test_render_tree ... ok
test syntax::cache::tests::test_cache_basic ... ok
test syntax::cache::tests::test_cache_eviction ... ok
test syntax::cache::tests::test_cache_invalidation ... ok
test syntax::cache::tests::test_cache_stats ... ok
test syntax::highlighter::tests::test_extension_detection ... ok
test syntax::highlighter::tests::test_incremental_highlighting ... ok
test syntax::highlighter::tests::test_rust_highlighting ... ok
test syntax::resources::tests::test_default_resources ... ok
test syntax::resources::tests::test_find_syntax ... ok
test syntax::resources::tests::test_theme_management ... ok
test syntax::theme::tests::test_create_syntax_theme ... ok
test syntax::theme::tests::test_hex_to_rgba ... ok
test syntax::theme::tests::test_scope_to_css_variable ... ok
test syntax::theme::tests::test_themed_syntax_style ... ok
test terminal::ansi::tests::test_color_sequences ... ok
test terminal::ansi::tests::test_cursor_movement ... ok
test terminal::ansi::tests::test_cursor_position ... ok
test terminal::ansi::tests::test_hyperlink ... ok
test terminal::ansi::tests::test_title_sequence ... ok
test terminal::cell::tests::test_cell_clear ... ok
test terminal::cell::tests::test_cell_creation ... ok
test terminal::cell::tests::test_cell_wide_char ... ok
test terminal::cell::tests::test_cell_with_char ... ok
test terminal::cell::tests::test_char_width ... ok
test terminal::cursor::tests::test_cursor_advance ... ok
test terminal::cursor::tests::test_cursor_creation ... ok
test terminal::cursor::tests::test_cursor_movement ... ok
test terminal::cursor::tests::test_cursor_save_restore ... ok
test terminal::parser::tests::test_parse_control_characters ... ok
test terminal::parser::tests::test_parse_csi_sequence ... ok
test terminal::parser::tests::test_parse_osc_sequence ... ok
test terminal::parser::tests::test_parse_simple_text ... ok
test terminal::parser::tests::test_parser_creation ... ok
test terminal::parser::tests::test_utf8_decoder_buffer_overflow_protection ... ok
test terminal::parser::tests::test_utf8_decoder_valid_sequence_recovery ... ok
test terminal::pty::tests::test_pty_creation ... ok
test terminal::pty::tests::test_pty_resize ... ok
test terminal::terminal_impl::tests::test_key_sequences ... ok
test terminal::terminal_impl::tests::test_terminal_creation ... ok
test terminal::terminal_impl::tests::test_terminal_invalid_resize ... ok
test terminal::terminal_impl::tests::test_terminal_resize ... ok
test terminal::tests::test_scrolling_region ... ok
test terminal::tests::test_terminal_config_default ... ok
test terminal::tests::test_terminal_style ... ok
test theme::ansi::tests::test_hex_to_rgb ... ok
test theme::ansi::tests::test_rgb_to_ansi16 ... ok
test theme::ansi::tests::test_rgb_to_ansi256 ... ok
test theme::colors::tests::test_all_color_families ... ok
test theme::colors::tests::test_color_case_sensitivity ... ok
test theme::colors::tests::test_color_constants ... ok
test theme::colors::tests::test_color_progression ... ok
test theme::colors::tests::test_color_rgb_ranges ... ok
test theme::colors::tests::test_color_uniqueness ... ok
test theme::colors::tests::test_extreme_shades ... ok
test theme::colors::tests::test_get_color_function ... ok
test theme::colors::tests::test_get_color_invalid ... ok
test theme::colors::tests::test_standard_shades ... ok
test vdom::bridge::tests::element_with_class_converts ... ok
test vdom::bridge::tests::keys_are_preserved ... ok
test vdom::bridge::tests::roundtrip_to_nodespec_keeps_class_and_children ... ok
test vdom::bridge::tests::text_node_converts ... ok
test vdom::diff::tests::test_diff_element_attributes ... ok
test vdom::diff::tests::test_diff_identical_nodes ... ok
test vdom::diff::tests::test_diff_node_replacement ... ok
test vdom::diff::tests::test_diff_text_change ... ok
test vdom::diff::tests::test_diff_with_keys ... ok
test vdom::menu::tests::test_context_menu_creation ... ok
test vdom::menu::tests::test_menubar_creation ... ok
test vdom::menu::tests::test_popup_menu_creation ... ok
test vdom::node::tests::test_component_node ... ok
test vdom::node::tests::test_fragment_node ... ok
test vdom::node::tests::test_h_macro ... ok
test vdom::node::tests::test_vnode_creation ... ok
test vdom::node::tests::test_vnode_key ... ok
test vdom::patch::tests::test_patch_applier ... ok
test vdom::patch::tests::test_patch_list ... ok
test widgets::dialog::autocomplete::live::tests::suggestion_highlighting_preserves_expanded_case_and_graphemes ... ok
test widgets::dialog::autocomplete::live::tests::suggestions_require_a_value_and_preserve_metadata ... ok
test widgets::dialog::autocomplete::tests::native_editing_preserves_whole_graphemes ... ok
test widgets::dialog::autocomplete::tests::native_minimum_counts_displayed_characters ... ok
test widgets::dialog::autocomplete::tests::native_selection_without_callback_closes ... ok
test widgets::dialog::autocomplete::tests::native_submit_honors_selection_veto_once_without_mutation ... ok
test widgets::dialog::dialog_types::tests::test_dialog_builder_autocomplete ... ok
test widgets::dialog::dialog_types::tests::test_dialog_builder_confirm ... ok
test widgets::dialog::dialog_types::tests::test_dialog_builder_error ... ok
test widgets::dialog::dialog_types::tests::test_dialog_builder_info ... ok
test widgets::dialog::dialog_types::tests::test_dialog_builder_input ... ok
test widgets::dialog::dialog_types::tests::test_dialog_builder_ok_cancel ... ok
test widgets::dialog::dialog_types::tests::test_dialog_builder_password ... ok
test widgets::dialog::dialog_types::tests::test_dialog_builder_warning ... ok
test widgets::dialog::dialog_types::tests::test_dialog_utils_build_css_classes ... ok
test widgets::dialog::dialog_types::tests::test_dialog_utils_calculate_size ... ok
test widgets::dialog::dialog_types::tests::test_dialog_utils_generate_id ... ok
test widgets::dialog::dialog_types::tests::test_dialog_utils_parse_shortcut ... ok
test widgets::dialog::dialog_types::tests::test_dialog_utils_validate_config_empty_message ... ok
test widgets::dialog::dialog_types::tests::test_dialog_utils_validate_config_empty_title ... ok
test widgets::dialog::dialog_types::tests::test_dialog_utils_validate_config_message_too_long ... ok
test widgets::dialog::dialog_types::tests::test_dialog_utils_validate_config_title_too_long ... ok
test widgets::dialog::dialog_types::tests::test_dialog_utils_validate_config_valid ... ok
test widgets::dialog::http::tests::a_silent_endpoint_hits_the_owned_deadline ... ok
test widgets::dialog::http::tests::cancellation_joins_worker_and_closes_the_actual_connection ... ok
test widgets::dialog::http::tests::chunked_response_cannot_bypass_the_size_limit ... ok
test widgets::dialog::http::tests::missing_curl_is_an_explicit_error_in_an_isolated_process ... ok
test widgets::dialog::http::tests::request_preserves_json_escaping_and_custom_headers ... ok
test widgets::dialog::http::tests::tls_certificate_probe ... ignored, invoked with a trusted/untrusted HTTPS fixture by scripts/check-dialog-http.py
test widgets::dialog::http::tests::unsafe_configuration_and_oversized_requests_fail_before_spawn ... ok
test widgets::dialog::toast::live::tests::unmount_and_manual_close_cancel_toast_deadlines_with_retained_output ... ok
test widgets::dialog::wizard::tests::empty_wizard_rejects_navigation_and_completion_without_panicking ... ok
test widgets::dialog::wizard::tests::wizard_data_reaches_validator_and_completion_and_skip_is_optional ... ok
test widgets::dialog::wizard::tests::wizard_rejects_ambiguous_step_identifiers ... ok
test widgets::dialog::wizard::tests::wizard_validates_before_navigation_and_completion ... ok
test widgets::display::charts::live::motion::tests::reveal_interpolates_stops_restarts_and_releases_deadlines ... ok
test widgets::display::data_table::boundary_tests::page_ranges_remain_sliceable_after_data_shrinks_or_indices_overflow ... ok
test widgets::display::data_table::boundary_tests::virtual_ranges_include_partial_rows_and_handle_invalid_geometry ... ok
test widgets::display::file_explorer::live::worker::tests::worker_copies_directory_contents_rejects_cycles_and_preserves_failed_move ... ok
test widgets::display::file_explorer::live::worker::tests::worker_directory_copy_preserves_private_mode_bits ... ok
test widgets::display::file_explorer::live::worker::tests::worker_keeps_non_utf8_identities_and_never_follows_an_external_symlink ... ok
test widgets::display::file_explorer::live::worker::tests::worker_late_destination_collision_cleans_readonly_staging_without_changing_source ... ok
test widgets::display::file_explorer::live::worker::tests::worker_never_overwrites_and_failed_copy_preserves_source_and_cleans_staging ... ok
test widgets::display::file_explorer::live::worker::tests::worker_preview_bounds_bytes_and_handles_a_split_utf8_tail ... ok
test widgets::display::file_explorer::live::worker::tests::worker_rejects_parent_traversal_and_absolute_paths_outside_root ... ok
test widgets::display::file_explorer::live::worker::tests::worker_replaces_pending_reads_and_drop_joins_its_owner ... ok
test widgets::display::image::external_renderer::tests::test_get_display_constraints_default ... ok
test widgets::display::image::external_renderer::tests::test_get_display_constraints_with_size ... ok
test widgets::display::image::external_renderer::tests::test_write_temp_file ... ok
test widgets::display::image::image_processor::tests::test_ascii_config_default ... ok
test widgets::display::image::image_processor::tests::test_floyd_steinberg_dithering ... ok
test widgets::display::image::image_processor::tests::test_rgb_to_grayscale_conversion ... ok
test widgets::display::image::protocol_renderer::tests::test_calculate_display_size_preserve_aspect ... ok
test widgets::display::image::protocol_renderer::tests::test_generate_image_id ... ok
test widgets::display::image::protocol_renderer::tests::test_process_raw_bytes_rgb_to_rgba ... ok
test widgets::display::image::sixel_renderer::tests::test_calculate_display_size_no_upscale ... ok
test widgets::display::image::sixel_renderer::tests::test_calculate_display_size_preserve_aspect ... ok
test widgets::display::image::sixel_renderer::tests::test_ensure_rgb888_validation ... ok
test widgets::display::modal::live::tests::a_closed_owner_ignores_repeated_button_activation ... ok
test widgets::display::modal::live::tests::transition_reverses_from_current_progress_and_releases_deadline ... ok
test widgets::display::modal::live::tests::unmount_cancels_transition_while_rendered_output_is_retained ... ok
test widgets::display::modal::tests::test_builder_methods ... ok
test widgets::display::modal::tests::test_button_constructors ... ok
test widgets::display::modal::tests::test_button_handling ... ok
test widgets::display::modal::tests::test_component_update ... ok
test widgets::display::modal::tests::test_dimension_calculation ... ok
test widgets::display::modal::tests::test_modal_creation ... ok
test widgets::display::modal::tests::test_modal_visibility ... ok
test widgets::display::modal::tests::test_position_calculation ... ok
test widgets::display::popover::live::tests::animation_reverses_from_current_value_and_releases_its_deadline ... ok
test widgets::display::popover::live::tests::hover_leave_cancels_pending_open_and_reentry_cancels_pending_close ... ok
test widgets::display::popover::live::tests::mounted_child_cancels_deadlines_while_public_handle_remains_alive ... ok
test widgets::display::popover::live::tests::replacing_manual_owner_cancels_old_work_and_unmount_cancels_the_new_owner ... ok
test widgets::display::popover::tests::callback_replacement_changes_props_identity ... ok
test widgets::display::popover::tests::escape_disabled_and_release_do_not_close ... ok
test widgets::display::popover::tests::rendered_handle_retains_manual_visibility_until_app_expansion ... ok
test widgets::display::popover::tests::test_animation_easing ... ok
test widgets::display::popover::tests::test_arrow_styles ... ok
test widgets::display::popover::tests::test_boundary_adjustment_flip ... ok
test widgets::display::popover::tests::test_boundary_adjustment_shift ... ok
test widgets::display::popover::tests::test_component_update ... ok
test widgets::display::popover::tests::test_comprehensive_builder_pattern ... ok
test widgets::display::popover::tests::test_keyboard_navigation ... ok
test widgets::display::popover::tests::test_manual_visibility_control ... ok
test widgets::display::popover::tests::test_popover_builder ... ok
test widgets::display::popover::tests::test_popover_creation ... ok
test widgets::display::popover::tests::test_popover_position_calculation ... ok
test widgets::display::popover::tests::test_position_opposite ... ok
test widgets::display::popover::tests::test_size_constraints ... ok
test widgets::display::popover::tests::test_trigger_rect_setting ... ok
test widgets::display::progress_bar::live::motion::tests::progress_clocks_interpolate_reverse_stop_and_release_owned_deadlines ... ok
test widgets::display::progress_bar::tests::test_animation_update ... ok
test widgets::display::progress_bar::tests::test_bar_creation ... ok
test widgets::display::progress_bar::tests::test_builder_methods ... ok
test widgets::display::progress_bar::tests::test_completion_detection ... ok
test widgets::display::progress_bar::tests::test_component_update ... ok
test widgets::display::progress_bar::tests::test_event_handling ... ok
test widgets::display::progress_bar::tests::test_indeterminate_bar ... ok
test widgets::display::progress_bar::tests::test_percentage_calculation ... ok
test widgets::display::progress_bar::tests::test_progress_bar_creation ... ok
test widgets::display::progress_bar::tests::test_segmented_bar ... ok
test widgets::display::progress_bar::tests::test_text_formatting ... ok
test widgets::display::table::live::tests::large_table_navigation_retains_full_row_offset ... ok
test widgets::display::table::tests::sorted_navigation_skips_disabled_rows_and_reports_source_indices_once ... ok
test widgets::display::table::tests::test_column_width_calculation ... ok
test widgets::display::table::tests::test_component_update ... ok
test widgets::display::table::tests::test_event_handling ... ok
test widgets::display::table::tests::test_keyboard_navigation ... ok
test widgets::display::table::tests::test_row_selection ... ok
test widgets::display::table::tests::test_scrolling ... ok
test widgets::display::table::tests::test_sorting ... ok
test widgets::display::table::tests::test_table_builder ... ok
test widgets::display::table::tests::test_table_creation ... ok
test widgets::display::tree::tests::test_checkbox_functionality ... ok
test widgets::display::tree::tests::test_component_update ... ok
test widgets::display::tree::tests::test_event_handling ... ok
test widgets::display::tree::tests::test_keyboard_navigation ... ok
test widgets::display::tree::tests::test_node_expansion ... ok
test widgets::display::tree::tests::test_node_finding ... ok
test widgets::display::tree::tests::test_node_selection ... ok
test widgets::display::tree::tests::test_scrolling ... ok
test widgets::display::tree::tests::test_search_functionality ... ok
test widgets::display::tree::tests::test_tree_builder ... ok
test widgets::display::tree::tests::test_tree_creation ... ok
test widgets::display::tree::tests::test_tree_flattening ... ok
test widgets::input::checkbox::tests::test_checkbox_disabled ... ok
test widgets::input::checkbox::tests::test_checkbox_indeterminate ... ok
test widgets::input::checkbox::tests::test_checkbox_mouse_click ... ok
test widgets::input::checkbox::tests::test_checkbox_toggle ... ok
test widgets::input::named_radio::tests::unmount_releases_membership_before_the_instance_is_dropped ... ok
test widgets::input::radio_button::tests::test_radio_navigation ... ok
test widgets::input::radio_button::tests::test_radio_selection ... ok
test widgets::input::slider::tests::test_slider_disabled ... ok
test widgets::input::slider::tests::test_slider_keyboard_control ... ok
test widgets::input::slider::tests::test_slider_value_clamping ... ok
test widgets::input::text_input::tests::test_text_input_basic ... ok
test widgets::input::text_input::tests::test_text_input_masking ... ok
test widgets::input::text_input::tests::test_text_input_max_length ... ok
test widgets::input::text_input::tests::test_text_input_selection ... ok
test widgets::input::text_input::tests::test_text_input_validation ... ok
test widgets::layout::accordion::live::motion::tests::spring_progress_stagger_reversal_and_cleanup_are_bounded ... ok
test widgets::layout::scroll_view::motion::tests::animation_is_bounded_and_cancellation_releases_deadlines ... ok
test widgets::layout::tabs::tests::test_tabs_basic_functionality ... ok
test widgets::layout::tabs::tests::test_tabs_closable ... ok
test widgets::layout::tabs::tests::test_tabs_disabled_navigation ... ok
test widgets::layout::tabs::tests::test_tabs_keyboard_activation_modes ... ok
test widgets::layout::tabs::tests::test_tabs_quick_access ... ok
test widgets::layout::tabs::tests::test_tabs_with_badges ... ok
test widgets::menu::context_live::tests::long_press_timer_is_owned_by_each_context_menu ... ok
test widgets::menu::context_live::tests::release_movement_prop_change_and_unmount_cancel_ready_long_press ... ok
test widgets::menu::dialog::input_tests::externally_supplied_cursor_is_clamped_to_a_grapheme_boundary ... ok
test widgets::menu::dialog::input_tests::input_edits_and_moves_by_grapheme_with_byte_cursor_positions ... ok
test widgets::menu::invocation::tests::concurrent_scopes_are_isolated ... ok
test widgets::menu::invocation::tests::scope_restores_after_panics_and_consumes_only_once ... ok
test widgets::menu::item::invocation_tests::checkbox_execution_uses_current_item_value ... ok
test widgets::menu::item::invocation_tests::cloned_actions_use_each_callers_current_state ... ok
test widgets::menu::item::invocation_tests::nested_and_direct_callbacks_do_not_inherit_an_item_value ... ok
test widgets::menu::item::invocation_tests::replacement_action_is_a_prop_change ... ok
test widgets::menu::state::tests::public_long_press_movement_uses_unsigned_coordinate_distance ... ok
test widgets::menu::state::tests::public_menu_rectangles_do_not_overflow_at_terminal_coordinate_limits ... ok
test widgets::menu::state::tests::public_menu_states_bound_oversized_selection_and_zero_windows ... ok
test widgets::menu::style::tests::test_apply_styles ... ok
test widgets::menu::style::tests::test_menu_style_builder ... ok
test widgets::menu::style::tests::test_menu_style_default ... ok
test widgets::menu::style::tests::test_menu_theme_to_style ... ok
test widgets::terminal::tests::test_key_event_to_bytes_arrow_keys ... ok
test widgets::terminal::tests::test_key_event_to_bytes_characters ... ok
test widgets::terminal::tests::test_key_event_to_bytes_ctrl_combinations ... ok
test widgets::terminal::tests::test_key_event_to_bytes_function_keys ... ok
test widgets::terminal::tests::test_key_event_to_bytes_navigation_keys ... ok
test widgets::terminal::tests::test_key_event_to_bytes_special_keys ... ok
test widgets::terminal::tests::test_key_event_to_bytes_unsupported_keys ... ok
test widgets::terminal::tests::test_terminal_config_integration ... ok
test widgets::terminal::tests::test_terminal_props_creation ... ok
test widgets::terminal::tests::test_terminal_props_default ... ok
test widgets::terminal::tests::test_terminal_start_stop_integration ... ignored
test widgets::terminal::tests::test_terminal_state_default ... ok
test widgets::terminal::tests::test_terminal_widget_creation ... ok
test widgets::terminal::tests::test_terminal_widget_focus ... ok
test widgets::terminal::tests::test_terminal_widget_resize ... ok
test widgets::terminal::tests::test_terminal_widget_running_state ... ok
test widgets::terminal::tests::test_terminal_widget_scroll ... ok
test widgets::terminal::tests::test_terminal_widget_send_input ... ok
test widgets::terminal::tests::test_terminal_widget_send_string ... ok
test widgets::terminal::tests::test_terminal_widget_with_custom_props ... ok

test result: ok. 844 passed; 0 failed; 3 ignored; 0 measured; 0 filtered out; finished in 2.97s

     Running tests/api_widget_behavior.rs (target/debug/deps/api_widget_behavior-591f6bff9f7c0602)

running 321 tests
test accessibility_styles::css_tab_order_disabled_and_keyboard_only_controls_follow_presented_geometry ... ok
test accessibility_styles::screen_reader_only_text_is_unpainted_and_restorable ... ok
test accordion_acceptance::accordion_animation_paints_partial_content_and_reduced_motion_is_immediate ... ok
test accordion_acceptance::accordion_builder_opens_real_content_and_skips_disabled_headers ... ok
test accordion_acceptance::accordion_clicks_measured_custom_headers_and_not_expanded_content ... ok
test accordion_acceptance::accordion_closing_body_leaves_tab_order_before_animation_finishes ... ok
test accordion_acceptance::accordion_empty_disabled_and_key_release_do_not_toggle ... ok
test accordion_acceptance::accordion_keeps_nested_input_state_across_collapse_and_resize ... ok
test accordion_acceptance::accordion_modes_emit_one_notification_per_actual_change ... ok
test accordion_acceptance::accordion_persistence_and_mode_changes_follow_supplied_props ... ok
test an_unhandled_tab_reaches_a_component_only_once ... ok
test autocomplete_acceptance::autocomplete_builder_wheel_and_click_use_current_rows ... ok
test autocomplete_acceptance::autocomplete_click_uses_suggestion_bounds_after_resize_and_honors_veto ... ok
test autocomplete_acceptance::autocomplete_custom_filter_renderer_and_limit_are_applied ... ok
test autocomplete_acceptance::autocomplete_escape_dismisses_suggestions_before_canceling ... ok
test autocomplete_acceptance::autocomplete_filters_navigates_and_delivers_selection_once ... ok
test autocomplete_acceptance::autocomplete_prop_updates_keep_edits_and_selection_with_fresh_callbacks ... ok
test autocomplete_acceptance::autocomplete_reveals_the_keyboard_selection_in_a_long_list ... ok
test autocomplete_acceptance::autocomplete_unicode_empty_results_submit_typed_value ... ok
test breadcrumb_acceptance::breadcrumb_clicks_use_presented_unicode_bounds_inside_padding ... ok
test breadcrumb_acceptance::breadcrumb_current_and_nonclickable_segments_ignore_mouse_activation ... ok
test breadcrumb_acceptance::breadcrumb_empty_keyboard_disabled_and_release_inputs_do_not_activate ... ok
test breadcrumb_acceptance::breadcrumb_icons_home_override_compact_spacing_and_segment_classes_reach_frames ... ok
test breadcrumb_acceptance::breadcrumb_keyboard_callbacks_skip_nonclickable_and_current_segments ... ok
test breadcrumb_acceptance::breadcrumb_overflow_counts_separators_and_excludes_hidden_keyboard_targets ... ok
test breadcrumb_acceptance::breadcrumb_props_reorder_keeps_user_focus_and_remeasures_labels ... ok
test breadcrumb_acceptance::breadcrumb_replacing_focused_accordion_receives_keyboard_focus ... ok
test breadcrumb_acceptance::breadcrumb_resize_recomputes_overflow_and_retains_the_focused_segment ... ok
test breadcrumb_acceptance::breadcrumb_scroll_reveals_keyboard_focus_and_returns_home ... ok
test breadcrumb_acceptance::breadcrumb_tooltips_follow_hover_and_can_be_disabled ... ok
test breadcrumb_acceptance::breadcrumb_wheel_scroll_clamps_and_updates_mouse_targets ... ok
test breadcrumb_acceptance::breadcrumb_wrap_has_measured_targets_on_later_rows ... ok
test breadcrumb_acceptance::named_breadcrumb_builder_paints_real_segments ... ok
test button_activation_uses_app_keyboard_and_mouse ... ok
test chart_acceptance::chart_animation_paints_intermediate_frames_and_reduced_motion_is_immediate ... ok
test chart_acceptance::chart_bars_keep_signed_values_and_do_not_paint_values_outside_the_scale ... ok
test chart_acceptance::chart_builder_and_macro_draw_data_instead_of_descriptions ... ok
test chart_acceptance::chart_convenience_builders_and_disabled_controls_keep_their_behavior ... ok
test chart_acceptance::chart_legend_placement_and_width_follow_the_configuration ... ok
test chart_acceptance::chart_line_segments_intersect_axes_without_inventing_edge_points ... ok
test chart_acceptance::chart_own_padding_positions_plot_and_tooltips_in_the_content_box ... ok
test chart_acceptance::chart_tooltips_follow_painted_points_and_keyboard_and_can_be_disabled ... ok
test chart_acceptance::charts_clip_scatter_values_outside_explicit_axes_and_color_pie_sectors ... ok
test chart_acceptance::charts_display_axis_titles_grid_custom_ticks_and_all_legend_positions ... ok
test chart_acceptance::charts_honor_line_and_fill_styles_and_visible_series ... ok
test chart_acceptance::charts_reject_invalid_values_ranges_and_handle_empty_data ... ok
test chart_acceptance::charts_render_distinct_geometry_at_two_measured_sizes ... ok
test chart_acceptance::charts_update_props_and_resize_inside_a_padded_parent ... ok
test chart_acceptance::charts_use_exact_values_colors_and_point_overrides ... ok
test checkbox_builder_toggles_through_app_at_two_sizes ... ok
test checkbox_callback_and_state_survive_resize_without_duplication ... ok
test checkbox_hover_covers_the_label_and_clears_outside ... ok
test clipping_preserves_original_component_size_and_local_mouse_position ... ok
test data_table_acceptance::data_table_applies_each_filter_type_to_actual_rows ... ok
test data_table_acceptance::data_table_builder_preserves_filters_and_hidden_columns ... ok
test data_table_acceptance::data_table_export_buttons_and_column_panel_are_live ... ok
test data_table_acceptance::data_table_filter_active_toggle_supports_mouse_and_keyboard ... ok
test data_table_acceptance::data_table_filter_panel_edits_emit_changes_and_survive_closing ... ok
test data_table_acceptance::data_table_invalid_filter_edits_report_errors_without_replacing_valid_filter ... ok
test data_table_acceptance::data_table_multi_selection_keeps_cursor_and_selections_across_pages ... ok
test data_table_acceptance::data_table_pages_sort_before_slicing_and_report_source_indices ... ok
test data_table_acceptance::data_table_query_and_page_changes_reset_the_visible_row_window ... ok
test data_table_acceptance::data_table_replaces_filters_from_new_props_and_keeps_disabled_controls_inert ... ok
test data_table_acceptance::data_table_reports_zero_sizes_and_the_macro_renders_real_data ... ok
test data_table_acceptance::data_table_search_edits_filter_rows_and_calls_back_once_per_change ... ok
test data_table_acceptance::data_table_shift_sort_adds_secondary_column_before_paging ... ok
test data_table_acceptance::data_table_virtual_scroll_uses_measured_rows_and_preserves_header ... ok
test dialog_acceptance::confirmation_dialog_builder_paints_buttons_and_closes_after_activation ... ok
test dialog_acceptance::confirmation_dialog_buttons_skip_disabled_preserve_veto_and_deliver_close_result ... ok
test dialog_acceptance::dialog_builder_modal_flag_controls_background_input_and_closable_false_keeps_it_open ... ok
test dialog_acceptance::dialog_builder_retains_editable_children_and_closes_through_app ... ok
test dialog_acceptance::input_dialog_app_length_limit_accepts_combining_marks_and_rejects_oversized_paste ... ok
test dialog_acceptance::input_dialog_blur_validation_runs_before_cancel_closes_it ... ok
test dialog_acceptance::input_dialog_change_validation_shows_warnings_without_blocking_submit ... ok
test dialog_acceptance::input_dialog_direct_events_delete_whole_graphemes_and_accept_paste ... ok
test dialog_acceptance::input_dialog_direct_length_limit_counts_the_resulting_graphemes ... ok
test dialog_acceptance::input_dialog_direct_readonly_disabled_and_key_release_do_not_edit ... ok
test dialog_acceptance::input_dialog_mask_native_submission_checks_literals_unicode_and_configuration ... ok
test dialog_acceptance::input_dialog_mask_rejects_invalid_format_then_submits_corrected_unicode ... ok
test dialog_acceptance::input_dialog_multiline_enter_edits_and_ok_submits_both_lines ... ok
test dialog_acceptance::input_dialog_password_masks_frames_and_returns_the_original_value ... ok
test dialog_acceptance::input_dialog_pointer_edits_and_submits_at_the_resized_painted_coordinates ... ok
test dialog_acceptance::input_dialog_prop_updates_preserve_edits_replace_callbacks_and_apply_new_seed ... ok
test dialog_acceptance::input_dialog_readonly_keeps_value_while_allowing_submission_through_app ... ok
test dialog_acceptance::input_dialog_validates_edits_graphemes_and_delivers_submission_through_app ... ok
test dialog_acceptance::input_dialog_validator_types_and_rules_reject_invalid_values ... ok
test dialog_acceptance::progress_dialog_public_and_builder_routes_show_progress_and_cancel_once ... ok
test dialog_acceptance::progress_dialog_updates_value_cancellation_policy_and_callback_through_app ... ok
test dialog_acceptance::toast_positions_use_measured_message_size_without_stealing_background_input ... ok
test dialog_acceptance::toast_public_and_builder_routes_paint_then_expire_without_input ... ok
test dialog_http_acceptance::autocomplete_http_debounces_edits_into_one_current_query ... ok
test dialog_http_acceptance::autocomplete_http_rejects_malformed_suggestions_and_can_cancel ... ok
test dialog_http_acceptance::autocomplete_http_replacement_discards_the_previous_query ... ok
test dialog_http_acceptance::autocomplete_http_sends_query_headers_and_renders_suggestion_objects ... ok
test dialog_http_acceptance::autocomplete_removal_cancels_a_live_http_request ... ok
test dialog_http_acceptance::input_dialog_edit_cancels_pending_remote_submission ... ok
test dialog_http_acceptance::input_dialog_inline_validators_do_not_cancel_a_matching_http_request_on_redraw ... ok
test dialog_http_acceptance::input_dialog_remote_change_validation_keeps_warnings_and_reuses_the_matching_result ... ok
test dialog_http_acceptance::input_dialog_remote_completion_preserves_the_submit_veto_and_revalidates_on_retry ... ok
test dialog_http_acceptance::input_dialog_remote_completion_rechecks_current_local_validation ... ok
test dialog_http_acceptance::input_dialog_remote_http_and_json_failures_remain_open ... ok
test dialog_http_acceptance::input_dialog_remote_rejection_can_be_corrected_and_resubmitted ... ok
test dialog_http_acceptance::input_dialog_remote_validation_posts_json_and_completes_pending_submission ... ok
test dialog_http_acceptance::input_dialog_removal_cancels_a_live_request_without_waiting_for_the_server ... ok
test dialog_input_lifecycle_acceptance::input_dialog_debounce_coalesces_edits_and_reschedules_when_delay_changes ... ok
test dialog_input_lifecycle_acceptance::input_dialog_disabling_change_validation_or_removing_cancels_the_pending_debounce ... ok
test file_explorer_acceptance::explorer_all_sort_criteria_and_orders_use_real_metadata ... ok
test file_explorer_acceptance::explorer_breadcrumbs_respect_root_and_notify_new_location ... ok
test file_explorer_acceptance::explorer_changed_props_replace_location_but_keep_user_view_and_remeasure_input ... ok
test file_explorer_acceptance::explorer_convenience_builders_produce_browsable_controls ... ok
test file_explorer_acceptance::explorer_copy_rename_move_and_confirmed_delete_change_real_files ... ok
test file_explorer_acceptance::explorer_disabled_empty_and_no_selection_modes_are_inert_where_requested ... ok
test file_explorer_acceptance::explorer_grid_limits_keep_the_last_item_reachable_after_column_changes ... ok
test file_explorer_acceptance::explorer_loads_real_directory_and_navigates_with_app_input ... ok
test file_explorer_acceptance::explorer_multiple_selection_uses_paths_and_emits_callbacks_once ... ok
test file_explorer_acceptance::explorer_non_utf8_callbacks_are_lossless_and_rename_uses_the_native_path ... ok
test file_explorer_acceptance::explorer_preview_wakes_an_idle_app ... ok
test file_explorer_acceptance::explorer_reports_invalid_paths_limits_and_overwrite_errors ... ok
test file_explorer_acceptance::explorer_signed_wheels_and_release_events_preserve_selection_until_activation ... ok
test file_explorer_acceptance::explorer_typed_construction_and_public_seed_state_render_through_app ... ok
test file_explorer_acceptance::explorer_uses_padded_parent_layout_and_handles_resize ... ok
test file_explorer_acceptance::explorer_views_filter_hidden_files_and_render_a_real_expanded_tree ... ok
test file_explorer_acceptance::explorer_virtual_rows_and_resize_keep_mouse_targets_on_the_painted_entries ... ok
test input_acceptance::autocomplete_accepts_with_tab_and_mouse_without_moving_focus ... ok
test input_acceptance::bracketed_paste_and_undo_preserve_multiline_trailing_newlines ... ok
test input_acceptance::empty_and_zero_width_selects_handle_navigation_without_panics ... ok
test input_acceptance::input_builders_and_macros_preserve_editable_controls ... ok
test input_acceptance::input_selection_copy_cut_paste_redo_and_submit_reach_app ... ok
test input_acceptance::max_length_counts_graphemes_and_accepts_combining_input ... ok
test input_acceptance::multiline_builder_renders_line_numbers_tabs_and_auto_indent ... ok
test input_acceptance::narrow_multiline_fields_wrap_wide_graphemes_into_visible_rows ... ok
test input_acceptance::numeric_and_email_builder_modes_affect_input_and_validation ... ok
test input_acceptance::password_masks_graphemes_without_revealing_original_text ... ok
test input_acceptance::readonly_input_allows_tab_to_the_next_control ... ok
test input_acceptance::regex_validation_changes_visible_error_and_recovers ... ok
test input_acceptance::select_end_skips_disabled_last_option_and_reopen_keeps_it_visible ... ok
test input_acceptance::select_mouse_respects_padding_and_open_close_callbacks_after_resize ... ok
test input_acceptance::static_suggestions_are_available_after_typing ... ok
test input_acceptance::supplied_text_replacement_resets_undo_without_corrupting_value ... ok
test input_acceptance::text_input_mouse_uses_display_columns_before_and_after_resize ... ok
test input_acceptance::typed_select_skips_disabled_first_option_and_reports_selection_once ... ok
test input_acceptance::unhandled_default_quit_keys_exit_before_further_typing ... ok
test menu_acceptance::context_menu_builder_delivers_one_open_action_selection_and_close ... ok
test menu_acceptance::context_menu_builder_trigger_areas_and_clicks_use_screen_coordinates ... ok
test menu_acceptance::context_menu_long_press_cancels_after_pointer_leaves_its_owner ... ok
test menu_acceptance::context_menu_long_press_opens_without_another_mouse_event ... ok
test menu_acceptance::context_menu_right_click_paints_actual_items_through_app ... ok
test menu_acceptance::dialog_menu_confirmation_defaults_and_escape_cancellation_are_distinct ... ok
test menu_acceptance::dialog_menu_hover_selects_the_painted_item_without_activating_it ... ok
test menu_acceptance::dialog_menu_input_edits_unicode_and_submits_current_text ... ok
test menu_acceptance::dialog_menu_input_pastes_scrolls_and_deletes_whole_graphemes ... ok
test menu_acceptance::dialog_menu_multi_selection_seed_excludes_unselectable_entries ... ok
test menu_acceptance::dialog_menu_multi_selection_toggles_and_confirms_ids ... ok
test menu_acceptance::dialog_menu_nested_multi_selection_paints_and_survives_prop_updates ... ok
test menu_acceptance::dialog_menu_paints_actual_items_through_app ... ok
test menu_acceptance::dialog_menu_selection_reports_action_selection_and_hide_once ... ok
test menu_acceptance::disabled_and_empty_menus_ignore_activation_through_app ... ok
test menu_acceptance::menu_bar_builder_keeps_all_callbacks ... ok
test menu_acceptance::menu_bar_checkbox_keeps_state_between_openings ... ok
test menu_acceptance::menu_bar_direction_keys_do_not_invoke_leaf_actions ... ok
test menu_acceptance::menu_bar_disabled_and_empty_states_are_inert ... ok
test menu_acceptance::menu_bar_honors_public_state_for_an_initial_open_dropdown ... ok
test menu_acceptance::menu_bar_hover_opens_the_measured_nested_submenu ... ok
test menu_acceptance::menu_bar_mouse_uses_painted_item_positions ... ok
test menu_acceptance::menu_bar_opens_nested_actions_and_calls_once ... ok
test menu_acceptance::menu_bar_outside_click_dismisses_without_a_focus_change ... ok
test menu_acceptance::menu_bar_paints_actual_items_through_app ... ok
test menu_acceptance::menu_bar_public_scroll_seed_starts_at_the_authored_row ... ok
test menu_acceptance::menu_bar_reorder_retains_nested_selection_and_replaces_callback ... ok
test menu_acceptance::menu_bar_resize_moves_open_dropdown_and_pointer_targets ... ok
test menu_acceptance::menu_bar_scrolls_to_end_and_home_before_activation ... ok
test menu_acceptance::menu_bar_shortcuts_reach_nested_enabled_actions_once ... ok
test menu_acceptance::menu_builder_style_colors_and_spacing_reach_the_painted_items ... ok
test menu_acceptance::menu_overlay_resize_repositions_paint_and_mouse_targets ... ok
test menu_acceptance::menu_page_navigation_uses_the_presented_row_count ... ok
test menu_acceptance::menu_prop_replacement_and_remount_keep_callbacks_and_state_local ... ok
test menu_acceptance::menu_public_scroll_seed_keeps_its_window_through_navigation ... ok
test menu_acceptance::menu_public_state_updates_replace_selection_and_callbacks_through_app ... ok
test menu_acceptance::menu_separators_paint_distinct_rules_and_keep_navigation_on_items ... ok
test menu_acceptance::menu_wheel_navigation_reaches_actions_through_app ... ok
test menu_acceptance::popup_and_dialog_menu_clicks_use_the_painted_overlay_position ... ok
test menu_acceptance::popup_and_dialog_menu_outside_click_ignores_closed_submenu_bounds ... ok
test menu_acceptance::popup_and_dialog_menus_reopen_and_restore_the_trigger_focus ... ok
test menu_acceptance::popup_menu_builder_paints_and_delivers_all_callbacks ... ok
test menu_acceptance::popup_menu_hover_opens_and_preserves_the_nested_panel ... ok
test menu_acceptance::popup_menu_paints_actual_items_through_app ... ok
test menu_acceptance::popup_menu_placements_use_screen_coordinates ... ok
test menu_acceptance::popup_menu_scroll_keeps_selected_rows_visible_with_separators ... ok
test menu_acceptance::popup_menu_selects_nested_items_and_closes_after_action ... ok
test menu_acceptance::popup_menu_uses_cell_padding_and_caps_fixed_width ... ok
test menu_acceptance::public_menu_props_builders_produce_activatable_controls ... ok
test modal_acceptance::foreground_inheritance_preserves_child_overrides_and_sibling_isolation ... ok
test modal_acceptance::modal_animations_change_presented_frames_without_input ... ok
test modal_acceptance::modal_border_and_region_styles_reach_actual_cells ... ok
test modal_acceptance::modal_builder_honors_hidden_state_instead_of_painting_a_description ... ok
test modal_acceptance::modal_close_button_and_backdrop_deliver_distinct_reasons ... ok
test modal_acceptance::modal_closing_fade_is_inert_and_reopening_restores_child_focus ... ok
test modal_acceptance::modal_custom_cancel_and_disabled_buttons_use_actual_focus_and_restore_opener ... ok
test modal_acceptance::modal_dismissal_flags_preserve_explicit_action_buttons ... ok
test modal_acceptance::modal_drag_clamps_to_viewport_and_cancels_on_focus_loss ... ok
test modal_acceptance::modal_empty_content_still_offers_a_functional_close_action ... ok
test modal_acceptance::modal_generic_builder_preserves_multiple_children_and_dismissal_options ... ok
test modal_acceptance::modal_invalid_dimensions_recover_on_prop_update_and_deliver_close ... ok
test modal_acceptance::modal_keeps_real_child_editing_and_scrolls_overflowing_content ... ok
test modal_acceptance::modal_named_route_runs_button_action_and_closes_once ... ok
test modal_acceptance::modal_nested_escape_closes_inner_then_restores_outer_focus ... ok
test modal_acceptance::modal_position_and_size_options_use_cells_and_actual_content ... ok
test modal_acceptance::modal_positions_actual_content_in_the_measured_viewport ... ok
test modal_acceptance::modal_reduced_motion_and_invalid_or_zero_dimensions_are_bounded ... ok
test modal_acceptance::modal_replaces_content_footer_and_close_callback_without_remounting ... ok
test modal_acceptance::modal_resize_handles_change_all_edges ... ok
test modal_acceptance::modal_title_drag_follows_pointer_and_stops_on_release ... ok
test modal_acceptance::modal_viewport_resize_moves_its_close_target ... ok
test modal_acceptance::modal_z_order_routes_overlapping_close_targets_to_the_visible_dialog ... ok
test multiple_select_retains_independent_choices_and_escape_closes ... ok
test popover_acceptance::arrow_does_not_cover_the_body_mouse_target ... ok
test popover_acceptance::disabled_popover_trigger_does_not_open_from_mouse_input ... ok
test popover_acceptance::explicit_popover_anchors_use_cells_and_invalid_rectangles_restore_measurement ... ok
test popover_acceptance::focus_trigger_opens_on_focus_and_escape_can_dismiss_without_reopening ... ok
test popover_acceptance::ignoring_boundaries_keeps_intrinsic_content_size_before_terminal_clipping ... ok
test popover_acceptance::imperative_popover_handle_wakes_idle_app_and_callbacks_can_reenter_it ... ok
test popover_acceptance::invalid_popover_constraints_report_errors_without_open_callbacks ... ok
test popover_acceptance::leaving_the_terminal_closes_hover_popover_at_the_origin ... ok
test popover_acceptance::nested_popovers_close_in_order_and_restore_focus_for_mixed_traps ... ok
test popover_acceptance::nontrapping_popover_allows_tab_out_and_removal_does_not_steal_focus ... ok
test popover_acceptance::popover_animation_paints_intermediate_frames_and_slide_keeps_arrow_attached ... ok
test popover_acceptance::popover_arrows_point_toward_trigger_and_render_each_style ... ok
test popover_acceptance::popover_autofocus_targets_real_children_and_escape_restores_trigger ... ok
test popover_acceptance::popover_boundary_modes_use_the_presented_viewport ... ok
test popover_acceptance::popover_builder_defaults_open_real_content_in_small_viewports ... ok
test popover_acceptance::popover_dismissal_flags_are_independent ... ok
test popover_acceptance::popover_hover_deadlines_open_and_close_an_idle_app ... ok
test popover_acceptance::popover_initial_position_callback_waits_for_measured_content ... ok
test popover_acceptance::popover_keeps_trigger_and_opens_actual_content_then_closes_on_escape ... ok
test popover_acceptance::popover_positions_follow_measured_trigger_and_content_at_two_viewports ... ok
test popover_acceptance::popover_reports_measured_position_and_repositions_after_resize ... ok
test popover_acceptance::popover_retains_open_state_on_content_replacement_and_uses_new_callbacks ... ok
test popover_acceptance::popover_size_constraints_clip_content_and_empty_bodies_keep_the_trigger ... ok
test popover_acceptance::popover_trigger_observes_consuming_button_and_outside_click_does_not_leak ... ok
test progress_acceptance::invalid_progress_and_indeterminate_values_never_report_completion ... ok
test progress_acceptance::progress_builders_and_macros_paint_actual_bars ... ok
test progress_acceptance::progress_completion_fires_once_per_transition_and_replaced_callbacks_are_used ... ok
test progress_acceptance::progress_custom_formatter_receives_values_and_replacement_updates_without_value_change ... ok
test progress_acceptance::progress_horizontal_and_vertical_bars_use_range_and_real_dimensions ... ok
test progress_acceptance::progress_indeterminate_pulse_and_smooth_changes_advance_without_input ... ok
test progress_acceptance::progress_initial_completion_is_once_and_invalid_width_is_visible ... ok
test progress_acceptance::progress_public_helpers_reduced_motion_and_disabled_input_work_through_app ... ok
test progress_acceptance::progress_resize_and_own_padding_keep_content_inside_measured_bounds ... ok
test progress_acceptance::progress_segments_stripes_and_styles_affect_painted_cells ... ok
test radio_acceptance::named_radio_builder_groups_distinct_owners_and_preserves_keyed_selection ... ok
test radio_acceptance::named_radio_ungrouped_and_disabled_controls_keep_independent_state ... ok
test radio_acceptance::nested_apps_do_not_share_named_radio_selection ... ok
test radio_acceptance::radio_callback_runs_once_for_a_changed_selection ... ok
test radio_acceptance::radio_empty_and_disabled_controls_ignore_activation ... ok
test radio_acceptance::radio_generic_builder_selects_by_keyboard_and_horizontal_mouse ... ok
test readonly_and_disabled_input_do_not_accept_edits ... ok
test scroll_acceptance::padded_scrollbars_and_wheel_hits_stay_inside_the_viewport ... ok
test scroll_acceptance::scroll_resize_preserves_position_then_clamps_to_new_viewport ... ok
test scroll_acceptance::scroll_view_keeps_unicode_content_and_reaches_last_row ... ok
test scroll_acceptance::scroll_wheel_has_direction_and_horizontal_unicode_uses_cells ... ok
test scroll_acceptance::scrollbars_follow_offsets_and_disabled_axes_and_empty_content_are_inert ... ok
test scroll_acceptance::smooth_scroll_paints_intermediate_content ... ok
test scroll_acceptance::specialized_scroll_keeps_child_input_and_clips_hidden_hits ... ok
test select_builder_selects_through_app_at_two_sizes ... ok
test slider_acceptance::slider_builder_paints_label_and_changes_with_keyboard ... ok
test slider_acceptance::slider_callbacks_are_once_per_change_and_invalid_values_are_inert ... ok
test slider_acceptance::slider_degenerate_range_stays_at_its_only_value ... ok
test slider_acceptance::slider_drag_ends_on_release_and_focus_loss ... ok
test slider_acceptance::slider_mouse_uses_padded_track_and_vertical_rows ... ok
test slider_acceptance::slider_track_follows_viewport_and_resize ... ok
test stack_acceptance::specialized_stack_retains_children_classes_and_clicks ... ok
test stack_acceptance::stack_alignment_justification_reverse_and_wrap_use_real_bounds ... ok
test stack_acceptance::stack_preserves_nested_input_and_cell_spacing ... ok
test tab_focus_notifications_leave_all_input_controls_ready_for_input ... ok
test table_acceptance::table_clips_overflow_before_the_border_hit_targets ... ok
test table_acceptance::table_column_targets_follow_resize ... ok
test table_acceptance::table_column_width_alignment_and_cell_styles_reach_the_frame ... ok
test table_acceptance::table_contributes_intrinsic_width_inside_an_auto_sized_padded_parent ... ok
test table_acceptance::table_initial_sort_selection_and_hidden_header_follow_props ... ok
test table_acceptance::table_keeps_selected_row_identity_when_props_reorder ... ok
test table_acceptance::table_multi_selection_cell_actions_and_inert_inputs ... ok
test table_acceptance::table_named_route_sorts_selects_and_activates_source_rows ... ok
test table_acceptance::table_paints_configured_borders_and_handles_padded_cell_targets ... ok
test table_acceptance::table_rejects_ambiguous_ids_and_contradictory_widths_without_callbacks ... ok
test table_acceptance::table_resizing_moves_the_column_boundary_and_stops_on_release ... ok
test table_acceptance::table_scrolls_sorted_rows_and_skips_disabled_rows ... ok
test table_acceptance::table_without_explicit_height_scrolls_within_the_terminal ... ok
test tabs_acceptance::tabs_badge_icon_tooltip_and_variants_reach_frames ... ok
test tabs_acceptance::tabs_builder_close_removes_panels_without_a_parent_callback ... ok
test tabs_acceptance::tabs_builders_switch_real_panels_and_preserve_child_input ... ok
test tabs_acceptance::tabs_eager_panels_retain_input_state_and_hidden_controls_ignore_clicks ... ok
test tabs_acceptance::tabs_lazy_loading_controls_mounting_and_hidden_panels_cannot_activate ... ok
test tabs_acceptance::tabs_manual_activation_skips_disabled_and_empty_is_inert ... ok
test tabs_acceptance::tabs_positions_use_measured_unicode_header_and_close_targets ... ok
test tabs_acceptance::tabs_resize_moves_header_targets_and_key_release_does_not_close ... ok
test text_input_builder_edits_through_app_at_two_sizes ... ok
test text_input_unicode_replacement_and_undo_preserve_graphemes ... ok
test tree_acceptance::tree_border_and_builder_classes_reach_painted_cells ... ok
test tree_acceptance::tree_both_builders_render_real_hierarchy_and_keep_classes ... ok
test tree_acceptance::tree_changed_props_preserve_ids_and_replace_authored_flags ... ok
test tree_acceptance::tree_checking_and_multiple_selection_have_independent_cursor ... ok
test tree_acceptance::tree_down_up_click_does_not_toggle_twice_and_release_keys_are_inert ... ok
test tree_acceptance::tree_drop_moves_owned_nodes_and_rejects_descendant_cycles ... ok
test tree_acceptance::tree_empty_disabled_and_invalid_roots_are_observable_and_inert ... ok
test tree_acceptance::tree_initial_lazy_expansion_loads_and_duplicate_children_fail_visibly ... ok
test tree_acceptance::tree_lazy_load_uses_returned_children_once_and_reports_expansion ... ok
test tree_acceptance::tree_lines_icons_styles_and_padded_targets_follow_resize ... ok
test tree_acceptance::tree_named_keyboard_and_mouse_keep_expansion_and_callbacks ... ok
test tree_acceptance::tree_per_node_flags_skip_selection_and_allow_independent_checks ... ok
test tree_acceptance::tree_search_filters_hidden_nodes_before_mouse_hit_testing ... ok
test tree_acceptance::tree_virtual_scroll_uses_measured_height_and_signed_wheel ... ok
test wizard_acceptance::empty_wizard_displays_error_and_can_cancel ... ok
test wizard_acceptance::wizard_app_supplies_authored_data_to_validation_and_completion ... ok
test wizard_acceptance::wizard_builder_enforces_can_proceed_and_initial_step ... ok
test wizard_acceptance::wizard_builder_hides_progress_and_disables_cancel_without_disabling_finish ... ok
test wizard_acceptance::wizard_keyboard_advances_with_back_disabled ... ok
test wizard_acceptance::wizard_navigates_back_and_finishes_once_after_resize ... ok
test wizard_acceptance::wizard_reorder_retains_active_id_and_uses_updated_data_and_callback ... ok
test wizard_acceptance::wizard_retains_edited_child_on_back ... ok
test wizard_acceptance::wizard_validation_blocks_next_but_optional_skip_advances ... ok
test wizard_acceptance::wizard_veto_keeps_final_step_open_and_cancel_delivers_once ... ok

test result: ok. 321 passed; 0 failed; 0 ignored; 0 measured; 0 filtered out; finished in 118.08s

