     Locking 40 packages to latest compatible versions
      Adding windows-sys v0.59.0 (available: v0.61.2)
   Compiling windows_x86_64_gnu v0.52.6
   Compiling windows_x86_64_gnu v0.53.1
   Compiling io-lifetimes v2.0.4
   Compiling io-lifetimes v3.0.1
   Compiling io-extras v0.19.0
   Compiling cap-primitives v4.0.3
    Checking bitflags v2.13.2
    Checking windows-link v0.2.1
    Checking ambient-authority v0.0.2
    Checking windows-sys v0.61.2
    Checking windows-targets v0.53.5
   Compiling cap-std v4.0.3
    Checking maybe-owned v0.3.4
    Checking ipnet v2.12.2
    Checking windows-targets v0.52.6
   Compiling cap-fs-ext v4.0.3
    Checking windows-sys v0.60.2
    Checking windows-sys v0.59.0
    Checking winx v0.36.4
    Checking fs-set-times v0.20.3
    Checking rtui-rename-typecheck v0.0.0 (/tmp/rtui-rename-typecheck-kipe7nvf)
warning: function `exclusive` is never used
  --> /home/shawn/workspace2/reactive-tui/src/widgets/display/file_explorer/worker/operations/rename.rs:27:15
   |
27 | pub(super) fn exclusive(
   |               ^^^^^^^^^
   |
   = note: `#[warn(dead_code)]` (part of `#[warn(unused)]`) on by default

warning: `rtui-rename-typecheck` (lib) generated 1 warning
    Finished `dev` profile [unoptimized + debuginfo] target(s) in 11.81s
