   Compiling reactive-tui v0.0.7 (/home/shawn/workspace2/reactive-tui)
    Finished `test` profile [unoptimized + debuginfo] target(s) in 21.62s
     Running tests/api_widget_behavior.rs (target/debug/deps/api_widget_behavior-591f6bff9f7c0602)

running 2 tests
test core_builder_acceptance::core_input_placeholder_is_visible_and_typing_replaces_it ... FAILED
test core_builder_acceptance::core_input_text_is_an_editable_seed ... FAILED

failures:

---- core_builder_acceptance::core_input_placeholder_is_visible_and_typing_replaces_it stdout ----

thread 'core_builder_acceptance::core_input_placeholder_is_visible_and_typing_replaces_it' (667515) panicked at tests/support/app_input.rs:101:13:
App painted 2 frames but input needs Some((1, ["TYPE HERE"])) before the deadline. Last frame:
                                
                                
                                
                                
                                
                                
                                
                                
                                
                                
                                
                                
note: run with `RUST_BACKTRACE=1` environment variable to display a backtrace

---- core_builder_acceptance::core_input_text_is_an_editable_seed stdout ----

thread 'core_builder_acceptance::core_input_text_is_an_editable_seed' (668399) panicked at tests/support/app_input.rs:101:13:
App painted 2 frames but input needs Some((1, ["seedX"])) before the deadline. Last frame:
seed                            
                                
                                
                                
                                
                                
                                
                                
                                
                                
                                
                                


failures:
    core_builder_acceptance::core_input_placeholder_is_visible_and_typing_replaces_it
    core_builder_acceptance::core_input_text_is_an_editable_seed

test result: FAILED. 0 passed; 2 failed; 0 ignored; 0 measured; 324 filtered out; finished in 6.00s

error: test failed, to rerun pass `--test api_widget_behavior`
