A11Y # GNOME Terminal 3.58.0 using VTE 0.84.0 +BIDI +GNUTLS +ICU +SYSTEMD
dbus-daemon[118649]: [session uid=1000 pid=118649 pidfd=5] Activating service name='org.a11y.Bus' requested by ':1.0' (uid=1000 pid=118675 comm="/usr/bin/python3 /usr/bin/orca --version" label="unconfined")
dbus-daemon[118649]: [session uid=1000 pid=118649 pidfd=5] Successfully activated service 'org.a11y.Bus'
dbus-daemon[118649]: [session uid=1000 pid=118649 pidfd=5] Activating service name='org.gtk.vfs.Daemon' requested by ':1.3' (uid=1000 pid=118748 comm="/usr/lib/x86_64-linux-gnu/../../lib/x86_64-linux-g" label="unconfined")
dbus-daemon[118649]: [session uid=1000 pid=118649 pidfd=5] Successfully activated service 'org.gtk.vfs.Daemon'
dbus-daemon[118732]: Activating service name='org.a11y.atspi.Registry' requested by ':1.0' (uid=1000 pid=118675 comm="/usr/bin/python3 /usr/bin/orca --version" label="unconfined")
dbus-daemon[118732]: Successfully activated service 'org.a11y.atspi.Registry'
SpiRegistry daemon is running with well-known name - org.a11y.atspi.Registry
A11Y Orca version 50.1.2, AT-SPI2 version: 2.60.0, Session: x11 gnome
A11Y isolated X11/Xvfb viewport 100x32
dbus-daemon[118649]: [session uid=1000 pid=118649 pidfd=5] Activating service name='ca.desrt.dconf' requested by ':1.7' (uid=1000 pid=119209 comm="/usr/bin/python3 /usr/bin/orca --debug-file /home/" label="unconfined")
dbus-daemon[118649]: [session uid=1000 pid=118649 pidfd=5] Successfully activated service 'ca.desrt.dconf'
dbus-daemon[118649]: [session uid=1000 pid=118649 pidfd=5] Activating service name='org.gnome.Terminal' requested by ':1.9' (uid=1000 pid=120007 comm="gnome-terminal --display=:1 --geometry=100x32 --wa" label="unconfined")
dbus-daemon[118649]: [session uid=1000 pid=118649 pidfd=5] Activating service name='org.freedesktop.portal.Desktop' requested by ':1.10' (uid=1000 pid=120018 comm="/usr/libexec/gnome-terminal-server" label="unconfined")
dbus-daemon[118649]: [session uid=1000 pid=118649 pidfd=5] Activating service name='org.freedesktop.impl.portal.PermissionStore' requested by ':1.11' (uid=1000 pid=120038 comm="/usr/libexec/xdg-desktop-portal" label="unconfined")
dbus-daemon[118649]: [session uid=1000 pid=118649 pidfd=5] Successfully activated service 'org.freedesktop.impl.portal.PermissionStore'
dbus-daemon[118649]: [session uid=1000 pid=118649 pidfd=5] Activating service name='org.freedesktop.portal.Documents' requested by ':1.11' (uid=1000 pid=120038 comm="/usr/libexec/xdg-desktop-portal" label="unconfined")
dbus-daemon[118649]: [session uid=1000 pid=118649 pidfd=5] Successfully activated service 'org.freedesktop.portal.Documents'

(/usr/libexec/xdg-desktop-portal:120038): xdg-desktop-portal-WARNING **: 18:26:43.781: Choosing gnome.portal for org.freedesktop.impl.portal.Lockdown via the deprecated UseIn key

(/usr/libexec/xdg-desktop-portal:120038): xdg-desktop-portal-WARNING **: 18:26:43.781: The preferred method to match portal implementations to desktop environments is to use the portals.conf(5) configuration file
dbus-daemon[118649]: [session uid=1000 pid=118649 pidfd=5] Activating service name='org.freedesktop.impl.portal.desktop.gnome' requested by ':1.11' (uid=1000 pid=120038 comm="/usr/libexec/xdg-desktop-portal" label="unconfined")
libEGL warning: DRI3 error: Could not get DRI3 device
libEGL warning: Ensure your X server supports DRI3 to get accelerated rendering
dbus-daemon[118649]: [session uid=1000 pid=118649 pidfd=5] Successfully activated service 'org.freedesktop.impl.portal.desktop.gnome'

(/usr/libexec/xdg-desktop-portal:120038): xdg-desktop-portal-WARNING **: 18:26:43.905: Choosing gnome.portal for org.freedesktop.impl.portal.Access via the deprecated UseIn key

(/usr/libexec/xdg-desktop-portal:120038): xdg-desktop-portal-WARNING **: 18:26:43.913: Choosing gnome.portal for org.freedesktop.impl.portal.Settings via the deprecated UseIn key

(/usr/libexec/xdg-desktop-portal:120038): xdg-desktop-portal-WARNING **: 18:26:43.913: Choosing gtk.portal for org.freedesktop.impl.portal.Settings via the deprecated UseIn key
dbus-daemon[118649]: [session uid=1000 pid=118649 pidfd=5] Activating service name='org.freedesktop.impl.portal.desktop.gtk' requested by ':1.11' (uid=1000 pid=120038 comm="/usr/libexec/xdg-desktop-portal" label="unconfined")
dbus-daemon[118649]: [session uid=1000 pid=118649 pidfd=5] Successfully activated service 'org.freedesktop.impl.portal.desktop.gtk'

** (xdg-desktop-portal-gtk:120163): WARNING **: 18:26:43.937: atk-bridge: Couldn't listen on dbus server: Socket name too long


(/usr/libexec/xdg-desktop-portal:120038): xdg-desktop-portal-WARNING **: 18:26:43.937: Choosing gnome.portal for org.freedesktop.impl.portal.FileChooser via the deprecated UseIn key

(/usr/libexec/xdg-desktop-portal:120038): xdg-desktop-portal-WARNING **: 18:26:43.939: Choosing gnome.portal for org.freedesktop.impl.portal.AppChooser via the deprecated UseIn key

(/usr/libexec/xdg-desktop-portal:120038): xdg-desktop-portal-WARNING **: 18:26:43.939: Choosing gnome.portal for org.freedesktop.impl.portal.Print via the deprecated UseIn key

(/usr/libexec/xdg-desktop-portal:120038): xdg-desktop-portal-WARNING **: 18:26:43.939: Choosing gnome.portal for org.freedesktop.impl.portal.Notification via the deprecated UseIn key

(/usr/libexec/xdg-desktop-portal:120038): xdg-desktop-portal-WARNING **: 18:26:43.940: Choosing gtk.portal for org.freedesktop.impl.portal.Inhibit via the deprecated UseIn key

(/usr/libexec/xdg-desktop-portal:120038): xdg-desktop-portal-WARNING **: 18:26:43.942: Failed to connect to PipeWire: Couldn't connect to PipeWire

(/usr/libexec/xdg-desktop-portal:120038): xdg-desktop-portal-WARNING **: 18:26:43.942: Choosing gnome.portal for org.freedesktop.impl.portal.Screenshot via the deprecated UseIn key

(/usr/libexec/xdg-desktop-portal:120038): xdg-desktop-portal-WARNING **: 18:26:43.943: Choosing gnome.portal for org.freedesktop.impl.portal.Background via the deprecated UseIn key

(/usr/libexec/xdg-desktop-portal:120038): xdg-desktop-portal-WARNING **: 18:26:43.944: Choosing gnome.portal for org.freedesktop.impl.portal.Wallpaper via the deprecated UseIn key

(/usr/libexec/xdg-desktop-portal:120038): xdg-desktop-portal-WARNING **: 18:26:43.944: Choosing gnome.portal for org.freedesktop.impl.portal.Account via the deprecated UseIn key

(/usr/libexec/xdg-desktop-portal:120038): xdg-desktop-portal-WARNING **: 18:26:43.945: Choosing gtk.portal for org.freedesktop.impl.portal.Email via the deprecated UseIn key

(/usr/libexec/xdg-desktop-portal:120038): xdg-desktop-portal-WARNING **: 18:26:43.945: Choosing gnome-keyring.portal for org.freedesktop.impl.portal.Secret via the deprecated UseIn key

(/usr/libexec/xdg-desktop-portal:120038): xdg-desktop-portal-WARNING **: 18:26:43.945: Choosing gnome.portal for org.freedesktop.impl.portal.GlobalShortcuts via the deprecated UseIn key
dbus-daemon[118649]: [session uid=1000 pid=118649 pidfd=5] Activating service name='org.freedesktop.secrets' requested by ':1.11' (uid=1000 pid=120038 comm="/usr/libexec/xdg-desktop-portal" label="unconfined")

(/usr/libexec/xdg-desktop-portal:120038): xdg-desktop-portal-WARNING **: 18:26:43.946: Choosing gnome.portal for org.freedesktop.impl.portal.DynamicLauncher via the deprecated UseIn key

(/usr/libexec/xdg-desktop-portal:120038): xdg-desktop-portal-WARNING **: 18:26:43.947: Choosing gnome.portal for org.freedesktop.impl.portal.ScreenCast via the deprecated UseIn key

(/usr/libexec/xdg-desktop-portal:120038): xdg-desktop-portal-WARNING **: 18:26:43.947: Choosing gnome.portal for org.freedesktop.impl.portal.RemoteDesktop via the deprecated UseIn key
** Message: 18:26:43.949: couldn't access control socket: /home/shawn/workspace2/reactive-tui/target/api011-check-tmp/rtui-orca-qnjco304/runtime/keyring/control: No such file or directory
discover_other_daemon: 0
(/usr/libexec/xdg-desktop-portal:120038): xdg-desktop-portal-WARNING **: 18:26:43.949: Choosing gnome.portal for org.freedesktop.impl.portal.Clipboard via the deprecated UseIn key

(/usr/libexec/xdg-desktop-portal:120038): xdg-desktop-portal-WARNING **: 18:26:43.949: Choosing gnome.portal for org.freedesktop.impl.portal.InputCapture via the deprecated UseIn key

(/usr/libexec/xdg-desktop-portal:120038): xdg-desktop-portal-WARNING **: 18:26:43.950: Choosing gnome.portal for org.freedesktop.impl.portal.Usb via the deprecated UseIn key
dbus-daemon[118649]: [session uid=1000 pid=118649 pidfd=5] Successfully activated service 'org.freedesktop.secrets'
dbus-daemon[118649]: [session uid=1000 pid=118649 pidfd=5] Successfully activated service 'org.freedesktop.portal.Desktop'
dbus-daemon[118649]: [session uid=1000 pid=118649 pidfd=5] Successfully activated service 'org.gnome.Terminal'

** (org.gnome.Terminal:120018): WARNING **: 18:26:44.010: atk-bridge: Couldn't listen on dbus server: Socket name too long

dbus-daemon[118649]: [session uid=1000 pid=118649 pidfd=5] Activating service name='org.gtk.vfs.Metadata' requested by ':1.10' (uid=1000 pid=120018 comm="/usr/libexec/gnome-terminal-server" label="unconfined")
dbus-daemon[118649]: [session uid=1000 pid=118649 pidfd=5] Successfully activated service 'org.gtk.vfs.Metadata'

(process:118650): dbind-WARNING **: 18:26:44.228: AT-SPI: AddAccessible with unknown signature (so)(so)(so)iiassusau


(process:118650): dbind-WARNING **: 18:26:44.228: AT-SPI: AddAccessible with unknown signature (so)(so)(so)iiassusau


(process:118650): dbind-WARNING **: 18:26:44.228: AT-SPI: AddAccessible with unknown signature (so)(so)(so)iiassusau


(process:118650): dbind-WARNING **: 18:26:44.228: AT-SPI: AddAccessible with unknown signature (so)(so)(so)iiassusau


(process:118650): dbind-WARNING **: 18:26:44.228: AT-SPI: AddAccessible with unknown signature (so)(so)(so)iiassusau


(process:118650): dbind-WARNING **: 18:26:44.228: AT-SPI: AddAccessible with unknown signature (so)(so)(so)iiassusau


(process:118650): dbind-WARNING **: 18:26:44.254: AT-SPI: AddAccessible with unknown signature (so)(so)(so)iiassusau


(process:118650): dbind-WARNING **: 18:26:44.254: AT-SPI: AddAccessible with unknown signature (so)(so)(so)iiassusau


(process:118650): dbind-WARNING **: 18:26:44.254: AT-SPI: AddAccessible with unknown signature (so)(so)(so)iiassusau


(process:118650): dbind-WARNING **: 18:26:44.254: AT-SPI: AddAccessible with unknown signature (so)(so)(so)iiassusau


(process:118650): dbind-WARNING **: 18:26:44.254: AT-SPI: AddAccessible with unknown signature (so)(so)(so)iiassusau


(process:118650): dbind-WARNING **: 18:26:44.287: AT-SPI: AddAccessible with unknown signature (so)(so)(so)iiassusau


(process:118650): dbind-WARNING **: 18:26:44.287: AT-SPI: AddAccessible with unknown signature (so)(so)(so)iiassusau


(process:118650): dbind-WARNING **: 18:26:44.287: AT-SPI: AddAccessible with unknown signature (so)(so)(so)iiassusau


(process:118650): dbind-WARNING **: 18:26:44.287: AT-SPI: AddAccessible with unknown signature (so)(so)(so)iiassusau


(process:118650): dbind-WARNING **: 18:26:44.287: AT-SPI: AddAccessible with unknown signature (so)(so)(so)iiassusau


(process:118650): dbind-WARNING **: 18:26:44.287: AT-SPI: AddAccessible with unknown signature (so)(so)(so)iiassusau


(process:118650): dbind-WARNING **: 18:26:44.287: AT-SPI: AddAccessible with unknown signature (so)(so)(so)iiassusau


(process:118650): dbind-WARNING **: 18:26:44.287: AT-SPI: AddAccessible with unknown signature (so)(so)(so)iiassusau


(process:118650): dbind-WARNING **: 18:26:44.287: AT-SPI: AddAccessible with unknown signature (so)(so)(so)iiassusau


(process:118650): dbind-WARNING **: 18:26:44.287: AT-SPI: AddAccessible with unknown signature (so)(so)(so)iiassusau


(process:118650): dbind-WARNING **: 18:26:44.287: AT-SPI: AddAccessible with unknown signature (so)(so)(so)iiassusau


(process:118650): dbind-WARNING **: 18:26:44.287: AT-SPI: AddAccessible with unknown signature (so)(so)(so)iiassusau


(process:118650): dbind-WARNING **: 18:26:44.287: AT-SPI: AddAccessible with unknown signature (so)(so)(so)iiassusau

/home/shawn/workspace2/reactive-tui/tests/api_widget_behavior/orca.py:260: DeprecationWarning: Atspi.Action.get_action_name is deprecated
  assert action.get_action_name(0) == "click"
A11Y ProgressBar: role, range, changed value and Orca progress speech passed

(process:118650): dbind-WARNING **: 18:26:44.802: AT-SPI: AddAccessible with unknown signature (so)(so)(so)iiassusau


(process:118650): dbind-WARNING **: 18:26:44.802: AT-SPI: Unknown signature so for RemoveAccessible

(process:118650): dbind-WARNING **: 18:26:44.802: AT-SPI: Unknown signature so for RemoveAccessible

(process:118650): dbind-WARNING **: 18:26:44.802: AT-SPI: Unknown signature so for RemoveAccessible

(process:118650): dbind-WARNING **: 18:26:44.802: AT-SPI: Unknown signature so for RemoveAccessible

(process:118650): dbind-WARNING **: 18:26:44.802: AT-SPI: Unknown signature so for RemoveAccessible

(process:118650): dbind-WARNING **: 18:26:44.802: AT-SPI: Unknown signature so for RemoveAccessible

(process:118650): dbind-WARNING **: 18:26:44.802: AT-SPI: Unknown signature so for RemoveAccessible

(process:118650): dbind-WARNING **: 18:26:44.802: AT-SPI: Unknown signature so for RemoveAccessible

(process:118650): dbind-WARNING **: 18:26:44.802: AT-SPI: Unknown signature so for RemoveAccessible

(process:118650): dbind-WARNING **: 18:26:44.802: AT-SPI: Unknown signature so for RemoveAccessible

(process:118650): dbind-WARNING **: 18:26:44.802: AT-SPI: Unknown signature so for RemoveAccessible

(process:118650): dbind-WARNING **: 18:26:44.802: AT-SPI: Unknown signature so for RemoveAccessible

(process:118650): dbind-WARNING **: 18:26:44.802: AT-SPI: Unknown signature so for RemoveAccessible

(process:118650): dbind-WARNING **: 18:26:44.802: AT-SPI: Unknown signature so for RemoveAccessible

(process:118650): dbind-WARNING **: 18:26:44.802: AT-SPI: Unknown signature so for RemoveAccessible

(process:118650): dbind-WARNING **: 18:26:44.802: AT-SPI: Unknown signature so for RemoveAccessible

(process:118650): dbind-WARNING **: 18:26:44.802: AT-SPI: Unknown signature so for RemoveAccessible

(process:118650): dbind-WARNING **: 18:26:44.802: AT-SPI: Unknown signature so for RemoveAccessible

(process:118650): dbind-WARNING **: 18:26:44.836: AT-SPI: AddAccessible with unknown signature (so)(so)(so)iiassusau


(process:118650): dbind-WARNING **: 18:26:44.836: AT-SPI: AddAccessible with unknown signature (so)(so)(so)iiassusau


(process:118650): dbind-WARNING **: 18:26:44.836: AT-SPI: AddAccessible with unknown signature (so)(so)(so)iiassusau


(process:118650): dbind-WARNING **: 18:26:44.846: AT-SPI: AddAccessible with unknown signature (so)(so)(so)iiassusau


(process:118650): dbind-WARNING **: 18:26:44.846: AT-SPI: AddAccessible with unknown signature (so)(so)(so)iiassusau


(process:118650): dbind-WARNING **: 18:26:44.846: AT-SPI: AddAccessible with unknown signature (so)(so)(so)iiassusau


(process:118650): dbind-WARNING **: 18:26:44.846: AT-SPI: AddAccessible with unknown signature (so)(so)(so)iiassusau


(process:118650): dbind-WARNING **: 18:26:44.846: AT-SPI: AddAccessible with unknown signature (so)(so)(so)iiassusau


(process:118650): dbind-WARNING **: 18:26:44.846: AT-SPI: AddAccessible with unknown signature (so)(so)(so)iiassusau


(process:118650): dbind-WARNING **: 18:26:44.846: AT-SPI: AddAccessible with unknown signature (so)(so)(so)iiassusau


(process:118650): dbind-WARNING **: 18:26:44.846: AT-SPI: AddAccessible with unknown signature (so)(so)(so)iiassusau


(process:118650): dbind-WARNING **: 18:26:44.846: AT-SPI: AddAccessible with unknown signature (so)(so)(so)iiassusau


(process:118650): dbind-WARNING **: 18:26:44.846: AT-SPI: AddAccessible with unknown signature (so)(so)(so)iiassusau


(process:118650): dbind-WARNING **: 18:26:44.846: AT-SPI: AddAccessible with unknown signature (so)(so)(so)iiassusau


(process:118650): dbind-WARNING **: 18:26:44.846: AT-SPI: AddAccessible with unknown signature (so)(so)(so)iiassusau


(process:118650): dbind-WARNING **: 18:26:44.846: AT-SPI: AddAccessible with unknown signature (so)(so)(so)iiassusau


(process:118650): dbind-WARNING **: 18:26:44.846: AT-SPI: AddAccessible with unknown signature (so)(so)(so)iiassusau


(process:118650): dbind-WARNING **: 18:26:44.846: AT-SPI: AddAccessible with unknown signature (so)(so)(so)iiassusau


(process:118650): dbind-WARNING **: 18:26:44.846: AT-SPI: AddAccessible with unknown signature (so)(so)(so)iiassusau


(process:118650): dbind-WARNING **: 18:26:44.846: AT-SPI: AddAccessible with unknown signature (so)(so)(so)iiassusau


(process:118650): dbind-WARNING **: 18:26:44.846: AT-SPI: AddAccessible with unknown signature (so)(so)(so)iiassusau


(process:118650): dbind-WARNING **: 18:26:44.846: AT-SPI: AddAccessible with unknown signature (so)(so)(so)iiassusau


(process:118650): dbind-WARNING **: 18:26:44.846: AT-SPI: AddAccessible with unknown signature (so)(so)(so)iiassusau


(process:118650): dbind-WARNING **: 18:26:44.846: AT-SPI: AddAccessible with unknown signature (so)(so)(so)iiassusau


(process:118650): dbind-WARNING **: 18:26:44.846: AT-SPI: AddAccessible with unknown signature (so)(so)(so)iiassusau


(process:118650): dbind-WARNING **: 18:26:44.846: AT-SPI: AddAccessible with unknown signature (so)(so)(so)iiassusau


(process:118650): dbind-WARNING **: 18:26:44.846: AT-SPI: AddAccessible with unknown signature (so)(so)(so)iiassusau


(process:118650): dbind-WARNING **: 18:26:44.846: AT-SPI: AddAccessible with unknown signature (so)(so)(so)iiassusau


(process:118650): dbind-WARNING **: 18:26:44.846: AT-SPI: AddAccessible with unknown signature (so)(so)(so)iiassusau


(process:118650): dbind-WARNING **: 18:26:44.846: AT-SPI: AddAccessible with unknown signature (so)(so)(so)iiassusau


(process:118650): dbind-WARNING **: 18:26:44.846: AT-SPI: AddAccessible with unknown signature (so)(so)(so)iiassusau


(process:118650): dbind-WARNING **: 18:26:44.846: AT-SPI: AddAccessible with unknown signature (so)(so)(so)iiassusau


(process:118650): dbind-WARNING **: 18:26:44.846: AT-SPI: AddAccessible with unknown signature (so)(so)(so)iiassusau


(process:118650): dbind-WARNING **: 18:26:44.915: AT-SPI: AddAccessible with unknown signature (so)(so)(so)iiassusau


(process:118650): dbind-WARNING **: 18:26:45.336: AT-SPI: Unknown signature so for RemoveAccessible
A11Y Chart: image role, title, focus and keyboard point speech passed

(process:118650): dbind-WARNING **: 18:26:45.383: AT-SPI: AddAccessible with unknown signature (so)(so)(so)iiassusau


(process:118650): dbind-WARNING **: 18:26:45.383: AT-SPI: AddAccessible with unknown signature (so)(so)(so)iiassusau


(process:118650): dbind-WARNING **: 18:26:45.383: AT-SPI: AddAccessible with unknown signature (so)(so)(so)iiassusau


(process:118650): dbind-WARNING **: 18:26:45.383: AT-SPI: Unknown signature so for RemoveAccessible

(process:118650): dbind-WARNING **: 18:26:45.383: AT-SPI: Unknown signature so for RemoveAccessible

(process:118650): dbind-WARNING **: 18:26:45.383: AT-SPI: Unknown signature so for RemoveAccessible

(process:118650): dbind-WARNING **: 18:26:45.383: AT-SPI: Unknown signature so for RemoveAccessible

(process:118650): dbind-WARNING **: 18:26:45.383: AT-SPI: Unknown signature so for RemoveAccessible

(process:118650): dbind-WARNING **: 18:26:45.383: AT-SPI: Unknown signature so for RemoveAccessible

(process:118650): dbind-WARNING **: 18:26:45.383: AT-SPI: Unknown signature so for RemoveAccessible

(process:118650): dbind-WARNING **: 18:26:45.383: AT-SPI: Unknown signature so for RemoveAccessible

(process:118650): dbind-WARNING **: 18:26:45.383: AT-SPI: Unknown signature so for RemoveAccessible

(process:118650): dbind-WARNING **: 18:26:45.383: AT-SPI: Unknown signature so for RemoveAccessible

(process:118650): dbind-WARNING **: 18:26:45.383: AT-SPI: Unknown signature so for RemoveAccessible

(process:118650): dbind-WARNING **: 18:26:45.383: AT-SPI: Unknown signature so for RemoveAccessible

(process:118650): dbind-WARNING **: 18:26:45.383: AT-SPI: Unknown signature so for RemoveAccessible

(process:118650): dbind-WARNING **: 18:26:45.383: AT-SPI: Unknown signature so for RemoveAccessible

(process:118650): dbind-WARNING **: 18:26:45.383: AT-SPI: Unknown signature so for RemoveAccessible

(process:118650): dbind-WARNING **: 18:26:45.383: AT-SPI: Unknown signature so for RemoveAccessible

(process:118650): dbind-WARNING **: 18:26:45.383: AT-SPI: Unknown signature so for RemoveAccessible

(process:118650): dbind-WARNING **: 18:26:45.383: AT-SPI: Unknown signature so for RemoveAccessible

(process:118650): dbind-WARNING **: 18:26:45.383: AT-SPI: Unknown signature so for RemoveAccessible

(process:118650): dbind-WARNING **: 18:26:45.383: AT-SPI: Unknown signature so for RemoveAccessible

(process:118650): dbind-WARNING **: 18:26:45.384: AT-SPI: Unknown signature so for RemoveAccessible

(process:118650): dbind-WARNING **: 18:26:45.384: AT-SPI: Unknown signature so for RemoveAccessible

(process:118650): dbind-WARNING **: 18:26:45.384: AT-SPI: Unknown signature so for RemoveAccessible

(process:118650): dbind-WARNING **: 18:26:45.384: AT-SPI: Unknown signature so for RemoveAccessible

(process:118650): dbind-WARNING **: 18:26:45.384: AT-SPI: Unknown signature so for RemoveAccessible

(process:118650): dbind-WARNING **: 18:26:45.384: AT-SPI: Unknown signature so for RemoveAccessible

(process:118650): dbind-WARNING **: 18:26:45.384: AT-SPI: Unknown signature so for RemoveAccessible

(process:118650): dbind-WARNING **: 18:26:45.384: AT-SPI: Unknown signature so for RemoveAccessible

(process:118650): dbind-WARNING **: 18:26:45.384: AT-SPI: Unknown signature so for RemoveAccessible

(process:118650): dbind-WARNING **: 18:26:45.384: AT-SPI: Unknown signature so for RemoveAccessible

(process:118650): dbind-WARNING **: 18:26:45.384: AT-SPI: Unknown signature so for RemoveAccessible

(process:118650): dbind-WARNING **: 18:26:45.384: AT-SPI: Unknown signature so for RemoveAccessible

(process:118650): dbind-WARNING **: 18:26:45.384: AT-SPI: Unknown signature so for RemoveAccessible

(process:118650): dbind-WARNING **: 18:26:45.384: AT-SPI: Unknown signature so for RemoveAccessible
A11Y ScrollView: pane role, label, scrolling, child focus, speech and editing passed

(process:118650): dbind-WARNING **: 18:26:45.578: AT-SPI: AddAccessible with unknown signature (so)(so)(so)iiassusau


(process:118650): dbind-WARNING **: 18:26:45.578: AT-SPI: AddAccessible with unknown signature (so)(so)(so)iiassusau


(process:118650): dbind-WARNING **: 18:26:45.578: AT-SPI: Unknown signature so for RemoveAccessible

(process:118650): dbind-WARNING **: 18:26:45.578: AT-SPI: Unknown signature so for RemoveAccessible

(process:118650): dbind-WARNING **: 18:26:45.578: AT-SPI: Unknown signature so for RemoveAccessible
A11Y Image: image role, alternative label, hidden fallback cells and changed-prop speech passed

(process:118650): dbind-WARNING **: 18:26:46.182: AT-SPI: AddAccessible with unknown signature (so)(so)(so)iiassusau


(process:118650): dbind-WARNING **: 18:26:46.182: AT-SPI: AddAccessible with unknown signature (so)(so)(so)iiassusau


(process:118650): dbind-WARNING **: 18:26:46.182: AT-SPI: Unknown signature so for RemoveAccessible

(process:118650): dbind-WARNING **: 18:26:46.182: AT-SPI: Unknown signature so for RemoveAccessible
A11Y Terminal: role, title, focus, readable screen and real child input/output speech passed

(process:118650): dbind-WARNING **: 18:26:46.583: AT-SPI: AddAccessible with unknown signature (so)(so)(so)iiassusau


(process:118650): dbind-WARNING **: 18:26:46.583: AT-SPI: AddAccessible with unknown signature (so)(so)(so)iiassusau


(process:118650): dbind-WARNING **: 18:26:46.583: AT-SPI: AddAccessible with unknown signature (so)(so)(so)iiassusau


(process:118650): dbind-WARNING **: 18:26:46.583: AT-SPI: AddAccessible with unknown signature (so)(so)(so)iiassusau


(process:118650): dbind-WARNING **: 18:26:46.583: AT-SPI: AddAccessible with unknown signature (so)(so)(so)iiassusau


(process:118650): dbind-WARNING **: 18:26:46.600: AT-SPI: AddAccessible with unknown signature (so)(so)(so)iiassusau


(process:118650): dbind-WARNING **: 18:26:46.601: AT-SPI: AddAccessible with unknown signature (so)(so)(so)iiassusau


(process:118650): dbind-WARNING **: 18:26:46.601: AT-SPI: AddAccessible with unknown signature (so)(so)(so)iiassusau


(process:118650): dbind-WARNING **: 18:26:46.601: AT-SPI: AddAccessible with unknown signature (so)(so)(so)iiassusau


(process:118650): dbind-WARNING **: 18:26:46.601: AT-SPI: AddAccessible with unknown signature (so)(so)(so)iiassusau


(process:118650): dbind-WARNING **: 18:26:46.601: AT-SPI: AddAccessible with unknown signature (so)(so)(so)iiassusau


(process:118650): dbind-WARNING **: 18:26:46.601: AT-SPI: AddAccessible with unknown signature (so)(so)(so)iiassusau


(process:118650): dbind-WARNING **: 18:26:46.601: AT-SPI: AddAccessible with unknown signature (so)(so)(so)iiassusau


(process:118650): dbind-WARNING **: 18:26:46.601: AT-SPI: AddAccessible with unknown signature (so)(so)(so)iiassusau


(process:118650): dbind-WARNING **: 18:26:46.602: AT-SPI: AddAccessible with unknown signature (so)(so)(so)iiassusau


(process:118650): dbind-WARNING **: 18:26:46.602: AT-SPI: AddAccessible with unknown signature (so)(so)(so)iiassusau


(process:118650): dbind-WARNING **: 18:26:46.602: AT-SPI: AddAccessible with unknown signature (so)(so)(so)iiassusau


(process:118650): dbind-WARNING **: 18:26:46.602: AT-SPI: AddAccessible with unknown signature (so)(so)(so)iiassusau

A11Y data controls: reader delivery and adapter removal passed
A connection to the bus can't be made
