   Compiling reactive-tui v0.0.7 (/home/shawn/workspace2/reactive-tui)
    Finished `test` profile [unoptimized + debuginfo] target(s) in 3.01s
     Running unittests src/lib.rs (target/debug/deps/reactive_tui-8db3a30746e1a23f)

running 5 tests
test builder::test_specialized::tests::test_wizard_builder ... ok
test widgets::dialog::wizard::tests::empty_wizard_rejects_navigation_and_completion_without_panicking ... ok
test widgets::dialog::wizard::tests::wizard_data_reaches_validator_and_completion_and_skip_is_optional ... ok
test widgets::dialog::wizard::tests::wizard_rejects_ambiguous_step_identifiers ... ok
test widgets::dialog::wizard::tests::wizard_validates_before_navigation_and_completion ... ok

test result: ok. 5 passed; 0 failed; 0 ignored; 0 measured; 842 filtered out; finished in 0.00s

     Running tests/api_widget_behavior.rs (target/debug/deps/api_widget_behavior-591f6bff9f7c0602)

running 9 tests
test wizard_acceptance::empty_wizard_displays_error_and_can_cancel ... ok
test wizard_acceptance::wizard_app_supplies_authored_data_to_validation_and_completion ... ok
test wizard_acceptance::wizard_builder_enforces_can_proceed_and_initial_step ... ok
test wizard_acceptance::wizard_builder_hides_progress_and_disables_cancel_without_disabling_finish ... ok
test wizard_acceptance::wizard_navigates_back_and_finishes_once_after_resize ... ok
test wizard_acceptance::wizard_reorder_retains_active_id_and_uses_updated_data_and_callback ... ok
test wizard_acceptance::wizard_retains_edited_child_on_back ... ok
test wizard_acceptance::wizard_validation_blocks_next_but_optional_skip_advances ... ok
test wizard_acceptance::wizard_veto_keeps_final_step_open_and_cancel_delivers_once ... ok

test result: ok. 9 passed; 0 failed; 0 ignored; 0 measured; 311 filtered out; finished in 5.85s

