   Compiling reactive-tui v0.0.7 (/home/shawn/workspace2/reactive-tui)
    Finished `test` profile [unoptimized + debuginfo] target(s) in 23.33s
     Running tests/api_widget_behavior.rs (target/debug/deps/api_widget_behavior-591f6bff9f7c0602)

running 3 tests
test autocomplete_acceptance::autocomplete_click_uses_suggestion_bounds_after_resize_and_honors_veto ... ok
test autocomplete_acceptance::autocomplete_filters_navigates_and_delivers_selection_once ... ok
test autocomplete_acceptance::autocomplete_unicode_empty_results_submit_typed_value ... FAILED

failures:

---- autocomplete_acceptance::autocomplete_unicode_empty_results_submit_typed_value stdout ----

thread 'autocomplete_acceptance::autocomplete_unicode_empty_results_submit_typed_value' (4000549) panicked at tests/support/app_input.rs:100:13:
App painted 9 frames but input needs Some((1, ["Ae\u{301}界Z"])) before the deadline. Last frame:
                                
                                
┌──────────────────────────────┐
│    UNICODE                  ✕│
│QUERY                         │
│▶ [Aé界👩‍Z                   ]│
│No suggestions                │
│                     Cancel OK│
└──────────────────────────────┘
                                
                                
                                
note: run with `RUST_BACKTRACE=1` environment variable to display a backtrace


failures:
    autocomplete_acceptance::autocomplete_unicode_empty_results_submit_typed_value

test result: FAILED. 2 passed; 1 failed; 0 ignored; 0 measured; 298 filtered out; finished in 4.39s

error: test failed, to rerun pass `--test api_widget_behavior`
