   Compiling reactive-tui v0.0.7 (/home/shawn/workspace2/reactive-tui)
    Finished `test` profile [unoptimized + debuginfo] target(s) in 7.27s
     Running unittests src/lib.rs (target/debug/deps/reactive_tui-fa00cdcf48e682eb)

running 7 tests
test terminal::terminal_impl::tests::test_terminal_invalid_resize ... ok
test terminal::terminal_impl::tests::test_key_sequences ... ok
test terminal::terminal_impl::tests::test_terminal_creation ... ok
test terminal::terminal_impl::tests::cursor_helper_clamps_extreme_coordinates ... FAILED
test terminal::terminal_impl::tests::title_keeps_semicolons_and_unicode ... FAILED
test terminal::terminal_impl::tests::title_helper_rejects_control_injection_without_changing_screen ... FAILED
test terminal::terminal_impl::tests::test_terminal_resize ... ok

failures:

---- terminal::terminal_impl::tests::cursor_helper_clamps_extreme_coordinates stdout ----

thread 'terminal::terminal_impl::tests::cursor_helper_clamps_extreme_coordinates' (4140940) panicked at src/terminal/terminal_impl.rs:276:46:
attempt to add with overflow
note: run with `RUST_BACKTRACE=1` environment variable to display a backtrace

---- terminal::terminal_impl::tests::title_keeps_semicolons_and_unicode stdout ----

thread 'terminal::terminal_impl::tests::title_keeps_semicolons_and_unicode' (4140946) panicked at src/terminal/terminal_impl.rs:386:9:
assertion `left == right` failed
  left: "é"
 right: "é; workspace; 2"

---- terminal::terminal_impl::tests::title_helper_rejects_control_injection_without_changing_screen stdout ----

thread 'terminal::terminal_impl::tests::title_helper_rejects_control_injection_without_changing_screen' (4140945) panicked at src/terminal/terminal_impl.rs:377:9:
assertion failed: terminal.set_title("bad\x07\x1b[2J").is_err()


failures:
    terminal::terminal_impl::tests::cursor_helper_clamps_extreme_coordinates
    terminal::terminal_impl::tests::title_helper_rejects_control_injection_without_changing_screen
    terminal::terminal_impl::tests::title_keeps_semicolons_and_unicode

test result: FAILED. 4 passed; 3 failed; 0 ignored; 0 measured; 918 filtered out; finished in 0.00s

error: test failed, to rerun pass `--lib`
