A11Y # GNOME Terminal 3.58.0 using VTE 0.84.0 +BIDI +GNUTLS +ICU +SYSTEMD
A11Y Orca version 50.1.2, AT-SPI2 version: 2.60.0, Session: x11 gnome
A11Y isolated X11/Xvfb viewport 60x16
A11Y round 1: labels, roles, focus, disabled actions, expansion, nested input and removal passed
A11Y breadcrumb: labels, link roles, current page announcement, inert actions, assistive and keyboard focus, activation and removal passed
A11Y CSS: reference labels, description, role, focus, pressed update, live announcement and hidden state passed
A11Y checkbox: role, distinct label, mixed/checked/unchecked speech, focus, assistive/keyboard toggles and disabled actions passed
A11Y slider: label, role, focus, numeric bounds, keyboard step and changed value speech passed
A11Y radio: group/option roles, labels, focus, disabled skipping, exclusive keyboard and assistive selection passed
A11Y named radios: roles, labels, focus and exclusive group selection passed
A11Y select: combo/list/option roles, labels, expansion, focus, disabled skipping, single/multiple assistive and keyboard selection with selection speech passed
A11Y menu family 1: roles, disabled actions, assistive/keyboard focus, nested activation and removal passed
A11Y menu family 2: roles, disabled actions, assistive/keyboard focus, nested activation and removal passed
A11Y menu family 3: roles, disabled actions, assistive/keyboard focus, nested activation and removal passed
A11Y menu family 4: roles, disabled actions, assistive/keyboard focus, nested activation and removal passed
A11Y round 2: simultaneous and successive App isolation, action delivery, exactly-once callbacks and adapter cleanup passed
A11Y 20:29:47.970927 - SPEECH OUTPUT: 'Account preferences accessible label' {'established': False, 'family': {'name': '', 'gender': None, 'lang': 'C', 'dialect': '', 'variant': None}}
A11Y 20:29:47.970962 - SPEECH OUTPUT: 'collapsed button.' {'established': False}
A11Y 20:29:48.108147 - SPEECH OUTPUT: 'Account preferences accessible label' {'established': False, 'family': {'name': '', 'gender': None, 'lang': 'C', 'dialect': '', 'variant': None}}
A11Y 20:29:48.148878 - SPEECH OUTPUT: 'expanded' {'established': False}
A11Y 20:29:48.210734 - SPEECH OUTPUT: 'Nested account entry' {'established': False, 'family': {'name': '', 'gender': None, 'lang': 'C', 'dialect': '', 'variant': None}}
A11Y 20:29:48.273757 - SPEECH OUTPUT: 'Privacy preferences accessible label' {'established': False, 'family': {'name': '', 'gender': None, 'lang': 'C', 'dialect': '', 'variant': None}}
A11Y 20:29:48.273801 - SPEECH OUTPUT: 'collapsed button.' {'established': False}
A11Y 20:29:48.322943 - SPEECH OUTPUT: 'expanded' {'established': False}
A11Y 20:29:48.402680 - SPEECH OUTPUT: 'Account preferences accessible label' {'established': False, 'family': {'name': '', 'gender': None, 'lang': 'C', 'dialect': '', 'variant': None}}
A11Y 20:29:48.402729 - SPEECH OUTPUT: 'collapsed button.' {'established': False}
A11Y 20:29:48.443445 - SPEECH OUTPUT: 'expanded' {'established': False}
A11Y 20:29:48.523310 - SPEECH OUTPUT: 'Breadcrumb docs accessible label' {'established': False, 'family': {'name': '', 'gender': None, 'lang': 'C', 'dialect': '', 'variant': None}}
A11Y 20:29:48.560330 - SPEECH OUTPUT: 'Breadcrumb home accessible label' {'established': False, 'family': {'name': '', 'gender': None, 'lang': 'C', 'dialect': '', 'variant': None}}
A11Y 20:29:48.624864 - SPEECH OUTPUT: 'Breadcrumb docs accessible label' {'established': False, 'family': {'name': '', 'gender': None, 'lang': 'C', 'dialect': '', 'variant': None}}
A11Y 20:29:48.677337 - SPEECH OUTPUT: 'Breadcrumb current accessible label' {'established': False, 'family': {'name': '', 'gender': None, 'lang': 'C', 'dialect': '', 'variant': None}}
A11Y 20:29:48.677404 - SPEECH OUTPUT: 'static (Current page)' {'established': False}
A11Y 20:29:48.814946 - SPEECH OUTPUT: 'Independent App action' {'established': False, 'family': {'name': '', 'gender': None, 'lang': 'C', 'dialect': '', 'variant': None}}
A11Y 20:29:49.011248 - SPEECH OUTPUT: 'Background calls 1' {'established': False}
A11Y 20:29:49.017712 - SPEECH OUTPUT: 'pressed' {'established': False}
A11Y 20:29:49.079476 - SPEECH OUTPUT: 'Notification preference' {'established': False, 'family': {'name': '', 'gender': None, 'lang': 'C', 'dialect': '', 'variant': None}}
A11Y 20:29:49.079517 - SPEECH OUTPUT: 'check box partially checked.' {'established': False}
A11Y 20:29:49.126270 - SPEECH OUTPUT: 'checked' {'established': False}
A11Y 20:29:49.161264 - SPEECH OUTPUT: 'not checked' {'established': False}
A11Y 20:29:49.202561 - SPEECH OUTPUT: 'Playback volume' {'established': False, 'family': {'name': '', 'gender': None, 'lang': 'C', 'dialect': '', 'variant': None}}
A11Y 20:29:49.359184 - SPEECH OUTPUT: 'Standard delivery' {'established': False, 'family': {'name': '', 'gender': None, 'lang': 'C', 'dialect': '', 'variant': None}}
A11Y 20:29:49.359213 - SPEECH OUTPUT: 'selected radio button.' {'established': False}
A11Y 20:29:49.417398 - SPEECH OUTPUT: 'Express delivery' {'established': False, 'family': {'name': '', 'gender': None, 'lang': 'C', 'dialect': '', 'variant': None}}
A11Y 20:29:49.417421 - SPEECH OUTPUT: 'not selected radio button.' {'established': False}
A11Y 20:29:49.476730 - SPEECH OUTPUT: 'selected' {'established': False}
A11Y 20:29:49.528291 - SPEECH OUTPUT: 'Standard delivery' {'established': False, 'family': {'name': '', 'gender': None, 'lang': 'C', 'dialect': '', 'variant': None}}
A11Y 20:29:49.528314 - SPEECH OUTPUT: 'selected radio button.' {'established': False}
A11Y 20:29:49.579728 - SPEECH OUTPUT: 'selected radio button' {'established': False}
A11Y 20:29:49.613692 - SPEECH OUTPUT: 'Named beta' {'established': False, 'family': {'name': '', 'gender': None, 'lang': 'C', 'dialect': '', 'variant': None}}
A11Y 20:29:49.613739 - SPEECH OUTPUT: 'not selected radio button.' {'established': False}
A11Y 20:29:50.362800 - SPEECH OUTPUT: 'selected' {'established': False}
A11Y 20:29:50.634215 - SPEECH OUTPUT: 'Enable notifications' {'established': False, 'family': {'name': '', 'gender': None, 'lang': 'C', 'dialect': '', 'variant': None}}
A11Y 20:29:50.634248 - SPEECH OUTPUT: 'check menu item not checked.' {'established': False}
A11Y 20:29:50.752888 - SPEECH OUTPUT: 'checked' {'established': False}
A11Y 20:29:50.825974 - SPEECH OUTPUT: 'Recent menu' {'established': False, 'family': {'name': '', 'gender': None, 'lang': 'C', 'dialect': '', 'variant': None}}
A11Y 20:29:50.906629 - SPEECH OUTPUT: 'Recent document.' {'established': False, 'family': {'name': '', 'gender': None, 'lang': 'C', 'dialect': '', 'variant': None}}
A11Y 20:29:51.053685 - SPEECH OUTPUT: 'Enable notifications' {'established': False, 'family': {'name': '', 'gender': None, 'lang': 'C', 'dialect': '', 'variant': None}}
A11Y 20:29:51.053747 - SPEECH OUTPUT: 'check menu item not checked.' {'established': False}
A11Y 20:29:51.164837 - SPEECH OUTPUT: 'checked' {'established': False}
A11Y 20:29:51.238155 - SPEECH OUTPUT: 'Recent menu' {'established': False, 'family': {'name': '', 'gender': None, 'lang': 'C', 'dialect': '', 'variant': None}}
A11Y 20:29:51.311501 - SPEECH OUTPUT: 'Recent document.' {'established': False, 'family': {'name': '', 'gender': None, 'lang': 'C', 'dialect': '', 'variant': None}}
A11Y 20:29:51.333578 - SPEECH OUTPUT: 'expanded' {'established': False}
A11Y 20:29:51.418441 - SPEECH OUTPUT: 'Recent menu' {'established': False, 'family': {'name': '', 'gender': None, 'lang': 'C', 'dialect': '', 'variant': None}}
A11Y 20:29:51.523575 - SPEECH OUTPUT: 'Enable notifications' {'established': False, 'family': {'name': '', 'gender': None, 'lang': 'C', 'dialect': '', 'variant': None}}
A11Y 20:29:51.523602 - SPEECH OUTPUT: 'check menu item not checked.' {'established': False}
A11Y 20:29:51.609671 - SPEECH OUTPUT: 'Recent menu' {'established': False, 'family': {'name': '', 'gender': None, 'lang': 'C', 'dialect': '', 'variant': None}}
A11Y 20:29:51.703433 - SPEECH OUTPUT: 'Recent document.' {'established': False, 'family': {'name': '', 'gender': None, 'lang': 'C', 'dialect': '', 'variant': None}}
A11Y 20:29:51.839152 - SPEECH OUTPUT: 'Enable notifications' {'established': False, 'family': {'name': '', 'gender': None, 'lang': 'C', 'dialect': '', 'variant': None}}
A11Y 20:29:51.839179 - SPEECH OUTPUT: 'check menu item not checked.' {'established': False}
A11Y 20:29:51.890592 - SPEECH OUTPUT: 'Recent menu' {'established': False, 'family': {'name': '', 'gender': None, 'lang': 'C', 'dialect': '', 'variant': None}}
A11Y 20:29:51.951530 - SPEECH OUTPUT: 'Enable notifications' {'established': False, 'family': {'name': '', 'gender': None, 'lang': 'C', 'dialect': '', 'variant': None}}
A11Y 20:29:51.951581 - SPEECH OUTPUT: 'check menu item checked.' {'established': False}
A11Y 20:29:52.040429 - SPEECH OUTPUT: 'Recent menu' {'established': False, 'family': {'name': '', 'gender': None, 'lang': 'C', 'dialect': '', 'variant': None}}
A11Y 20:29:52.132426 - SPEECH OUTPUT: 'Recent document' {'established': False, 'family': {'name': '', 'gender': None, 'lang': 'C', 'dialect': '', 'variant': None}}
A11Y 20:29:52.132451 - SPEECH OUTPUT: 'check menu item not checked.' {'established': False}
A11Y 20:29:52.225795 - SPEECH OUTPUT: 'Background calls 1' {'established': False}
A11Y 20:29:52.260189 - SPEECH OUTPUT: 'Background calls 1' {'established': False}
A11Y 20:29:52.391895 - SPEECH OUTPUT: 'Account preferences accessible label' {'established': False, 'family': {'name': '', 'gender': None, 'lang': 'C', 'dialect': '', 'variant': None}}
A11Y 20:29:52.391937 - SPEECH OUTPUT: 'collapsed button.' {'established': False}
Orca diagnostic logs: /home/shawn/workspace2/reactive-tui/target/api011-check-tmp/rtui-orca-djjdm8x7
