A11Y # GNOME Terminal 3.58.0 using VTE 0.84.0 +BIDI +GNUTLS +ICU +SYSTEMD
A11Y Orca version 50.1.2, AT-SPI2 version: 2.60.0, Session: x11 gnome
A11Y isolated X11/Xvfb viewport 60x16
A11Y round 1: labels, roles, focus, disabled actions, expansion, nested input and removal passed
A11Y breadcrumb: labels, link roles, current page announcement, inert actions, assistive and keyboard focus, activation and removal passed
A11Y CSS: reference labels, description, role, focus, pressed update, live announcement and hidden state passed
A11Y checkbox: role, distinct label, mixed/checked/unchecked speech, focus, assistive/keyboard toggles and disabled actions passed
A11Y slider: label, role, focus, numeric bounds, keyboard step and changed value speech passed
A11Y radio: group/option roles, labels, focus, disabled skipping, exclusive keyboard and assistive selection passed
A11Y named radios: roles, labels, focus and exclusive group selection passed
A11Y select: combo/list/option roles, labels, expansion, focus, disabled skipping, single/multiple assistive and keyboard selection with selection speech passed
A11Y menu family 1: roles, disabled actions, assistive/keyboard focus, nested activation and removal passed
A11Y menu family 2: roles, disabled actions, assistive/keyboard focus, nested activation and removal passed
A11Y menu family 3: roles, disabled actions, assistive/keyboard focus, nested activation and removal passed
A11Y menu family 4: roles, disabled actions, assistive/keyboard focus, nested activation and removal passed
A11Y round 2: simultaneous and successive App isolation, action delivery, exactly-once callbacks and adapter cleanup passed
A11Y 20:29:55.367238 - SPEECH OUTPUT: 'Account preferences accessible label' {'established': False, 'family': {'name': '', 'gender': None, 'lang': 'C', 'dialect': '', 'variant': None}}
A11Y 20:29:55.367269 - SPEECH OUTPUT: 'collapsed button.' {'established': False}
A11Y 20:29:55.550736 - SPEECH OUTPUT: 'Account preferences accessible label' {'established': False, 'family': {'name': '', 'gender': None, 'lang': 'C', 'dialect': '', 'variant': None}}
A11Y 20:29:55.604059 - SPEECH OUTPUT: 'expanded' {'established': False}
A11Y 20:29:55.680010 - SPEECH OUTPUT: 'Nested account entry' {'established': False, 'family': {'name': '', 'gender': None, 'lang': 'C', 'dialect': '', 'variant': None}}
A11Y 20:29:55.743432 - SPEECH OUTPUT: 'Privacy preferences accessible label' {'established': False, 'family': {'name': '', 'gender': None, 'lang': 'C', 'dialect': '', 'variant': None}}
A11Y 20:29:55.743478 - SPEECH OUTPUT: 'collapsed button.' {'established': False}
A11Y 20:29:55.794108 - SPEECH OUTPUT: 'expanded' {'established': False}
A11Y 20:29:55.873154 - SPEECH OUTPUT: 'Account preferences accessible label' {'established': False, 'family': {'name': '', 'gender': None, 'lang': 'C', 'dialect': '', 'variant': None}}
A11Y 20:29:55.873246 - SPEECH OUTPUT: 'collapsed button.' {'established': False}
A11Y 20:29:55.967904 - SPEECH OUTPUT: 'Breadcrumb docs accessible label' {'established': False, 'family': {'name': '', 'gender': None, 'lang': 'C', 'dialect': '', 'variant': None}}
A11Y 20:29:56.017361 - SPEECH OUTPUT: 'Breadcrumb home accessible label' {'established': False, 'family': {'name': '', 'gender': None, 'lang': 'C', 'dialect': '', 'variant': None}}
A11Y 20:29:56.095799 - SPEECH OUTPUT: 'Breadcrumb docs accessible label' {'established': False, 'family': {'name': '', 'gender': None, 'lang': 'C', 'dialect': '', 'variant': None}}
A11Y 20:29:56.160304 - SPEECH OUTPUT: 'Breadcrumb current accessible label' {'established': False, 'family': {'name': '', 'gender': None, 'lang': 'C', 'dialect': '', 'variant': None}}
A11Y 20:29:56.160347 - SPEECH OUTPUT: 'static (Current page)' {'established': False}
A11Y 20:29:56.321457 - SPEECH OUTPUT: 'Independent App action' {'established': False, 'family': {'name': '', 'gender': None, 'lang': 'C', 'dialect': '', 'variant': None}}
A11Y 20:29:56.514125 - SPEECH OUTPUT: 'Background calls 1' {'established': False}
A11Y 20:29:56.523781 - SPEECH OUTPUT: 'pressed' {'established': False}
A11Y 20:29:56.586577 - SPEECH OUTPUT: 'Notification preference' {'established': False, 'family': {'name': '', 'gender': None, 'lang': 'C', 'dialect': '', 'variant': None}}
A11Y 20:29:56.586620 - SPEECH OUTPUT: 'check box partially checked.' {'established': False}
A11Y 20:29:56.632258 - SPEECH OUTPUT: 'checked' {'established': False}
A11Y 20:29:56.665406 - SPEECH OUTPUT: 'not checked' {'established': False}
A11Y 20:29:56.716580 - SPEECH OUTPUT: 'Playback volume' {'established': False, 'family': {'name': '', 'gender': None, 'lang': 'C', 'dialect': '', 'variant': None}}
A11Y 20:29:56.885459 - SPEECH OUTPUT: 'Standard delivery' {'established': False, 'family': {'name': '', 'gender': None, 'lang': 'C', 'dialect': '', 'variant': None}}
A11Y 20:29:56.885483 - SPEECH OUTPUT: 'selected radio button.' {'established': False}
A11Y 20:29:56.977852 - SPEECH OUTPUT: 'Express delivery' {'established': False, 'family': {'name': '', 'gender': None, 'lang': 'C', 'dialect': '', 'variant': None}}
A11Y 20:29:56.977874 - SPEECH OUTPUT: 'not selected radio button.' {'established': False}
A11Y 20:29:57.030909 - SPEECH OUTPUT: 'selected' {'established': False}
A11Y 20:29:57.094317 - SPEECH OUTPUT: 'Standard delivery' {'established': False, 'family': {'name': '', 'gender': None, 'lang': 'C', 'dialect': '', 'variant': None}}
A11Y 20:29:57.094342 - SPEECH OUTPUT: 'selected radio button.' {'established': False}
A11Y 20:29:57.163457 - SPEECH OUTPUT: 'Named beta' {'established': False, 'family': {'name': '', 'gender': None, 'lang': 'C', 'dialect': '', 'variant': None}}
A11Y 20:29:57.163496 - SPEECH OUTPUT: 'not selected radio button.' {'established': False}
A11Y 20:29:57.958494 - SPEECH OUTPUT: 'selected' {'established': False}
A11Y 20:29:58.166230 - SPEECH OUTPUT: 'Menu file' {'established': False, 'family': {'name': '', 'gender': None, 'lang': 'C', 'dialect': '', 'variant': None}}
A11Y 20:29:58.266146 - SPEECH OUTPUT: 'Enable notifications' {'established': False, 'family': {'name': '', 'gender': None, 'lang': 'C', 'dialect': '', 'variant': None}}
A11Y 20:29:58.266181 - SPEECH OUTPUT: 'check menu item not checked.' {'established': False}
A11Y 20:29:58.380544 - SPEECH OUTPUT: 'Menu file' {'established': False, 'family': {'name': '', 'gender': None, 'lang': 'C', 'dialect': '', 'variant': None}}
A11Y 20:29:58.448956 - SPEECH OUTPUT: 'Enable notifications' {'established': False, 'family': {'name': '', 'gender': None, 'lang': 'C', 'dialect': '', 'variant': None}}
A11Y 20:29:58.449003 - SPEECH OUTPUT: 'check menu item checked.' {'established': False}
A11Y 20:29:58.510160 - SPEECH OUTPUT: 'Recent menu' {'established': False, 'family': {'name': '', 'gender': None, 'lang': 'C', 'dialect': '', 'variant': None}}
A11Y 20:29:58.603762 - SPEECH OUTPUT: 'Recent document.' {'established': False, 'family': {'name': '', 'gender': None, 'lang': 'C', 'dialect': '', 'variant': None}}
A11Y 20:29:58.652391 - SPEECH OUTPUT: 'expanded' {'established': False}
A11Y 20:29:58.765562 - SPEECH OUTPUT: 'Enable notifications' {'established': False, 'family': {'name': '', 'gender': None, 'lang': 'C', 'dialect': '', 'variant': None}}
A11Y 20:29:58.765599 - SPEECH OUTPUT: 'check menu item not checked.' {'established': False}
A11Y 20:29:58.881727 - SPEECH OUTPUT: 'checked' {'established': False}
A11Y 20:29:58.976360 - SPEECH OUTPUT: 'Recent menu' {'established': False, 'family': {'name': '', 'gender': None, 'lang': 'C', 'dialect': '', 'variant': None}}
A11Y 20:29:59.064021 - SPEECH OUTPUT: 'Recent document.' {'established': False, 'family': {'name': '', 'gender': None, 'lang': 'C', 'dialect': '', 'variant': None}}
A11Y 20:29:59.096465 - SPEECH OUTPUT: 'expanded' {'established': False}
A11Y 20:29:59.195561 - SPEECH OUTPUT: 'Recent menu' {'established': False, 'family': {'name': '', 'gender': None, 'lang': 'C', 'dialect': '', 'variant': None}}
A11Y 20:29:59.304221 - SPEECH OUTPUT: 'Enable notifications' {'established': False, 'family': {'name': '', 'gender': None, 'lang': 'C', 'dialect': '', 'variant': None}}
A11Y 20:29:59.304249 - SPEECH OUTPUT: 'check menu item not checked.' {'established': False}
A11Y 20:29:59.377036 - SPEECH OUTPUT: 'Recent menu' {'established': False, 'family': {'name': '', 'gender': None, 'lang': 'C', 'dialect': '', 'variant': None}}
A11Y 20:29:59.479001 - SPEECH OUTPUT: 'Recent document.' {'established': False, 'family': {'name': '', 'gender': None, 'lang': 'C', 'dialect': '', 'variant': None}}
A11Y 20:29:59.642857 - SPEECH OUTPUT: 'Enable notifications' {'established': False, 'family': {'name': '', 'gender': None, 'lang': 'C', 'dialect': '', 'variant': None}}
A11Y 20:29:59.642916 - SPEECH OUTPUT: 'check menu item not checked.' {'established': False}
A11Y 20:29:59.741772 - SPEECH OUTPUT: 'checked' {'established': False}
A11Y 20:29:59.844296 - SPEECH OUTPUT: 'Recent menu' {'established': False, 'family': {'name': '', 'gender': None, 'lang': 'C', 'dialect': '', 'variant': None}}
A11Y 20:29:59.919381 - SPEECH OUTPUT: 'Recent document' {'established': False, 'family': {'name': '', 'gender': None, 'lang': 'C', 'dialect': '', 'variant': None}}
A11Y 20:29:59.919411 - SPEECH OUTPUT: 'check menu item not checked.' {'established': False}
A11Y 20:29:59.956900 - SPEECH OUTPUT: 'expanded' {'established': False}
A11Y 20:30:00.043588 - SPEECH OUTPUT: 'Background calls 1' {'established': False}
A11Y 20:30:00.077579 - SPEECH OUTPUT: 'Background calls 1' {'established': False}
A11Y 20:30:00.208306 - SPEECH OUTPUT: 'Account preferences accessible label' {'established': False, 'family': {'name': '', 'gender': None, 'lang': 'C', 'dialect': '', 'variant': None}}
A11Y 20:30:00.208348 - SPEECH OUTPUT: 'collapsed button.' {'established': False}
Orca diagnostic logs: /home/shawn/workspace2/reactive-tui/target/api011-check-tmp/rtui-orca-dbaz6rd4
