   Compiling reactive-tui v0.0.7 (/home/shawn/workspace2/reactive-tui)
    Finished `test` profile [unoptimized + debuginfo] target(s) in 22.81s
     Running unittests src/lib.rs (target/debug/deps/reactive_tui-8db3a30746e1a23f)

running 7 tests
test widgets::dialog::autocomplete::live::tests::suggestion_highlighting_preserves_expanded_case_and_graphemes ... ok
test widgets::dialog::autocomplete::live::tests::suggestions_require_a_value_and_preserve_metadata ... ok
test widgets::dialog::autocomplete::tests::native_editing_preserves_whole_graphemes ... ok
test widgets::dialog::autocomplete::tests::native_minimum_counts_displayed_characters ... ok
test widgets::dialog::autocomplete::tests::native_selection_without_callback_closes ... ok
test widgets::dialog::autocomplete::tests::native_submit_honors_selection_veto_once_without_mutation ... ok
test widgets::dialog::dialog_types::tests::test_dialog_builder_autocomplete ... ok

test result: ok. 7 passed; 0 failed; 0 ignored; 0 measured; 836 filtered out; finished in 0.00s

     Running tests/api_widget_behavior.rs (target/debug/deps/api_widget_behavior-591f6bff9f7c0602)

running 13 tests
test autocomplete_acceptance::autocomplete_click_uses_suggestion_bounds_after_resize_and_honors_veto ... ok
test autocomplete_acceptance::autocomplete_custom_filter_renderer_and_limit_are_applied ... ok
test autocomplete_acceptance::autocomplete_escape_dismisses_suggestions_before_canceling ... ok
test autocomplete_acceptance::autocomplete_filters_navigates_and_delivers_selection_once ... ok
test autocomplete_acceptance::autocomplete_prop_updates_keep_edits_and_selection_with_fresh_callbacks ... ok
test autocomplete_acceptance::autocomplete_reveals_the_keyboard_selection_in_a_long_list ... ok
test autocomplete_acceptance::autocomplete_unicode_empty_results_submit_typed_value ... ok
test dialog_http_acceptance::autocomplete_http_debounces_edits_into_one_current_query ... ok
test dialog_http_acceptance::autocomplete_http_rejects_malformed_suggestions_and_can_cancel ... ok
test dialog_http_acceptance::autocomplete_http_replacement_discards_the_previous_query ... ok
test dialog_http_acceptance::autocomplete_http_sends_query_headers_and_renders_suggestion_objects ... ok
test dialog_http_acceptance::autocomplete_removal_cancels_a_live_http_request ... ok
test input_acceptance::autocomplete_accepts_with_tab_and_mouse_without_moving_focus ... ok

test result: ok. 13 passed; 0 failed; 0 ignored; 0 measured; 297 filtered out; finished in 8.50s

