   Compiling reactive-tui v0.0.7 (/home/shawn/workspace2/reactive-tui)
    Finished `test` profile [unoptimized + debuginfo] target(s) in 3.42s
     Running tests/api_widget_behavior.rs (target/debug/deps/api_widget_behavior-591f6bff9f7c0602)

running 1 test
(32, 12) -> (60, 20): input (14, 10), ok (47, 11)
                                                            
                                                            
                                                            
                                                            
                                                            
                                                            
                                                            
          ┌──────────────────────────────────────┐          
          │    POINTER                          ✕│          
          │VALUE                                 │          
          │  [abcd                          ]    │          
          │                             Cancel OK│          
          └──────────────────────────────────────┘          
                                                            
                                                            
                                                            
                                                            
                                                            
                                                            
                                                            

thread 'dialog_acceptance::input_dialog_pointer_edits_and_submits_at_the_resized_painted_coordinates' (3680123) panicked at tests/api_widget_behavior/dialogs.rs:42:25:
wrong result: Cancelled
note: run with `RUST_BACKTRACE=1` environment variable to display a backtrace
test dialog_acceptance::input_dialog_pointer_edits_and_submits_at_the_resized_painted_coordinates ... FAILED

failures:

failures:
    dialog_acceptance::input_dialog_pointer_edits_and_submits_at_the_resized_painted_coordinates

test result: FAILED. 0 passed; 1 failed; 0 ignored; 0 measured; 295 filtered out; finished in 0.13s

error: test failed, to rerun pass `--test api_widget_behavior`
