+ python3 -B scripts/check-binding-abi.py
   Compiling reactive-tui v0.0.7 (/home/shawn/workspace2/reactive-tui)
warning: ambiguous glob re-exports
  --> src/ffi/mod.rs:94:9
   |
94 | pub use pointer::*;
   |         ^^^^^^^^^^ the name `validate_pointer` in the value namespace is first re-exported here
...
99 | pub use types::*;
   |         -------- but the name `validate_pointer` in the value namespace is also re-exported here
   |
   = note: `#[warn(ambiguous_glob_reexports)]` on by default

warning: unused variable: `width`
  --> src/ffi/lib.rs:85:14
   |
85 |         let (width, height) = renderer_box.dims();
   |              ^^^^^ help: if this is intentional, prefix it with an underscore: `_width`
   |
   = note: `#[warn(unused_variables)]` (part of `#[warn(unused)]`) on by default

warning: function `validate_pointer` is never used
   --> src/ffi/types.rs:182:15
    |
182 | pub(crate) fn validate_pointer<T>(ptr: *const T) -> bool {
    |               ^^^^^^^^^^^^^^^^
    |
    = note: `#[warn(dead_code)]` (part of `#[warn(unused)]`) on by default

warning: function `validate_mut_pointer` is never used
   --> src/ffi/types.rs:187:15
    |
187 | pub(crate) fn validate_mut_pointer<T>(ptr: *mut T) -> bool {
    |               ^^^^^^^^^^^^^^^^^^^^

warning: function `safe_cast` is never used
   --> src/ffi/types.rs:192:22
    |
192 | pub(crate) unsafe fn safe_cast<T, U>(ptr: *mut T) -> Result<*mut U, ReactiveError> {
    |                      ^^^^^^^^^

warning: function `safe_cast_const` is never used
   --> src/ffi/types.rs:206:22
    |
206 | pub(crate) unsafe fn safe_cast_const<T, U>(ptr: *const T) -> Result<*const U, ReactiveError> {
    |                      ^^^^^^^^^^^^^^^

warning: missing documentation for a function
  --> src/ffi/dialog.rs:25:1
   |
25 | pub extern "C" fn rtui_dialog_engine_create(out_engine: *mut *mut RTuiDialogEngine) -> ReactiveError {
   | ^^^^^^^^^^^^^^^^^^^^^^^^^^^^^^^^^^^^^^^^^^^^^^^^^^^^^^^^^^^^^^^^^^^^^^^^^^^^^^^^^^^^^^^^^^^^^^^^^^^^
   |
note: the lint level is defined here
  --> src/lib.rs:40:9
   |
40 | #![warn(missing_docs)]
   |         ^^^^^^^^^^^^

warning: missing documentation for a function
  --> src/ffi/dialog.rs:44:1
   |
44 | pub extern "C" fn rtui_dialog_engine_element(engine: *const RTuiDialogEngine, out_element: *mut *mut RTuiElement) -> ReactiveError {
   | ^^^^^^^^^^^^^^^^^^^^^^^^^^^^^^^^^^^^^^^^^^^^^^^^^^^^^^^^^^^^^^^^^^^^^^^^^^^^^^^^^^^^^^^^^^^^^^^^^^^^^^^^^^^^^^^^^^^^^^^^^^^^^^^^^^

warning: missing documentation for a function
  --> src/ffi/dialog.rs:76:1
   |
76 | pub extern "C" fn rtui_dialog_engine_close(engine: *mut RTuiDialogEngine, id: u32, result: *const c_char) -> ReactiveError {
   | ^^^^^^^^^^^^^^^^^^^^^^^^^^^^^^^^^^^^^^^^^^^^^^^^^^^^^^^^^^^^^^^^^^^^^^^^^^^^^^^^^^^^^^^^^^^^^^^^^^^^^^^^^^^^^^^^^^^^^^^^^^

warning: missing documentation for a function
  --> src/ffi/editor.rs:18:1
   |
18 | pub extern "C" fn rtui_text_editor_create(out_editor: *mut *mut RTuiTextEditor) -> ReactiveError {
   | ^^^^^^^^^^^^^^^^^^^^^^^^^^^^^^^^^^^^^^^^^^^^^^^^^^^^^^^^^^^^^^^^^^^^^^^^^^^^^^^^^^^^^^^^^^^^^^^^

warning: missing documentation for a function
  --> src/ffi/editor.rs:27:1
   |
27 | pub extern "C" fn rtui_text_editor_destroy(editor: *mut RTuiTextEditor) {
   | ^^^^^^^^^^^^^^^^^^^^^^^^^^^^^^^^^^^^^^^^^^^^^^^^^^^^^^^^^^^^^^^^^^^^^^^

warning: missing documentation for a function
  --> src/ffi/editor.rs:32:1
   |
32 | pub extern "C" fn rtui_text_editor_set_content(editor: *mut RTuiTextEditor, content: *const c_char) -> ReactiveError {
   | ^^^^^^^^^^^^^^^^^^^^^^^^^^^^^^^^^^^^^^^^^^^^^^^^^^^^^^^^^^^^^^^^^^^^^^^^^^^^^^^^^^^^^^^^^^^^^^^^^^^^^^^^^^^^^^^^^^^^

warning: missing documentation for a function
  --> src/ffi/editor.rs:50:1
   |
50 | pub extern "C" fn rtui_text_editor_insert_text(editor: *mut RTuiTextEditor, text: *const c_char) -> ReactiveError {
   | ^^^^^^^^^^^^^^^^^^^^^^^^^^^^^^^^^^^^^^^^^^^^^^^^^^^^^^^^^^^^^^^^^^^^^^^^^^^^^^^^^^^^^^^^^^^^^^^^^^^^^^^^^^^^^^^^^

warning: missing documentation for a function
  --> src/ffi/editor.rs:86:1
   |
86 | pub extern "C" fn rtui_text_editor_set_size(editor: *mut RTuiTextEditor, width: u32, height: u32) -> ReactiveError {
   | ^^^^^^^^^^^^^^^^^^^^^^^^^^^^^^^^^^^^^^^^^^^^^^^^^^^^^^^^^^^^^^^^^^^^^^^^^^^^^^^^^^^^^^^^^^^^^^^^^^^^^^^^^^^^^^^^^^

warning: missing documentation for a function
   --> src/ffi/editor.rs:100:1
    |
100 | pub extern "C" fn rtui_text_editor_set_show_line_numbers(editor: *mut RTuiTextEditor, show: bool) -> ReactiveError {
    | ^^^^^^^^^^^^^^^^^^^^^^^^^^^^^^^^^^^^^^^^^^^^^^^^^^^^^^^^^^^^^^^^^^^^^^^^^^^^^^^^^^^^^^^^^^^^^^^^^^^^^^^^^^^^^^^^^^

warning: missing documentation for a function
   --> src/ffi/foreign.rs:146:1
    |
146 | / pub extern "C" fn rtui_foreign_component_create(
147 | |     props: *const c_char, state: *const c_char, render: Option<RTuiForeignRenderCallback>,
148 | |     event: Option<RTuiForeignEventCallback>, dispose: Option<RTuiForeignDisposeCallback>,
149 | |     userdata: *mut c_void, out_component: *mut *mut RTuiForeignComponent,
150 | | ) -> ReactiveError {
    | |__________________^

warning: missing documentation for a function
   --> src/ffi/foreign.rs:168:1
    |
168 | pub extern "C" fn rtui_foreign_component_destroy(component: *mut RTuiForeignComponent) -> ReactiveError {
    | ^^^^^^^^^^^^^^^^^^^^^^^^^^^^^^^^^^^^^^^^^^^^^^^^^^^^^^^^^^^^^^^^^^^^^^^^^^^^^^^^^^^^^^^^^^^^^^^^^^^^^^^

warning: missing documentation for a function
   --> src/ffi/foreign.rs:180:1
    |
180 | pub extern "C" fn rtui_foreign_component_element(component: *const RTuiForeignComponent, out_element: *mut *mut RTuiElement) -> ReactiveError {
    | ^^^^^^^^^^^^^^^^^^^^^^^^^^^^^^^^^^^^^^^^^^^^^^^^^^^^^^^^^^^^^^^^^^^^^^^^^^^^^^^^^^^^^^^^^^^^^^^^^^^^^^^^^^^^^^^^^^^^^^^^^^^^^^^^^^^^^^^^^^^^^

warning: missing documentation for a function
   --> src/ffi/foreign.rs:190:1
    |
190 | pub extern "C" fn rtui_foreign_component_render(component: *const RTuiForeignComponent, out_element: *mut *mut RTuiElement) -> ReactiveError {
    | ^^^^^^^^^^^^^^^^^^^^^^^^^^^^^^^^^^^^^^^^^^^^^^^^^^^^^^^^^^^^^^^^^^^^^^^^^^^^^^^^^^^^^^^^^^^^^^^^^^^^^^^^^^^^^^^^^^^^^^^^^^^^^^^^^^^^^^^^^^^^

warning: missing documentation for a function
   --> src/ffi/foreign.rs:200:1
    |
200 | pub extern "C" fn rtui_foreign_component_dispatch(component: *const RTuiForeignComponent, event: *const c_char, out_handled: *mut bool) -> ReactiveError {
    | ^^^^^^^^^^^^^^^^^^^^^^^^^^^^^^^^^^^^^^^^^^^^^^^^^^^^^^^^^^^^^^^^^^^^^^^^^^^^^^^^^^^^^^^^^^^^^^^^^^^^^^^^^^^^^^^^^^^^^^^^^^^^^^^^^^^^^^^^^^^^^^^^^^^^^^^^

warning: missing documentation for a function
   --> src/ffi/foreign.rs:225:1
    |
225 | pub extern "C" fn rtui_foreign_component_get_props(component: *const RTuiForeignComponent, out_value: *mut *mut c_char) -> ReactiveError {
    | ^^^^^^^^^^^^^^^^^^^^^^^^^^^^^^^^^^^^^^^^^^^^^^^^^^^^^^^^^^^^^^^^^^^^^^^^^^^^^^^^^^^^^^^^^^^^^^^^^^^^^^^^^^^^^^^^^^^^^^^^^^^^^^^^^^^^^^^^

warning: missing documentation for a function
   --> src/ffi/foreign.rs:229:1
    |
229 | pub extern "C" fn rtui_foreign_component_get_state(component: *const RTuiForeignComponent, out_value: *mut *mut c_char) -> ReactiveError {
    | ^^^^^^^^^^^^^^^^^^^^^^^^^^^^^^^^^^^^^^^^^^^^^^^^^^^^^^^^^^^^^^^^^^^^^^^^^^^^^^^^^^^^^^^^^^^^^^^^^^^^^^^^^^^^^^^^^^^^^^^^^^^^^^^^^^^^^^^^

warning: missing documentation for a function
   --> src/ffi/foreign.rs:233:1
    |
233 | pub extern "C" fn rtui_foreign_component_set_props(component: *const RTuiForeignComponent, value: *const c_char) -> ReactiveError {
    | ^^^^^^^^^^^^^^^^^^^^^^^^^^^^^^^^^^^^^^^^^^^^^^^^^^^^^^^^^^^^^^^^^^^^^^^^^^^^^^^^^^^^^^^^^^^^^^^^^^^^^^^^^^^^^^^^^^^^^^^^^^^^^^^^^

warning: missing documentation for a function
   --> src/ffi/foreign.rs:237:1
    |
237 | pub extern "C" fn rtui_foreign_component_set_state(component: *const RTuiForeignComponent, value: *const c_char) -> ReactiveError {
    | ^^^^^^^^^^^^^^^^^^^^^^^^^^^^^^^^^^^^^^^^^^^^^^^^^^^^^^^^^^^^^^^^^^^^^^^^^^^^^^^^^^^^^^^^^^^^^^^^^^^^^^^^^^^^^^^^^^^^^^^^^^^^^^^^^

warning: `reactive-tui` (lib) generated 24 warnings (run `cargo fix --lib -p reactive-tui` to apply 1 suggestion)
    Finished `dev` profile [unoptimized + debuginfo] target(s) in 16.84s
Traceback (most recent call last):
  File "/home/shawn/workspace2/reactive-tui/scripts/check-binding-abi.py", line 114, in <module>
    raise SystemExit(main())
                     ~~~~^^
  File "/home/shawn/workspace2/reactive-tui/scripts/check-binding-abi.py", line 35, in main
    audited = run_probe(json.loads(native_ast.stdout), target, scratch)
  File "/home/shawn/workspace2/reactive-tui/scripts/abi/compiler_probe.py", line 107, in run_probe
    raise RuntimeError(f"{n['name']}: C {expected} != Rust {actual}")
RuntimeError: rtui_foreign_component_create: C callback(*const c_char,*const c_char,Option_RTuiForeignRenderCallback,Option_RTuiForeignEventCallback,Option_RTuiForeignDisposeCallback,*mut c_void,*mut *mut RTuiForeignComponent)->RTuiError != Rust callback(*const c_char,*const c_char,callback(*const c_char,*const c_char,*mut c_void,*mut *mut RTuiElement)->i32,callback(*const c_char,*const c_char,*const c_char,*mut c_void,*mut bool)->i32,callback(*mut c_void)->(),*mut c_void,*mut *mut RTuiForeignComponent)->RTuiError
Traceback (most recent call last):
  File "/home/shawn/workspace2/reactive-tui/scripts/check-api-native-components.py", line 107, in <module>
    main()
    ~~~~^^
  File "/home/shawn/workspace2/reactive-tui/scripts/check-api-native-components.py", line 53, in main
    execute(['python3', '-B', 'scripts/check-binding-abi.py'])
    ~~~~~~~^^^^^^^^^^^^^^^^^^^^^^^^^^^^^^^^^^^^^^^^^^^^^^^^^^^
  File "/home/shawn/workspace2/reactive-tui/scripts/check-api-native-components.py", line 17, in execute
    subprocess.run(list(map(str, command)), cwd=ROOT, check=True, timeout=timeout, **kwargs)
    ~~~~~~~~~~~~~~^^^^^^^^^^^^^^^^^^^^^^^^^^^^^^^^^^^^^^^^^^^^^^^^^^^^^^^^^^^^^^^^^^^^^^^^^^
  File "/home/linuxbrew/.linuxbrew/Cellar/python@3.14/3.14.7/lib/python3.14/subprocess.py", line 578, in run
    raise CalledProcessError(retcode, process.args,
                             output=stdout, stderr=stderr)
subprocess.CalledProcessError: Command '['python3', '-B', 'scripts/check-binding-abi.py']' returned non-zero exit status 1.
