   Compiling reactive-tui v0.0.7 (/home/shawn/workspace2/reactive-tui)
    Finished `test` profile [unoptimized + debuginfo] target(s) in 8.42s
     Running tests/api_widget_behavior.rs (target/debug/deps/api_widget_behavior-af8b000cab735812)

running 15 tests
test autocomplete_acceptance::autocomplete_builder_wheel_and_click_use_current_rows ... ok
test autocomplete_acceptance::autocomplete_click_uses_suggestion_bounds_after_resize_and_honors_veto ... ok
test autocomplete_acceptance::autocomplete_custom_filter_renderer_and_limit_are_applied ... ok
test autocomplete_acceptance::autocomplete_escape_dismisses_suggestions_before_canceling ... ok
test autocomplete_acceptance::autocomplete_filters_navigates_and_delivers_selection_once ... ok
test autocomplete_acceptance::autocomplete_highlight_and_region_styles_reach_rendered_cells ... ok
test autocomplete_acceptance::autocomplete_prop_updates_keep_edits_and_selection_with_fresh_callbacks ... ok
test autocomplete_acceptance::autocomplete_reveals_the_keyboard_selection_in_a_long_list ... ok
test autocomplete_acceptance::autocomplete_unicode_empty_results_submit_typed_value ... ok
test dialog_http_acceptance::autocomplete_http_debounces_edits_into_one_current_query ... ok
test dialog_http_acceptance::autocomplete_http_rejects_malformed_suggestions_and_can_cancel ... ok
test dialog_http_acceptance::autocomplete_http_replacement_discards_the_previous_query ... ok
test dialog_http_acceptance::autocomplete_http_sends_query_headers_and_renders_suggestion_objects ... ok
test dialog_http_acceptance::autocomplete_removal_cancels_a_live_http_request ... ok
test input_acceptance::autocomplete_accepts_with_tab_and_mouse_without_moving_focus ... ok

test result: ok. 15 passed; 0 failed; 0 ignored; 0 measured; 382 filtered out; finished in 10.09s

