   Compiling reactive-tui v0.0.7 (/home/shawn/workspace2/reactive-tui)
    Finished `test` profile [unoptimized + debuginfo] target(s) in 19.43s
     Running unittests src/lib.rs (target/debug/deps/reactive_tui-7c3bfeb3ac447f3f)

running 972 tests
test accessibility::connection::tests::assistive_action_overload_is_bounded_and_wakes_app ... ok
test accessibility::platform::translation::adapter::tests::add_node_emits_one_added ... ok
test accessibility::platform::translation::adapter::tests::filter_transition_into_tree_emits_added ... ok
test accessibility::platform::translation::adapter::tests::filter_transition_out_of_tree_emits_removed ... ok
test accessibility::platform::translation::adapter::tests::no_cache_events_on_construction ... ok
test accessibility::platform::translation::adapter::tests::remove_node_emits_removed_for_same_id ... ok
test accessibility::platform::translation::adapter::tests::subtree_add_emits_added_per_node ... ok
test accessibility::platform::translation::adapter::tests::subtree_remove_emits_removed_per_node ... ok
test accessibility::platform::translation::state_tests::current_item_tokens_are_active_without_becoming_focused_or_selected ... ok
test accessibility::platform::translation::state_tests::disabled_buttons_are_neither_enabled_nor_sensitive ... ok
test accessibility::platform::translation::state_tests::disclosure_states_distinguish_plain_collapsed_and_expanded_buttons ... ok
test accessibility::platform::translation::state_tests::focus_without_pixel_bounds_exposes_component_but_not_activation ... ok
test accessibility::platform::translation::state_tests::read_only_text_remains_enabled_without_becoming_editable ... ok
test accessibility::platform::unix::atspi::interfaces::cache::tests::filtered_child_excluded_from_items_and_counts ... ok
test accessibility::platform::unix::atspi::interfaces::cache::tests::get_items_prepends_application_root ... ok
test accessibility::platform::unix::atspi::interfaces::cache::tests::multi_adapter_windows_have_distinct_indices ... ok
test accessibility::platform::unix::atspi::interfaces::cache::tests::object_ref_encodes_bus_name_and_node_path ... ok
test accessibility::platform::unix::atspi::interfaces::cache::tests::top_window_parent_is_application_root ... ok
test accessibility::platform::unix::transport::tests::failure_is_reported_without_poisoning_other_or_later_apps ... ok
test accessibility::platform::unix::transport::tests::queue_overload_is_bounded_wakes_app_and_cancels_the_worker ... ok
test accessibility::platform::unix::transport::tests::shutdown_cancels_a_pending_operation_and_joins_before_returning ... ok
test accessibility::platform::unix::transport::tests::shutdown_during_an_operation_poll_does_not_report_queue_disconnect ... ok
test accessibility::platform::unix::transport::tests::stalled_bus_operation_has_a_deadline ... ok
test accessibility::platform::unix::transport::tests::worker_panic_wakes_app_and_still_joins ... ok
test accessibility::style::tests::invalid_values_missing_duplicate_and_cyclic_references_fail_before_presentation ... ok
test accessibility::style::tests::label_marker_preserves_explicit_element_labels_and_false_states ... ok
test accessibility::style::tests::style_snapshots_preserve_values_roles_states_and_label_relationships ... ok
test animation::api::tests::test_animate_function ... ok
test animation::api::tests::test_animation_targets ... ok
test animation::api::tests::test_complex_animation ... ok
test animation::api::tests::test_convenience_functions ... ok
test animation::api::tests::test_property_value_conversion ... ok
test animation::api::tests::test_spring_animation ... ok
test animation::api::tests::test_stagger_delay ... ok
test animation::api::tests::test_timeline_creation ... ok
test animation::api::tests::test_timeline_position_parsing ... ok
test animation::easing::tests::test_ease_in_out ... ok
test animation::easing::tests::test_ease_value ... ok
test animation::easing::tests::test_linear_easing ... ok
test animation::easing::tests::test_steps_easing ... ok
test animation::keyframes::tests::test_bounce_in_sequence ... ok
test animation::keyframes::tests::test_complex_multi_property_sequence ... ok
test animation::keyframes::tests::test_keyframe_creation ... ok
test animation::keyframes::tests::test_keyframe_sequence_sampling ... ok
test animation::keyframes::tests::test_keyframe_value_interpolation ... ok
test animation::keyframes::tests::test_sequence_validation ... ok
test animation::lock_free::tests::test_concurrent_updates ... ok
test animation::lock_free::tests::test_lock_free_animation_state ... ok
test animation::performance::tests::test_animation_batch_creation ... ok
test animation::performance::tests::test_cache_stats ... ok
test animation::performance::tests::test_interpolate_animated_values ... ok
test animation::performance::tests::test_interpolation_cache ... ok
test animation::performance::tests::test_optimized_animation_manager ... ok
test animation::performance::tests::test_performance_metrics ... ok
test animation::spring::tests::test_damping_ratios ... ok
test animation::spring::tests::test_edge_cases ... ok
test animation::spring::tests::test_preset_springs ... ok
test animation::spring::tests::test_spring_config_creation ... ok
test animation::spring::tests::test_spring_duration_estimation ... ok
test animation::spring::tests::test_spring_easing_function ... ok
test animation::spring::tests::test_spring_position_calculation ... ok
test animation::spring::tests::test_spring_settling ... ok
test animation::spring::tests::test_spring_velocity_calculation ... ok
test animation::tests::test_animated_property_color ... ok
test animation::tests::test_animated_property_opacity ... ok
test animation::tests::test_animated_property_position ... ok
test animation::tests::test_animated_property_rotation ... ok
test animation::tests::test_animated_property_scale ... ok
test animation::tests::test_animated_property_size ... ok
test animation::tests::test_animation_creation ... ok
test animation::tests::test_animation_spring_creation ... ok
test animation::tests::test_easing_function_ease_in ... ok
test animation::tests::test_easing_function_ease_in_out ... ok
test animation::tests::test_easing_function_ease_out ... ok
test animation::tests::test_easing_function_linear ... ok
test animation::tests::test_easing_function_linear_points ... ok
test animation::tests::test_easing_function_steps ... ok
test animation::tests::test_easing_function_steps_jump_start ... ok
test animation::tests::test_spring_config ... ok
test animation::tests::test_spring_presets ... ok
test animation::tests::test_step_easing_boundaries ... ok
test app::event_tree::accessibility::tests::popover_click_action_preserves_typed_input_semantics ... ok
test app::event_tree::accessibility::tests::text_input_exports_readable_unicode_lines_selection_and_password_privacy ... ok
test app::event_tree::capture_tests::capture_observes_consuming_child_once_and_redraw_replaces_handlers ... ok
test app::event_tree::capture_tests::component_expansion_preserves_capture_before_activation ... ok
test app::event_tree::capture_tests::disabled_and_inert_capture_handlers_do_not_run_and_removal_releases_capture ... ok
test app::motion::tests::color_transition_has_exact_midpoint_and_stops ... ok
test app::motion::tests::equal_keys_in_separate_apps_have_independent_clocks ... ok
test app::motion::tests::incompatible_css_units_keep_endpoints_and_unknown_styles_report_errors ... ok
test app::motion::tests::interrupted_transition_uses_old_curve_then_new_duration ... ok
test app::motion::tests::keyed_reorder_preserves_animation_phase ... ok
test app::motion::tests::property_sets_keep_names_offsets_and_easing ... ok
test app::motion::tests::rainbow_clock_is_keyed_owned_and_removed ... ok
test app::motion::tests::reduced_motion_releases_clocks_and_applies_static_values_immediately ... ok
test app::motion::tests::removing_a_node_drops_its_clock_and_readding_starts_again ... ok
test app::motion::tests::static_and_zero_duration_borders_do_not_start_a_clock ... ok
test app::motion::tests::style_snapshots_reject_nonfinite_layout_and_paint_numbers ... ok
test app::tests::test_animation_integration ... ok
test app::tests::test_app_builder ... ok
test app::tests::test_app_size ... ok
test app::tests::test_event_processing_integration ... ok
test backend::suprtui::cursor_tests::native_cursor_follows_painted_text_clipping_and_coverage ... ok
test backend::suprtui::cursor_tests::native_cursor_retries_failed_output_and_does_not_leak_into_cell_frames ... ok
test backend::suprtui::cursor_tests::native_cursor_style_and_color_reset_when_host_session_is_restored ... ok
test backend::suprtui::graphics::tests::api_image_graphics_actual_coverage_masks_text_and_opaque_backgrounds ... ok
test backend::suprtui::graphics::tests::api_image_graphics_cell_pixels_padding_tint_and_layer_order_follow_the_painter ... ok
test backend::suprtui::graphics::tests::api_image_graphics_clip_and_output_failure_retry_delete_possible_placements ... ok
test backend::suprtui::graphics::tests::api_image_graphics_failed_sixel_flush_keeps_cleanup_for_retry ... ok
test backend::suprtui::graphics::tests::api_image_graphics_output_is_owned_cached_moved_and_removed ... ok
test backend::suprtui::graphics::tests::api_image_graphics_refreshes_cell_metrics_and_clears_when_switching_to_cell_frames ... ok
test backend::suprtui::graphics::tests::api_image_graphics_sixel_absolute_offsets_keep_preceding_translucent_pixels ... ok
test backend::suprtui::graphics::tests::api_image_graphics_sixel_and_inline_keep_masks_cache_and_clear_owned_placements ... ok
test backend::suprtui::graphics::tests::api_image_graphics_writer_requires_explicit_capability_and_valid_cell_pixels ... ok
test backend::suprtui::graphics::tests::native_cursor_respects_image_pixels_and_retains_coverage_on_cached_frames ... ok
test builder::test_specialized::tests::test_builder_from_trait ... ok
test builder::test_specialized::tests::test_confirmation_dialog_builder ... ok
test builder::test_specialized::tests::test_dialog_builder ... ok
test builder::test_specialized::tests::test_image_builder ... ok
test builder::test_specialized::tests::test_progress_dialog_builder ... ok
test builder::test_specialized::tests::test_radio_button_builder ... ok
test builder::test_specialized::tests::test_scroll_view_builder ... ok
test builder::test_specialized::tests::test_slider_builder ... ok
test builder::test_specialized::tests::test_stack_builder ... ok
test builder::test_specialized::tests::test_tree_builder ... ok
test builder::test_specialized::tests::test_wizard_builder ... ok
test builder::widgets::accordion::tests::test_accordion_builder ... ok
test builder::widgets::accordion::tests::test_faq_accordion ... ok
test builder::widgets::accordion::tests::test_navigation_accordion ... ok
test builder::widgets::accordion::tests::test_settings_accordion ... ok
test builder::widgets::accordion::tests::test_simple_accordion ... ok
test builder::widgets::breadcrumb::tests::test_breadcrumb_builder ... ok
test builder::widgets::breadcrumb::tests::test_filesystem_breadcrumb ... ok
test builder::widgets::breadcrumb::tests::test_path_breadcrumb ... ok
test builder::widgets::breadcrumb::tests::test_simple_breadcrumb ... ok
test builder::widgets::breadcrumb::tests::test_title_case ... ok
test builder::widgets::breadcrumb::tests::test_url_breadcrumb ... ok
test builder::widgets::breadcrumb::tests::test_website_breadcrumb ... ok
test builder::widgets::file_explorer::tests::test_code_project_explorer ... ok
test builder::widgets::file_explorer::tests::test_compact_file_picker ... ok
test builder::widgets::file_explorer::tests::test_current_directory_explorer ... ok
test builder::widgets::file_explorer::tests::test_document_browser ... ok
test builder::widgets::file_explorer::tests::test_file_explorer_builder ... ok
test builder::widgets::file_explorer::tests::test_filtered_file_explorer ... ok
test builder::widgets::file_explorer::tests::test_media_gallery_explorer ... ok
test builder::widgets::file_explorer::tests::test_simple_file_browser ... ok
test component::anchors::tests::anchors_reject_ambiguity_and_release_unrequested_names ... ok
test component::anchors::tests::anchors_replace_moved_and_removed_geometry_without_cross_app_state ... ok
test component::change::tests::test_change_apply ... ok
test component::change::tests::test_change_batch_optimization ... ok
test component::change::tests::test_clear_optimization ... ok
test component::element::tests::test_component_props_equality ... ok
test component::element::tests::test_element_builder_pattern ... ok
test component::element::tests::test_element_convenience_methods ... ok
test component::element::tests::test_element_creation ... ok
test component::element::tests::test_element_debug ... ok
test component::element::tests::test_element_equality ... ok
test component::element::tests::test_element_with_children ... ok
test component::element::tests::test_element_with_props ... ok
test component::element::tests::test_layout_types ... ok
test component::element::tests::test_props_with_builder ... ok
test component::lifecycle::tests::test_is_mounted_states ... ok
test component::lifecycle::tests::test_lifecycle_creation ... ok
test component::lifecycle::tests::test_lifecycle_default ... ok
test component::lifecycle::tests::test_lifecycle_events ... ok
test component::lifecycle::tests::test_lifecycle_phases ... ok
test component::lifecycle::tests::test_mount_lifecycle ... ok
test component::lifecycle::tests::test_multiple_mount_cycles ... ok
test component::lifecycle::tests::test_multiple_updates ... ok
test component::lifecycle::tests::test_unmount_lifecycle ... ok
test component::lifecycle::tests::test_update_during_mounting ... ok
test component::lifecycle::tests::test_update_lifecycle ... ok
test component::props::tests::test_common_props ... ok
test component::props::tests::test_common_props_equality ... ok
test component::props::tests::test_custom_props_trait ... ok
test component::props::tests::test_empty_props ... ok
test component::props::tests::test_props_send_sync ... ok
test component::props::tests::test_props_type_erasure ... ok
test component::props::tests::test_props_with_children ... ok
test component::registry::tests::test_registry ... ok
test component::state_flags::tests::test_default_flags ... ok
test component::state_flags::tests::test_flag_operations ... ok
test component::state_flags::tests::test_state_flagged_trait ... ok
test component::state_flags::tests::test_state_methods ... ok
test core::capabilities::tests::test_color_depth_supports ... ok
test core::capabilities::tests::test_env_fallback_colorterm ... ok
test core::capabilities::tests::test_env_fallback_term_program ... ok
test core::capabilities::tests::test_parse_da1_with_sixel ... ok
test core::capabilities::tests::test_parse_kitty_graphics ... ok
test core::capabilities::tests::test_parse_unicode_enabled ... ok
test core::geometry::tests::test_point ... ok
test core::geometry::tests::test_rect ... ok
test core::geometry::tests::test_rect_from_points ... ok
test core::geometry::tests::test_size ... ok
test core::grapheme_cell::tests::test_cjk_characters_comprehensive ... ok
test core::grapheme_cell::tests::test_combining_marks ... ok
test core::grapheme_cell::tests::test_emoji_comprehensive ... ok
test core::grapheme_cell::tests::test_grapheme_cluster_ascii ... ok
test core::grapheme_cell::tests::test_grapheme_cluster_cjk ... ok
test core::grapheme_cell::tests::test_grapheme_cluster_emoji ... ok
test core::grapheme_cell::tests::test_mixed_width_text_comprehensive ... ok
test core::grapheme_cell::tests::test_row_spans ... ok
test core::grapheme_cell::tests::test_row_spans_adjacent ... ok
test core::grapheme_cell::tests::test_surface_write_mixed_width ... ok
test core::render_ops::tests::test_print_styled ... ok
test core::render_ops::tests::test_render_ops_builder ... ok
test core::render_ops::tests::test_style_deduplication ... ok
test core::render_stats::tests::test_fps_calculation ... ok
test core::render_stats::tests::test_stats_collector_basic ... ok
test core::renderer::tests::test_clear_surface ... [?25h[?1006l[?1015l[?1003l[?1002l[?1000lok
test core::renderer::tests::test_debug_overlay_toggle ... [?25h[?1006l[?1015l[?1003l[?1002l[?1000lok
test core::renderer::tests::test_detailed_stats_toggle ... [?25h[?1006l[?1015l[?1003l[?1002l[?1000lok
test core::renderer::tests::test_frame_stats_initialization ... [?25h[?1006l[?1015l[?1003l[?1002l[?1000lok
test core::renderer::tests::test_memory_estimation ... [?25h[?1006l[?1015l[?1003l[?1002l[?1000lok
test core::renderer::tests::test_performance_grade ... [?25h[?1006l[?1015l[?1003l[?1002l[?1000lok
test core::renderer::tests::test_performance_metrics ... [?25h[?1006l[?1015l[?1003l[?1002l[?1000lok
test core::renderer::tests::test_renderer_creation ... [?25h[?1006l[?1015l[?1003l[?1002l[?1000lok
test core::renderer::tests::test_renderer_invalid_dimensions ... ok
test core::renderer::tests::test_renderer_resize ... [?25h[?1006l[?1015l[?1003l[?1002l[?1000lok
test core::renderer::tests::test_renderer_resize_to ... [?25h[?1006l[?1015l[?1003l[?1002l[?1000lok
test core::renderer::tests::test_renderer_with_size ... [?25h[?1006l[?1015l[?1003l[?1002l[?1000lok
test core::renderer::tests::test_stats_management ... [?25h[?1006l[?1015l[?1003l[?1002l[?1000lok
test core::renderer::tests::test_surface_access ... [?25h[?1006l[?1015l[?1003l[?1002l[?1000lok
test core::span_diff::tests::test_span_diff_no_change ... ok
test core::span_diff::tests::test_span_diff_single_change ... ok
test core::span_diff::tests::test_span_diff_with_stats ... ok
test core::span_diff::tests::test_style_coalescing ... ok
test core::styled_text::tests::test_builder ... ok
test core::styled_text::tests::test_styled_line_merging ... ok
test core::styled_text::tests::test_styled_line_no_merging ... ok
test core::styled_text::tests::test_styled_run_width ... ok
test core::styled_text::tests::test_to_render_ops ... ok
test core::surface::image_output::tests::api_surface_image_fallback_uses_source_regions_and_removes_pixels ... ok
test core::surface::image_output::tests::api_surface_image_foreground_fallback_clears_a_whole_wide_grapheme ... ok
test core::surface::image_output::tests::api_surface_image_projection_layer_alpha_and_checked_errors ... ok
test core::surface::image_output::tests::api_surface_image_protocol_retry_and_removal_are_owned ... ok
test core::surface::tests::api_surface_image_small_source_and_removal ... ok
test core::surface::tests::api_surface_image_validation_and_clipped_work ... ok
test core::surface::tests::diffwriter_counts_increase_on_changes ... ok
test core::surface::tests::surface_reinit_reuses_capacity ... ok
test core::surface::tests::test_border_chars ... ok
test core::surface::tests::test_cell_image_placement ... ok
test core::surface::tests::test_clear_all_image_placements ... ok
test core::surface::tests::test_enhanced_surface_features ... ok
test core::surface::tests::test_image_region_placement ... ok
test core::surface::tests::test_image_registry_basic_operations ... ok
test core::surface::tests::test_surface_copy_preserves_images ... ok
test core::surface::tests::test_surface_image_operations ... ok
test core::surface::tests::test_text_style ... ok
test core::terminal::tests::test_image_capabilities_detection ... ok
test core::terminal::tests::test_size_detection ... ok
test core::terminal::tests::test_terminal_creation ... [?25h[?1006l[?1015l[?1003l[?1002l[?1000lok
test core::window::tests::test_border_rendering ... ok
test core::window::tests::test_child_window_constraints ... ok
test core::window::tests::test_child_window_expand ... ok
test core::window::tests::test_child_window_overflow_constraint ... ok
test core::window::tests::test_cursor_management ... ok
test core::window::tests::test_mouse_event_handling ... ok
test core::window::tests::test_nested_windows ... ok
test core::window::tests::test_scrolling ... ok
test core::window::tests::test_text_printing ... ok
test core::window::tests::test_text_wrapping ... ok
test core::window::tests::test_window_creation ... ok
test core::writer::tests::test_color_output ... ok
test core::writer::tests::test_move_to ... ok
test core::writer::tests::test_print_run ... ok
test core::writer::tests::test_synchronized_output ... ok
test core::writer::tests::test_text_attributes ... ok
test display::adaptive::tests::test_adaptive_fps_manager_creation ... ok
test display::adaptive::tests::test_frame_duration_calculation ... ok
test display::adaptive::tests::test_performance_mode_switching ... ok
test display::adaptive::tests::test_terminal_detection ... ok
test editor::cursor::tests::test_cursor_basic_movement ... ok
test editor::cursor::tests::test_cursor_selection ... ok
test editor::cursor::tests::test_cursor_vertical_movement ... ok
test editor::cursor::tests::test_cursor_word_movement ... ok
test editor::gap_buffer::tests::test_cursor_movement_efficiency ... ok
test editor::gap_buffer::tests::test_delete_char ... ok
test editor::gap_buffer::tests::test_delete_range ... ok
test editor::gap_buffer::tests::test_from_string ... ok
test editor::gap_buffer::tests::test_insert_char ... ok
test editor::gap_buffer::tests::test_insert_string ... ok
test editor::gap_buffer::tests::test_large_insertions ... ok
test editor::gap_buffer::tests::test_line_col_conversion ... ok
test editor::gap_buffer::tests::test_line_operations ... ok
test editor::gap_buffer::tests::test_new_buffer ... ok
test editor::syntax_editor::tests::test_cache_invalidation_on_edit ... ok
test editor::syntax_editor::tests::test_syntax_editor_auto_detect ... ok
test editor::syntax_editor::tests::test_syntax_editor_creation ... ok
test editor::syntax_editor::tests::test_syntax_editor_editing ... ok
test editor::text_editor::tests::test_editor_creation ... ok
test editor::text_editor::tests::test_editor_delete ... ok
test editor::text_editor::tests::test_editor_insert ... ok
test editor::text_editor::tests::test_editor_selection ... ok
test error::tests::test_error_creation ... ok
test error::tests::test_io_error_conversion ... ok
test error::tests::test_macros ... ok
test escape::parser::tests::test_basic_text ... ok
test escape::parser::tests::test_csi_cursor_move ... ok
test escape::parser::tests::test_mixed_content ... ok
test escape::parser::tests::test_osc_title ... ok
test escape::parser::tests::test_sgr_colors ... ok
test event::focus::tests::test_focus_edge_cases ... ok
test event::focus::tests::test_focus_events ... ok
test event::focus::tests::test_focus_history ... ok
test event::focus::tests::test_focus_system_integration ... ok
test event::focus::tests::test_focus_traps ... ok
test event::focus::tests::test_spatial_navigation ... ok
test event::focus::tests::test_tab_navigation ... ok
test event::hit::tests::test_bounds_contains ... ok
test event::hit::tests::test_bounds_intersection ... ok
test event::hit::tests::test_hit_test ... ok
test event::hit::tests::test_query_bounds ... ok
test event::notifications::tests::nested_dispatch_and_abandonment_do_not_leak_notifications ... ok
test event::router::tests::hover_boundaries_preserve_shared_ancestors_and_follow_layout ... ok
test event::router::tests::hover_capture_receives_each_own_boundary_once ... ok
test event::router::tests::test_event_consumption ... ok
test event::router::tests::test_event_routing ... ok
test event::types::tests::test_complex_key_combinations ... ok
test event::types::tests::test_custom_event ... ok
test event::types::tests::test_event_timestamps ... ok
test event::types::tests::test_event_trait_implementations ... ok
test event::types::tests::test_focus_event ... ok
test event::types::tests::test_key_codes ... ok
test event::types::tests::test_key_event_builder ... ok
test event::types::tests::test_key_event_creation ... ok
test event::types::tests::test_key_event_kinds ... ok
test event::types::tests::test_key_event_matches ... ok
test event::types::tests::test_key_event_matches_any ... ok
test event::types::tests::test_key_modifiers ... ok
test event::types::tests::test_mouse_buttons ... ok
test event::types::tests::test_mouse_event_builder ... ok
test event::types::tests::test_mouse_event_creation ... ok
test event::types::tests::test_mouse_event_kinds ... ok
test event::types::tests::test_paste_event ... ok
test event::types::tests::test_position ... ok
test event::types::tests::test_position_conversions ... ok
test event::types::tests::test_resize_event ... ok
test event::types::tests::test_wheel_event ... ok
test event::types::tests::test_wheel_phases ... ok
test hooks::animation::tests::test_animation_runs ... ok
test hooks::animation::tests::test_spring_physics ... ok
test hooks::animation::tests::test_stagger_delays ... ok
test hooks::animation::tests::test_transition_detects_changes ... ok
test hooks::clipboard::tests::test_clipboard_backend_detection ... ok
test hooks::clipboard::tests::test_clipboard_state_default ... ok
test hooks::clipboard::tests::test_use_clipboard ... ok
test hooks::clipboard::tests::test_use_simple_clipboard ... ok
test hooks::clipboard_process::tests::cancellation_kills_and_reaps_child ... ok
test hooks::clipboard_process::tests::deadline_kills_and_reaps_child ... ok
test hooks::clipboard_process::tests::sleeping_child_fixture ... ignored, child fixture invoked only by the process lifecycle tests
test hooks::fps::tests::test_fps_state_default ... ok
test hooks::fps::tests::test_frame_timing ... ok
test hooks::fps::tests::test_quality_level ... ok
test hooks::fps::tests::test_use_fps ... ok
test hooks::fps::tests::test_use_performance ... ok
test hooks::refs::tests::test_callback_ref ... ok
test hooks::refs::tests::test_forwarded_ref ... ok
test hooks::refs::tests::test_local_ref ... ok
test hooks::refs::tests::test_multi_ref ... ok
test hooks::refs::tests::test_ref_basic ... ok
test hooks::refs::tests::test_ref_thread_safety ... ok
test hooks::refs::tests::test_use_local_ref ... ok
test hooks::refs::tests::test_use_ref ... ok
test hooks::timer::tests::dropping_standalone_hooks_releases_callback_even_with_a_retained_handle ... ok
test hooks::timer::tests::interval_callback_can_cancel_its_own_handle ... ok
test hooks::timer::tests::owned_interval_preserves_deadlines_and_refreshes_callbacks ... ok
test hooks::timer::tests::retained_debounce_cannot_schedule_after_owner_removal ... ok
test hooks::timer::tests::test_debounced_function ... ok
test hooks::timer::tests::test_throttled_function ... ok
test hooks::timer::tests::test_timer_handle ... ok
test hooks::timer::tests::timeout_completes_once_and_only_changed_duration_restarts_it ... ok
test layout::css::accessibility::tests::test_aria_utilities ... ok
test layout::css::accessibility::tests::test_role_utilities ... ok
test layout::css::accessibility::tests::test_tabindex_utilities ... ok
test layout::css::animations::tests::test_animation_presets ... ok
test layout::css::animations::tests::test_duration_utilities ... ok
test layout::css::animations::tests::test_easing_utilities ... ok
test layout::css::animations::tests::test_transform_utilities ... ok
test layout::css::animations::tests::test_transition_utilities ... ok
test layout::css::colors::tests::test_apply_accent_color ... ok
test layout::css::colors::tests::test_apply_bg_color ... ok
test layout::css::colors::tests::test_apply_border_color ... ok
test layout::css::colors::tests::test_apply_placeholder_color ... ok
test layout::css::colors::tests::test_apply_ring_color ... ok
test layout::css::colors::tests::test_apply_text_color ... ok
test layout::css::colors::tests::test_color_utilities_integration ... ok
test layout::css::containers::tests::test_aspect_ratio_utilities ... ok
test layout::css::containers::tests::test_centering_utilities ... ok
test layout::css::containers::tests::test_container_utilities ... ok
test layout::css::containers::tests::test_container_utilities_integration ... ok
test layout::css::containers::tests::test_custom_aspect_ratio_parsing ... ok
test layout::css::css_in_rust::tests::test_basic_css_macro ... ok
test layout::css::css_in_rust::tests::test_color_properties ... ok
test layout::css::css_in_rust::tests::test_convenience_macros ... ok
test layout::css::css_in_rust::tests::test_numeric_properties ... ok
test layout::css::css_in_rust::tests::test_spacing_properties ... ok
test layout::css::effects::tests::test_apply_backdrop ... ok
test layout::css::effects::tests::test_apply_border ... ok
test layout::css::effects::tests::test_apply_opacity ... ok
test layout::css::effects::tests::test_apply_rounded ... ok
test layout::css::effects::tests::test_apply_shadow ... ok
test layout::css::effects::tests::test_apply_z_index ... ok
test layout::css::focus::tests::test_accessibility_utilities ... ok
test layout::css::focus::tests::test_focus_ring_utilities ... ok
test layout::css::focus::tests::test_focus_variants ... ok
test layout::css::gradients::tests::test_gradient_interpolation ... ok
test layout::css::gradients::tests::test_gradient_rendering ... ok
test layout::css::gradients::tests::test_three_color_gradient ... ok
test layout::css::interactions::tests::test_cursor ... ok
test layout::css::interactions::tests::test_pointer_events ... ok
test layout::css::interactions::tests::test_user_select ... ok
test layout::css::layout::tests::test_align_items_utilities ... ok
test layout::css::layout::tests::test_display_utilities ... ok
test layout::css::layout::tests::test_flexbox_utilities ... ok
test layout::css::layout::tests::test_justify_content_utilities ... ok
test layout::css::layout::tests::test_position_utilities ... ok
test layout::css::manager::tests::test_apply_css_animation ... ok
test layout::css::manager::tests::test_css_animation_manager_creation ... ok
test layout::css::manager::tests::test_global_functions ... ok
test layout::css::manager::tests::test_remove_component_animations ... ok
test layout::css::optimizer::tests::test_cache_hit ... ok
test layout::css::optimizer::tests::test_delegation_to_existing ... ok
test layout::css::optimizer::tests::test_dynamic_spacing ... ok
test layout::css::optimizer::tests::test_fast_parsing ... ok
test layout::css::parsers::tests::test_parse_font_weight ... ok
test layout::css::parsers::tests::test_parse_fraction ... ok
test layout::css::parsers::tests::test_parse_opacity ... ok
test layout::css::parsers::tests::test_parse_percentage ... ok
test layout::css::parsers::tests::test_parse_spacing ... ok
test layout::css::parsers::tests::test_parse_spacing_pixels ... ok
test layout::css::parsers::tests::test_parse_spacing_terminal ... ok
test layout::css::parsers::tests::test_parse_z_index ... ok
test layout::css::sizing::tests::test_height_utilities ... ok
test layout::css::sizing::tests::test_min_max_utilities ... ok
test layout::css::sizing::tests::test_sizing_utilities_integration ... ok
test layout::css::sizing::tests::test_width_utilities ... ok
test layout::css::spacing::tests::test_gap_utilities ... ok
test layout::css::spacing::tests::test_invalid_spacing ... ok
test layout::css::spacing::tests::test_margin_utilities ... ok
test layout::css::spacing::tests::test_padding_utilities ... ok
test layout::css::spacing::tests::test_spacing_utilities_integration ... ok
test layout::css::tests::test_apply_utility_classes_colors ... ok
test layout::css::tests::test_apply_utility_classes_effects ... ok
test layout::css::tests::test_apply_utility_classes_empty ... ok
test layout::css::tests::test_apply_utility_classes_invalid ... ok
test layout::css::tests::test_apply_utility_classes_mixed ... ok
test layout::css::tests::test_apply_utility_classes_multiple ... ok
test layout::css::tests::test_apply_utility_classes_overrides ... ok
test layout::css::tests::test_apply_utility_classes_single ... ok
test layout::css::tests::test_apply_utility_classes_sizing ... ok
test layout::css::tests::test_apply_utility_classes_spacing ... ok
test layout::css::tests::test_apply_utility_classes_typography ... ok
test layout::css::tests::test_apply_utility_classes_whitespace ... ok
test layout::css::typography::tests::test_font_size_utilities ... ok
test layout::css::typography::tests::test_font_weight_utilities ... ok
test layout::css::typography::tests::test_line_height_utilities ... ok
test layout::css::typography::tests::test_text_style_utilities ... ok
test layout::css::typography::tests::test_typography_utilities_integration ... ok
test layout::css::variants::tests::test_conditional_variants ... ok
test layout::css::variants::tests::test_group_variants ... ok
test layout::css::variants::tests::test_responsive_variants ... ok
test layout::css::variants::tests::test_state_variants ... ok
test layout::css::visual_style::tests::test_absolute_positioning_ignored ... ok
test layout::css::visual_style::tests::test_extract_bg_colors ... ok
test layout::css::visual_style::tests::test_extract_multiple_styles ... ok
test layout::css::visual_style::tests::test_extract_text_colors ... ok
test layout::grid::tests::test_auto_grid ... ok
test layout::grid::tests::test_css_generation ... ok
test layout::grid::tests::test_flexible_sizing ... ok
test layout::grid::tests::test_responsive_by_default ... ok
test layout::manager::tests::test_compute_layout ... ok
test layout::manager::tests::test_generate_paint_ops ... ok
test layout::manager::tests::test_insert_root_node ... ok
test layout::manager::tests::test_layout_manager_creation ... ok
test layout::manager::tests::test_remove_node ... ok
test layout::manager::tests::test_update_node ... ok
test layout::paint_tree::tests::test_empty_node_spec ... ok
test layout::paint_tree::tests::test_layout_and_paint_constrained ... ok
test layout::paint_tree::tests::test_layout_and_paint_simple ... ok
test layout::paint_tree::tests::test_layout_and_paint_with_options ... ok
test layout::paint_tree::tests::test_layout_with_nested_children ... ok
test layout::paint_tree::tests::test_layout_with_overflow_hidden ... ok
test layout::paint_tree::tests::test_layout_with_z_index ... ok
test layout::paint_tree::tests::test_node_spec_creation ... ok
test layout::paint_tree::tests::test_node_spec_with_children ... ok
test layout::paint_tree::tests::test_padding_creation ... ok
test layout::paint_tree::tests::test_padding_default ... ok
test layout::paint_tree::tests::test_paint_options_debug ... ok
test layout::paint_tree::tests::test_paint_options_default ... ok
test layout::renderer::tests::test_area_to_node_spec ... ok
test layout::renderer::tests::test_grid_to_node_spec ... ok
test layout::renderer::tests::test_layered_demo ... ok
test layout::renderer::tests::test_render_grid ... ok
test layout::style::tests::test_align_items_enum ... ok
test layout::style::tests::test_align_self_enum ... ok
test layout::style::tests::test_box_spacing_calculations ... ok
test layout::style::tests::test_box_spacing_edge_cases ... ok
test layout::style::tests::test_box_spacing_new ... ok
test layout::style::tests::test_box_spacing_symmetric ... ok
test layout::style::tests::test_box_spacing_uniform ... ok
test layout::style::tests::test_direction_enum ... ok
test layout::style::tests::test_grid_auto_flow_to_taffy ... ok
test layout::style::tests::test_justify_content_enum ... ok
test layout::style::tests::test_place_items_enum ... ok
test layout::style::tests::test_style_builder_chaining ... ok
test layout::style::tests::test_style_builder_default_values ... ok
test layout::style::tests::test_style_builder_direction ... ok
test layout::style::tests::test_style_builder_display ... ok
test layout::style::tests::test_style_builder_grid_auto_flow ... ok
test layout::style::tests::test_style_builder_grid_placement ... ok
test layout::style::tests::test_style_builder_grid_positioning ... ok
test layout::style::tests::test_style_builder_grid_setup ... ok
test layout::style::tests::test_style_builder_new ... ok
test layout::style::tests::test_style_builder_size_px ... ok
test layout::style::tests::test_text_decorations_creation ... ok
test layout::style::tests::test_text_decorations_default ... ok
test layout::style::tests::test_visual_style_creation ... ok
test layout::style::tests::test_visual_style_default ... ok
test layout::style::tests::test_visual_style_equality ... ok
test markdown::tests::test_basic_markdown_rendering ... ok
test markdown::tests::test_code_block_rendering ... ok
test markdown::tests::test_convenience_function ... ok
test markdown::tests::test_empty_markdown ... ok
test markdown::tests::test_gfm_extensions ... ok
test markdown::tests::test_list_rendering ... ok
test platform::capabilities::tests::test_capability_conversion ... ok
test platform::image::tests::api_image_platform_empty_clipping_and_unsupported_z_order_write_nothing ... ok
test platform::image::tests::api_image_platform_file_and_memory_decode_actual_pixels ... ok
test platform::image::tests::api_image_platform_iterm_uses_encoded_file_and_byte_count ... ok
test platform::image::tests::api_image_platform_kitty_crops_and_retains_placement_options ... ok
test platform::image::tests::api_image_platform_rejects_invalid_encoded_and_raw_data_without_output ... ok
test platform::image::tests::api_image_platform_scaling_and_pixel_offsets_use_real_raster_bounds ... ok
test platform::image::tests::api_image_platform_sixel_encoder_transmits_colors_and_decoded_sources ... ok
test platform::image::tests::api_image_platform_sixel_malformed_bodies_do_not_panic ... ok
test platform::image::tests::api_image_platform_sixel_offsets_preserve_transparent_pixels ... ok
test platform::image::tests::api_image_platform_sixel_quality_handles_more_than_256_colors ... ok
test platform::image::tests::api_image_platform_sixel_rejects_overflow_truncation_and_non_image_controls ... ok
test platform::image::tests::api_image_platform_webp_and_sixel_files_preserve_pixels ... ok
test platform::parser::tests::test_parse_alt_combinations ... ok
test platform::parser::tests::test_parse_ctrl_combinations ... ok
test platform::parser::tests::test_parse_empty_input ... ok
test platform::parser::tests::test_parse_mixed_input ... ok
test platform::parser::tests::test_parse_multiple_characters ... ok
test platform::parser::tests::test_parse_result ... ok
test platform::parser::tests::test_parse_single_character ... ok
test platform::parser::tests::test_parse_special_keys ... ok
test platform::parser::tests::test_parse_utf8_characters ... ok
test platform::parser::tests::test_parser_creation ... ok
test platform::parser::tests::test_parser_state_enum ... ok
test platform::r#loop::tests::test_async_utils_batch_collection ... ok
test platform::r#loop::tests::test_async_utils_timeout ... ok
test platform::r#loop::tests::test_event_queue_basic_operations ... ok
test platform::r#loop::tests::test_event_queue_capacity ... ok
test platform::r#loop::tests::test_threaded_event_loop_creation ... ok
test platform::r#loop::tests::test_tokio_event_loop_async_operations ... ok
test platform::r#loop::tests::test_tokio_event_loop_creation ... ok
test platform::tests::tty_tests::test_control_sequences ... ok
test platform::tests::tty_tests::test_escape_sequence_parser ... ok
test platform::tests::tty_tests::test_focus_events ... ok
test platform::tests::tty_tests::test_kitty_image_sequence ... ok
test platform::tests::tty_tests::test_modifiers_parsing ... ok
test platform::tests::tty_tests::test_osc_parsing ... ok
test platform::tests::tty_tests::test_parser_state_machine ... ok
test platform::tests::tty_tests::test_special_keys ... ok
test platform::tests::tty_tests::test_unix_tty_basic ... ok
test platform::unicode::tests::test_char_width ... ok
test platform::unicode::tests::test_grapheme_cache ... ok
test platform::unicode::tests::test_unicode_handler ... ok
test platform::unix::tests::test_tty_init ... ok
test platform::unix::tests::test_write_read ... ok
test reactive::component_scope::tests::nested_app_scopes_isolate_context_and_cleanup_retained_hooks ... ok
test reactive::effect::tests::test_effect_batch ... ok
test reactive::effect::tests::test_effect_cleanup ... ok
test reactive::effect::tests::test_effect_dependencies ... ok
test reactive::effect::tests::test_effect_runs ... ok
test reactive::hooks::tests::aborted_render_does_not_commit_effect_dependencies ... ok
test reactive::hooks::tests::final_hook_clone_drop_runs_cleanup_once ... ok
test reactive::hooks::tests::overlapping_frames_fail_without_poisoning_state ... ok
test reactive::hooks::tests::panicking_effect_does_not_leave_its_slot_running ... ok
test reactive::hooks::tests::repeated_frames_keep_a_bounded_slot_count ... ok
test reactive::hooks::tests::test_thread_safe_context ... ok
test reactive::hooks::tests::test_thread_safe_signal ... ok
test reactive::runtime::tests::test_global_runtime ... ok
test reactive::runtime::tests::test_runtime_basic ... ok
test reactive::runtime::tests::test_runtime_batch ... ok
test reactive::runtime::tests::test_runtime_context ... ok
test reactive::scheduler::tests::test_schedule_interval ... ok
test reactive::scheduler::tests::test_schedule_timeout ... ok
test reactive::scheduler::tests::test_schedule_update ... ok
test reactive::scheduler::tests::timer_can_cancel_itself_and_schedule_more_work ... ok
test reactive::signal::tests::test_memo_basic ... ok
test reactive::signal::tests::test_signal_basic ... ok
test reactive::signal::tests::test_signal_split ... ok
test reactive::signal::tests::test_signal_update ... ok
test reactive::wake::tests::notifications_racing_wait_registration_are_not_lost ... ok
test reactive::wake::tests::requests_coalesce_and_survive_entry_to_wait ... ok
test reactive::wake::tests::signal_subscriptions_are_scoped_weak_and_ignore_equal_values ... ok
test render::optimize::tests::test_dirty_region_manager ... ok
test render::optimize::tests::test_dirty_region_merge ... ok
test render::optimize::tests::test_incremental_renderer ... ok
test render::optimize::tests::test_render_cache ... ok
test render::reconcile::tests::test_apply_patches ... ok
test render::reconcile::tests::test_count_nodes ... ok
test render::reconcile::tests::test_diff_both_empty ... ok
test render::reconcile::tests::test_diff_children_addition ... ok
test render::reconcile::tests::test_diff_children_removal ... ok
test render::reconcile::tests::test_diff_different_trees ... ok
test render::reconcile::tests::test_diff_empty_to_non_empty ... ok
test render::reconcile::tests::test_diff_identical_trees ... ok
test render::reconcile::tests::test_diff_node_replacement ... ok
test render::reconcile::tests::test_diff_node_update ... ok
test render::reconcile::tests::test_diff_non_empty_to_empty ... ok
test render::reconcile::tests::test_diff_with_children ... ok
test render::reconcile::tests::test_reconciler_stats ... ok
test render::scheduler::tests::test_cancel_task ... ok
test render::scheduler::tests::test_frame_budget ... ok
test render::scheduler::tests::test_priority_ordering ... ok
test render::tree::tests::test_element_node ... ok
test render::tree::tests::test_find_node_by_key ... ok
test render::tree::tests::test_fragment_node ... ok
test render::tree::tests::test_node_key ... ok
test render::tree::tests::test_render_tree ... ok
test syntax::cache::tests::test_cache_basic ... ok
test syntax::cache::tests::test_cache_eviction ... ok
test syntax::cache::tests::test_cache_invalidation ... ok
test syntax::cache::tests::test_cache_stats ... ok
test syntax::highlighter::tests::test_extension_detection ... ok
test syntax::highlighter::tests::test_incremental_highlighting ... ok
test syntax::highlighter::tests::test_rust_highlighting ... ok
test syntax::resources::tests::test_default_resources ... ok
test syntax::resources::tests::test_find_syntax ... ok
test syntax::resources::tests::test_theme_management ... ok
test syntax::theme::tests::test_create_syntax_theme ... ok
test syntax::theme::tests::test_hex_to_rgba ... ok
test syntax::theme::tests::test_scope_to_css_variable ... ok
test syntax::theme::tests::test_themed_syntax_style ... ok
test terminal::ansi::tests::test_color_sequences ... ok
test terminal::ansi::tests::test_cursor_movement ... ok
test terminal::ansi::tests::test_cursor_position ... ok
test terminal::ansi::tests::test_hyperlink ... ok
test terminal::ansi::tests::test_title_sequence ... ok
test terminal::cell::tests::test_cell_clear ... ok
test terminal::cell::tests::test_cell_creation ... ok
test terminal::cell::tests::test_cell_wide_char ... ok
test terminal::cell::tests::test_cell_with_char ... ok
test terminal::cell::tests::test_char_width ... ok
test terminal::cell::tests::unicode_cell_widths_and_continuations ... ok
test terminal::cursor::tests::movement_saturates_and_non_wrapping_output_stays_on_screen ... ok
test terminal::cursor::tests::test_cursor_advance ... ok
test terminal::cursor::tests::test_cursor_creation ... ok
test terminal::cursor::tests::test_cursor_movement ... ok
test terminal::cursor::tests::test_cursor_save_restore ... ok
test terminal::keyboard::tests::modified_navigation_and_function_keys_keep_modifiers_in_csi ... ok
test terminal::parser::recovery_tests::csi_recovers_after_cancellation_and_preserves_empty_parameters ... ok
test terminal::parser::recovery_tests::dcs_emits_payload_and_resumes_text_after_terminator ... ok
test terminal::parser::recovery_tests::interrupted_utf8_does_not_poison_following_characters ... ok
test terminal::parser::recovery_tests::osc_ignores_controls_and_allows_escape_to_start_new_sequence ... ok
test terminal::parser::recovery_tests::oversized_osc_terminates_without_consuming_following_text ... ok
test terminal::parser::tests::test_parse_control_characters ... ok
test terminal::parser::tests::test_parse_csi_sequence ... ok
test terminal::parser::tests::test_parse_osc_sequence ... ok
test terminal::parser::tests::test_parse_simple_text ... ok
test terminal::parser::tests::test_parser_creation ... ok
test terminal::parser::tests::test_utf8_decoder_buffer_overflow_protection ... ok
test terminal::parser::tests::test_utf8_decoder_valid_sequence_recovery ... ok
test terminal::pty::tests::api_terminal_pty_backpressure_and_drop_reap_a_flooding_child ... ok
test terminal::pty::tests::api_terminal_pty_is_a_real_controlling_terminal ... ok
test terminal::pty::tests::test_pty_creation ... ok
test terminal::pty::tests::test_pty_resize ... ok
test terminal::screen::reflow::tests::blank_reflow_rows_remain_compact_before_viewport_selection ... ok
test terminal::screen::reflow_tests::a_full_width_hard_break_and_erased_wrap_boundary_do_not_join_rows ... ok
test terminal::screen::reflow_tests::alternate_screen_stays_fixed_while_its_saved_main_cursor_reflows ... ok
test terminal::screen::reflow_tests::conpty_resize_keeps_a_reflowed_historical_prefix_above_the_viewport ... ok
test terminal::screen::reflow_tests::history_reflow_preserves_main_saved_cursor_while_alternate_is_active ... ok
test terminal::screen::reflow_tests::narrowing_reflows_existing_scrollback_without_hiding_columns ... ok
test terminal::screen::reflow_tests::one_column_resize_never_leaves_half_a_wide_grapheme ... ok
test terminal::screen::reflow_tests::reflow_joins_soft_wraps_across_the_history_viewport_boundary ... ok
test terminal::screen::reflow_tests::reflow_keeps_the_cursor_line_visible_when_it_joins_a_historical_prefix ... ok
test terminal::screen::reflow_tests::reflow_preserves_styled_graphemes_and_omits_wide_wrap_padding ... ok
test terminal::screen::reflow_tests::reflowed_history_stays_bounded_and_height_growth_keeps_the_origin ... ok
test terminal::screen::reflow_tests::resizing_preserves_hard_breaks_and_pending_wrap_insertion ... ok
test terminal::screen::reflow_tests::saved_cursor_follows_its_text_after_reflow ... ok
test terminal::screen::reflow_tests::shrinking_keeps_the_cursor_visible_and_bounds_new_history ... ok
test terminal::screen::reflow_tests::wider_main_screen_reflows_the_native_command_banner_before_next_input ... ok
test terminal::screen::tests::cursor_shape_sequences_preserve_blink_and_ignore_unknown_values ... ok
test terminal::screen::tests::erase_from_cursor_clears_whole_wide_glyph_with_current_background ... ok
test terminal::screen::tests::erase_saved_lines_preserves_visible_screen ... ok
test terminal::screen::tests::erase_to_cursor_includes_cursor_and_preserves_later_cells ... ok
test terminal::screen::tests::escape_index_and_reverse_index_respect_scroll_margins ... ok
test terminal::screen::tests::osc_hyperlink_and_directory_keep_semicolons ... ok
test terminal::screen::tests::private_modes_preserve_main_screen_and_cursor ... ok
test terminal::screen::tests::reset_restores_screen_modes_and_cursor ... ok
test terminal::screen::tests::resize_preserves_configured_tab_stops ... ok
test terminal::screen::tests::retained_terminal_constructors_reject_zero_dimensions_at_boundary ... ok
test terminal::screen::tests::retained_terminal_fallible_constructors_bound_allocation_and_preserve_valid_sizes ... ok
test terminal::screen::tests::saved_cursor_is_clamped_after_resize ... ok
test terminal::screen::tests::scroll_region_and_origin_mode_keep_header_and_footer ... ok
test terminal::screen::tests::sgr_attributes_and_malformed_colors ... ok
test terminal::screen::tests::sgr_extended_colors_and_resets ... ok
test terminal::screen::tests::streamed_graphemes_occupy_whole_cells ... ok
test terminal::screen::tests::terminal_screen_character_edits_preserve_text_and_wide_boundaries ... ok
test terminal::screen::tests::terminal_screen_insert_mode_preserves_combining_clusters ... ok
test terminal::screen::tests::terminal_screen_line_edits_and_scroll_preserve_margins ... ok
test terminal::screen::tests::terminal_screen_tab_stops_addressing_and_pending_wrap ... ok
test terminal::screen::tests::wide_glyph_wraps_before_last_column ... ok
test terminal::screen::tests::wide_overwrite_clears_both_halves_and_old_links ... ok
test terminal::terminal_impl::tests::cursor_helper_clamps_extreme_coordinates ... ok
test terminal::terminal_impl::tests::named_keys_follow_application_cursor_mode_over_pty ... ok
test terminal::terminal_impl::tests::oversized_resize_preserves_pty_screen_and_revision ... ok
test terminal::terminal_impl::tests::repeated_resizes_apply_backpressure_until_output_events_are_polled ... ok
test terminal::terminal_impl::tests::resize_consumes_queued_output_at_old_height_and_preserves_events ... ok
test terminal::terminal_impl::tests::test_key_sequences ... ok
test terminal::terminal_impl::tests::test_terminal_creation ... ok
test terminal::terminal_impl::tests::test_terminal_invalid_resize ... ok
test terminal::terminal_impl::tests::test_terminal_resize ... ok
test terminal::terminal_impl::tests::title_helper_rejects_control_injection_without_changing_screen ... ok
test terminal::terminal_impl::tests::title_keeps_semicolons_and_unicode ... ok
test terminal::tests::test_scrolling_region ... ok
test terminal::tests::test_terminal_config_default ... ok
test terminal::tests::test_terminal_style ... ok
test theme::ansi::tests::test_hex_to_rgb ... ok
test theme::ansi::tests::test_rgb_to_ansi16 ... ok
test theme::ansi::tests::test_rgb_to_ansi256 ... ok
test theme::colors::tests::test_all_color_families ... ok
test theme::colors::tests::test_color_case_sensitivity ... ok
test theme::colors::tests::test_color_constants ... ok
test theme::colors::tests::test_color_progression ... ok
test theme::colors::tests::test_color_rgb_ranges ... ok
test theme::colors::tests::test_color_uniqueness ... ok
test theme::colors::tests::test_extreme_shades ... ok
test theme::colors::tests::test_get_color_function ... ok
test theme::colors::tests::test_get_color_invalid ... ok
test theme::colors::tests::test_standard_shades ... ok
test vdom::bridge::tests::element_with_class_converts ... ok
test vdom::bridge::tests::keys_are_preserved ... ok
test vdom::bridge::tests::roundtrip_to_nodespec_keeps_class_and_children ... ok
test vdom::bridge::tests::text_node_converts ... ok
test vdom::diff::tests::test_diff_element_attributes ... ok
test vdom::diff::tests::test_diff_identical_nodes ... ok
test vdom::diff::tests::test_diff_node_replacement ... ok
test vdom::diff::tests::test_diff_text_change ... ok
test vdom::diff::tests::test_diff_with_keys ... ok
test vdom::menu::tests::test_context_menu_creation ... ok
test vdom::menu::tests::test_menubar_creation ... ok
test vdom::menu::tests::test_popup_menu_creation ... ok
test vdom::node::tests::test_component_node ... ok
test vdom::node::tests::test_fragment_node ... ok
test vdom::node::tests::test_h_macro ... ok
test vdom::node::tests::test_vnode_creation ... ok
test vdom::node::tests::test_vnode_key ... ok
test vdom::patch::tests::test_patch_applier ... ok
test vdom::patch::tests::test_patch_list ... ok
test widgets::dialog::autocomplete::live::tests::suggestion_highlighting_preserves_expanded_case_and_graphemes ... ok
test widgets::dialog::autocomplete::live::tests::suggestions_require_a_value_and_preserve_metadata ... ok
test widgets::dialog::autocomplete::tests::native_editing_preserves_whole_graphemes ... ok
test widgets::dialog::autocomplete::tests::native_minimum_counts_displayed_characters ... ok
test widgets::dialog::autocomplete::tests::native_selection_without_callback_closes ... ok
test widgets::dialog::autocomplete::tests::native_submit_honors_selection_veto_once_without_mutation ... ok
test widgets::dialog::dialog_types::tests::test_dialog_builder_autocomplete ... ok
test widgets::dialog::dialog_types::tests::test_dialog_builder_confirm ... ok
test widgets::dialog::dialog_types::tests::test_dialog_builder_error ... ok
test widgets::dialog::dialog_types::tests::test_dialog_builder_info ... ok
test widgets::dialog::dialog_types::tests::test_dialog_builder_input ... ok
test widgets::dialog::dialog_types::tests::test_dialog_builder_ok_cancel ... ok
test widgets::dialog::dialog_types::tests::test_dialog_builder_password ... ok
test widgets::dialog::dialog_types::tests::test_dialog_builder_warning ... ok
test widgets::dialog::dialog_types::tests::test_dialog_utils_build_css_classes ... ok
test widgets::dialog::dialog_types::tests::test_dialog_utils_calculate_size ... ok
test widgets::dialog::dialog_types::tests::test_dialog_utils_generate_id ... ok
test widgets::dialog::dialog_types::tests::test_dialog_utils_parse_shortcut ... ok
test widgets::dialog::dialog_types::tests::test_dialog_utils_validate_config_empty_message ... ok
test widgets::dialog::dialog_types::tests::test_dialog_utils_validate_config_empty_title ... ok
test widgets::dialog::dialog_types::tests::test_dialog_utils_validate_config_message_too_long ... ok
test widgets::dialog::dialog_types::tests::test_dialog_utils_validate_config_title_too_long ... ok
test widgets::dialog::dialog_types::tests::test_dialog_utils_validate_config_valid ... ok
test widgets::dialog::http::tests::a_silent_endpoint_hits_the_owned_deadline ... ok
test widgets::dialog::http::tests::cancellation_joins_worker_and_closes_the_actual_connection ... ok
test widgets::dialog::http::tests::chunked_response_cannot_bypass_the_size_limit ... ok
test widgets::dialog::http::tests::missing_curl_is_an_explicit_error_in_an_isolated_process ... ok
test widgets::dialog::http::tests::request_preserves_json_escaping_and_custom_headers ... ok
test widgets::dialog::http::tests::tls_certificate_probe ... ignored, invoked with a trusted/untrusted HTTPS fixture by scripts/check-dialog-http.py
test widgets::dialog::http::tests::unsafe_configuration_and_oversized_requests_fail_before_spawn ... ok
test widgets::dialog::toast::live::tests::unmount_and_manual_close_cancel_toast_deadlines_with_retained_output ... ok
test widgets::dialog::wizard::tests::empty_wizard_rejects_navigation_and_completion_without_panicking ... ok
test widgets::dialog::wizard::tests::wizard_data_reaches_validator_and_completion_and_skip_is_optional ... ok
test widgets::dialog::wizard::tests::wizard_rejects_ambiguous_step_identifiers ... ok
test widgets::dialog::wizard::tests::wizard_validates_before_navigation_and_completion ... ok
test widgets::display::charts::live::motion::tests::reveal_interpolates_stops_restarts_and_releases_deadlines ... ok
test widgets::display::data_table::boundary_tests::page_ranges_remain_sliceable_after_data_shrinks_or_indices_overflow ... ok
test widgets::display::data_table::boundary_tests::virtual_ranges_include_partial_rows_and_handle_invalid_geometry ... ok
test widgets::display::file_explorer::live::worker::tests::worker_copies_directory_contents_rejects_cycles_and_preserves_failed_move ... ok
test widgets::display::file_explorer::live::worker::tests::worker_copies_directory_symlinks_without_traversing_their_targets ... ok
test widgets::display::file_explorer::live::worker::tests::worker_directory_copy_preserves_private_mode_bits ... ok
test widgets::display::file_explorer::live::worker::tests::worker_keeps_non_unicode_filename_identities ... ok
test widgets::display::file_explorer::live::worker::tests::worker_late_destination_collision_cleans_readonly_staging_without_changing_source ... ok
test widgets::display::file_explorer::live::worker::tests::worker_never_follows_an_external_symlink ... ok
test widgets::display::file_explorer::live::worker::tests::worker_never_overwrites_and_failed_copy_preserves_source_and_cleans_staging ... ok
test widgets::display::file_explorer::live::worker::tests::worker_preserves_the_filesystems_unicode_filename_identity ... ok
test widgets::display::file_explorer::live::worker::tests::worker_preview_bounds_bytes_and_handles_a_split_utf8_tail ... ok
test widgets::display::file_explorer::live::worker::tests::worker_rejects_parent_traversal_and_absolute_paths_outside_root ... ok
test widgets::display::file_explorer::live::worker::tests::worker_replaces_pending_reads_and_drop_joins_its_owner ... ok
test widgets::display::image::decoded::tests::api_image_decode_all_advertised_encoded_formats ... ok
test widgets::display::image::decoded::tests::api_image_decode_opaque_renderers_composite_alpha ... ok
test widgets::display::image::decoded::tests::api_image_decode_rejects_malformed_and_oversized_sources ... ok
test widgets::display::image::decoded::tests::api_image_decode_sources_preserve_pixels_and_encoded_dimensions ... ok
test widgets::display::image::external_renderer::tests::api_image_external_commands_bound_resources ... ok
test widgets::display::image::external_renderer::tests::api_image_external_raw_pixels_are_encoded_as_png ... ok
test widgets::display::image::external_renderer::tests::api_image_external_render_preserves_caller_file ... ok
test widgets::display::image::external_renderer::tests::api_image_temporary_files_are_independent_and_owned ... ok
test widgets::display::image::external_renderer::tests::api_image_viu_prepares_aspect_background_and_stretched_pixels ... ok
test widgets::display::image::external_renderer::tests::test_get_display_constraints_default ... ok
test widgets::display::image::external_renderer::tests::test_get_display_constraints_with_size ... ok
test widgets::display::image::external_renderer::tests::test_write_temp_file ... ok
test widgets::display::image::image_processor::tests::api_image_ascii_obeys_both_dimensions_and_uses_decoded_pixels ... ok
test widgets::display::image::image_processor::tests::api_image_grayscale_preserves_neutral_channels ... ok
test widgets::display::image::image_processor::tests::test_ascii_config_default ... ok
test widgets::display::image::image_processor::tests::test_floyd_steinberg_dithering ... ok
test widgets::display::image::image_processor::tests::test_rgb_to_grayscale_conversion ... ok
test widgets::display::image::live::animation::tests::api_image_gif_bounds_zero_delay_and_rejects_excess_tiny_frames ... ok
test widgets::display::image::live::animation::tests::api_image_gif_composites_disposal_and_obeys_finite_and_infinite_timing ... ok
test widgets::display::image::live::animation::tests::api_image_gif_rejects_cumulative_storage_before_allocating_frames_and_cancels ... ok
test widgets::display::image::live::cells::tests::api_image_external_cells_preserve_first_row_colors_and_ignore_host_commands ... ok
test widgets::display::image::live::worker::external_tests::api_image_external_auto_keeps_graphics_priority_and_falls_back_between_tools ... ok
test widgets::display::image::live::worker::external_tests::api_image_external_worker_reuses_decoded_source_and_cancels_owned_child ... ok
test widgets::display::image::live::worker::tests::api_image_gif_worker_stops_finite_playback_and_replaces_infinite_source ... ok
test widgets::display::image::live::worker::tests::api_image_worker_publishes_latest_source_and_releases_ownership ... ok
test widgets::display::image::live::worker::tests::api_image_worker_reports_current_errors_and_joins_pending_work ... ok
test widgets::display::image::protocol_renderer::tests::api_image_protocol_background_and_fast_resize_reach_encoded_pixels ... ok
test widgets::display::image::protocol_renderer::tests::api_image_protocol_iterm_encodes_an_image_file_with_byte_size ... ok
test widgets::display::image::protocol_renderer::tests::api_image_protocol_kitty_transmits_one_chunked_rgba_image ... ok
test widgets::display::image::protocol_renderer::tests::api_image_protocol_rejects_invalid_raw_extents ... ok
test widgets::display::image::protocol_renderer::tests::test_calculate_display_size_preserve_aspect ... ok
test widgets::display::image::protocol_renderer::tests::test_generate_image_id ... ok
test widgets::display::image::protocol_renderer::tests::test_process_raw_bytes_rgb_to_rgba ... ok
test widgets::display::image::sixel_renderer::tests::test_calculate_display_size_no_upscale ... ok
test widgets::display::image::sixel_renderer::tests::test_calculate_display_size_preserve_aspect ... ok
test widgets::display::image::sixel_renderer::tests::test_ensure_rgb888_validation ... ok
test widgets::display::image::tests::api_image_empty_bounds_emit_no_protocol_or_placeholder ... ok
test widgets::display::image::tests::api_image_unavailable_protocols_fall_back_to_decoded_image ... ok
test widgets::display::modal::live::tests::a_closed_owner_ignores_repeated_button_activation ... ok
test widgets::display::modal::live::tests::transition_reverses_from_current_progress_and_releases_deadline ... ok
test widgets::display::modal::live::tests::unmount_cancels_transition_while_rendered_output_is_retained ... ok
test widgets::display::modal::tests::test_builder_methods ... ok
test widgets::display::modal::tests::test_button_constructors ... ok
test widgets::display::modal::tests::test_button_handling ... ok
test widgets::display::modal::tests::test_component_update ... ok
test widgets::display::modal::tests::test_dimension_calculation ... ok
test widgets::display::modal::tests::test_modal_creation ... ok
test widgets::display::modal::tests::test_modal_visibility ... ok
test widgets::display::modal::tests::test_position_calculation ... ok
test widgets::display::popover::live::tests::animation_reverses_from_current_value_and_releases_its_deadline ... ok
test widgets::display::popover::live::tests::hover_leave_cancels_pending_open_and_reentry_cancels_pending_close ... ok
test widgets::display::popover::live::tests::mounted_child_cancels_deadlines_while_public_handle_remains_alive ... ok
test widgets::display::popover::live::tests::replacing_manual_owner_cancels_old_work_and_unmount_cancels_the_new_owner ... ok
test widgets::display::popover::tests::callback_replacement_changes_props_identity ... ok
test widgets::display::popover::tests::escape_disabled_and_release_do_not_close ... ok
test widgets::display::popover::tests::rendered_handle_retains_manual_visibility_until_app_expansion ... ok
test widgets::display::popover::tests::test_animation_easing ... ok
test widgets::display::popover::tests::test_arrow_styles ... ok
test widgets::display::popover::tests::test_boundary_adjustment_flip ... ok
test widgets::display::popover::tests::test_boundary_adjustment_shift ... ok
test widgets::display::popover::tests::test_component_update ... ok
test widgets::display::popover::tests::test_comprehensive_builder_pattern ... ok
test widgets::display::popover::tests::test_keyboard_navigation ... ok
test widgets::display::popover::tests::test_manual_visibility_control ... ok
test widgets::display::popover::tests::test_popover_builder ... ok
test widgets::display::popover::tests::test_popover_creation ... ok
test widgets::display::popover::tests::test_popover_position_calculation ... ok
test widgets::display::popover::tests::test_position_opposite ... ok
test widgets::display::popover::tests::test_size_constraints ... ok
test widgets::display::popover::tests::test_trigger_rect_setting ... ok
test widgets::display::progress_bar::live::motion::tests::progress_clocks_interpolate_reverse_stop_and_release_owned_deadlines ... ok
test widgets::display::progress_bar::tests::test_animation_update ... ok
test widgets::display::progress_bar::tests::test_bar_creation ... ok
test widgets::display::progress_bar::tests::test_builder_methods ... ok
test widgets::display::progress_bar::tests::test_completion_detection ... ok
test widgets::display::progress_bar::tests::test_component_update ... ok
test widgets::display::progress_bar::tests::test_event_handling ... ok
test widgets::display::progress_bar::tests::test_indeterminate_bar ... ok
test widgets::display::progress_bar::tests::test_percentage_calculation ... ok
test widgets::display::progress_bar::tests::test_progress_bar_creation ... ok
test widgets::display::progress_bar::tests::test_segmented_bar ... ok
test widgets::display::progress_bar::tests::test_text_formatting ... ok
test widgets::display::table::live::tests::large_table_navigation_retains_full_row_offset ... ok
test widgets::display::table::tests::sorted_navigation_skips_disabled_rows_and_reports_source_indices_once ... ok
test widgets::display::table::tests::test_column_width_calculation ... ok
test widgets::display::table::tests::test_component_update ... ok
test widgets::display::table::tests::test_event_handling ... ok
test widgets::display::table::tests::test_keyboard_navigation ... ok
test widgets::display::table::tests::test_row_selection ... ok
test widgets::display::table::tests::test_scrolling ... ok
test widgets::display::table::tests::test_sorting ... ok
test widgets::display::table::tests::test_table_builder ... ok
test widgets::display::table::tests::test_table_creation ... ok
test widgets::display::tree::tests::test_checkbox_functionality ... ok
test widgets::display::tree::tests::test_component_update ... ok
test widgets::display::tree::tests::test_event_handling ... ok
test widgets::display::tree::tests::test_keyboard_navigation ... ok
test widgets::display::tree::tests::test_node_expansion ... ok
test widgets::display::tree::tests::test_node_finding ... ok
test widgets::display::tree::tests::test_node_selection ... ok
test widgets::display::tree::tests::test_scrolling ... ok
test widgets::display::tree::tests::test_search_functionality ... ok
test widgets::display::tree::tests::test_tree_builder ... ok
test widgets::display::tree::tests::test_tree_creation ... ok
test widgets::display::tree::tests::test_tree_flattening ... ok
test widgets::input::checkbox::tests::test_checkbox_disabled ... ok
test widgets::input::checkbox::tests::test_checkbox_indeterminate ... ok
test widgets::input::checkbox::tests::test_checkbox_mouse_click ... ok
test widgets::input::checkbox::tests::test_checkbox_toggle ... ok
test widgets::input::named_radio::tests::unmount_releases_membership_before_the_instance_is_dropped ... ok
test widgets::input::radio_button::tests::test_radio_navigation ... ok
test widgets::input::radio_button::tests::test_radio_selection ... ok
test widgets::input::select::tests::search_expires_without_a_timer_and_bounds_retained_input ... ok
test widgets::input::slider::tests::test_slider_disabled ... ok
test widgets::input::slider::tests::test_slider_keyboard_control ... ok
test widgets::input::slider::tests::test_slider_value_clamping ... ok
test widgets::input::text_input::tests::test_text_input_basic ... ok
test widgets::input::text_input::tests::test_text_input_masking ... ok
test widgets::input::text_input::tests::test_text_input_max_length ... ok
test widgets::input::text_input::tests::test_text_input_selection ... ok
test widgets::input::text_input::tests::test_text_input_validation ... ok
test widgets::layout::accordion::live::motion::tests::spring_progress_stagger_reversal_and_cleanup_are_bounded ... ok
test widgets::layout::scroll_view::motion::tests::animation_is_bounded_and_cancellation_releases_deadlines ... ok
test widgets::layout::tabs::tests::authored_updates_preserve_keyed_choice_and_replace_content ... ok
test widgets::layout::tabs::tests::test_tabs_basic_functionality ... ok
test widgets::layout::tabs::tests::test_tabs_closable ... ok
test widgets::layout::tabs::tests::test_tabs_disabled_navigation ... ok
test widgets::layout::tabs::tests::test_tabs_keyboard_activation_modes ... ok
test widgets::layout::tabs::tests::test_tabs_quick_access ... ok
test widgets::layout::tabs::tests::test_tabs_with_badges ... ok
test widgets::menu::context_live::tests::long_press_timer_is_owned_by_each_context_menu ... ok
test widgets::menu::context_live::tests::release_movement_prop_change_and_unmount_cancel_ready_long_press ... ok
test widgets::menu::dialog::input_tests::externally_supplied_cursor_is_clamped_to_a_grapheme_boundary ... ok
test widgets::menu::dialog::input_tests::input_edits_and_moves_by_grapheme_with_byte_cursor_positions ... ok
test widgets::menu::invocation::tests::concurrent_scopes_are_isolated ... ok
test widgets::menu::invocation::tests::scope_restores_after_panics_and_consumes_only_once ... ok
test widgets::menu::item::invocation_tests::checkbox_execution_uses_current_item_value ... ok
test widgets::menu::item::invocation_tests::cloned_actions_use_each_callers_current_state ... ok
test widgets::menu::item::invocation_tests::nested_and_direct_callbacks_do_not_inherit_an_item_value ... ok
test widgets::menu::item::invocation_tests::replacement_action_is_a_prop_change ... ok
test widgets::menu::state::tests::public_long_press_movement_uses_unsigned_coordinate_distance ... ok
test widgets::menu::state::tests::public_menu_rectangles_do_not_overflow_at_terminal_coordinate_limits ... ok
test widgets::menu::state::tests::public_menu_states_bound_oversized_selection_and_zero_windows ... ok
test widgets::menu::style::tests::test_apply_styles ... ok
test widgets::menu::style::tests::test_menu_style_builder ... ok
test widgets::menu::style::tests::test_menu_style_default ... ok
test widgets::menu::style::tests::test_menu_theme_to_style ... ok
test widgets::terminal::blink::tests::cursor_blink_follows_activity_and_releases_deadlines ... ok
test widgets::terminal::paint::tests::invalid_terminal_widget_size_is_reported_until_resize ... ok
test widgets::terminal::paint::tests::readable_terminal_screen_preserves_graphemes_masks_hidden_cells_and_tracks_scroll ... ok
test widgets::terminal::paint::tests::terminal_cursor_deadline_tracks_clipping_focus_and_stop ... ok
test widgets::terminal::tests::scrollbar_drag_ends_on_leave_blur_stop_and_hidden_track ... ok
test widgets::terminal::tests::test_key_event_to_bytes_arrow_keys ... ok
test widgets::terminal::tests::test_key_event_to_bytes_characters ... ok
test widgets::terminal::tests::test_key_event_to_bytes_ctrl_combinations ... ok
test widgets::terminal::tests::test_key_event_to_bytes_function_keys ... ok
test widgets::terminal::tests::test_key_event_to_bytes_navigation_keys ... ok
test widgets::terminal::tests::test_key_event_to_bytes_special_keys ... ok
test widgets::terminal::tests::test_key_event_to_bytes_unsupported_keys ... ok
test widgets::terminal::tests::test_terminal_config_integration ... ok
test widgets::terminal::tests::test_terminal_props_creation ... ok
test widgets::terminal::tests::test_terminal_props_default ... ok
test widgets::terminal::tests::test_terminal_state_default ... ok
test widgets::terminal::tests::test_terminal_widget_creation ... ok
test widgets::terminal::tests::test_terminal_widget_focus ... ok
test widgets::terminal::tests::test_terminal_widget_resize ... ok
test widgets::terminal::tests::test_terminal_widget_running_state ... ok
test widgets::terminal::tests::test_terminal_widget_scroll ... ok
test widgets::terminal::tests::test_terminal_widget_send_input ... ok
test widgets::terminal::tests::test_terminal_widget_send_string ... ok
test widgets::terminal::tests::test_terminal_widget_with_custom_props ... ok

test result: ok. 970 passed; 0 failed; 2 ignored; 0 measured; 0 filtered out; finished in 10.76s

