A11Y # GNOME Terminal 3.58.0 using VTE 0.84.0 +BIDI +GNUTLS +ICU +SYSTEMD
A11Y Orca version 50.1.2, AT-SPI2 version: 2.60.0, Session: x11 gnome
A11Y isolated X11/Xvfb viewport 60x16
A11Y round 1: labels, roles, focus, disabled actions, expansion, nested input and removal passed
A11Y breadcrumb: labels, link roles, current page announcement, inert actions, assistive and keyboard focus, activation and removal passed
A11Y CSS: reference labels, description, role, focus, pressed update, live announcement and hidden state passed
A11Y checkbox: role, distinct label, mixed/checked/unchecked speech, focus, assistive/keyboard toggles and disabled actions passed
A11Y slider: label, role, focus, numeric bounds, keyboard step and changed value speech passed
A11Y radio: group/option roles, labels, focus, disabled skipping, exclusive keyboard and assistive selection passed
A11Y named radios: roles, labels, focus and exclusive group selection passed
A11Y select: combo/list/option roles, labels, expansion, focus, disabled skipping, single/multiple assistive and keyboard selection with selection speech passed
A11Y menu family 1: roles, disabled actions, assistive/keyboard focus, nested activation and removal passed
A11Y menu family 2: roles, disabled actions, assistive/keyboard focus, nested activation and removal passed
A11Y menu family 3: roles, disabled actions, assistive/keyboard focus, nested activation and removal passed
A11Y menu family 4: roles, disabled actions, assistive/keyboard focus, nested activation and removal passed
A11Y round 2: simultaneous and successive App isolation, action delivery, exactly-once callbacks and adapter cleanup passed
A11Y 20:31:53.159300 - SPEECH OUTPUT: 'Account preferences accessible label' {'established': False, 'family': {'name': '', 'gender': None, 'lang': 'C', 'dialect': '', 'variant': None}}
A11Y 20:31:53.159329 - SPEECH OUTPUT: 'collapsed button.' {'established': False}
A11Y 20:31:53.318902 - SPEECH OUTPUT: 'Account preferences accessible label' {'established': False, 'family': {'name': '', 'gender': None, 'lang': 'C', 'dialect': '', 'variant': None}}
A11Y 20:31:53.377021 - SPEECH OUTPUT: 'expanded' {'established': False}
A11Y 20:31:53.441011 - SPEECH OUTPUT: 'Nested account entry' {'established': False, 'family': {'name': '', 'gender': None, 'lang': 'C', 'dialect': '', 'variant': None}}
A11Y 20:31:53.503435 - SPEECH OUTPUT: 'Privacy preferences accessible label' {'established': False, 'family': {'name': '', 'gender': None, 'lang': 'C', 'dialect': '', 'variant': None}}
A11Y 20:31:53.503498 - SPEECH OUTPUT: 'collapsed button.' {'established': False}
A11Y 20:31:53.555888 - SPEECH OUTPUT: 'expanded' {'established': False}
A11Y 20:31:53.634686 - SPEECH OUTPUT: 'Account preferences accessible label' {'established': False, 'family': {'name': '', 'gender': None, 'lang': 'C', 'dialect': '', 'variant': None}}
A11Y 20:31:53.634734 - SPEECH OUTPUT: 'collapsed button.' {'established': False}
A11Y 20:31:53.726478 - SPEECH OUTPUT: 'Breadcrumb docs accessible label' {'established': False, 'family': {'name': '', 'gender': None, 'lang': 'C', 'dialect': '', 'variant': None}}
A11Y 20:31:53.785142 - SPEECH OUTPUT: 'Breadcrumb home accessible label' {'established': False, 'family': {'name': '', 'gender': None, 'lang': 'C', 'dialect': '', 'variant': None}}
A11Y 20:31:53.879382 - SPEECH OUTPUT: 'Breadcrumb docs accessible label' {'established': False, 'family': {'name': '', 'gender': None, 'lang': 'C', 'dialect': '', 'variant': None}}
A11Y 20:31:53.952365 - SPEECH OUTPUT: 'Breadcrumb current accessible label' {'established': False, 'family': {'name': '', 'gender': None, 'lang': 'C', 'dialect': '', 'variant': None}}
A11Y 20:31:53.952409 - SPEECH OUTPUT: 'static (Current page)' {'established': False}
A11Y 20:31:54.101835 - SPEECH OUTPUT: 'Independent App action' {'established': False, 'family': {'name': '', 'gender': None, 'lang': 'C', 'dialect': '', 'variant': None}}
A11Y 20:31:54.293864 - SPEECH OUTPUT: 'Background calls 1' {'established': False}
A11Y 20:31:54.305211 - SPEECH OUTPUT: 'pressed' {'established': False}
A11Y 20:31:54.377175 - SPEECH OUTPUT: 'Notification preference' {'established': False, 'family': {'name': '', 'gender': None, 'lang': 'C', 'dialect': '', 'variant': None}}
A11Y 20:31:54.377223 - SPEECH OUTPUT: 'check box partially checked.' {'established': False}
A11Y 20:31:54.435975 - SPEECH OUTPUT: 'checked' {'established': False}
A11Y 20:31:54.492068 - SPEECH OUTPUT: 'not checked' {'established': False}
A11Y 20:31:54.542680 - SPEECH OUTPUT: 'Playback volume' {'established': False, 'family': {'name': '', 'gender': None, 'lang': 'C', 'dialect': '', 'variant': None}}
A11Y 20:31:54.721661 - SPEECH OUTPUT: 'Standard delivery' {'established': False, 'family': {'name': '', 'gender': None, 'lang': 'C', 'dialect': '', 'variant': None}}
A11Y 20:31:54.721686 - SPEECH OUTPUT: 'selected radio button.' {'established': False}
A11Y 20:31:54.799412 - SPEECH OUTPUT: 'Express delivery' {'established': False, 'family': {'name': '', 'gender': None, 'lang': 'C', 'dialect': '', 'variant': None}}
A11Y 20:31:54.799435 - SPEECH OUTPUT: 'not selected radio button.' {'established': False}
A11Y 20:31:54.852389 - SPEECH OUTPUT: 'selected' {'established': False}
A11Y 20:31:54.903417 - SPEECH OUTPUT: 'Standard delivery' {'established': False, 'family': {'name': '', 'gender': None, 'lang': 'C', 'dialect': '', 'variant': None}}
A11Y 20:31:54.903439 - SPEECH OUTPUT: 'selected radio button.' {'established': False}
A11Y 20:31:54.978287 - SPEECH OUTPUT: 'Named beta' {'established': False, 'family': {'name': '', 'gender': None, 'lang': 'C', 'dialect': '', 'variant': None}}
A11Y 20:31:54.978328 - SPEECH OUTPUT: 'not selected radio button.' {'established': False}
A11Y 20:31:55.797805 - SPEECH OUTPUT: 'selected' {'established': False}
A11Y 20:31:55.979374 - SPEECH OUTPUT: 'Menu file' {'established': False, 'family': {'name': '', 'gender': None, 'lang': 'C', 'dialect': '', 'variant': None}}
A11Y 20:31:56.077745 - SPEECH OUTPUT: 'Enable notifications' {'established': False, 'family': {'name': '', 'gender': None, 'lang': 'C', 'dialect': '', 'variant': None}}
A11Y 20:31:56.077772 - SPEECH OUTPUT: 'check menu item not checked.' {'established': False}
A11Y 20:31:56.265732 - SPEECH OUTPUT: 'Enable notifications' {'established': False, 'family': {'name': '', 'gender': None, 'lang': 'C', 'dialect': '', 'variant': None}}
A11Y 20:31:56.265760 - SPEECH OUTPUT: 'check menu item checked.' {'established': False}
A11Y 20:31:56.332717 - SPEECH OUTPUT: 'Recent menu' {'established': False, 'family': {'name': '', 'gender': None, 'lang': 'C', 'dialect': '', 'variant': None}}
A11Y 20:31:56.451688 - SPEECH OUTPUT: 'Recent document.' {'established': False, 'family': {'name': '', 'gender': None, 'lang': 'C', 'dialect': '', 'variant': None}}
A11Y 20:31:56.613607 - SPEECH OUTPUT: 'Enable notifications' {'established': False, 'family': {'name': '', 'gender': None, 'lang': 'C', 'dialect': '', 'variant': None}}
A11Y 20:31:56.613638 - SPEECH OUTPUT: 'check menu item not checked.' {'established': False}
A11Y 20:31:56.794125 - SPEECH OUTPUT: 'checked' {'established': False}
A11Y 20:31:56.914359 - SPEECH OUTPUT: 'Recent menu' {'established': False, 'family': {'name': '', 'gender': None, 'lang': 'C', 'dialect': '', 'variant': None}}
A11Y 20:31:57.027831 - SPEECH OUTPUT: 'Recent document.' {'established': False, 'family': {'name': '', 'gender': None, 'lang': 'C', 'dialect': '', 'variant': None}}
A11Y 20:31:57.069600 - SPEECH OUTPUT: 'expanded' {'established': False}
A11Y 20:31:57.254906 - SPEECH OUTPUT: 'Enable notifications' {'established': False, 'family': {'name': '', 'gender': None, 'lang': 'C', 'dialect': '', 'variant': None}}
A11Y 20:31:57.254932 - SPEECH OUTPUT: 'check menu item not checked.' {'established': False}
A11Y 20:31:57.360994 - SPEECH OUTPUT: 'Recent menu' {'established': False, 'family': {'name': '', 'gender': None, 'lang': 'C', 'dialect': '', 'variant': None}}
A11Y 20:31:57.459129 - SPEECH OUTPUT: 'Recent document.' {'established': False, 'family': {'name': '', 'gender': None, 'lang': 'C', 'dialect': '', 'variant': None}}
A11Y 20:31:57.600802 - SPEECH OUTPUT: 'Enable notifications' {'established': False, 'family': {'name': '', 'gender': None, 'lang': 'C', 'dialect': '', 'variant': None}}
A11Y 20:31:57.600831 - SPEECH OUTPUT: 'check menu item not checked.' {'established': False}
A11Y 20:31:57.666121 - SPEECH OUTPUT: 'Recent menu' {'established': False, 'family': {'name': '', 'gender': None, 'lang': 'C', 'dialect': '', 'variant': None}}
A11Y 20:31:57.722383 - SPEECH OUTPUT: 'Enable notifications' {'established': False, 'family': {'name': '', 'gender': None, 'lang': 'C', 'dialect': '', 'variant': None}}
A11Y 20:31:57.722424 - SPEECH OUTPUT: 'check menu item checked.' {'established': False}
A11Y 20:31:57.794712 - SPEECH OUTPUT: 'Recent menu' {'established': False, 'family': {'name': '', 'gender': None, 'lang': 'C', 'dialect': '', 'variant': None}}
A11Y 20:31:57.879471 - SPEECH OUTPUT: 'Recent document' {'established': False, 'family': {'name': '', 'gender': None, 'lang': 'C', 'dialect': '', 'variant': None}}
A11Y 20:31:57.879497 - SPEECH OUTPUT: 'check menu item not checked.' {'established': False}
A11Y 20:31:58.015257 - SPEECH OUTPUT: 'Background calls 1' {'established': False}
A11Y 20:31:58.038463 - SPEECH OUTPUT: 'Background calls 1' {'established': False}
A11Y 20:31:58.154888 - SPEECH OUTPUT: 'Account preferences accessible label' {'established': False, 'family': {'name': '', 'gender': None, 'lang': 'C', 'dialect': '', 'variant': None}}
A11Y 20:31:58.154938 - SPEECH OUTPUT: 'collapsed button.' {'established': False}
A11Y 20:31:58.240560 - SPEECH OUTPUT: 'expanded' {'established': False}
Orca diagnostic logs: /home/shawn/workspace2/reactive-tui/target/api011-check-tmp/rtui-orca-_op0teip
