warning: method `serial` is never used
  --> src/event/router.rs:84:19
   |
83 | impl NodeId {
   | ----------- method in this implementation
84 |     pub(crate) fn serial(self) -> usize {
   |                   ^^^^^^
   |
   = note: `#[warn(dead_code)]` (part of `#[warn(unused)]`) on by default

warning: `reactive-tui` (lib test) generated 1 warning
    Finished `test` profile [unoptimized + debuginfo] target(s) in 0.13s
     Running unittests src/lib.rs (target/debug/deps/reactive_tui-ba54f0cf170e0cff)

running 8 tests
test widgets::display::file_explorer::live::worker::tests::worker_copies_directory_contents_rejects_cycles_and_preserves_failed_move ... ok
test widgets::display::file_explorer::live::worker::tests::worker_directory_copy_preserves_private_mode_bits ... ok
test widgets::display::file_explorer::live::worker::tests::worker_keeps_non_utf8_identities_and_never_follows_an_external_symlink ... FAILED
test widgets::display::file_explorer::live::worker::tests::worker_late_destination_collision_cleans_readonly_staging_without_changing_source ... ok
test widgets::display::file_explorer::live::worker::tests::worker_never_overwrites_and_failed_copy_preserves_source_and_cleans_staging ... ok
test widgets::display::file_explorer::live::worker::tests::worker_preview_bounds_bytes_and_handles_a_split_utf8_tail ... ok
test widgets::display::file_explorer::live::worker::tests::worker_rejects_parent_traversal_and_absolute_paths_outside_root ... ok
test widgets::display::file_explorer::live::worker::tests::worker_replaces_pending_reads_and_drop_joins_its_owner ... ok

failures:

---- widgets::display::file_explorer::live::worker::tests::worker_keeps_non_utf8_identities_and_never_follows_an_external_symlink stdout ----

thread 'widgets::display::file_explorer::live::worker::tests::worker_keeps_non_utf8_identities_and_never_follows_an_external_symlink' (42287) panicked at src/widgets/display/file_explorer/worker/tests.rs:175:50:
called `Result::unwrap()` on an `Err` value: Os { code: 92, kind: Uncategorized, message: "Illegal byte sequence" }
note: run with `RUST_BACKTRACE=1` environment variable to display a backtrace


failures:
    widgets::display::file_explorer::live::worker::tests::worker_keeps_non_utf8_identities_and_never_follows_an_external_symlink

test result: FAILED. 7 passed; 1 failed; 0 ignored; 0 measured; 918 filtered out; finished in 0.04s

error: test failed, to rerun pass `--lib`
