   Compiling reactive-tui v0.0.7 (/home/shawn/workspace2/reactive-tui)
    Finished `test` profile [unoptimized + debuginfo] target(s) in 20.02s
     Running unittests src/lib.rs (target/debug/deps/reactive_tui-8db3a30746e1a23f)

running 38 tests
test builder::test_specialized::tests::test_image_builder ... ok
test core::surface::tests::test_cell_image_placement ... ok
test core::surface::tests::test_clear_all_image_placements ... ok
test core::surface::tests::test_image_region_placement ... ok
test core::surface::tests::test_image_registry_basic_operations ... ok
test core::surface::tests::test_surface_copy_preserves_images ... ok
test core::surface::tests::test_surface_image_operations ... ok
test core::terminal::tests::test_image_capabilities_detection ... ok
test platform::tests::tty_tests::test_kitty_image_sequence ... ok
test widgets::display::image::decoded::tests::api_image_decode_all_advertised_encoded_formats ... ok
test widgets::display::image::decoded::tests::api_image_decode_opaque_renderers_composite_alpha ... ok
test widgets::display::image::decoded::tests::api_image_decode_rejects_malformed_and_oversized_sources ... ok
test widgets::display::image::decoded::tests::api_image_decode_sources_preserve_pixels_and_encoded_dimensions ... ok
test widgets::display::image::external_renderer::tests::api_image_external_commands_bound_resources ... ok
test widgets::display::image::external_renderer::tests::api_image_external_raw_pixels_are_encoded_as_png ... ok
test widgets::display::image::external_renderer::tests::api_image_external_render_preserves_caller_file ... ok
test widgets::display::image::external_renderer::tests::api_image_temporary_files_are_independent_and_owned ... ok
test widgets::display::image::external_renderer::tests::test_get_display_constraints_default ... ok
test widgets::display::image::external_renderer::tests::test_get_display_constraints_with_size ... ok
test widgets::display::image::external_renderer::tests::test_write_temp_file ... ok
test widgets::display::image::image_processor::tests::api_image_ascii_obeys_both_dimensions_and_uses_decoded_pixels ... ok
test widgets::display::image::image_processor::tests::api_image_grayscale_preserves_neutral_channels ... ok
test widgets::display::image::image_processor::tests::test_ascii_config_default ... ok
test widgets::display::image::image_processor::tests::test_floyd_steinberg_dithering ... ok
test widgets::display::image::image_processor::tests::test_rgb_to_grayscale_conversion ... ok
test widgets::display::image::live::worker::tests::api_image_worker_publishes_latest_source_and_releases_ownership ... ok
test widgets::display::image::live::worker::tests::api_image_worker_reports_current_errors_and_joins_pending_work ... ok
test widgets::display::image::protocol_renderer::tests::api_image_protocol_iterm_encodes_an_image_file_with_byte_size ... ok
test widgets::display::image::protocol_renderer::tests::api_image_protocol_kitty_transmits_one_chunked_rgba_image ... ok
test widgets::display::image::protocol_renderer::tests::api_image_protocol_rejects_invalid_raw_extents ... ok
test widgets::display::image::protocol_renderer::tests::test_calculate_display_size_preserve_aspect ... ok
test widgets::display::image::protocol_renderer::tests::test_generate_image_id ... ok
test widgets::display::image::protocol_renderer::tests::test_process_raw_bytes_rgb_to_rgba ... ok
test widgets::display::image::sixel_renderer::tests::test_calculate_display_size_no_upscale ... ok
test widgets::display::image::sixel_renderer::tests::test_calculate_display_size_preserve_aspect ... ok
test widgets::display::image::sixel_renderer::tests::test_ensure_rgb888_validation ... ok
test widgets::display::image::tests::api_image_empty_bounds_emit_no_protocol_or_placeholder ... ok
test widgets::display::image::tests::api_image_unavailable_protocols_fall_back_to_decoded_image ... ok

test result: ok. 38 passed; 0 failed; 0 ignored; 0 measured; 828 filtered out; finished in 5.12s

     Running tests/api_widget_behavior.rs (target/debug/deps/api_widget_behavior-591f6bff9f7c0602)

running 7 tests
test image_acceptance::image_builder_clips_to_its_parent_and_keeps_other_images_independent ... FAILED
test image_acceptance::image_builder_loads_encoded_file_contents ... ok
test image_acceptance::image_builder_paints_decoded_pixels_with_authored_bounds ... ok
test image_acceptance::image_builder_reports_invalid_sources_and_empty_state ... ok
test image_acceptance::image_builder_resizes_to_its_presented_content_area ... ok
test image_acceptance::image_builder_retains_base64_data_url_and_format_hint ... ok
test image_acceptance::image_builder_updates_a_keyed_source_and_clears_on_removal ... FAILED

failures:

---- image_acceptance::image_builder_clips_to_its_parent_and_keeps_other_images_independent stdout ----

thread 'image_acceptance::image_builder_clips_to_its_parent_and_keeps_other_images_independent' (1388039) panicked at tests/support/app_input.rs:101:13:
App painted 2 frames but input needs Some((1, ["@@@@----"])) before the deadline. Last frame:
@@@@====                
@@@@====                
                        
                        
                        
                        
                        
                        
note: run with `RUST_BACKTRACE=1` environment variable to display a backtrace

---- image_acceptance::image_builder_updates_a_keyed_source_and_clears_on_removal stdout ----

thread 'image_acceptance::image_builder_updates_a_keyed_source_and_clears_on_removal' (1388901) panicked at tests/support/app_input.rs:101:13:
App painted 4 frames but input needs Some((1, ["----"])) before the deadline. Last frame:
====                    
====                    
                        
                        
                        
                        
                        
                        


failures:
    image_acceptance::image_builder_clips_to_its_parent_and_keeps_other_images_independent
    image_acceptance::image_builder_updates_a_keyed_source_and_clears_on_removal

test result: FAILED. 5 passed; 2 failed; 0 ignored; 0 measured; 328 filtered out; finished in 6.49s

error: test failed, to rerun pass `--test api_widget_behavior`
