   Compiling reactive-tui v0.0.7 (/home/shawn/workspace2/reactive-tui)
    Finished `test` profile [unoptimized + debuginfo] target(s) in 20.36s
     Running tests/api_widget_behavior.rs (target/debug/deps/api_widget_behavior-66ec4a102f587287)

running 51 tests
test menu_acceptance::context_menu_builder_delivers_one_open_action_selection_and_close ... ok
test menu_acceptance::context_menu_builder_trigger_areas_and_clicks_use_screen_coordinates ... ok
test menu_acceptance::context_menu_long_press_cancels_after_pointer_leaves_its_owner ... ok
test menu_acceptance::context_menu_long_press_opens_without_another_mouse_event ... ok
test menu_acceptance::context_menu_right_click_paints_actual_items_through_app ... ok
test menu_acceptance::dialog_menu_confirmation_defaults_and_escape_cancellation_are_distinct ... ok
test menu_acceptance::dialog_menu_hover_selects_the_painted_item_without_activating_it ... ok
test menu_acceptance::dialog_menu_input_edits_unicode_and_submits_current_text ... ok
test menu_acceptance::dialog_menu_input_pastes_scrolls_and_deletes_whole_graphemes ... ok
test menu_acceptance::dialog_menu_multi_selection_seed_excludes_unselectable_entries ... ok
test menu_acceptance::dialog_menu_multi_selection_toggles_and_confirms_ids ... ok
test menu_acceptance::dialog_menu_nested_multi_selection_paints_and_survives_prop_updates ... ok
test menu_acceptance::dialog_menu_paints_actual_items_through_app ... ok
test menu_acceptance::dialog_menu_selection_reports_action_selection_and_hide_once ... ok
test menu_acceptance::dialog_menu_styles_reach_selected_and_disabled_rows_at_both_sizes ... ok
test menu_acceptance::disabled_and_empty_menus_ignore_activation_through_app ... ok
test menu_acceptance::menu_bar_builder_keeps_all_callbacks ... ok
test menu_acceptance::menu_bar_checkbox_keeps_state_between_openings ... ok
test menu_acceptance::menu_bar_direction_keys_do_not_invoke_leaf_actions ... ok
test menu_acceptance::menu_bar_disabled_and_empty_states_are_inert ... ok
test menu_acceptance::menu_bar_honors_public_state_for_an_initial_open_dropdown ... ok
test menu_acceptance::menu_bar_hover_opens_the_measured_nested_submenu ... ok
test menu_acceptance::menu_bar_mouse_uses_painted_item_positions ... ok
test menu_acceptance::menu_bar_opens_nested_actions_and_calls_once ... ok
test menu_acceptance::menu_bar_outside_click_dismisses_without_a_focus_change ... ok
test menu_acceptance::menu_bar_paints_actual_items_through_app ... ok
test menu_acceptance::menu_bar_public_scroll_seed_starts_at_the_authored_row ... ok
test menu_acceptance::menu_bar_reorder_retains_nested_selection_and_replaces_callback ... ok
test menu_acceptance::menu_bar_resize_moves_open_dropdown_and_pointer_targets ... ok
test menu_acceptance::menu_bar_scrolls_to_end_and_home_before_activation ... ok
test menu_acceptance::menu_bar_shortcuts_reach_nested_enabled_actions_once ... ok
test menu_acceptance::menu_builder_style_colors_and_spacing_reach_the_painted_items ... ok
test menu_acceptance::menu_outlines_paint_cells_without_recoloring_the_panel ... ok
test menu_acceptance::menu_overlay_resize_repositions_paint_and_mouse_targets ... ok
test menu_acceptance::menu_page_navigation_uses_the_presented_row_count ... ok
test menu_acceptance::menu_prop_replacement_and_remount_keep_callbacks_and_state_local ... ok
test menu_acceptance::menu_public_scroll_seed_keeps_its_window_through_navigation ... ok
test menu_acceptance::menu_public_state_updates_replace_selection_and_callbacks_through_app ... ok
test menu_acceptance::menu_separators_paint_distinct_rules_and_keep_navigation_on_items ... ok
test menu_acceptance::menu_wheel_navigation_reaches_actions_through_app ... ok
test menu_acceptance::popup_and_dialog_menu_clicks_use_the_painted_overlay_position ... ok
test menu_acceptance::popup_and_dialog_menu_outside_click_ignores_closed_submenu_bounds ... FAILED
test menu_acceptance::popup_and_dialog_menus_reopen_and_restore_the_trigger_focus ... ok
test menu_acceptance::popup_menu_builder_paints_and_delivers_all_callbacks ... ok
test menu_acceptance::popup_menu_hover_opens_and_preserves_the_nested_panel ... ok
test menu_acceptance::popup_menu_paints_actual_items_through_app ... ok
test menu_acceptance::popup_menu_placements_use_screen_coordinates ... ok
test menu_acceptance::popup_menu_scroll_keeps_selected_rows_visible_with_separators ... ok
test menu_acceptance::popup_menu_selects_nested_items_and_closes_after_action ... ok
test menu_acceptance::popup_menu_uses_cell_padding_and_caps_fixed_width ... ok
test menu_acceptance::public_menu_props_builders_produce_activatable_controls ... ok

failures:

---- menu_acceptance::popup_and_dialog_menu_outside_click_ignores_closed_submenu_bounds stdout ----

thread 'menu_acceptance::popup_and_dialog_menu_outside_click_ignores_closed_submenu_bounds' (972513) panicked at tests/support/app_input.rs:102:13:
App painted 7 frames but input needs Some((1, [])) before the deadline. Last frame:
                                        
┌──────────────────────────────────────┐
│ RECENT ▶                             │
│Close                                 │
└──────────────────────────────────────┘
                                        
                                        
                                        
                                        
                                        
                                        
                                        
                                        
                                        
note: run with `RUST_BACKTRACE=1` environment variable to display a backtrace


failures:
    menu_acceptance::popup_and_dialog_menu_outside_click_ignores_closed_submenu_bounds

test result: FAILED. 50 passed; 1 failed; 0 ignored; 0 measured; 345 filtered out; finished in 19.68s

error: test failed, to rerun pass `--test api_widget_behavior`
