   Compiling onig_sys v69.9.1
   Compiling simd_helpers v0.1.0
    Checking tinyvec_macros v0.1.1
    Checking hashbrown v0.17.1
   Compiling cap-primitives v4.0.3
   Compiling noop_proc_macro v0.3.0
    Checking time-core v0.1.4
   Compiling unicode-segmentation v1.13.3
warning: onig_sys@69.9.1: Compiler family detection failed due to error: ToolNotFound: failed to find tool "x86_64-w64-mingw32-gcc": No such file or directory (os error 2)
warning: onig_sys@69.9.1: sccache: error: failed to execute compile
warning: onig_sys@69.9.1: sccache: caused by: cannot find binary path
error: failed to run custom build command for `onig_sys v69.9.1`

Caused by:
  process didn't exit successfully: `/home/shawn/workspace2/reactive-tui/target/debug/build/onig_sys-736ff2361ad349a4/build-script-build` (exit status: 1)
  --- stdout
  cargo:rerun-if-env-changed=RUSTONIG_DYNAMIC_LIBONIG
  cargo:rerun-if-env-changed=RUSTONIG_STATIC_LIBONIG
  cargo:rerun-if-env-changed=RUSTONIG_SYSTEM_LIBONIG
  OUT_DIR = Some(/home/shawn/workspace2/reactive-tui/target/x86_64-pc-windows-gnu/debug/build/onig_sys-c9a44a7f8d13a7e3/out)
  OPT_LEVEL = Some(0)
  TARGET = Some(x86_64-pc-windows-gnu)
  HOST = Some(x86_64-unknown-linux-gnu)
  cargo:rerun-if-env-changed=CC_x86_64-pc-windows-gnu
  CC_x86_64-pc-windows-gnu = None
  cargo:rerun-if-env-changed=CC_x86_64_pc_windows_gnu
  CC_x86_64_pc_windows_gnu = None
  cargo:rerun-if-env-changed=TARGET_CC
  TARGET_CC = None
  cargo:rerun-if-env-changed=CC
  CC = None
  cargo:rerun-if-env-changed=CROSS_COMPILE
  CROSS_COMPILE = None
  RUSTC_LINKER = None
  cargo:rerun-if-env-changed=CC_ENABLE_DEBUG_OUTPUT
  cargo:warning=Compiler family detection failed due to error: ToolNotFound: failed to find tool "x86_64-w64-mingw32-gcc": No such file or directory (os error 2)
  RUSTC_WRAPPER = Some(sccache)
  cargo:rerun-if-env-changed=CRATE_CC_NO_DEFAULTS
  CRATE_CC_NO_DEFAULTS = None
  DEBUG = Some(true)
  CARGO_CFG_TARGET_FEATURE = Some(cmpxchg16b,fxsr,sse,sse2,sse3)
  cargo:rerun-if-env-changed=CFLAGS
  CFLAGS = None
  cargo:rerun-if-env-changed=TARGET_CFLAGS
  TARGET_CFLAGS = None
  cargo:rerun-if-env-changed=CFLAGS_x86_64_pc_windows_gnu
  CFLAGS_x86_64_pc_windows_gnu = None
  cargo:rerun-if-env-changed=CFLAGS_x86_64-pc-windows-gnu
  CFLAGS_x86_64-pc-windows-gnu = None
  CARGO_ENCODED_RUSTFLAGS = Some(-L/usr/local/lib/x86_64-linux-gnu)
  cargo:warning=sccache: error: failed to execute compile
  cargo:warning=sccache: caused by: cannot find binary path

  --- stderr


  error occurred in cc-rs: command did not execute successfully (status code exit status: 2): LC_ALL="C" "sccache" "x86_64-w64-mingw32-gcc" "-O0" "-ffunction-sections" "-fdata-sections" "-gdwarf-2" "-fno-omit-frame-pointer" "-m64" "-I" "/home/shawn/workspace2/reactive-tui/target/x86_64-pc-windows-gnu/debug/build/onig_sys-c9a44a7f8d13a7e3/out" "-I" "oniguruma/src" "-o" "/home/shawn/workspace2/reactive-tui/target/x86_64-pc-windows-gnu/debug/build/onig_sys-c9a44a7f8d13a7e3/out/a445302c6d3dcb51-regexec.o" "-c" "oniguruma/src/regexec.c"


warning: build failed, waiting for other jobs to finish...
