   Compiling reactive-tui v0.0.7 (/home/shawn/workspace2/reactive-tui)
    Finished `test` profile [unoptimized + debuginfo] target(s) in 18.20s
     Running tests/api_dialog_lifecycle.rs (target/debug/deps/api_dialog_lifecycle-d368492673b8b582)

running 1 test

thread 'app::explicit_input_reset_replaces_edits_even_when_the_seed_value_is_unchanged' (1333113) panicked at tests/support/app_input.rs:102:13:
App painted 8 frames but input needs Some((1, ["seed"])) before the deadline. Last frame:
                                        
                                        
                                        
┌──────────────────────────────────────┐
│    RESET INPUT                      ✕│
│Please enter a value:                 │
│▶ [seedX                         ]    │
│                                      │
│                             Cancel OK│
└──────────────────────────────────────┘
                                        
                                        
                                        
                                        
note: run with `RUST_BACKTRACE=1` environment variable to display a backtrace
test app::explicit_input_reset_replaces_edits_even_when_the_seed_value_is_unchanged ... FAILED

failures:

failures:
    app::explicit_input_reset_replaces_edits_even_when_the_seed_value_is_unchanged

test result: FAILED. 0 passed; 1 failed; 0 ignored; 0 measured; 24 filtered out; finished in 3.00s

error: test failed, to rerun pass `--test api_dialog_lifecycle`
