A11Y # GNOME Terminal 3.58.0 using VTE 0.84.0 +BIDI +GNUTLS +ICU +SYSTEMD
A11Y Orca version 50.1.2, AT-SPI2 version: 2.60.0, Session: x11 gnome
A11Y isolated X11/Xvfb viewport 60x16
A11Y round 1: labels, roles, focus, disabled actions, expansion, nested input and removal passed
A11Y breadcrumb: labels, link roles, current page announcement, inert actions, assistive and keyboard focus, activation and removal passed
A11Y CSS: reference labels, description, role, focus, pressed update, live announcement and hidden state passed
A11Y checkbox: role, distinct label, mixed/checked/unchecked speech, focus, assistive/keyboard toggles and disabled actions passed
A11Y slider: label, role, focus, numeric bounds, keyboard step and changed value speech passed
A11Y radio: group/option roles, labels, focus, disabled skipping, exclusive keyboard and assistive selection passed
A11Y named radios: roles, labels, focus and exclusive group selection passed
A11Y select: combo/list/option roles, labels, expansion, focus, disabled skipping, single/multiple assistive and keyboard selection with selection speech passed
A11Y menu family 1: roles, disabled actions, assistive/keyboard focus, nested activation and removal passed
A11Y menu family 2: roles, disabled actions, assistive/keyboard focus, nested activation and removal passed
A11Y menu family 3: roles, disabled actions, assistive/keyboard focus, nested activation and removal passed
A11Y menu family 4: roles, disabled actions, assistive/keyboard focus, nested activation and removal passed
A11Y round 2: simultaneous and successive App isolation, action delivery, exactly-once callbacks and adapter cleanup passed
A11Y 20:29:40.484919 - SPEECH OUTPUT: 'Account preferences accessible label' {'established': False, 'family': {'name': '', 'gender': None, 'lang': 'C', 'dialect': '', 'variant': None}}
A11Y 20:29:40.484948 - SPEECH OUTPUT: 'collapsed button.' {'established': False}
A11Y 20:29:40.624837 - SPEECH OUTPUT: 'Account preferences accessible label' {'established': False, 'family': {'name': '', 'gender': None, 'lang': 'C', 'dialect': '', 'variant': None}}
A11Y 20:29:40.670941 - SPEECH OUTPUT: 'expanded' {'established': False}
A11Y 20:29:40.741868 - SPEECH OUTPUT: 'Nested account entry' {'established': False, 'family': {'name': '', 'gender': None, 'lang': 'C', 'dialect': '', 'variant': None}}
A11Y 20:29:40.809121 - SPEECH OUTPUT: 'Privacy preferences accessible label' {'established': False, 'family': {'name': '', 'gender': None, 'lang': 'C', 'dialect': '', 'variant': None}}
A11Y 20:29:40.809200 - SPEECH OUTPUT: 'collapsed button.' {'established': False}
A11Y 20:29:40.855083 - SPEECH OUTPUT: 'expanded' {'established': False}
A11Y 20:29:40.932057 - SPEECH OUTPUT: 'Account preferences accessible label' {'established': False, 'family': {'name': '', 'gender': None, 'lang': 'C', 'dialect': '', 'variant': None}}
A11Y 20:29:40.932121 - SPEECH OUTPUT: 'collapsed button.' {'established': False}
A11Y 20:29:41.026502 - SPEECH OUTPUT: 'Breadcrumb docs accessible label' {'established': False, 'family': {'name': '', 'gender': None, 'lang': 'C', 'dialect': '', 'variant': None}}
A11Y 20:29:41.079486 - SPEECH OUTPUT: 'Breadcrumb home accessible label' {'established': False, 'family': {'name': '', 'gender': None, 'lang': 'C', 'dialect': '', 'variant': None}}
A11Y 20:29:41.142796 - SPEECH OUTPUT: 'Breadcrumb docs accessible label' {'established': False, 'family': {'name': '', 'gender': None, 'lang': 'C', 'dialect': '', 'variant': None}}
A11Y 20:29:41.196766 - SPEECH OUTPUT: 'Breadcrumb current accessible label' {'established': False, 'family': {'name': '', 'gender': None, 'lang': 'C', 'dialect': '', 'variant': None}}
A11Y 20:29:41.196822 - SPEECH OUTPUT: 'static (Current page)' {'established': False}
A11Y 20:29:41.328439 - SPEECH OUTPUT: 'Independent App action' {'established': False, 'family': {'name': '', 'gender': None, 'lang': 'C', 'dialect': '', 'variant': None}}
A11Y 20:29:41.528860 - SPEECH OUTPUT: 'Background calls 1' {'established': False}
A11Y 20:29:41.541622 - SPEECH OUTPUT: 'pressed' {'established': False}
A11Y 20:29:41.596837 - SPEECH OUTPUT: 'Notification preference' {'established': False, 'family': {'name': '', 'gender': None, 'lang': 'C', 'dialect': '', 'variant': None}}
A11Y 20:29:41.596881 - SPEECH OUTPUT: 'check box partially checked.' {'established': False}
A11Y 20:29:41.641487 - SPEECH OUTPUT: 'checked' {'established': False}
A11Y 20:29:41.682584 - SPEECH OUTPUT: 'not checked' {'established': False}
A11Y 20:29:41.723183 - SPEECH OUTPUT: 'Playback volume' {'established': False, 'family': {'name': '', 'gender': None, 'lang': 'C', 'dialect': '', 'variant': None}}
A11Y 20:29:41.894915 - SPEECH OUTPUT: 'Standard delivery' {'established': False, 'family': {'name': '', 'gender': None, 'lang': 'C', 'dialect': '', 'variant': None}}
A11Y 20:29:41.894940 - SPEECH OUTPUT: 'selected radio button.' {'established': False}
A11Y 20:29:41.973802 - SPEECH OUTPUT: 'Express delivery' {'established': False, 'family': {'name': '', 'gender': None, 'lang': 'C', 'dialect': '', 'variant': None}}
A11Y 20:29:41.973825 - SPEECH OUTPUT: 'not selected radio button.' {'established': False}
A11Y 20:29:42.022588 - SPEECH OUTPUT: 'selected' {'established': False}
A11Y 20:29:42.090556 - SPEECH OUTPUT: 'Standard delivery' {'established': False, 'family': {'name': '', 'gender': None, 'lang': 'C', 'dialect': '', 'variant': None}}
A11Y 20:29:42.090582 - SPEECH OUTPUT: 'selected radio button.' {'established': False}
A11Y 20:29:42.163611 - SPEECH OUTPUT: 'Named beta' {'established': False, 'family': {'name': '', 'gender': None, 'lang': 'C', 'dialect': '', 'variant': None}}
A11Y 20:29:42.163652 - SPEECH OUTPUT: 'not selected radio button.' {'established': False}
A11Y 20:29:42.870027 - SPEECH OUTPUT: 'selected' {'established': False}
A11Y 20:29:43.093809 - SPEECH OUTPUT: 'Enable notifications' {'established': False, 'family': {'name': '', 'gender': None, 'lang': 'C', 'dialect': '', 'variant': None}}
A11Y 20:29:43.093849 - SPEECH OUTPUT: 'check menu item not checked.' {'established': False}
A11Y 20:29:43.156757 - SPEECH OUTPUT: 'Recent menu' {'established': False, 'family': {'name': '', 'gender': None, 'lang': 'C', 'dialect': '', 'variant': None}}
A11Y 20:29:43.238061 - SPEECH OUTPUT: 'Enable notifications' {'established': False, 'family': {'name': '', 'gender': None, 'lang': 'C', 'dialect': '', 'variant': None}}
A11Y 20:29:43.238110 - SPEECH OUTPUT: 'check menu item checked.' {'established': False}
A11Y 20:29:43.355039 - SPEECH OUTPUT: 'Recent menu' {'established': False, 'family': {'name': '', 'gender': None, 'lang': 'C', 'dialect': '', 'variant': None}}
A11Y 20:29:43.452889 - SPEECH OUTPUT: 'Recent document.' {'established': False, 'family': {'name': '', 'gender': None, 'lang': 'C', 'dialect': '', 'variant': None}}
A11Y 20:29:43.487324 - SPEECH OUTPUT: 'expanded' {'established': False}
A11Y 20:29:43.606616 - SPEECH OUTPUT: 'Enable notifications' {'established': False, 'family': {'name': '', 'gender': None, 'lang': 'C', 'dialect': '', 'variant': None}}
A11Y 20:29:43.606646 - SPEECH OUTPUT: 'check menu item not checked.' {'established': False}
A11Y 20:29:43.713743 - SPEECH OUTPUT: 'checked' {'established': False}
A11Y 20:29:43.808192 - SPEECH OUTPUT: 'Recent menu' {'established': False, 'family': {'name': '', 'gender': None, 'lang': 'C', 'dialect': '', 'variant': None}}
A11Y 20:29:43.897186 - SPEECH OUTPUT: 'Recent document.' {'established': False, 'family': {'name': '', 'gender': None, 'lang': 'C', 'dialect': '', 'variant': None}}
A11Y 20:29:43.935249 - SPEECH OUTPUT: 'expanded' {'established': False}
A11Y 20:29:44.069748 - SPEECH OUTPUT: 'Enable notifications' {'established': False, 'family': {'name': '', 'gender': None, 'lang': 'C', 'dialect': '', 'variant': None}}
A11Y 20:29:44.069774 - SPEECH OUTPUT: 'check menu item not checked.' {'established': False}
A11Y 20:29:44.121404 - SPEECH OUTPUT: 'Recent menu' {'established': False, 'family': {'name': '', 'gender': None, 'lang': 'C', 'dialect': '', 'variant': None}}
A11Y 20:29:44.229115 - SPEECH OUTPUT: 'Recent document.' {'established': False, 'family': {'name': '', 'gender': None, 'lang': 'C', 'dialect': '', 'variant': None}}
A11Y 20:29:44.375823 - SPEECH OUTPUT: 'Enable notifications' {'established': False, 'family': {'name': '', 'gender': None, 'lang': 'C', 'dialect': '', 'variant': None}}
A11Y 20:29:44.375854 - SPEECH OUTPUT: 'check menu item not checked.' {'established': False}
A11Y 20:29:44.535540 - SPEECH OUTPUT: 'checked' {'established': False}
A11Y 20:29:44.610950 - SPEECH OUTPUT: 'Recent menu' {'established': False, 'family': {'name': '', 'gender': None, 'lang': 'C', 'dialect': '', 'variant': None}}
A11Y 20:29:44.689184 - SPEECH OUTPUT: 'Recent document' {'established': False, 'family': {'name': '', 'gender': None, 'lang': 'C', 'dialect': '', 'variant': None}}
A11Y 20:29:44.689213 - SPEECH OUTPUT: 'check menu item not checked.' {'established': False}
A11Y 20:29:44.716462 - SPEECH OUTPUT: 'expanded' {'established': False}
A11Y 20:29:44.757097 - SPEECH OUTPUT: 'checked' {'established': False}
A11Y 20:29:44.815635 - SPEECH OUTPUT: 'Background calls 1' {'established': False}
A11Y 20:29:44.836053 - SPEECH OUTPUT: 'Background calls 1' {'established': False}
A11Y 20:29:44.961073 - SPEECH OUTPUT: 'Account preferences accessible label' {'established': False, 'family': {'name': '', 'gender': None, 'lang': 'C', 'dialect': '', 'variant': None}}
A11Y 20:29:44.961118 - SPEECH OUTPUT: 'collapsed button.' {'established': False}
A11Y 20:29:45.012161 - SPEECH OUTPUT: 'expanded' {'established': False}
Orca diagnostic logs: /home/shawn/workspace2/reactive-tui/target/api011-check-tmp/rtui-orca-sv45qo57
