+ python3 -B scripts/check-binding-abi.py
   Compiling reactive-tui v0.0.7 (/home/shawn/workspace2/reactive-tui)
warning: ambiguous glob re-exports
  --> src/ffi/mod.rs:94:9
   |
94 | pub use pointer::*;
   |         ^^^^^^^^^^ the name `validate_pointer` in the value namespace is first re-exported here
...
99 | pub use types::*;
   |         -------- but the name `validate_pointer` in the value namespace is also re-exported here
   |
   = note: `#[warn(ambiguous_glob_reexports)]` on by default

warning: unused variable: `width`
  --> src/ffi/lib.rs:85:14
   |
85 |         let (width, height) = renderer_box.dims();
   |              ^^^^^ help: if this is intentional, prefix it with an underscore: `_width`
   |
   = note: `#[warn(unused_variables)]` (part of `#[warn(unused)]`) on by default

warning: function `validate_pointer` is never used
   --> src/ffi/types.rs:182:15
    |
182 | pub(crate) fn validate_pointer<T>(ptr: *const T) -> bool {
    |               ^^^^^^^^^^^^^^^^
    |
    = note: `#[warn(dead_code)]` (part of `#[warn(unused)]`) on by default

warning: function `validate_mut_pointer` is never used
   --> src/ffi/types.rs:187:15
    |
187 | pub(crate) fn validate_mut_pointer<T>(ptr: *mut T) -> bool {
    |               ^^^^^^^^^^^^^^^^^^^^

warning: function `safe_cast` is never used
   --> src/ffi/types.rs:192:22
    |
192 | pub(crate) unsafe fn safe_cast<T, U>(ptr: *mut T) -> Result<*mut U, ReactiveError> {
    |                      ^^^^^^^^^

warning: function `safe_cast_const` is never used
   --> src/ffi/types.rs:206:22
    |
206 | pub(crate) unsafe fn safe_cast_const<T, U>(ptr: *const T) -> Result<*const U, ReactiveError> {
    |                      ^^^^^^^^^^^^^^^

warning: `reactive-tui` (lib) generated 6 warnings (run `cargo fix --lib -p reactive-tui` to apply 1 suggestion)
    Finished `dev` profile [unoptimized + debuginfo] target(s) in 16.06s
Public TypeScript declaration inventory reconciled: 17 original modules
Independent compilers agree: 242 signatures, 13 record layouts
Koffi agrees with independent compiler signatures and layouts: 242 exports
Traceback (most recent call last):
  File "/home/shawn/workspace2/reactive-tui/scripts/check-binding-abi.py", line 114, in <module>
    raise SystemExit(main())
                     ~~~~^^
  File "/home/shawn/workspace2/reactive-tui/scripts/check-binding-abi.py", line 98, in main
    raise RuntimeError("Stale migration inventory: " + name)
RuntimeError: Stale migration inventory: rtui_dialog_engine_create
Traceback (most recent call last):
  File "/home/shawn/workspace2/reactive-tui/scripts/check-api-native-components.py", line 107, in <module>
    main()
    ~~~~^^
  File "/home/shawn/workspace2/reactive-tui/scripts/check-api-native-components.py", line 53, in main
    execute(['python3', '-B', 'scripts/check-binding-abi.py'])
    ~~~~~~~^^^^^^^^^^^^^^^^^^^^^^^^^^^^^^^^^^^^^^^^^^^^^^^^^^^
  File "/home/shawn/workspace2/reactive-tui/scripts/check-api-native-components.py", line 17, in execute
    subprocess.run(list(map(str, command)), cwd=ROOT, check=True, timeout=timeout, **kwargs)
    ~~~~~~~~~~~~~~^^^^^^^^^^^^^^^^^^^^^^^^^^^^^^^^^^^^^^^^^^^^^^^^^^^^^^^^^^^^^^^^^^^^^^^^^^
  File "/home/linuxbrew/.linuxbrew/Cellar/python@3.14/3.14.7/lib/python3.14/subprocess.py", line 578, in run
    raise CalledProcessError(retcode, process.args,
                             output=stdout, stderr=stderr)
subprocess.CalledProcessError: Command '['python3', '-B', 'scripts/check-binding-abi.py']' returned non-zero exit status 1.
