A11Y # GNOME Terminal 3.58.0 using VTE 0.84.0 +BIDI +GNUTLS +ICU +SYSTEMD
A11Y Orca version 50.1.2, AT-SPI2 version: 2.60.0, Session: x11 gnome
A11Y isolated X11/Xvfb viewport 32x10
A11Y round 1: labels, roles, focus, disabled actions, expansion, nested input and removal passed
A11Y breadcrumb: labels, link roles, current page announcement, inert actions, assistive and keyboard focus, activation and removal passed
A11Y CSS: reference labels, description, role, focus, pressed update, live announcement and hidden state passed
A11Y checkbox: role, distinct label, mixed/checked/unchecked speech, focus, assistive/keyboard toggles and disabled actions passed
A11Y slider: label, role, focus, numeric bounds, keyboard step and changed value speech passed
A11Y radio: group/option roles, labels, focus, disabled skipping, exclusive keyboard and assistive selection passed
A11Y named radios: roles, labels, focus and exclusive group selection passed
A11Y select: combo/list/option roles, labels, expansion, focus, disabled skipping, single/multiple assistive and keyboard selection with selection speech passed
A11Y menu family 1: roles, disabled actions, assistive/keyboard focus, nested activation and removal passed
A11Y menu family 2: roles, disabled actions, assistive/keyboard focus, nested activation and removal passed
A11Y menu family 3: roles, disabled actions, assistive/keyboard focus, nested activation and removal passed
A11Y menu family 4: roles, disabled actions, assistive/keyboard focus, nested activation and removal passed
A11Y round 2: simultaneous and successive App isolation, action delivery, exactly-once callbacks and adapter cleanup passed
A11Y 08:14:49.739139 - SPEECH OUTPUT: 'Account preferences accessible label' {'established': False, 'family': {'name': '', 'gender': None, 'lang': 'C', 'dialect': '', 'variant': None}}
A11Y 08:14:49.741058 - SPEECH OUTPUT: 'collapsed button.' {'established': False}
A11Y 08:14:49.925247 - SPEECH OUTPUT: 'Account preferences accessible label' {'established': False, 'family': {'name': '', 'gender': None, 'lang': 'C', 'dialect': '', 'variant': None}}
A11Y 08:14:49.973338 - SPEECH OUTPUT: 'expanded' {'established': False}
A11Y 08:14:50.045621 - SPEECH OUTPUT: 'Nested account entry' {'established': False, 'family': {'name': '', 'gender': None, 'lang': 'C', 'dialect': '', 'variant': None}}
A11Y 08:14:50.109028 - SPEECH OUTPUT: 'Privacy preferences accessible label' {'established': False, 'family': {'name': '', 'gender': None, 'lang': 'C', 'dialect': '', 'variant': None}}
A11Y 08:14:50.109939 - SPEECH OUTPUT: 'collapsed button.' {'established': False}
A11Y 08:14:50.156482 - SPEECH OUTPUT: 'expanded' {'established': False}
A11Y 08:14:50.236855 - SPEECH OUTPUT: 'Account preferences accessible label' {'established': False, 'family': {'name': '', 'gender': None, 'lang': 'C', 'dialect': '', 'variant': None}}
A11Y 08:14:50.237249 - SPEECH OUTPUT: 'collapsed button.' {'established': False}
A11Y 08:14:50.269736 - SPEECH OUTPUT: 'expanded' {'established': False}
A11Y 08:14:50.333978 - SPEECH OUTPUT: 'Breadcrumb docs accessible label' {'established': False, 'family': {'name': '', 'gender': None, 'lang': 'C', 'dialect': '', 'variant': None}}
A11Y 08:14:50.377240 - SPEECH OUTPUT: 'Breadcrumb home accessible label' {'established': False, 'family': {'name': '', 'gender': None, 'lang': 'C', 'dialect': '', 'variant': None}}
A11Y 08:14:50.453436 - SPEECH OUTPUT: 'Breadcrumb docs accessible label' {'established': False, 'family': {'name': '', 'gender': None, 'lang': 'C', 'dialect': '', 'variant': None}}
A11Y 08:14:50.493146 - SPEECH OUTPUT: 'Breadcrumb current accessible label' {'established': False, 'family': {'name': '', 'gender': None, 'lang': 'C', 'dialect': '', 'variant': None}}
A11Y 08:14:50.493423 - SPEECH OUTPUT: 'static (Current page)' {'established': False}
A11Y 08:14:50.617128 - SPEECH OUTPUT: 'Independent App action' {'established': False, 'family': {'name': '', 'gender': None, 'lang': 'C', 'dialect': '', 'variant': None}}
A11Y 08:14:50.790390 - SPEECH OUTPUT: 'Background calls 1' {'established': False}
A11Y 08:14:50.799642 - SPEECH OUTPUT: 'pressed' {'established': False}
A11Y 08:14:50.850356 - SPEECH OUTPUT: 'Notification preference' {'established': False, 'family': {'name': '', 'gender': None, 'lang': 'C', 'dialect': '', 'variant': None}}
A11Y 08:14:50.850571 - SPEECH OUTPUT: 'check box partially checked.' {'established': False}
A11Y 08:14:50.901455 - SPEECH OUTPUT: 'checked' {'established': False}
A11Y 08:14:50.938424 - SPEECH OUTPUT: 'not checked' {'established': False}
A11Y 08:14:50.976826 - SPEECH OUTPUT: 'Playback volume' {'established': False, 'family': {'name': '', 'gender': None, 'lang': 'C', 'dialect': '', 'variant': None}}
A11Y 08:14:51.143381 - SPEECH OUTPUT: 'Standard delivery' {'established': False, 'family': {'name': '', 'gender': None, 'lang': 'C', 'dialect': '', 'variant': None}}
A11Y 08:14:51.147750 - SPEECH OUTPUT: 'selected radio button.' {'established': False}
A11Y 08:14:51.235720 - SPEECH OUTPUT: 'Express delivery' {'established': False, 'family': {'name': '', 'gender': None, 'lang': 'C', 'dialect': '', 'variant': None}}
A11Y 08:14:51.239680 - SPEECH OUTPUT: 'not selected radio button.' {'established': False}
A11Y 08:14:51.276205 - SPEECH OUTPUT: 'selected' {'established': False}
A11Y 08:14:51.368543 - SPEECH OUTPUT: 'selected radio button.' {'established': False}
A11Y 08:14:51.405468 - SPEECH OUTPUT: 'Named beta' {'established': False, 'family': {'name': '', 'gender': None, 'lang': 'C', 'dialect': '', 'variant': None}}
A11Y 08:14:51.405745 - SPEECH OUTPUT: 'not selected radio button.' {'established': False}
A11Y 08:14:51.941334 - SPEECH OUTPUT: 'selected' {'established': False}
A11Y 08:14:52.104281 - SPEECH OUTPUT: 'Menu file' {'established': False, 'family': {'name': '', 'gender': None, 'lang': 'C', 'dialect': '', 'variant': None}}
A11Y 08:14:52.184466 - SPEECH OUTPUT: 'Enable notifications' {'established': False, 'family': {'name': '', 'gender': None, 'lang': 'C', 'dialect': '', 'variant': None}}
A11Y 08:14:52.185611 - SPEECH OUTPUT: 'check menu item not checked.' {'established': False}
A11Y 08:14:52.261316 - SPEECH OUTPUT: 'expanded' {'established': False}
A11Y 08:14:52.288993 - SPEECH OUTPUT: 'checked' {'established': False}
A11Y 08:14:52.346992 - SPEECH OUTPUT: 'Recent menu' {'established': False, 'family': {'name': '', 'gender': None, 'lang': 'C', 'dialect': '', 'variant': None}}
A11Y 08:14:52.455286 - SPEECH OUTPUT: 'Recent document.' {'established': False, 'family': {'name': '', 'gender': None, 'lang': 'C', 'dialect': '', 'variant': None}}
A11Y 08:14:52.476049 - SPEECH OUTPUT: 'expanded' {'established': False}
A11Y 08:14:52.591659 - SPEECH OUTPUT: 'Enable notifications' {'established': False, 'family': {'name': '', 'gender': None, 'lang': 'C', 'dialect': '', 'variant': None}}
A11Y 08:14:52.592746 - SPEECH OUTPUT: 'check menu item not checked.' {'established': False}
A11Y 08:14:52.644650 - SPEECH OUTPUT: 'checked' {'established': False}
A11Y 08:14:52.700117 - SPEECH OUTPUT: 'Recent menu' {'established': False, 'family': {'name': '', 'gender': None, 'lang': 'C', 'dialect': '', 'variant': None}}
A11Y 08:14:52.778027 - SPEECH OUTPUT: 'Recent document.' {'established': False, 'family': {'name': '', 'gender': None, 'lang': 'C', 'dialect': '', 'variant': None}}
A11Y 08:14:52.800923 - SPEECH OUTPUT: 'expanded' {'established': False}
A11Y 08:14:52.874000 - SPEECH OUTPUT: 'Recent menu' {'established': False, 'family': {'name': '', 'gender': None, 'lang': 'C', 'dialect': '', 'variant': None}}
A11Y 08:14:52.969561 - SPEECH OUTPUT: 'Enable notifications' {'established': False, 'family': {'name': '', 'gender': None, 'lang': 'C', 'dialect': '', 'variant': None}}
A11Y 08:14:52.971750 - SPEECH OUTPUT: 'check menu item not checked.' {'established': False}
A11Y 08:14:53.050121 - SPEECH OUTPUT: 'Recent menu' {'established': False, 'family': {'name': '', 'gender': None, 'lang': 'C', 'dialect': '', 'variant': None}}
A11Y 08:14:53.120584 - SPEECH OUTPUT: 'Recent document.' {'established': False, 'family': {'name': '', 'gender': None, 'lang': 'C', 'dialect': '', 'variant': None}}
A11Y 08:14:53.228124 - SPEECH OUTPUT: 'Enable notifications' {'established': False, 'family': {'name': '', 'gender': None, 'lang': 'C', 'dialect': '', 'variant': None}}
A11Y 08:14:53.228621 - SPEECH OUTPUT: 'check menu item not checked.' {'established': False}
A11Y 08:14:53.283289 - SPEECH OUTPUT: 'Recent menu' {'established': False, 'family': {'name': '', 'gender': None, 'lang': 'C', 'dialect': '', 'variant': None}}
A11Y 08:14:53.340633 - SPEECH OUTPUT: 'Enable notifications' {'established': False, 'family': {'name': '', 'gender': None, 'lang': 'C', 'dialect': '', 'variant': None}}
A11Y 08:14:53.341007 - SPEECH OUTPUT: 'check menu item checked.' {'established': False}
A11Y 08:14:53.419740 - SPEECH OUTPUT: 'Recent menu' {'established': False, 'family': {'name': '', 'gender': None, 'lang': 'C', 'dialect': '', 'variant': None}}
A11Y 08:14:53.494283 - SPEECH OUTPUT: 'Recent document' {'established': False, 'family': {'name': '', 'gender': None, 'lang': 'C', 'dialect': '', 'variant': None}}
A11Y 08:14:53.496440 - SPEECH OUTPUT: 'check menu item not checked.' {'established': False}
A11Y 08:14:53.523879 - SPEECH OUTPUT: 'expanded' {'established': False}
A11Y 08:14:53.555360 - SPEECH OUTPUT: 'checked' {'established': False}
A11Y 08:14:53.602981 - SPEECH OUTPUT: 'Background calls 1' {'established': False}
A11Y 08:14:53.642097 - SPEECH OUTPUT: 'Background calls 1' {'established': False}
A11Y 08:14:53.751888 - SPEECH OUTPUT: 'Account preferences accessible label' {'established': False, 'family': {'name': '', 'gender': None, 'lang': 'C', 'dialect': '', 'variant': None}}
A11Y 08:14:53.752306 - SPEECH OUTPUT: 'collapsed button.' {'established': False}
A11Y 08:14:53.790811 - SPEECH OUTPUT: 'expanded' {'established': False}
Orca diagnostic logs: /tmp/rtui-orca-fs9r_3w8
