    Blocking waiting for file lock on artifact directory
   Compiling reactive-tui v0.0.7 (/home/shawn/workspace2/reactive-tui)
    Finished `test` profile [unoptimized + debuginfo] target(s) in 14.45s
     Running tests/api_widget_behavior.rs (target/debug/deps/api_widget_behavior-af8b000cab735812)

running 23 tests
test modal_acceptance::modal_builder_honors_hidden_state_instead_of_painting_a_description ... ok
test modal_acceptance::foreground_inheritance_preserves_child_overrides_and_sibling_isolation ... ok
test modal_acceptance::modal_empty_content_still_offers_a_functional_close_action ... ok
test modal_acceptance::modal_closing_fade_is_inert_and_reopening_restores_child_focus ... ok
test modal_acceptance::modal_border_and_region_styles_reach_actual_cells ... ok
test modal_acceptance::modal_close_button_and_backdrop_deliver_distinct_reasons ... ok
test modal_acceptance::modal_custom_cancel_and_disabled_buttons_use_actual_focus_and_restore_opener ... ok
test modal_acceptance::modal_drag_clamps_to_viewport_and_cancels_on_focus_loss ... ok
test modal_acceptance::modal_named_route_runs_button_action_and_closes_once ... ok
test modal_acceptance::modal_generic_builder_preserves_multiple_children_and_dismissal_options ... ok
test modal_acceptance::modal_invalid_dimensions_recover_on_prop_update_and_deliver_close ... ok
test modal_acceptance::modal_positions_actual_content_in_the_measured_viewport ... ok
test modal_acceptance::modal_nested_escape_closes_inner_then_restores_outer_focus ... ok
test modal_acceptance::modal_reduced_motion_and_invalid_or_zero_dimensions_are_bounded ... ok
test modal_acceptance::modal_keeps_real_child_editing_and_scrolls_overflowing_content ... ok
test modal_acceptance::modal_replaces_content_footer_and_close_callback_without_remounting ... ok
test modal_acceptance::modal_viewport_resize_moves_its_close_target ... ok
test modal_acceptance::modal_z_order_routes_overlapping_close_targets_to_the_visible_dialog ... ok
test modal_acceptance::modal_title_drag_follows_pointer_and_stops_on_release ... ok
test modal_acceptance::modal_dismissal_flags_preserve_explicit_action_buttons ... ok
test modal_acceptance::modal_position_and_size_options_use_cells_and_actual_content ... ok
test modal_acceptance::modal_resize_handles_change_all_edges ... ok
test modal_acceptance::modal_animations_change_presented_frames_without_input ... ok

test result: ok. 23 passed; 0 failed; 0 ignored; 0 measured; 359 filtered out; finished in 4.05s

