    Blocking waiting for file lock on artifact directory
   Compiling reactive-tui v0.0.7 (/home/shawn/workspace2/reactive-tui)
    Finished `test` profile [unoptimized + debuginfo] target(s) in 10.42s
     Running tests/api_widget_behavior.rs (target/debug/deps/api_widget_behavior-af8b000cab735812)

running 24 tests
test popover_acceptance::invalid_popover_constraints_report_errors_without_open_callbacks ... ok
test popover_acceptance::disabled_popover_trigger_does_not_open_from_mouse_input ... ok
test popover_acceptance::ignoring_boundaries_keeps_intrinsic_content_size_before_terminal_clipping ... ok
test popover_acceptance::arrow_does_not_cover_the_body_mouse_target ... ok
test popover_acceptance::focus_trigger_opens_on_focus_and_escape_can_dismiss_without_reopening ... ok
test popover_acceptance::leaving_the_terminal_closes_hover_popover_at_the_origin ... ok
test popover_acceptance::imperative_popover_handle_wakes_idle_app_and_callbacks_can_reenter_it ... ok
test popover_acceptance::nontrapping_popover_allows_tab_out_and_removal_does_not_steal_focus ... ok
test popover_acceptance::popover_builder_defaults_open_real_content_in_small_viewports ... ok
test popover_acceptance::explicit_popover_anchors_use_cells_and_invalid_rectangles_restore_measurement ... ok
test popover_acceptance::popover_autofocus_targets_real_children_and_escape_restores_trigger ... ok
test popover_acceptance::popover_initial_position_callback_waits_for_measured_content ... ok
test popover_acceptance::popover_hover_deadlines_open_and_close_an_idle_app ... ok
test popover_acceptance::popover_dismissal_flags_are_independent ... ok
test popover_acceptance::popover_boundary_modes_use_the_presented_viewport ... ok
test popover_acceptance::popover_keeps_trigger_and_opens_actual_content_then_closes_on_escape ... ok
test popover_acceptance::popover_reports_measured_position_and_repositions_after_resize ... ok
test popover_acceptance::popover_trigger_observes_consuming_button_and_outside_click_does_not_leak ... ok
test popover_acceptance::popover_size_constraints_clip_content_and_empty_bodies_keep_the_trigger ... ok
test popover_acceptance::popover_retains_open_state_on_content_replacement_and_uses_new_callbacks ... ok
test popover_acceptance::nested_popovers_close_in_order_and_restore_focus_for_mixed_traps ... ok
test popover_acceptance::popover_arrows_point_toward_trigger_and_render_each_style ... ok
test popover_acceptance::popover_positions_follow_measured_trigger_and_content_at_two_viewports ... ok
test popover_acceptance::popover_animation_paints_intermediate_frames_and_slide_keeps_arrow_attached ... ok

test result: ok. 24 passed; 0 failed; 0 ignored; 0 measured; 358 filtered out; finished in 2.13s

