A11Y # GNOME Terminal 3.58.0 using VTE 0.84.0 +BIDI +GNUTLS +ICU +SYSTEMD
A11Y Orca version 50.1.2, AT-SPI2 version: 2.60.0, Session: x11 gnome
A11Y isolated X11/Xvfb viewport 60x16
A11Y round 1: labels, roles, focus, disabled actions, expansion, nested input and removal passed
A11Y breadcrumb: labels, link roles, current page announcement, inert actions, assistive and keyboard focus, activation and removal passed
A11Y CSS: reference labels, description, role, focus, pressed update, live announcement and hidden state passed
A11Y checkbox: role, distinct label, mixed/checked/unchecked speech, focus, assistive/keyboard toggles and disabled actions passed
A11Y slider: label, role, focus, numeric bounds, keyboard step and changed value speech passed
A11Y radio: group/option roles, labels, focus, disabled skipping, exclusive keyboard and assistive selection passed
A11Y named radios: roles, labels, focus and exclusive group selection passed
A11Y select: combo/list/option roles, labels, expansion, focus, disabled skipping, single/multiple assistive and keyboard selection with selection speech passed
A11Y menu family 1: roles, disabled actions, assistive/keyboard focus, nested activation and removal passed
A11Y menu family 2: roles, disabled actions, assistive/keyboard focus, nested activation and removal passed
A11Y menu family 3: roles, disabled actions, assistive/keyboard focus, nested activation and removal passed
A11Y menu family 4: roles, disabled actions, assistive/keyboard focus, nested activation and removal passed
A11Y round 2: simultaneous and successive App isolation, action delivery, exactly-once callbacks and adapter cleanup passed
A11Y 08:35:08.232642 - SPEECH OUTPUT: 'Account preferences accessible label' {'established': False, 'family': {'name': '', 'gender': None, 'lang': 'C', 'dialect': '', 'variant': None}}
A11Y 08:35:08.236083 - SPEECH OUTPUT: 'collapsed button.' {'established': False}
A11Y 08:35:08.390844 - SPEECH OUTPUT: 'Account preferences accessible label' {'established': False, 'family': {'name': '', 'gender': None, 'lang': 'C', 'dialect': '', 'variant': None}}
A11Y 08:35:08.420706 - SPEECH OUTPUT: 'expanded' {'established': False}
A11Y 08:35:08.477939 - SPEECH OUTPUT: 'Nested account entry' {'established': False, 'family': {'name': '', 'gender': None, 'lang': 'C', 'dialect': '', 'variant': None}}
A11Y 08:35:08.534576 - SPEECH OUTPUT: 'Privacy preferences accessible label' {'established': False, 'family': {'name': '', 'gender': None, 'lang': 'C', 'dialect': '', 'variant': None}}
A11Y 08:35:08.534831 - SPEECH OUTPUT: 'collapsed button.' {'established': False}
A11Y 08:35:08.572405 - SPEECH OUTPUT: 'expanded' {'established': False}
A11Y 08:35:08.645330 - SPEECH OUTPUT: 'Account preferences accessible label' {'established': False, 'family': {'name': '', 'gender': None, 'lang': 'C', 'dialect': '', 'variant': None}}
A11Y 08:35:08.645868 - SPEECH OUTPUT: 'collapsed button.' {'established': False}
A11Y 08:35:08.727000 - SPEECH OUTPUT: 'Breadcrumb docs accessible label' {'established': False, 'family': {'name': '', 'gender': None, 'lang': 'C', 'dialect': '', 'variant': None}}
A11Y 08:35:08.775785 - SPEECH OUTPUT: 'Breadcrumb home accessible label' {'established': False, 'family': {'name': '', 'gender': None, 'lang': 'C', 'dialect': '', 'variant': None}}
A11Y 08:35:08.842421 - SPEECH OUTPUT: 'Breadcrumb docs accessible label' {'established': False, 'family': {'name': '', 'gender': None, 'lang': 'C', 'dialect': '', 'variant': None}}
A11Y 08:35:08.887661 - SPEECH OUTPUT: 'Breadcrumb current accessible label' {'established': False, 'family': {'name': '', 'gender': None, 'lang': 'C', 'dialect': '', 'variant': None}}
A11Y 08:35:08.887904 - SPEECH OUTPUT: 'static (Current page)' {'established': False}
A11Y 08:35:09.018680 - SPEECH OUTPUT: 'Independent App action' {'established': False, 'family': {'name': '', 'gender': None, 'lang': 'C', 'dialect': '', 'variant': None}}
A11Y 08:35:09.186460 - SPEECH OUTPUT: 'Background calls 1' {'established': False}
A11Y 08:35:09.195808 - SPEECH OUTPUT: 'pressed' {'established': False}
A11Y 08:35:09.253819 - SPEECH OUTPUT: 'Notification preference' {'established': False, 'family': {'name': '', 'gender': None, 'lang': 'C', 'dialect': '', 'variant': None}}
A11Y 08:35:09.254055 - SPEECH OUTPUT: 'check box partially checked.' {'established': False}
A11Y 08:35:09.306340 - SPEECH OUTPUT: 'checked' {'established': False}
A11Y 08:35:09.334625 - SPEECH OUTPUT: 'not checked' {'established': False}
A11Y 08:35:09.385479 - SPEECH OUTPUT: 'Playback volume' {'established': False, 'family': {'name': '', 'gender': None, 'lang': 'C', 'dialect': '', 'variant': None}}
A11Y 08:35:09.538039 - SPEECH OUTPUT: 'Standard delivery' {'established': False, 'family': {'name': '', 'gender': None, 'lang': 'C', 'dialect': '', 'variant': None}}
A11Y 08:35:09.540180 - SPEECH OUTPUT: 'selected radio button.' {'established': False}
A11Y 08:35:09.592567 - SPEECH OUTPUT: 'Express delivery' {'established': False, 'family': {'name': '', 'gender': None, 'lang': 'C', 'dialect': '', 'variant': None}}
A11Y 08:35:09.593713 - SPEECH OUTPUT: 'not selected radio button.' {'established': False}
A11Y 08:35:09.646522 - SPEECH OUTPUT: 'selected' {'established': False}
A11Y 08:35:09.702122 - SPEECH OUTPUT: 'Standard delivery' {'established': False, 'family': {'name': '', 'gender': None, 'lang': 'C', 'dialect': '', 'variant': None}}
A11Y 08:35:09.706294 - SPEECH OUTPUT: 'selected radio button.' {'established': False}
A11Y 08:35:09.774122 - SPEECH OUTPUT: 'Named beta' {'established': False, 'family': {'name': '', 'gender': None, 'lang': 'C', 'dialect': '', 'variant': None}}
A11Y 08:35:09.774948 - SPEECH OUTPUT: 'not selected radio button.' {'established': False}
A11Y 08:35:10.479566 - SPEECH OUTPUT: 'selected' {'established': False}
A11Y 08:35:10.686212 - SPEECH OUTPUT: 'Menu file' {'established': False, 'family': {'name': '', 'gender': None, 'lang': 'C', 'dialect': '', 'variant': None}}
A11Y 08:35:10.787623 - SPEECH OUTPUT: 'Enable notifications' {'established': False, 'family': {'name': '', 'gender': None, 'lang': 'C', 'dialect': '', 'variant': None}}
A11Y 08:35:10.789571 - SPEECH OUTPUT: 'check menu item not checked.' {'established': False}
A11Y 08:35:10.876819 - SPEECH OUTPUT: 'Menu file' {'established': False, 'family': {'name': '', 'gender': None, 'lang': 'C', 'dialect': '', 'variant': None}}
A11Y 08:35:10.965288 - SPEECH OUTPUT: 'Enable notifications' {'established': False, 'family': {'name': '', 'gender': None, 'lang': 'C', 'dialect': '', 'variant': None}}
A11Y 08:35:10.966930 - SPEECH OUTPUT: 'check menu item checked.' {'established': False}
A11Y 08:35:11.060931 - SPEECH OUTPUT: 'Recent menu' {'established': False, 'family': {'name': '', 'gender': None, 'lang': 'C', 'dialect': '', 'variant': None}}
A11Y 08:35:11.146255 - SPEECH OUTPUT: 'Recent document.' {'established': False, 'family': {'name': '', 'gender': None, 'lang': 'C', 'dialect': '', 'variant': None}}
A11Y 08:35:11.305486 - SPEECH OUTPUT: 'Recent menu' {'established': False, 'family': {'name': '', 'gender': None, 'lang': 'C', 'dialect': '', 'variant': None}}
A11Y 08:35:11.360935 - SPEECH OUTPUT: 'Enable notifications' {'established': False, 'family': {'name': '', 'gender': None, 'lang': 'C', 'dialect': '', 'variant': None}}
A11Y 08:35:11.361255 - SPEECH OUTPUT: 'check menu item not checked.' {'established': False}
A11Y 08:35:11.455532 - SPEECH OUTPUT: 'checked' {'established': False}
A11Y 08:35:11.545169 - SPEECH OUTPUT: 'Recent menu' {'established': False, 'family': {'name': '', 'gender': None, 'lang': 'C', 'dialect': '', 'variant': None}}
A11Y 08:35:11.628255 - SPEECH OUTPUT: 'Recent document.' {'established': False, 'family': {'name': '', 'gender': None, 'lang': 'C', 'dialect': '', 'variant': None}}
A11Y 08:35:11.654763 - SPEECH OUTPUT: 'expanded' {'established': False}
A11Y 08:35:11.727659 - SPEECH OUTPUT: 'Recent menu' {'established': False, 'family': {'name': '', 'gender': None, 'lang': 'C', 'dialect': '', 'variant': None}}
A11Y 08:35:11.819788 - SPEECH OUTPUT: 'Enable notifications' {'established': False, 'family': {'name': '', 'gender': None, 'lang': 'C', 'dialect': '', 'variant': None}}
A11Y 08:35:11.822025 - SPEECH OUTPUT: 'check menu item not checked.' {'established': False}
A11Y 08:35:11.898657 - SPEECH OUTPUT: 'Recent menu' {'established': False, 'family': {'name': '', 'gender': None, 'lang': 'C', 'dialect': '', 'variant': None}}
A11Y 08:35:11.971752 - SPEECH OUTPUT: 'Recent document.' {'established': False, 'family': {'name': '', 'gender': None, 'lang': 'C', 'dialect': '', 'variant': None}}
A11Y 08:35:12.093863 - SPEECH OUTPUT: 'Enable notifications' {'established': False, 'family': {'name': '', 'gender': None, 'lang': 'C', 'dialect': '', 'variant': None}}
A11Y 08:35:12.094645 - SPEECH OUTPUT: 'check menu item not checked.' {'established': False}
A11Y 08:35:12.198738 - SPEECH OUTPUT: 'checked' {'established': False}
A11Y 08:35:12.286553 - SPEECH OUTPUT: 'Recent menu' {'established': False, 'family': {'name': '', 'gender': None, 'lang': 'C', 'dialect': '', 'variant': None}}
A11Y 08:35:12.364793 - SPEECH OUTPUT: 'Recent document' {'established': False, 'family': {'name': '', 'gender': None, 'lang': 'C', 'dialect': '', 'variant': None}}
A11Y 08:35:12.365507 - SPEECH OUTPUT: 'check menu item not checked.' {'established': False}
A11Y 08:35:12.393883 - SPEECH OUTPUT: 'expanded' {'established': False}
A11Y 08:35:12.425086 - SPEECH OUTPUT: 'checked' {'established': False}
A11Y 08:35:12.477636 - SPEECH OUTPUT: 'Background calls 1' {'established': False}
A11Y 08:35:12.502901 - SPEECH OUTPUT: 'Background calls 1' {'established': False}
A11Y 08:35:12.609233 - SPEECH OUTPUT: 'Account preferences accessible label' {'established': False, 'family': {'name': '', 'gender': None, 'lang': 'C', 'dialect': '', 'variant': None}}
A11Y 08:35:12.609580 - SPEECH OUTPUT: 'collapsed button.' {'established': False}
A11Y 08:35:12.652141 - SPEECH OUTPUT: 'expanded' {'established': False}
Orca diagnostic logs: /tmp/rtui-orca-gg7ocpsd
