   Compiling reactive-tui v0.0.7 (/home/shawn/workspace2/reactive-tui)
    Finished `test` profile [unoptimized + debuginfo] target(s) in 5.78s
     Running tests/api_widget_behavior.rs (target/debug/deps/api_widget_behavior-7f38c785954f09a5)

running 6 tests

thread 'core_builder_acceptance::mixed_vdom_children_preserve_click_handlers_through_app' (915852) panicked at tests/api_widget_behavior/core_builders.rs:42:9:
assertion `left == right` failed
  left: 0
 right: 1
note: run with `RUST_BACKTRACE=1` environment variable to display a backtrace
test core_builder_acceptance::mixed_vdom_children_preserve_click_handlers_through_app ... FAILED

thread 'core_builder_acceptance::convenience_containers_show_their_children_with_default_styles' (915847) panicked at tests/api_widget_behavior/core_builders.rs:19:13:
content at (40, 16): "                                        \n                                        \n                                        \n                                        \n                                        \n                                        \n                                        \n                                        \n                                        \n                                        \n                                        \n                                        \n                                        \n                                        \n                                        \n                                        "
test core_builder_acceptance::convenience_containers_show_their_children_with_default_styles ... FAILED
test core_builder_acceptance::core_input_placeholder_is_visible_and_typing_replaces_it ... ok
test core_builder_acceptance::core_input_text_is_an_editable_seed ... ok
test core_builder_acceptance::core_input_routes_resized_clicks_and_honors_disabled ... ok
test core_builder_acceptance::core_input_macro_routes_edit_real_controls ... ok

failures:

failures:
    core_builder_acceptance::convenience_containers_show_their_children_with_default_styles
    core_builder_acceptance::mixed_vdom_children_preserve_click_handlers_through_app

test result: FAILED. 4 passed; 2 failed; 0 ignored; 0 measured; 351 filtered out; finished in 0.19s

error: test failed, to rerun pass `--test api_widget_behavior`
