   Compiling reactive-tui v0.0.7 (/home/shawn/workspace2/reactive-tui)
    Finished `test` profile [unoptimized + debuginfo] target(s) in 1.55s
     Running tests/api_widget_behavior.rs (target/debug/deps/api_widget_behavior-af8b000cab735812)

running 6 tests
test macro_acceptance::button_macros_preserve_callbacks_and_children ... ok
test macro_acceptance::chart_macros_paint_data_geometry ... ok
test macro_acceptance::checkbox_and_select_macros_change_selection ... FAILED
test macro_acceptance::display_macros_paint_actual_values ... FAILED
test macro_acceptance::input_macros_build_editable_controls ... ok
test macro_acceptance::tabs_macro_retains_editable_child_controls ... ok

failures:

---- macro_acceptance::checkbox_and_select_macros_change_selection stdout ----

thread 'macro_acceptance::checkbox_and_select_macros_change_selection' (1385165) panicked at tests/api_widget_behavior/macros.rs:67:13:
▶ [ ]                                   
                                        
                                        
                                        
                                        
                                        
                                        
                                        
                                        
                                        
                                        
                                        
                                        
                                        
                                        
                                        
note: run with `RUST_BACKTRACE=1` environment variable to display a backtrace

---- macro_acceptance::display_macros_paint_actual_values stdout ----

thread 'macro_acceptance::display_macros_paint_actual_values' (1385179) panicked at tests/support/app_input.rs:102:13:
App painted 2 frames but input needs Some((1, ["50%"])) before the deadline. Last frame:
████████████████████▒▒▒▒▒▒▒▒▒▒▒▒▒▒▒▒▒▒▒▒
50.0%                                   
                                        
                                        
                                        
                                        
                                        
                                        
                                        
                                        
                                        
                                        
                                        
                                        
                                        
                                        


failures:
    macro_acceptance::checkbox_and_select_macros_change_selection
    macro_acceptance::display_macros_paint_actual_values

test result: FAILED. 4 passed; 2 failed; 0 ignored; 0 measured; 371 filtered out; finished in 4.13s

error: test failed, to rerun pass `--test api_widget_behavior`
