A11Y # GNOME Terminal 3.58.0 using VTE 0.84.0 +BIDI +GNUTLS +ICU +SYSTEMD
A11Y Orca version 50.1.2, AT-SPI2 version: 2.60.0, Session: x11 gnome
A11Y isolated X11/Xvfb viewport 60x16
A11Y round 1: labels, roles, focus, disabled actions, expansion, nested input and removal passed
A11Y breadcrumb: labels, link roles, current page announcement, inert actions, assistive and keyboard focus, activation and removal passed
A11Y CSS: reference labels, description, role, focus, pressed update, live announcement and hidden state passed
A11Y checkbox: role, distinct label, mixed/checked/unchecked speech, focus, assistive/keyboard toggles and disabled actions passed
A11Y slider: label, role, focus, numeric bounds, keyboard step and changed value speech passed
A11Y menu family 1: roles, disabled actions, assistive/keyboard focus, nested activation and removal passed
A11Y menu family 2: roles, disabled actions, assistive/keyboard focus, nested activation and removal passed
A11Y menu family 3: roles, disabled actions, assistive/keyboard focus, nested activation and removal passed
A11Y menu family 4: roles, disabled actions, assistive/keyboard focus, nested activation and removal passed
A11Y round 2: simultaneous and successive App isolation, action delivery, exactly-once callbacks and adapter cleanup passed
A11Y 07:51:11.750150 - SPEECH OUTPUT: 'Account preferences accessible label' {'established': False, 'family': {'name': '', 'gender': None, 'lang': 'C', 'dialect': '', 'variant': None}}
A11Y 07:51:11.752358 - SPEECH OUTPUT: 'collapsed button.' {'established': False}
A11Y 07:51:11.882986 - SPEECH OUTPUT: 'Account preferences accessible label' {'established': False, 'family': {'name': '', 'gender': None, 'lang': 'C', 'dialect': '', 'variant': None}}
A11Y 07:51:11.915920 - SPEECH OUTPUT: 'expanded' {'established': False}
A11Y 07:51:11.953057 - SPEECH OUTPUT: 'Nested account entry' {'established': False, 'family': {'name': '', 'gender': None, 'lang': 'C', 'dialect': '', 'variant': None}}
A11Y 07:51:11.984874 - SPEECH OUTPUT: 'Privacy preferences accessible label' {'established': False, 'family': {'name': '', 'gender': None, 'lang': 'C', 'dialect': '', 'variant': None}}
A11Y 07:51:11.985172 - SPEECH OUTPUT: 'collapsed button.' {'established': False}
A11Y 07:51:12.014234 - SPEECH OUTPUT: 'expanded' {'established': False}
A11Y 07:51:12.086226 - SPEECH OUTPUT: 'Account preferences accessible label' {'established': False, 'family': {'name': '', 'gender': None, 'lang': 'C', 'dialect': '', 'variant': None}}
A11Y 07:51:12.086463 - SPEECH OUTPUT: 'collapsed button.' {'established': False}
A11Y 07:51:12.117453 - SPEECH OUTPUT: 'expanded' {'established': False}
A11Y 07:51:12.179626 - SPEECH OUTPUT: 'Breadcrumb docs accessible label' {'established': False, 'family': {'name': '', 'gender': None, 'lang': 'C', 'dialect': '', 'variant': None}}
A11Y 07:51:12.224270 - SPEECH OUTPUT: 'Breadcrumb home accessible label' {'established': False, 'family': {'name': '', 'gender': None, 'lang': 'C', 'dialect': '', 'variant': None}}
A11Y 07:51:12.293289 - SPEECH OUTPUT: 'Breadcrumb docs accessible label' {'established': False, 'family': {'name': '', 'gender': None, 'lang': 'C', 'dialect': '', 'variant': None}}
A11Y 07:51:12.362932 - SPEECH OUTPUT: 'Breadcrumb current accessible label' {'established': False, 'family': {'name': '', 'gender': None, 'lang': 'C', 'dialect': '', 'variant': None}}
A11Y 07:51:12.363856 - SPEECH OUTPUT: 'static (Current page)' {'established': False}
A11Y 07:51:12.473131 - SPEECH OUTPUT: 'Independent App action' {'established': False, 'family': {'name': '', 'gender': None, 'lang': 'C', 'dialect': '', 'variant': None}}
A11Y 07:51:12.640717 - SPEECH OUTPUT: 'Background calls 1' {'established': False}
A11Y 07:51:12.650601 - SPEECH OUTPUT: 'pressed' {'established': False}
A11Y 07:51:12.703062 - SPEECH OUTPUT: 'Notification preference' {'established': False, 'family': {'name': '', 'gender': None, 'lang': 'C', 'dialect': '', 'variant': None}}
A11Y 07:51:12.703303 - SPEECH OUTPUT: 'check box partially checked.' {'established': False}
A11Y 07:51:12.736183 - SPEECH OUTPUT: 'checked' {'established': False}
A11Y 07:51:12.776327 - SPEECH OUTPUT: 'not checked' {'established': False}
A11Y 07:51:12.967990 - SPEECH OUTPUT: 'Menu file' {'established': False, 'family': {'name': '', 'gender': None, 'lang': 'C', 'dialect': '', 'variant': None}}
A11Y 07:51:13.036888 - SPEECH OUTPUT: 'Enable notifications' {'established': False, 'family': {'name': '', 'gender': None, 'lang': 'C', 'dialect': '', 'variant': None}}
A11Y 07:51:13.038669 - SPEECH OUTPUT: 'check menu item not checked.' {'established': False}
A11Y 07:51:13.099468 - SPEECH OUTPUT: 'expanded' {'established': False}
A11Y 07:51:13.131339 - SPEECH OUTPUT: 'checked' {'established': False}
A11Y 07:51:13.193964 - SPEECH OUTPUT: 'Recent menu' {'established': False, 'family': {'name': '', 'gender': None, 'lang': 'C', 'dialect': '', 'variant': None}}
A11Y 07:51:13.278313 - SPEECH OUTPUT: 'Recent document.' {'established': False, 'family': {'name': '', 'gender': None, 'lang': 'C', 'dialect': '', 'variant': None}}
A11Y 07:51:13.391322 - SPEECH OUTPUT: 'Enable notifications' {'established': False, 'family': {'name': '', 'gender': None, 'lang': 'C', 'dialect': '', 'variant': None}}
A11Y 07:51:13.392743 - SPEECH OUTPUT: 'check menu item not checked.' {'established': False}
A11Y 07:51:13.467289 - SPEECH OUTPUT: 'checked' {'established': False}
A11Y 07:51:13.522579 - SPEECH OUTPUT: 'Recent menu' {'established': False, 'family': {'name': '', 'gender': None, 'lang': 'C', 'dialect': '', 'variant': None}}
A11Y 07:51:13.594588 - SPEECH OUTPUT: 'Recent document.' {'established': False, 'family': {'name': '', 'gender': None, 'lang': 'C', 'dialect': '', 'variant': None}}
A11Y 07:51:13.633785 - SPEECH OUTPUT: 'expanded' {'established': False}
A11Y 07:51:13.793160 - SPEECH OUTPUT: 'Enable notifications' {'established': False, 'family': {'name': '', 'gender': None, 'lang': 'C', 'dialect': '', 'variant': None}}
A11Y 07:51:13.793432 - SPEECH OUTPUT: 'check menu item not checked.' {'established': False}
A11Y 07:51:13.881249 - SPEECH OUTPUT: 'Recent menu' {'established': False, 'family': {'name': '', 'gender': None, 'lang': 'C', 'dialect': '', 'variant': None}}
A11Y 07:51:13.958314 - SPEECH OUTPUT: 'Recent document.' {'established': False, 'family': {'name': '', 'gender': None, 'lang': 'C', 'dialect': '', 'variant': None}}
A11Y 07:51:14.075342 - SPEECH OUTPUT: 'Enable notifications' {'established': False, 'family': {'name': '', 'gender': None, 'lang': 'C', 'dialect': '', 'variant': None}}
A11Y 07:51:14.075523 - SPEECH OUTPUT: 'check menu item not checked.' {'established': False}
A11Y 07:51:14.160083 - SPEECH OUTPUT: 'checked' {'established': False}
A11Y 07:51:14.252611 - SPEECH OUTPUT: 'Recent menu' {'established': False, 'family': {'name': '', 'gender': None, 'lang': 'C', 'dialect': '', 'variant': None}}
A11Y 07:51:14.324874 - SPEECH OUTPUT: 'Recent document' {'established': False, 'family': {'name': '', 'gender': None, 'lang': 'C', 'dialect': '', 'variant': None}}
A11Y 07:51:14.326097 - SPEECH OUTPUT: 'check menu item not checked.' {'established': False}
A11Y 07:51:14.353097 - SPEECH OUTPUT: 'expanded' {'established': False}
A11Y 07:51:14.429246 - SPEECH OUTPUT: 'Background calls 1' {'established': False}
A11Y 07:51:14.455552 - SPEECH OUTPUT: 'Background calls 1' {'established': False}
A11Y 07:51:14.555688 - SPEECH OUTPUT: 'Account preferences accessible label' {'established': False, 'family': {'name': '', 'gender': None, 'lang': 'C', 'dialect': '', 'variant': None}}
A11Y 07:51:14.556013 - SPEECH OUTPUT: 'collapsed button.' {'established': False}
A11Y 07:51:14.599300 - SPEECH OUTPUT: 'expanded' {'established': False}
Orca diagnostic logs: /tmp/rtui-orca-vk95hw2r
