   Compiling reactive-tui v0.0.7 (/home/shawn/workspace2/reactive-tui)
    Finished `test` profile [unoptimized + debuginfo] target(s) in 1.83s
     Running tests/api_widget_behavior.rs (target/debug/deps/api_widget_behavior-af8b000cab735812)

running 3 tests
test macro_acceptance::button_macros_preserve_callbacks_and_children ... ok
test macro_acceptance::input_macros_build_editable_controls ... FAILED
test macro_acceptance::tabs_macro_retains_editable_child_controls ... FAILED

failures:

---- macro_acceptance::input_macros_build_editable_controls stdout ----
input route 0, (40, 16)
input route 1, (40, 16)
input route 2, (40, 16)

thread 'macro_acceptance::input_macros_build_editable_controls' (1371871) panicked at tests/support/app_input.rs:102:13:
App painted 2 frames but input needs Some((1, ["X"])) before the deadline. Last frame:
                                        
                                        
                                        
                                        
                                        
                                        
                                        
                                        
            ▶ []                        
                                        
                                        
                                        
                                        
                                        
                                        
                                        
note: run with `RUST_BACKTRACE=1` environment variable to display a backtrace

---- macro_acceptance::tabs_macro_retains_editable_child_controls stdout ----

thread 'macro_acceptance::tabs_macro_retains_editable_child_controls' (1372407) panicked at tests/api_widget_behavior/macros.rs:55:9:
["   FIRST     SECOND                     \n  [seed                          ]      \n                                        \n                                        \n                                        \n                                        \n                                        \n                                        \n                                        \n                                        \n                                        \n                                        \n                                        \n                                        \n                                        \n                                        ", "   FIRST    ▶SECOND                     \nOTHER                                   \n                                        \n                                        \n                                        \n                                        \n                                        \n                                        \n                                        \n                                        \n                                        \n                                        \n                                        \n                                        \n                                        \n                                        ", "  ▶FIRST    →SECOND                     \n  [seed                          ]      \n                                        \n                                        \n                                        \n                                        \n                                        \n                                        \n                                        \n                                        \n                                        \n                                        \n                                        \n                                        \n                                        \n                                        "]


failures:
    macro_acceptance::input_macros_build_editable_controls
    macro_acceptance::tabs_macro_retains_editable_child_controls

test result: FAILED. 1 passed; 2 failed; 0 ignored; 0 measured; 371 filtered out; finished in 3.11s

error: test failed, to rerun pass `--test api_widget_behavior`
