A11Y # GNOME Terminal 3.58.0 using VTE 0.84.0 +BIDI +GNUTLS +ICU +SYSTEMD
A11Y Orca version 50.1.2, AT-SPI2 version: 2.60.0, Session: x11 gnome
A11Y isolated X11/Xvfb viewport 60x16
A11Y round 1: labels, roles, focus, disabled actions, expansion, nested input and removal passed
A11Y breadcrumb: labels, link roles, current page announcement, inert actions, assistive and keyboard focus, activation and removal passed
A11Y CSS: reference labels, description, role, focus, pressed update, live announcement and hidden state passed
A11Y checkbox: role, distinct label, mixed/checked/unchecked speech, focus, assistive/keyboard toggles and disabled actions passed
A11Y slider: label, role, focus, numeric bounds, keyboard step and changed value speech passed
A11Y radio: group/option roles, labels, focus, disabled skipping, exclusive keyboard and assistive selection passed
A11Y named radios: roles, labels, focus and exclusive group selection passed
A11Y menu family 1: roles, disabled actions, assistive/keyboard focus, nested activation and removal passed
A11Y menu family 2: roles, disabled actions, assistive/keyboard focus, nested activation and removal passed
A11Y menu family 3: roles, disabled actions, assistive/keyboard focus, nested activation and removal passed
A11Y menu family 4: roles, disabled actions, assistive/keyboard focus, nested activation and removal passed
A11Y round 2: simultaneous and successive App isolation, action delivery, exactly-once callbacks and adapter cleanup passed
A11Y 07:56:34.899884 - SPEECH OUTPUT: 'Account preferences accessible label' {'established': False, 'family': {'name': '', 'gender': None, 'lang': 'C', 'dialect': '', 'variant': None}}
A11Y 07:56:34.904354 - SPEECH OUTPUT: 'collapsed button.' {'established': False}
A11Y 07:56:35.086119 - SPEECH OUTPUT: 'Account preferences accessible label' {'established': False, 'family': {'name': '', 'gender': None, 'lang': 'C', 'dialect': '', 'variant': None}}
A11Y 07:56:35.134291 - SPEECH OUTPUT: 'expanded' {'established': False}
A11Y 07:56:35.185832 - SPEECH OUTPUT: 'Nested account entry' {'established': False, 'family': {'name': '', 'gender': None, 'lang': 'C', 'dialect': '', 'variant': None}}
A11Y 07:56:35.242729 - SPEECH OUTPUT: 'Privacy preferences accessible label' {'established': False, 'family': {'name': '', 'gender': None, 'lang': 'C', 'dialect': '', 'variant': None}}
A11Y 07:56:35.243109 - SPEECH OUTPUT: 'collapsed button.' {'established': False}
A11Y 07:56:35.280815 - SPEECH OUTPUT: 'expanded' {'established': False}
A11Y 07:56:35.357587 - SPEECH OUTPUT: 'Account preferences accessible label' {'established': False, 'family': {'name': '', 'gender': None, 'lang': 'C', 'dialect': '', 'variant': None}}
A11Y 07:56:35.357826 - SPEECH OUTPUT: 'collapsed button.' {'established': False}
A11Y 07:56:35.440744 - SPEECH OUTPUT: 'Breadcrumb docs accessible label' {'established': False, 'family': {'name': '', 'gender': None, 'lang': 'C', 'dialect': '', 'variant': None}}
A11Y 07:56:35.496162 - SPEECH OUTPUT: 'Breadcrumb home accessible label' {'established': False, 'family': {'name': '', 'gender': None, 'lang': 'C', 'dialect': '', 'variant': None}}
A11Y 07:56:35.560476 - SPEECH OUTPUT: 'Breadcrumb docs accessible label' {'established': False, 'family': {'name': '', 'gender': None, 'lang': 'C', 'dialect': '', 'variant': None}}
A11Y 07:56:35.608925 - SPEECH OUTPUT: 'Breadcrumb current accessible label' {'established': False, 'family': {'name': '', 'gender': None, 'lang': 'C', 'dialect': '', 'variant': None}}
A11Y 07:56:35.609236 - SPEECH OUTPUT: 'static (Current page)' {'established': False}
A11Y 07:56:35.736364 - SPEECH OUTPUT: 'Independent App action' {'established': False, 'family': {'name': '', 'gender': None, 'lang': 'C', 'dialect': '', 'variant': None}}
A11Y 07:56:35.903930 - SPEECH OUTPUT: 'Background calls 1' {'established': False}
A11Y 07:56:35.912927 - SPEECH OUTPUT: 'pressed' {'established': False}
A11Y 07:56:35.966361 - SPEECH OUTPUT: 'Notification preference' {'established': False, 'family': {'name': '', 'gender': None, 'lang': 'C', 'dialect': '', 'variant': None}}
A11Y 07:56:35.966686 - SPEECH OUTPUT: 'check box partially checked.' {'established': False}
A11Y 07:56:36.020425 - SPEECH OUTPUT: 'checked' {'established': False}
A11Y 07:56:36.052072 - SPEECH OUTPUT: 'not checked' {'established': False}
A11Y 07:56:36.092242 - SPEECH OUTPUT: 'Playback volume' {'established': False, 'family': {'name': '', 'gender': None, 'lang': 'C', 'dialect': '', 'variant': None}}
A11Y 07:56:36.256531 - SPEECH OUTPUT: 'Standard delivery' {'established': False, 'family': {'name': '', 'gender': None, 'lang': 'C', 'dialect': '', 'variant': None}}
A11Y 07:56:36.258715 - SPEECH OUTPUT: 'selected radio button.' {'established': False}
A11Y 07:56:36.331916 - SPEECH OUTPUT: 'Express delivery' {'established': False, 'family': {'name': '', 'gender': None, 'lang': 'C', 'dialect': '', 'variant': None}}
A11Y 07:56:36.336427 - SPEECH OUTPUT: 'not selected radio button.' {'established': False}
A11Y 07:56:36.382105 - SPEECH OUTPUT: 'selected' {'established': False}
A11Y 07:56:36.432165 - SPEECH OUTPUT: 'Standard delivery' {'established': False, 'family': {'name': '', 'gender': None, 'lang': 'C', 'dialect': '', 'variant': None}}
A11Y 07:56:36.433625 - SPEECH OUTPUT: 'selected radio button.' {'established': False}
A11Y 07:56:36.491285 - SPEECH OUTPUT: 'selected radio button.' {'established': False}
A11Y 07:56:36.539459 - SPEECH OUTPUT: 'Named beta' {'established': False, 'family': {'name': '', 'gender': None, 'lang': 'C', 'dialect': '', 'variant': None}}
A11Y 07:56:36.539892 - SPEECH OUTPUT: 'not selected radio button.' {'established': False}
A11Y 07:56:36.686212 - SPEECH OUTPUT: 'Menu file' {'established': False, 'family': {'name': '', 'gender': None, 'lang': 'C', 'dialect': '', 'variant': None}}
A11Y 07:56:36.775912 - SPEECH OUTPUT: 'Enable notifications' {'established': False, 'family': {'name': '', 'gender': None, 'lang': 'C', 'dialect': '', 'variant': None}}
A11Y 07:56:36.780278 - SPEECH OUTPUT: 'check menu item not checked.' {'established': False}
A11Y 07:56:36.859958 - SPEECH OUTPUT: 'Menu file' {'established': False, 'family': {'name': '', 'gender': None, 'lang': 'C', 'dialect': '', 'variant': None}}
A11Y 07:56:36.917374 - SPEECH OUTPUT: 'Enable notifications' {'established': False, 'family': {'name': '', 'gender': None, 'lang': 'C', 'dialect': '', 'variant': None}}
A11Y 07:56:36.919510 - SPEECH OUTPUT: 'check menu item checked.' {'established': False}
A11Y 07:56:36.989616 - SPEECH OUTPUT: 'Recent menu' {'established': False, 'family': {'name': '', 'gender': None, 'lang': 'C', 'dialect': '', 'variant': None}}
A11Y 07:56:37.054986 - SPEECH OUTPUT: 'Recent document.' {'established': False, 'family': {'name': '', 'gender': None, 'lang': 'C', 'dialect': '', 'variant': None}}
A11Y 07:56:37.077350 - SPEECH OUTPUT: 'expanded' {'established': False}
A11Y 07:56:37.214015 - SPEECH OUTPUT: 'Recent menu' {'established': False, 'family': {'name': '', 'gender': None, 'lang': 'C', 'dialect': '', 'variant': None}}
A11Y 07:56:37.261216 - SPEECH OUTPUT: 'Enable notifications' {'established': False, 'family': {'name': '', 'gender': None, 'lang': 'C', 'dialect': '', 'variant': None}}
A11Y 07:56:37.261513 - SPEECH OUTPUT: 'check menu item not checked.' {'established': False}
A11Y 07:56:37.317576 - SPEECH OUTPUT: 'checked' {'established': False}
A11Y 07:56:37.391450 - SPEECH OUTPUT: 'Recent menu' {'established': False, 'family': {'name': '', 'gender': None, 'lang': 'C', 'dialect': '', 'variant': None}}
A11Y 07:56:37.474197 - SPEECH OUTPUT: 'Recent document.' {'established': False, 'family': {'name': '', 'gender': None, 'lang': 'C', 'dialect': '', 'variant': None}}
A11Y 07:56:37.500189 - SPEECH OUTPUT: 'expanded' {'established': False}
A11Y 07:56:37.559912 - SPEECH OUTPUT: 'Recent menu' {'established': False, 'family': {'name': '', 'gender': None, 'lang': 'C', 'dialect': '', 'variant': None}}
A11Y 07:56:37.662671 - SPEECH OUTPUT: 'Enable notifications' {'established': False, 'family': {'name': '', 'gender': None, 'lang': 'C', 'dialect': '', 'variant': None}}
A11Y 07:56:37.665074 - SPEECH OUTPUT: 'check menu item not checked.' {'established': False}
A11Y 07:56:37.762204 - SPEECH OUTPUT: 'Recent menu' {'established': False, 'family': {'name': '', 'gender': None, 'lang': 'C', 'dialect': '', 'variant': None}}
A11Y 07:56:37.860814 - SPEECH OUTPUT: 'Recent document.' {'established': False, 'family': {'name': '', 'gender': None, 'lang': 'C', 'dialect': '', 'variant': None}}
A11Y 07:56:37.973150 - SPEECH OUTPUT: 'Enable notifications' {'established': False, 'family': {'name': '', 'gender': None, 'lang': 'C', 'dialect': '', 'variant': None}}
A11Y 07:56:37.973569 - SPEECH OUTPUT: 'check menu item not checked.' {'established': False}
A11Y 07:56:38.027822 - SPEECH OUTPUT: 'Recent menu' {'established': False, 'family': {'name': '', 'gender': None, 'lang': 'C', 'dialect': '', 'variant': None}}
A11Y 07:56:38.082707 - SPEECH OUTPUT: 'Enable notifications' {'established': False, 'family': {'name': '', 'gender': None, 'lang': 'C', 'dialect': '', 'variant': None}}
A11Y 07:56:38.083288 - SPEECH OUTPUT: 'check menu item checked.' {'established': False}
A11Y 07:56:38.164477 - SPEECH OUTPUT: 'Recent menu' {'established': False, 'family': {'name': '', 'gender': None, 'lang': 'C', 'dialect': '', 'variant': None}}
A11Y 07:56:38.249385 - SPEECH OUTPUT: 'Recent document' {'established': False, 'family': {'name': '', 'gender': None, 'lang': 'C', 'dialect': '', 'variant': None}}
A11Y 07:56:38.250358 - SPEECH OUTPUT: 'check menu item not checked.' {'established': False}
A11Y 07:56:38.283028 - SPEECH OUTPUT: 'expanded' {'established': False}
A11Y 07:56:38.352427 - SPEECH OUTPUT: 'Background calls 1' {'established': False}
A11Y 07:56:38.386102 - SPEECH OUTPUT: 'Background calls 1' {'established': False}
A11Y 07:56:38.490175 - SPEECH OUTPUT: 'Account preferences accessible label' {'established': False, 'family': {'name': '', 'gender': None, 'lang': 'C', 'dialect': '', 'variant': None}}
A11Y 07:56:38.490451 - SPEECH OUTPUT: 'collapsed button.' {'established': False}
Orca diagnostic logs: /tmp/rtui-orca-700dvj_x
