     Locking 33 packages to latest compatible versions
      Adding generic-array v0.14.7 (available: v0.14.9)
      Adding libloading v0.8.9 (available: v0.9.0)
      Adding sha2 v0.10.9 (available: v0.11.0)
      Adding windows-sys v0.59.0 (available: v0.61.2)
   Compiling version_check v0.9.5
   Compiling proc-macro2 v1.0.107
   Compiling quote v1.0.47
   Compiling unicode-ident v1.0.24
    Checking typenum v1.20.1
   Compiling serde_core v1.0.229
   Compiling windows_x86_64_gnu v0.52.6
   Compiling zmij v1.0.23
   Compiling serde_json v1.0.151
   Compiling serde v1.0.229
    Checking cfg-if v1.0.4
   Compiling generic-array v0.14.7
    Checking memchr v2.8.3
    Checking windows-targets v0.52.6
    Checking windows-link v0.2.1
    Checking itoa v1.0.18
    Checking cpufeatures v0.2.17
    Checking windows-sys v0.59.0
    Checking block-buffer v0.10.4
    Checking crypto-common v0.1.7
    Checking libloading v0.8.9
    Checking digest v0.10.7
    Checking sha2 v0.10.9
   Compiling syn v3.0.5
   Compiling serde_derive v1.0.229
    Checking conpty-runtime-cross-check v0.0.0 (/tmp/api011-conpty-runtime-cross-283xf7tc)
    Finished `dev` profile [unoptimized + debuginfo] target(s) in 10.96s
