A11Y # GNOME Terminal 3.58.0 using VTE 0.84.0 +BIDI +GNUTLS +ICU +SYSTEMD
A11Y Orca version 50.1.2, AT-SPI2 version: 2.60.0, Session: x11 gnome
A11Y isolated X11/Xvfb viewport 32x10
A11Y round 1: labels, roles, focus, disabled actions, expansion, nested input and removal passed
A11Y breadcrumb: labels, link roles, current page announcement, inert actions, assistive and keyboard focus, activation and removal passed
A11Y CSS: reference labels, description, role, focus, pressed update, live announcement and hidden state passed
A11Y checkbox: role, distinct label, mixed/checked/unchecked speech, focus, assistive/keyboard toggles and disabled actions passed
A11Y slider: label, role, focus, numeric bounds, keyboard step and changed value speech passed
A11Y radio: group/option roles, labels, focus, disabled skipping, exclusive keyboard and assistive selection passed
A11Y named radios: roles, labels, focus and exclusive group selection passed
A11Y menu family 1: roles, disabled actions, assistive/keyboard focus, nested activation and removal passed
A11Y menu family 2: roles, disabled actions, assistive/keyboard focus, nested activation and removal passed
A11Y menu family 3: roles, disabled actions, assistive/keyboard focus, nested activation and removal passed
A11Y menu family 4: roles, disabled actions, assistive/keyboard focus, nested activation and removal passed
A11Y round 2: simultaneous and successive App isolation, action delivery, exactly-once callbacks and adapter cleanup passed
A11Y 07:56:55.468405 - SPEECH OUTPUT: 'Account preferences accessible label' {'established': False, 'family': {'name': '', 'gender': None, 'lang': 'C', 'dialect': '', 'variant': None}}
A11Y 07:56:55.470631 - SPEECH OUTPUT: 'collapsed button.' {'established': False}
A11Y 07:56:55.605341 - SPEECH OUTPUT: 'Account preferences accessible label' {'established': False, 'family': {'name': '', 'gender': None, 'lang': 'C', 'dialect': '', 'variant': None}}
A11Y 07:56:55.638427 - SPEECH OUTPUT: 'expanded' {'established': False}
A11Y 07:56:55.683318 - SPEECH OUTPUT: 'Nested account entry' {'established': False, 'family': {'name': '', 'gender': None, 'lang': 'C', 'dialect': '', 'variant': None}}
A11Y 07:56:55.730901 - SPEECH OUTPUT: 'Privacy preferences accessible label' {'established': False, 'family': {'name': '', 'gender': None, 'lang': 'C', 'dialect': '', 'variant': None}}
A11Y 07:56:55.731258 - SPEECH OUTPUT: 'collapsed button.' {'established': False}
A11Y 07:56:55.773484 - SPEECH OUTPUT: 'expanded' {'established': False}
A11Y 07:56:55.844355 - SPEECH OUTPUT: 'Account preferences accessible label' {'established': False, 'family': {'name': '', 'gender': None, 'lang': 'C', 'dialect': '', 'variant': None}}
A11Y 07:56:55.845151 - SPEECH OUTPUT: 'collapsed button.' {'established': False}
A11Y 07:56:55.876643 - SPEECH OUTPUT: 'expanded' {'established': False}
A11Y 07:56:55.943437 - SPEECH OUTPUT: 'Breadcrumb docs accessible label' {'established': False, 'family': {'name': '', 'gender': None, 'lang': 'C', 'dialect': '', 'variant': None}}
A11Y 07:56:55.984775 - SPEECH OUTPUT: 'Breadcrumb home accessible label' {'established': False, 'family': {'name': '', 'gender': None, 'lang': 'C', 'dialect': '', 'variant': None}}
A11Y 07:56:56.051864 - SPEECH OUTPUT: 'Breadcrumb docs accessible label' {'established': False, 'family': {'name': '', 'gender': None, 'lang': 'C', 'dialect': '', 'variant': None}}
A11Y 07:56:56.107631 - SPEECH OUTPUT: 'Breadcrumb current accessible label' {'established': False, 'family': {'name': '', 'gender': None, 'lang': 'C', 'dialect': '', 'variant': None}}
A11Y 07:56:56.108149 - SPEECH OUTPUT: 'static (Current page)' {'established': False}
A11Y 07:56:56.231939 - SPEECH OUTPUT: 'Independent App action' {'established': False, 'family': {'name': '', 'gender': None, 'lang': 'C', 'dialect': '', 'variant': None}}
A11Y 07:56:56.402081 - SPEECH OUTPUT: 'Background calls 1' {'established': False}
A11Y 07:56:56.412068 - SPEECH OUTPUT: 'pressed' {'established': False}
A11Y 07:56:56.467655 - SPEECH OUTPUT: 'Notification preference' {'established': False, 'family': {'name': '', 'gender': None, 'lang': 'C', 'dialect': '', 'variant': None}}
A11Y 07:56:56.467861 - SPEECH OUTPUT: 'check box partially checked.' {'established': False}
A11Y 07:56:56.513393 - SPEECH OUTPUT: 'checked' {'established': False}
A11Y 07:56:56.543944 - SPEECH OUTPUT: 'not checked' {'established': False}
A11Y 07:56:56.594579 - SPEECH OUTPUT: 'Playback volume' {'established': False, 'family': {'name': '', 'gender': None, 'lang': 'C', 'dialect': '', 'variant': None}}
A11Y 07:56:56.765241 - SPEECH OUTPUT: 'Standard delivery' {'established': False, 'family': {'name': '', 'gender': None, 'lang': 'C', 'dialect': '', 'variant': None}}
A11Y 07:56:56.767970 - SPEECH OUTPUT: 'selected radio button.' {'established': False}
A11Y 07:56:56.834601 - SPEECH OUTPUT: 'Express delivery' {'established': False, 'family': {'name': '', 'gender': None, 'lang': 'C', 'dialect': '', 'variant': None}}
A11Y 07:56:56.836665 - SPEECH OUTPUT: 'not selected radio button.' {'established': False}
A11Y 07:56:56.890787 - SPEECH OUTPUT: 'selected' {'established': False}
A11Y 07:56:56.941134 - SPEECH OUTPUT: 'Standard delivery' {'established': False, 'family': {'name': '', 'gender': None, 'lang': 'C', 'dialect': '', 'variant': None}}
A11Y 07:56:56.944241 - SPEECH OUTPUT: 'selected radio button.' {'established': False}
A11Y 07:56:56.997809 - SPEECH OUTPUT: 'Named beta' {'established': False, 'family': {'name': '', 'gender': None, 'lang': 'C', 'dialect': '', 'variant': None}}
A11Y 07:56:56.998159 - SPEECH OUTPUT: 'not selected radio button.' {'established': False}
A11Y 07:56:57.078059 - SPEECH OUTPUT: 'Menu file' {'established': False, 'family': {'name': '', 'gender': None, 'lang': 'C', 'dialect': '', 'variant': None}}
A11Y 07:56:57.154455 - SPEECH OUTPUT: 'Enable notifications' {'established': False, 'family': {'name': '', 'gender': None, 'lang': 'C', 'dialect': '', 'variant': None}}
A11Y 07:56:57.156695 - SPEECH OUTPUT: 'check menu item not checked.' {'established': False}
A11Y 07:56:57.220959 - SPEECH OUTPUT: 'expanded' {'established': False}
A11Y 07:56:57.247814 - SPEECH OUTPUT: 'checked' {'established': False}
A11Y 07:56:57.307015 - SPEECH OUTPUT: 'Recent menu' {'established': False, 'family': {'name': '', 'gender': None, 'lang': 'C', 'dialect': '', 'variant': None}}
A11Y 07:56:57.393013 - SPEECH OUTPUT: 'Recent document.' {'established': False, 'family': {'name': '', 'gender': None, 'lang': 'C', 'dialect': '', 'variant': None}}
A11Y 07:56:57.512411 - SPEECH OUTPUT: 'Enable notifications' {'established': False, 'family': {'name': '', 'gender': None, 'lang': 'C', 'dialect': '', 'variant': None}}
A11Y 07:56:57.513632 - SPEECH OUTPUT: 'check menu item not checked.' {'established': False}
A11Y 07:56:57.597690 - SPEECH OUTPUT: 'checked' {'established': False}
A11Y 07:56:57.671818 - SPEECH OUTPUT: 'Recent menu' {'established': False, 'family': {'name': '', 'gender': None, 'lang': 'C', 'dialect': '', 'variant': None}}
A11Y 07:56:57.750011 - SPEECH OUTPUT: 'Recent document.' {'established': False, 'family': {'name': '', 'gender': None, 'lang': 'C', 'dialect': '', 'variant': None}}
A11Y 07:56:57.773306 - SPEECH OUTPUT: 'expanded' {'established': False}
A11Y 07:56:57.845500 - SPEECH OUTPUT: 'Recent menu' {'established': False, 'family': {'name': '', 'gender': None, 'lang': 'C', 'dialect': '', 'variant': None}}
A11Y 07:56:57.926396 - SPEECH OUTPUT: 'Enable notifications' {'established': False, 'family': {'name': '', 'gender': None, 'lang': 'C', 'dialect': '', 'variant': None}}
A11Y 07:56:57.928350 - SPEECH OUTPUT: 'check menu item not checked.' {'established': False}
A11Y 07:56:57.976814 - SPEECH OUTPUT: 'Recent menu' {'established': False, 'family': {'name': '', 'gender': None, 'lang': 'C', 'dialect': '', 'variant': None}}
A11Y 07:56:58.064445 - SPEECH OUTPUT: 'Recent document.' {'established': False, 'family': {'name': '', 'gender': None, 'lang': 'C', 'dialect': '', 'variant': None}}
A11Y 07:56:58.102749 - SPEECH OUTPUT: 'expanded' {'established': False}
A11Y 07:56:58.227153 - SPEECH OUTPUT: 'Enable notifications' {'established': False, 'family': {'name': '', 'gender': None, 'lang': 'C', 'dialect': '', 'variant': None}}
A11Y 07:56:58.227449 - SPEECH OUTPUT: 'check menu item not checked.' {'established': False}
A11Y 07:56:58.303908 - SPEECH OUTPUT: 'checked' {'established': False}
A11Y 07:56:58.370047 - SPEECH OUTPUT: 'Recent menu' {'established': False, 'family': {'name': '', 'gender': None, 'lang': 'C', 'dialect': '', 'variant': None}}
A11Y 07:56:58.444983 - SPEECH OUTPUT: 'Recent document' {'established': False, 'family': {'name': '', 'gender': None, 'lang': 'C', 'dialect': '', 'variant': None}}
A11Y 07:56:58.448146 - SPEECH OUTPUT: 'check menu item not checked.' {'established': False}
A11Y 07:56:58.479366 - SPEECH OUTPUT: 'expanded' {'established': False}
A11Y 07:56:58.543866 - SPEECH OUTPUT: 'Background calls 1' {'established': False}
A11Y 07:56:58.578184 - SPEECH OUTPUT: 'Background calls 1' {'established': False}
A11Y 07:56:58.689680 - SPEECH OUTPUT: 'Account preferences accessible label' {'established': False, 'family': {'name': '', 'gender': None, 'lang': 'C', 'dialect': '', 'variant': None}}
A11Y 07:56:58.689910 - SPEECH OUTPUT: 'collapsed button.' {'established': False}
A11Y 07:56:58.732970 - SPEECH OUTPUT: 'expanded' {'established': False}
Orca diagnostic logs: /tmp/rtui-orca-dhc_9od2
