   Compiling reactive-tui v0.0.7 (/home/shawn/workspace2/reactive-tui)
    Finished `test` profile [unoptimized + debuginfo] target(s) in 17.99s
     Running unittests src/lib.rs (target/debug/deps/reactive_tui-ff7f40ac5b910bef)

running 19 tests
test vdom::bridge::tests::text_node_converts ... ok
test vdom::bridge::tests::keys_are_preserved ... ok
test vdom::bridge::tests::roundtrip_to_nodespec_keeps_class_and_children ... ok
test vdom::bridge::tests::element_with_class_converts ... ok
test vdom::diff::tests::test_diff_element_attributes ... ok
test vdom::diff::tests::test_diff_node_replacement ... ok
test vdom::diff::tests::test_diff_with_keys ... ok
test vdom::diff::tests::test_diff_identical_nodes ... ok
test vdom::diff::tests::test_diff_text_change ... ok
test vdom::menu::tests::test_menubar_creation ... ok
test vdom::menu::tests::test_popup_menu_creation ... ok
test vdom::node::tests::test_vnode_creation ... ok
test vdom::menu::tests::test_context_menu_creation ... ok
test vdom::node::tests::test_h_macro ... ok
test vdom::node::tests::test_vnode_key ... ok
test vdom::node::tests::test_component_node ... ok
test vdom::node::tests::test_fragment_node ... ok
test vdom::patch::tests::test_patch_list ... ok
test vdom::patch::tests::test_patch_applier ... ok

test result: ok. 19 passed; 0 failed; 0 ignored; 0 measured; 927 filtered out; finished in 0.00s

