TRACE 6384 SDK close begin
TRACE 6384 SDK close end
TRACE 6384 process wait end
TRACE 6384 writer join begin
TRACE 6384 writer join end
TRACE 6384 process wait end
TRACE 6384 reader join begin
TRACE 6384 reader join end
TRACE 6384 process wait end
PASS console handles, input, environment, resize, real exit 259, repeated stop
TRACE 0 SDK close begin
TRACE 0 SDK close end
failed launch 0: handles 76 (baseline 75)
TRACE 0 SDK close begin
TRACE 0 SDK close end
failed launch 1: handles 76 (baseline 75)
TRACE 0 SDK close begin
TRACE 0 SDK close end
failed launch 2: handles 76 (baseline 75)
TRACE 0 SDK close begin
TRACE 0 SDK close end
failed launch 3: handles 76 (baseline 75)
TRACE 0 SDK close begin
TRACE 0 SDK close end
failed launch 4: handles 76 (baseline 75)
TRACE 0 SDK close begin
TRACE 0 SDK close end
failed launch 5: handles 76 (baseline 75)
TRACE 0 SDK close begin
TRACE 0 SDK close end
failed launch 6: handles 76 (baseline 75)
TRACE 0 SDK close begin
TRACE 0 SDK close end
failed launch 7: handles 76 (baseline 75)
TRACE 0 SDK close begin
TRACE 0 SDK close end
failed launch 8: handles 76 (baseline 75)
TRACE 0 SDK close begin
TRACE 0 SDK close end
failed launch 9: handles 76 (baseline 75)
TRACE 5924 SDK close begin
TRACE 5924 SDK close end
TRACE 5924 process wait end
TRACE 5924 writer join begin
TRACE 5924 writer join end
TRACE 5924 process wait end
TRACE 5924 reader join begin
TRACE 5924 reader join end
TRACE 5924 process wait end
PASS failed-launch cleanup and restart
TRACE 6824 SDK close begin
TRACE 6824 SDK close end
TRACE 6824 process wait end
TRACE 6824 writer join begin
TRACE 6824 writer join end
TRACE 6824 process wait end
TRACE 6824 reader join begin
TRACE 6824 reader join end
TRACE 6824 process wait end
PASS flood backpressure and drop cleanup
TRACE 5632 SDK close begin
TRACE 5632 SDK close end
TRACE 5632 process wait end
TRACE 5632 writer join begin
TRACE 5632 writer join end
TRACE 5632 process wait end
TRACE 5632 reader join begin
TRACE 5632 reader join end
TRACE 5632 process wait end
PASS idle backpressure and drop cleanup
BEGIN attached descendant launch
BEGIN attached descendant read
BEGIN attached descendant close
TRACE 2184 SDK close begin
TRACE 2184 SDK close end
TRACE 2184 process wait end
TRACE 2184 writer join begin
TRACE 2184 writer join end
TRACE 2184 process wait end
TRACE 2184 reader join begin
