A11Y # GNOME Terminal 3.58.0 using VTE 0.84.0 +BIDI +GNUTLS +ICU +SYSTEMD
A11Y Orca version 50.1.2, AT-SPI2 version: 2.60.0, Session: x11 gnome
A11Y isolated X11/Xvfb viewport 32x10
A11Y round 1: labels, roles, focus, disabled actions, expansion, nested input and removal passed
A11Y breadcrumb: labels, link roles, current page announcement, inert actions, assistive and keyboard focus, activation and removal passed
A11Y CSS: reference labels, description, role, focus, pressed update, live announcement and hidden state passed
A11Y checkbox: role, distinct label, mixed/checked/unchecked speech, focus, assistive/keyboard toggles and disabled actions passed
A11Y slider: label, role, focus, numeric bounds, keyboard step and changed value speech passed
A11Y menu family 1: roles, disabled actions, assistive/keyboard focus, nested activation and removal passed
A11Y menu family 2: roles, disabled actions, assistive/keyboard focus, nested activation and removal passed
A11Y menu family 3: roles, disabled actions, assistive/keyboard focus, nested activation and removal passed
A11Y menu family 4: roles, disabled actions, assistive/keyboard focus, nested activation and removal passed
A11Y round 2: simultaneous and successive App isolation, action delivery, exactly-once callbacks and adapter cleanup passed
A11Y 07:52:14.418009 - SPEECH OUTPUT: 'Account preferences accessible label' {'established': False, 'family': {'name': '', 'gender': None, 'lang': 'C', 'dialect': '', 'variant': None}}
A11Y 07:52:14.418992 - SPEECH OUTPUT: 'collapsed button.' {'established': False}
A11Y 07:52:14.605179 - SPEECH OUTPUT: 'Account preferences accessible label' {'established': False, 'family': {'name': '', 'gender': None, 'lang': 'C', 'dialect': '', 'variant': None}}
A11Y 07:52:14.650661 - SPEECH OUTPUT: 'expanded' {'established': False}
A11Y 07:52:14.728954 - SPEECH OUTPUT: 'Nested account entry' {'established': False, 'family': {'name': '', 'gender': None, 'lang': 'C', 'dialect': '', 'variant': None}}
A11Y 07:52:14.804023 - SPEECH OUTPUT: 'Privacy preferences accessible label' {'established': False, 'family': {'name': '', 'gender': None, 'lang': 'C', 'dialect': '', 'variant': None}}
A11Y 07:52:14.804555 - SPEECH OUTPUT: 'collapsed button.' {'established': False}
A11Y 07:52:14.870172 - SPEECH OUTPUT: 'expanded' {'established': False}
A11Y 07:52:14.968795 - SPEECH OUTPUT: 'Account preferences accessible label' {'established': False, 'family': {'name': '', 'gender': None, 'lang': 'C', 'dialect': '', 'variant': None}}
A11Y 07:52:15.055959 - SPEECH OUTPUT: 'Breadcrumb docs accessible label' {'established': False, 'family': {'name': '', 'gender': None, 'lang': 'C', 'dialect': '', 'variant': None}}
A11Y 07:52:15.094034 - SPEECH OUTPUT: 'Breadcrumb home accessible label' {'established': False, 'family': {'name': '', 'gender': None, 'lang': 'C', 'dialect': '', 'variant': None}}
A11Y 07:52:15.169609 - SPEECH OUTPUT: 'Breadcrumb docs accessible label' {'established': False, 'family': {'name': '', 'gender': None, 'lang': 'C', 'dialect': '', 'variant': None}}
A11Y 07:52:15.213149 - SPEECH OUTPUT: 'Breadcrumb current accessible label' {'established': False, 'family': {'name': '', 'gender': None, 'lang': 'C', 'dialect': '', 'variant': None}}
A11Y 07:52:15.213381 - SPEECH OUTPUT: 'static (Current page)' {'established': False}
A11Y 07:52:15.355998 - SPEECH OUTPUT: 'Independent App action' {'established': False, 'family': {'name': '', 'gender': None, 'lang': 'C', 'dialect': '', 'variant': None}}
A11Y 07:52:15.561532 - SPEECH OUTPUT: 'Background calls 1' {'established': False}
A11Y 07:52:15.572183 - SPEECH OUTPUT: 'pressed' {'established': False}
A11Y 07:52:15.622677 - SPEECH OUTPUT: 'Notification preference' {'established': False, 'family': {'name': '', 'gender': None, 'lang': 'C', 'dialect': '', 'variant': None}}
A11Y 07:52:15.622926 - SPEECH OUTPUT: 'check box partially checked.' {'established': False}
A11Y 07:52:15.657941 - SPEECH OUTPUT: 'checked' {'established': False}
A11Y 07:52:15.700908 - SPEECH OUTPUT: 'not checked' {'established': False}
A11Y 07:52:15.874242 - SPEECH OUTPUT: 'Menu file' {'established': False, 'family': {'name': '', 'gender': None, 'lang': 'C', 'dialect': '', 'variant': None}}
A11Y 07:52:15.906782 - SPEECH OUTPUT: 'expanded' {'established': False}
A11Y 07:52:15.960581 - SPEECH OUTPUT: 'Enable notifications' {'established': False, 'family': {'name': '', 'gender': None, 'lang': 'C', 'dialect': '', 'variant': None}}
A11Y 07:52:15.962780 - SPEECH OUTPUT: 'check menu item not checked.' {'established': False}
A11Y 07:52:16.022652 - SPEECH OUTPUT: 'checked' {'established': False}
A11Y 07:52:16.103905 - SPEECH OUTPUT: 'Recent menu' {'established': False, 'family': {'name': '', 'gender': None, 'lang': 'C', 'dialect': '', 'variant': None}}
A11Y 07:52:16.193267 - SPEECH OUTPUT: 'Recent document.' {'established': False, 'family': {'name': '', 'gender': None, 'lang': 'C', 'dialect': '', 'variant': None}}
A11Y 07:52:16.338507 - SPEECH OUTPUT: 'Recent menu' {'established': False, 'family': {'name': '', 'gender': None, 'lang': 'C', 'dialect': '', 'variant': None}}
A11Y 07:52:16.390002 - SPEECH OUTPUT: 'Enable notifications' {'established': False, 'family': {'name': '', 'gender': None, 'lang': 'C', 'dialect': '', 'variant': None}}
A11Y 07:52:16.390250 - SPEECH OUTPUT: 'check menu item not checked.' {'established': False}
A11Y 07:52:16.436478 - SPEECH OUTPUT: 'checked' {'established': False}
A11Y 07:52:16.498386 - SPEECH OUTPUT: 'Recent menu' {'established': False, 'family': {'name': '', 'gender': None, 'lang': 'C', 'dialect': '', 'variant': None}}
A11Y 07:52:16.620180 - SPEECH OUTPUT: 'Recent document.' {'established': False, 'family': {'name': '', 'gender': None, 'lang': 'C', 'dialect': '', 'variant': None}}
A11Y 07:52:16.656497 - SPEECH OUTPUT: 'expanded' {'established': False}
A11Y 07:52:16.711466 - SPEECH OUTPUT: 'Recent menu' {'established': False, 'family': {'name': '', 'gender': None, 'lang': 'C', 'dialect': '', 'variant': None}}
A11Y 07:52:16.796760 - SPEECH OUTPUT: 'Enable notifications' {'established': False, 'family': {'name': '', 'gender': None, 'lang': 'C', 'dialect': '', 'variant': None}}
A11Y 07:52:16.797735 - SPEECH OUTPUT: 'check menu item not checked.' {'established': False}
A11Y 07:52:16.854200 - SPEECH OUTPUT: 'Recent menu' {'established': False, 'family': {'name': '', 'gender': None, 'lang': 'C', 'dialect': '', 'variant': None}}
A11Y 07:52:16.940905 - SPEECH OUTPUT: 'Recent document.' {'established': False, 'family': {'name': '', 'gender': None, 'lang': 'C', 'dialect': '', 'variant': None}}
A11Y 07:52:17.055939 - SPEECH OUTPUT: 'Enable notifications' {'established': False, 'family': {'name': '', 'gender': None, 'lang': 'C', 'dialect': '', 'variant': None}}
A11Y 07:52:17.056192 - SPEECH OUTPUT: 'check menu item not checked.' {'established': False}
A11Y 07:52:17.106212 - SPEECH OUTPUT: 'Recent menu' {'established': False, 'family': {'name': '', 'gender': None, 'lang': 'C', 'dialect': '', 'variant': None}}
A11Y 07:52:17.165011 - SPEECH OUTPUT: 'Enable notifications' {'established': False, 'family': {'name': '', 'gender': None, 'lang': 'C', 'dialect': '', 'variant': None}}
A11Y 07:52:17.165308 - SPEECH OUTPUT: 'check menu item checked.' {'established': False}
A11Y 07:52:17.218564 - SPEECH OUTPUT: 'Recent menu' {'established': False, 'family': {'name': '', 'gender': None, 'lang': 'C', 'dialect': '', 'variant': None}}
A11Y 07:52:17.290182 - SPEECH OUTPUT: 'Recent document' {'established': False, 'family': {'name': '', 'gender': None, 'lang': 'C', 'dialect': '', 'variant': None}}
A11Y 07:52:17.291658 - SPEECH OUTPUT: 'check menu item not checked.' {'established': False}
A11Y 07:52:17.344967 - SPEECH OUTPUT: 'expanded' {'established': False}
A11Y 07:52:17.396592 - SPEECH OUTPUT: 'Background calls 1' {'established': False}
A11Y 07:52:17.426053 - SPEECH OUTPUT: 'Background calls 1' {'established': False}
A11Y 07:52:17.533025 - SPEECH OUTPUT: 'Account preferences accessible label' {'established': False, 'family': {'name': '', 'gender': None, 'lang': 'C', 'dialect': '', 'variant': None}}
A11Y 07:52:17.533401 - SPEECH OUTPUT: 'collapsed button.' {'established': False}
A11Y 07:52:17.585497 - SPEECH OUTPUT: 'expanded' {'established': False}
Orca diagnostic logs: /tmp/rtui-orca-j6v89l3v
