warning: value assigned to `current_width` is never read
   --> src/markdown/converter.rs:249:21
    |
249 |                     current_width = 0;
    |                     ^^^^^^^^^^^^^^^^^
    |
    = help: maybe it is overwritten before being read?
    = note: `#[warn(unused_assignments)]` (part of `#[warn(unused)]`) on by default

warning: `reactive-tui` (lib) generated 1 warning
   Compiling reactive-tui v0.0.7 (/home/shawn/workspace2/reactive-tui)
    Finished `test` profile [unoptimized + debuginfo] target(s) in 0.31s
     Running tests/registry_concurrency.rs (target/debug/deps/registry_concurrency-ac1fa8331022f0ef)

running 1 test
test registry_concurrency_acceptance_pending ... FAILED

failures:

---- registry_concurrency_acceptance_pending stdout ----

thread 'registry_concurrency_acceptance_pending' (4022674) panicked at tests/registry_concurrency.rs:3:5:
Add bounded registry lock and lifecycle regression checks
note: run with `RUST_BACKTRACE=1` environment variable to display a backtrace


failures:
    registry_concurrency_acceptance_pending

test result: FAILED. 0 passed; 1 failed; 0 ignored; 0 measured; 0 filtered out; finished in 0.00s

error: test failed, to rerun pass `--test registry_concurrency`
