    Finished `test` profile [unoptimized + debuginfo] target(s) in 0.10s
     Running unittests src/lib.rs (target/debug/deps/reactive_tui-3b9bd581c091ab71)

running 1 test
test component::registry::tests::test_registry ... ok

test result: ok. 1 passed; 0 failed; 0 ignored; 0 measured; 1002 filtered out; finished in 0.00s

    Finished `test` profile [unoptimized + debuginfo] target(s) in 0.09s
PASS simple_performance_test: 25 concurrent-harness runs
PASS registry_concurrency: 25 concurrent-harness runs
    Finished `test` profile [unoptimized + debuginfo] target(s) in 0.09s
     Running tests/component_macro_integration.rs (target/debug/deps/component_macro_integration-5e84de4c9be4efc2)

running 1 test
test tests::test_component_macro_integration ... ok

test result: ok. 1 passed; 0 failed; 0 ignored; 0 measured; 0 filtered out; finished in 0.00s

     Running tests/component_macro_test.rs (target/debug/deps/component_macro_test-af15a618f395161d)

running 7 tests
test tests::test_component_with_state ... ok
test tests::test_component_with_props ... ok
test tests::test_component_instantiation ... ok
test tests::test_macro_integration_with_existing_system ... ok
test tests::test_component_with_complex_props ... ok
test tests::test_no_props_component ... ok
test tests::test_props_struct_generation ... ok

test result: ok. 7 passed; 0 failed; 0 ignored; 0 measured; 0 filtered out; finished in 0.00s

     Running tests/component_tests.rs (target/debug/deps/component_tests-d659f6cfd1339110)

running 7 tests
test test_component_needs_update ... ok
test test_element_builder_pattern ... ok
test test_component_lifecycle ... ok
test test_element_clone ... ok
test test_element_creation ... ok
test test_element_equality ... ok
test test_lifecycle_phases ... ok

test result: ok. 7 passed; 0 failed; 0 ignored; 0 measured; 0 filtered out; finished in 0.00s

