warning: value assigned to `current_width` is never read
   --> src/markdown/converter.rs:249:21
    |
249 |                     current_width = 0;
    |                     ^^^^^^^^^^^^^^^^^
    |
    = help: maybe it is overwritten before being read?
    = note: `#[warn(unused_assignments)]` (part of `#[warn(unused)]`) on by default

warning: `reactive-tui` (lib test) generated 1 warning
    Finished `test` profile [unoptimized + debuginfo] target(s) in 0.07s
     Running unittests src/lib.rs (target/debug/deps/reactive_tui-82073ab00bfe3025)

running 1 test
test component::registry::tests::test_registry ... ok

test result: ok. 1 passed; 0 failed; 0 ignored; 0 measured; 747 filtered out; finished in 0.00s

   Compiling reactive-tui v0.0.7 (/home/shawn/workspace2/reactive-tui)
    Finished `test` profile [unoptimized + debuginfo] target(s) in 0.55s
PASS simple_performance_test: 25 concurrent-harness runs
PASS registry_concurrency: 25 concurrent-harness runs
warning: value assigned to `current_width` is never read
   --> src/markdown/converter.rs:249:21
    |
249 |                     current_width = 0;
    |                     ^^^^^^^^^^^^^^^^^
    |
    = help: maybe it is overwritten before being read?
    = note: `#[warn(unused_assignments)]` (part of `#[warn(unused)]`) on by default

warning: `reactive-tui` (lib) generated 1 warning
   Compiling reactive-tui v0.0.7 (/home/shawn/workspace2/reactive-tui)
    Finished `test` profile [unoptimized + debuginfo] target(s) in 0.52s
     Running tests/component_macro_integration.rs (target/debug/deps/component_macro_integration-2a76eb1db0be838b)

running 1 test
test tests::test_component_macro_integration ... ok

test result: ok. 1 passed; 0 failed; 0 ignored; 0 measured; 0 filtered out; finished in 0.00s

     Running tests/component_macro_test.rs (target/debug/deps/component_macro_test-c82ed04b6d967071)

running 7 tests
test tests::test_component_with_props ... ok
test tests::test_component_instantiation ... ok
test tests::test_component_with_state ... ok
test tests::test_component_with_complex_props ... ok
test tests::test_macro_integration_with_existing_system ... ok
test tests::test_no_props_component ... ok
test tests::test_props_struct_generation ... ok

test result: ok. 7 passed; 0 failed; 0 ignored; 0 measured; 0 filtered out; finished in 0.00s

     Running tests/component_tests.rs (target/debug/deps/component_tests-78e543986b7087f1)

running 7 tests
test test_component_needs_update ... ok
test test_component_lifecycle ... ok
test test_element_creation ... ok
test test_element_builder_pattern ... ok
test test_element_equality ... ok
test test_lifecycle_phases ... ok
test test_element_clone ... ok

test result: ok. 7 passed; 0 failed; 0 ignored; 0 measured; 0 filtered out; finished in 0.00s

