+ /home/linuxbrew/.linuxbrew/opt/python@3.14/bin/python3.14 -B /home/shawn/workspace2/reactive-tui/verification/api-entry-points/check-harness.py
PASS terminal harness pty-raw-leak
PASS terminal harness eof
PASS terminal harness raw-leak
PASS terminal harness never-drained
PASS terminal harness pty
Terminal harness captures: /home/shawn/workspace2/reactive-tui/.cairn/reviews/api-entry-points/harness-20260913T211133127707Z
TERMINAL_HARNESS_OK
+ cargo test --locked --manifest-path src/backend/crossterm/Cargo.toml --lib --features event-stream readiness_tests -- --test-threads=1
   Compiling autocfg v1.4.0
   Compiling proc-macro2 v1.0.94
   Compiling libc v0.2.171
   Compiling cfg-if v1.0.0
   Compiling value-bag v1.11.1
   Compiling bitflags v2.9.0
   Compiling memchr v2.7.4
   Compiling event-listener v5.4.0
   Compiling event-listener-strategy v0.5.4
   Compiling slab v0.4.9
   Compiling lock_api v0.4.12
   Compiling log v0.4.27
   Compiling rustix v0.38.44
   Compiling parking_lot_core v0.9.10
   Compiling futures-lite v2.6.0
   Compiling linux-raw-sys v0.4.15
   Compiling smallvec v1.15.0
   Compiling tracing-core v0.1.33
   Compiling piper v0.2.4
   Compiling quote v1.0.40
   Compiling async-lock v3.4.0
   Compiling async-channel v2.3.1
   Compiling tracing v0.1.41
   Compiling signal-hook-registry v1.4.2
   Compiling serde v1.0.219
   Compiling syn v2.0.100
   Compiling signal-hook v0.3.17
   Compiling async-executor v1.13.1
   Compiling mio v1.0.3
   Compiling parking_lot v0.12.3
   Compiling blocking v1.6.1
   Compiling sdd v3.0.8
   Compiling event-listener v2.5.3
   Compiling rustix v1.0.5
   Compiling serde_json v1.0.140
   Compiling kv-log-macro v1.0.7
   Compiling socket2 v0.5.9
   Compiling async-channel v1.9.0
   Compiling scc v2.3.3
   Compiling linux-raw-sys v0.9.3
   Compiling litrs v0.4.1
   Compiling futures-macro v0.3.31
   Compiling tokio-macros v2.5.0
   Compiling serial_test_derive v3.2.0
   Compiling futures-util v0.3.31
   Compiling derive_more-impl v2.0.1
   Compiling tokio v1.44.1
   Compiling polling v3.7.4
   Compiling derive_more v2.0.1
   Compiling document-features v0.2.11
   Compiling signal-hook-mio v0.2.4
   Compiling temp-env v0.3.6
   Compiling async-io v2.4.0
   Compiling futures-timer v3.0.3
   Compiling futures-executor v0.3.31
   Compiling async-global-executor v2.4.1
   Compiling futures v0.3.31
   Compiling async-std v1.13.1
   Compiling serial_test v3.2.0
   Compiling crossterm v0.29.0 (/home/shawn/workspace2/reactive-tui/src/backend/crossterm)
    Finished `test` profile [unoptimized + debuginfo] target(s) in 13.91s
     Running unittests src/lib.rs (target/debug/deps/crossterm-c4862d260e041615)

running 3 tests
test event::source::unix::mio::readiness_tests::new_wake_is_harvested_while_a_tty_burst_remains_readable ... ok
test event::source::unix::mio::readiness_tests::one_readiness_edge_retains_a_burst_larger_than_the_read_buffer ... ok
test event::source::unix::mio::readiness_tests::wake_return_preserves_later_readiness_without_another_input_edge ... ok

test result: ok. 3 passed; 0 failed; 0 ignored; 0 measured; 100 filtered out; finished in 0.00s

+ cargo test --locked --test suprtui_renderer --no-run
   Compiling reactive-tui v0.0.7 (/home/shawn/workspace2/reactive-tui)
    Finished `test` profile [unoptimized + debuginfo] target(s) in 19.30s
  Executable tests/suprtui_renderer.rs (target/debug/deps/suprtui_renderer-89a3e350bbc20c7b)
+ cargo build --locked --features ffi --message-format=json-render-diagnostics
   Compiling reactive-tui v0.0.7 (/home/shawn/workspace2/reactive-tui)
warning: ambiguous glob re-exports
  --> src/ffi/mod.rs:94:9
   |
94 | pub use pointer::*;
   |         ^^^^^^^^^^ the name `validate_pointer` in the value namespace is first re-exported here
...
99 | pub use types::*;
   |         -------- but the name `validate_pointer` in the value namespace is also re-exported here
   |
   = note: `#[warn(ambiguous_glob_reexports)]` on by default

warning: unused variable: `width`
  --> src/ffi/lib.rs:85:14
   |
85 |         let (width, height) = renderer_box.dims();
   |              ^^^^^ help: if this is intentional, prefix it with an underscore: `_width`
   |
   = note: `#[warn(unused_variables)]` (part of `#[warn(unused)]`) on by default

warning: function `validate_pointer` is never used
   --> src/ffi/types.rs:182:15
    |
182 | pub(crate) fn validate_pointer<T>(ptr: *const T) -> bool {
    |               ^^^^^^^^^^^^^^^^
    |
    = note: `#[warn(dead_code)]` (part of `#[warn(unused)]`) on by default

warning: function `validate_mut_pointer` is never used
   --> src/ffi/types.rs:187:15
    |
187 | pub(crate) fn validate_mut_pointer<T>(ptr: *mut T) -> bool {
    |               ^^^^^^^^^^^^^^^^^^^^

warning: function `safe_cast` is never used
   --> src/ffi/types.rs:192:22
    |
192 | pub(crate) unsafe fn safe_cast<T, U>(ptr: *mut T) -> Result<*mut U, ReactiveError> {
    |                      ^^^^^^^^^

warning: function `safe_cast_const` is never used
   --> src/ffi/types.rs:206:22
    |
206 | pub(crate) unsafe fn safe_cast_const<T, U>(ptr: *const T) -> Result<*const U, ReactiveError> {
    |                      ^^^^^^^^^^^^^^^

warning: `reactive-tui` (lib) generated 6 warnings (run `cargo fix --lib -p reactive-tui` to apply 1 suggestion)
    Finished `dev` profile [unoptimized + debuginfo] target(s) in 20.07s
+ rustc --edition=2021 /home/shawn/workspace2/reactive-tui/verification/api-entry-points/legacy.rs --extern reactive_tui=/home/shawn/workspace2/reactive-tui/target/debug/libreactive_tui.rlib -L dependency=/home/shawn/workspace2/reactive-tui/target/debug/deps -o /home/shawn/workspace2/reactive-tui/target/api-entry-points-vlagwhy8/legacy --test
+ rustc --edition=2021 /home/shawn/workspace2/reactive-tui/verification/api-entry-points/host.rs --extern reactive_tui=/home/shawn/workspace2/reactive-tui/target/debug/libreactive_tui.rlib -L dependency=/home/shawn/workspace2/reactive-tui/target/debug/deps -o /home/shawn/workspace2/reactive-tui/target/api-entry-points-vlagwhy8/host
+ rustc --edition=2021 /home/shawn/workspace2/reactive-tui/verification/api-entry-points/manual.rs --extern reactive_tui=/home/shawn/workspace2/reactive-tui/target/debug/libreactive_tui.rlib -L dependency=/home/shawn/workspace2/reactive-tui/target/debug/deps -o /home/shawn/workspace2/reactive-tui/target/api-entry-points-vlagwhy8/manual
+ rustc --edition=2021 /home/shawn/workspace2/reactive-tui/verification/api-entry-points/screen.rs --extern vt100=/home/shawn/workspace2/reactive-tui/target/debug/deps/libvt100-e7285824268f2a5d.rlib -L dependency=/home/shawn/workspace2/reactive-tui/target/debug/deps -o /home/shawn/workspace2/reactive-tui/target/api-entry-points-vlagwhy8/screen
+ rustc --edition=2021 /home/shawn/workspace2/reactive-tui/verification/api-entry-points/input-burst.rs --extern crossterm=/home/shawn/workspace2/reactive-tui/target/debug/deps/libcrossterm-07bf015b9d65a5c8.rlib -L dependency=/home/shawn/workspace2/reactive-tui/target/debug/deps -o /home/shawn/workspace2/reactive-tui/target/api-entry-points-vlagwhy8/input-burst
+ /home/shawn/workspace2/reactive-tui/target/api-entry-points-vlagwhy8/legacy --test-threads=1

running 5 tests
test debug_app_routes_input_using_its_painted_component_geometry ... ok
test debug_frames_preserve_graphemes_and_publish_geometry_only_after_present ... ok
test initial_frame_uses_the_actual_root_insertion ... ok
test patch_present_root_and_shutdown_errors_are_returned ... ok
test unchanged_update_reorder_and_removal_use_the_last_presented_tree ... ok

test result: ok. 5 passed; 0 failed; 0 ignored; 0 measured; 0 filtered out; finished in 0.11s

PASS Rust suprtui (32, 8): paint, input, Unicode, update, reorder, removal, resize, exit and restoration
PASS Rust suprtui (48, 12): paint, input, Unicode, update, reorder, removal, resize, error and restoration
PASS Rust crossterm (32, 8): paint, input, Unicode, update, reorder, removal, resize, exit and restoration
PASS Rust crossterm (48, 12): paint, input, Unicode, update, reorder, removal, resize, error and restoration
PASS Rust crossterm-surface (32, 8): paint, input, Unicode, update, reorder, removal, resize, exit and restoration
PASS Rust crossterm-surface (48, 12): paint, input, Unicode, update, reorder, removal, resize, error and restoration
PASS Rust direct (32, 8): paint, input, Unicode, update, reorder, removal, resize, exit and restoration
PASS Rust direct (48, 12): paint, input, Unicode, update, reorder, removal, resize, error and restoration
PASS manual crossterm: patches/options, input batch or clone ownership, cleanup
PASS manual direct: patches/options, input batch or clone ownership, cleanup
PASS manual unix: patches/options, input batch or clone ownership, cleanup
BURST_DELIVERY fully-queued initially_queued=2048 total_sent=2048
PASS public Crossterm: 2048 bytes, exhausted zero-timeout poll and restoration
+ cc -std=c11 -Wall -Wextra -Werror -Iinclude /home/shawn/workspace2/reactive-tui/verification/api-entry-points/native.c -L/home/shawn/workspace2/reactive-tui/target/debug -Wl,-rpath,/home/shawn/workspace2/reactive-tui/target/debug -lreactive_tui -o /home/shawn/workspace2/reactive-tui/target/api-entry-points-vlagwhy8/native
PASS C SuprTUI (32, 8): app, callback ownership and restoration
PASS C SuprTUI (48, 12): app, callback ownership and restoration
PASS C SuprTUI (32, 8): missing-root, callback ownership and restoration
PASS C SuprTUI (32, 8): reselect, callback ownership and restoration
Terminal captures: /home/shawn/workspace2/reactive-tui/.cairn/reviews/api-entry-points/20260913T211229Z
All public entry-point workflows passed
