+ cargo build --locked --features ffi
   Compiling reactive-tui v0.0.7 (/home/shawn/workspace2/reactive-tui)
warning: ambiguous glob re-exports
  --> src/ffi/mod.rs:94:9
   |
94 | pub use pointer::*;
   |         ^^^^^^^^^^ the name `validate_pointer` in the value namespace is first re-exported here
...
99 | pub use types::*;
   |         -------- but the name `validate_pointer` in the value namespace is also re-exported here
   |
   = note: `#[warn(ambiguous_glob_reexports)]` on by default

warning: unused variable: `width`
  --> src/ffi/lib.rs:85:14
   |
85 |         let (width, height) = renderer_box.dims();
   |              ^^^^^ help: if this is intentional, prefix it with an underscore: `_width`
   |
   = note: `#[warn(unused_variables)]` (part of `#[warn(unused)]`) on by default

warning: function `validate_pointer` is never used
   --> src/ffi/types.rs:182:15
    |
182 | pub(crate) fn validate_pointer<T>(ptr: *const T) -> bool {
    |               ^^^^^^^^^^^^^^^^
    |
    = note: `#[warn(dead_code)]` (part of `#[warn(unused)]`) on by default

warning: function `validate_mut_pointer` is never used
   --> src/ffi/types.rs:187:15
    |
187 | pub(crate) fn validate_mut_pointer<T>(ptr: *mut T) -> bool {
    |               ^^^^^^^^^^^^^^^^^^^^

warning: function `safe_cast` is never used
   --> src/ffi/types.rs:192:22
    |
192 | pub(crate) unsafe fn safe_cast<T, U>(ptr: *mut T) -> Result<*mut U, ReactiveError> {
    |                      ^^^^^^^^^

warning: function `safe_cast_const` is never used
   --> src/ffi/types.rs:206:22
    |
206 | pub(crate) unsafe fn safe_cast_const<T, U>(ptr: *const T) -> Result<*const U, ReactiveError> {
    |                      ^^^^^^^^^^^^^^^

warning: `reactive-tui` (lib) generated 6 warnings (run `cargo fix --lib -p reactive-tui` to apply 1 suggestion)
    Finished `dev` profile [unoptimized + debuginfo] target(s) in 14.95s
+ cargo test --locked --test suprtui_renderer --no-run
   Compiling reactive-tui v0.0.7 (/home/shawn/workspace2/reactive-tui)
    Finished `test` profile [unoptimized + debuginfo] target(s) in 15.72s
  Executable tests/suprtui_renderer.rs (target/debug/deps/suprtui_renderer-1b9324f5f644a38e)
+ rustc --edition=2021 /home/shawn/workspace2/reactive-tui/verification/api-entry-points/legacy.rs --extern reactive_tui=/home/shawn/workspace2/reactive-tui/target/debug/libreactive_tui.rlib -L dependency=/home/shawn/workspace2/reactive-tui/target/debug/deps -o /home/shawn/workspace2/reactive-tui/target/api-entry-points-xz7himj0/legacy --test
+ rustc --edition=2021 /home/shawn/workspace2/reactive-tui/verification/api-entry-points/host.rs --extern reactive_tui=/home/shawn/workspace2/reactive-tui/target/debug/libreactive_tui.rlib -L dependency=/home/shawn/workspace2/reactive-tui/target/debug/deps -o /home/shawn/workspace2/reactive-tui/target/api-entry-points-xz7himj0/host
+ rustc --edition=2021 /home/shawn/workspace2/reactive-tui/verification/api-entry-points/manual.rs --extern reactive_tui=/home/shawn/workspace2/reactive-tui/target/debug/libreactive_tui.rlib -L dependency=/home/shawn/workspace2/reactive-tui/target/debug/deps -o /home/shawn/workspace2/reactive-tui/target/api-entry-points-xz7himj0/manual
+ rustc --edition=2021 /home/shawn/workspace2/reactive-tui/verification/api-entry-points/screen.rs --extern vt100=/home/shawn/workspace2/reactive-tui/target/debug/deps/libvt100-e7285824268f2a5d.rlib -L dependency=/home/shawn/workspace2/reactive-tui/target/debug/deps -o /home/shawn/workspace2/reactive-tui/target/api-entry-points-xz7himj0/screen
+ /home/shawn/workspace2/reactive-tui/target/api-entry-points-xz7himj0/legacy --test-threads=1

running 5 tests
test debug_app_routes_input_using_its_painted_component_geometry ... ok
test debug_frames_preserve_graphemes_and_publish_geometry_only_after_present ... ok
test initial_frame_uses_the_actual_root_insertion ... ok
test patch_present_root_and_shutdown_errors_are_returned ... ok
test unchanged_update_reorder_and_removal_use_the_last_presented_tree ... ok

test result: ok. 5 passed; 0 failed; 0 ignored; 0 measured; 0 filtered out; finished in 0.11s

PASS Rust suprtui (32, 8): paint, input, Unicode, update, reorder, removal, resize, exit and restoration
PASS Rust suprtui (48, 12): paint, input, Unicode, update, reorder, removal, resize, error and restoration
FAIL Rust crossterm (32, 8): entry point did not paint 'state empty clicks1'; screen='state reversed clicks1                          \nActivate                                        \nsize 48 12                                      \né界👩\u200d                                           \nSouth                                           \nNorth                                           \n                                                \n                                                \n                                                \n                                                \n                                                \n                                                '; output=b'[48;2;0;0;0m \x1b[12;5H\x1b[0m\x1b[38;2;255;255;255m\x1b[48;2;0;0;0m \x1b[12;6H\x1b[0m\x1b[38;2;255;255;255m\x1b[48;2;0;0;0m \x1b[12;7H\x1b[0m\x1b[38;2;255;255;255m\x1b[48;2;0;0;0m \x1b[12;8H\x1b[0m\x1b[38;2;255;255;255m\x1b[48;2;0;0;0m \x1b[12;9H\x1b[0m\x1b[38;2;255;255;255m\x1b[48;2;0;0;0m \x1b[12;10H\x1b[0m\x1b[38;2;255;255;255m\x1b[48;2;0;0;0m \x1b[12;11H\x1b[0m\x1b[38;2;255;255;255m\x1b[48;2;0;0;0m \x1b[12;12H\x1b[0m\x1b[38;2;255;255;255m\x1b[48;2;0;0;0m \x1b[12;13H\x1b[0m\x1b[38;2;255;255;255m\x1b[48;2;0;0;0m \x1b[12;14H\x1b[0m\x1b[38;2;255;255;255m\x1b[48;2;0;0;0m \x1b[12;15H\x1b[0m\x1b[38;2;255;255;255m\x1b[48;2;0;0;0m \x1b[12;16H\x1b[0m\x1b[38;2;255;255;255m\x1b[48;2;0;0;0m \x1b[12;17H\x1b[0m\x1b[38;2;255;255;255m\x1b[48;2;0;0;0m \x1b[12;18H\x1b[0m\x1b[38;2;255;255;255m\x1b[48;2;0;0;0m \x1b[12;19H\x1b[0m\x1b[38;2;255;255;255m\x1b[48;2;0;0;0m \x1b[12;20H\x1b[0m\x1b[38;2;255;255;255m\x1b[48;2;0;0;0m \x1b[12;21H\x1b[0m\x1b[38;2;255;255;255m\x1b[48;2;0;0;0m \x1b[12;22H\x1b[0m\x1b[38;2;255;255;255m\x1b[48;2;0;0;0m \x1b[12;23H\x1b[0m\x1b[38;2;255;255;255m\x1b[48;2;0;0;0m \x1b[12;24H\x1b[0m\x1b[38;2;255;255;255m\x1b[48;2;0;0;0m \x1b[12;25H\x1b[0m\x1b[38;2;255;255;255m\x1b[48;2;0;0;0m \x1b[12;26H\x1b[0m\x1b[38;2;255;255;255m\x1b[48;2;0;0;0m \x1b[12;27H\x1b[0m\x1b[38;2;255;255;255m\x1b[48;2;0;0;0m \x1b[12;28H\x1b[0m\x1b[38;2;255;255;255m\x1b[48;2;0;0;0m \x1b[12;29H\x1b[0m\x1b[38;2;255;255;255m\x1b[48;2;0;0;0m \x1b[12;30H\x1b[0m\x1b[38;2;255;255;255m\x1b[48;2;0;0;0m \x1b[12;31H\x1b[0m\x1b[38;2;255;255;255m\x1b[48;2;0;0;0m \x1b[12;32H\x1b[0m\x1b[38;2;255;255;255m\x1b[48;2;0;0;0m \x1b[12;33H\x1b[0m\x1b[38;2;255;255;255m\x1b[48;2;0;0;0m \x1b[12;34H\x1b[0m\x1b[38;2;255;255;255m\x1b[48;2;0;0;0m \x1b[12;35H\x1b[0m\x1b[38;2;255;255;255m\x1b[48;2;0;0;0m \x1b[12;36H\x1b[0m\x1b[38;2;255;255;255m\x1b[48;2;0;0;0m \x1b[12;37H\x1b[0m\x1b[38;2;255;255;255m\x1b[48;2;0;0;0m \x1b[12;38H\x1b[0m\x1b[38;2;255;255;255m\x1b[48;2;0;0;0m \x1b[12;39H\x1b[0m\x1b[38;2;255;255;255m\x1b[48;2;0;0;0m \x1b[12;40H\x1b[0m\x1b[38;2;255;255;255m\x1b[48;2;0;0;0m \x1b[12;41H\x1b[0m\x1b[38;2;255;255;255m\x1b[48;2;0;0;0m \x1b[12;42H\x1b[0m\x1b[38;2;255;255;255m\x1b[48;2;0;0;0m \x1b[12;43H\x1b[0m\x1b[38;2;255;255;255m\x1b[48;2;0;0;0m \x1b[12;44H\x1b[0m\x1b[38;2;255;255;255m\x1b[48;2;0;0;0m \x1b[12;45H\x1b[0m\x1b[38;2;255;255;255m\x1b[48;2;0;0;0m \x1b[12;46H\x1b[0m\x1b[38;2;255;255;255m\x1b[48;2;0;0;0m \x1b[12;47H\x1b[0m\x1b[38;2;255;255;255m\x1b[48;2;0;0;0m \x1b[12;48H\x1b[0m\x1b[38;2;255;255;255m\x1b[48;2;0;0;0m \x1b[0m\x1b[?2026l'
PASS Rust crossterm (48, 12): paint, input, Unicode, update, reorder, removal, resize, error and restoration
PASS Rust crossterm-surface (32, 8): paint, input, Unicode, update, reorder, removal, resize, exit and restoration
PASS Rust crossterm-surface (48, 12): paint, input, Unicode, update, reorder, removal, resize, error and restoration
PASS Rust direct (32, 8): paint, input, Unicode, update, reorder, removal, resize, exit and restoration
PASS Rust direct (48, 12): paint, input, Unicode, update, reorder, removal, resize, error and restoration
PASS manual crossterm: patches/options, input batch or clone ownership, cleanup
PASS manual direct: patches/options, input batch or clone ownership, cleanup
PASS manual unix: patches/options, input batch or clone ownership, cleanup
+ cc -std=c11 -Wall -Wextra -Werror -Iinclude /home/shawn/workspace2/reactive-tui/verification/api-entry-points/native.c -L/home/shawn/workspace2/reactive-tui/target/debug -Wl,-rpath,/home/shawn/workspace2/reactive-tui/target/debug -lreactive_tui -o /home/shawn/workspace2/reactive-tui/target/api-entry-points-xz7himj0/native
PASS C SuprTUI (32, 8): app, callback ownership and restoration
PASS C SuprTUI (48, 12): app, callback ownership and restoration
PASS C SuprTUI (32, 8): missing-root, callback ownership and restoration
PASS C SuprTUI (32, 8): reselect, callback ownership and restoration
Terminal captures: /home/shawn/workspace2/reactive-tui/.cairn/reviews/api-entry-points/20260913T050421Z
Entry-point failures: Rust crossterm (32, 8)
