   Compiling autocfg v1.4.0
   Compiling proc-macro2 v1.0.94
   Compiling libc v0.2.171
   Compiling cfg-if v1.0.0
   Compiling value-bag v1.11.1
   Compiling bitflags v2.9.0
   Compiling memchr v2.7.4
   Compiling event-listener v5.4.0
   Compiling event-listener-strategy v0.5.4
   Compiling slab v0.4.9
   Compiling lock_api v0.4.12
   Compiling log v0.4.27
   Compiling rustix v0.38.44
   Compiling parking_lot_core v0.9.10
   Compiling futures-lite v2.6.0
   Compiling linux-raw-sys v0.4.15
   Compiling smallvec v1.15.0
   Compiling tracing-core v0.1.33
   Compiling piper v0.2.4
   Compiling quote v1.0.40
   Compiling async-lock v3.4.0
   Compiling async-channel v2.3.1
   Compiling tracing v0.1.41
   Compiling signal-hook-registry v1.4.2
   Compiling serde v1.0.219
   Compiling syn v2.0.100
   Compiling signal-hook v0.3.17
   Compiling async-executor v1.13.1
   Compiling mio v1.0.3
   Compiling parking_lot v0.12.3
   Compiling blocking v1.6.1
   Compiling sdd v3.0.8
   Compiling event-listener v2.5.3
   Compiling rustix v1.0.5
   Compiling serde_json v1.0.140
   Compiling kv-log-macro v1.0.7
   Compiling socket2 v0.5.9
   Compiling async-channel v1.9.0
   Compiling scc v2.3.3
   Compiling linux-raw-sys v0.9.3
   Compiling litrs v0.4.1
   Compiling futures-macro v0.3.31
   Compiling tokio-macros v2.5.0
   Compiling serial_test_derive v3.2.0
   Compiling futures-util v0.3.31
   Compiling derive_more-impl v2.0.1
   Compiling tokio v1.44.1
   Compiling polling v3.7.4
   Compiling derive_more v2.0.1
   Compiling document-features v0.2.11
   Compiling signal-hook-mio v0.2.4
   Compiling temp-env v0.3.6
   Compiling async-io v2.4.0
   Compiling futures-timer v3.0.3
   Compiling futures-executor v0.3.31
   Compiling async-global-executor v2.4.1
   Compiling futures v0.3.31
   Compiling async-std v1.13.1
   Compiling serial_test v3.2.0
   Compiling crossterm v0.29.0 (/home/shawn/workspace2/reactive-tui/src/backend/crossterm)
    Finished `test` profile [unoptimized + debuginfo] target(s) in 13.91s
     Running unittests src/lib.rs (target/debug/deps/crossterm-c4862d260e041615)
   Compiling reactive-tui v0.0.7 (/home/shawn/workspace2/reactive-tui)
    Finished `test` profile [unoptimized + debuginfo] target(s) in 19.30s
  Executable tests/suprtui_renderer.rs (target/debug/deps/suprtui_renderer-89a3e350bbc20c7b)
   Compiling reactive-tui v0.0.7 (/home/shawn/workspace2/reactive-tui)
warning: ambiguous glob re-exports
  --> src/ffi/mod.rs:94:9
   |
94 | pub use pointer::*;
   |         ^^^^^^^^^^ the name `validate_pointer` in the value namespace is first re-exported here
...
99 | pub use types::*;
   |         -------- but the name `validate_pointer` in the value namespace is also re-exported here
   |
   = note: `#[warn(ambiguous_glob_reexports)]` on by default

warning: unused variable: `width`
  --> src/ffi/lib.rs:85:14
   |
85 |         let (width, height) = renderer_box.dims();
   |              ^^^^^ help: if this is intentional, prefix it with an underscore: `_width`
   |
   = note: `#[warn(unused_variables)]` (part of `#[warn(unused)]`) on by default

warning: function `validate_pointer` is never used
   --> src/ffi/types.rs:182:15
    |
182 | pub(crate) fn validate_pointer<T>(ptr: *const T) -> bool {
    |               ^^^^^^^^^^^^^^^^
    |
    = note: `#[warn(dead_code)]` (part of `#[warn(unused)]`) on by default

warning: function `validate_mut_pointer` is never used
   --> src/ffi/types.rs:187:15
    |
187 | pub(crate) fn validate_mut_pointer<T>(ptr: *mut T) -> bool {
    |               ^^^^^^^^^^^^^^^^^^^^

warning: function `safe_cast` is never used
   --> src/ffi/types.rs:192:22
    |
192 | pub(crate) unsafe fn safe_cast<T, U>(ptr: *mut T) -> Result<*mut U, ReactiveError> {
    |                      ^^^^^^^^^

warning: function `safe_cast_const` is never used
   --> src/ffi/types.rs:206:22
    |
206 | pub(crate) unsafe fn safe_cast_const<T, U>(ptr: *const T) -> Result<*const U, ReactiveError> {
    |                      ^^^^^^^^^^^^^^^

warning: `reactive-tui` (lib) generated 6 warnings (run `cargo fix --lib -p reactive-tui` to apply 1 suggestion)
    Finished `dev` profile [unoptimized + debuginfo] target(s) in 20.07s
