+ cargo build --locked --features ffi
   Compiling reactive-tui v0.0.7 (/home/shawn/workspace2/reactive-tui)
warning: ambiguous glob re-exports
  --> src/ffi/mod.rs:94:9
   |
94 | pub use pointer::*;
   |         ^^^^^^^^^^ the name `validate_pointer` in the value namespace is first re-exported here
...
99 | pub use types::*;
   |         -------- but the name `validate_pointer` in the value namespace is also re-exported here
   |
   = note: `#[warn(ambiguous_glob_reexports)]` on by default

warning: unused variable: `width`
  --> src/ffi/lib.rs:85:14
   |
85 |         let (width, height) = renderer_box.dims();
   |              ^^^^^ help: if this is intentional, prefix it with an underscore: `_width`
   |
   = note: `#[warn(unused_variables)]` (part of `#[warn(unused)]`) on by default

warning: function `validate_pointer` is never used
   --> src/ffi/types.rs:182:15
    |
182 | pub(crate) fn validate_pointer<T>(ptr: *const T) -> bool {
    |               ^^^^^^^^^^^^^^^^
    |
    = note: `#[warn(dead_code)]` (part of `#[warn(unused)]`) on by default

warning: function `validate_mut_pointer` is never used
   --> src/ffi/types.rs:187:15
    |
187 | pub(crate) fn validate_mut_pointer<T>(ptr: *mut T) -> bool {
    |               ^^^^^^^^^^^^^^^^^^^^

warning: function `safe_cast` is never used
   --> src/ffi/types.rs:192:22
    |
192 | pub(crate) unsafe fn safe_cast<T, U>(ptr: *mut T) -> Result<*mut U, ReactiveError> {
    |                      ^^^^^^^^^

warning: function `safe_cast_const` is never used
   --> src/ffi/types.rs:206:22
    |
206 | pub(crate) unsafe fn safe_cast_const<T, U>(ptr: *const T) -> Result<*const U, ReactiveError> {
    |                      ^^^^^^^^^^^^^^^

warning: `reactive-tui` (lib) generated 6 warnings (run `cargo fix --lib -p reactive-tui` to apply 1 suggestion)
    Finished `dev` profile [unoptimized + debuginfo] target(s) in 15.34s
+ cargo test --locked --test suprtui_renderer --no-run
   Compiling reactive-tui v0.0.7 (/home/shawn/workspace2/reactive-tui)
    Finished `test` profile [unoptimized + debuginfo] target(s) in 15.32s
  Executable tests/suprtui_renderer.rs (target/debug/deps/suprtui_renderer-1b9324f5f644a38e)
+ rustc --edition=2021 /home/shawn/workspace2/reactive-tui/verification/api-entry-points/legacy.rs --extern reactive_tui=/home/shawn/workspace2/reactive-tui/target/debug/libreactive_tui.rlib -L dependency=/home/shawn/workspace2/reactive-tui/target/debug/deps -o /home/shawn/workspace2/reactive-tui/target/api-entry-points-dxsvbbrr/legacy --test
+ rustc --edition=2021 /home/shawn/workspace2/reactive-tui/verification/api-entry-points/host.rs --extern reactive_tui=/home/shawn/workspace2/reactive-tui/target/debug/libreactive_tui.rlib -L dependency=/home/shawn/workspace2/reactive-tui/target/debug/deps -o /home/shawn/workspace2/reactive-tui/target/api-entry-points-dxsvbbrr/host
+ rustc --edition=2021 /home/shawn/workspace2/reactive-tui/verification/api-entry-points/manual.rs --extern reactive_tui=/home/shawn/workspace2/reactive-tui/target/debug/libreactive_tui.rlib -L dependency=/home/shawn/workspace2/reactive-tui/target/debug/deps -o /home/shawn/workspace2/reactive-tui/target/api-entry-points-dxsvbbrr/manual
+ rustc --edition=2021 /home/shawn/workspace2/reactive-tui/verification/api-entry-points/screen.rs --extern vt100=/home/shawn/workspace2/reactive-tui/target/debug/deps/libvt100-e7285824268f2a5d.rlib -L dependency=/home/shawn/workspace2/reactive-tui/target/debug/deps -o /home/shawn/workspace2/reactive-tui/target/api-entry-points-dxsvbbrr/screen
+ /home/shawn/workspace2/reactive-tui/target/api-entry-points-dxsvbbrr/legacy --test-threads=1

running 5 tests
test debug_app_routes_input_using_its_painted_component_geometry ... ok
test debug_frames_preserve_graphemes_and_publish_geometry_only_after_present ... ok
test initial_frame_uses_the_actual_root_insertion ... ok
test patch_present_root_and_shutdown_errors_are_returned ... ok
test unchanged_update_reorder_and_removal_use_the_last_presented_tree ... ok

test result: ok. 5 passed; 0 failed; 0 ignored; 0 measured; 0 filtered out; finished in 0.11s

PASS Rust suprtui (32, 8): paint, input, Unicode, update, reorder, removal, resize, exit and restoration
PASS Rust suprtui (48, 12): paint, input, Unicode, update, reorder, removal, resize, error and restoration
PASS Rust crossterm (32, 8): paint, input, Unicode, update, reorder, removal, resize, exit and restoration
PASS Rust crossterm (48, 12): paint, input, Unicode, update, reorder, removal, resize, error and restoration
PASS Rust crossterm-surface (32, 8): paint, input, Unicode, update, reorder, removal, resize, exit and restoration
PASS Rust crossterm-surface (48, 12): paint, input, Unicode, update, reorder, removal, resize, error and restoration
PASS Rust direct (32, 8): paint, input, Unicode, update, reorder, removal, resize, exit and restoration
PASS Rust direct (48, 12): paint, input, Unicode, update, reorder, removal, resize, error and restoration
PASS manual crossterm: patches/options, input batch or clone ownership, cleanup
PASS manual direct: patches/options, input batch or clone ownership, cleanup
PASS manual unix: patches/options, input batch or clone ownership, cleanup
+ cc -std=c11 -Wall -Wextra -Werror -Iinclude /home/shawn/workspace2/reactive-tui/verification/api-entry-points/native.c -L/home/shawn/workspace2/reactive-tui/target/debug -Wl,-rpath,/home/shawn/workspace2/reactive-tui/target/debug -lreactive_tui -o /home/shawn/workspace2/reactive-tui/target/api-entry-points-dxsvbbrr/native
PASS C SuprTUI (32, 8): app, callback ownership and restoration
PASS C SuprTUI (48, 12): app, callback ownership and restoration
PASS C SuprTUI (32, 8): missing-root, callback ownership and restoration
PASS C SuprTUI (32, 8): reselect, callback ownership and restoration
Terminal captures: /home/shawn/workspace2/reactive-tui/.cairn/reviews/api-entry-points/20260913T034140Z
All public entry-point workflows passed
